17:11:26  start: -suite dev -keys street -values multi -sizes 4096,16384,212449 -minprocs 6 -maxprocs 12 -memn 262144 -memrounds 3 -out C:\temp\bench-win\real-u64-street
17:13:49  street multi n=4096: 1 processes done; the first stage is at least 6
17:16:16  street multi n=4096: 2 processes done; the first stage is at least 6
17:18:40  street multi n=4096: 3 processes done; the first stage is at least 6
17:21:04  street multi n=4096: 4 processes done; the first stage is at least 6
17:23:34  street multi n=4096: 5 processes done; the first stage is at least 6
17:25:59  street multi n=4096: first stage of 6 processes done; build ordered map-sets needs 21 processes for its interval, run in whole pairs of processes (at most 12)
17:25:59  street multi n=4096: 6 processes done; 2 of 15 comparisons not yet within the interval asked for; widest ±6.5 pts: build ordered hashed
17:28:27  street multi n=4096: 7 processes done; 2 of 15 comparisons not yet within the interval asked for; widest ±6.0 pts: build ordered hashed
17:30:53  street multi n=4096: 8 processes done; 1 of 15 comparisons not yet within the interval asked for; widest ±4.7 pts: build ordered map-sets
17:33:13  street multi n=4096: 9 processes done; 1 of 15 comparisons not yet within the interval asked for; widest ±4.4 pts: build ordered map-sets
17:35:30  street multi n=4096: 10 processes done; 1 of 15 comparisons not yet within the interval asked for; widest ±4.2 pts: build ordered map-sets
17:37:55  street multi n=4096: 11 processes done; 1 of 15 comparisons not yet within the interval asked for; widest ±4.0 pts: build ordered map-sets
17:40:23  street multi n=4096: 12 processes done; 1 of 15 comparisons not yet within the interval asked for; widest ±3.8 pts: build ordered map-sets
17:40:23  warning: street multi n=4096 stopped after 12 processes, before every interval was as precise as asked
17:43:50  street multi n=16384: 1 processes done; the first stage is at least 6
17:47:18  street multi n=16384: 2 processes done; the first stage is at least 6
17:50:45  street multi n=16384: 3 processes done; the first stage is at least 6
17:54:19  street multi n=16384: 4 processes done; the first stage is at least 6
17:57:57  street multi n=16384: 5 processes done; the first stage is at least 6
18:01:22  street multi n=16384: first stage of 6 processes done; build ordered map-sets needs 7 processes for its interval, run in whole pairs of processes (at most 12)
18:01:22  street multi n=16384: 6 processes done; 1 of 15 comparisons not yet within the interval asked for; widest ±5.0 pts: build ordered map-sets
18:04:54  street multi n=16384: 7 processes done; 0 of 15 comparisons not yet within the interval asked for
18:08:19  street multi n=16384: 8 processes done; 0 of 15 comparisons not yet within the interval asked for
18:08:45  street multi n=212449: 1 processes done; the first stage is at least 6
18:09:10  street multi n=212449: 2 processes done; the first stage is at least 6
18:09:36  street multi n=212449: 3 processes done; the first stage is at least 6
18:10:02  street multi n=212449: 4 processes done; the first stage is at least 6
18:10:28  street multi n=212449: 5 processes done; the first stage is at least 6
18:10:55  street multi n=212449: first stage of 6 processes done; valuesFor ordered map-sets needs 39 processes for its interval, run in whole pairs of processes (at most 12)
18:10:55  street multi n=212449: 6 processes done; 1 of 8 comparisons not yet within the interval asked for; widest ±5.1 pts: valuesFor ordered map-sets
18:11:21  street multi n=212449: 7 processes done; 1 of 8 comparisons not yet within the interval asked for; widest ±4.7 pts: valuesFor ordered map-sets
18:11:47  street multi n=212449: 8 processes done; 1 of 8 comparisons not yet within the interval asked for; widest ±4.4 pts: valuesFor ordered map-sets
18:12:13  street multi n=212449: 9 processes done; 1 of 8 comparisons not yet within the interval asked for; widest ±4.2 pts: valuesFor ordered map-sets
18:12:39  street multi n=212449: 10 processes done; 1 of 8 comparisons not yet within the interval asked for; widest ±3.9 pts: valuesFor ordered map-sets
18:13:05  street multi n=212449: 11 processes done; 1 of 8 comparisons not yet within the interval asked for; widest ±3.8 pts: valuesFor ordered map-sets
18:13:30  street multi n=212449: 12 processes done; 1 of 8 comparisons not yet within the interval asked for; widest ±3.6 pts: valuesFor ordered map-sets
18:13:30  warning: street multi n=212449 stopped after 12 processes, before every interval was as precise as asked
18:13:33  memory round 1 of 3 done
18:13:36  memory round 2 of 3 done
18:13:38  memory round 3 of 3 done
18:13:38  done after 1h2m12s
