11:47:40  start: -suite dev -keys dirs -values single-value -sizes 4096,16384,86215 -vs baseline,btree-map -minprocs 6 -maxprocs 8 -memn 262144 -memrounds 3 -out C:\temp\bench-win\sk-dirs-single
11:47:55  dirs single-value n=4096: 1 processes done; the first stage is at least 6
11:48:11  dirs single-value n=4096: 2 processes done; the first stage is at least 6
11:48:26  dirs single-value n=4096: 3 processes done; the first stage is at least 6
11:48:41  dirs single-value n=4096: 4 processes done; the first stage is at least 6
11:48:57  dirs single-value n=4096: 5 processes done; the first stage is at least 6
11:49:12  dirs single-value n=4096: first stage of 6 processes done; valuesFor ordered btree-map needs 23 processes for its interval, run in whole pairs of processes (at most 8)
11:49:12  dirs single-value n=4096: 6 processes done; 2 of 10 comparisons not yet within the interval asked for; widest ±3.9 pts: valuesFor ordered btree-map
11:49:27  dirs single-value n=4096: 7 processes done; 2 of 10 comparisons not yet within the interval asked for; widest ±3.6 pts: valuesFor ordered btree-map
11:49:43  dirs single-value n=4096: 8 processes done; 2 of 10 comparisons not yet within the interval asked for; widest ±3.4 pts: valuesFor ordered btree-map
11:49:43  warning: dirs single-value n=4096 stopped after 8 processes, before every interval was as precise as asked
11:50:04  dirs single-value n=16384: 1 processes done; the first stage is at least 6
11:50:25  dirs single-value n=16384: 2 processes done; the first stage is at least 6
11:50:47  dirs single-value n=16384: 3 processes done; the first stage is at least 6
11:51:08  dirs single-value n=16384: 4 processes done; the first stage is at least 6
11:51:29  dirs single-value n=16384: 5 processes done; the first stage is at least 6
11:51:51  dirs single-value n=16384: first stage of 6 processes done; churn ordered btree-map needs 27 processes for its interval, run in whole pairs of processes (at most 8)
11:51:51  dirs single-value n=16384: 6 processes done; 3 of 10 comparisons not yet within the interval asked for; widest ±4.2 pts: churn ordered btree-map
11:52:12  dirs single-value n=16384: 7 processes done; 3 of 10 comparisons not yet within the interval asked for; widest ±3.9 pts: churn ordered btree-map
11:52:33  dirs single-value n=16384: 8 processes done; 3 of 10 comparisons not yet within the interval asked for; widest ±3.6 pts: churn ordered btree-map
11:52:33  warning: dirs single-value n=16384 stopped after 8 processes, before every interval was as precise as asked
11:52:54  dirs single-value n=86215: 1 processes done; the first stage is at least 6
11:53:16  dirs single-value n=86215: 2 processes done; the first stage is at least 6
11:53:37  dirs single-value n=86215: 3 processes done; the first stage is at least 6
11:53:58  dirs single-value n=86215: 4 processes done; the first stage is at least 6
11:54:18  dirs single-value n=86215: 5 processes done; the first stage is at least 6
11:54:40  dirs single-value n=86215: first stage of 6 processes done; valuesFor ordered btree-map needs 39 processes for its interval, run in whole pairs of processes (at most 8)
11:54:40  dirs single-value n=86215: 6 processes done; 3 of 8 comparisons not yet within the interval asked for; widest ±16.0 pts: valuesBetween ordered btree-map
11:55:01  dirs single-value n=86215: 7 processes done; 3 of 8 comparisons not yet within the interval asked for; widest ±14.8 pts: valuesBetween ordered btree-map
11:55:22  dirs single-value n=86215: 8 processes done; 3 of 8 comparisons not yet within the interval asked for; widest ±13.9 pts: valuesBetween ordered btree-map
11:55:22  warning: dirs single-value n=86215 stopped after 8 processes, before every interval was as precise as asked
11:55:24  memory round 1 of 3 done
11:55:26  memory round 2 of 3 done
11:55:28  memory round 3 of 3 done
11:55:28  done after 7m48s
