14:04:28  start: -suite dev -keys street,dirs,links,url -values natural,single-value -sizes 4096,16384,65536 -ops valuesFor,valuesBetween,churn,build -memn 262144 -memrounds 3 -vs baseline,btree-sets,btree-map -minprocs 4 -maxprocs 8 -out /var/folders/0l/vcs81wv15fz2hx942wfs7x9h0000gn/T//arm-run.B3HxIs/out/bench-out
14:04:40  street natural n=4096: 1 processes done; the first stage is at least 4
14:04:51  street natural n=4096: 2 processes done; the first stage is at least 4
14:05:03  street natural n=4096: 3 processes done; the first stage is at least 4
14:05:15  street natural n=4096: first stage of 4 processes done; valuesFor ordered baseline needs 9 processes for its interval, run in whole pairs of processes (at most 8)
14:05:15  street natural n=4096: 4 processes done; 1 of 8 comparisons not yet within the interval asked for; widest ±3.4 pts: valuesFor ordered baseline
14:05:27  street natural n=4096: 5 processes done; 1 of 8 comparisons not yet within the interval asked for; widest ±3.1 pts: valuesFor ordered baseline
14:05:38  street natural n=4096: 6 processes done; 1 of 8 comparisons not yet within the interval asked for; widest ±2.8 pts: valuesFor ordered baseline
14:05:50  street natural n=4096: 7 processes done; 1 of 8 comparisons not yet within the interval asked for; widest ±2.6 pts: valuesFor ordered baseline
14:06:02  street natural n=4096: 8 processes done; 1 of 8 comparisons not yet within the interval asked for; widest ±2.4 pts: valuesFor ordered baseline
14:06:02  warning: street natural n=4096 stopped after 8 processes, before every interval was as precise as asked
14:06:26  street natural n=16384: 1 processes done; the first stage is at least 4
14:06:51  street natural n=16384: 2 processes done; the first stage is at least 4
14:07:15  street natural n=16384: 3 processes done; the first stage is at least 4
14:07:40  street natural n=16384: first stage of 4 processes done; valuesFor ordered baseline needs 30 processes for its interval, run in whole pairs of processes (at most 8)
14:07:40  street natural n=16384: 4 processes done; 2 of 8 comparisons not yet within the interval asked for; widest ±5.4 pts: valuesFor ordered baseline
14:08:04  street natural n=16384: 5 processes done; 2 of 8 comparisons not yet within the interval asked for; widest ±4.8 pts: valuesFor ordered baseline
14:08:31  street natural n=16384: 6 processes done; 2 of 8 comparisons not yet within the interval asked for; widest ±4.4 pts: valuesFor ordered baseline
14:08:56  street natural n=16384: 7 processes done; 1 of 8 comparisons not yet within the interval asked for; widest ±4.1 pts: valuesFor ordered baseline
14:09:22  street natural n=16384: 8 processes done; 1 of 8 comparisons not yet within the interval asked for; widest ±3.8 pts: valuesFor ordered baseline
14:09:22  warning: street natural n=16384 stopped after 8 processes, before every interval was as precise as asked
14:11:32  street natural n=65536: 1 processes done; the first stage is at least 4
14:13:36  street natural n=65536: 2 processes done; the first stage is at least 4
14:15:21  street natural n=65536: 3 processes done; the first stage is at least 4
14:17:06  street natural n=65536: first stage of 4 processes done; churn ordered baseline needs 256 processes for its interval, run in whole pairs of processes (at most 8)
14:17:06  street natural n=65536: 4 processes done; 3 of 8 comparisons not yet within the interval asked for; widest ±16.0 pts: churn ordered baseline
14:18:51  street natural n=65536: 5 processes done; 3 of 8 comparisons not yet within the interval asked for; widest ±14.3 pts: churn ordered baseline
14:20:36  street natural n=65536: 6 processes done; 3 of 8 comparisons not yet within the interval asked for; widest ±13.0 pts: churn ordered baseline
14:22:22  street natural n=65536: 7 processes done; 3 of 8 comparisons not yet within the interval asked for; widest ±12.1 pts: churn ordered baseline
14:24:06  street natural n=65536: 8 processes done; 3 of 8 comparisons not yet within the interval asked for; widest ±11.3 pts: churn ordered baseline
14:24:06  warning: street natural n=65536 stopped after 8 processes, before every interval was as precise as asked
14:24:21  dirs natural n=4096: 1 processes done; the first stage is at least 4
14:24:35  dirs natural n=4096: 2 processes done; the first stage is at least 4
14:24:49  dirs natural n=4096: 3 processes done; the first stage is at least 4
14:25:03  dirs natural n=4096: first stage of 4 processes done; no comparison needs 4 processes for its interval, run in whole pairs of processes (at most 8)
14:25:03  dirs natural n=4096: 4 processes done; 0 of 8 comparisons not yet within the interval asked for
14:25:39  dirs natural n=16384: 1 processes done; the first stage is at least 4
14:26:15  dirs natural n=16384: 2 processes done; the first stage is at least 4
14:26:50  dirs natural n=16384: 3 processes done; the first stage is at least 4
14:27:26  dirs natural n=16384: first stage of 4 processes done; churn ordered baseline needs 45 processes for its interval, run in whole pairs of processes (at most 8)
14:27:26  dirs natural n=16384: 4 processes done; 3 of 8 comparisons not yet within the interval asked for; widest ±6.6 pts: churn ordered baseline
14:28:01  dirs natural n=16384: 5 processes done; 3 of 8 comparisons not yet within the interval asked for; widest ±5.9 pts: churn ordered baseline
14:28:37  dirs natural n=16384: 6 processes done; 3 of 8 comparisons not yet within the interval asked for; widest ±5.4 pts: churn ordered baseline
14:29:13  dirs natural n=16384: 7 processes done; 3 of 8 comparisons not yet within the interval asked for; widest ±5.0 pts: churn ordered baseline
14:29:48  dirs natural n=16384: 8 processes done; 2 of 8 comparisons not yet within the interval asked for; widest ±4.7 pts: churn ordered baseline
14:29:48  warning: dirs natural n=16384 stopped after 8 processes, before every interval was as precise as asked
14:32:51  dirs natural n=65536: 1 processes done; the first stage is at least 4
14:35:53  dirs natural n=65536: 2 processes done; the first stage is at least 4
14:39:02  dirs natural n=65536: 3 processes done; the first stage is at least 4
14:42:17  dirs natural n=65536: first stage of 4 processes done; build ordered baseline needs 71 processes for its interval, run in whole pairs of processes (at most 8)
14:42:17  dirs natural n=65536: 4 processes done; 2 of 8 comparisons not yet within the interval asked for; widest ±8.4 pts: build ordered baseline
14:46:04  dirs natural n=65536: 5 processes done; 2 of 8 comparisons not yet within the interval asked for; widest ±7.5 pts: build ordered baseline
14:49:12  dirs natural n=65536: 6 processes done; 2 of 8 comparisons not yet within the interval asked for; widest ±6.8 pts: build ordered baseline
14:52:15  dirs natural n=65536: 7 processes done; 2 of 8 comparisons not yet within the interval asked for; widest ±6.3 pts: build ordered baseline
14:55:19  dirs natural n=65536: 8 processes done; 2 of 8 comparisons not yet within the interval asked for; widest ±5.9 pts: build ordered baseline
14:55:19  warning: dirs natural n=65536 stopped after 8 processes, before every interval was as precise as asked
14:56:22  links natural n=4096: 1 processes done; the first stage is at least 4
14:57:23  links natural n=4096: 2 processes done; the first stage is at least 4
14:58:24  links natural n=4096: 3 processes done; the first stage is at least 4
14:59:26  links natural n=4096: first stage of 4 processes done; churn ordered baseline needs 7 processes for its interval, run in whole pairs of processes (at most 8)
14:59:26  links natural n=4096: 4 processes done; 1 of 8 comparisons not yet within the interval asked for; widest ±4.3 pts: churn ordered baseline
15:00:27  links natural n=4096: 5 processes done; 1 of 8 comparisons not yet within the interval asked for; widest ±3.8 pts: churn ordered baseline
15:01:29  links natural n=4096: 6 processes done; 1 of 8 comparisons not yet within the interval asked for; widest ±3.5 pts: churn ordered baseline
15:02:30  links natural n=4096: 7 processes done; 1 of 8 comparisons not yet within the interval asked for; widest ±3.2 pts: churn ordered baseline
15:03:31  links natural n=4096: 8 processes done; 0 of 8 comparisons not yet within the interval asked for
15:08:56  links natural n=16384: 1 processes done; the first stage is at least 4
15:14:20  links natural n=16384: 2 processes done; the first stage is at least 4
15:19:51  links natural n=16384: 3 processes done; the first stage is at least 4
15:26:14  links natural n=16384: first stage of 4 processes done; churn ordered baseline needs 237 processes for its interval, run in whole pairs of processes (at most 8)
15:26:14  links natural n=16384: 4 processes done; 1 of 8 comparisons not yet within the interval asked for; widest ±15.4 pts: churn ordered baseline
15:31:38  links natural n=16384: 5 processes done; 1 of 8 comparisons not yet within the interval asked for; widest ±13.8 pts: churn ordered baseline
15:37:19  links natural n=16384: 6 processes done; 1 of 8 comparisons not yet within the interval asked for; widest ±12.6 pts: churn ordered baseline
15:43:28  links natural n=16384: 7 processes done; 1 of 8 comparisons not yet within the interval asked for; widest ±11.6 pts: churn ordered baseline
15:48:52  links natural n=16384: 8 processes done; 1 of 8 comparisons not yet within the interval asked for; widest ±10.9 pts: churn ordered baseline
15:48:52  warning: links natural n=16384 stopped after 8 processes, before every interval was as precise as asked
16:26:16  links natural n=65536: 1 processes done; the first stage is at least 4
17:03:28  links natural n=65536: 2 processes done; the first stage is at least 4
17:41:58  links natural n=65536: 3 processes done; the first stage is at least 4
18:19:13  links natural n=65536: first stage of 4 processes done; no comparison needs 4 processes for its interval, run in whole pairs of processes (at most 8)
18:19:13  links natural n=65536: 4 processes done; 0 of 8 comparisons not yet within the interval asked for
18:19:30  url natural n=4096: 1 processes done; the first stage is at least 4
18:19:47  url natural n=4096: 2 processes done; the first stage is at least 4
18:20:04  url natural n=4096: 3 processes done; the first stage is at least 4
18:20:21  url natural n=4096: first stage of 4 processes done; churn ordered baseline needs 7 processes for its interval, run in whole pairs of processes (at most 8)
18:20:21  url natural n=4096: 4 processes done; 1 of 8 comparisons not yet within the interval asked for; widest ±4.8 pts: churn ordered baseline
18:20:38  url natural n=4096: 5 processes done; 1 of 8 comparisons not yet within the interval asked for; widest ±4.3 pts: churn ordered baseline
18:20:55  url natural n=4096: 6 processes done; 1 of 8 comparisons not yet within the interval asked for; widest ±3.9 pts: churn ordered baseline
18:21:12  url natural n=4096: 7 processes done; 1 of 8 comparisons not yet within the interval asked for; widest ±3.6 pts: churn ordered baseline
18:21:29  url natural n=4096: 8 processes done; 0 of 8 comparisons not yet within the interval asked for
18:22:22  url natural n=16384: 1 processes done; the first stage is at least 4
18:23:14  url natural n=16384: 2 processes done; the first stage is at least 4
18:24:06  url natural n=16384: 3 processes done; the first stage is at least 4
18:24:58  url natural n=16384: first stage of 4 processes done; churn ordered baseline needs 6 processes for its interval, run in whole pairs of processes (at most 8)
18:24:58  url natural n=16384: 4 processes done; 1 of 8 comparisons not yet within the interval asked for; widest ±2.3 pts: churn ordered baseline
18:25:50  url natural n=16384: 5 processes done; 1 of 8 comparisons not yet within the interval asked for; widest ±2.0 pts: churn ordered baseline
18:26:43  url natural n=16384: 6 processes done; 0 of 8 comparisons not yet within the interval asked for
18:31:59  url natural n=65536: 1 processes done; the first stage is at least 4
18:37:13  url natural n=65536: 2 processes done; the first stage is at least 4
18:42:28  url natural n=65536: 3 processes done; the first stage is at least 4
18:47:49  url natural n=65536: first stage of 4 processes done; valuesFor ordered baseline needs 33 processes for its interval, run in whole pairs of processes (at most 8)
18:47:49  url natural n=65536: 4 processes done; 2 of 8 comparisons not yet within the interval asked for; widest ±5.7 pts: valuesFor ordered baseline
18:53:08  url natural n=65536: 5 processes done; 2 of 8 comparisons not yet within the interval asked for; widest ±5.1 pts: valuesFor ordered baseline
18:58:23  url natural n=65536: 6 processes done; 2 of 8 comparisons not yet within the interval asked for; widest ±4.6 pts: valuesFor ordered baseline
19:03:47  url natural n=65536: 7 processes done; 2 of 8 comparisons not yet within the interval asked for; widest ±4.3 pts: valuesFor ordered baseline
19:10:03  url natural n=65536: 8 processes done; 2 of 8 comparisons not yet within the interval asked for; widest ±4.0 pts: valuesFor ordered baseline
19:10:03  warning: url natural n=65536 stopped after 8 processes, before every interval was as precise as asked
19:10:12  street single-value n=4096: 1 processes done; the first stage is at least 4
19:10:22  street single-value n=4096: 2 processes done; the first stage is at least 4
19:10:31  street single-value n=4096: 3 processes done; the first stage is at least 4
19:10:41  street single-value n=4096: first stage of 4 processes done; build ordered btree-map needs 16 processes for its interval, run in whole pairs of processes (at most 8)
19:10:41  street single-value n=4096: 4 processes done; 1 of 8 comparisons not yet within the interval asked for; widest ±3.9 pts: build ordered btree-map
19:10:51  street single-value n=4096: 5 processes done; 1 of 8 comparisons not yet within the interval asked for; widest ±3.5 pts: build ordered btree-map
19:11:00  street single-value n=4096: 6 processes done; 1 of 8 comparisons not yet within the interval asked for; widest ±3.2 pts: build ordered btree-map
19:11:10  street single-value n=4096: 7 processes done; 1 of 8 comparisons not yet within the interval asked for; widest ±3.0 pts: build ordered btree-map
19:11:19  street single-value n=4096: 8 processes done; 1 of 8 comparisons not yet within the interval asked for; widest ±2.8 pts: build ordered btree-map
19:11:19  warning: street single-value n=4096 stopped after 8 processes, before every interval was as precise as asked
19:11:34  street single-value n=16384: 1 processes done; the first stage is at least 4
19:11:48  street single-value n=16384: 2 processes done; the first stage is at least 4
19:12:02  street single-value n=16384: 3 processes done; the first stage is at least 4
19:12:16  street single-value n=16384: first stage of 4 processes done; valuesFor ordered baseline needs 31 processes for its interval, run in whole pairs of processes (at most 8)
19:12:16  street single-value n=16384: 4 processes done; 2 of 8 comparisons not yet within the interval asked for; widest ±5.5 pts: valuesFor ordered baseline
19:12:30  street single-value n=16384: 5 processes done; 2 of 8 comparisons not yet within the interval asked for; widest ±4.9 pts: valuesFor ordered baseline
19:12:44  street single-value n=16384: 6 processes done; 2 of 8 comparisons not yet within the interval asked for; widest ±4.5 pts: valuesFor ordered baseline
19:12:58  street single-value n=16384: 7 processes done; 2 of 8 comparisons not yet within the interval asked for; widest ±4.2 pts: valuesFor ordered baseline
19:13:12  street single-value n=16384: 8 processes done; 2 of 8 comparisons not yet within the interval asked for; widest ±3.9 pts: valuesFor ordered baseline
19:13:12  warning: street single-value n=16384 stopped after 8 processes, before every interval was as precise as asked
19:13:49  street single-value n=65536: 1 processes done; the first stage is at least 4
19:14:26  street single-value n=65536: 2 processes done; the first stage is at least 4
19:15:02  street single-value n=65536: 3 processes done; the first stage is at least 4
19:15:39  street single-value n=65536: first stage of 4 processes done; valuesFor ordered baseline needs 15 processes for its interval, run in whole pairs of processes (at most 8)
19:15:39  street single-value n=65536: 4 processes done; 1 of 8 comparisons not yet within the interval asked for; widest ±3.9 pts: valuesFor ordered baseline
19:16:16  street single-value n=65536: 5 processes done; 1 of 8 comparisons not yet within the interval asked for; widest ±3.5 pts: valuesFor ordered baseline
19:16:53  street single-value n=65536: 6 processes done; 1 of 8 comparisons not yet within the interval asked for; widest ±3.2 pts: valuesFor ordered baseline
19:17:30  street single-value n=65536: 7 processes done; 1 of 8 comparisons not yet within the interval asked for; widest ±2.9 pts: valuesFor ordered baseline
19:18:07  street single-value n=65536: 8 processes done; 1 of 8 comparisons not yet within the interval asked for; widest ±2.7 pts: valuesFor ordered baseline
19:18:07  warning: street single-value n=65536 stopped after 8 processes, before every interval was as precise as asked
19:18:17  dirs single-value n=4096: 1 processes done; the first stage is at least 4
19:18:28  dirs single-value n=4096: 2 processes done; the first stage is at least 4
19:18:38  dirs single-value n=4096: 3 processes done; the first stage is at least 4
19:18:48  dirs single-value n=4096: first stage of 4 processes done; valuesFor ordered btree-map needs 14 processes for its interval, run in whole pairs of processes (at most 8)
19:18:48  dirs single-value n=4096: 4 processes done; 1 of 8 comparisons not yet within the interval asked for; widest ±3.6 pts: valuesFor ordered btree-map
19:18:59  dirs single-value n=4096: 5 processes done; 1 of 8 comparisons not yet within the interval asked for; widest ±3.2 pts: valuesFor ordered btree-map
19:19:09  dirs single-value n=4096: 6 processes done; 1 of 8 comparisons not yet within the interval asked for; widest ±3.0 pts: valuesFor ordered btree-map
19:19:19  dirs single-value n=4096: 7 processes done; 1 of 8 comparisons not yet within the interval asked for; widest ±2.7 pts: valuesFor ordered btree-map
19:19:30  dirs single-value n=4096: 8 processes done; 1 of 8 comparisons not yet within the interval asked for; widest ±2.6 pts: valuesFor ordered btree-map
19:19:30  warning: dirs single-value n=4096 stopped after 8 processes, before every interval was as precise as asked
19:19:47  dirs single-value n=16384: 1 processes done; the first stage is at least 4
19:20:03  dirs single-value n=16384: 2 processes done; the first stage is at least 4
19:20:20  dirs single-value n=16384: 3 processes done; the first stage is at least 4
19:20:37  dirs single-value n=16384: first stage of 4 processes done; churn ordered baseline needs 5 processes for its interval, run in whole pairs of processes (at most 8)
19:20:37  dirs single-value n=16384: 4 processes done; 1 of 8 comparisons not yet within the interval asked for; widest ±2.1 pts: churn ordered baseline
19:20:54  dirs single-value n=16384: 5 processes done; 0 of 8 comparisons not yet within the interval asked for
19:21:11  dirs single-value n=16384: 6 processes done; 0 of 8 comparisons not yet within the interval asked for
19:22:03  dirs single-value n=65536: 1 processes done; the first stage is at least 4
19:22:54  dirs single-value n=65536: 2 processes done; the first stage is at least 4
19:23:46  dirs single-value n=65536: 3 processes done; the first stage is at least 4
19:24:37  dirs single-value n=65536: first stage of 4 processes done; valuesFor ordered baseline needs 226 processes for its interval, run in whole pairs of processes (at most 8)
19:24:37  dirs single-value n=65536: 4 processes done; 5 of 8 comparisons not yet within the interval asked for; widest ±23.4 pts: valuesBetween ordered btree-map
19:25:28  dirs single-value n=65536: 5 processes done; 5 of 8 comparisons not yet within the interval asked for; widest ±21.0 pts: valuesBetween ordered btree-map
19:26:20  dirs single-value n=65536: 6 processes done; 4 of 8 comparisons not yet within the interval asked for; widest ±19.1 pts: valuesBetween ordered btree-map
19:27:12  dirs single-value n=65536: 7 processes done; 3 of 8 comparisons not yet within the interval asked for; widest ±17.7 pts: valuesBetween ordered btree-map
19:28:03  dirs single-value n=65536: 8 processes done; 3 of 8 comparisons not yet within the interval asked for; widest ±16.6 pts: valuesBetween ordered btree-map
19:28:03  warning: dirs single-value n=65536 stopped after 8 processes, before every interval was as precise as asked
19:28:17  links single-value n=4096: 1 processes done; the first stage is at least 4
19:28:31  links single-value n=4096: 2 processes done; the first stage is at least 4
19:28:46  links single-value n=4096: 3 processes done; the first stage is at least 4
19:29:00  links single-value n=4096: first stage of 4 processes done; no comparison needs 4 processes for its interval, run in whole pairs of processes (at most 8)
19:29:00  links single-value n=4096: 4 processes done; 0 of 8 comparisons not yet within the interval asked for
19:29:19  links single-value n=16384: 1 processes done; the first stage is at least 4
19:29:38  links single-value n=16384: 2 processes done; the first stage is at least 4
19:29:57  links single-value n=16384: 3 processes done; the first stage is at least 4
19:30:16  links single-value n=16384: first stage of 4 processes done; churn ordered baseline needs 42 processes for its interval, run in whole pairs of processes (at most 8)
19:30:16  links single-value n=16384: 4 processes done; 2 of 8 comparisons not yet within the interval asked for; widest ±6.5 pts: churn ordered baseline
19:30:35  links single-value n=16384: 5 processes done; 2 of 8 comparisons not yet within the interval asked for; widest ±5.8 pts: churn ordered baseline
19:30:54  links single-value n=16384: 6 processes done; 2 of 8 comparisons not yet within the interval asked for; widest ±5.3 pts: churn ordered baseline
19:31:13  links single-value n=16384: 7 processes done; 2 of 8 comparisons not yet within the interval asked for; widest ±4.9 pts: churn ordered baseline
19:31:32  links single-value n=16384: 8 processes done; 2 of 8 comparisons not yet within the interval asked for; widest ±4.6 pts: churn ordered baseline
19:31:32  warning: links single-value n=16384 stopped after 8 processes, before every interval was as precise as asked
19:32:14  links single-value n=65536: 1 processes done; the first stage is at least 4
19:32:55  links single-value n=65536: 2 processes done; the first stage is at least 4
19:33:38  links single-value n=65536: 3 processes done; the first stage is at least 4
19:34:19  links single-value n=65536: first stage of 4 processes done; churn ordered baseline needs 42 processes for its interval, run in whole pairs of processes (at most 8)
19:34:19  links single-value n=65536: 4 processes done; 2 of 8 comparisons not yet within the interval asked for; widest ±6.5 pts: churn ordered baseline
19:35:01  links single-value n=65536: 5 processes done; 2 of 8 comparisons not yet within the interval asked for; widest ±5.8 pts: churn ordered baseline
19:35:42  links single-value n=65536: 6 processes done; 2 of 8 comparisons not yet within the interval asked for; widest ±5.3 pts: churn ordered baseline
19:36:24  links single-value n=65536: 7 processes done; 2 of 8 comparisons not yet within the interval asked for; widest ±4.9 pts: churn ordered baseline
19:37:06  links single-value n=65536: 8 processes done; 2 of 8 comparisons not yet within the interval asked for; widest ±4.6 pts: churn ordered baseline
19:37:06  warning: links single-value n=65536 stopped after 8 processes, before every interval was as precise as asked
19:37:15  url single-value n=4096: 1 processes done; the first stage is at least 4
19:37:24  url single-value n=4096: 2 processes done; the first stage is at least 4
19:37:33  url single-value n=4096: 3 processes done; the first stage is at least 4
19:37:43  url single-value n=4096: first stage of 4 processes done; no comparison needs 4 processes for its interval, run in whole pairs of processes (at most 8)
19:37:43  url single-value n=4096: 4 processes done; 0 of 8 comparisons not yet within the interval asked for
19:37:58  url single-value n=16384: 1 processes done; the first stage is at least 4
19:38:13  url single-value n=16384: 2 processes done; the first stage is at least 4
19:38:29  url single-value n=16384: 3 processes done; the first stage is at least 4
19:38:44  url single-value n=16384: first stage of 4 processes done; churn ordered baseline needs 59 processes for its interval, run in whole pairs of processes (at most 8)
19:38:44  url single-value n=16384: 4 processes done; 1 of 8 comparisons not yet within the interval asked for; widest ±7.7 pts: churn ordered baseline
19:39:00  url single-value n=16384: 5 processes done; 1 of 8 comparisons not yet within the interval asked for; widest ±6.9 pts: churn ordered baseline
19:39:15  url single-value n=16384: 6 processes done; 1 of 8 comparisons not yet within the interval asked for; widest ±6.3 pts: churn ordered baseline
19:39:31  url single-value n=16384: 7 processes done; 1 of 8 comparisons not yet within the interval asked for; widest ±5.8 pts: churn ordered baseline
19:39:46  url single-value n=16384: 8 processes done; 1 of 8 comparisons not yet within the interval asked for; widest ±5.4 pts: churn ordered baseline
19:39:46  warning: url single-value n=16384 stopped after 8 processes, before every interval was as precise as asked
19:40:36  url single-value n=65536: 1 processes done; the first stage is at least 4
19:41:27  url single-value n=65536: 2 processes done; the first stage is at least 4
19:42:17  url single-value n=65536: 3 processes done; the first stage is at least 4
19:43:07  url single-value n=65536: first stage of 4 processes done; valuesFor ordered baseline needs 27 processes for its interval, run in whole pairs of processes (at most 8)
19:43:07  url single-value n=65536: 4 processes done; 5 of 8 comparisons not yet within the interval asked for; widest ±16.1 pts: valuesBetween ordered btree-map
19:43:57  url single-value n=65536: 5 processes done; 5 of 8 comparisons not yet within the interval asked for; widest ±14.4 pts: valuesBetween ordered btree-map
19:44:47  url single-value n=65536: 6 processes done; 5 of 8 comparisons not yet within the interval asked for; widest ±13.1 pts: valuesBetween ordered btree-map
19:45:37  url single-value n=65536: 7 processes done; 4 of 8 comparisons not yet within the interval asked for; widest ±12.1 pts: valuesBetween ordered btree-map
19:46:28  url single-value n=65536: 8 processes done; 3 of 8 comparisons not yet within the interval asked for; widest ±11.4 pts: valuesBetween ordered btree-map
19:46:28  warning: url single-value n=65536 stopped after 8 processes, before every interval was as precise as asked
19:47:11  memory round 1 of 3 done
19:47:54  memory round 2 of 3 done
19:48:37  memory round 3 of 3 done
19:48:37  done after 5h44m9s
