22:44:13  start: -suite dev -keys u64,street,dirs,url -values natural,single-value -sizes 4096,16384,65536 -ops valuesFor,valuesBetween,churn,build -memn 262144 -memrounds 3 -vs baseline,btree-sets,btree-map,ordered-mk1,ordered-mk2,ordered-mk4 -minprocs 4 -maxprocs 8 -out /var/folders/0l/vcs81wv15fz2hx942wfs7x9h0000gn/T//arm-run.FdGK2X/out/bench-out
22:44:43  u64 natural n=4096: 1 processes done; the first stage is at least 4
22:45:14  u64 natural n=4096: 2 processes done; the first stage is at least 4
22:45:44  u64 natural n=4096: 3 processes done; the first stage is at least 4
22:46:14  u64 natural n=4096: first stage of 4 processes done; valuesBetween ordered ordered-mk1 needs 12 processes for its interval, run in whole pairs of processes (at most 8)
22:46:14  u64 natural n=4096: 4 processes done; 1 of 20 comparisons not yet within the interval asked for; widest ±3.4 pts: valuesBetween ordered ordered-mk1
22:46:44  u64 natural n=4096: 5 processes done; 1 of 20 comparisons not yet within the interval asked for; widest ±3.1 pts: valuesBetween ordered ordered-mk1
22:47:14  u64 natural n=4096: 6 processes done; 1 of 20 comparisons not yet within the interval asked for; widest ±2.8 pts: valuesBetween ordered ordered-mk1
22:47:44  u64 natural n=4096: 7 processes done; 1 of 20 comparisons not yet within the interval asked for; widest ±2.6 pts: valuesBetween ordered ordered-mk1
22:48:14  u64 natural n=4096: 8 processes done; 1 of 20 comparisons not yet within the interval asked for; widest ±2.4 pts: valuesBetween ordered ordered-mk1
22:48:14  warning: u64 natural n=4096 stopped after 8 processes, before every interval was as precise as asked
22:49:24  u64 natural n=16384: 1 processes done; the first stage is at least 4
22:50:35  u64 natural n=16384: 2 processes done; the first stage is at least 4
22:51:46  u64 natural n=16384: 3 processes done; the first stage is at least 4
22:52:56  u64 natural n=16384: first stage of 4 processes done; valuesFor ordered baseline needs 31 processes for its interval, run in whole pairs of processes (at most 8)
22:52:56  u64 natural n=16384: 4 processes done; 8 of 20 comparisons not yet within the interval asked for; widest ±7.8 pts: churn ordered baseline
22:54:06  u64 natural n=16384: 5 processes done; 5 of 20 comparisons not yet within the interval asked for; widest ±7.0 pts: churn ordered baseline
22:55:12  u64 natural n=16384: 6 processes done; 5 of 20 comparisons not yet within the interval asked for; widest ±6.4 pts: churn ordered baseline
22:56:17  u64 natural n=16384: 7 processes done; 5 of 20 comparisons not yet within the interval asked for; widest ±5.9 pts: churn ordered baseline
22:57:22  u64 natural n=16384: 8 processes done; 5 of 20 comparisons not yet within the interval asked for; widest ±5.5 pts: churn ordered baseline
22:57:22  warning: u64 natural n=16384 stopped after 8 processes, before every interval was as precise as asked
23:03:18  u64 natural n=65536: 1 processes done; the first stage is at least 4
23:09:18  u64 natural n=65536: 2 processes done; the first stage is at least 4
23:15:11  u64 natural n=65536: 3 processes done; the first stage is at least 4
23:21:07  u64 natural n=65536: first stage of 4 processes done; churn ordered ordered-mk1 needs 228 processes for its interval, run in whole pairs of processes (at most 8)
23:21:07  u64 natural n=65536: 4 processes done; 9 of 20 comparisons not yet within the interval asked for; widest ±16.6 pts: churn ordered baseline
23:27:06  u64 natural n=65536: 5 processes done; 8 of 20 comparisons not yet within the interval asked for; widest ±14.9 pts: churn ordered baseline
23:33:09  u64 natural n=65536: 6 processes done; 8 of 20 comparisons not yet within the interval asked for; widest ±13.6 pts: churn ordered baseline
23:39:05  u64 natural n=65536: 7 processes done; 7 of 20 comparisons not yet within the interval asked for; widest ±12.6 pts: churn ordered baseline
23:45:04  u64 natural n=65536: 8 processes done; 7 of 20 comparisons not yet within the interval asked for; widest ±11.8 pts: churn ordered baseline
23:45:04  warning: u64 natural n=65536 stopped after 8 processes, before every interval was as precise as asked
23:45:33  street natural n=4096: 1 processes done; the first stage is at least 4
23:46:02  street natural n=4096: 2 processes done; the first stage is at least 4
23:46:31  street natural n=4096: 3 processes done; the first stage is at least 4
23:46:59  street natural n=4096: first stage of 4 processes done; valuesFor ordered ordered-mk4 needs 50 processes for its interval, run in whole pairs of processes (at most 8)
23:46:59  street natural n=4096: 4 processes done; 2 of 20 comparisons not yet within the interval asked for; widest ±7.0 pts: valuesFor ordered ordered-mk4
23:47:28  street natural n=4096: 5 processes done; 1 of 20 comparisons not yet within the interval asked for; widest ±6.3 pts: valuesFor ordered ordered-mk4
23:47:57  street natural n=4096: 6 processes done; 1 of 20 comparisons not yet within the interval asked for; widest ±5.7 pts: valuesFor ordered ordered-mk4
23:48:26  street natural n=4096: 7 processes done; 1 of 20 comparisons not yet within the interval asked for; widest ±5.3 pts: valuesFor ordered ordered-mk4
23:48:55  street natural n=4096: 8 processes done; 1 of 20 comparisons not yet within the interval asked for; widest ±5.0 pts: valuesFor ordered ordered-mk4
23:48:55  warning: street natural n=4096 stopped after 8 processes, before every interval was as precise as asked
23:49:55  street natural n=16384: 1 processes done; the first stage is at least 4
23:50:55  street natural n=16384: 2 processes done; the first stage is at least 4
23:51:55  street natural n=16384: 3 processes done; the first stage is at least 4
23:52:56  street natural n=16384: first stage of 4 processes done; churn ordered baseline needs 37 processes for its interval, run in whole pairs of processes (at most 8)
23:52:56  street natural n=16384: 4 processes done; 4 of 20 comparisons not yet within the interval asked for; widest ±10.4 pts: churn ordered baseline
23:53:56  street natural n=16384: 5 processes done; 4 of 20 comparisons not yet within the interval asked for; widest ±9.3 pts: churn ordered baseline
23:54:56  street natural n=16384: 6 processes done; 4 of 20 comparisons not yet within the interval asked for; widest ±8.5 pts: churn ordered baseline
23:55:56  street natural n=16384: 7 processes done; 3 of 20 comparisons not yet within the interval asked for; widest ±7.9 pts: churn ordered baseline
23:56:56  street natural n=16384: 8 processes done; 3 of 20 comparisons not yet within the interval asked for; widest ±7.4 pts: churn ordered baseline
23:56:56  warning: street natural n=16384 stopped after 8 processes, before every interval was as precise as asked
00:01:15  street natural n=65536: 1 processes done; the first stage is at least 4
00:05:31  street natural n=65536: 2 processes done; the first stage is at least 4
00:09:47  street natural n=65536: 3 processes done; the first stage is at least 4
00:14:01  street natural n=65536: first stage of 4 processes done; churn ordered ordered-mk1 needs 53 processes for its interval, run in whole pairs of processes (at most 8)
00:14:01  street natural n=65536: 4 processes done; 5 of 20 comparisons not yet within the interval asked for; widest ±7.2 pts: churn ordered ordered-mk1
00:18:16  street natural n=65536: 5 processes done; 5 of 20 comparisons not yet within the interval asked for; widest ±6.5 pts: churn ordered ordered-mk1
00:22:33  street natural n=65536: 6 processes done; 5 of 20 comparisons not yet within the interval asked for; widest ±5.9 pts: churn ordered ordered-mk1
00:26:49  street natural n=65536: 7 processes done; 5 of 20 comparisons not yet within the interval asked for; widest ±5.5 pts: churn ordered ordered-mk1
00:31:05  street natural n=65536: 8 processes done; 5 of 20 comparisons not yet within the interval asked for; widest ±5.1 pts: churn ordered ordered-mk1
00:31:05  warning: street natural n=65536 stopped after 8 processes, before every interval was as precise as asked
00:31:41  dirs natural n=4096: 1 processes done; the first stage is at least 4
00:32:15  dirs natural n=4096: 2 processes done; the first stage is at least 4
00:32:50  dirs natural n=4096: 3 processes done; the first stage is at least 4
00:33:25  dirs natural n=4096: first stage of 4 processes done; valuesFor ordered ordered-mk1 needs 12 processes for its interval, run in whole pairs of processes (at most 8)
00:33:25  dirs natural n=4096: 4 processes done; 2 of 20 comparisons not yet within the interval asked for; widest ±3.4 pts: valuesFor ordered ordered-mk1
00:34:00  dirs natural n=4096: 5 processes done; 2 of 20 comparisons not yet within the interval asked for; widest ±3.0 pts: valuesFor ordered ordered-mk1
00:34:35  dirs natural n=4096: 6 processes done; 1 of 20 comparisons not yet within the interval asked for; widest ±2.8 pts: valuesFor ordered ordered-mk1
00:35:10  dirs natural n=4096: 7 processes done; 1 of 20 comparisons not yet within the interval asked for; widest ±2.6 pts: valuesFor ordered ordered-mk1
00:35:45  dirs natural n=4096: 8 processes done; 1 of 20 comparisons not yet within the interval asked for; widest ±2.4 pts: valuesFor ordered ordered-mk1
00:35:45  warning: dirs natural n=4096 stopped after 8 processes, before every interval was as precise as asked
00:37:14  dirs natural n=16384: 1 processes done; the first stage is at least 4
00:38:43  dirs natural n=16384: 2 processes done; the first stage is at least 4
00:40:12  dirs natural n=16384: 3 processes done; the first stage is at least 4
00:41:41  dirs natural n=16384: first stage of 4 processes done; valuesFor ordered btree-sets needs 14 processes for its interval, run in whole pairs of processes (at most 8)
00:41:41  dirs natural n=16384: 4 processes done; 2 of 20 comparisons not yet within the interval asked for; widest ±6.8 pts: valuesFor ordered btree-sets
00:43:11  dirs natural n=16384: 5 processes done; 2 of 20 comparisons not yet within the interval asked for; widest ±6.1 pts: valuesFor ordered btree-sets
00:44:40  dirs natural n=16384: 6 processes done; 2 of 20 comparisons not yet within the interval asked for; widest ±5.5 pts: valuesFor ordered btree-sets
00:46:09  dirs natural n=16384: 7 processes done; 2 of 20 comparisons not yet within the interval asked for; widest ±5.1 pts: valuesFor ordered btree-sets
00:47:37  dirs natural n=16384: 8 processes done; 2 of 20 comparisons not yet within the interval asked for; widest ±4.8 pts: valuesFor ordered btree-sets
00:47:37  warning: dirs natural n=16384 stopped after 8 processes, before every interval was as precise as asked
00:54:59  dirs natural n=65536: 1 processes done; the first stage is at least 4
01:02:17  dirs natural n=65536: 2 processes done; the first stage is at least 4
01:09:40  dirs natural n=65536: 3 processes done; the first stage is at least 4
01:16:59  dirs natural n=65536: first stage of 4 processes done; valuesFor ordered ordered-mk1 needs 84 processes for its interval, run in whole pairs of processes (at most 8)
01:16:59  dirs natural n=65536: 4 processes done; 8 of 20 comparisons not yet within the interval asked for; widest ±9.1 pts: valuesFor ordered ordered-mk1
01:24:18  dirs natural n=65536: 5 processes done; 7 of 20 comparisons not yet within the interval asked for; widest ±8.2 pts: valuesFor ordered ordered-mk1
01:31:42  dirs natural n=65536: 6 processes done; 7 of 20 comparisons not yet within the interval asked for; widest ±7.4 pts: valuesFor ordered ordered-mk1
01:39:02  dirs natural n=65536: 7 processes done; 7 of 20 comparisons not yet within the interval asked for; widest ±6.9 pts: valuesFor ordered ordered-mk1
01:46:18  dirs natural n=65536: 8 processes done; 6 of 20 comparisons not yet within the interval asked for; widest ±6.5 pts: valuesFor ordered ordered-mk1
01:46:18  warning: dirs natural n=65536 stopped after 8 processes, before every interval was as precise as asked
01:47:01  url natural n=4096: 1 processes done; the first stage is at least 4
01:47:43  url natural n=4096: 2 processes done; the first stage is at least 4
01:48:26  url natural n=4096: 3 processes done; the first stage is at least 4
01:49:09  url natural n=4096: first stage of 4 processes done; no comparison needs 4 processes for its interval, run in whole pairs of processes (at most 8)
01:49:09  url natural n=4096: 4 processes done; 0 of 20 comparisons not yet within the interval asked for
01:51:20  url natural n=16384: 1 processes done; the first stage is at least 4
01:53:33  url natural n=16384: 2 processes done; the first stage is at least 4
01:55:45  url natural n=16384: 3 processes done; the first stage is at least 4
01:57:57  url natural n=16384: first stage of 4 processes done; churn ordered baseline needs 53 processes for its interval, run in whole pairs of processes (at most 8)
01:57:57  url natural n=16384: 4 processes done; 7 of 20 comparisons not yet within the interval asked for; widest ±7.2 pts: churn ordered baseline
02:00:08  url natural n=16384: 5 processes done; 7 of 20 comparisons not yet within the interval asked for; widest ±6.5 pts: churn ordered baseline
02:02:20  url natural n=16384: 6 processes done; 7 of 20 comparisons not yet within the interval asked for; widest ±5.9 pts: churn ordered baseline
02:04:30  url natural n=16384: 7 processes done; 5 of 20 comparisons not yet within the interval asked for; widest ±5.5 pts: churn ordered baseline
02:06:40  url natural n=16384: 8 processes done; 5 of 20 comparisons not yet within the interval asked for; widest ±5.1 pts: churn ordered baseline
02:06:40  warning: url natural n=16384 stopped after 8 processes, before every interval was as precise as asked
02:19:32  url natural n=65536: 1 processes done; the first stage is at least 4
02:32:12  url natural n=65536: 2 processes done; the first stage is at least 4
02:44:59  url natural n=65536: 3 processes done; the first stage is at least 4
02:57:43  url natural n=65536: first stage of 4 processes done; churn ordered ordered-mk4 needs 69 processes for its interval, run in whole pairs of processes (at most 8)
02:57:43  url natural n=65536: 4 processes done; 8 of 20 comparisons not yet within the interval asked for; widest ±8.3 pts: churn ordered ordered-mk4
03:10:31  url natural n=65536: 5 processes done; 7 of 20 comparisons not yet within the interval asked for; widest ±7.4 pts: churn ordered ordered-mk4
03:23:19  url natural n=65536: 6 processes done; 5 of 20 comparisons not yet within the interval asked for; widest ±6.8 pts: churn ordered ordered-mk4
03:36:09  url natural n=65536: 7 processes done; 4 of 20 comparisons not yet within the interval asked for; widest ±6.3 pts: churn ordered ordered-mk4
03:48:50  url natural n=65536: 8 processes done; 4 of 20 comparisons not yet within the interval asked for; widest ±5.9 pts: churn ordered ordered-mk4
03:48:50  warning: url natural n=65536 stopped after 8 processes, before every interval was as precise as asked
03:49:11  u64 single-value n=4096: 1 processes done; the first stage is at least 4
03:49:32  u64 single-value n=4096: 2 processes done; the first stage is at least 4
03:49:54  u64 single-value n=4096: 3 processes done; the first stage is at least 4
03:50:15  u64 single-value n=4096: first stage of 4 processes done; build ordered ordered-mk1 needs 21 processes for its interval, run in whole pairs of processes (at most 8)
03:50:15  u64 single-value n=4096: 4 processes done; 2 of 20 comparisons not yet within the interval asked for; widest ±6.0 pts: build ordered baseline
03:50:37  u64 single-value n=4096: 5 processes done; 2 of 20 comparisons not yet within the interval asked for; widest ±5.3 pts: build ordered baseline
03:50:58  u64 single-value n=4096: 6 processes done; 2 of 20 comparisons not yet within the interval asked for; widest ±4.9 pts: build ordered baseline
03:51:19  u64 single-value n=4096: 7 processes done; 2 of 20 comparisons not yet within the interval asked for; widest ±4.5 pts: build ordered baseline
03:51:41  u64 single-value n=4096: 8 processes done; 2 of 20 comparisons not yet within the interval asked for; widest ±4.2 pts: build ordered baseline
03:51:41  warning: u64 single-value n=4096 stopped after 8 processes, before every interval was as precise as asked
03:52:07  u64 single-value n=16384: 1 processes done; the first stage is at least 4
03:52:34  u64 single-value n=16384: 2 processes done; the first stage is at least 4
03:53:01  u64 single-value n=16384: 3 processes done; the first stage is at least 4
03:53:27  u64 single-value n=16384: first stage of 4 processes done; build ordered ordered-mk2 needs 13 processes for its interval, run in whole pairs of processes (at most 8)
03:53:27  u64 single-value n=16384: 4 processes done; 2 of 20 comparisons not yet within the interval asked for; widest ±3.6 pts: build ordered ordered-mk2
03:53:54  u64 single-value n=16384: 5 processes done; 2 of 20 comparisons not yet within the interval asked for; widest ±3.2 pts: build ordered ordered-mk2
03:54:21  u64 single-value n=16384: 6 processes done; 2 of 20 comparisons not yet within the interval asked for; widest ±2.9 pts: build ordered ordered-mk2
03:54:47  u64 single-value n=16384: 7 processes done; 2 of 20 comparisons not yet within the interval asked for; widest ±2.7 pts: build ordered ordered-mk2
03:55:14  u64 single-value n=16384: 8 processes done; 1 of 20 comparisons not yet within the interval asked for; widest ±2.5 pts: build ordered ordered-mk2
03:55:14  warning: u64 single-value n=16384 stopped after 8 processes, before every interval was as precise as asked
03:56:10  u64 single-value n=65536: 1 processes done; the first stage is at least 4
03:57:06  u64 single-value n=65536: 2 processes done; the first stage is at least 4
03:58:02  u64 single-value n=65536: 3 processes done; the first stage is at least 4
03:58:59  u64 single-value n=65536: first stage of 4 processes done; valuesFor ordered baseline needs 101 processes for its interval, run in whole pairs of processes (at most 8)
03:58:59  u64 single-value n=65536: 4 processes done; 6 of 20 comparisons not yet within the interval asked for; widest ±12.9 pts: valuesFor ordered baseline
03:59:55  u64 single-value n=65536: 5 processes done; 6 of 20 comparisons not yet within the interval asked for; widest ±11.5 pts: valuesFor ordered baseline
04:00:51  u64 single-value n=65536: 6 processes done; 6 of 20 comparisons not yet within the interval asked for; widest ±10.5 pts: valuesFor ordered baseline
04:01:47  u64 single-value n=65536: 7 processes done; 4 of 20 comparisons not yet within the interval asked for; widest ±9.7 pts: valuesFor ordered baseline
04:02:44  u64 single-value n=65536: 8 processes done; 3 of 20 comparisons not yet within the interval asked for; widest ±9.1 pts: valuesFor ordered baseline
04:02:44  warning: u64 single-value n=65536 stopped after 8 processes, before every interval was as precise as asked
04:03:08  street single-value n=4096: 1 processes done; the first stage is at least 4
04:03:32  street single-value n=4096: 2 processes done; the first stage is at least 4
04:03:57  street single-value n=4096: 3 processes done; the first stage is at least 4
04:04:21  street single-value n=4096: first stage of 4 processes done; churn ordered baseline needs 13 processes for its interval, run in whole pairs of processes (at most 8)
04:04:21  street single-value n=4096: 4 processes done; 2 of 20 comparisons not yet within the interval asked for; widest ±3.5 pts: churn ordered baseline
04:04:45  street single-value n=4096: 5 processes done; 2 of 20 comparisons not yet within the interval asked for; widest ±3.1 pts: churn ordered baseline
04:05:09  street single-value n=4096: 6 processes done; 2 of 20 comparisons not yet within the interval asked for; widest ±2.9 pts: churn ordered baseline
04:05:34  street single-value n=4096: 7 processes done; 1 of 20 comparisons not yet within the interval asked for; widest ±2.6 pts: churn ordered baseline
04:05:58  street single-value n=4096: 8 processes done; 1 of 20 comparisons not yet within the interval asked for; widest ±2.5 pts: churn ordered baseline
04:05:58  warning: street single-value n=4096 stopped after 8 processes, before every interval was as precise as asked
04:06:35  street single-value n=16384: 1 processes done; the first stage is at least 4
04:07:11  street single-value n=16384: 2 processes done; the first stage is at least 4
04:07:48  street single-value n=16384: 3 processes done; the first stage is at least 4
04:08:24  street single-value n=16384: first stage of 4 processes done; churn ordered ordered-mk1 needs 7 processes for its interval, run in whole pairs of processes (at most 8)
04:08:24  street single-value n=16384: 4 processes done; 1 of 20 comparisons not yet within the interval asked for; widest ±2.6 pts: churn ordered ordered-mk1
04:09:01  street single-value n=16384: 5 processes done; 1 of 20 comparisons not yet within the interval asked for; widest ±2.3 pts: churn ordered ordered-mk1
04:09:38  street single-value n=16384: 6 processes done; 1 of 20 comparisons not yet within the interval asked for; widest ±2.1 pts: churn ordered ordered-mk1
04:10:14  street single-value n=16384: 7 processes done; 0 of 20 comparisons not yet within the interval asked for
04:10:51  street single-value n=16384: 8 processes done; 0 of 20 comparisons not yet within the interval asked for
04:12:28  street single-value n=65536: 1 processes done; the first stage is at least 4
04:14:09  street single-value n=65536: 2 processes done; the first stage is at least 4
04:15:47  street single-value n=65536: 3 processes done; the first stage is at least 4
04:17:26  street single-value n=65536: first stage of 4 processes done; churn ordered ordered-mk1 needs 58 processes for its interval, run in whole pairs of processes (at most 8)
04:17:26  street single-value n=65536: 4 processes done; 10 of 20 comparisons not yet within the interval asked for; widest ±9.9 pts: valuesBetween ordered btree-map
04:19:05  street single-value n=65536: 5 processes done; 10 of 20 comparisons not yet within the interval asked for; widest ±8.9 pts: valuesBetween ordered btree-map
04:20:44  street single-value n=65536: 6 processes done; 10 of 20 comparisons not yet within the interval asked for; widest ±8.1 pts: valuesBetween ordered btree-map
04:22:22  street single-value n=65536: 7 processes done; 9 of 20 comparisons not yet within the interval asked for; widest ±7.5 pts: valuesBetween ordered btree-map
04:24:00  street single-value n=65536: 8 processes done; 8 of 20 comparisons not yet within the interval asked for; widest ±7.0 pts: valuesBetween ordered btree-map
04:24:00  warning: street single-value n=65536 stopped after 8 processes, before every interval was as precise as asked
04:24:26  dirs single-value n=4096: 1 processes done; the first stage is at least 4
04:24:53  dirs single-value n=4096: 2 processes done; the first stage is at least 4
04:25:19  dirs single-value n=4096: 3 processes done; the first stage is at least 4
04:25:45  dirs single-value n=4096: first stage of 4 processes done; valuesFor ordered ordered-mk1 needs 6 processes for its interval, run in whole pairs of processes (at most 8)
04:25:45  dirs single-value n=4096: 4 processes done; 1 of 20 comparisons not yet within the interval asked for; widest ±2.4 pts: valuesFor ordered ordered-mk1
04:26:11  dirs single-value n=4096: 5 processes done; 1 of 20 comparisons not yet within the interval asked for; widest ±2.1 pts: valuesFor ordered ordered-mk1
04:26:37  dirs single-value n=4096: 6 processes done; 0 of 20 comparisons not yet within the interval asked for
04:27:21  dirs single-value n=16384: 1 processes done; the first stage is at least 4
04:28:06  dirs single-value n=16384: 2 processes done; the first stage is at least 4
04:28:50  dirs single-value n=16384: 3 processes done; the first stage is at least 4
04:29:34  dirs single-value n=16384: first stage of 4 processes done; valuesFor ordered baseline needs 6 processes for its interval, run in whole pairs of processes (at most 8)
04:29:34  dirs single-value n=16384: 4 processes done; 3 of 20 comparisons not yet within the interval asked for; widest ±2.3 pts: valuesFor ordered ordered-mk1
04:30:18  dirs single-value n=16384: 5 processes done; 2 of 20 comparisons not yet within the interval asked for; widest ±2.0 pts: valuesFor ordered ordered-mk1
04:31:02  dirs single-value n=16384: 6 processes done; 0 of 20 comparisons not yet within the interval asked for
04:33:20  dirs single-value n=65536: 1 processes done; the first stage is at least 4
04:35:37  dirs single-value n=65536: 2 processes done; the first stage is at least 4
04:37:53  dirs single-value n=65536: 3 processes done; the first stage is at least 4
04:40:11  dirs single-value n=65536: first stage of 4 processes done; valuesFor ordered ordered-mk2 needs 98 processes for its interval, run in whole pairs of processes (at most 8)
04:40:11  dirs single-value n=65536: 4 processes done; 7 of 20 comparisons not yet within the interval asked for; widest ±9.9 pts: valuesFor ordered ordered-mk2
04:42:28  dirs single-value n=65536: 5 processes done; 6 of 20 comparisons not yet within the interval asked for; widest ±8.8 pts: valuesFor ordered ordered-mk2
04:44:46  dirs single-value n=65536: 6 processes done; 6 of 20 comparisons not yet within the interval asked for; widest ±8.0 pts: valuesFor ordered ordered-mk2
04:47:04  dirs single-value n=65536: 7 processes done; 5 of 20 comparisons not yet within the interval asked for; widest ±7.5 pts: valuesFor ordered ordered-mk2
04:49:22  dirs single-value n=65536: 8 processes done; 5 of 20 comparisons not yet within the interval asked for; widest ±7.0 pts: valuesFor ordered ordered-mk2
04:49:22  warning: dirs single-value n=65536 stopped after 8 processes, before every interval was as precise as asked
04:49:45  url single-value n=4096: 1 processes done; the first stage is at least 4
04:50:08  url single-value n=4096: 2 processes done; the first stage is at least 4
04:50:32  url single-value n=4096: 3 processes done; the first stage is at least 4
04:50:55  url single-value n=4096: first stage of 4 processes done; valuesFor ordered ordered-mk1 needs 10 processes for its interval, run in whole pairs of processes (at most 8)
04:50:55  url single-value n=4096: 4 processes done; 4 of 20 comparisons not yet within the interval asked for; widest ±3.2 pts: valuesFor ordered ordered-mk1
04:51:18  url single-value n=4096: 5 processes done; 4 of 20 comparisons not yet within the interval asked for; widest ±2.8 pts: valuesFor ordered ordered-mk1
04:51:42  url single-value n=4096: 6 processes done; 3 of 20 comparisons not yet within the interval asked for; widest ±2.6 pts: valuesFor ordered ordered-mk1
04:52:05  url single-value n=4096: 7 processes done; 3 of 20 comparisons not yet within the interval asked for; widest ±2.4 pts: valuesFor ordered ordered-mk1
04:52:28  url single-value n=4096: 8 processes done; 2 of 20 comparisons not yet within the interval asked for; widest ±2.2 pts: valuesFor ordered ordered-mk1
04:52:28  warning: url single-value n=4096 stopped after 8 processes, before every interval was as precise as asked
04:53:09  url single-value n=16384: 1 processes done; the first stage is at least 4
04:53:50  url single-value n=16384: 2 processes done; the first stage is at least 4
04:54:30  url single-value n=16384: 3 processes done; the first stage is at least 4
04:55:11  url single-value n=16384: first stage of 4 processes done; churn ordered baseline needs 68 processes for its interval, run in whole pairs of processes (at most 8)
04:55:11  url single-value n=16384: 4 processes done; 3 of 20 comparisons not yet within the interval asked for; widest ±8.2 pts: churn ordered baseline
04:55:52  url single-value n=16384: 5 processes done; 3 of 20 comparisons not yet within the interval asked for; widest ±7.4 pts: churn ordered baseline
04:56:32  url single-value n=16384: 6 processes done; 2 of 20 comparisons not yet within the interval asked for; widest ±6.7 pts: churn ordered baseline
04:57:13  url single-value n=16384: 7 processes done; 2 of 20 comparisons not yet within the interval asked for; widest ±6.2 pts: churn ordered baseline
04:57:54  url single-value n=16384: 8 processes done; 2 of 20 comparisons not yet within the interval asked for; widest ±5.8 pts: churn ordered baseline
04:57:54  warning: url single-value n=16384 stopped after 8 processes, before every interval was as precise as asked
05:00:08  url single-value n=65536: 1 processes done; the first stage is at least 4
05:02:22  url single-value n=65536: 2 processes done; the first stage is at least 4
05:04:37  url single-value n=65536: 3 processes done; the first stage is at least 4
05:06:52  url single-value n=65536: first stage of 4 processes done; churn ordered btree-map needs 17 processes for its interval, run in whole pairs of processes (at most 8)
05:06:52  url single-value n=65536: 4 processes done; 7 of 20 comparisons not yet within the interval asked for; widest ±4.0 pts: churn ordered btree-map
05:09:08  url single-value n=65536: 5 processes done; 6 of 20 comparisons not yet within the interval asked for; widest ±3.6 pts: churn ordered btree-map
05:11:22  url single-value n=65536: 6 processes done; 5 of 20 comparisons not yet within the interval asked for; widest ±3.3 pts: churn ordered btree-map
05:13:36  url single-value n=65536: 7 processes done; 3 of 20 comparisons not yet within the interval asked for; widest ±3.0 pts: churn ordered btree-map
05:15:51  url single-value n=65536: 8 processes done; 3 of 20 comparisons not yet within the interval asked for; widest ±2.8 pts: churn ordered btree-map
05:15:51  warning: url single-value n=65536 stopped after 8 processes, before every interval was as precise as asked
05:16:33  memory round 1 of 3 done
05:17:15  memory round 2 of 3 done
05:17:57  memory round 3 of 3 done
05:17:57  done after 6h33m44s
