18:14:52  start: -suite dev -keys street -values multi -sizes 4096,16384,212449 -minprocs 8 -maxprocs 24 -memn 262144 -memrounds 3 -out /var/folders/0l/vcs81wv15fz2hx942wfs7x9h0000gn/T//arm-run.FcC7Nm/out/bench-out
18:15:56  street multi n=4096: 1 processes done; the first stage is at least 8
18:17:00  street multi n=4096: 2 processes done; the first stage is at least 8
18:18:03  street multi n=4096: 3 processes done; the first stage is at least 8
18:19:06  street multi n=4096: 4 processes done; the first stage is at least 8
18:20:13  street multi n=4096: 5 processes done; the first stage is at least 8
18:21:13  street multi n=4096: 6 processes done; the first stage is at least 8
18:22:14  street multi n=4096: 7 processes done; the first stage is at least 8
18:23:15  street multi n=4096: first stage of 8 processes done; no comparison needs 8 processes for its interval, run in whole pairs of processes (at most 24)
18:23:15  street multi n=4096: 8 processes done; 0 of 15 comparisons not yet within the interval asked for
18:24:52  street multi n=16384: 1 processes done; the first stage is at least 8
18:26:25  street multi n=16384: 2 processes done; the first stage is at least 8
18:27:59  street multi n=16384: 3 processes done; the first stage is at least 8
18:29:39  street multi n=16384: 4 processes done; the first stage is at least 8
18:31:18  street multi n=16384: 5 processes done; the first stage is at least 8
18:32:57  street multi n=16384: 6 processes done; the first stage is at least 8
18:34:31  street multi n=16384: 7 processes done; the first stage is at least 8
18:36:06  street multi n=16384: first stage of 8 processes done; valuesFor ordered map-sets needs 64 processes for its interval, run in whole pairs of processes (at most 24)
18:36:06  street multi n=16384: 8 processes done; 1 of 15 comparisons not yet within the interval asked for; widest ±5.6 pts: valuesFor ordered map-sets
18:37:41  street multi n=16384: 9 processes done; 1 of 15 comparisons not yet within the interval asked for; widest ±5.3 pts: valuesFor ordered map-sets
18:39:17  street multi n=16384: 10 processes done; 1 of 15 comparisons not yet within the interval asked for; widest ±5.0 pts: valuesFor ordered map-sets
18:40:54  street multi n=16384: 11 processes done; 1 of 15 comparisons not yet within the interval asked for; widest ±4.8 pts: valuesFor ordered map-sets
18:42:26  street multi n=16384: 12 processes done; 1 of 15 comparisons not yet within the interval asked for; widest ±4.6 pts: valuesFor ordered map-sets
18:44:00  street multi n=16384: 13 processes done; 1 of 15 comparisons not yet within the interval asked for; widest ±4.4 pts: valuesFor ordered map-sets
18:45:33  street multi n=16384: 14 processes done; 1 of 15 comparisons not yet within the interval asked for; widest ±4.3 pts: valuesFor ordered map-sets
18:47:09  street multi n=16384: 15 processes done; 1 of 15 comparisons not yet within the interval asked for; widest ±4.1 pts: valuesFor ordered map-sets
18:48:43  street multi n=16384: 16 processes done; 1 of 15 comparisons not yet within the interval asked for; widest ±4.0 pts: valuesFor ordered map-sets
18:50:18  street multi n=16384: 17 processes done; 1 of 15 comparisons not yet within the interval asked for; widest ±3.9 pts: valuesFor ordered map-sets
18:51:53  street multi n=16384: 18 processes done; 1 of 15 comparisons not yet within the interval asked for; widest ±3.8 pts: valuesFor ordered map-sets
18:53:29  street multi n=16384: 19 processes done; 1 of 15 comparisons not yet within the interval asked for; widest ±3.7 pts: valuesFor ordered map-sets
18:55:04  street multi n=16384: 20 processes done; 1 of 15 comparisons not yet within the interval asked for; widest ±3.6 pts: valuesFor ordered map-sets
18:56:40  street multi n=16384: 21 processes done; 1 of 15 comparisons not yet within the interval asked for; widest ±3.5 pts: valuesFor ordered map-sets
18:58:15  street multi n=16384: 22 processes done; 1 of 15 comparisons not yet within the interval asked for; widest ±3.4 pts: valuesFor ordered map-sets
18:59:51  street multi n=16384: 23 processes done; 1 of 15 comparisons not yet within the interval asked for; widest ±3.3 pts: valuesFor ordered map-sets
19:01:26  street multi n=16384: 24 processes done; 1 of 15 comparisons not yet within the interval asked for; widest ±3.3 pts: valuesFor ordered map-sets
19:01:26  warning: street multi n=16384 stopped after 24 processes, before every interval was as precise as asked
19:01:50  street multi n=212449: 1 processes done; the first stage is at least 8
19:02:14  street multi n=212449: 2 processes done; the first stage is at least 8
19:02:39  street multi n=212449: 3 processes done; the first stage is at least 8
19:03:03  street multi n=212449: 4 processes done; the first stage is at least 8
19:03:29  street multi n=212449: 5 processes done; the first stage is at least 8
19:03:53  street multi n=212449: 6 processes done; the first stage is at least 8
19:04:18  street multi n=212449: 7 processes done; the first stage is at least 8
19:04:43  street multi n=212449: first stage of 8 processes done; no comparison needs 8 processes for its interval, run in whole pairs of processes (at most 24)
19:04:43  street multi n=212449: 8 processes done; 0 of 8 comparisons not yet within the interval asked for
19:04:46  memory round 1 of 3 done
19:04:50  memory round 2 of 3 done
19:04:54  memory round 3 of 3 done
19:04:54  done after 50m1s
