19:52:41  start: -suite dev -keys dirs -values multi -sizes 4096,16384,86215 -minprocs 6 -maxprocs 12 -memn 262144 -memrounds 3 -out C:\temp\bench-win\real-str-dirs
19:53:29  dirs multi n=4096: 1 processes done; the first stage is at least 6
19:54:14  dirs multi n=4096: 2 processes done; the first stage is at least 6
19:55:01  dirs multi n=4096: 3 processes done; the first stage is at least 6
19:55:49  dirs multi n=4096: 4 processes done; the first stage is at least 6
19:56:37  dirs multi n=4096: 5 processes done; the first stage is at least 6
19:57:25  dirs multi n=4096: first stage of 6 processes done; no comparison needs 6 processes for its interval, run in whole pairs of processes (at most 12)
19:57:25  dirs multi n=4096: 6 processes done; 0 of 15 comparisons not yet within the interval asked for
19:59:02  dirs multi n=16384: 1 processes done; the first stage is at least 6
20:00:39  dirs multi n=16384: 2 processes done; the first stage is at least 6
20:02:16  dirs multi n=16384: 3 processes done; the first stage is at least 6
20:03:51  dirs multi n=16384: 4 processes done; the first stage is at least 6
20:05:28  dirs multi n=16384: 5 processes done; the first stage is at least 6
20:07:03  dirs multi n=16384: first stage of 6 processes done; valuesFor ordered map-sets needs 12 processes for its interval, run in whole pairs of processes (at most 12)
20:07:03  dirs multi n=16384: 6 processes done; 1 of 15 comparisons not yet within the interval asked for; widest ±4.7 pts: valuesFor ordered map-sets
20:08:38  dirs multi n=16384: 7 processes done; 1 of 15 comparisons not yet within the interval asked for; widest ±4.3 pts: valuesFor ordered map-sets
20:10:13  dirs multi n=16384: 8 processes done; 1 of 15 comparisons not yet within the interval asked for; widest ±4.1 pts: valuesFor ordered map-sets
20:11:50  dirs multi n=16384: 9 processes done; 1 of 15 comparisons not yet within the interval asked for; widest ±3.8 pts: valuesFor ordered map-sets
20:13:24  dirs multi n=16384: 10 processes done; 1 of 15 comparisons not yet within the interval asked for; widest ±3.6 pts: valuesFor ordered map-sets
20:15:00  dirs multi n=16384: 11 processes done; 1 of 15 comparisons not yet within the interval asked for; widest ±3.5 pts: valuesFor ordered map-sets
20:16:36  dirs multi n=16384: 12 processes done; 0 of 15 comparisons not yet within the interval asked for
20:17:04  dirs multi n=86215: 1 processes done; the first stage is at least 6
20:17:31  dirs multi n=86215: 2 processes done; the first stage is at least 6
20:17:58  dirs multi n=86215: 3 processes done; the first stage is at least 6
20:18:25  dirs multi n=86215: 4 processes done; the first stage is at least 6
20:18:53  dirs multi n=86215: 5 processes done; the first stage is at least 6
20:19:20  dirs multi n=86215: first stage of 6 processes done; valuesFor ordered map-sets needs 17 processes for its interval, run in whole pairs of processes (at most 12)
20:19:20  dirs multi n=86215: 6 processes done; 2 of 8 comparisons not yet within the interval asked for; widest ±9.3 pts: churn ordered hashed
20:19:46  dirs multi n=86215: 7 processes done; 1 of 8 comparisons not yet within the interval asked for; widest ±3.1 pts: valuesFor ordered map-sets
20:20:13  dirs multi n=86215: 8 processes done; 1 of 8 comparisons not yet within the interval asked for; widest ±2.9 pts: valuesFor ordered map-sets
20:20:40  dirs multi n=86215: 9 processes done; 1 of 8 comparisons not yet within the interval asked for; widest ±2.7 pts: valuesFor ordered map-sets
20:21:07  dirs multi n=86215: 10 processes done; 1 of 8 comparisons not yet within the interval asked for; widest ±2.6 pts: valuesFor ordered map-sets
20:21:34  dirs multi n=86215: 11 processes done; 1 of 8 comparisons not yet within the interval asked for; widest ±2.5 pts: valuesFor ordered map-sets
20:22:02  dirs multi n=86215: 12 processes done; 1 of 8 comparisons not yet within the interval asked for; widest ±2.3 pts: valuesFor ordered map-sets
20:22:02  warning: dirs multi n=86215 stopped after 12 processes, before every interval was as precise as asked
20:22:04  memory round 1 of 3 done
20:22:07  memory round 2 of 3 done
20:22:10  memory round 3 of 3 done
20:22:10  done after 29m29s
