== u64 n=1048576 get: arena-flat vs arena-art
A 79.1 per op, B 85.43 per op
difference +7.40% [+6.04%, +8.79%] at 95% confidence
noise floor 0.974%, autocorrelation +0.634, resampled in blocks of 5
resolved: A is faster than B
  warning: candidate A drifted during the run, shifting -2.73% from its first half to its second; the machine did not hold still
  warning: candidate B drifted during the run, shifting -2.23% from its first half to its second; the machine did not hold still

== u64 n=1048576 get: arena-flat vs ptr-art
A 90.51 per op, B 115.6 per op
difference +21.73% [+20.25%, +23.69%] at 95% confidence
noise floor 0.638%, autocorrelation +0.656, resampled in blocks of 5
resolved: A is faster than B
  warning: candidate A drifted during the run, shifting +3.21% from its first half to its second; the machine did not hold still

== u64 n=1048576 miss: arena-flat vs arena-art
A 30.34 per op, B 33.93 per op
difference +10.57% [+4.87%, +15.33%] at 95% confidence
noise floor 1.796%, autocorrelation +0.716, resampled in blocks of 5
resolved: A is faster than B
  warning: candidate A drifted during the run, shifting -10.23% from its first half to its second; the machine did not hold still
  warning: candidate B drifted during the run, shifting -5.30% from its first half to its second; the machine did not hold still

== u64 n=1048576 miss: arena-flat vs ptr-art
A 29.32 per op, B 37.83 per op
difference +22.50% [+20.48%, +23.43%] at 95% confidence
noise floor 0.970%, autocorrelation +0.661, resampled in blocks of 5
resolved: A is faster than B

== u64 n=1048576 scan: arena-flat vs arena-art
A 3637 per op, B 3947 per op
difference +7.86% [+4.75%, +10.35%] at 95% confidence
noise floor 1.096%, autocorrelation +0.642, resampled in blocks of 5
resolved: A is faster than B
  warning: candidate A drifted during the run, shifting -0.65% from its first half to its second; the machine did not hold still
  warning: candidate B drifted during the run, shifting -3.45% from its first half to its second; the machine did not hold still

== u64 n=1048576 scan: arena-flat vs ptr-art
A 3312 per op, B 2584 per op
difference -28.16% [-29.37%, -27.66%] at 95% confidence
noise floor 1.507%, autocorrelation +0.667, resampled in blocks of 5
resolved: A is slower than B

