== str n=1048576 get: arena-flat vs arena-art
A 274.1 per op, B 284.6 per op
difference +3.66% [+0.68%, +9.47%] at 95% confidence
noise floor 1.135%, autocorrelation +0.636, resampled in blocks of 5
resolved: A is faster than B
  warning: candidate A drifted during the run, shifting +8.57% from its first half to its second; the machine did not hold still
  warning: candidate B drifted during the run, shifting +9.16% from its first half to its second; the machine did not hold still

== str n=1048576 get: arena-flat vs ptr-art
A 268.6 per op, B 293.3 per op
difference +8.45% [+7.55%, +9.48%] at 95% confidence
noise floor 0.979%, autocorrelation +0.585, resampled in blocks of 5
resolved: A is faster than B
  warning: candidate A drifted during the run, shifting -1.47% from its first half to its second; the machine did not hold still
  warning: candidate B drifted during the run, shifting -1.57% from its first half to its second; the machine did not hold still

== str n=1048576 miss: arena-flat vs arena-art
A 180.3 per op, B 194 per op
difference +7.05% [+5.35%, +9.02%] at 95% confidence
noise floor 1.165%, autocorrelation +0.666, resampled in blocks of 5
resolved: A is faster than B
  warning: candidate A drifted during the run, shifting -3.58% from its first half to its second; the machine did not hold still
  warning: candidate B drifted during the run, shifting -3.97% from its first half to its second; the machine did not hold still

== str n=1048576 miss: arena-flat vs ptr-art
A 167.3 per op, B 184.8 per op
difference +9.49% [+8.12%, +10.75%] at 95% confidence
noise floor 0.824%, autocorrelation +0.606, resampled in blocks of 5
resolved: A is faster than B
  warning: candidate B drifted during the run, shifting -3.19% from its first half to its second; the machine did not hold still

== str n=1048576 scan: arena-flat vs arena-art
A 6070 per op, B 6594 per op
difference +7.94% [+7.04%, +8.91%] at 95% confidence
noise floor 1.207%, autocorrelation +0.626, resampled in blocks of 5
resolved: A is faster than B
  warning: candidate A drifted during the run, shifting -1.04% from its first half to its second; the machine did not hold still

== str n=1048576 scan: arena-flat vs ptr-art
A 6694 per op, B 5692 per op
difference -17.60% [-21.09%, -15.49%] at 95% confidence
noise floor 0.890%, autocorrelation +0.600, resampled in blocks of 5
resolved: A is slower than B

