== u64 n=4096 valuesFor: lib vs art
A 85.24 per op, B 84.61 per op
difference -0.74% [-3.15%, +1.30%] at 95% confidence
noise floor 1.155%, autocorrelation -0.098
not resolved: this run did not establish a difference
  warning: the difference of -0.74% does not clear the 1.15% noise floor, which is what this setup reports between two runs of identical code
  warning: the interval [-3.15%, 1.30%] includes zero, so a difference in either direction is consistent with these measurements

== u64 n=4096 valuesBetween: lib vs art
A 4338 per op, B 4262 per op
difference -1.80% [-5.23%, +1.04%] at 95% confidence
noise floor 1.888%, autocorrelation +0.022
not resolved: this run did not establish a difference
  warning: the difference of -1.80% does not clear the 1.89% noise floor, which is what this setup reports between two runs of identical code
  warning: the interval [-5.23%, 1.04%] includes zero, so a difference in either direction is consistent with these measurements

== u64 n=4096 addRemove: lib vs art
A 54.46 per op, B 52.61 per op
difference -3.51% [-5.38%, -1.86%] at 95% confidence
noise floor 0.094%, autocorrelation +0.413, resampled in blocks of 5
resolved: A is slower than B
  warning: candidate A drifted during the run, shifting -0.25% from its first half to its second; the machine did not hold still
  warning: candidate B drifted during the run, shifting -0.45% from its first half to its second; the machine did not hold still
  warning: 5.7% of bootstrap replicates tied, so the measurement is coarse relative to the question; lower CollectOptions.MaxQuantizationError to lengthen the batches

== u64 n=4096 build: lib vs art
A 1.14e+06 per op, B 1.126e+06 per op
difference -1.25% [-2.26%, +0.18%] at 95% confidence
noise floor 0.951%, autocorrelation +0.121
not resolved: this run did not establish a difference
  warning: the interval [-2.26%, 0.18%] includes zero, so a difference in either direction is consistent with these measurements

