== u64 n=1048576 valuesFor: lib vs art
A 419.2 per op, B 422.7 per op
difference +0.83% [-1.97%, +3.63%] at 95% confidence
noise floor 0.731%, autocorrelation +0.553, resampled in blocks of 5
not resolved: this run did not establish a difference
  warning: the interval [-1.97%, 3.63%] includes zero, so a difference in either direction is consistent with these measurements
  warning: candidate A drifted during the run, shifting +5.06% from its first half to its second; the machine did not hold still
  warning: candidate B drifted during the run, shifting +5.37% from its first half to its second; the machine did not hold still

== u64 n=1048576 valuesBetween: lib vs art
A 9330 per op, B 1.101e+04 per op
difference +15.27% [+13.00%, +18.14%] at 95% confidence
noise floor 1.145%, autocorrelation +0.112
resolved: A is faster than B
  warning: candidate A drifted during the run, shifting +39.20% from its first half to its second; the machine did not hold still
  warning: candidate B drifted during the run, shifting +21.12% from its first half to its second; the machine did not hold still

== u64 n=1048576 addRemove: lib vs art
A 349.3 per op, B 314.4 per op
difference -11.08% [-11.87%, -10.23%] at 95% confidence
noise floor 0.510%, autocorrelation +0.763, resampled in blocks of 5
resolved: A is slower than B

