== str n=1048576 valuesFor: lib vs art
A 597.4 per op, B 589.3 per op
difference -1.38% [-1.96%, -0.57%] at 95% confidence
noise floor 0.712%, autocorrelation +0.721, resampled in blocks of 5
resolved: A is slower than B
  warning: candidate A drifted during the run, shifting -0.18% from its first half to its second; the machine did not hold still

== str n=1048576 valuesBetween: lib vs art
A 9794 per op, B 1.208e+04 per op
difference +18.92% [+17.75%, +19.76%] at 95% confidence
noise floor 0.518%, autocorrelation +0.496, resampled in blocks of 5
resolved: A is faster than B
  warning: candidate A drifted during the run, shifting -2.28% from its first half to its second; the machine did not hold still
  warning: candidate B drifted during the run, shifting -2.11% from its first half to its second; the machine did not hold still

== str n=1048576 addRemove: lib vs art
A 601.7 per op, B 589.5 per op
difference -2.06% [-2.53%, -1.57%] at 95% confidence
noise floor 0.333%, autocorrelation +0.733, resampled in blocks of 5
resolved: A is slower than B
  warning: candidate A drifted during the run, shifting -0.48% from its first half to its second; the machine did not hold still
  warning: candidate B drifted during the run, shifting -0.17% from its first half to its second; the machine did not hold still

