== u64 n=1048576 valuesBetween: art vs art-v2
A 8486 per op, B 8212 per op
difference -3.34% [-3.93%, -2.84%] at 95% confidence
noise floor 0.703%, autocorrelation +0.216, resampled in blocks of 5
resolved: A is slower than B

== u64 n=1048576 valuesBetween: art vs lib
A 8482 per op, B 7270 per op
difference -16.68% [-17.44%, -15.70%] at 95% confidence
noise floor 0.665%, autocorrelation +0.136
resolved: A is slower than B

== u64 n=1048576 valuesBetween: art vs art-linear
A 8191 per op, B 8130 per op
difference -0.74% [-1.29%, +0.21%] at 95% confidence
noise floor 0.454%, autocorrelation +0.211, resampled in blocks of 5
not resolved: this run did not establish a difference
  warning: the interval [-1.29%, 0.21%] includes zero, so a difference in either direction is consistent with these measurements

== u64 n=1048576 valuesBetween: art vs art-touch
A 8193 per op, B 6799 per op
difference -20.50% [-21.26%, -19.60%] at 95% confidence
noise floor 0.481%, autocorrelation +0.207, resampled in blocks of 5
resolved: A is slower than B

== u64 n=1048576 valuesBetween: art vs art-touch-copy
A 8263 per op, B 7494 per op
difference -10.26% [-11.59%, -8.98%] at 95% confidence
noise floor 0.739%, autocorrelation +0.204, resampled in blocks of 5
resolved: A is slower than B
  warning: candidate A drifted during the run, shifting -1.40% from its first half to its second; the machine did not hold still
  warning: candidate B drifted during the run, shifting -3.16% from its first half to its second; the machine did not hold still

== u64 n=1048576 valuesBetween: art vs btree-inline
A 8639 per op, B 6952 per op
difference -24.27% [-26.01%, -22.48%] at 95% confidence
noise floor 0.753%, autocorrelation +0.236, resampled in blocks of 5
resolved: A is slower than B
  warning: candidate A drifted during the run, shifting -3.72% from its first half to its second; the machine did not hold still
  warning: candidate B drifted during the run, shifting -3.03% from its first half to its second; the machine did not hold still
  warning: in 28% of A/A runs this setup reported a difference between identical code, well above the 10% expected; treat any confidence from it with suspicion

== u64 n=1048576 valuesBetween: art vs btree-ptr
A 8502 per op, B 8462 per op
difference -0.47% [-1.29%, +0.39%] at 95% confidence
noise floor 0.474%, autocorrelation +0.166
not resolved: this run did not establish a difference
  warning: the difference of -0.47% does not clear the 0.47% noise floor, which is what this setup reports between two runs of identical code
  warning: the interval [-1.29%, 0.39%] includes zero, so a difference in either direction is consistent with these measurements

