== str n=4096 valuesFor: art vs btree-inline
A 164.6 per op, B 251 per op
difference +34.44% [+30.54%, +38.66%] at 95% confidence
noise floor 1.840%, autocorrelation +0.088
resolved: A is faster than B

== str n=4096 valuesFor: art vs btree-ptr
A 152.6 per op, B 229.8 per op
difference +33.60% [+31.53%, +35.47%] at 95% confidence
noise floor 2.244%, autocorrelation +0.102
resolved: A is faster than B

== str n=4096 valuesBetween: art vs btree-inline
A 7614 per op, B 6462 per op
difference -17.82% [-23.88%, -12.47%] at 95% confidence
noise floor 3.374%, autocorrelation +0.028
resolved: A is slower than B

== str n=4096 valuesBetween: art vs btree-ptr
A 8361 per op, B 7265 per op
difference -15.08% [-21.75%, -10.15%] at 95% confidence
noise floor 3.875%, autocorrelation +0.048
resolved: A is slower than B

== str n=4096 addRemove: art vs btree-inline
A 139.7 per op, B 508.6 per op
difference +72.53% [+72.25%, +72.77%] at 95% confidence
noise floor 0.273%, autocorrelation +0.426, resampled in blocks of 5
resolved: A is faster than B
  warning: candidate B drifted during the run, shifting +0.35% from its first half to its second; the machine did not hold still

== str n=4096 addRemove: art vs btree-ptr
A 139.2 per op, B 265.7 per op
difference +47.61% [+47.42%, +48.27%] at 95% confidence
noise floor 0.737%, autocorrelation +0.373, resampled in blocks of 5
resolved: A is faster than B
  warning: candidate B drifted during the run, shifting +1.01% from its first half to its second; the machine did not hold still

== str n=4096 build: art vs btree-inline
A 2.279e+06 per op, B 4.936e+06 per op
difference +53.83% [+53.44%, +54.12%] at 95% confidence
noise floor 0.639%, autocorrelation +0.097
resolved: A is faster than B

== str n=4096 build: art vs btree-ptr
A 2.29e+06 per op, B 3.368e+06 per op
difference +32.01% [+31.56%, +32.60%] at 95% confidence
noise floor 1.021%, autocorrelation +0.142
resolved: A is faster than B

