== u64 n=1048576 valuesFor: art-v2 vs art
A 377 per op, B 397.6 per op
difference +5.20% [+3.69%, +6.20%] at 95% confidence
noise floor 0.802%, autocorrelation +0.534, resampled in blocks of 5
resolved: A is faster than B
  warning: candidate A drifted during the run, shifting -1.64% from its first half to its second; the machine did not hold still
  warning: candidate B drifted during the run, shifting -2.39% from its first half to its second; the machine did not hold still

== u64 n=1048576 valuesBetween: art-v2 vs art
A 8267 per op, B 9217 per op
difference +10.30% [+9.03%, +11.12%] at 95% confidence
noise floor 0.982%, autocorrelation +0.119
resolved: A is faster than B
  warning: candidate A drifted during the run, shifting +1.84% from its first half to its second; the machine did not hold still
  warning: candidate B drifted during the run, shifting +2.35% from its first half to its second; the machine did not hold still

== u64 n=1048576 addRemove: art-v2 vs art
A 298.3 per op, B 298 per op
difference -0.09% [-2.23%, +1.25%] at 95% confidence
noise floor 0.541%, autocorrelation +0.707, resampled in blocks of 5
not resolved: this run did not establish a difference
  warning: the difference of -0.09% does not clear the 0.54% noise floor, which is what this setup reports between two runs of identical code
  warning: the interval [-2.23%, 1.25%] includes zero, so a difference in either direction is consistent with these measurements
  warning: candidate A drifted during the run, shifting -1.92% from its first half to its second; the machine did not hold still
  warning: candidate B drifted during the run, shifting +2.94% from its first half to its second; the machine did not hold still

