== str n=4096 valuesFor: art-v2 vs art
A 133 per op, B 133.2 per op
difference +0.16% [-2.28%, +2.78%] at 95% confidence
noise floor 1.248%, autocorrelation +0.040
not resolved: this run did not establish a difference
  warning: the difference of 0.16% does not clear the 1.25% noise floor, which is what this setup reports between two runs of identical code
  warning: the interval [-2.28%, 2.78%] includes zero, so a difference in either direction is consistent with these measurements

== str n=4096 valuesBetween: art-v2 vs art
A 5888 per op, B 5769 per op
difference -2.07% [-4.88%, -0.08%] at 95% confidence
noise floor 1.899%, autocorrelation +0.134
resolved: A is slower than B

== str n=4096 addRemove: art-v2 vs art
A 134.6 per op, B 137.9 per op
difference +2.40% [+1.57%, +3.29%] at 95% confidence
noise floor 0.216%, autocorrelation +0.301, resampled in blocks of 5
resolved: A is faster than B

== str n=4096 build: art-v2 vs art
A 2.124e+06 per op, B 2.122e+06 per op
difference -0.08% [-0.99%, +0.37%] at 95% confidence
noise floor 0.582%, autocorrelation +0.153
not resolved: this run did not establish a difference
  warning: the difference of -0.08% does not clear the 0.58% noise floor, which is what this setup reports between two runs of identical code
  warning: the interval [-0.99%, 0.37%] includes zero, so a difference in either direction is consistent with these measurements

