23:17:03  start: 
23:27:22  u64 multi n=4096 process 1: 12 of 12 comparisons not yet precise
23:38:13  u64 multi n=4096 process 2: 5 of 12 comparisons not yet precise; widest ±23.9 pts: u64 multi n=4096 churn ordered vs map-sets
23:48:24  u64 multi n=4096 process 3: 2 of 12 comparisons not yet precise; widest ±4.7 pts: u64 multi n=4096 churn ordered vs map-sets
23:58:56  u64 multi n=4096 process 4: 0 of 12 comparisons not yet precise
00:09:32  u64 multi n=4096 process 5: 0 of 12 comparisons not yet precise
00:11:17  u64 multi n=1048576 process 1: 7 of 7 comparisons not yet precise
00:12:59  u64 multi n=1048576 process 2: 4 of 7 comparisons not yet precise; widest ±65.7 pts: u64 multi n=1048576 churn ordered vs hashed
00:14:44  u64 multi n=1048576 process 3: 2 of 7 comparisons not yet precise; widest ±49.4 pts: u64 multi n=1048576 churn ordered vs hashed
00:16:31  u64 multi n=1048576 process 4: 3 of 7 comparisons not yet precise; widest ±29.8 pts: u64 multi n=1048576 churn ordered vs hashed
00:18:15  u64 multi n=1048576 process 5: 2 of 7 comparisons not yet precise; widest ±22.0 pts: u64 multi n=1048576 churn ordered vs hashed
00:19:56  u64 multi n=1048576 process 6: 3 of 7 comparisons not yet precise; widest ±17.3 pts: u64 multi n=1048576 churn ordered vs hashed
00:21:41  u64 multi n=1048576 process 7: 3 of 7 comparisons not yet precise; widest ±14.9 pts: u64 multi n=1048576 churn ordered vs hashed
00:23:26  u64 multi n=1048576 process 8: 2 of 7 comparisons not yet precise; widest ±12.6 pts: u64 multi n=1048576 churn ordered vs hashed
00:25:14  u64 multi n=1048576 process 9: 2 of 7 comparisons not yet precise; widest ±11.1 pts: u64 multi n=1048576 churn ordered vs hashed
00:26:59  u64 multi n=1048576 process 10: 2 of 7 comparisons not yet precise; widest ±9.7 pts: u64 multi n=1048576 churn ordered vs hashed
00:28:40  u64 multi n=1048576 process 11: 2 of 7 comparisons not yet precise; widest ±9.7 pts: u64 multi n=1048576 churn ordered vs hashed
00:30:24  u64 multi n=1048576 process 12: 2 of 7 comparisons not yet precise; widest ±8.7 pts: u64 multi n=1048576 churn ordered vs hashed
00:32:07  u64 multi n=1048576 process 13: 2 of 7 comparisons not yet precise; widest ±10.0 pts: u64 multi n=1048576 churn ordered vs hashed
00:33:50  u64 multi n=1048576 process 14: 2 of 7 comparisons not yet precise; widest ±9.6 pts: u64 multi n=1048576 churn ordered vs hashed
00:35:32  u64 multi n=1048576 process 15: 2 of 7 comparisons not yet precise; widest ±8.9 pts: u64 multi n=1048576 churn ordered vs hashed
00:37:16  u64 multi n=1048576 process 16: 2 of 7 comparisons not yet precise; widest ±9.3 pts: u64 multi n=1048576 churn ordered vs hashed
00:39:01  u64 multi n=1048576 process 17: 2 of 7 comparisons not yet precise; widest ±9.0 pts: u64 multi n=1048576 churn ordered vs hashed
00:40:46  u64 multi n=1048576 process 18: 2 of 7 comparisons not yet precise; widest ±8.5 pts: u64 multi n=1048576 churn ordered vs hashed
00:42:31  u64 multi n=1048576 process 19: 2 of 7 comparisons not yet precise; widest ±8.1 pts: u64 multi n=1048576 churn ordered vs hashed
00:44:11  u64 multi n=1048576 process 20: 2 of 7 comparisons not yet precise; widest ±7.8 pts: u64 multi n=1048576 churn ordered vs hashed
00:58:34  str multi n=4096 process 1: 12 of 12 comparisons not yet precise
01:12:51  str multi n=4096 process 2: 4 of 12 comparisons not yet precise; widest ±81.1 pts: str multi n=4096 churn ordered vs map-sets
01:26:59  str multi n=4096 process 3: 1 of 12 comparisons not yet precise; widest ±18.2 pts: str multi n=4096 churn ordered vs map-sets
01:41:02  str multi n=4096 process 4: 0 of 12 comparisons not yet precise
01:55:16  str multi n=4096 process 5: 0 of 12 comparisons not yet precise
01:56:58  str multi n=1048576 process 1: 7 of 7 comparisons not yet precise
01:58:50  str multi n=1048576 process 2: 5 of 7 comparisons not yet precise; widest ±218.4 pts: str multi n=1048576 churn ordered vs hashed
02:00:42  str multi n=1048576 process 3: 4 of 7 comparisons not yet precise; widest ±50.0 pts: str multi n=1048576 churn ordered vs hashed
02:02:33  str multi n=1048576 process 4: 4 of 7 comparisons not yet precise; widest ±37.9 pts: str multi n=1048576 churn ordered vs hashed
02:04:24  str multi n=1048576 process 5: 3 of 7 comparisons not yet precise; widest ±25.7 pts: str multi n=1048576 churn ordered vs hashed
02:06:14  str multi n=1048576 process 6: 3 of 7 comparisons not yet precise; widest ±21.6 pts: str multi n=1048576 churn ordered vs hashed
02:08:06  str multi n=1048576 process 7: 4 of 7 comparisons not yet precise; widest ±18.2 pts: str multi n=1048576 churn ordered vs hashed
02:09:59  str multi n=1048576 process 8: 3 of 7 comparisons not yet precise; widest ±15.6 pts: str multi n=1048576 churn ordered vs hashed
02:11:50  str multi n=1048576 process 9: 2 of 7 comparisons not yet precise; widest ±13.7 pts: str multi n=1048576 churn ordered vs hashed
02:13:41  str multi n=1048576 process 10: 2 of 7 comparisons not yet precise; widest ±12.2 pts: str multi n=1048576 churn ordered vs hashed
02:15:35  str multi n=1048576 process 11: 2 of 7 comparisons not yet precise; widest ±11.1 pts: str multi n=1048576 churn ordered vs hashed
02:17:27  str multi n=1048576 process 12: 2 of 7 comparisons not yet precise; widest ±10.6 pts: str multi n=1048576 churn ordered vs hashed
02:19:19  str multi n=1048576 process 13: 2 of 7 comparisons not yet precise; widest ±10.0 pts: str multi n=1048576 churn ordered vs hashed
02:21:10  str multi n=1048576 process 14: 2 of 7 comparisons not yet precise; widest ±10.4 pts: str multi n=1048576 churn ordered vs hashed
02:23:00  str multi n=1048576 process 15: 2 of 7 comparisons not yet precise; widest ±10.4 pts: str multi n=1048576 churn ordered vs hashed
02:24:45  str multi n=1048576 process 16: 1 of 7 comparisons not yet precise; widest ±9.7 pts: str multi n=1048576 churn ordered vs hashed
02:26:37  str multi n=1048576 process 17: 1 of 7 comparisons not yet precise; widest ±9.2 pts: str multi n=1048576 churn ordered vs hashed
02:28:28  str multi n=1048576 process 18: 2 of 7 comparisons not yet precise; widest ±8.7 pts: str multi n=1048576 churn ordered vs hashed
02:30:21  str multi n=1048576 process 19: 2 of 7 comparisons not yet precise; widest ±8.2 pts: str multi n=1048576 churn ordered vs hashed
02:32:09  str multi n=1048576 process 20: 2 of 7 comparisons not yet precise; widest ±7.8 pts: str multi n=1048576 churn ordered vs hashed
02:33:40  u64 unique n=4096 process 1: 4 of 4 comparisons not yet precise
02:35:09  u64 unique n=4096 process 2: 1 of 4 comparisons not yet precise; widest ±4.0 pts: u64 unique n=4096 valuesBetween ordered vs btree-map
02:36:36  u64 unique n=4096 process 3: 0 of 4 comparisons not yet precise
02:38:07  u64 unique n=4096 process 4: 0 of 4 comparisons not yet precise
02:39:39  u64 unique n=4096 process 5: 0 of 4 comparisons not yet precise
02:40:16  u64 unique n=1048576 process 1: 3 of 3 comparisons not yet precise
02:40:49  u64 unique n=1048576 process 2: 1 of 3 comparisons not yet precise; widest ±5.3 pts: u64 unique n=1048576 valuesBetween ordered vs btree-map
02:41:23  u64 unique n=1048576 process 3: 0 of 3 comparisons not yet precise
02:41:58  u64 unique n=1048576 process 4: 0 of 3 comparisons not yet precise
02:42:33  u64 unique n=1048576 process 5: 1 of 3 comparisons not yet precise; widest ±5.7 pts: u64 unique n=1048576 valuesBetween ordered vs btree-map
02:43:09  u64 unique n=1048576 process 6: 1 of 3 comparisons not yet precise; widest ±8.2 pts: u64 unique n=1048576 valuesBetween ordered vs btree-map
02:43:46  u64 unique n=1048576 process 7: 1 of 3 comparisons not yet precise; widest ±7.1 pts: u64 unique n=1048576 valuesBetween ordered vs btree-map
02:44:21  u64 unique n=1048576 process 8: 1 of 3 comparisons not yet precise; widest ±6.0 pts: u64 unique n=1048576 valuesBetween ordered vs btree-map
02:44:55  u64 unique n=1048576 process 9: 1 of 3 comparisons not yet precise; widest ±5.2 pts: u64 unique n=1048576 valuesBetween ordered vs btree-map
02:45:29  u64 unique n=1048576 process 10: 1 of 3 comparisons not yet precise; widest ±4.6 pts: u64 unique n=1048576 valuesBetween ordered vs btree-map
02:46:06  u64 unique n=1048576 process 11: 0 of 3 comparisons not yet precise
02:47:39  str unique n=4096 process 1: 4 of 4 comparisons not yet precise
02:49:13  str unique n=4096 process 2: 2 of 4 comparisons not yet precise; widest ±11.0 pts: str unique n=4096 churn ordered vs btree-map
02:50:46  str unique n=4096 process 3: 0 of 4 comparisons not yet precise
02:52:18  str unique n=4096 process 4: 0 of 4 comparisons not yet precise
02:53:51  str unique n=4096 process 5: 0 of 4 comparisons not yet precise
02:54:21  str unique n=1048576 process 1: 3 of 3 comparisons not yet precise
02:54:53  str unique n=1048576 process 2: 3 of 3 comparisons not yet precise; widest ±22.8 pts: str unique n=1048576 valuesBetween ordered vs btree-map
02:55:25  str unique n=1048576 process 3: 3 of 3 comparisons not yet precise; widest ±12.1 pts: str unique n=1048576 valuesBetween ordered vs btree-map
02:55:56  str unique n=1048576 process 4: 2 of 3 comparisons not yet precise; widest ±8.2 pts: str unique n=1048576 valuesBetween ordered vs btree-map
02:56:28  str unique n=1048576 process 5: 2 of 3 comparisons not yet precise; widest ±5.7 pts: str unique n=1048576 valuesBetween ordered vs btree-map
02:57:00  str unique n=1048576 process 6: 1 of 3 comparisons not yet precise; widest ±4.4 pts: str unique n=1048576 valuesBetween ordered vs btree-map
02:57:33  str unique n=1048576 process 7: 1 of 3 comparisons not yet precise; widest ±4.0 pts: str unique n=1048576 valuesBetween ordered vs btree-map
02:58:06  str unique n=1048576 process 8: 1 of 3 comparisons not yet precise; widest ±3.7 pts: str unique n=1048576 valuesBetween ordered vs btree-map
02:58:36  str unique n=1048576 process 9: 1 of 3 comparisons not yet precise; widest ±3.2 pts: str unique n=1048576 valuesBetween ordered vs btree-map
02:59:08  str unique n=1048576 process 10: 1 of 3 comparisons not yet precise; widest ±2.9 pts: str unique n=1048576 valuesBetween ordered vs btree-map
02:59:40  str unique n=1048576 process 11: 1 of 3 comparisons not yet precise; widest ±2.6 pts: str unique n=1048576 valuesBetween ordered vs btree-map
03:00:12  str unique n=1048576 process 12: 1 of 3 comparisons not yet precise; widest ±2.4 pts: str unique n=1048576 valuesBetween ordered vs btree-map
03:00:44  str unique n=1048576 process 13: 1 of 3 comparisons not yet precise; widest ±2.4 pts: str unique n=1048576 valuesBetween ordered vs btree-map
03:01:16  str unique n=1048576 process 14: 1 of 3 comparisons not yet precise; widest ±2.2 pts: str unique n=1048576 valuesBetween ordered vs btree-map
03:01:47  str unique n=1048576 process 15: 1 of 3 comparisons not yet precise; widest ±2.1 pts: str unique n=1048576 valuesBetween ordered vs btree-map
03:02:19  str unique n=1048576 process 16: 0 of 3 comparisons not yet precise
03:02:56  memory round 1 of 5 done
03:03:33  memory round 2 of 5 done
03:04:10  memory round 3 of 5 done
03:04:46  memory round 4 of 5 done
03:05:24  memory round 5 of 5 done
03:05:24  done after 3h49m50s
07:28:32  start: -continue -skipmem -maxprocs 30
07:28:32  u64 multi n=4096: 5 processes already run, 0 of 12 comparisons not yet precise
07:30:18  u64 multi n=1048576 process 21: 2 of 7 comparisons not yet precise; widest ±7.6 pts: u64 multi n=1048576 churn ordered vs hashed
07:32:07  u64 multi n=1048576 process 22: 2 of 7 comparisons not yet precise; widest ±7.2 pts: u64 multi n=1048576 churn ordered vs hashed
07:33:51  u64 multi n=1048576 process 23: 2 of 7 comparisons not yet precise; widest ±19.8 pts: u64 multi n=1048576 valuesFor ordered vs hashed
07:35:41  u64 multi n=1048576 process 24: 2 of 7 comparisons not yet precise; widest ±18.9 pts: u64 multi n=1048576 valuesFor ordered vs hashed
07:37:29  u64 multi n=1048576 process 25: 2 of 7 comparisons not yet precise; widest ±18.1 pts: u64 multi n=1048576 valuesFor ordered vs hashed
07:39:20  u64 multi n=1048576 process 26: 2 of 7 comparisons not yet precise; widest ±17.4 pts: u64 multi n=1048576 valuesFor ordered vs hashed
07:41:09  u64 multi n=1048576 process 27: 2 of 7 comparisons not yet precise; widest ±16.7 pts: u64 multi n=1048576 valuesFor ordered vs hashed
07:42:58  u64 multi n=1048576 process 28: 2 of 7 comparisons not yet precise; widest ±16.1 pts: u64 multi n=1048576 valuesFor ordered vs hashed
07:44:45  u64 multi n=1048576 process 29: 2 of 7 comparisons not yet precise; widest ±15.5 pts: u64 multi n=1048576 valuesFor ordered vs hashed
07:46:33  u64 multi n=1048576 process 30: 2 of 7 comparisons not yet precise; widest ±14.9 pts: u64 multi n=1048576 valuesFor ordered vs hashed
07:46:33  str multi n=4096: 5 processes already run, 0 of 12 comparisons not yet precise
07:48:29  str multi n=1048576 process 21: 2 of 7 comparisons not yet precise; widest ±7.9 pts: str multi n=1048576 churn ordered vs hashed
07:50:23  str multi n=1048576 process 22: 1 of 7 comparisons not yet precise; widest ±2.3 pts: str multi n=1048576 valuesFor ordered vs map-sets
07:52:19  str multi n=1048576 process 23: 1 of 7 comparisons not yet precise; widest ±2.2 pts: str multi n=1048576 valuesFor ordered vs map-sets
07:54:17  str multi n=1048576 process 24: 1 of 7 comparisons not yet precise; widest ±2.3 pts: str multi n=1048576 valuesFor ordered vs map-sets
07:56:12  str multi n=1048576 process 25: 1 of 7 comparisons not yet precise; widest ±2.4 pts: str multi n=1048576 valuesFor ordered vs map-sets
07:58:07  str multi n=1048576 process 26: 1 of 7 comparisons not yet precise; widest ±2.4 pts: str multi n=1048576 valuesFor ordered vs map-sets
08:00:03  str multi n=1048576 process 27: 1 of 7 comparisons not yet precise; widest ±2.5 pts: str multi n=1048576 valuesFor ordered vs map-sets
08:01:58  str multi n=1048576 process 28: 1 of 7 comparisons not yet precise; widest ±2.5 pts: str multi n=1048576 valuesFor ordered vs map-sets
08:03:55  str multi n=1048576 process 29: 1 of 7 comparisons not yet precise; widest ±2.4 pts: str multi n=1048576 valuesFor ordered vs map-sets
08:05:50  str multi n=1048576 process 30: 1 of 7 comparisons not yet precise; widest ±2.3 pts: str multi n=1048576 valuesFor ordered vs map-sets
08:05:50  u64 unique n=4096: 5 processes already run, 0 of 4 comparisons not yet precise
08:05:50  u64 unique n=1048576: 11 processes already run, 0 of 3 comparisons not yet precise
08:05:50  str unique n=4096: 5 processes already run, 0 of 4 comparisons not yet precise
08:05:50  str unique n=1048576: 16 processes already run, 0 of 3 comparisons not yet precise
08:05:50  done after 37m18s
