== str n=1048576 get: arena-art vs arena-flat
A 299.3 per op, B 286.9 per op
difference -4.32% [-6.98%, -1.37%] at 95% confidence
noise floor 0.962%, autocorrelation +0.747, resampled in blocks of 5
resolved: A is slower than B
  warning: candidate A drifted during the run, shifting +0.78% from its first half to its second; the machine did not hold still
  warning: candidate B drifted during the run, shifting +0.17% from its first half to its second; the machine did not hold still

== str n=1048576 get: arena-art vs ptr-art
A 304.8 per op, B 315.7 per op
difference +3.47% [+0.17%, +5.26%] at 95% confidence
noise floor 0.904%, autocorrelation +0.410, resampled in blocks of 5
resolved: A is faster than B

== str n=1048576 get: arena-art vs tidwall-btree
A 339.8 per op, B 1104 per op
difference +69.23% [+68.34%, +70.37%] at 95% confidence
noise floor 0.823%, autocorrelation +0.591, resampled in blocks of 5
resolved: A is faster than B
  warning: candidate B drifted during the run, shifting +4.98% from its first half to its second; the machine did not hold still

== str n=1048576 get: arena-art vs plar-art
A 317.5 per op, B 940.1 per op
difference +66.22% [+65.56%, +66.92%] at 95% confidence
noise floor 1.015%, autocorrelation +0.738, resampled in blocks of 5
resolved: A is faster than B

== str n=1048576 get: arena-art vs go-map
A 264 per op, B 102.8 per op
difference -156.79% [-158.42%, -155.27%] at 95% confidence
noise floor 0.705%, autocorrelation +0.767, resampled in blocks of 5
resolved: A is slower than B
  warning: candidate A drifted during the run, shifting -1.08% from its first half to its second; the machine did not hold still

== str n=1048576 miss: arena-art vs arena-flat
A 203.1 per op, B 191 per op
difference -6.36% [-10.84%, -3.81%] at 95% confidence
noise floor 0.791%, autocorrelation +0.679, resampled in blocks of 5
resolved: A is slower than B

== str n=1048576 miss: arena-art vs ptr-art
A 173.9 per op, B 171.3 per op
difference -1.51% [-2.74%, -0.05%] at 95% confidence
noise floor 0.908%, autocorrelation +0.649, resampled in blocks of 5
resolved: A is slower than B
  warning: candidate A drifted during the run, shifting -2.16% from its first half to its second; the machine did not hold still
  warning: candidate B drifted during the run, shifting -2.08% from its first half to its second; the machine did not hold still

== str n=1048576 miss: arena-art vs tidwall-btree
A 230.7 per op, B 1109 per op
difference +79.19% [+78.40%, +79.88%] at 95% confidence
noise floor 1.163%, autocorrelation +0.682, resampled in blocks of 5
resolved: A is faster than B

== str n=1048576 miss: arena-art vs plar-art
A 209.7 per op, B 594.3 per op
difference +64.72% [+63.85%, +65.73%] at 95% confidence
noise floor 1.601%, autocorrelation +0.606, resampled in blocks of 5
resolved: A is faster than B
  warning: candidate B drifted during the run, shifting -4.34% from its first half to its second; the machine did not hold still

== str n=1048576 miss: arena-art vs go-map
A 166.8 per op, B 40.65 per op
difference -310.42% [-317.22%, -304.41%] at 95% confidence
noise floor 0.718%, autocorrelation +0.794, resampled in blocks of 5
resolved: A is slower than B
  warning: candidate A drifted during the run, shifting -1.23% from its first half to its second; the machine did not hold still

== str n=1048576 scan: arena-art vs arena-flat
A 6534 per op, B 6042 per op
difference -8.14% [-9.58%, -7.28%] at 95% confidence
noise floor 0.764%, autocorrelation +0.708, resampled in blocks of 5
resolved: A is slower than B
  warning: candidate A drifted during the run, shifting -1.09% from its first half to its second; the machine did not hold still
  warning: candidate B drifted during the run, shifting -1.73% from its first half to its second; the machine did not hold still

== str n=1048576 scan: arena-art vs ptr-art
A 6846 per op, B 5497 per op
difference -24.54% [-32.58%, -20.62%] at 95% confidence
noise floor 0.711%, autocorrelation +0.760, resampled in blocks of 5
resolved: A is slower than B
  warning: candidate A drifted during the run, shifting +9.59% from its first half to its second; the machine did not hold still
  warning: candidate B drifted during the run, shifting +6.37% from its first half to its second; the machine did not hold still

== str n=1048576 scan: arena-art vs tidwall-btree
A 7224 per op, B 2264 per op
difference -219.12% [-225.90%, -210.22%] at 95% confidence
noise floor 0.998%, autocorrelation +0.772, resampled in blocks of 5
resolved: A is slower than B
  warning: candidate A drifted during the run, shifting +2.50% from its first half to its second; the machine did not hold still
  warning: candidate B drifted during the run, shifting +2.74% from its first half to its second; the machine did not hold still

