== u64 n=65536 build: arena-art vs arena-flat
A 3.102e+06 per op, B 3.806e+06 per op
difference +18.50% [+17.59%, +18.98%] at 95% confidence
noise floor 0.965%, autocorrelation +0.229, resampled in blocks of 5
resolved: A is faster than B

== u64 n=65536 build: arena-art vs ptr-art
A 3.091e+06 per op, B 4.243e+06 per op
difference +27.15% [+26.53%, +27.76%] at 95% confidence
noise floor 0.933%, autocorrelation +0.143
resolved: A is faster than B

== u64 n=65536 build: arena-art vs tidwall-btree
A 3.206e+06 per op, B 1.574e+07 per op
difference +79.63% [+79.48%, +79.82%] at 95% confidence
noise floor 0.863%, autocorrelation +0.169
resolved: A is faster than B

== u64 n=65536 build: arena-art vs plar-art
A 3.042e+06 per op, B 7.681e+06 per op
difference +60.39% [+60.11%, +60.74%] at 95% confidence
noise floor 0.605%, autocorrelation +0.203, resampled in blocks of 5
resolved: A is faster than B
  warning: candidate A drifted during the run, shifting +1.50% from its first half to its second; the machine did not hold still

== u64 n=65536 build: arena-art vs plar-hot
A 3.197e+06 per op, B 1.842e+07 per op
difference +82.65% [+82.52%, +82.72%] at 95% confidence
noise floor 0.662%, autocorrelation +0.126
resolved: A is faster than B

== u64 n=65536 build: arena-art vs go-map
A 3.009e+06 per op, B 4.848e+06 per op
difference +37.93% [+37.35%, +38.43%] at 95% confidence
noise floor 0.605%, autocorrelation +0.164
resolved: A is faster than B

