== u64 n=4096 get: arena-art vs arena-flat
A 18.69 per op, B 17.06 per op
difference -9.60% [-10.13%, -9.10%] at 95% confidence
noise floor 0.343%, autocorrelation +0.324, resampled in blocks of 5
resolved: A is slower than B

== u64 n=4096 get: arena-art vs ptr-art
A 18.71 per op, B 16.66 per op
difference -12.30% [-12.81%, -11.56%] at 95% confidence
noise floor 0.312%, autocorrelation +0.253, resampled in blocks of 5
resolved: A is slower than B

== u64 n=4096 get: arena-art vs tidwall-btree
A 18.63 per op, B 115.9 per op
difference +83.93% [+83.88%, +83.98%] at 95% confidence
noise floor 0.329%, autocorrelation +0.243, resampled in blocks of 5
resolved: A is faster than B
  warning: candidate B drifted during the run, shifting -0.38% from its first half to its second; the machine did not hold still

== u64 n=4096 get: arena-art vs plar-art
A 18.59 per op, B 26.84 per op
difference +30.74% [+30.35%, +31.16%] at 95% confidence
noise floor 0.345%, autocorrelation +0.260, resampled in blocks of 5
resolved: A is faster than B

== u64 n=4096 get: arena-art vs go-map
A 18.58 per op, B 11.91 per op
difference -55.93% [-57.12%, -54.52%] at 95% confidence
noise floor 0.400%, autocorrelation +0.254, resampled in blocks of 5
resolved: A is slower than B
  warning: candidate B drifted during the run, shifting +1.15% from its first half to its second; the machine did not hold still

== u64 n=4096 miss: arena-art vs arena-flat
A 9.108 per op, B 8.691 per op
difference -4.80% [-5.20%, -4.50%] at 95% confidence
noise floor 0.458%, autocorrelation +0.228, resampled in blocks of 5
resolved: A is slower than B
  warning: candidate B drifted during the run, shifting +0.43% from its first half to its second; the machine did not hold still

== u64 n=4096 miss: arena-art vs ptr-art
A 9.113 per op, B 8.744 per op
difference -4.22% [-4.65%, -3.83%] at 95% confidence
noise floor 0.435%, autocorrelation +0.207, resampled in blocks of 5
resolved: A is slower than B
  warning: candidate B drifted during the run, shifting +0.23% from its first half to its second; the machine did not hold still
  warning: in 40% of A/A runs this setup reported a difference between identical code, well above the 10% expected; treat any confidence from it with suspicion

== u64 n=4096 miss: arena-art vs tidwall-btree
A 9.093 per op, B 116.8 per op
difference +92.22% [+92.20%, +92.23%] at 95% confidence
noise floor 0.377%, autocorrelation +0.403, resampled in blocks of 5
resolved: A is faster than B

== u64 n=4096 miss: arena-art vs plar-art
A 9.082 per op, B 23.75 per op
difference +61.76% [+61.67%, +61.81%] at 95% confidence
noise floor 0.488%, autocorrelation +0.168
resolved: A is faster than B
  warning: candidate B drifted during the run, shifting -0.22% from its first half to its second; the machine did not hold still
  warning: in 80% of A/A runs this setup reported a difference between identical code, well above the 10% expected; treat any confidence from it with suspicion

== u64 n=4096 miss: arena-art vs go-map
A 9.091 per op, B 8.934 per op
difference -1.76% [-1.82%, -1.53%] at 95% confidence
noise floor 0.433%, autocorrelation +0.153
resolved: A is slower than B
  warning: candidate A drifted during the run, shifting +0.04% from its first half to its second; the machine did not hold still
  warning: candidate B drifted during the run, shifting +0.18% from its first half to its second; the machine did not hold still
  warning: in 28% of A/A runs this setup reported a difference between identical code, well above the 10% expected; treat any confidence from it with suspicion

== u64 n=4096 scan: arena-art vs arena-flat
A 595.1 per op, B 570.1 per op
difference -4.38% [-4.78%, -4.14%] at 95% confidence
noise floor 0.314%, autocorrelation +0.118
resolved: A is slower than B
  warning: candidate A drifted during the run, shifting +0.91% from its first half to its second; the machine did not hold still
  warning: candidate B drifted during the run, shifting +1.52% from its first half to its second; the machine did not hold still
  warning: in 65% of A/A runs this setup reported a difference between identical code, well above the 10% expected; treat any confidence from it with suspicion

== u64 n=4096 scan: arena-art vs ptr-art
A 594 per op, B 580.7 per op
difference -2.28% [-2.62%, -2.00%] at 95% confidence
noise floor 0.323%, autocorrelation +0.112
resolved: A is slower than B
  warning: candidate A drifted during the run, shifting -0.44% from its first half to its second; the machine did not hold still
  warning: candidate B drifted during the run, shifting -0.40% from its first half to its second; the machine did not hold still
  warning: in 80% of A/A runs this setup reported a difference between identical code, well above the 10% expected; treat any confidence from it with suspicion

== u64 n=4096 scan: arena-art vs tidwall-btree
A 595.1 per op, B 343.8 per op
difference -73.12% [-73.43%, -72.77%] at 95% confidence
noise floor 0.185%, autocorrelation +0.138
resolved: A is slower than B

== u64 n=4096 build: arena-art vs arena-flat
A 2.215e+05 per op, B 2.931e+05 per op
difference +24.42% [+22.83%, +25.27%] at 95% confidence
noise floor 0.846%, autocorrelation +0.140
resolved: A is faster than B

== u64 n=4096 build: arena-art vs ptr-art
A 2.691e+05 per op, B 2.006e+05 per op
difference -34.12% [-35.51%, -32.73%] at 95% confidence
noise floor 0.606%, autocorrelation +0.235, resampled in blocks of 5
resolved: A is slower than B

== u64 n=4096 build: arena-art vs tidwall-btree
A 2.225e+05 per op, B 5.968e+05 per op
difference +62.72% [+62.44%, +63.01%] at 95% confidence
noise floor 0.772%, autocorrelation +0.211, resampled in blocks of 5
resolved: A is faster than B

== u64 n=4096 build: arena-art vs plar-art
A 2.164e+05 per op, B 3.748e+05 per op
difference +42.25% [+41.32%, +42.86%] at 95% confidence
noise floor 0.778%, autocorrelation +0.314, resampled in blocks of 5
resolved: A is faster than B
  warning: candidate A drifted during the run, shifting +2.78% from its first half to its second; the machine did not hold still

== u64 n=4096 build: arena-art vs go-map
A 2.682e+05 per op, B 2.181e+05 per op
difference -23.00% [-24.86%, -21.97%] at 95% confidence
noise floor 0.571%, autocorrelation +0.270, resampled in blocks of 5
resolved: A is slower than B
  warning: candidate A drifted during the run, shifting +1.21% from its first half to its second; the machine did not hold still

