== u64 n=1048576 get: arena-art vs arena-flat
A 94.54 per op, B 88.67 per op
difference -6.62% [-7.80%, -5.10%] at 95% confidence
noise floor 1.170%, autocorrelation +0.583, resampled in blocks of 5
resolved: A is slower than B
  warning: candidate A drifted during the run, shifting +1.22% from its first half to its second; the machine did not hold still
  warning: candidate B drifted during the run, shifting +1.40% from its first half to its second; the machine did not hold still

== u64 n=1048576 get: arena-art vs ptr-art
A 102.5 per op, B 118.1 per op
difference +13.19% [+11.92%, +14.41%] at 95% confidence
noise floor 1.204%, autocorrelation +0.571, resampled in blocks of 5
resolved: A is faster than B

== u64 n=1048576 get: arena-art vs tidwall-btree
A 113.8 per op, B 989 per op
difference +88.50% [+88.18%, +88.77%] at 95% confidence
noise floor 1.076%, autocorrelation +0.627, resampled in blocks of 5
resolved: A is faster than B
  warning: candidate B drifted during the run, shifting +3.29% from its first half to its second; the machine did not hold still

== u64 n=1048576 get: arena-art vs plar-art
A 105.2 per op, B 346.7 per op
difference +69.67% [+68.97%, +70.06%] at 95% confidence
noise floor 1.528%, autocorrelation +0.595, resampled in blocks of 5
resolved: A is faster than B

== u64 n=1048576 get: arena-art vs go-map
A 99.71 per op, B 110.5 per op
difference +9.78% [+6.83%, +12.74%] at 95% confidence
noise floor 1.301%, autocorrelation +0.609, resampled in blocks of 5
resolved: A is faster than B
  warning: candidate B drifted during the run, shifting +2.15% from its first half to its second; the machine did not hold still

== u64 n=1048576 miss: arena-art vs arena-flat
A 43.28 per op, B 39.13 per op
difference -10.58% [-15.42%, -5.79%] at 95% confidence
noise floor 1.478%, autocorrelation +0.631, resampled in blocks of 5
resolved: A is slower than B

== u64 n=1048576 miss: arena-art vs ptr-art
A 39.01 per op, B 43.52 per op
difference +10.36% [+7.87%, +12.69%] at 95% confidence
noise floor 1.453%, autocorrelation +0.688, resampled in blocks of 5
resolved: A is faster than B
  warning: candidate A drifted during the run, shifting -3.37% from its first half to its second; the machine did not hold still
  warning: candidate B drifted during the run, shifting -2.59% from its first half to its second; the machine did not hold still

== u64 n=1048576 miss: arena-art vs tidwall-btree
A 48.14 per op, B 935.1 per op
difference +94.85% [+94.74%, +95.05%] at 95% confidence
noise floor 1.074%, autocorrelation +0.709, resampled in blocks of 5
resolved: A is faster than B
  warning: candidate B drifted during the run, shifting -0.45% from its first half to its second; the machine did not hold still

== u64 n=1048576 miss: arena-art vs plar-art
A 45.97 per op, B 154.8 per op
difference +70.31% [+68.95%, +71.67%] at 95% confidence
noise floor 1.591%, autocorrelation +0.606, resampled in blocks of 5
resolved: A is faster than B
  warning: candidate A drifted during the run, shifting -4.75% from its first half to its second; the machine did not hold still
  warning: candidate B drifted during the run, shifting -4.68% from its first half to its second; the machine did not hold still

== u64 n=1048576 miss: arena-art vs go-map
A 42.89 per op, B 48.99 per op
difference +12.45% [+8.02%, +15.37%] at 95% confidence
noise floor 1.853%, autocorrelation +0.695, resampled in blocks of 5
resolved: A is faster than B
  warning: candidate B drifted during the run, shifting +2.69% from its first half to its second; the machine did not hold still

== u64 n=1048576 scan: arena-art vs arena-flat
A 3981 per op, B 3637 per op
difference -9.45% [-10.79%, -8.26%] at 95% confidence
noise floor 0.916%, autocorrelation +0.442, resampled in blocks of 5
resolved: A is slower than B
  warning: candidate B drifted during the run, shifting -1.64% from its first half to its second; the machine did not hold still

== u64 n=1048576 scan: arena-art vs ptr-art
A 4321 per op, B 3094 per op
difference -39.68% [-43.01%, -35.74%] at 95% confidence
noise floor 1.921%, autocorrelation +0.558, resampled in blocks of 5
resolved: A is slower than B
  warning: in 35% of A/A runs this setup reported a difference between identical code, well above the 10% expected; treat any confidence from it with suspicion

== u64 n=1048576 scan: arena-art vs tidwall-btree
A 3396 per op, B 1748 per op
difference -94.23% [-95.95%, -92.32%] at 95% confidence
noise floor 1.034%, autocorrelation +0.615, resampled in blocks of 5
resolved: A is slower than B
  warning: candidate A drifted during the run, shifting -0.70% from its first half to its second; the machine did not hold still

