12:01:11  start: -suite dev -minprocs 6 -maxprocs 8 -memn 262144 -memrounds 3 -keys dirs -values single-value -sizes 4096,16384,86215 -vs baseline -out C:\temp\bench-win\m35-y-ptr-dirs-single
12:01:19  dirs single-value n=4096: 1 processes done; the first stage is at least 6
12:01:26  dirs single-value n=4096: 2 processes done; the first stage is at least 6
12:01:33  dirs single-value n=4096: 3 processes done; the first stage is at least 6
12:01:40  dirs single-value n=4096: 4 processes done; the first stage is at least 6
12:01:47  dirs single-value n=4096: 5 processes done; the first stage is at least 6
12:01:54  dirs single-value n=4096: first stage of 6 processes done; no comparison needs 6 processes for its interval, run in whole pairs of processes (at most 8)
12:01:54  dirs single-value n=4096: 6 processes done; 0 of 5 comparisons not yet within the interval asked for
12:02:04  dirs single-value n=16384: 1 processes done; the first stage is at least 6
12:02:14  dirs single-value n=16384: 2 processes done; the first stage is at least 6
12:02:24  dirs single-value n=16384: 3 processes done; the first stage is at least 6
12:02:33  dirs single-value n=16384: 4 processes done; the first stage is at least 6
12:02:43  dirs single-value n=16384: 5 processes done; the first stage is at least 6
12:02:53  dirs single-value n=16384: first stage of 6 processes done; prefix ordered baseline needs 8 processes for its interval, run in whole pairs of processes (at most 8)
12:02:53  dirs single-value n=16384: 6 processes done; 1 of 5 comparisons not yet within the interval asked for; widest ±2.2 pts: prefix ordered baseline
12:03:03  dirs single-value n=16384: 7 processes done; 1 of 5 comparisons not yet within the interval asked for; widest ±2.0 pts: prefix ordered baseline
12:03:13  dirs single-value n=16384: 8 processes done; 0 of 5 comparisons not yet within the interval asked for
12:03:22  dirs single-value n=86215: 1 processes done; the first stage is at least 6
12:03:31  dirs single-value n=86215: 2 processes done; the first stage is at least 6
12:03:40  dirs single-value n=86215: 3 processes done; the first stage is at least 6
12:03:49  dirs single-value n=86215: 4 processes done; the first stage is at least 6
12:03:58  dirs single-value n=86215: 5 processes done; the first stage is at least 6
12:04:07  dirs single-value n=86215: first stage of 6 processes done; valuesFor ordered baseline needs 8 processes for its interval, run in whole pairs of processes (at most 8)
12:04:07  dirs single-value n=86215: 6 processes done; 1 of 4 comparisons not yet within the interval asked for; widest ±2.3 pts: valuesFor ordered baseline
12:04:16  dirs single-value n=86215: 7 processes done; 1 of 4 comparisons not yet within the interval asked for; widest ±2.1 pts: valuesFor ordered baseline
12:04:25  dirs single-value n=86215: 8 processes done; 0 of 4 comparisons not yet within the interval asked for
12:04:26  memory round 1 of 3 done
12:04:28  memory round 2 of 3 done
12:04:29  memory round 3 of 3 done
12:04:29  done after 3m18s
