== street natural n=65536 valuesFor: ordered vs btree-sets
A: 203.4 ns per operation (median)
B: 444.9 ns per operation (median)
A needs 57.1% less time than B: B takes 2.33 times as long as A.
With 95% confidence the difference lies between 53.2% and 59% less time (B takes between 2.13 and 2.44 times as long as A).
Noise floor: 5.64%. Identical code measured against itself on this setup can look that different, so smaller differences mean nothing.
Neighbouring measurements are correlated (autocorrelation +0.73), so they were resampled in blocks of 3.

Verdict: RESOLVED. A is faster than B: the difference is real, as its interval excludes zero and it exceeds the noise floor.

Warnings:
  - the program holds 148 MB of live data, more than the caches of many machines; for data that size, where it lies in memory can shift the result by several points in ways the interval does not cover, and differently in the next process; run the comparison in several processes with the multiproc package
  - candidate A drifted during the run: its measurements were 13.2% lower in the second half than in the first, so the machine did not hold still
  - candidate B drifted during the run: its measurements were 20.2% lower in the second half than in the first, so the machine did not hold still

== street natural n=65536 valuesFor: ordered vs baseline
A: 151.7 ns per operation (median)
B: 149.5 ns per operation (median)
A needs 3.5% more time than B: B takes only 0.97 times as long as A.
With 95% confidence the difference lies between 4.26% more time and 1.1% less time (B takes between 0.959 and 1.01 times as long as A).
Noise floor: 1.69%. Identical code measured against itself on this setup can look that different, so smaller differences mean nothing.
Neighbouring measurements are correlated (autocorrelation +0.82), so they were resampled in blocks of 3.

Verdict: NOT RESOLVED. This run did not establish which candidate is faster. That is not the same as "equally fast": the warnings below say what is missing.

Warnings:
  - the interval [-4.26%, 1.10%] includes zero, so a difference in either direction is consistent with these measurements
  - the program holds 148 MB of live data, more than the caches of many machines; for data that size, where it lies in memory can shift the result by several points in ways the interval does not cover, and differently in the next process; run the comparison in several processes with the multiproc package

== street natural n=65536 valuesBetween: ordered vs btree-sets
A: 4244 ns per operation (median)
B: 9536 ns per operation (median)
A needs 55.7% less time than B: B takes 2.26 times as long as A.
With 95% confidence the difference lies between 55.1% and 57.1% less time (B takes between 2.23 and 2.33 times as long as A).
Noise floor: 0.541%. Identical code measured against itself on this setup can look that different, so smaller differences mean nothing.
Neighbouring measurements are correlated (autocorrelation +0.46), so they were resampled in blocks of 3.

Verdict: RESOLVED. A is faster than B: the difference is real, as its interval excludes zero and it exceeds the noise floor.

Warnings:
  - the program holds 148 MB of live data, more than the caches of many machines; for data that size, where it lies in memory can shift the result by several points in ways the interval does not cover, and differently in the next process; run the comparison in several processes with the multiproc package

== street natural n=65536 valuesBetween: ordered vs baseline
A: 3888 ns per operation (median)
B: 4434 ns per operation (median)
A needs 12.7% less time than B: B takes 1.15 times as long as A.
With 95% confidence the difference lies between 11.2% and 14.7% less time (B takes between 1.13 and 1.17 times as long as A).
Noise floor: 0.951%. Identical code measured against itself on this setup can look that different, so smaller differences mean nothing.
Neighbouring measurements are correlated (autocorrelation +0.56), so they were resampled in blocks of 3.

Verdict: RESOLVED. A is faster than B: the difference is real, as its interval excludes zero and it exceeds the noise floor.

Warnings:
  - the program holds 148 MB of live data, more than the caches of many machines; for data that size, where it lies in memory can shift the result by several points in ways the interval does not cover, and differently in the next process; run the comparison in several processes with the multiproc package

== street natural n=65536 prefix: ordered vs btree-sets
A: 5285 ns per operation (median)
B: 1.26e+04 ns per operation (median)
A needs 60.8% less time than B: B takes 2.55 times as long as A.
With 95% confidence the difference lies between 56.5% and 61.9% less time (B takes between 2.3 and 2.63 times as long as A).
Noise floor: 5.76%. Identical code measured against itself on this setup can look that different, so smaller differences mean nothing.
Neighbouring measurements are nearly independent (autocorrelation +0.13), so they were resampled one by one.

Verdict: RESOLVED. A is faster than B: the difference is real, as its interval excludes zero and it exceeds the noise floor.

Warnings:
  - the program holds 148 MB of live data, more than the caches of many machines; for data that size, where it lies in memory can shift the result by several points in ways the interval does not cover, and differently in the next process; run the comparison in several processes with the multiproc package
  - in 50% of A/A runs this setup reported a difference between identical code, well above the 10% expected; treat any confidence from it with suspicion

== street natural n=65536 prefix: ordered vs baseline
A: 4718 ns per operation (median)
B: 5502 ns per operation (median)
A needs 13.9% less time than B: B takes 1.16 times as long as A.
With 95% confidence the difference lies between 11.1% and 19.6% less time (B takes between 1.12 and 1.24 times as long as A).
Noise floor: 3.51%. Identical code measured against itself on this setup can look that different, so smaller differences mean nothing.
Neighbouring measurements are nearly independent (autocorrelation +0.11), so they were resampled one by one.

Verdict: RESOLVED. A is faster than B: the difference is real, as its interval excludes zero and it exceeds the noise floor.

Warnings:
  - the program holds 148 MB of live data, more than the caches of many machines; for data that size, where it lies in memory can shift the result by several points in ways the interval does not cover, and differently in the next process; run the comparison in several processes with the multiproc package

== street natural n=65536 churn and build: ordered vs btree-sets
steady state, per insertion or deletion in a structure of 185027 elements (cycle of 483790 operations, first pass untimed):
  A: 380.3 ns per operation (median)
  B: 515.5 ns per operation (median)
  A needs 26.1% less time than B: B takes 1.35 times as long as A.
  With 95% confidence the difference lies between 23.7% and 27.6% less time (B takes between 1.31 and 1.38 times as long as A).
  Noise floor: 0.979%. Identical code measured against itself on this setup can look that different, so smaller differences mean nothing.
  Neighbouring measurements are correlated (autocorrelation +0.50), so they were resampled in blocks of 3.
  
  Verdict: RESOLVED. A is faster than B: the difference is real, as its interval excludes zero and it exceeds the noise floor.
  
  Warnings:
    - the program holds 205 MB of live data, more than the caches of many machines; for data that size, where it lies in memory can shift the result by several points in ways the interval does not cover, and differently in the next process; run the comparison in several processes with the multiproc package
    - in 50% of A/A runs this setup reported a difference between identical code, well above the 10% expected; treat any confidence from it with suspicion

build from empty to 185027 elements, per whole build (663737 operations):
  A: 2.027e+08 ns per operation (median)
  B: 2.873e+08 ns per operation (median)
  A needs 29.5% less time than B: B takes 1.42 times as long as A.
  With 95% confidence the difference lies between 29.2% and 31.6% less time (B takes between 1.41 and 1.46 times as long as A).
  Noise floor: 0.592%. Identical code measured against itself on this setup can look that different, so smaller differences mean nothing.
  Neighbouring measurements are nearly independent (autocorrelation -0.06), so they were resampled one by one.
  
  Verdict: RESOLVED. A is faster than B: the difference is real, as its interval excludes zero and it exceeds the noise floor.
  
  Warnings:
    - the program holds 169 MB of live data, more than the caches of many machines; for data that size, where it lies in memory can shift the result by several points in ways the interval does not cover, and differently in the next process; run the comparison in several processes with the multiproc package
    - in 50% of A/A runs this setup reported a difference between identical code, well above the 10% expected; treat any confidence from it with suspicion

== street natural n=65536 churn and build: ordered vs baseline
steady state, per insertion or deletion in a structure of 185027 elements (cycle of 483790 operations, first pass untimed):
  A: 351.4 ns per operation (median)
  B: 298.2 ns per operation (median)
  A needs 22% more time than B: B takes only 0.82 times as long as A.
  With 95% confidence the difference lies between 6.58% and 25.4% more time (B takes between 0.798 and 0.94 times as long as A).
  Noise floor: 5.4%. Identical code measured against itself on this setup can look that different, so smaller differences mean nothing.
  Neighbouring measurements are nearly independent (autocorrelation -0.15), so they were resampled one by one.
  
  Verdict: RESOLVED. A is slower than B: the difference is real, as its interval excludes zero and it exceeds the noise floor.
  
  Warnings:
    - the program holds 188 MB of live data, more than the caches of many machines; for data that size, where it lies in memory can shift the result by several points in ways the interval does not cover, and differently in the next process; run the comparison in several processes with the multiproc package

build from empty to 185027 elements, per whole build (663737 operations):
  A: 2.113e+08 ns per operation (median)
  B: 1.74e+08 ns per operation (median)
  A needs 21.5% more time than B: B takes only 0.82 times as long as A.
  With 95% confidence the difference lies between 20.6% and 23.8% more time (B takes between 0.808 and 0.83 times as long as A).
  Noise floor: 0.13%. Identical code measured against itself on this setup can look that different, so smaller differences mean nothing.
  Neighbouring measurements are nearly independent (autocorrelation -0.07), so they were resampled one by one.
  
  Verdict: RESOLVED. A is slower than B: the difference is real, as its interval excludes zero and it exceeds the noise floor.
  
  Warnings:
    - the program holds 169 MB of live data, more than the caches of many machines; for data that size, where it lies in memory can shift the result by several points in ways the interval does not cover, and differently in the next process; run the comparison in several processes with the multiproc package

checksum 1092744022671
== street natural n=65536 valuesFor: ordered vs btree-sets
A: 179.6 ns per operation (median)
B: 411 ns per operation (median)
A needs 55.7% less time than B: B takes 2.26 times as long as A.
With 95% confidence the difference lies between 54% and 60.5% less time (B takes between 2.17 and 2.53 times as long as A).
Noise floor: 5.65%. Identical code measured against itself on this setup can look that different, so smaller differences mean nothing.
Neighbouring measurements are nearly independent (autocorrelation -0.75), so they were resampled one by one.

Verdict: RESOLVED. A is faster than B: the difference is real, as its interval excludes zero and it exceeds the noise floor.

Warnings:
  - the program holds 188 MB of live data, more than the caches of many machines; for data that size, where it lies in memory can shift the result by several points in ways the interval does not cover, and differently in the next process; run the comparison in several processes with the multiproc package

== street natural n=65536 valuesFor: ordered vs baseline
A: 173.9 ns per operation (median)
B: 172.5 ns per operation (median)
A needs 0.442% more time than B: B takes only 1.00 times as long as A.
With 95% confidence the difference lies between 4.56% more time and 3.39% less time (B takes between 0.956 and 1.04 times as long as A).
Noise floor: 3.34%. Identical code measured against itself on this setup can look that different, so smaller differences mean nothing.
Neighbouring measurements are correlated (autocorrelation +0.50), so they were resampled in blocks of 3.

Verdict: NOT RESOLVED. This run did not establish which candidate is faster. That is not the same as "equally fast": the warnings below say what is missing.

Warnings:
  - the difference of -0.44% does not clear the 3.34% noise floor, which is what this setup reports between two runs of identical code
  - the interval [-4.56%, 3.39%] includes zero, so a difference in either direction is consistent with these measurements
  - the program holds 188 MB of live data, more than the caches of many machines; for data that size, where it lies in memory can shift the result by several points in ways the interval does not cover, and differently in the next process; run the comparison in several processes with the multiproc package

== street natural n=65536 valuesBetween: ordered vs btree-sets
A: 4142 ns per operation (median)
B: 9436 ns per operation (median)
A needs 56.4% less time than B: B takes 2.29 times as long as A.
With 95% confidence the difference lies between 55% and 57.9% less time (B takes between 2.22 and 2.38 times as long as A).
Noise floor: 1.76%. Identical code measured against itself on this setup can look that different, so smaller differences mean nothing.
Neighbouring measurements are nearly independent (autocorrelation -0.17), so they were resampled one by one.

Verdict: RESOLVED. A is faster than B: the difference is real, as its interval excludes zero and it exceeds the noise floor.

Warnings:
  - the program holds 188 MB of live data, more than the caches of many machines; for data that size, where it lies in memory can shift the result by several points in ways the interval does not cover, and differently in the next process; run the comparison in several processes with the multiproc package

== street natural n=65536 valuesBetween: ordered vs baseline
A: 3899 ns per operation (median)
B: 4535 ns per operation (median)
A needs 15.9% less time than B: B takes 1.19 times as long as A.
With 95% confidence the difference lies between 11.3% and 17.8% less time (B takes between 1.13 and 1.22 times as long as A).
Noise floor: 2.48%. Identical code measured against itself on this setup can look that different, so smaller differences mean nothing.
Neighbouring measurements are nearly independent (autocorrelation -0.30), so they were resampled one by one.

Verdict: RESOLVED. A is faster than B: the difference is real, as its interval excludes zero and it exceeds the noise floor.

Warnings:
  - the program holds 188 MB of live data, more than the caches of many machines; for data that size, where it lies in memory can shift the result by several points in ways the interval does not cover, and differently in the next process; run the comparison in several processes with the multiproc package
  - in 50% of A/A runs this setup reported a difference between identical code, well above the 10% expected; treat any confidence from it with suspicion

== street natural n=65536 prefix: ordered vs btree-sets
A: 4867 ns per operation (median)
B: 1.173e+04 ns per operation (median)
A needs 57.6% less time than B: B takes 2.36 times as long as A.
With 95% confidence the difference lies between 55.6% and 59.5% less time (B takes between 2.25 and 2.47 times as long as A).
Noise floor: 2.29%. Identical code measured against itself on this setup can look that different, so smaller differences mean nothing.
Neighbouring measurements are nearly independent (autocorrelation +0.09), so they were resampled one by one.

Verdict: RESOLVED. A is faster than B: the difference is real, as its interval excludes zero and it exceeds the noise floor.

Warnings:
  - the program holds 188 MB of live data, more than the caches of many machines; for data that size, where it lies in memory can shift the result by several points in ways the interval does not cover, and differently in the next process; run the comparison in several processes with the multiproc package

== street natural n=65536 prefix: ordered vs baseline
A: 4624 ns per operation (median)
B: 5566 ns per operation (median)
A needs 17.3% less time than B: B takes 1.21 times as long as A.
With 95% confidence the difference lies between 9.03% and 20.9% less time (B takes between 1.1 and 1.26 times as long as A).
Noise floor: 7.35%. Identical code measured against itself on this setup can look that different, so smaller differences mean nothing.
Neighbouring measurements are nearly independent (autocorrelation -0.05), so they were resampled one by one.

Verdict: RESOLVED. A is faster than B: the difference is real, as its interval excludes zero and it exceeds the noise floor.

Warnings:
  - the program holds 188 MB of live data, more than the caches of many machines; for data that size, where it lies in memory can shift the result by several points in ways the interval does not cover, and differently in the next process; run the comparison in several processes with the multiproc package
  - in 50% of A/A runs this setup reported a difference between identical code, well above the 10% expected; treat any confidence from it with suspicion

== street natural n=65536 churn and build: ordered vs btree-sets
steady state, per insertion or deletion in a structure of 185027 elements (cycle of 483790 operations, first pass untimed):
  A: 468.5 ns per operation (median)
  B: 598.2 ns per operation (median)
  A needs 21.6% less time than B: B takes 1.28 times as long as A.
  With 95% confidence the difference lies between 17.9% and 26.7% less time (B takes between 1.22 and 1.37 times as long as A).
  Noise floor: 0.458%. Identical code measured against itself on this setup can look that different, so smaller differences mean nothing.
  Neighbouring measurements are correlated (autocorrelation +0.44), so they were resampled in blocks of 3.
  
  Verdict: RESOLVED. A is faster than B: the difference is real, as its interval excludes zero and it exceeds the noise floor.
  
  Warnings:
    - the program holds 204 MB of live data, more than the caches of many machines; for data that size, where it lies in memory can shift the result by several points in ways the interval does not cover, and differently in the next process; run the comparison in several processes with the multiproc package
    - candidate A drifted during the run: its measurements were 14.5% lower in the second half than in the first, so the machine did not hold still
    - candidate B drifted during the run: its measurements were 5.78% lower in the second half than in the first, so the machine did not hold still
    - the ratio B/A was 8.9% higher in the second half of the run than in the first, so the candidates had not reached a steady state and the difference depends on how long the run was; a common cause is a head start for whichever candidate ran alone last before the comparison or had its data built last, which a longer CollectOptions.WarmupDuration removes
    - in 50% of A/A runs this setup reported a difference between identical code, well above the 10% expected; treat any confidence from it with suspicion

build from empty to 185027 elements, per whole build (663737 operations):
  A: 2.052e+08 ns per operation (median)
  B: 2.863e+08 ns per operation (median)
  A needs 28.2% less time than B: B takes 1.39 times as long as A.
  With 95% confidence the difference lies between 28.2% and 28.7% less time (B takes between 1.39 and 1.40 times as long as A).
  Noise floor: 0.256%. Identical code measured against itself on this setup can look that different, so smaller differences mean nothing.
  Neighbouring measurements are nearly independent (autocorrelation +0.01), so they were resampled one by one.
  
  Verdict: RESOLVED. A is faster than B: the difference is real, as its interval excludes zero and it exceeds the noise floor.
  
  Warnings:
    - the program holds 168 MB of live data, more than the caches of many machines; for data that size, where it lies in memory can shift the result by several points in ways the interval does not cover, and differently in the next process; run the comparison in several processes with the multiproc package

== street natural n=65536 churn and build: ordered vs baseline
steady state, per insertion or deletion in a structure of 185027 elements (cycle of 483790 operations, first pass untimed):
  A: 359.4 ns per operation (median)
  B: 311.2 ns per operation (median)
  A needs 17.3% more time than B: B takes only 0.85 times as long as A.
  With 95% confidence the difference lies between 6.03% and 21.9% more time (B takes between 0.82 and 0.94 times as long as A).
  Noise floor: 6.24%. Identical code measured against itself on this setup can look that different, so smaller differences mean nothing.
  Neighbouring measurements are correlated (autocorrelation +0.32), so they were resampled in blocks of 3.
  
  Verdict: RESOLVED. A is slower than B: the difference is real, as its interval excludes zero and it exceeds the noise floor.
  
  Warnings:
    - the program holds 188 MB of live data, more than the caches of many machines; for data that size, where it lies in memory can shift the result by several points in ways the interval does not cover, and differently in the next process; run the comparison in several processes with the multiproc package

build from empty to 185027 elements, per whole build (663737 operations):
  A: 2.036e+08 ns per operation (median)
  B: 1.69e+08 ns per operation (median)
  A needs 20.8% more time than B: B takes only 0.83 times as long as A.
  With 95% confidence the difference lies between 20.4% and 20.9% more time (B takes between 0.827 and 0.83 times as long as A).
  Noise floor: 0.471%. Identical code measured against itself on this setup can look that different, so smaller differences mean nothing.
  Neighbouring measurements are nearly independent (autocorrelation -0.04), so they were resampled one by one.
  
  Verdict: RESOLVED. A is slower than B: the difference is real, as its interval excludes zero and it exceeds the noise floor.
  
  Warnings:
    - the program holds 168 MB of live data, more than the caches of many machines; for data that size, where it lies in memory can shift the result by several points in ways the interval does not cover, and differently in the next process; run the comparison in several processes with the multiproc package
    - in 100% of A/A runs this setup reported a difference between identical code, well above the 10% expected; treat any confidence from it with suspicion

checksum 1146483264665
== street natural n=65536 valuesFor: ordered vs btree-sets
A: 191.5 ns per operation (median)
B: 401.9 ns per operation (median)
A needs 54.9% less time than B: B takes 2.22 times as long as A.
With 95% confidence the difference lies between 53.2% and 58.2% less time (B takes between 2.14 and 2.39 times as long as A).
Noise floor: 6.97%. Identical code measured against itself on this setup can look that different, so smaller differences mean nothing.
Neighbouring measurements are nearly independent (autocorrelation -0.53), so they were resampled one by one.

Verdict: RESOLVED. A is faster than B: the difference is real, as its interval excludes zero and it exceeds the noise floor.

Warnings:
  - the program holds 186 MB of live data, more than the caches of many machines; for data that size, where it lies in memory can shift the result by several points in ways the interval does not cover, and differently in the next process; run the comparison in several processes with the multiproc package
  - candidate A drifted during the run: its measurements were 8.93% higher in the second half than in the first, so the machine did not hold still
  - candidate B drifted during the run: its measurements were 22% higher in the second half than in the first, so the machine did not hold still
  - the ratio B/A was 9.96% higher in the second half of the run than in the first, so the candidates had not reached a steady state and the difference depends on how long the run was; a common cause is a head start for whichever candidate ran alone last before the comparison or had its data built last, which a longer CollectOptions.WarmupDuration removes

== street natural n=65536 valuesFor: ordered vs baseline
A: 152.9 ns per operation (median)
B: 149.9 ns per operation (median)
A needs 1.47% more time than B: B takes only 0.99 times as long as A.
With 95% confidence the difference lies between 4.88% more time and 1.46% less time (B takes between 0.953 and 1.01 times as long as A).
Noise floor: 3.27%. Identical code measured against itself on this setup can look that different, so smaller differences mean nothing.
Neighbouring measurements are nearly independent (autocorrelation -0.26), so they were resampled one by one.

Verdict: NOT RESOLVED. This run did not establish which candidate is faster. That is not the same as "equally fast": the warnings below say what is missing.

Warnings:
  - the difference of -1.47% does not clear the 3.27% noise floor, which is what this setup reports between two runs of identical code
  - the interval [-4.88%, 1.46%] includes zero, so a difference in either direction is consistent with these measurements
  - the program holds 186 MB of live data, more than the caches of many machines; for data that size, where it lies in memory can shift the result by several points in ways the interval does not cover, and differently in the next process; run the comparison in several processes with the multiproc package

== street natural n=65536 valuesBetween: ordered vs btree-sets
A: 4131 ns per operation (median)
B: 9430 ns per operation (median)
A needs 56.1% less time than B: B takes 2.28 times as long as A.
With 95% confidence the difference lies between 55% and 57.2% less time (B takes between 2.22 and 2.34 times as long as A).
Noise floor: 1.34%. Identical code measured against itself on this setup can look that different, so smaller differences mean nothing.
Neighbouring measurements are nearly independent (autocorrelation -0.15), so they were resampled one by one.

Verdict: RESOLVED. A is faster than B: the difference is real, as its interval excludes zero and it exceeds the noise floor.

Warnings:
  - the program holds 186 MB of live data, more than the caches of many machines; for data that size, where it lies in memory can shift the result by several points in ways the interval does not cover, and differently in the next process; run the comparison in several processes with the multiproc package
  - candidate A drifted during the run: its measurements were 4.46% higher in the second half than in the first, so the machine did not hold still
  - candidate B drifted during the run: its measurements were 1.65% higher in the second half than in the first, so the machine did not hold still

== street natural n=65536 valuesBetween: ordered vs baseline
A: 3904 ns per operation (median)
B: 4511 ns per operation (median)
A needs 13.5% less time than B: B takes 1.16 times as long as A.
With 95% confidence the difference lies between 10.5% and 15% less time (B takes between 1.12 and 1.18 times as long as A).
Noise floor: 2.3%. Identical code measured against itself on this setup can look that different, so smaller differences mean nothing.
Neighbouring measurements are nearly independent (autocorrelation -0.22), so they were resampled one by one.

Verdict: RESOLVED. A is faster than B: the difference is real, as its interval excludes zero and it exceeds the noise floor.

Warnings:
  - the program holds 186 MB of live data, more than the caches of many machines; for data that size, where it lies in memory can shift the result by several points in ways the interval does not cover, and differently in the next process; run the comparison in several processes with the multiproc package

== street natural n=65536 prefix: ordered vs btree-sets
A: 4798 ns per operation (median)
B: 1.134e+04 ns per operation (median)
A needs 57.1% less time than B: B takes 2.33 times as long as A.
With 95% confidence the difference lies between 54.8% and 60.6% less time (B takes between 2.21 and 2.54 times as long as A).
Noise floor: 4.81%. Identical code measured against itself on this setup can look that different, so smaller differences mean nothing.
Neighbouring measurements are nearly independent (autocorrelation +0.04), so they were resampled one by one.

Verdict: RESOLVED. A is faster than B: the difference is real, as its interval excludes zero and it exceeds the noise floor.

Warnings:
  - the program holds 186 MB of live data, more than the caches of many machines; for data that size, where it lies in memory can shift the result by several points in ways the interval does not cover, and differently in the next process; run the comparison in several processes with the multiproc package

== street natural n=65536 prefix: ordered vs baseline
A: 4615 ns per operation (median)
B: 5347 ns per operation (median)
A needs 12.9% less time than B: B takes 1.15 times as long as A.
With 95% confidence the difference lies between 7.27% and 18.7% less time (B takes between 1.08 and 1.23 times as long as A).
Noise floor: 5.45%. Identical code measured against itself on this setup can look that different, so smaller differences mean nothing.
Neighbouring measurements are nearly independent (autocorrelation +0.02), so they were resampled one by one.

Verdict: RESOLVED. A is faster than B: the difference is real, as its interval excludes zero and it exceeds the noise floor.

Warnings:
  - the program holds 186 MB of live data, more than the caches of many machines; for data that size, where it lies in memory can shift the result by several points in ways the interval does not cover, and differently in the next process; run the comparison in several processes with the multiproc package
  - in 50% of A/A runs this setup reported a difference between identical code, well above the 10% expected; treat any confidence from it with suspicion

== street natural n=65536 churn and build: ordered vs btree-sets
steady state, per insertion or deletion in a structure of 185027 elements (cycle of 483790 operations, first pass untimed):
  A: 394.6 ns per operation (median)
  B: 536.8 ns per operation (median)
  A needs 25.6% less time than B: B takes 1.34 times as long as A.
  With 95% confidence the difference lies between 23% and 27.6% less time (B takes between 1.3 and 1.38 times as long as A).
  Noise floor: 1.75%. Identical code measured against itself on this setup can look that different, so smaller differences mean nothing.
  Neighbouring measurements are correlated (autocorrelation +0.71), so they were resampled in blocks of 3.
  
  Verdict: RESOLVED. A is faster than B: the difference is real, as its interval excludes zero and it exceeds the noise floor.
  
  Warnings:
    - the program holds 203 MB of live data, more than the caches of many machines; for data that size, where it lies in memory can shift the result by several points in ways the interval does not cover, and differently in the next process; run the comparison in several processes with the multiproc package
    - candidate B drifted during the run: its measurements were 3.74% higher in the second half than in the first, so the machine did not hold still
    - the ratio B/A was 3.5% higher in the second half of the run than in the first, so the candidates had not reached a steady state and the difference depends on how long the run was; a common cause is a head start for whichever candidate ran alone last before the comparison or had its data built last, which a longer CollectOptions.WarmupDuration removes

build from empty to 185027 elements, per whole build (663737 operations):
  A: 2.037e+08 ns per operation (median)
  B: 2.864e+08 ns per operation (median)
  A needs 28.9% less time than B: B takes 1.41 times as long as A.
  With 95% confidence the difference lies between 28.7% and 29.1% less time (B takes between 1.4 and 1.41 times as long as A).
  Noise floor: 0.0959%. Identical code measured against itself on this setup can look that different, so smaller differences mean nothing.
  Neighbouring measurements are nearly independent (autocorrelation +0.10), so they were resampled one by one.
  
  Verdict: RESOLVED. A is faster than B: the difference is real, as its interval excludes zero and it exceeds the noise floor.
  
  Warnings:
    - the program holds 169 MB of live data, more than the caches of many machines; for data that size, where it lies in memory can shift the result by several points in ways the interval does not cover, and differently in the next process; run the comparison in several processes with the multiproc package

== street natural n=65536 churn and build: ordered vs baseline
steady state, per insertion or deletion in a structure of 185027 elements (cycle of 483790 operations, first pass untimed):
  A: 376.7 ns per operation (median)
  B: 332.2 ns per operation (median)
  A needs 15.6% more time than B: B takes only 0.86 times as long as A.
  With 95% confidence the difference lies between 3.62% and 25.2% more time (B takes between 0.799 and 0.97 times as long as A).
  Noise floor: 3.63%. Identical code measured against itself on this setup can look that different, so smaller differences mean nothing.
  Neighbouring measurements are nearly independent (autocorrelation -0.16), so they were resampled one by one.
  
  Verdict: RESOLVED. A is slower than B: the difference is real, as its interval excludes zero and it exceeds the noise floor.
  
  Warnings:
    - the program holds 182 MB of live data, more than the caches of many machines; for data that size, where it lies in memory can shift the result by several points in ways the interval does not cover, and differently in the next process; run the comparison in several processes with the multiproc package

build from empty to 185027 elements, per whole build (663737 operations):
  A: 2.052e+08 ns per operation (median)
  B: 1.676e+08 ns per operation (median)
  A needs 22.4% more time than B: B takes only 0.82 times as long as A.
  With 95% confidence the difference lies between 22.2% and 22.7% more time (B takes between 0.815 and 0.82 times as long as A).
  Noise floor: 0.119%. Identical code measured against itself on this setup can look that different, so smaller differences mean nothing.
  Neighbouring measurements are nearly independent (autocorrelation -0.08), so they were resampled one by one.
  
  Verdict: RESOLVED. A is slower than B: the difference is real, as its interval excludes zero and it exceeds the noise floor.
  
  Warnings:
    - the program holds 169 MB of live data, more than the caches of many machines; for data that size, where it lies in memory can shift the result by several points in ways the interval does not cover, and differently in the next process; run the comparison in several processes with the multiproc package
    - in 50% of A/A runs this setup reported a difference between identical code, well above the 10% expected; treat any confidence from it with suspicion

checksum 1145235745566
== street natural n=65536 valuesFor: ordered vs btree-sets
A: 187.1 ns per operation (median)
B: 414 ns per operation (median)
A needs 54.1% less time than B: B takes 2.18 times as long as A.
With 95% confidence the difference lies between 51.9% and 58.9% less time (B takes between 2.08 and 2.44 times as long as A).
Noise floor: 5.58%. Identical code measured against itself on this setup can look that different, so smaller differences mean nothing.
Neighbouring measurements are nearly independent (autocorrelation +0.07), so they were resampled one by one.

Verdict: RESOLVED. A is faster than B: the difference is real, as its interval excludes zero and it exceeds the noise floor.

Warnings:
  - the program holds 148 MB of live data, more than the caches of many machines; for data that size, where it lies in memory can shift the result by several points in ways the interval does not cover, and differently in the next process; run the comparison in several processes with the multiproc package

== street natural n=65536 valuesFor: ordered vs baseline
A: 152.8 ns per operation (median)
B: 147.5 ns per operation (median)
A needs 3.46% more time than B: B takes only 0.97 times as long as A.
With 95% confidence the difference lies between 0.273% and 5.13% more time (B takes between 0.951 and 1.00 times as long as A).
Noise floor: 1.21%. Identical code measured against itself on this setup can look that different, so smaller differences mean nothing.
Neighbouring measurements are correlated (autocorrelation +0.29), so they were resampled in blocks of 3.

Verdict: RESOLVED. A is slower than B: the difference is real, as its interval excludes zero and it exceeds the noise floor.

Warnings:
  - the program holds 148 MB of live data, more than the caches of many machines; for data that size, where it lies in memory can shift the result by several points in ways the interval does not cover, and differently in the next process; run the comparison in several processes with the multiproc package

== street natural n=65536 valuesBetween: ordered vs btree-sets
A: 4222 ns per operation (median)
B: 9581 ns per operation (median)
A needs 55.7% less time than B: B takes 2.26 times as long as A.
With 95% confidence the difference lies between 55.1% and 56.9% less time (B takes between 2.23 and 2.32 times as long as A).
Noise floor: 1.43%. Identical code measured against itself on this setup can look that different, so smaller differences mean nothing.
Neighbouring measurements are nearly independent (autocorrelation -0.19), so they were resampled one by one.

Verdict: RESOLVED. A is faster than B: the difference is real, as its interval excludes zero and it exceeds the noise floor.

Warnings:
  - the program holds 148 MB of live data, more than the caches of many machines; for data that size, where it lies in memory can shift the result by several points in ways the interval does not cover, and differently in the next process; run the comparison in several processes with the multiproc package

== street natural n=65536 valuesBetween: ordered vs baseline
A: 3930 ns per operation (median)
B: 4489 ns per operation (median)
A needs 12.5% less time than B: B takes 1.14 times as long as A.
With 95% confidence the difference lies between 8.98% and 14.7% less time (B takes between 1.1 and 1.17 times as long as A).
Noise floor: 1.36%. Identical code measured against itself on this setup can look that different, so smaller differences mean nothing.
Neighbouring measurements are nearly independent (autocorrelation -0.05), so they were resampled one by one.

Verdict: RESOLVED. A is faster than B: the difference is real, as its interval excludes zero and it exceeds the noise floor.

Warnings:
  - the program holds 148 MB of live data, more than the caches of many machines; for data that size, where it lies in memory can shift the result by several points in ways the interval does not cover, and differently in the next process; run the comparison in several processes with the multiproc package

== street natural n=65536 prefix: ordered vs btree-sets
A: 4876 ns per operation (median)
B: 1.148e+04 ns per operation (median)
A needs 57.1% less time than B: B takes 2.33 times as long as A.
With 95% confidence the difference lies between 54% and 60.4% less time (B takes between 2.17 and 2.53 times as long as A).
Noise floor: 4.91%. Identical code measured against itself on this setup can look that different, so smaller differences mean nothing.
Neighbouring measurements are nearly independent (autocorrelation +0.02), so they were resampled one by one.

Verdict: RESOLVED. A is faster than B: the difference is real, as its interval excludes zero and it exceeds the noise floor.

Warnings:
  - the program holds 148 MB of live data, more than the caches of many machines; for data that size, where it lies in memory can shift the result by several points in ways the interval does not cover, and differently in the next process; run the comparison in several processes with the multiproc package
  - in 50% of A/A runs this setup reported a difference between identical code, well above the 10% expected; treat any confidence from it with suspicion

== street natural n=65536 prefix: ordered vs baseline
A: 4548 ns per operation (median)
B: 5296 ns per operation (median)
A needs 11.4% less time than B: B takes 1.13 times as long as A.
With 95% confidence the difference lies between 6.75% and 21.9% less time (B takes between 1.07 and 1.28 times as long as A).
Noise floor: 6.84%. Identical code measured against itself on this setup can look that different, so smaller differences mean nothing.
Neighbouring measurements are nearly independent (autocorrelation +0.02), so they were resampled one by one.

Verdict: RESOLVED. A is faster than B: the difference is real, as its interval excludes zero and it exceeds the noise floor.

Warnings:
  - the program holds 148 MB of live data, more than the caches of many machines; for data that size, where it lies in memory can shift the result by several points in ways the interval does not cover, and differently in the next process; run the comparison in several processes with the multiproc package
  - in 50% of A/A runs this setup reported a difference between identical code, well above the 10% expected; treat any confidence from it with suspicion

== street natural n=65536 churn and build: ordered vs btree-sets
steady state, per insertion or deletion in a structure of 185027 elements (cycle of 483790 operations, first pass untimed):
  A: 380.3 ns per operation (median)
  B: 513.7 ns per operation (median)
  A needs 25.4% less time than B: B takes 1.34 times as long as A.
  With 95% confidence the difference lies between 22.5% and 27.2% less time (B takes between 1.29 and 1.37 times as long as A).
  Noise floor: 0.607%. Identical code measured against itself on this setup can look that different, so smaller differences mean nothing.
  Neighbouring measurements are correlated (autocorrelation +0.59), so they were resampled in blocks of 3.
  
  Verdict: RESOLVED. A is faster than B: the difference is real, as its interval excludes zero and it exceeds the noise floor.
  
  Warnings:
    - the program holds 204 MB of live data, more than the caches of many machines; for data that size, where it lies in memory can shift the result by several points in ways the interval does not cover, and differently in the next process; run the comparison in several processes with the multiproc package
    - the ratio B/A was 4.25% higher in the second half of the run than in the first, so the candidates had not reached a steady state and the difference depends on how long the run was; a common cause is a head start for whichever candidate ran alone last before the comparison or had its data built last, which a longer CollectOptions.WarmupDuration removes

build from empty to 185027 elements, per whole build (663737 operations):
  A: 2.014e+08 ns per operation (median)
  B: 2.851e+08 ns per operation (median)
  A needs 29.3% less time than B: B takes 1.42 times as long as A.
  With 95% confidence the difference lies between 29.1% and 29.6% less time (B takes between 1.41 and 1.42 times as long as A).
  Noise floor: 0.352%. Identical code measured against itself on this setup can look that different, so smaller differences mean nothing.
  Neighbouring measurements are nearly independent (autocorrelation -0.10), so they were resampled one by one.
  
  Verdict: RESOLVED. A is faster than B: the difference is real, as its interval excludes zero and it exceeds the noise floor.
  
  Warnings:
    - the program holds 169 MB of live data, more than the caches of many machines; for data that size, where it lies in memory can shift the result by several points in ways the interval does not cover, and differently in the next process; run the comparison in several processes with the multiproc package
    - in 50% of A/A runs this setup reported a difference between identical code, well above the 10% expected; treat any confidence from it with suspicion

== street natural n=65536 churn and build: ordered vs baseline
steady state, per insertion or deletion in a structure of 185027 elements (cycle of 483790 operations, first pass untimed):
  A: 370.7 ns per operation (median)
  B: 324.7 ns per operation (median)
  A needs 15.4% more time than B: B takes only 0.87 times as long as A.
  With 95% confidence the difference lies between 5.38% and 23.6% more time (B takes between 0.809 and 0.95 times as long as A).
  Noise floor: 7.66%. Identical code measured against itself on this setup can look that different, so smaller differences mean nothing.
  Neighbouring measurements are correlated (autocorrelation +0.41), so they were resampled in blocks of 3.
  
  Verdict: RESOLVED. A is slower than B: the difference is real, as its interval excludes zero and it exceeds the noise floor.
  
  Warnings:
    - the program holds 189 MB of live data, more than the caches of many machines; for data that size, where it lies in memory can shift the result by several points in ways the interval does not cover, and differently in the next process; run the comparison in several processes with the multiproc package

build from empty to 185027 elements, per whole build (663737 operations):
  A: 2.009e+08 ns per operation (median)
  B: 1.638e+08 ns per operation (median)
  A needs 22.4% more time than B: B takes only 0.82 times as long as A.
  With 95% confidence the difference lies between 21.9% and 23% more time (B takes between 0.813 and 0.82 times as long as A).
  Noise floor: 0.117%. Identical code measured against itself on this setup can look that different, so smaller differences mean nothing.
  Neighbouring measurements are nearly independent (autocorrelation +0.01), so they were resampled one by one.
  
  Verdict: RESOLVED. A is slower than B: the difference is real, as its interval excludes zero and it exceeds the noise floor.
  
  Warnings:
    - the program holds 169 MB of live data, more than the caches of many machines; for data that size, where it lies in memory can shift the result by several points in ways the interval does not cover, and differently in the next process; run the comparison in several processes with the multiproc package

checksum 1158878841880
== street natural n=65536 valuesFor: ordered vs btree-sets
A: 182.9 ns per operation (median)
B: 390.6 ns per operation (median)
A needs 53.6% less time than B: B takes 2.16 times as long as A.
With 95% confidence the difference lies between 50.8% and 57.4% less time (B takes between 2.03 and 2.35 times as long as A).
Noise floor: 4.6%. Identical code measured against itself on this setup can look that different, so smaller differences mean nothing.
Neighbouring measurements are nearly independent (autocorrelation -0.63), so they were resampled one by one.

Verdict: RESOLVED. A is faster than B: the difference is real, as its interval excludes zero and it exceeds the noise floor.

Warnings:
  - the program holds 159 MB of live data, more than the caches of many machines; for data that size, where it lies in memory can shift the result by several points in ways the interval does not cover, and differently in the next process; run the comparison in several processes with the multiproc package

== street natural n=65536 valuesFor: ordered vs baseline
A: 151.8 ns per operation (median)
B: 148.6 ns per operation (median)
A needs 0.591% more time than B: B takes only 0.99 times as long as A.
With 95% confidence the difference lies between 5.59% more time and 0.785% less time (B takes between 0.947 and 1.01 times as long as A).
Noise floor: 3.15%. Identical code measured against itself on this setup can look that different, so smaller differences mean nothing.
Neighbouring measurements are nearly independent (autocorrelation -0.28), so they were resampled one by one.

Verdict: NOT RESOLVED. This run did not establish which candidate is faster. That is not the same as "equally fast": the warnings below say what is missing.

Warnings:
  - the difference of -0.59% does not clear the 3.15% noise floor, which is what this setup reports between two runs of identical code
  - the interval [-5.59%, 0.78%] includes zero, so a difference in either direction is consistent with these measurements
  - the program holds 159 MB of live data, more than the caches of many machines; for data that size, where it lies in memory can shift the result by several points in ways the interval does not cover, and differently in the next process; run the comparison in several processes with the multiproc package

== street natural n=65536 valuesBetween: ordered vs btree-sets
A: 4075 ns per operation (median)
B: 9240 ns per operation (median)
A needs 55.6% less time than B: B takes 2.25 times as long as A.
With 95% confidence the difference lies between 54.6% and 56.8% less time (B takes between 2.2 and 2.31 times as long as A).
Noise floor: 1.05%. Identical code measured against itself on this setup can look that different, so smaller differences mean nothing.
Neighbouring measurements are nearly independent (autocorrelation -0.35), so they were resampled one by one.

Verdict: RESOLVED. A is faster than B: the difference is real, as its interval excludes zero and it exceeds the noise floor.

Warnings:
  - the program holds 159 MB of live data, more than the caches of many machines; for data that size, where it lies in memory can shift the result by several points in ways the interval does not cover, and differently in the next process; run the comparison in several processes with the multiproc package

== street natural n=65536 valuesBetween: ordered vs baseline
A: 3889 ns per operation (median)
B: 4517 ns per operation (median)
A needs 14.3% less time than B: B takes 1.17 times as long as A.
With 95% confidence the difference lies between 11% and 16% less time (B takes between 1.12 and 1.19 times as long as A).
Noise floor: 1.21%. Identical code measured against itself on this setup can look that different, so smaller differences mean nothing.
Neighbouring measurements are correlated (autocorrelation +0.28), so they were resampled in blocks of 3.

Verdict: RESOLVED. A is faster than B: the difference is real, as its interval excludes zero and it exceeds the noise floor.

Warnings:
  - the program holds 159 MB of live data, more than the caches of many machines; for data that size, where it lies in memory can shift the result by several points in ways the interval does not cover, and differently in the next process; run the comparison in several processes with the multiproc package

== street natural n=65536 prefix: ordered vs btree-sets
A: 4846 ns per operation (median)
B: 1.139e+04 ns per operation (median)
A needs 57.4% less time than B: B takes 2.35 times as long as A.
With 95% confidence the difference lies between 54.2% and 60.5% less time (B takes between 2.18 and 2.53 times as long as A).
Noise floor: 2.3%. Identical code measured against itself on this setup can look that different, so smaller differences mean nothing.
Neighbouring measurements are nearly independent (autocorrelation +0.10), so they were resampled one by one.

Verdict: RESOLVED. A is faster than B: the difference is real, as its interval excludes zero and it exceeds the noise floor.

Warnings:
  - the program holds 159 MB of live data, more than the caches of many machines; for data that size, where it lies in memory can shift the result by several points in ways the interval does not cover, and differently in the next process; run the comparison in several processes with the multiproc package

== street natural n=65536 prefix: ordered vs baseline
A: 4637 ns per operation (median)
B: 5396 ns per operation (median)
A needs 13.2% less time than B: B takes 1.15 times as long as A.
With 95% confidence the difference lies between 9.26% and 21.5% less time (B takes between 1.1 and 1.27 times as long as A).
Noise floor: 4.77%. Identical code measured against itself on this setup can look that different, so smaller differences mean nothing.
Neighbouring measurements are nearly independent (autocorrelation +0.12), so they were resampled one by one.

Verdict: RESOLVED. A is faster than B: the difference is real, as its interval excludes zero and it exceeds the noise floor.

Warnings:
  - the program holds 159 MB of live data, more than the caches of many machines; for data that size, where it lies in memory can shift the result by several points in ways the interval does not cover, and differently in the next process; run the comparison in several processes with the multiproc package
  - in 100% of A/A runs this setup reported a difference between identical code, well above the 10% expected; treat any confidence from it with suspicion

== street natural n=65536 churn and build: ordered vs btree-sets
steady state, per insertion or deletion in a structure of 185027 elements (cycle of 483790 operations, first pass untimed):
  A: 382.2 ns per operation (median)
  B: 508.7 ns per operation (median)
  A needs 24.8% less time than B: B takes 1.33 times as long as A.
  With 95% confidence the difference lies between 23.7% and 27.1% less time (B takes between 1.31 and 1.37 times as long as A).
  Noise floor: 0.891%. Identical code measured against itself on this setup can look that different, so smaller differences mean nothing.
  Neighbouring measurements are correlated (autocorrelation +0.55), so they were resampled in blocks of 3.
  
  Verdict: RESOLVED. A is faster than B: the difference is real, as its interval excludes zero and it exceeds the noise floor.
  
  Warnings:
    - the program holds 204 MB of live data, more than the caches of many machines; for data that size, where it lies in memory can shift the result by several points in ways the interval does not cover, and differently in the next process; run the comparison in several processes with the multiproc package

build from empty to 185027 elements, per whole build (663737 operations):
  A: 2.04e+08 ns per operation (median)
  B: 2.835e+08 ns per operation (median)
  A needs 28% less time than B: B takes 1.39 times as long as A.
  With 95% confidence the difference lies between 27.8% and 29.2% less time (B takes between 1.39 and 1.41 times as long as A).
  Noise floor: 0.54%. Identical code measured against itself on this setup can look that different, so smaller differences mean nothing.
  Neighbouring measurements are nearly independent (autocorrelation -0.04), so they were resampled one by one.
  
  Verdict: RESOLVED. A is faster than B: the difference is real, as its interval excludes zero and it exceeds the noise floor.
  
  Warnings:
    - the program holds 169 MB of live data, more than the caches of many machines; for data that size, where it lies in memory can shift the result by several points in ways the interval does not cover, and differently in the next process; run the comparison in several processes with the multiproc package
    - in 50% of A/A runs this setup reported a difference between identical code, well above the 10% expected; treat any confidence from it with suspicion

== street natural n=65536 churn and build: ordered vs baseline
steady state, per insertion or deletion in a structure of 185027 elements (cycle of 483790 operations, first pass untimed):
  A: 358.3 ns per operation (median)
  B: 306.4 ns per operation (median)
  A needs 17% more time than B: B takes only 0.85 times as long as A.
  With 95% confidence the difference lies between 7.33% and 23.8% more time (B takes between 0.808 and 0.93 times as long as A).
  Noise floor: 4.77%. Identical code measured against itself on this setup can look that different, so smaller differences mean nothing.
  Neighbouring measurements are nearly independent (autocorrelation -0.20), so they were resampled one by one.
  
  Verdict: RESOLVED. A is slower than B: the difference is real, as its interval excludes zero and it exceeds the noise floor.
  
  Warnings:
    - the program holds 180 MB of live data, more than the caches of many machines; for data that size, where it lies in memory can shift the result by several points in ways the interval does not cover, and differently in the next process; run the comparison in several processes with the multiproc package

build from empty to 185027 elements, per whole build (663737 operations):
  A: 2.046e+08 ns per operation (median)
  B: 1.703e+08 ns per operation (median)
  A needs 21.4% more time than B: B takes only 0.82 times as long as A.
  With 95% confidence the difference lies between 20.7% and 21.7% more time (B takes between 0.822 and 0.83 times as long as A).
  Noise floor: 0.103%. Identical code measured against itself on this setup can look that different, so smaller differences mean nothing.
  Neighbouring measurements are nearly independent (autocorrelation -0.03), so they were resampled one by one.
  
  Verdict: RESOLVED. A is slower than B: the difference is real, as its interval excludes zero and it exceeds the noise floor.
  
  Warnings:
    - the program holds 169 MB of live data, more than the caches of many machines; for data that size, where it lies in memory can shift the result by several points in ways the interval does not cover, and differently in the next process; run the comparison in several processes with the multiproc package

checksum 1168761482838
== street natural n=65536 valuesFor: ordered vs btree-sets
A: 187.7 ns per operation (median)
B: 414.4 ns per operation (median)
A needs 54.9% less time than B: B takes 2.22 times as long as A.
With 95% confidence the difference lies between 51.8% and 58.4% less time (B takes between 2.08 and 2.40 times as long as A).
Noise floor: 6.8%. Identical code measured against itself on this setup can look that different, so smaller differences mean nothing.
Neighbouring measurements are correlated (autocorrelation +0.56), so they were resampled in blocks of 3.

Verdict: RESOLVED. A is faster than B: the difference is real, as its interval excludes zero and it exceeds the noise floor.

Warnings:
  - the program holds 147 MB of live data, more than the caches of many machines; for data that size, where it lies in memory can shift the result by several points in ways the interval does not cover, and differently in the next process; run the comparison in several processes with the multiproc package

== street natural n=65536 valuesFor: ordered vs baseline
A: 150.4 ns per operation (median)
B: 148.3 ns per operation (median)
A needs 1.27% more time than B: B takes only 0.99 times as long as A.
With 95% confidence the difference lies between 3.07% more time and 0.437% less time (B takes between 0.97 and 1.00 times as long as A).
Noise floor: 1.45%. Identical code measured against itself on this setup can look that different, so smaller differences mean nothing.
Neighbouring measurements are correlated (autocorrelation +0.69), so they were resampled in blocks of 3.

Verdict: NOT RESOLVED. This run did not establish which candidate is faster. That is not the same as "equally fast": the warnings below say what is missing.

Warnings:
  - the difference of -1.27% does not clear the 1.45% noise floor, which is what this setup reports between two runs of identical code
  - the interval [-3.07%, 0.44%] includes zero, so a difference in either direction is consistent with these measurements
  - the program holds 147 MB of live data, more than the caches of many machines; for data that size, where it lies in memory can shift the result by several points in ways the interval does not cover, and differently in the next process; run the comparison in several processes with the multiproc package
  - candidate B drifted during the run: its measurements were 1.88% higher in the second half than in the first, so the machine did not hold still

== street natural n=65536 valuesBetween: ordered vs btree-sets
A: 4222 ns per operation (median)
B: 9558 ns per operation (median)
A needs 55.7% less time than B: B takes 2.26 times as long as A.
With 95% confidence the difference lies between 55% and 56.2% less time (B takes between 2.22 and 2.28 times as long as A).
Noise floor: 1.65%. Identical code measured against itself on this setup can look that different, so smaller differences mean nothing.
Neighbouring measurements are correlated (autocorrelation +0.63), so they were resampled in blocks of 3.

Verdict: RESOLVED. A is faster than B: the difference is real, as its interval excludes zero and it exceeds the noise floor.

Warnings:
  - the program holds 147 MB of live data, more than the caches of many machines; for data that size, where it lies in memory can shift the result by several points in ways the interval does not cover, and differently in the next process; run the comparison in several processes with the multiproc package

== street natural n=65536 valuesBetween: ordered vs baseline
A: 3857 ns per operation (median)
B: 4462 ns per operation (median)
A needs 13.4% less time than B: B takes 1.16 times as long as A.
With 95% confidence the difference lies between 12.1% and 16.3% less time (B takes between 1.14 and 1.20 times as long as A).
Noise floor: 0.616%. Identical code measured against itself on this setup can look that different, so smaller differences mean nothing.
Neighbouring measurements are correlated (autocorrelation +0.25), so they were resampled in blocks of 3.

Verdict: RESOLVED. A is faster than B: the difference is real, as its interval excludes zero and it exceeds the noise floor.

Warnings:
  - the program holds 147 MB of live data, more than the caches of many machines; for data that size, where it lies in memory can shift the result by several points in ways the interval does not cover, and differently in the next process; run the comparison in several processes with the multiproc package

== street natural n=65536 prefix: ordered vs btree-sets
A: 4825 ns per operation (median)
B: 1.112e+04 ns per operation (median)
A needs 58.5% less time than B: B takes 2.41 times as long as A.
With 95% confidence the difference lies between 55.9% and 59.6% less time (B takes between 2.27 and 2.48 times as long as A).
Noise floor: 6.38%. Identical code measured against itself on this setup can look that different, so smaller differences mean nothing.
Neighbouring measurements are nearly independent (autocorrelation +0.02), so they were resampled one by one.

Verdict: RESOLVED. A is faster than B: the difference is real, as its interval excludes zero and it exceeds the noise floor.

Warnings:
  - the program holds 147 MB of live data, more than the caches of many machines; for data that size, where it lies in memory can shift the result by several points in ways the interval does not cover, and differently in the next process; run the comparison in several processes with the multiproc package

== street natural n=65536 prefix: ordered vs baseline
A: 4548 ns per operation (median)
B: 5308 ns per operation (median)
A needs 17.4% less time than B: B takes 1.21 times as long as A.
With 95% confidence the difference lies between 6.92% and 23.2% less time (B takes between 1.07 and 1.30 times as long as A).
Noise floor: 8.55%. Identical code measured against itself on this setup can look that different, so smaller differences mean nothing.
Neighbouring measurements are nearly independent (autocorrelation +0.12), so they were resampled one by one.

Verdict: RESOLVED. A is faster than B: the difference is real, as its interval excludes zero and it exceeds the noise floor.

Warnings:
  - the program holds 147 MB of live data, more than the caches of many machines; for data that size, where it lies in memory can shift the result by several points in ways the interval does not cover, and differently in the next process; run the comparison in several processes with the multiproc package
  - in 50% of A/A runs this setup reported a difference between identical code, well above the 10% expected; treat any confidence from it with suspicion

== street natural n=65536 churn and build: ordered vs btree-sets
steady state, per insertion or deletion in a structure of 185027 elements (cycle of 483790 operations, first pass untimed):
  A: 384.7 ns per operation (median)
  B: 527.8 ns per operation (median)
  A needs 25.3% less time than B: B takes 1.34 times as long as A.
  With 95% confidence the difference lies between 23.1% and 28.5% less time (B takes between 1.3 and 1.40 times as long as A).
  Noise floor: 0.467%. Identical code measured against itself on this setup can look that different, so smaller differences mean nothing.
  Neighbouring measurements are correlated (autocorrelation +0.38), so they were resampled in blocks of 3.
  
  Verdict: RESOLVED. A is faster than B: the difference is real, as its interval excludes zero and it exceeds the noise floor.
  
  Warnings:
    - the program holds 204 MB of live data, more than the caches of many machines; for data that size, where it lies in memory can shift the result by several points in ways the interval does not cover, and differently in the next process; run the comparison in several processes with the multiproc package
    - candidate A drifted during the run: its measurements were 3.77% lower in the second half than in the first, so the machine did not hold still
    - the ratio B/A was 6.45% higher in the second half of the run than in the first, so the candidates had not reached a steady state and the difference depends on how long the run was; a common cause is a head start for whichever candidate ran alone last before the comparison or had its data built last, which a longer CollectOptions.WarmupDuration removes

build from empty to 185027 elements, per whole build (663737 operations):
  A: 2.013e+08 ns per operation (median)
  B: 2.87e+08 ns per operation (median)
  A needs 29.8% less time than B: B takes 1.43 times as long as A.
  With 95% confidence the difference lies between 29.4% and 30.3% less time (B takes between 1.42 and 1.43 times as long as A).
  Noise floor: 0.205%. Identical code measured against itself on this setup can look that different, so smaller differences mean nothing.
  Neighbouring measurements are nearly independent (autocorrelation -0.14), so they were resampled one by one.
  
  Verdict: RESOLVED. A is faster than B: the difference is real, as its interval excludes zero and it exceeds the noise floor.
  
  Warnings:
    - the program holds 169 MB of live data, more than the caches of many machines; for data that size, where it lies in memory can shift the result by several points in ways the interval does not cover, and differently in the next process; run the comparison in several processes with the multiproc package
    - candidate A drifted during the run: its measurements were 0.445% lower in the second half than in the first, so the machine did not hold still

== street natural n=65536 churn and build: ordered vs baseline
steady state, per insertion or deletion in a structure of 185027 elements (cycle of 483790 operations, first pass untimed):
  A: 361 ns per operation (median)
  B: 318.2 ns per operation (median)
  A needs 14.3% more time than B: B takes only 0.87 times as long as A.
  With 95% confidence the difference lies between 7.08% and 21.4% more time (B takes between 0.824 and 0.93 times as long as A).
  Noise floor: 5.37%. Identical code measured against itself on this setup can look that different, so smaller differences mean nothing.
  Neighbouring measurements are nearly independent (autocorrelation -0.05), so they were resampled one by one.
  
  Verdict: RESOLVED. A is slower than B: the difference is real, as its interval excludes zero and it exceeds the noise floor.
  
  Warnings:
    - the program holds 189 MB of live data, more than the caches of many machines; for data that size, where it lies in memory can shift the result by several points in ways the interval does not cover, and differently in the next process; run the comparison in several processes with the multiproc package

build from empty to 185027 elements, per whole build (663737 operations):
  A: 2.031e+08 ns per operation (median)
  B: 1.667e+08 ns per operation (median)
  A needs 21.8% more time than B: B takes only 0.82 times as long as A.
  With 95% confidence the difference lies between 21.4% and 22.3% more time (B takes between 0.818 and 0.82 times as long as A).
  Noise floor: 0.211%. Identical code measured against itself on this setup can look that different, so smaller differences mean nothing.
  Neighbouring measurements are nearly independent (autocorrelation -0.03), so they were resampled one by one.
  
  Verdict: RESOLVED. A is slower than B: the difference is real, as its interval excludes zero and it exceeds the noise floor.
  
  Warnings:
    - the program holds 169 MB of live data, more than the caches of many machines; for data that size, where it lies in memory can shift the result by several points in ways the interval does not cover, and differently in the next process; run the comparison in several processes with the multiproc package

checksum 1150319654828
== street natural n=65536 valuesFor: ordered vs btree-sets
A: 183 ns per operation (median)
B: 415.5 ns per operation (median)
A needs 56.1% less time than B: B takes 2.28 times as long as A.
With 95% confidence the difference lies between 53.2% and 60% less time (B takes between 2.14 and 2.50 times as long as A).
Noise floor: 8.76%. Identical code measured against itself on this setup can look that different, so smaller differences mean nothing.
Neighbouring measurements are nearly independent (autocorrelation -0.65), so they were resampled one by one.

Verdict: RESOLVED. A is faster than B: the difference is real, as its interval excludes zero and it exceeds the noise floor.

Warnings:
  - the program holds 129 MB of live data, more than the caches of many machines; for data that size, where it lies in memory can shift the result by several points in ways the interval does not cover, and differently in the next process; run the comparison in several processes with the multiproc package

== street natural n=65536 valuesFor: ordered vs baseline
A: 154 ns per operation (median)
B: 152.9 ns per operation (median)
A needs 3.07% more time than B: B takes only 0.97 times as long as A.
With 95% confidence the difference lies between 6.66% more time and 2.94% less time (B takes between 0.938 and 1.03 times as long as A).
Noise floor: 3.45%. Identical code measured against itself on this setup can look that different, so smaller differences mean nothing.
Neighbouring measurements are nearly independent (autocorrelation -0.12), so they were resampled one by one.

Verdict: NOT RESOLVED. This run did not establish which candidate is faster. That is not the same as "equally fast": the warnings below say what is missing.

Warnings:
  - the difference of -3.07% does not clear the 3.45% noise floor, which is what this setup reports between two runs of identical code
  - the interval [-6.66%, 2.94%] includes zero, so a difference in either direction is consistent with these measurements
  - the program holds 129 MB of live data, more than the caches of many machines; for data that size, where it lies in memory can shift the result by several points in ways the interval does not cover, and differently in the next process; run the comparison in several processes with the multiproc package

== street natural n=65536 valuesBetween: ordered vs btree-sets
A: 4378 ns per operation (median)
B: 1.017e+04 ns per operation (median)
A needs 57.2% less time than B: B takes 2.33 times as long as A.
With 95% confidence the difference lies between 56.6% and 58.3% less time (B takes between 2.3 and 2.40 times as long as A).
Noise floor: 1.03%. Identical code measured against itself on this setup can look that different, so smaller differences mean nothing.
Neighbouring measurements are nearly independent (autocorrelation -0.27), so they were resampled one by one.

Verdict: RESOLVED. A is faster than B: the difference is real, as its interval excludes zero and it exceeds the noise floor.

Warnings:
  - the program holds 129 MB of live data, more than the caches of many machines; for data that size, where it lies in memory can shift the result by several points in ways the interval does not cover, and differently in the next process; run the comparison in several processes with the multiproc package
  - candidate A drifted during the run: its measurements were 4.49% lower in the second half than in the first, so the machine did not hold still
  - candidate B drifted during the run: its measurements were 8.72% lower in the second half than in the first, so the machine did not hold still

== street natural n=65536 valuesBetween: ordered vs baseline
A: 3907 ns per operation (median)
B: 4544 ns per operation (median)
A needs 13.5% less time than B: B takes 1.16 times as long as A.
With 95% confidence the difference lies between 12.6% and 15.5% less time (B takes between 1.14 and 1.18 times as long as A).
Noise floor: 0.971%. Identical code measured against itself on this setup can look that different, so smaller differences mean nothing.
Neighbouring measurements are nearly independent (autocorrelation +0.15), so they were resampled one by one.

Verdict: RESOLVED. A is faster than B: the difference is real, as its interval excludes zero and it exceeds the noise floor.

Warnings:
  - the program holds 159 MB of live data, more than the caches of many machines; for data that size, where it lies in memory can shift the result by several points in ways the interval does not cover, and differently in the next process; run the comparison in several processes with the multiproc package
  - 5.5% of bootstrap replicates tied, so the measurement is coarse relative to the question; lower CollectOptions.MaxQuantizationError to lengthen the batches

== street natural n=65536 prefix: ordered vs btree-sets
A: 4825 ns per operation (median)
B: 1.154e+04 ns per operation (median)
A needs 58.6% less time than B: B takes 2.41 times as long as A.
With 95% confidence the difference lies between 57.1% and 60.6% less time (B takes between 2.33 and 2.54 times as long as A).
Noise floor: 5.43%. Identical code measured against itself on this setup can look that different, so smaller differences mean nothing.
Neighbouring measurements are nearly independent (autocorrelation +0.06), so they were resampled one by one.

Verdict: RESOLVED. A is faster than B: the difference is real, as its interval excludes zero and it exceeds the noise floor.

Warnings:
  - the program holds 159 MB of live data, more than the caches of many machines; for data that size, where it lies in memory can shift the result by several points in ways the interval does not cover, and differently in the next process; run the comparison in several processes with the multiproc package
  - in 50% of A/A runs this setup reported a difference between identical code, well above the 10% expected; treat any confidence from it with suspicion

== street natural n=65536 prefix: ordered vs baseline
A: 4649 ns per operation (median)
B: 5417 ns per operation (median)
A needs 14.4% less time than B: B takes 1.17 times as long as A.
With 95% confidence the difference lies between 8.59% and 21.3% less time (B takes between 1.09 and 1.27 times as long as A).
Noise floor: 4.97%. Identical code measured against itself on this setup can look that different, so smaller differences mean nothing.
Neighbouring measurements are nearly independent (autocorrelation +0.10), so they were resampled one by one.

Verdict: RESOLVED. A is faster than B: the difference is real, as its interval excludes zero and it exceeds the noise floor.

Warnings:
  - the program holds 159 MB of live data, more than the caches of many machines; for data that size, where it lies in memory can shift the result by several points in ways the interval does not cover, and differently in the next process; run the comparison in several processes with the multiproc package
  - in 50% of A/A runs this setup reported a difference between identical code, well above the 10% expected; treat any confidence from it with suspicion

== street natural n=65536 churn and build: ordered vs btree-sets
steady state, per insertion or deletion in a structure of 185027 elements (cycle of 483790 operations, first pass untimed):
  A: 452.8 ns per operation (median)
  B: 582.6 ns per operation (median)
  A needs 23.6% less time than B: B takes 1.31 times as long as A.
  With 95% confidence the difference lies between 18.2% and 26.5% less time (B takes between 1.22 and 1.36 times as long as A).
  Noise floor: 1.1%. Identical code measured against itself on this setup can look that different, so smaller differences mean nothing.
  Neighbouring measurements are correlated (autocorrelation +0.45), so they were resampled in blocks of 3.
  
  Verdict: RESOLVED. A is faster than B: the difference is real, as its interval excludes zero and it exceeds the noise floor.
  
  Warnings:
    - the program holds 204 MB of live data, more than the caches of many machines; for data that size, where it lies in memory can shift the result by several points in ways the interval does not cover, and differently in the next process; run the comparison in several processes with the multiproc package
    - candidate A drifted during the run: its measurements were 19.3% lower in the second half than in the first, so the machine did not hold still
    - candidate B drifted during the run: its measurements were 9.12% lower in the second half than in the first, so the machine did not hold still
    - the ratio B/A was 9.95% higher in the second half of the run than in the first, so the candidates had not reached a steady state and the difference depends on how long the run was; a common cause is a head start for whichever candidate ran alone last before the comparison or had its data built last, which a longer CollectOptions.WarmupDuration removes
    - in 50% of A/A runs this setup reported a difference between identical code, well above the 10% expected; treat any confidence from it with suspicion

build from empty to 185027 elements, per whole build (663737 operations):
  A: 2.061e+08 ns per operation (median)
  B: 2.862e+08 ns per operation (median)
  A needs 28.2% less time than B: B takes 1.39 times as long as A.
  With 95% confidence the difference lies between 27.6% and 28.6% less time (B takes between 1.38 and 1.40 times as long as A).
  Noise floor: 0.72%. Identical code measured against itself on this setup can look that different, so smaller differences mean nothing.
  Neighbouring measurements are nearly independent (autocorrelation +0.05), so they were resampled one by one.
  
  Verdict: RESOLVED. A is faster than B: the difference is real, as its interval excludes zero and it exceeds the noise floor.
  
  Warnings:
    - the program holds 169 MB of live data, more than the caches of many machines; for data that size, where it lies in memory can shift the result by several points in ways the interval does not cover, and differently in the next process; run the comparison in several processes with the multiproc package
    - in 100% of A/A runs this setup reported a difference between identical code, well above the 10% expected; treat any confidence from it with suspicion

== street natural n=65536 churn and build: ordered vs baseline
steady state, per insertion or deletion in a structure of 185027 elements (cycle of 483790 operations, first pass untimed):
  A: 364.4 ns per operation (median)
  B: 306 ns per operation (median)
  A needs 20.4% more time than B: B takes only 0.83 times as long as A.
  With 95% confidence the difference lies between 6.42% and 23.3% more time (B takes between 0.811 and 0.94 times as long as A).
  Noise floor: 4.49%. Identical code measured against itself on this setup can look that different, so smaller differences mean nothing.
  Neighbouring measurements are nearly independent (autocorrelation -0.24), so they were resampled one by one.
  
  Verdict: RESOLVED. A is slower than B: the difference is real, as its interval excludes zero and it exceeds the noise floor.
  
  Warnings:
    - the program holds 188 MB of live data, more than the caches of many machines; for data that size, where it lies in memory can shift the result by several points in ways the interval does not cover, and differently in the next process; run the comparison in several processes with the multiproc package

build from empty to 185027 elements, per whole build (663737 operations):
  A: 2.053e+08 ns per operation (median)
  B: 1.703e+08 ns per operation (median)
  A needs 20.7% more time than B: B takes only 0.83 times as long as A.
  With 95% confidence the difference lies between 20.4% and 20.9% more time (B takes between 0.827 and 0.83 times as long as A).
  Noise floor: 0.195%. Identical code measured against itself on this setup can look that different, so smaller differences mean nothing.
  Neighbouring measurements are nearly independent (autocorrelation -0.13), so they were resampled one by one.
  
  Verdict: RESOLVED. A is slower than B: the difference is real, as its interval excludes zero and it exceeds the noise floor.
  
  Warnings:
    - the program holds 169 MB of live data, more than the caches of many machines; for data that size, where it lies in memory can shift the result by several points in ways the interval does not cover, and differently in the next process; run the comparison in several processes with the multiproc package

checksum 1147450088615
== street natural n=65536 valuesFor: ordered vs btree-sets
A: 171.3 ns per operation (median)
B: 417.8 ns per operation (median)
A needs 60.4% less time than B: B takes 2.53 times as long as A.
With 95% confidence the difference lies between 54.1% and 60.8% less time (B takes between 2.18 and 2.55 times as long as A).
Noise floor: 4.27%. Identical code measured against itself on this setup can look that different, so smaller differences mean nothing.
Neighbouring measurements are nearly independent (autocorrelation -0.72), so they were resampled one by one.

Verdict: RESOLVED. A is faster than B: the difference is real, as its interval excludes zero and it exceeds the noise floor.

Warnings:
  - the program holds 144 MB of live data, more than the caches of many machines; for data that size, where it lies in memory can shift the result by several points in ways the interval does not cover, and differently in the next process; run the comparison in several processes with the multiproc package

== street natural n=65536 valuesFor: ordered vs baseline
A: 159 ns per operation (median)
B: 156 ns per operation (median)
A needs 0.778% less time than B: B takes 1.01 times as long as A.
With 95% confidence the difference lies between 8.2% more time and 3.24% less time (B takes between 0.924 and 1.03 times as long as A).
Noise floor: 3.47%. Identical code measured against itself on this setup can look that different, so smaller differences mean nothing.
Neighbouring measurements are correlated (autocorrelation +0.53), so they were resampled in blocks of 3.

Verdict: NOT RESOLVED. This run did not establish which candidate is faster. That is not the same as "equally fast": the warnings below say what is missing.

Warnings:
  - the difference of 0.78% does not clear the 3.47% noise floor, which is what this setup reports between two runs of identical code
  - the interval [-8.20%, 3.24%] includes zero, so a difference in either direction is consistent with these measurements
  - the program holds 144 MB of live data, more than the caches of many machines; for data that size, where it lies in memory can shift the result by several points in ways the interval does not cover, and differently in the next process; run the comparison in several processes with the multiproc package

== street natural n=65536 valuesBetween: ordered vs btree-sets
A: 4090 ns per operation (median)
B: 9527 ns per operation (median)
A needs 56.8% less time than B: B takes 2.32 times as long as A.
With 95% confidence the difference lies between 56% and 57.8% less time (B takes between 2.27 and 2.37 times as long as A).
Noise floor: 1.84%. Identical code measured against itself on this setup can look that different, so smaller differences mean nothing.
Neighbouring measurements are nearly independent (autocorrelation -0.04), so they were resampled one by one.

Verdict: RESOLVED. A is faster than B: the difference is real, as its interval excludes zero and it exceeds the noise floor.

Warnings:
  - the program holds 144 MB of live data, more than the caches of many machines; for data that size, where it lies in memory can shift the result by several points in ways the interval does not cover, and differently in the next process; run the comparison in several processes with the multiproc package

== street natural n=65536 valuesBetween: ordered vs baseline
A: 3907 ns per operation (median)
B: 4495 ns per operation (median)
A needs 12.7% less time than B: B takes 1.15 times as long as A.
With 95% confidence the difference lies between 10.5% and 15% less time (B takes between 1.12 and 1.18 times as long as A).
Noise floor: 1.31%. Identical code measured against itself on this setup can look that different, so smaller differences mean nothing.
Neighbouring measurements are nearly independent (autocorrelation +0.13), so they were resampled one by one.

Verdict: RESOLVED. A is faster than B: the difference is real, as its interval excludes zero and it exceeds the noise floor.

Warnings:
  - the program holds 159 MB of live data, more than the caches of many machines; for data that size, where it lies in memory can shift the result by several points in ways the interval does not cover, and differently in the next process; run the comparison in several processes with the multiproc package

== street natural n=65536 prefix: ordered vs btree-sets
A: 4882 ns per operation (median)
B: 1.14e+04 ns per operation (median)
A needs 58.6% less time than B: B takes 2.42 times as long as A.
With 95% confidence the difference lies between 57.1% and 60.2% less time (B takes between 2.33 and 2.51 times as long as A).
Noise floor: 4.49%. Identical code measured against itself on this setup can look that different, so smaller differences mean nothing.
Neighbouring measurements are nearly independent (autocorrelation +0.13), so they were resampled one by one.

Verdict: RESOLVED. A is faster than B: the difference is real, as its interval excludes zero and it exceeds the noise floor.

Warnings:
  - the program holds 159 MB of live data, more than the caches of many machines; for data that size, where it lies in memory can shift the result by several points in ways the interval does not cover, and differently in the next process; run the comparison in several processes with the multiproc package

== street natural n=65536 prefix: ordered vs baseline
A: 4689 ns per operation (median)
B: 5506 ns per operation (median)
A needs 16.6% less time than B: B takes 1.20 times as long as A.
With 95% confidence the difference lies between 10.6% and 22.9% less time (B takes between 1.12 and 1.30 times as long as A).
Noise floor: 4.71%. Identical code measured against itself on this setup can look that different, so smaller differences mean nothing.
Neighbouring measurements are nearly independent (autocorrelation -0.06), so they were resampled one by one.

Verdict: RESOLVED. A is faster than B: the difference is real, as its interval excludes zero and it exceeds the noise floor.

Warnings:
  - the program holds 159 MB of live data, more than the caches of many machines; for data that size, where it lies in memory can shift the result by several points in ways the interval does not cover, and differently in the next process; run the comparison in several processes with the multiproc package
  - in 50% of A/A runs this setup reported a difference between identical code, well above the 10% expected; treat any confidence from it with suspicion

== street natural n=65536 churn and build: ordered vs btree-sets
steady state, per insertion or deletion in a structure of 185027 elements (cycle of 483790 operations, first pass untimed):
  A: 399.4 ns per operation (median)
  B: 535.3 ns per operation (median)
  A needs 25.5% less time than B: B takes 1.34 times as long as A.
  With 95% confidence the difference lies between 22.6% and 27.6% less time (B takes between 1.29 and 1.38 times as long as A).
  Noise floor: 0.789%. Identical code measured against itself on this setup can look that different, so smaller differences mean nothing.
  Neighbouring measurements are correlated (autocorrelation +0.30), so they were resampled in blocks of 3.
  
  Verdict: RESOLVED. A is faster than B: the difference is real, as its interval excludes zero and it exceeds the noise floor.
  
  Warnings:
    - the program holds 204 MB of live data, more than the caches of many machines; for data that size, where it lies in memory can shift the result by several points in ways the interval does not cover, and differently in the next process; run the comparison in several processes with the multiproc package
    - candidate B drifted during the run: its measurements were 4.56% higher in the second half than in the first, so the machine did not hold still
    - the ratio B/A was 6.23% higher in the second half of the run than in the first, so the candidates had not reached a steady state and the difference depends on how long the run was; a common cause is a head start for whichever candidate ran alone last before the comparison or had its data built last, which a longer CollectOptions.WarmupDuration removes

build from empty to 185027 elements, per whole build (663737 operations):
  A: 2.061e+08 ns per operation (median)
  B: 2.875e+08 ns per operation (median)
  A needs 28.5% less time than B: B takes 1.40 times as long as A.
  With 95% confidence the difference lies between 28.2% and 28.8% less time (B takes between 1.39 and 1.40 times as long as A).
  Noise floor: 1.21%. Identical code measured against itself on this setup can look that different, so smaller differences mean nothing.
  Neighbouring measurements are nearly independent (autocorrelation -0.02), so they were resampled one by one.
  
  Verdict: RESOLVED. A is faster than B: the difference is real, as its interval excludes zero and it exceeds the noise floor.
  
  Warnings:
    - the program holds 169 MB of live data, more than the caches of many machines; for data that size, where it lies in memory can shift the result by several points in ways the interval does not cover, and differently in the next process; run the comparison in several processes with the multiproc package

== street natural n=65536 churn and build: ordered vs baseline
steady state, per insertion or deletion in a structure of 185027 elements (cycle of 483790 operations, first pass untimed):
  A: 359.3 ns per operation (median)
  B: 302.3 ns per operation (median)
  A needs 21.6% more time than B: B takes only 0.82 times as long as A.
  With 95% confidence the difference lies between 7.4% and 25.2% more time (B takes between 0.799 and 0.93 times as long as A).
  Noise floor: 7.03%. Identical code measured against itself on this setup can look that different, so smaller differences mean nothing.
  Neighbouring measurements are nearly independent (autocorrelation -0.24), so they were resampled one by one.
  
  Verdict: RESOLVED. A is slower than B: the difference is real, as its interval excludes zero and it exceeds the noise floor.
  
  Warnings:
    - the program holds 179 MB of live data, more than the caches of many machines; for data that size, where it lies in memory can shift the result by several points in ways the interval does not cover, and differently in the next process; run the comparison in several processes with the multiproc package

build from empty to 185027 elements, per whole build (663737 operations):
  A: 2.069e+08 ns per operation (median)
  B: 1.695e+08 ns per operation (median)
  A needs 22.1% more time than B: B takes only 0.82 times as long as A.
  With 95% confidence the difference lies between 21.7% and 22.4% more time (B takes between 0.817 and 0.82 times as long as A).
  Noise floor: 0.384%. Identical code measured against itself on this setup can look that different, so smaller differences mean nothing.
  Neighbouring measurements are nearly independent (autocorrelation +0.07), so they were resampled one by one.
  
  Verdict: RESOLVED. A is slower than B: the difference is real, as its interval excludes zero and it exceeds the noise floor.
  
  Warnings:
    - the program holds 169 MB of live data, more than the caches of many machines; for data that size, where it lies in memory can shift the result by several points in ways the interval does not cover, and differently in the next process; run the comparison in several processes with the multiproc package

checksum 1161614927979
