== dirs single-value n=4096 valuesFor: ordered vs btree-map
A: 127.4 ns per operation (median)
B: 147.9 ns per operation (median)
A needs 14.3% less time than B: B takes 1.17 times as long as A.
With 95% confidence the difference lies between 10.1% and 15.2% less time (B takes between 1.11 and 1.18 times as long as A).
Noise floor: 2.91%. Identical code measured against itself on this setup can look that different, so smaller differences mean nothing.
Neighbouring measurements are nearly independent (autocorrelation -0.27), so they were resampled one by one.

Verdict: RESOLVED. A is faster than B: the difference is real, as its interval excludes zero and it exceeds the noise floor.

Warnings:
  - the program holds 91 MB of live data, more than the caches of many machines; for data that size, where it lies in memory can shift the result by several points in ways the interval does not cover, and differently in the next process; run the comparison in several processes with the multiproc package

== dirs single-value n=4096 valuesFor: ordered vs baseline
A: 127.3 ns per operation (median)
B: 117.4 ns per operation (median)
A needs 8.53% more time than B: B takes only 0.92 times as long as A.
With 95% confidence the difference lies between 7.61% and 9.74% more time (B takes between 0.911 and 0.93 times as long as A).
Noise floor: 0.764%. Identical code measured against itself on this setup can look that different, so smaller differences mean nothing.
Neighbouring measurements are nearly independent (autocorrelation -0.36), so they were resampled one by one.

Verdict: RESOLVED. A is slower than B: the difference is real, as its interval excludes zero and it exceeds the noise floor.

Warnings:
  - the program holds 91 MB of live data, more than the caches of many machines; for data that size, where it lies in memory can shift the result by several points in ways the interval does not cover, and differently in the next process; run the comparison in several processes with the multiproc package

== dirs single-value n=4096 valuesBetween: ordered vs btree-map
A: 1714 ns per operation (median)
B: 632.4 ns per operation (median)
A needs 168% more time than B: B takes only 0.37 times as long as A.
With 95% confidence the difference lies between 168% and 182% more time (B takes between 0.355 and 0.37 times as long as A).
Noise floor: 1.81%. Identical code measured against itself on this setup can look that different, so smaller differences mean nothing.
Neighbouring measurements are nearly independent (autocorrelation -0.60), so they were resampled one by one.

Verdict: RESOLVED. A is slower than B: the difference is real, as its interval excludes zero and it exceeds the noise floor.

Warnings:
  - the program holds 91 MB of live data, more than the caches of many machines; for data that size, where it lies in memory can shift the result by several points in ways the interval does not cover, and differently in the next process; run the comparison in several processes with the multiproc package

== dirs single-value n=4096 valuesBetween: ordered vs baseline
A: 1770 ns per operation (median)
B: 3003 ns per operation (median)
A needs 40.3% less time than B: B takes 1.67 times as long as A.
With 95% confidence the difference lies between 39.7% and 42.6% less time (B takes between 1.66 and 1.74 times as long as A).
Noise floor: 3.22%. Identical code measured against itself on this setup can look that different, so smaller differences mean nothing.
Neighbouring measurements are nearly independent (autocorrelation -0.85), so they were resampled one by one.

Verdict: RESOLVED. A is faster than B: the difference is real, as its interval excludes zero and it exceeds the noise floor.

Warnings:
  - the program holds 91 MB of live data, more than the caches of many machines; for data that size, where it lies in memory can shift the result by several points in ways the interval does not cover, and differently in the next process; run the comparison in several processes with the multiproc package

== dirs single-value n=4096 prefix: ordered vs btree-map
A: 2039 ns per operation (median)
B: 738.7 ns per operation (median)
A needs 175% more time than B: B takes only 0.36 times as long as A.
With 95% confidence the difference lies between 165% and 190% more time (B takes between 0.344 and 0.38 times as long as A).
Noise floor: 0.557%. Identical code measured against itself on this setup can look that different, so smaller differences mean nothing.
Neighbouring measurements are nearly independent (autocorrelation -0.22), so they were resampled one by one.

Verdict: RESOLVED. A is slower than B: the difference is real, as its interval excludes zero and it exceeds the noise floor.

Warnings:
  - the program holds 103 MB of live data, more than the caches of many machines; for data that size, where it lies in memory can shift the result by several points in ways the interval does not cover, and differently in the next process; run the comparison in several processes with the multiproc package

== dirs single-value n=4096 prefix: ordered vs baseline
A: 1976 ns per operation (median)
B: 3721 ns per operation (median)
A needs 45.8% less time than B: B takes 1.85 times as long as A.
With 95% confidence the difference lies between 43% and 50.4% less time (B takes between 1.76 and 2.01 times as long as A).
Noise floor: 3.23%. Identical code measured against itself on this setup can look that different, so smaller differences mean nothing.
Neighbouring measurements are nearly independent (autocorrelation -0.10), so they were resampled one by one.

Verdict: RESOLVED. A is faster than B: the difference is real, as its interval excludes zero and it exceeds the noise floor.

Warnings:
  - the program holds 103 MB of live data, more than the caches of many machines; for data that size, where it lies in memory can shift the result by several points in ways the interval does not cover, and differently in the next process; run the comparison in several processes with the multiproc package

== dirs single-value n=4096 churn and build: ordered vs btree-map
steady state, per insertion or deletion in a structure of 4096 elements (cycle of 10684 operations, first pass untimed):
  A: 299 ns per operation (median)
  B: 222.4 ns per operation (median)
  A needs 38.2% more time than B: B takes only 0.72 times as long as A.
  With 95% confidence the difference lies between 31.4% and 42.2% more time (B takes between 0.703 and 0.76 times as long as A).
  Noise floor: 5.08%. Identical code measured against itself on this setup can look that different, so smaller differences mean nothing.
  Neighbouring measurements are nearly independent (autocorrelation -0.26), so they were resampled one by one.
  
  Verdict: RESOLVED. A is slower than B: the difference is real, as its interval excludes zero and it exceeds the noise floor.
  
  Warnings:
    - the program holds 103 MB of live data, more than the caches of many machines; for data that size, where it lies in memory can shift the result by several points in ways the interval does not cover, and differently in the next process; run the comparison in several processes with the multiproc package

build from empty to 4096 elements, per whole build (14748 operations):
  A: 4.314e+06 ns per operation (median)
  B: 3.122e+06 ns per operation (median)
  A needs 38.6% more time than B: B takes only 0.72 times as long as A.
  With 95% confidence the difference lies between 37.7% and 40.3% more time (B takes between 0.713 and 0.73 times as long as A).
  Noise floor: 0.891%. Identical code measured against itself on this setup can look that different, so smaller differences mean nothing.
  Neighbouring measurements are nearly independent (autocorrelation -0.16), so they were resampled one by one.
  
  Verdict: RESOLVED. A is slower than B: the difference is real, as its interval excludes zero and it exceeds the noise floor.
  
  Warnings:
    - the program holds 102 MB of live data, more than the caches of many machines; for data that size, where it lies in memory can shift the result by several points in ways the interval does not cover, and differently in the next process; run the comparison in several processes with the multiproc package
    - in 50% of A/A runs this setup reported a difference between identical code, well above the 10% expected; treat any confidence from it with suspicion

== dirs single-value n=4096 churn and build: ordered vs baseline
steady state, per insertion or deletion in a structure of 4096 elements (cycle of 10684 operations, first pass untimed):
  A: 298.1 ns per operation (median)
  B: 264.4 ns per operation (median)
  A needs 13.1% more time than B: B takes only 0.88 times as long as A.
  With 95% confidence the difference lies between 11.5% and 14.1% more time (B takes between 0.876 and 0.90 times as long as A).
  Noise floor: 0.856%. Identical code measured against itself on this setup can look that different, so smaller differences mean nothing.
  Neighbouring measurements are nearly independent (autocorrelation +0.04), so they were resampled one by one.
  
  Verdict: RESOLVED. A is slower than B: the difference is real, as its interval excludes zero and it exceeds the noise floor.
  
  Warnings:
    - the program holds 103 MB of live data, more than the caches of many machines; for data that size, where it lies in memory can shift the result by several points in ways the interval does not cover, and differently in the next process; run the comparison in several processes with the multiproc package
    - candidate A drifted during the run: its measurements were 7.04% higher in the second half than in the first, so the machine did not hold still
    - candidate B drifted during the run: its measurements were 7.88% higher in the second half than in the first, so the machine did not hold still

build from empty to 4096 elements, per whole build (14748 operations):
  A: 4.324e+06 ns per operation (median)
  B: 3.687e+06 ns per operation (median)
  A needs 17.8% more time than B: B takes only 0.85 times as long as A.
  With 95% confidence the difference lies between 15.7% and 18.6% more time (B takes between 0.843 and 0.86 times as long as A).
  Noise floor: 0.891%. Identical code measured against itself on this setup can look that different, so smaller differences mean nothing.
  Neighbouring measurements are nearly independent (autocorrelation -0.06), so they were resampled one by one.
  
  Verdict: RESOLVED. A is slower than B: the difference is real, as its interval excludes zero and it exceeds the noise floor.
  
  Warnings:
    - the program holds 102 MB of live data, more than the caches of many machines; for data that size, where it lies in memory can shift the result by several points in ways the interval does not cover, and differently in the next process; run the comparison in several processes with the multiproc package

checksum 45397651825436
== dirs single-value n=4096 valuesFor: ordered vs btree-map
A: 127 ns per operation (median)
B: 147.4 ns per operation (median)
A needs 14.3% less time than B: B takes 1.17 times as long as A.
With 95% confidence the difference lies between 9.53% and 15% less time (B takes between 1.11 and 1.18 times as long as A).
Noise floor: 2.16%. Identical code measured against itself on this setup can look that different, so smaller differences mean nothing.
Neighbouring measurements are nearly independent (autocorrelation -0.64), so they were resampled one by one.

Verdict: RESOLVED. A is faster than B: the difference is real, as its interval excludes zero and it exceeds the noise floor.

Warnings:
  - the program holds 105 MB of live data, more than the caches of many machines; for data that size, where it lies in memory can shift the result by several points in ways the interval does not cover, and differently in the next process; run the comparison in several processes with the multiproc package

== dirs single-value n=4096 valuesFor: ordered vs baseline
A: 126.4 ns per operation (median)
B: 116.9 ns per operation (median)
A needs 8.66% more time than B: B takes only 0.92 times as long as A.
With 95% confidence the difference lies between 7.25% and 9.1% more time (B takes between 0.917 and 0.93 times as long as A).
Noise floor: 0.534%. Identical code measured against itself on this setup can look that different, so smaller differences mean nothing.
Neighbouring measurements are nearly independent (autocorrelation -0.31), so they were resampled one by one.

Verdict: RESOLVED. A is slower than B: the difference is real, as its interval excludes zero and it exceeds the noise floor.

Warnings:
  - the program holds 105 MB of live data, more than the caches of many machines; for data that size, where it lies in memory can shift the result by several points in ways the interval does not cover, and differently in the next process; run the comparison in several processes with the multiproc package

== dirs single-value n=4096 valuesBetween: ordered vs btree-map
A: 1737 ns per operation (median)
B: 630.6 ns per operation (median)
A needs 179% more time than B: B takes only 0.36 times as long as A.
With 95% confidence the difference lies between 170% and 183% more time (B takes between 0.353 and 0.37 times as long as A).
Noise floor: 1.62%. Identical code measured against itself on this setup can look that different, so smaller differences mean nothing.
Neighbouring measurements are nearly independent (autocorrelation -0.33), so they were resampled one by one.

Verdict: RESOLVED. A is slower than B: the difference is real, as its interval excludes zero and it exceeds the noise floor.

Warnings:
  - the program holds 105 MB of live data, more than the caches of many machines; for data that size, where it lies in memory can shift the result by several points in ways the interval does not cover, and differently in the next process; run the comparison in several processes with the multiproc package

== dirs single-value n=4096 valuesBetween: ordered vs baseline
A: 1755 ns per operation (median)
B: 2997 ns per operation (median)
A needs 41.9% less time than B: B takes 1.72 times as long as A.
With 95% confidence the difference lies between 39% and 42.6% less time (B takes between 1.64 and 1.74 times as long as A).
Noise floor: 2.82%. Identical code measured against itself on this setup can look that different, so smaller differences mean nothing.
Neighbouring measurements are nearly independent (autocorrelation -0.78), so they were resampled one by one.

Verdict: RESOLVED. A is faster than B: the difference is real, as its interval excludes zero and it exceeds the noise floor.

Warnings:
  - the program holds 105 MB of live data, more than the caches of many machines; for data that size, where it lies in memory can shift the result by several points in ways the interval does not cover, and differently in the next process; run the comparison in several processes with the multiproc package

== dirs single-value n=4096 prefix: ordered vs btree-map
A: 2013 ns per operation (median)
B: 713.8 ns per operation (median)
A needs 181% more time than B: B takes only 0.36 times as long as A.
With 95% confidence the difference lies between 171% and 193% more time (B takes between 0.342 and 0.37 times as long as A).
Noise floor: 0.678%. Identical code measured against itself on this setup can look that different, so smaller differences mean nothing.
Neighbouring measurements are nearly independent (autocorrelation -0.20), so they were resampled one by one.

Verdict: RESOLVED. A is slower than B: the difference is real, as its interval excludes zero and it exceeds the noise floor.

Warnings:
  - the program holds 105 MB of live data, more than the caches of many machines; for data that size, where it lies in memory can shift the result by several points in ways the interval does not cover, and differently in the next process; run the comparison in several processes with the multiproc package

== dirs single-value n=4096 prefix: ordered vs baseline
A: 1981 ns per operation (median)
B: 3753 ns per operation (median)
A needs 46.7% less time than B: B takes 1.88 times as long as A.
With 95% confidence the difference lies between 43.4% and 50.5% less time (B takes between 1.77 and 2.02 times as long as A).
Noise floor: 1.13%. Identical code measured against itself on this setup can look that different, so smaller differences mean nothing.
Neighbouring measurements are nearly independent (autocorrelation +0.09), so they were resampled one by one.

Verdict: RESOLVED. A is faster than B: the difference is real, as its interval excludes zero and it exceeds the noise floor.

Warnings:
  - the program holds 105 MB of live data, more than the caches of many machines; for data that size, where it lies in memory can shift the result by several points in ways the interval does not cover, and differently in the next process; run the comparison in several processes with the multiproc package

== dirs single-value n=4096 churn and build: ordered vs btree-map
steady state, per insertion or deletion in a structure of 4096 elements (cycle of 10684 operations, first pass untimed):
  A: 300.4 ns per operation (median)
  B: 222.5 ns per operation (median)
  A needs 35.4% more time than B: B takes only 0.74 times as long as A.
  With 95% confidence the difference lies between 31.9% and 42.5% more time (B takes between 0.702 and 0.76 times as long as A).
  Noise floor: 4.29%. Identical code measured against itself on this setup can look that different, so smaller differences mean nothing.
  Neighbouring measurements are nearly independent (autocorrelation -0.48), so they were resampled one by one.
  
  Verdict: RESOLVED. A is slower than B: the difference is real, as its interval excludes zero and it exceeds the noise floor.
  
  Warnings:
    - the program holds 103 MB of live data, more than the caches of many machines; for data that size, where it lies in memory can shift the result by several points in ways the interval does not cover, and differently in the next process; run the comparison in several processes with the multiproc package

build from empty to 4096 elements, per whole build (14748 operations):
  A: 4.338e+06 ns per operation (median)
  B: 3.122e+06 ns per operation (median)
  A needs 39.2% more time than B: B takes only 0.72 times as long as A.
  With 95% confidence the difference lies between 37.8% and 39.9% more time (B takes between 0.715 and 0.73 times as long as A).
  Noise floor: 0.63%. Identical code measured against itself on this setup can look that different, so smaller differences mean nothing.
  Neighbouring measurements are nearly independent (autocorrelation +0.09), so they were resampled one by one.
  
  Verdict: RESOLVED. A is slower than B: the difference is real, as its interval excludes zero and it exceeds the noise floor.
  
  Warnings:
    - the program holds 102 MB of live data, more than the caches of many machines; for data that size, where it lies in memory can shift the result by several points in ways the interval does not cover, and differently in the next process; run the comparison in several processes with the multiproc package

== dirs single-value n=4096 churn and build: ordered vs baseline
steady state, per insertion or deletion in a structure of 4096 elements (cycle of 10684 operations, first pass untimed):
  A: 296.6 ns per operation (median)
  B: 262.8 ns per operation (median)
  A needs 12.8% more time than B: B takes only 0.89 times as long as A.
  With 95% confidence the difference lies between 11.6% and 14.7% more time (B takes between 0.872 and 0.90 times as long as A).
  Noise floor: 0.762%. Identical code measured against itself on this setup can look that different, so smaller differences mean nothing.
  Neighbouring measurements are nearly independent (autocorrelation +0.14), so they were resampled one by one.
  
  Verdict: RESOLVED. A is slower than B: the difference is real, as its interval excludes zero and it exceeds the noise floor.
  
  Warnings:
    - the program holds 103 MB of live data, more than the caches of many machines; for data that size, where it lies in memory can shift the result by several points in ways the interval does not cover, and differently in the next process; run the comparison in several processes with the multiproc package
    - 6.1% of bootstrap replicates tied, so the measurement is coarse relative to the question; lower CollectOptions.MaxQuantizationError to lengthen the batches

build from empty to 4096 elements, per whole build (14748 operations):
  A: 4.337e+06 ns per operation (median)
  B: 3.712e+06 ns per operation (median)
  A needs 16.8% more time than B: B takes only 0.86 times as long as A.
  With 95% confidence the difference lies between 15.6% and 18.2% more time (B takes between 0.846 and 0.87 times as long as A).
  Noise floor: 0.661%. Identical code measured against itself on this setup can look that different, so smaller differences mean nothing.
  Neighbouring measurements are nearly independent (autocorrelation -0.06), so they were resampled one by one.
  
  Verdict: RESOLVED. A is slower than B: the difference is real, as its interval excludes zero and it exceeds the noise floor.
  
  Warnings:
    - the program holds 102 MB of live data, more than the caches of many machines; for data that size, where it lies in memory can shift the result by several points in ways the interval does not cover, and differently in the next process; run the comparison in several processes with the multiproc package
    - in 50% of A/A runs this setup reported a difference between identical code, well above the 10% expected; treat any confidence from it with suspicion

checksum 46119747515774
== dirs single-value n=4096 valuesFor: ordered vs btree-map
A: 128.2 ns per operation (median)
B: 147.7 ns per operation (median)
A needs 13.8% less time than B: B takes 1.16 times as long as A.
With 95% confidence the difference lies between 10% and 14.6% less time (B takes between 1.11 and 1.17 times as long as A).
Noise floor: 3.46%. Identical code measured against itself on this setup can look that different, so smaller differences mean nothing.
Neighbouring measurements are nearly independent (autocorrelation -0.47), so they were resampled one by one.

Verdict: RESOLVED. A is faster than B: the difference is real, as its interval excludes zero and it exceeds the noise floor.

Warnings:
  - the program holds 91 MB of live data, more than the caches of many machines; for data that size, where it lies in memory can shift the result by several points in ways the interval does not cover, and differently in the next process; run the comparison in several processes with the multiproc package

== dirs single-value n=4096 valuesFor: ordered vs baseline
A: 127.3 ns per operation (median)
B: 117.5 ns per operation (median)
A needs 8.25% more time than B: B takes only 0.92 times as long as A.
With 95% confidence the difference lies between 7.72% and 8.99% more time (B takes between 0.918 and 0.93 times as long as A).
Noise floor: 0.661%. Identical code measured against itself on this setup can look that different, so smaller differences mean nothing.
Neighbouring measurements are nearly independent (autocorrelation -0.23), so they were resampled one by one.

Verdict: RESOLVED. A is slower than B: the difference is real, as its interval excludes zero and it exceeds the noise floor.

Warnings:
  - the program holds 91 MB of live data, more than the caches of many machines; for data that size, where it lies in memory can shift the result by several points in ways the interval does not cover, and differently in the next process; run the comparison in several processes with the multiproc package
  - 6.0% of bootstrap replicates tied, so the measurement is coarse relative to the question; lower CollectOptions.MaxQuantizationError to lengthen the batches

== dirs single-value n=4096 valuesBetween: ordered vs btree-map
A: 1762 ns per operation (median)
B: 641.3 ns per operation (median)
A needs 177% more time than B: B takes only 0.36 times as long as A.
With 95% confidence the difference lies between 169% and 183% more time (B takes between 0.353 and 0.37 times as long as A).
Noise floor: 2.2%. Identical code measured against itself on this setup can look that different, so smaller differences mean nothing.
Neighbouring measurements are nearly independent (autocorrelation -0.47), so they were resampled one by one.

Verdict: RESOLVED. A is slower than B: the difference is real, as its interval excludes zero and it exceeds the noise floor.

Warnings:
  - the program holds 91 MB of live data, more than the caches of many machines; for data that size, where it lies in memory can shift the result by several points in ways the interval does not cover, and differently in the next process; run the comparison in several processes with the multiproc package

== dirs single-value n=4096 valuesBetween: ordered vs baseline
A: 1776 ns per operation (median)
B: 3010 ns per operation (median)
A needs 40.6% less time than B: B takes 1.68 times as long as A.
With 95% confidence the difference lies between 39.4% and 42.7% less time (B takes between 1.65 and 1.75 times as long as A).
Noise floor: 1.91%. Identical code measured against itself on this setup can look that different, so smaller differences mean nothing.
Neighbouring measurements are nearly independent (autocorrelation -0.55), so they were resampled one by one.

Verdict: RESOLVED. A is faster than B: the difference is real, as its interval excludes zero and it exceeds the noise floor.

Warnings:
  - the program holds 91 MB of live data, more than the caches of many machines; for data that size, where it lies in memory can shift the result by several points in ways the interval does not cover, and differently in the next process; run the comparison in several processes with the multiproc package

== dirs single-value n=4096 prefix: ordered vs btree-map
A: 2005 ns per operation (median)
B: 724.7 ns per operation (median)
A needs 178% more time than B: B takes only 0.36 times as long as A.
With 95% confidence the difference lies between 168% and 188% more time (B takes between 0.347 and 0.37 times as long as A).
Noise floor: 1.35%. Identical code measured against itself on this setup can look that different, so smaller differences mean nothing.
Neighbouring measurements are nearly independent (autocorrelation -0.23), so they were resampled one by one.

Verdict: RESOLVED. A is slower than B: the difference is real, as its interval excludes zero and it exceeds the noise floor.

Warnings:
  - the program holds 103 MB of live data, more than the caches of many machines; for data that size, where it lies in memory can shift the result by several points in ways the interval does not cover, and differently in the next process; run the comparison in several processes with the multiproc package

== dirs single-value n=4096 prefix: ordered vs baseline
A: 2032 ns per operation (median)
B: 3751 ns per operation (median)
A needs 45.5% less time than B: B takes 1.83 times as long as A.
With 95% confidence the difference lies between 44.1% and 48.9% less time (B takes between 1.79 and 1.96 times as long as A).
Noise floor: 2.48%. Identical code measured against itself on this setup can look that different, so smaller differences mean nothing.
Neighbouring measurements are nearly independent (autocorrelation +0.09), so they were resampled one by one.

Verdict: RESOLVED. A is faster than B: the difference is real, as its interval excludes zero and it exceeds the noise floor.

Warnings:
  - the program holds 103 MB of live data, more than the caches of many machines; for data that size, where it lies in memory can shift the result by several points in ways the interval does not cover, and differently in the next process; run the comparison in several processes with the multiproc package
  - in 50% of A/A runs this setup reported a difference between identical code, well above the 10% expected; treat any confidence from it with suspicion

== dirs single-value n=4096 churn and build: ordered vs btree-map
steady state, per insertion or deletion in a structure of 4096 elements (cycle of 10684 operations, first pass untimed):
  A: 300.2 ns per operation (median)
  B: 222 ns per operation (median)
  A needs 37% more time than B: B takes only 0.73 times as long as A.
  With 95% confidence the difference lies between 33.4% and 41.8% more time (B takes between 0.705 and 0.75 times as long as A).
  Noise floor: 5.18%. Identical code measured against itself on this setup can look that different, so smaller differences mean nothing.
  Neighbouring measurements are nearly independent (autocorrelation -0.09), so they were resampled one by one.
  
  Verdict: RESOLVED. A is slower than B: the difference is real, as its interval excludes zero and it exceeds the noise floor.
  
  Warnings:
    - the program holds 103 MB of live data, more than the caches of many machines; for data that size, where it lies in memory can shift the result by several points in ways the interval does not cover, and differently in the next process; run the comparison in several processes with the multiproc package

build from empty to 4096 elements, per whole build (14748 operations):
  A: 4.318e+06 ns per operation (median)
  B: 3.112e+06 ns per operation (median)
  A needs 38.1% more time than B: B takes only 0.72 times as long as A.
  With 95% confidence the difference lies between 37% and 39.3% more time (B takes between 0.718 and 0.73 times as long as A).
  Noise floor: 0.193%. Identical code measured against itself on this setup can look that different, so smaller differences mean nothing.
  Neighbouring measurements are nearly independent (autocorrelation +0.06), so they were resampled one by one.
  
  Verdict: RESOLVED. A is slower than B: the difference is real, as its interval excludes zero and it exceeds the noise floor.
  
  Warnings:
    - the program holds 102 MB of live data, more than the caches of many machines; for data that size, where it lies in memory can shift the result by several points in ways the interval does not cover, and differently in the next process; run the comparison in several processes with the multiproc package

== dirs single-value n=4096 churn and build: ordered vs baseline
steady state, per insertion or deletion in a structure of 4096 elements (cycle of 10684 operations, first pass untimed):
  A: 303.2 ns per operation (median)
  B: 265.1 ns per operation (median)
  A needs 14% more time than B: B takes only 0.88 times as long as A.
  With 95% confidence the difference lies between 12.9% and 15.4% more time (B takes between 0.867 and 0.89 times as long as A).
  Noise floor: 1.6%. Identical code measured against itself on this setup can look that different, so smaller differences mean nothing.
  Neighbouring measurements are nearly independent (autocorrelation +0.13), so they were resampled one by one.
  
  Verdict: RESOLVED. A is slower than B: the difference is real, as its interval excludes zero and it exceeds the noise floor.
  
  Warnings:
    - the program holds 104 MB of live data, more than the caches of many machines; for data that size, where it lies in memory can shift the result by several points in ways the interval does not cover, and differently in the next process; run the comparison in several processes with the multiproc package
    - candidate A drifted during the run: its measurements were 2.71% lower in the second half than in the first, so the machine did not hold still
    - candidate B drifted during the run: its measurements were 2.48% lower in the second half than in the first, so the machine did not hold still

build from empty to 4096 elements, per whole build (14748 operations):
  A: 4.334e+06 ns per operation (median)
  B: 3.7e+06 ns per operation (median)
  A needs 17.9% more time than B: B takes only 0.85 times as long as A.
  With 95% confidence the difference lies between 15.8% and 19.4% more time (B takes between 0.838 and 0.86 times as long as A).
  Noise floor: 0.405%. Identical code measured against itself on this setup can look that different, so smaller differences mean nothing.
  Neighbouring measurements are correlated (autocorrelation +0.22), so they were resampled in blocks of 3.
  
  Verdict: RESOLVED. A is slower than B: the difference is real, as its interval excludes zero and it exceeds the noise floor.
  
  Warnings:
    - the program holds 102 MB of live data, more than the caches of many machines; for data that size, where it lies in memory can shift the result by several points in ways the interval does not cover, and differently in the next process; run the comparison in several processes with the multiproc package
    - the ratio B/A was 2.14% lower in the second half of the run than in the first, so the candidates had not reached a steady state and the difference depends on how long the run was; a common cause is a head start for whichever candidate ran alone last before the comparison or had its data built last, which a longer CollectOptions.WarmupDuration removes

checksum 45315746103121
== dirs single-value n=4096 valuesFor: ordered vs btree-map
A: 131.5 ns per operation (median)
B: 148 ns per operation (median)
A needs 11.2% less time than B: B takes 1.13 times as long as A.
With 95% confidence the difference lies between 9.17% and 12.4% less time (B takes between 1.1 and 1.14 times as long as A).
Noise floor: 2.43%. Identical code measured against itself on this setup can look that different, so smaller differences mean nothing.
Neighbouring measurements are nearly independent (autocorrelation -0.51), so they were resampled one by one.

Verdict: RESOLVED. A is faster than B: the difference is real, as its interval excludes zero and it exceeds the noise floor.

Warnings:
  - the program holds 103 MB of live data, more than the caches of many machines; for data that size, where it lies in memory can shift the result by several points in ways the interval does not cover, and differently in the next process; run the comparison in several processes with the multiproc package

== dirs single-value n=4096 valuesFor: ordered vs baseline
A: 126.7 ns per operation (median)
B: 116.9 ns per operation (median)
A needs 7.87% more time than B: B takes only 0.93 times as long as A.
With 95% confidence the difference lies between 7.29% and 9.58% more time (B takes between 0.913 and 0.93 times as long as A).
Noise floor: 0.845%. Identical code measured against itself on this setup can look that different, so smaller differences mean nothing.
Neighbouring measurements are nearly independent (autocorrelation -0.32), so they were resampled one by one.

Verdict: RESOLVED. A is slower than B: the difference is real, as its interval excludes zero and it exceeds the noise floor.

Warnings:
  - the program holds 103 MB of live data, more than the caches of many machines; for data that size, where it lies in memory can shift the result by several points in ways the interval does not cover, and differently in the next process; run the comparison in several processes with the multiproc package

== dirs single-value n=4096 valuesBetween: ordered vs btree-map
A: 1723 ns per operation (median)
B: 628.7 ns per operation (median)
A needs 178% more time than B: B takes only 0.36 times as long as A.
With 95% confidence the difference lies between 169% and 183% more time (B takes between 0.354 and 0.37 times as long as A).
Noise floor: 2.53%. Identical code measured against itself on this setup can look that different, so smaller differences mean nothing.
Neighbouring measurements are nearly independent (autocorrelation -0.53), so they were resampled one by one.

Verdict: RESOLVED. A is slower than B: the difference is real, as its interval excludes zero and it exceeds the noise floor.

Warnings:
  - the program holds 103 MB of live data, more than the caches of many machines; for data that size, where it lies in memory can shift the result by several points in ways the interval does not cover, and differently in the next process; run the comparison in several processes with the multiproc package

== dirs single-value n=4096 valuesBetween: ordered vs baseline
A: 1771 ns per operation (median)
B: 3024 ns per operation (median)
A needs 42.1% less time than B: B takes 1.73 times as long as A.
With 95% confidence the difference lies between 39.3% and 42.5% less time (B takes between 1.65 and 1.74 times as long as A).
Noise floor: 1.96%. Identical code measured against itself on this setup can look that different, so smaller differences mean nothing.
Neighbouring measurements are correlated (autocorrelation +0.35), so they were resampled in blocks of 3.

Verdict: RESOLVED. A is faster than B: the difference is real, as its interval excludes zero and it exceeds the noise floor.

Warnings:
  - the program holds 103 MB of live data, more than the caches of many machines; for data that size, where it lies in memory can shift the result by several points in ways the interval does not cover, and differently in the next process; run the comparison in several processes with the multiproc package

== dirs single-value n=4096 prefix: ordered vs btree-map
A: 2008 ns per operation (median)
B: 713.2 ns per operation (median)
A needs 174% more time than B: B takes only 0.37 times as long as A.
With 95% confidence the difference lies between 163% and 186% more time (B takes between 0.349 and 0.38 times as long as A).
Noise floor: 0.865%. Identical code measured against itself on this setup can look that different, so smaller differences mean nothing.
Neighbouring measurements are nearly independent (autocorrelation -0.25), so they were resampled one by one.

Verdict: RESOLVED. A is slower than B: the difference is real, as its interval excludes zero and it exceeds the noise floor.

Warnings:
  - the program holds 103 MB of live data, more than the caches of many machines; for data that size, where it lies in memory can shift the result by several points in ways the interval does not cover, and differently in the next process; run the comparison in several processes with the multiproc package

== dirs single-value n=4096 prefix: ordered vs baseline
A: 2030 ns per operation (median)
B: 3808 ns per operation (median)
A needs 45.2% less time than B: B takes 1.83 times as long as A.
With 95% confidence the difference lies between 43% and 48.3% less time (B takes between 1.75 and 1.93 times as long as A).
Noise floor: 1.4%. Identical code measured against itself on this setup can look that different, so smaller differences mean nothing.
Neighbouring measurements are nearly independent (autocorrelation -0.01), so they were resampled one by one.

Verdict: RESOLVED. A is faster than B: the difference is real, as its interval excludes zero and it exceeds the noise floor.

Warnings:
  - the program holds 103 MB of live data, more than the caches of many machines; for data that size, where it lies in memory can shift the result by several points in ways the interval does not cover, and differently in the next process; run the comparison in several processes with the multiproc package

== dirs single-value n=4096 churn and build: ordered vs btree-map
steady state, per insertion or deletion in a structure of 4096 elements (cycle of 10684 operations, first pass untimed):
  A: 296.6 ns per operation (median)
  B: 221.2 ns per operation (median)
  A needs 37.3% more time than B: B takes only 0.73 times as long as A.
  With 95% confidence the difference lies between 31.7% and 42% more time (B takes between 0.704 and 0.76 times as long as A).
  Noise floor: 4.28%. Identical code measured against itself on this setup can look that different, so smaller differences mean nothing.
  Neighbouring measurements are nearly independent (autocorrelation -0.48), so they were resampled one by one.
  
  Verdict: RESOLVED. A is slower than B: the difference is real, as its interval excludes zero and it exceeds the noise floor.
  
  Warnings:
    - the program holds 103 MB of live data, more than the caches of many machines; for data that size, where it lies in memory can shift the result by several points in ways the interval does not cover, and differently in the next process; run the comparison in several processes with the multiproc package

build from empty to 4096 elements, per whole build (14748 operations):
  A: 4.352e+06 ns per operation (median)
  B: 3.149e+06 ns per operation (median)
  A needs 39% more time than B: B takes only 0.72 times as long as A.
  With 95% confidence the difference lies between 37.8% and 39.9% more time (B takes between 0.715 and 0.73 times as long as A).
  Noise floor: 0.669%. Identical code measured against itself on this setup can look that different, so smaller differences mean nothing.
  Neighbouring measurements are nearly independent (autocorrelation +0.05), so they were resampled one by one.
  
  Verdict: RESOLVED. A is slower than B: the difference is real, as its interval excludes zero and it exceeds the noise floor.
  
  Warnings:
    - the program holds 102 MB of live data, more than the caches of many machines; for data that size, where it lies in memory can shift the result by several points in ways the interval does not cover, and differently in the next process; run the comparison in several processes with the multiproc package

== dirs single-value n=4096 churn and build: ordered vs baseline
steady state, per insertion or deletion in a structure of 4096 elements (cycle of 10684 operations, first pass untimed):
  A: 298.8 ns per operation (median)
  B: 261.6 ns per operation (median)
  A needs 14.1% more time than B: B takes only 0.88 times as long as A.
  With 95% confidence the difference lies between 13% and 14.6% more time (B takes between 0.872 and 0.89 times as long as A).
  Noise floor: 1.4%. Identical code measured against itself on this setup can look that different, so smaller differences mean nothing.
  Neighbouring measurements are correlated (autocorrelation +0.21), so they were resampled in blocks of 3.
  
  Verdict: RESOLVED. A is slower than B: the difference is real, as its interval excludes zero and it exceeds the noise floor.
  
  Warnings:
    - the program holds 103 MB of live data, more than the caches of many machines; for data that size, where it lies in memory can shift the result by several points in ways the interval does not cover, and differently in the next process; run the comparison in several processes with the multiproc package

build from empty to 4096 elements, per whole build (14748 operations):
  A: 4.342e+06 ns per operation (median)
  B: 3.705e+06 ns per operation (median)
  A needs 17.2% more time than B: B takes only 0.85 times as long as A.
  With 95% confidence the difference lies between 16.7% and 18.9% more time (B takes between 0.841 and 0.86 times as long as A).
  Noise floor: 1.26%. Identical code measured against itself on this setup can look that different, so smaller differences mean nothing.
  Neighbouring measurements are nearly independent (autocorrelation +0.02), so they were resampled one by one.
  
  Verdict: RESOLVED. A is slower than B: the difference is real, as its interval excludes zero and it exceeds the noise floor.
  
  Warnings:
    - the program holds 102 MB of live data, more than the caches of many machines; for data that size, where it lies in memory can shift the result by several points in ways the interval does not cover, and differently in the next process; run the comparison in several processes with the multiproc package
    - in 50% of A/A runs this setup reported a difference between identical code, well above the 10% expected; treat any confidence from it with suspicion

checksum 45535055916660
== dirs single-value n=4096 valuesFor: ordered vs btree-map
A: 127.3 ns per operation (median)
B: 148.3 ns per operation (median)
A needs 14.7% less time than B: B takes 1.17 times as long as A.
With 95% confidence the difference lies between 11.2% and 15.6% less time (B takes between 1.13 and 1.18 times as long as A).
Noise floor: 2.46%. Identical code measured against itself on this setup can look that different, so smaller differences mean nothing.
Neighbouring measurements are nearly independent (autocorrelation -0.71), so they were resampled one by one.

Verdict: RESOLVED. A is faster than B: the difference is real, as its interval excludes zero and it exceeds the noise floor.

Warnings:
  - the program holds 105 MB of live data, more than the caches of many machines; for data that size, where it lies in memory can shift the result by several points in ways the interval does not cover, and differently in the next process; run the comparison in several processes with the multiproc package

== dirs single-value n=4096 valuesFor: ordered vs baseline
A: 126.8 ns per operation (median)
B: 117.7 ns per operation (median)
A needs 7.64% more time than B: B takes only 0.93 times as long as A.
With 95% confidence the difference lies between 7.25% and 8.37% more time (B takes between 0.923 and 0.93 times as long as A).
Noise floor: 0.827%. Identical code measured against itself on this setup can look that different, so smaller differences mean nothing.
Neighbouring measurements are nearly independent (autocorrelation -0.27), so they were resampled one by one.

Verdict: RESOLVED. A is slower than B: the difference is real, as its interval excludes zero and it exceeds the noise floor.

Warnings:
  - the program holds 105 MB of live data, more than the caches of many machines; for data that size, where it lies in memory can shift the result by several points in ways the interval does not cover, and differently in the next process; run the comparison in several processes with the multiproc package

== dirs single-value n=4096 valuesBetween: ordered vs btree-map
A: 1755 ns per operation (median)
B: 644.2 ns per operation (median)
A needs 171% more time than B: B takes only 0.37 times as long as A.
With 95% confidence the difference lies between 167% and 180% more time (B takes between 0.357 and 0.37 times as long as A).
Noise floor: 2.16%. Identical code measured against itself on this setup can look that different, so smaller differences mean nothing.
Neighbouring measurements are nearly independent (autocorrelation -0.71), so they were resampled one by one.

Verdict: RESOLVED. A is slower than B: the difference is real, as its interval excludes zero and it exceeds the noise floor.

Warnings:
  - the program holds 105 MB of live data, more than the caches of many machines; for data that size, where it lies in memory can shift the result by several points in ways the interval does not cover, and differently in the next process; run the comparison in several processes with the multiproc package

== dirs single-value n=4096 valuesBetween: ordered vs baseline
A: 1734 ns per operation (median)
B: 2997 ns per operation (median)
A needs 42.1% less time than B: B takes 1.73 times as long as A.
With 95% confidence the difference lies between 39.7% and 42.9% less time (B takes between 1.66 and 1.75 times as long as A).
Noise floor: 2.11%. Identical code measured against itself on this setup can look that different, so smaller differences mean nothing.
Neighbouring measurements are nearly independent (autocorrelation -0.30), so they were resampled one by one.

Verdict: RESOLVED. A is faster than B: the difference is real, as its interval excludes zero and it exceeds the noise floor.

Warnings:
  - the program holds 105 MB of live data, more than the caches of many machines; for data that size, where it lies in memory can shift the result by several points in ways the interval does not cover, and differently in the next process; run the comparison in several processes with the multiproc package

== dirs single-value n=4096 prefix: ordered vs btree-map
A: 1994 ns per operation (median)
B: 726.5 ns per operation (median)
A needs 177% more time than B: B takes only 0.36 times as long as A.
With 95% confidence the difference lies between 170% and 191% more time (B takes between 0.343 and 0.37 times as long as A).
Noise floor: 1.01%. Identical code measured against itself on this setup can look that different, so smaller differences mean nothing.
Neighbouring measurements are nearly independent (autocorrelation -0.24), so they were resampled one by one.

Verdict: RESOLVED. A is slower than B: the difference is real, as its interval excludes zero and it exceeds the noise floor.

Warnings:
  - the program holds 105 MB of live data, more than the caches of many machines; for data that size, where it lies in memory can shift the result by several points in ways the interval does not cover, and differently in the next process; run the comparison in several processes with the multiproc package

== dirs single-value n=4096 prefix: ordered vs baseline
A: 2059 ns per operation (median)
B: 3764 ns per operation (median)
A needs 46.9% less time than B: B takes 1.88 times as long as A.
With 95% confidence the difference lies between 43.9% and 48.8% less time (B takes between 1.78 and 1.95 times as long as A).
Noise floor: 1.43%. Identical code measured against itself on this setup can look that different, so smaller differences mean nothing.
Neighbouring measurements are nearly independent (autocorrelation +0.07), so they were resampled one by one.

Verdict: RESOLVED. A is faster than B: the difference is real, as its interval excludes zero and it exceeds the noise floor.

Warnings:
  - the program holds 105 MB of live data, more than the caches of many machines; for data that size, where it lies in memory can shift the result by several points in ways the interval does not cover, and differently in the next process; run the comparison in several processes with the multiproc package

== dirs single-value n=4096 churn and build: ordered vs btree-map
steady state, per insertion or deletion in a structure of 4096 elements (cycle of 10684 operations, first pass untimed):
  A: 299.4 ns per operation (median)
  B: 215.1 ns per operation (median)
  A needs 38.6% more time than B: B takes only 0.72 times as long as A.
  With 95% confidence the difference lies between 31.7% and 42.6% more time (B takes between 0.701 and 0.76 times as long as A).
  Noise floor: 5.5%. Identical code measured against itself on this setup can look that different, so smaller differences mean nothing.
  Neighbouring measurements are correlated (autocorrelation +0.27), so they were resampled in blocks of 3.
  
  Verdict: RESOLVED. A is slower than B: the difference is real, as its interval excludes zero and it exceeds the noise floor.
  
  Warnings:
    - the program holds 103 MB of live data, more than the caches of many machines; for data that size, where it lies in memory can shift the result by several points in ways the interval does not cover, and differently in the next process; run the comparison in several processes with the multiproc package

build from empty to 4096 elements, per whole build (14748 operations):
  A: 4.342e+06 ns per operation (median)
  B: 3.164e+06 ns per operation (median)
  A needs 37.6% more time than B: B takes only 0.73 times as long as A.
  With 95% confidence the difference lies between 36.1% and 39% more time (B takes between 0.719 and 0.73 times as long as A).
  Noise floor: 1.05%. Identical code measured against itself on this setup can look that different, so smaller differences mean nothing.
  Neighbouring measurements are nearly independent (autocorrelation +0.00), so they were resampled one by one.
  
  Verdict: RESOLVED. A is slower than B: the difference is real, as its interval excludes zero and it exceeds the noise floor.
  
  Warnings:
    - the program holds 102 MB of live data, more than the caches of many machines; for data that size, where it lies in memory can shift the result by several points in ways the interval does not cover, and differently in the next process; run the comparison in several processes with the multiproc package

== dirs single-value n=4096 churn and build: ordered vs baseline
steady state, per insertion or deletion in a structure of 4096 elements (cycle of 10684 operations, first pass untimed):
  A: 307.9 ns per operation (median)
  B: 267.7 ns per operation (median)
  A needs 13.4% more time than B: B takes only 0.88 times as long as A.
  With 95% confidence the difference lies between 11.7% and 14.5% more time (B takes between 0.873 and 0.90 times as long as A).
  Noise floor: 1.14%. Identical code measured against itself on this setup can look that different, so smaller differences mean nothing.
  Neighbouring measurements are correlated (autocorrelation +0.33), so they were resampled in blocks of 3.
  
  Verdict: RESOLVED. A is slower than B: the difference is real, as its interval excludes zero and it exceeds the noise floor.
  
  Warnings:
    - the program holds 104 MB of live data, more than the caches of many machines; for data that size, where it lies in memory can shift the result by several points in ways the interval does not cover, and differently in the next process; run the comparison in several processes with the multiproc package
    - candidate A drifted during the run: its measurements were 4.12% lower in the second half than in the first, so the machine did not hold still
    - candidate B drifted during the run: its measurements were 4.88% lower in the second half than in the first, so the machine did not hold still
    - the ratio B/A was 3.58% lower in the second half of the run than in the first, so the candidates had not reached a steady state and the difference depends on how long the run was; a common cause is a head start for whichever candidate ran alone last before the comparison or had its data built last, which a longer CollectOptions.WarmupDuration removes

build from empty to 4096 elements, per whole build (14748 operations):
  A: 4.352e+06 ns per operation (median)
  B: 3.698e+06 ns per operation (median)
  A needs 18.3% more time than B: B takes only 0.85 times as long as A.
  With 95% confidence the difference lies between 17.4% and 18.9% more time (B takes between 0.841 and 0.85 times as long as A).
  Noise floor: 0.592%. Identical code measured against itself on this setup can look that different, so smaller differences mean nothing.
  Neighbouring measurements are nearly independent (autocorrelation +0.16), so they were resampled one by one.
  
  Verdict: RESOLVED. A is slower than B: the difference is real, as its interval excludes zero and it exceeds the noise floor.
  
  Warnings:
    - the program holds 102 MB of live data, more than the caches of many machines; for data that size, where it lies in memory can shift the result by several points in ways the interval does not cover, and differently in the next process; run the comparison in several processes with the multiproc package
    - candidate B drifted during the run: its measurements were 1.24% lower in the second half than in the first, so the machine did not hold still
    - the ratio B/A was 0.989% lower in the second half of the run than in the first, so the candidates had not reached a steady state and the difference depends on how long the run was; a common cause is a head start for whichever candidate ran alone last before the comparison or had its data built last, which a longer CollectOptions.WarmupDuration removes

checksum 45432397856946
== dirs single-value n=4096 valuesFor: ordered vs btree-map
A: 127.9 ns per operation (median)
B: 148.4 ns per operation (median)
A needs 14.8% less time than B: B takes 1.17 times as long as A.
With 95% confidence the difference lies between 10.3% and 15.4% less time (B takes between 1.11 and 1.18 times as long as A).
Noise floor: 2.4%. Identical code measured against itself on this setup can look that different, so smaller differences mean nothing.
Neighbouring measurements are nearly independent (autocorrelation -0.32), so they were resampled one by one.

Verdict: RESOLVED. A is faster than B: the difference is real, as its interval excludes zero and it exceeds the noise floor.

Warnings:
  - the program holds 90 MB of live data, more than the caches of many machines; for data that size, where it lies in memory can shift the result by several points in ways the interval does not cover, and differently in the next process; run the comparison in several processes with the multiproc package

== dirs single-value n=4096 valuesFor: ordered vs baseline
A: 131.6 ns per operation (median)
B: 122.3 ns per operation (median)
A needs 7.76% more time than B: B takes only 0.93 times as long as A.
With 95% confidence the difference lies between 6.18% and 9.63% more time (B takes between 0.912 and 0.94 times as long as A).
Noise floor: 1.01%. Identical code measured against itself on this setup can look that different, so smaller differences mean nothing.
Neighbouring measurements are nearly independent (autocorrelation +0.17), so they were resampled one by one.

Verdict: RESOLVED. A is slower than B: the difference is real, as its interval excludes zero and it exceeds the noise floor.

Warnings:
  - the program holds 90 MB of live data, more than the caches of many machines; for data that size, where it lies in memory can shift the result by several points in ways the interval does not cover, and differently in the next process; run the comparison in several processes with the multiproc package

== dirs single-value n=4096 valuesBetween: ordered vs btree-map
A: 1747 ns per operation (median)
B: 640.3 ns per operation (median)
A needs 171% more time than B: B takes only 0.37 times as long as A.
With 95% confidence the difference lies between 168% and 181% more time (B takes between 0.356 and 0.37 times as long as A).
Noise floor: 2.37%. Identical code measured against itself on this setup can look that different, so smaller differences mean nothing.
Neighbouring measurements are nearly independent (autocorrelation -0.30), so they were resampled one by one.

Verdict: RESOLVED. A is slower than B: the difference is real, as its interval excludes zero and it exceeds the noise floor.

Warnings:
  - the program holds 90 MB of live data, more than the caches of many machines; for data that size, where it lies in memory can shift the result by several points in ways the interval does not cover, and differently in the next process; run the comparison in several processes with the multiproc package

== dirs single-value n=4096 valuesBetween: ordered vs baseline
A: 1775 ns per operation (median)
B: 3021 ns per operation (median)
A needs 41.9% less time than B: B takes 1.72 times as long as A.
With 95% confidence the difference lies between 39.2% and 42.7% less time (B takes between 1.65 and 1.74 times as long as A).
Noise floor: 2.22%. Identical code measured against itself on this setup can look that different, so smaller differences mean nothing.
Neighbouring measurements are nearly independent (autocorrelation -0.32), so they were resampled one by one.

Verdict: RESOLVED. A is faster than B: the difference is real, as its interval excludes zero and it exceeds the noise floor.

Warnings:
  - the program holds 90 MB of live data, more than the caches of many machines; for data that size, where it lies in memory can shift the result by several points in ways the interval does not cover, and differently in the next process; run the comparison in several processes with the multiproc package

== dirs single-value n=4096 prefix: ordered vs btree-map
A: 1993 ns per operation (median)
B: 724.7 ns per operation (median)
A needs 176% more time than B: B takes only 0.36 times as long as A.
With 95% confidence the difference lies between 165% and 188% more time (B takes between 0.347 and 0.38 times as long as A).
Noise floor: 2.63%. Identical code measured against itself on this setup can look that different, so smaller differences mean nothing.
Neighbouring measurements are nearly independent (autocorrelation -0.15), so they were resampled one by one.

Verdict: RESOLVED. A is slower than B: the difference is real, as its interval excludes zero and it exceeds the noise floor.

Warnings:
  - the program holds 103 MB of live data, more than the caches of many machines; for data that size, where it lies in memory can shift the result by several points in ways the interval does not cover, and differently in the next process; run the comparison in several processes with the multiproc package

== dirs single-value n=4096 prefix: ordered vs baseline
A: 2066 ns per operation (median)
B: 3761 ns per operation (median)
A needs 46.3% less time than B: B takes 1.86 times as long as A.
With 95% confidence the difference lies between 41.7% and 49.5% less time (B takes between 1.72 and 1.98 times as long as A).
Noise floor: 1.22%. Identical code measured against itself on this setup can look that different, so smaller differences mean nothing.
Neighbouring measurements are nearly independent (autocorrelation +0.06), so they were resampled one by one.

Verdict: RESOLVED. A is faster than B: the difference is real, as its interval excludes zero and it exceeds the noise floor.

Warnings:
  - the program holds 103 MB of live data, more than the caches of many machines; for data that size, where it lies in memory can shift the result by several points in ways the interval does not cover, and differently in the next process; run the comparison in several processes with the multiproc package

== dirs single-value n=4096 churn and build: ordered vs btree-map
steady state, per insertion or deletion in a structure of 4096 elements (cycle of 10684 operations, first pass untimed):
  A: 301 ns per operation (median)
  B: 223.3 ns per operation (median)
  A needs 36% more time than B: B takes only 0.74 times as long as A.
  With 95% confidence the difference lies between 32.4% and 42% more time (B takes between 0.704 and 0.76 times as long as A).
  Noise floor: 5.18%. Identical code measured against itself on this setup can look that different, so smaller differences mean nothing.
  Neighbouring measurements are nearly independent (autocorrelation -0.21), so they were resampled one by one.
  
  Verdict: RESOLVED. A is slower than B: the difference is real, as its interval excludes zero and it exceeds the noise floor.
  
  Warnings:
    - the program holds 104 MB of live data, more than the caches of many machines; for data that size, where it lies in memory can shift the result by several points in ways the interval does not cover, and differently in the next process; run the comparison in several processes with the multiproc package

build from empty to 4096 elements, per whole build (14748 operations):
  A: 4.364e+06 ns per operation (median)
  B: 3.148e+06 ns per operation (median)
  A needs 39.1% more time than B: B takes only 0.72 times as long as A.
  With 95% confidence the difference lies between 38.4% and 39.3% more time (B takes between 0.718 and 0.72 times as long as A).
  Noise floor: 0.917%. Identical code measured against itself on this setup can look that different, so smaller differences mean nothing.
  Neighbouring measurements are nearly independent (autocorrelation +0.02), so they were resampled one by one.
  
  Verdict: RESOLVED. A is slower than B: the difference is real, as its interval excludes zero and it exceeds the noise floor.
  
  Warnings:
    - the program holds 102 MB of live data, more than the caches of many machines; for data that size, where it lies in memory can shift the result by several points in ways the interval does not cover, and differently in the next process; run the comparison in several processes with the multiproc package

== dirs single-value n=4096 churn and build: ordered vs baseline
steady state, per insertion or deletion in a structure of 4096 elements (cycle of 10684 operations, first pass untimed):
  A: 301.6 ns per operation (median)
  B: 262.6 ns per operation (median)
  A needs 14.3% more time than B: B takes only 0.88 times as long as A.
  With 95% confidence the difference lies between 12.9% and 16% more time (B takes between 0.862 and 0.89 times as long as A).
  Noise floor: 1.06%. Identical code measured against itself on this setup can look that different, so smaller differences mean nothing.
  Neighbouring measurements are nearly independent (autocorrelation +0.08), so they were resampled one by one.
  
  Verdict: RESOLVED. A is slower than B: the difference is real, as its interval excludes zero and it exceeds the noise floor.
  
  Warnings:
    - the program holds 104 MB of live data, more than the caches of many machines; for data that size, where it lies in memory can shift the result by several points in ways the interval does not cover, and differently in the next process; run the comparison in several processes with the multiproc package

build from empty to 4096 elements, per whole build (14748 operations):
  A: 4.372e+06 ns per operation (median)
  B: 3.736e+06 ns per operation (median)
  A needs 16.5% more time than B: B takes only 0.86 times as long as A.
  With 95% confidence the difference lies between 15.8% and 18% more time (B takes between 0.848 and 0.86 times as long as A).
  Noise floor: 0.93%. Identical code measured against itself on this setup can look that different, so smaller differences mean nothing.
  Neighbouring measurements are nearly independent (autocorrelation -0.00), so they were resampled one by one.
  
  Verdict: RESOLVED. A is slower than B: the difference is real, as its interval excludes zero and it exceeds the noise floor.
  
  Warnings:
    - the program holds 102 MB of live data, more than the caches of many machines; for data that size, where it lies in memory can shift the result by several points in ways the interval does not cover, and differently in the next process; run the comparison in several processes with the multiproc package

checksum 44627541480901
