== u64 natural n=65536 valuesFor: ordered vs btree-sets
A: 109.2 ns per operation (median)
B: 393.7 ns per operation (median)
A needs 71.1% less time than B: B takes 3.46 times as long as A.
With 95% confidence the difference lies between 70.7% and 74.1% less time (B takes between 3.41 and 3.86 times as long as A).
Noise floor: 2.5%. Identical code measured against itself on this setup can look that different, so smaller differences mean nothing.
Neighbouring measurements are correlated (autocorrelation +0.40), so they were resampled in blocks of 3.

Verdict: RESOLVED. A is faster than B: the difference is real, as its interval excludes zero and it exceeds the noise floor.

Warnings:
  - the program holds 74 MB of live data, more than the caches of many machines; for data that size, where it lies in memory can shift the result by several points in ways the interval does not cover, and differently in the next process; run the comparison in several processes with the multiproc package

== u64 natural n=65536 valuesFor: ordered vs baseline
A: 92.25 ns per operation (median)
B: 84.71 ns per operation (median)
A needs 8.91% more time than B: B takes only 0.92 times as long as A.
With 95% confidence the difference lies between 17% more time and 2.34% less time (B takes between 0.855 and 1.02 times as long as A).
Noise floor: 4.85%. Identical code measured against itself on this setup can look that different, so smaller differences mean nothing.
Neighbouring measurements are nearly independent (autocorrelation -0.20), so they were resampled one by one.

Verdict: NOT RESOLVED. This run did not establish which candidate is faster. That is not the same as "equally fast": the warnings below say what is missing.

Warnings:
  - the interval [-16.97%, 2.34%] includes zero, so a difference in either direction is consistent with these measurements
  - the program holds 74 MB of live data, more than the caches of many machines; for data that size, where it lies in memory can shift the result by several points in ways the interval does not cover, and differently in the next process; run the comparison in several processes with the multiproc package

== u64 natural n=65536 valuesBetween: ordered vs btree-sets
A: 5516 ns per operation (median)
B: 1.294e+04 ns per operation (median)
A needs 57.9% less time than B: B takes 2.37 times as long as A.
With 95% confidence the difference lies between 56.9% and 58.4% less time (B takes between 2.32 and 2.41 times as long as A).
Noise floor: 1.59%. Identical code measured against itself on this setup can look that different, so smaller differences mean nothing.
Neighbouring measurements are correlated (autocorrelation +0.34), so they were resampled in blocks of 3.

Verdict: RESOLVED. A is faster than B: the difference is real, as its interval excludes zero and it exceeds the noise floor.

Warnings:
  - the program holds 86 MB of live data, more than the caches of many machines; for data that size, where it lies in memory can shift the result by several points in ways the interval does not cover, and differently in the next process; run the comparison in several processes with the multiproc package

== u64 natural n=65536 valuesBetween: ordered vs baseline
A: 5301 ns per operation (median)
B: 5432 ns per operation (median)
A needs 2.72% less time than B: B takes 1.03 times as long as A.
With 95% confidence the difference lies between 0.142% and 4.17% less time (B takes between 1 and 1.04 times as long as A).
Noise floor: 0.991%. Identical code measured against itself on this setup can look that different, so smaller differences mean nothing.
Neighbouring measurements are nearly independent (autocorrelation -0.17), so they were resampled one by one.

Verdict: RESOLVED. A is faster than B: the difference is real, as its interval excludes zero and it exceeds the noise floor.

Warnings:
  - the program holds 86 MB of live data, more than the caches of many machines; for data that size, where it lies in memory can shift the result by several points in ways the interval does not cover, and differently in the next process; run the comparison in several processes with the multiproc package

== u64 natural n=65536 churn and build: ordered vs btree-sets
steady state, per insertion or deletion in a structure of 397285 elements (cycle of 1038590 operations, first pass untimed):
  A: 258.3 ns per operation (median)
  B: 514.7 ns per operation (median)
  A needs 49.8% less time than B: B takes 1.99 times as long as A.
  With 95% confidence the difference lies between 49% and 50.5% less time (B takes between 1.96 and 2.02 times as long as A).
  Noise floor: 2.38%. Identical code measured against itself on this setup can look that different, so smaller differences mean nothing.
  Neighbouring measurements are correlated (autocorrelation +0.50), so they were resampled in blocks of 3.
  
  Verdict: RESOLVED. A is faster than B: the difference is real, as its interval excludes zero and it exceeds the noise floor.
  
  Warnings:
    - the program holds 164 MB of live data, more than the caches of many machines; for data that size, where it lies in memory can shift the result by several points in ways the interval does not cover, and differently in the next process; run the comparison in several processes with the multiproc package
    - candidate B drifted during the run: its measurements were 3.55% lower in the second half than in the first, so the machine did not hold still

build from empty to 397285 elements, per whole build (1425529 operations):
  A: 2.465e+08 ns per operation (median)
  B: 5.956e+08 ns per operation (median)
  A needs 57.9% less time than B: B takes 2.38 times as long as A.
  With 95% confidence the difference lies between 55.1% and 58.6% less time (B takes between 2.23 and 2.41 times as long as A).
  Noise floor: 1.13%. Identical code measured against itself on this setup can look that different, so smaller differences mean nothing.
  Neighbouring measurements are nearly independent (autocorrelation -0.04), so they were resampled one by one.
  
  Verdict: RESOLVED. A is faster than B: the difference is real, as its interval excludes zero and it exceeds the noise floor.
  
  Warnings:
    - the program holds 107 MB of live data, more than the caches of many machines; for data that size, where it lies in memory can shift the result by several points in ways the interval does not cover, and differently in the next process; run the comparison in several processes with the multiproc package
    - candidate A drifted during the run: its measurements were 45.1% higher in the second half than in the first, so the machine did not hold still
    - candidate B drifted during the run: its measurements were 26.5% higher in the second half than in the first, so the machine did not hold still
    - the ratio B/A was 9.93% lower in the second half of the run than in the first, so the candidates had not reached a steady state and the difference depends on how long the run was; a common cause is a head start for whichever candidate ran alone last before the comparison or had its data built last, which a longer CollectOptions.WarmupDuration removes
    - in 50% of A/A runs this setup reported a difference between identical code, well above the 10% expected; treat any confidence from it with suspicion

== u64 natural n=65536 churn and build: ordered vs baseline
steady state, per insertion or deletion in a structure of 397285 elements (cycle of 1038590 operations, first pass untimed):
  A: 294.7 ns per operation (median)
  B: 283.5 ns per operation (median)
  A needs 14.7% more time than B: B takes only 0.87 times as long as A.
  With 95% confidence the difference lies between 36.4% more time and 18.2% less time (B takes between 0.733 and 1.22 times as long as A).
  Noise floor: 19.7%. Identical code measured against itself on this setup can look that different, so smaller differences mean nothing.
  Neighbouring measurements are nearly independent (autocorrelation -0.57), so they were resampled one by one.
  
  Verdict: NOT RESOLVED. This run did not establish which candidate is faster. That is not the same as "equally fast": the warnings below say what is missing.
  
  Warnings:
    - the difference of -14.72% does not clear the 19.74% noise floor, which is what this setup reports between two runs of identical code
    - the interval [-36.43%, 18.18%] includes zero, so a difference in either direction is consistent with these measurements
    - the program holds 150 MB of live data, more than the caches of many machines; for data that size, where it lies in memory can shift the result by several points in ways the interval does not cover, and differently in the next process; run the comparison in several processes with the multiproc package

build from empty to 397285 elements, per whole build (1425529 operations):
  A: 3.397e+08 ns per operation (median)
  B: 3.206e+08 ns per operation (median)
  A needs 4.45% more time than B: B takes only 0.96 times as long as A.
  With 95% confidence the difference lies between 2.26% and 6.66% more time (B takes between 0.938 and 0.98 times as long as A).
  Noise floor: 1.6%. Identical code measured against itself on this setup can look that different, so smaller differences mean nothing.
  Neighbouring measurements are correlated (autocorrelation +0.28), so they were resampled in blocks of 3.
  
  Verdict: RESOLVED. A is slower than B: the difference is real, as its interval excludes zero and it exceeds the noise floor.
  
  Warnings:
    - the program holds 107 MB of live data, more than the caches of many machines; for data that size, where it lies in memory can shift the result by several points in ways the interval does not cover, and differently in the next process; run the comparison in several processes with the multiproc package

checksum 8096072306250096641
== u64 natural n=65536 valuesFor: ordered vs btree-sets
A: 148.9 ns per operation (median)
B: 499.5 ns per operation (median)
A needs 71.1% less time than B: B takes 3.46 times as long as A.
With 95% confidence the difference lies between 68.3% and 72.9% less time (B takes between 3.15 and 3.69 times as long as A).
Noise floor: 4.02%. Identical code measured against itself on this setup can look that different, so smaller differences mean nothing.
Neighbouring measurements are nearly independent (autocorrelation +0.05), so they were resampled one by one.

Verdict: RESOLVED. A is faster than B: the difference is real, as its interval excludes zero and it exceeds the noise floor.

Warnings:
  - the program holds 81 MB of live data, more than the caches of many machines; for data that size, where it lies in memory can shift the result by several points in ways the interval does not cover, and differently in the next process; run the comparison in several processes with the multiproc package
  - 6.0% of bootstrap replicates tied, so the measurement is coarse relative to the question; lower CollectOptions.MaxQuantizationError to lengthen the batches

== u64 natural n=65536 valuesFor: ordered vs baseline
A: 112.8 ns per operation (median)
B: 103.8 ns per operation (median)
A needs 12.1% more time than B: B takes only 0.89 times as long as A.
With 95% confidence the difference lies between 2.71% and 20.4% more time (B takes between 0.831 and 0.97 times as long as A).
Noise floor: 3.34%. Identical code measured against itself on this setup can look that different, so smaller differences mean nothing.
Neighbouring measurements are correlated (autocorrelation +0.38), so they were resampled in blocks of 3.

Verdict: RESOLVED. A is slower than B: the difference is real, as its interval excludes zero and it exceeds the noise floor.

Warnings:
  - the program holds 81 MB of live data, more than the caches of many machines; for data that size, where it lies in memory can shift the result by several points in ways the interval does not cover, and differently in the next process; run the comparison in several processes with the multiproc package

== u64 natural n=65536 valuesBetween: ordered vs btree-sets
A: 6202 ns per operation (median)
B: 1.538e+04 ns per operation (median)
A needs 60.3% less time than B: B takes 2.52 times as long as A.
With 95% confidence the difference lies between 58.8% and 61.4% less time (B takes between 2.43 and 2.59 times as long as A).
Noise floor: 2.43%. Identical code measured against itself on this setup can look that different, so smaller differences mean nothing.
Neighbouring measurements are nearly independent (autocorrelation -0.02), so they were resampled one by one.

Verdict: RESOLVED. A is faster than B: the difference is real, as its interval excludes zero and it exceeds the noise floor.

Warnings:
  - the program holds 81 MB of live data, more than the caches of many machines; for data that size, where it lies in memory can shift the result by several points in ways the interval does not cover, and differently in the next process; run the comparison in several processes with the multiproc package

== u64 natural n=65536 valuesBetween: ordered vs baseline
A: 5732 ns per operation (median)
B: 5704 ns per operation (median)
A needs 0.286% less time than B: B takes 1.00 times as long as A.
With 95% confidence the difference lies between 3.04% more time and 2.64% less time (B takes between 0.97 and 1.03 times as long as A).
Noise floor: 1.9%. Identical code measured against itself on this setup can look that different, so smaller differences mean nothing.
Neighbouring measurements are nearly independent (autocorrelation +0.09), so they were resampled one by one.

Verdict: NOT RESOLVED. This run did not establish which candidate is faster. That is not the same as "equally fast": the warnings below say what is missing.

Warnings:
  - the difference of 0.29% does not clear the 1.90% noise floor, which is what this setup reports between two runs of identical code
  - the interval [-3.04%, 2.64%] includes zero, so a difference in either direction is consistent with these measurements
  - the program holds 81 MB of live data, more than the caches of many machines; for data that size, where it lies in memory can shift the result by several points in ways the interval does not cover, and differently in the next process; run the comparison in several processes with the multiproc package

== u64 natural n=65536 churn and build: ordered vs btree-sets
steady state, per insertion or deletion in a structure of 397285 elements (cycle of 1038590 operations, first pass untimed):
  A: 326.1 ns per operation (median)
  B: 588 ns per operation (median)
  A needs 44.6% less time than B: B takes 1.80 times as long as A.
  With 95% confidence the difference lies between 43.2% and 45.8% less time (B takes between 1.76 and 1.85 times as long as A).
  Noise floor: 1.54%. Identical code measured against itself on this setup can look that different, so smaller differences mean nothing.
  Neighbouring measurements are correlated (autocorrelation +0.24), so they were resampled in blocks of 3.
  
  Verdict: RESOLVED. A is faster than B: the difference is real, as its interval excludes zero and it exceeds the noise floor.
  
  Warnings:
    - the program holds 163 MB of live data, more than the caches of many machines; for data that size, where it lies in memory can shift the result by several points in ways the interval does not cover, and differently in the next process; run the comparison in several processes with the multiproc package
    - candidate A drifted during the run: its measurements were 2.46% higher in the second half than in the first, so the machine did not hold still
    - the ratio B/A was 6.15% lower in the second half of the run than in the first, so the candidates had not reached a steady state and the difference depends on how long the run was; a common cause is a head start for whichever candidate ran alone last before the comparison or had its data built last, which a longer CollectOptions.WarmupDuration removes

build from empty to 397285 elements, per whole build (1425529 operations):
  A: 3.652e+08 ns per operation (median)
  B: 7.558e+08 ns per operation (median)
  A needs 54.2% less time than B: B takes 2.18 times as long as A.
  With 95% confidence the difference lies between 51.8% and 55.7% less time (B takes between 2.07 and 2.26 times as long as A).
  Noise floor: 1.37%. Identical code measured against itself on this setup can look that different, so smaller differences mean nothing.
  Neighbouring measurements are correlated (autocorrelation +0.44), so they were resampled in blocks of 3.
  
  Verdict: RESOLVED. A is faster than B: the difference is real, as its interval excludes zero and it exceeds the noise floor.
  
  Warnings:
    - the program holds 107 MB of live data, more than the caches of many machines; for data that size, where it lies in memory can shift the result by several points in ways the interval does not cover, and differently in the next process; run the comparison in several processes with the multiproc package
    - candidate A drifted during the run: its measurements were 18.3% higher in the second half than in the first, so the machine did not hold still

== u64 natural n=65536 churn and build: ordered vs baseline
steady state, per insertion or deletion in a structure of 397285 elements (cycle of 1038590 operations, first pass untimed):
  A: 295.4 ns per operation (median)
  B: 281.4 ns per operation (median)
  A needs 6.28% more time than B: B takes only 0.94 times as long as A.
  With 95% confidence the difference lies between 32.8% more time and 20.2% less time (B takes between 0.753 and 1.25 times as long as A).
  Noise floor: 21.1%. Identical code measured against itself on this setup can look that different, so smaller differences mean nothing.
  Neighbouring measurements are nearly independent (autocorrelation -0.47), so they were resampled one by one.
  
  Verdict: NOT RESOLVED. This run did not establish which candidate is faster. That is not the same as "equally fast": the warnings below say what is missing.
  
  Warnings:
    - the difference of -6.28% does not clear the 21.12% noise floor, which is what this setup reports between two runs of identical code
    - the interval [-32.77%, 20.19%] includes zero, so a difference in either direction is consistent with these measurements
    - the program holds 146 MB of live data, more than the caches of many machines; for data that size, where it lies in memory can shift the result by several points in ways the interval does not cover, and differently in the next process; run the comparison in several processes with the multiproc package

build from empty to 397285 elements, per whole build (1425529 operations):
  A: 3.419e+08 ns per operation (median)
  B: 3.209e+08 ns per operation (median)
  A needs 6.27% more time than B: B takes only 0.94 times as long as A.
  With 95% confidence the difference lies between 3.01% and 12.6% more time (B takes between 0.888 and 0.97 times as long as A).
  Noise floor: 4%. Identical code measured against itself on this setup can look that different, so smaller differences mean nothing.
  Neighbouring measurements are correlated (autocorrelation +0.41), so they were resampled in blocks of 3.
  
  Verdict: RESOLVED. A is slower than B: the difference is real, as its interval excludes zero and it exceeds the noise floor.
  
  Warnings:
    - the program holds 107 MB of live data, more than the caches of many machines; for data that size, where it lies in memory can shift the result by several points in ways the interval does not cover, and differently in the next process; run the comparison in several processes with the multiproc package
    - in 50% of A/A runs this setup reported a difference between identical code, well above the 10% expected; treat any confidence from it with suspicion

checksum 18374630221693916297
== u64 natural n=65536 valuesFor: ordered vs btree-sets
A: 138.1 ns per operation (median)
B: 458.4 ns per operation (median)
A needs 70.2% less time than B: B takes 3.35 times as long as A.
With 95% confidence the difference lies between 67.7% and 73.1% less time (B takes between 3.1 and 3.72 times as long as A).
Noise floor: 6.92%. Identical code measured against itself on this setup can look that different, so smaller differences mean nothing.
Neighbouring measurements are correlated (autocorrelation +0.27), so they were resampled in blocks of 3.

Verdict: RESOLVED. A is faster than B: the difference is real, as its interval excludes zero and it exceeds the noise floor.

Warnings:
  - the program holds 82 MB of live data, more than the caches of many machines; for data that size, where it lies in memory can shift the result by several points in ways the interval does not cover, and differently in the next process; run the comparison in several processes with the multiproc package
  - candidate A drifted during the run: its measurements were 9.79% lower in the second half than in the first, so the machine did not hold still

== u64 natural n=65536 valuesFor: ordered vs baseline
A: 103.9 ns per operation (median)
B: 95.8 ns per operation (median)
A needs 1.56% more time than B: B takes only 0.98 times as long as A.
With 95% confidence the difference lies between 18% more time and 2.48% less time (B takes between 0.847 and 1.03 times as long as A).
Noise floor: 6.11%. Identical code measured against itself on this setup can look that different, so smaller differences mean nothing.
Neighbouring measurements are nearly independent (autocorrelation -0.30), so they were resampled one by one.

Verdict: NOT RESOLVED. This run did not establish which candidate is faster. That is not the same as "equally fast": the warnings below say what is missing.

Warnings:
  - the difference of -1.56% does not clear the 6.11% noise floor, which is what this setup reports between two runs of identical code
  - the interval [-18.04%, 2.48%] includes zero, so a difference in either direction is consistent with these measurements
  - the program holds 82 MB of live data, more than the caches of many machines; for data that size, where it lies in memory can shift the result by several points in ways the interval does not cover, and differently in the next process; run the comparison in several processes with the multiproc package

== u64 natural n=65536 valuesBetween: ordered vs btree-sets
A: 6059 ns per operation (median)
B: 1.502e+04 ns per operation (median)
A needs 60.1% less time than B: B takes 2.50 times as long as A.
With 95% confidence the difference lies between 58.1% and 62% less time (B takes between 2.39 and 2.63 times as long as A).
Noise floor: 1.47%. Identical code measured against itself on this setup can look that different, so smaller differences mean nothing.
Neighbouring measurements are nearly independent (autocorrelation -0.08), so they were resampled one by one.

Verdict: RESOLVED. A is faster than B: the difference is real, as its interval excludes zero and it exceeds the noise floor.

Warnings:
  - the program holds 82 MB of live data, more than the caches of many machines; for data that size, where it lies in memory can shift the result by several points in ways the interval does not cover, and differently in the next process; run the comparison in several processes with the multiproc package
  - candidate B drifted during the run: its measurements were 5.39% higher in the second half than in the first, so the machine did not hold still

== u64 natural n=65536 valuesBetween: ordered vs baseline
A: 6225 ns per operation (median)
B: 6437 ns per operation (median)
A needs 4.11% less time than B: B takes 1.04 times as long as A.
With 95% confidence the difference lies between 2.74% and 6.34% less time (B takes between 1.03 and 1.07 times as long as A).
Noise floor: 2.31%. Identical code measured against itself on this setup can look that different, so smaller differences mean nothing.
Neighbouring measurements are correlated (autocorrelation +0.37), so they were resampled in blocks of 3.

Verdict: RESOLVED. A is faster than B: the difference is real, as its interval excludes zero and it exceeds the noise floor.

Warnings:
  - the program holds 82 MB of live data, more than the caches of many machines; for data that size, where it lies in memory can shift the result by several points in ways the interval does not cover, and differently in the next process; run the comparison in several processes with the multiproc package
  - in 50% of A/A runs this setup reported a difference between identical code, well above the 10% expected; treat any confidence from it with suspicion

== u64 natural n=65536 churn and build: ordered vs btree-sets
steady state, per insertion or deletion in a structure of 397285 elements (cycle of 1038590 operations, first pass untimed):
  A: 325.9 ns per operation (median)
  B: 584.6 ns per operation (median)
  A needs 44.6% less time than B: B takes 1.81 times as long as A.
  With 95% confidence the difference lies between 44% and 46% less time (B takes between 1.78 and 1.85 times as long as A).
  Noise floor: 2.74%. Identical code measured against itself on this setup can look that different, so smaller differences mean nothing.
  Neighbouring measurements are correlated (autocorrelation +0.20), so they were resampled in blocks of 3.
  
  Verdict: RESOLVED. A is faster than B: the difference is real, as its interval excludes zero and it exceeds the noise floor.
  
  Warnings:
    - the program holds 165 MB of live data, more than the caches of many machines; for data that size, where it lies in memory can shift the result by several points in ways the interval does not cover, and differently in the next process; run the comparison in several processes with the multiproc package
    - candidate A drifted during the run: its measurements were 9.53% lower in the second half than in the first, so the machine did not hold still
    - candidate B drifted during the run: its measurements were 6.76% lower in the second half than in the first, so the machine did not hold still

build from empty to 397285 elements, per whole build (1425529 operations):
  A: 2.321e+08 ns per operation (median)
  B: 5.664e+08 ns per operation (median)
  A needs 59% less time than B: B takes 2.44 times as long as A.
  With 95% confidence the difference lies between 57.1% and 59.3% less time (B takes between 2.33 and 2.46 times as long as A).
  Noise floor: 1.22%. Identical code measured against itself on this setup can look that different, so smaller differences mean nothing.
  Neighbouring measurements are correlated (autocorrelation +0.31), so they were resampled in blocks of 3.
  
  Verdict: RESOLVED. A is faster than B: the difference is real, as its interval excludes zero and it exceeds the noise floor.
  
  Warnings:
    - the program holds 107 MB of live data, more than the caches of many machines; for data that size, where it lies in memory can shift the result by several points in ways the interval does not cover, and differently in the next process; run the comparison in several processes with the multiproc package

== u64 natural n=65536 churn and build: ordered vs baseline
steady state, per insertion or deletion in a structure of 397285 elements (cycle of 1038590 operations, first pass untimed):
  A: 185.4 ns per operation (median)
  B: 170.5 ns per operation (median)
  A needs 16.7% more time than B: B takes only 0.86 times as long as A.
  With 95% confidence the difference lies between 18.9% more time and 9.32% less time (B takes between 0.841 and 1.10 times as long as A).
  Noise floor: 8.8%. Identical code measured against itself on this setup can look that different, so smaller differences mean nothing.
  Neighbouring measurements are nearly independent (autocorrelation -0.59), so they were resampled one by one.
  
  Verdict: NOT RESOLVED. This run did not establish which candidate is faster. That is not the same as "equally fast": the warnings below say what is missing.
  
  Warnings:
    - the interval [-18.94%, 9.32%] includes zero, so a difference in either direction is consistent with these measurements
    - the program holds 146 MB of live data, more than the caches of many machines; for data that size, where it lies in memory can shift the result by several points in ways the interval does not cover, and differently in the next process; run the comparison in several processes with the multiproc package

build from empty to 397285 elements, per whole build (1425529 operations):
  A: 2.321e+08 ns per operation (median)
  B: 2.272e+08 ns per operation (median)
  A needs 3.68% more time than B: B takes only 0.96 times as long as A.
  With 95% confidence the difference lies between 0.171% and 6.25% more time (B takes between 0.941 and 1.00 times as long as A).
  Noise floor: 0.46%. Identical code measured against itself on this setup can look that different, so smaller differences mean nothing.
  Neighbouring measurements are nearly independent (autocorrelation -0.00), so they were resampled one by one.
  
  Verdict: RESOLVED. A is slower than B: the difference is real, as its interval excludes zero and it exceeds the noise floor.
  
  Warnings:
    - the program holds 107 MB of live data, more than the caches of many machines; for data that size, where it lies in memory can shift the result by several points in ways the interval does not cover, and differently in the next process; run the comparison in several processes with the multiproc package
    - candidate A drifted during the run: its measurements were 4.57% lower in the second half than in the first, so the machine did not hold still
    - candidate B drifted during the run: its measurements were 5.74% lower in the second half than in the first, so the machine did not hold still

checksum 16344908076855644733
== u64 natural n=65536 valuesFor: ordered vs btree-sets
A: 108.4 ns per operation (median)
B: 388.6 ns per operation (median)
A needs 72.5% less time than B: B takes 3.63 times as long as A.
With 95% confidence the difference lies between 69.4% and 73.6% less time (B takes between 3.27 and 3.79 times as long as A).
Noise floor: 6.35%. Identical code measured against itself on this setup can look that different, so smaller differences mean nothing.
Neighbouring measurements are nearly independent (autocorrelation -0.65), so they were resampled one by one.

Verdict: RESOLVED. A is faster than B: the difference is real, as its interval excludes zero and it exceeds the noise floor.

Warnings:
  - the program holds 84 MB of live data, more than the caches of many machines; for data that size, where it lies in memory can shift the result by several points in ways the interval does not cover, and differently in the next process; run the comparison in several processes with the multiproc package

== u64 natural n=65536 valuesFor: ordered vs baseline
A: 87.17 ns per operation (median)
B: 83.06 ns per operation (median)
A needs 7.8% more time than B: B takes only 0.93 times as long as A.
With 95% confidence the difference lies between 12.3% more time and 2.2% less time (B takes between 0.891 and 1.02 times as long as A).
Noise floor: 3.32%. Identical code measured against itself on this setup can look that different, so smaller differences mean nothing.
Neighbouring measurements are nearly independent (autocorrelation -0.61), so they were resampled one by one.

Verdict: NOT RESOLVED. This run did not establish which candidate is faster. That is not the same as "equally fast": the warnings below say what is missing.

Warnings:
  - the interval [-12.29%, 2.20%] includes zero, so a difference in either direction is consistent with these measurements
  - the program holds 84 MB of live data, more than the caches of many machines; for data that size, where it lies in memory can shift the result by several points in ways the interval does not cover, and differently in the next process; run the comparison in several processes with the multiproc package

== u64 natural n=65536 valuesBetween: ordered vs btree-sets
A: 5522 ns per operation (median)
B: 1.295e+04 ns per operation (median)
A needs 57.7% less time than B: B takes 2.36 times as long as A.
With 95% confidence the difference lies between 56% and 58.1% less time (B takes between 2.27 and 2.39 times as long as A).
Noise floor: 1.54%. Identical code measured against itself on this setup can look that different, so smaller differences mean nothing.
Neighbouring measurements are correlated (autocorrelation +0.27), so they were resampled in blocks of 3.

Verdict: RESOLVED. A is faster than B: the difference is real, as its interval excludes zero and it exceeds the noise floor.

Warnings:
  - the program holds 84 MB of live data, more than the caches of many machines; for data that size, where it lies in memory can shift the result by several points in ways the interval does not cover, and differently in the next process; run the comparison in several processes with the multiproc package

== u64 natural n=65536 valuesBetween: ordered vs baseline
A: 5535 ns per operation (median)
B: 5617 ns per operation (median)
A needs 2.52% less time than B: B takes 1.03 times as long as A.
With 95% confidence the difference lies between 1.49% and 3.27% less time (B takes between 1.02 and 1.03 times as long as A).
Noise floor: 0.9%. Identical code measured against itself on this setup can look that different, so smaller differences mean nothing.
Neighbouring measurements are nearly independent (autocorrelation -0.14), so they were resampled one by one.

Verdict: RESOLVED. A is faster than B: the difference is real, as its interval excludes zero and it exceeds the noise floor.

Warnings:
  - the program holds 84 MB of live data, more than the caches of many machines; for data that size, where it lies in memory can shift the result by several points in ways the interval does not cover, and differently in the next process; run the comparison in several processes with the multiproc package
  - candidate A drifted during the run: its measurements were 3.21% lower in the second half than in the first, so the machine did not hold still
  - candidate B drifted during the run: its measurements were 2.7% lower in the second half than in the first, so the machine did not hold still
  - 6.2% of bootstrap replicates tied, so the measurement is coarse relative to the question; lower CollectOptions.MaxQuantizationError to lengthen the batches

== u64 natural n=65536 churn and build: ordered vs btree-sets
steady state, per insertion or deletion in a structure of 397285 elements (cycle of 1038590 operations, first pass untimed):
  A: 234.2 ns per operation (median)
  B: 479.3 ns per operation (median)
  A needs 51.4% less time than B: B takes 2.06 times as long as A.
  With 95% confidence the difference lies between 50.8% and 51.9% less time (B takes between 2.03 and 2.08 times as long as A).
  Noise floor: 1.52%. Identical code measured against itself on this setup can look that different, so smaller differences mean nothing.
  Neighbouring measurements are nearly independent (autocorrelation -0.17), so they were resampled one by one.
  
  Verdict: RESOLVED. A is faster than B: the difference is real, as its interval excludes zero and it exceeds the noise floor.
  
  Warnings:
    - the program holds 160 MB of live data, more than the caches of many machines; for data that size, where it lies in memory can shift the result by several points in ways the interval does not cover, and differently in the next process; run the comparison in several processes with the multiproc package

build from empty to 397285 elements, per whole build (1425529 operations):
  A: 2.333e+08 ns per operation (median)
  B: 5.632e+08 ns per operation (median)
  A needs 58% less time than B: B takes 2.38 times as long as A.
  With 95% confidence the difference lies between 55.7% and 58.2% less time (B takes between 2.26 and 2.39 times as long as A).
  Noise floor: 0.939%. Identical code measured against itself on this setup can look that different, so smaller differences mean nothing.
  Neighbouring measurements are correlated (autocorrelation +0.49), so they were resampled in blocks of 3.
  
  Verdict: RESOLVED. A is faster than B: the difference is real, as its interval excludes zero and it exceeds the noise floor.
  
  Warnings:
    - the program holds 107 MB of live data, more than the caches of many machines; for data that size, where it lies in memory can shift the result by several points in ways the interval does not cover, and differently in the next process; run the comparison in several processes with the multiproc package
    - candidate B drifted during the run: its measurements were 5.25% lower in the second half than in the first, so the machine did not hold still
    - in 50% of A/A runs this setup reported a difference between identical code, well above the 10% expected; treat any confidence from it with suspicion

== u64 natural n=65536 churn and build: ordered vs baseline
steady state, per insertion or deletion in a structure of 397285 elements (cycle of 1038590 operations, first pass untimed):
  A: 181.9 ns per operation (median)
  B: 172.5 ns per operation (median)
  A needs 12.7% more time than B: B takes only 0.89 times as long as A.
  With 95% confidence the difference lies between 18.7% more time and 8.57% less time (B takes between 0.842 and 1.09 times as long as A).
  Noise floor: 11.1%. Identical code measured against itself on this setup can look that different, so smaller differences mean nothing.
  Neighbouring measurements are nearly independent (autocorrelation -0.71), so they were resampled one by one.
  
  Verdict: NOT RESOLVED. This run did not establish which candidate is faster. That is not the same as "equally fast": the warnings below say what is missing.
  
  Warnings:
    - the interval [-18.70%, 8.57%] includes zero, so a difference in either direction is consistent with these measurements
    - the program holds 146 MB of live data, more than the caches of many machines; for data that size, where it lies in memory can shift the result by several points in ways the interval does not cover, and differently in the next process; run the comparison in several processes with the multiproc package

build from empty to 397285 elements, per whole build (1425529 operations):
  A: 2.415e+08 ns per operation (median)
  B: 2.297e+08 ns per operation (median)
  A needs 5.65% more time than B: B takes only 0.95 times as long as A.
  With 95% confidence the difference lies between 5.75% more time and 0.0643% less time (B takes between 0.946 and 1.00 times as long as A).
  Noise floor: 0.619%. Identical code measured against itself on this setup can look that different, so smaller differences mean nothing.
  Neighbouring measurements are correlated (autocorrelation +0.30), so they were resampled in blocks of 3.
  
  Verdict: NOT RESOLVED. This run did not establish which candidate is faster. That is not the same as "equally fast": the warnings below say what is missing.
  
  Warnings:
    - the interval [-5.75%, 0.06%] includes zero, so a difference in either direction is consistent with these measurements
    - the program holds 107 MB of live data, more than the caches of many machines; for data that size, where it lies in memory can shift the result by several points in ways the interval does not cover, and differently in the next process; run the comparison in several processes with the multiproc package
    - candidate A drifted during the run: its measurements were 7.24% lower in the second half than in the first, so the machine did not hold still
    - candidate B drifted during the run: its measurements were 14.9% lower in the second half than in the first, so the machine did not hold still

checksum 84257307807932204
== u64 natural n=65536 valuesFor: ordered vs btree-sets
A: 106 ns per operation (median)
B: 387.5 ns per operation (median)
A needs 72.9% less time than B: B takes 3.69 times as long as A.
With 95% confidence the difference lies between 70.4% and 73.7% less time (B takes between 3.38 and 3.80 times as long as A).
Noise floor: 8.41%. Identical code measured against itself on this setup can look that different, so smaller differences mean nothing.
Neighbouring measurements are nearly independent (autocorrelation -0.69), so they were resampled one by one.

Verdict: RESOLVED. A is faster than B: the difference is real, as its interval excludes zero and it exceeds the noise floor.

Warnings:
  - the program holds 78 MB of live data, more than the caches of many machines; for data that size, where it lies in memory can shift the result by several points in ways the interval does not cover, and differently in the next process; run the comparison in several processes with the multiproc package

== u64 natural n=65536 valuesFor: ordered vs baseline
A: 89.71 ns per operation (median)
B: 82.75 ns per operation (median)
A needs 6.9% more time than B: B takes only 0.94 times as long as A.
With 95% confidence the difference lies between 0.319% and 14.1% more time (B takes between 0.876 and 1.00 times as long as A).
Noise floor: 3.6%. Identical code measured against itself on this setup can look that different, so smaller differences mean nothing.
Neighbouring measurements are nearly independent (autocorrelation -0.61), so they were resampled one by one.

Verdict: RESOLVED. A is slower than B: the difference is real, as its interval excludes zero and it exceeds the noise floor.

Warnings:
  - the program holds 78 MB of live data, more than the caches of many machines; for data that size, where it lies in memory can shift the result by several points in ways the interval does not cover, and differently in the next process; run the comparison in several processes with the multiproc package

== u64 natural n=65536 valuesBetween: ordered vs btree-sets
A: 5518 ns per operation (median)
B: 1.278e+04 ns per operation (median)
A needs 56.6% less time than B: B takes 2.31 times as long as A.
With 95% confidence the difference lies between 55.8% and 58.2% less time (B takes between 2.26 and 2.39 times as long as A).
Noise floor: 1.14%. Identical code measured against itself on this setup can look that different, so smaller differences mean nothing.
Neighbouring measurements are nearly independent (autocorrelation -0.33), so they were resampled one by one.

Verdict: RESOLVED. A is faster than B: the difference is real, as its interval excludes zero and it exceeds the noise floor.

Warnings:
  - the program holds 78 MB of live data, more than the caches of many machines; for data that size, where it lies in memory can shift the result by several points in ways the interval does not cover, and differently in the next process; run the comparison in several processes with the multiproc package

== u64 natural n=65536 valuesBetween: ordered vs baseline
A: 5305 ns per operation (median)
B: 5438 ns per operation (median)
A needs 2.46% less time than B: B takes 1.03 times as long as A.
With 95% confidence the difference lies between 0.964% and 4.35% less time (B takes between 1.01 and 1.05 times as long as A).
Noise floor: 1.64%. Identical code measured against itself on this setup can look that different, so smaller differences mean nothing.
Neighbouring measurements are nearly independent (autocorrelation -0.32), so they were resampled one by one.

Verdict: RESOLVED. A is faster than B: the difference is real, as its interval excludes zero and it exceeds the noise floor.

Warnings:
  - the program holds 78 MB of live data, more than the caches of many machines; for data that size, where it lies in memory can shift the result by several points in ways the interval does not cover, and differently in the next process; run the comparison in several processes with the multiproc package
  - in 50% of A/A runs this setup reported a difference between identical code, well above the 10% expected; treat any confidence from it with suspicion

== u64 natural n=65536 churn and build: ordered vs btree-sets
steady state, per insertion or deletion in a structure of 397285 elements (cycle of 1038590 operations, first pass untimed):
  A: 241.8 ns per operation (median)
  B: 471.2 ns per operation (median)
  A needs 49% less time than B: B takes 1.96 times as long as A.
  With 95% confidence the difference lies between 48.1% and 49.7% less time (B takes between 1.93 and 1.99 times as long as A).
  Noise floor: 0.723%. Identical code measured against itself on this setup can look that different, so smaller differences mean nothing.
  Neighbouring measurements are correlated (autocorrelation +0.70), so they were resampled in blocks of 3.
  
  Verdict: RESOLVED. A is faster than B: the difference is real, as its interval excludes zero and it exceeds the noise floor.
  
  Warnings:
    - the program holds 163 MB of live data, more than the caches of many machines; for data that size, where it lies in memory can shift the result by several points in ways the interval does not cover, and differently in the next process; run the comparison in several processes with the multiproc package
    - candidate A drifted during the run: its measurements were 4.76% lower in the second half than in the first, so the machine did not hold still

build from empty to 397285 elements, per whole build (1425529 operations):
  A: 2.271e+08 ns per operation (median)
  B: 5.594e+08 ns per operation (median)
  A needs 58.9% less time than B: B takes 2.43 times as long as A.
  With 95% confidence the difference lies between 58.7% and 59.5% less time (B takes between 2.42 and 2.47 times as long as A).
  Noise floor: 0.645%. Identical code measured against itself on this setup can look that different, so smaller differences mean nothing.
  Neighbouring measurements are nearly independent (autocorrelation +0.08), so they were resampled one by one.
  
  Verdict: RESOLVED. A is faster than B: the difference is real, as its interval excludes zero and it exceeds the noise floor.
  
  Warnings:
    - the program holds 107 MB of live data, more than the caches of many machines; for data that size, where it lies in memory can shift the result by several points in ways the interval does not cover, and differently in the next process; run the comparison in several processes with the multiproc package

== u64 natural n=65536 churn and build: ordered vs baseline
steady state, per insertion or deletion in a structure of 397285 elements (cycle of 1038590 operations, first pass untimed):
  A: 188.3 ns per operation (median)
  B: 171.7 ns per operation (median)
  A needs 11.7% more time than B: B takes only 0.90 times as long as A.
  With 95% confidence the difference lies between 17.9% more time and 9.84% less time (B takes between 0.848 and 1.11 times as long as A).
  Noise floor: 11.3%. Identical code measured against itself on this setup can look that different, so smaller differences mean nothing.
  Neighbouring measurements are nearly independent (autocorrelation -0.10), so they were resampled one by one.
  
  Verdict: NOT RESOLVED. This run did not establish which candidate is faster. That is not the same as "equally fast": the warnings below say what is missing.
  
  Warnings:
    - the interval [-17.86%, 9.84%] includes zero, so a difference in either direction is consistent with these measurements
    - the program holds 145 MB of live data, more than the caches of many machines; for data that size, where it lies in memory can shift the result by several points in ways the interval does not cover, and differently in the next process; run the comparison in several processes with the multiproc package

build from empty to 397285 elements, per whole build (1425529 operations):
  A: 2.275e+08 ns per operation (median)
  B: 2.185e+08 ns per operation (median)
  A needs 3.98% more time than B: B takes only 0.96 times as long as A.
  With 95% confidence the difference lies between 2.32% and 4.6% more time (B takes between 0.956 and 0.98 times as long as A).
  Noise floor: 0.191%. Identical code measured against itself on this setup can look that different, so smaller differences mean nothing.
  Neighbouring measurements are nearly independent (autocorrelation +0.16), so they were resampled one by one.
  
  Verdict: RESOLVED. A is slower than B: the difference is real, as its interval excludes zero and it exceeds the noise floor.
  
  Warnings:
    - the program holds 107 MB of live data, more than the caches of many machines; for data that size, where it lies in memory can shift the result by several points in ways the interval does not cover, and differently in the next process; run the comparison in several processes with the multiproc package

checksum 5834657588732300613
== u64 natural n=65536 valuesFor: ordered vs btree-sets
A: 104.2 ns per operation (median)
B: 383.4 ns per operation (median)
A needs 72.1% less time than B: B takes 3.58 times as long as A.
With 95% confidence the difference lies between 71.5% and 74.6% less time (B takes between 3.51 and 3.94 times as long as A).
Noise floor: 1.61%. Identical code measured against itself on this setup can look that different, so smaller differences mean nothing.
Neighbouring measurements are correlated (autocorrelation +0.45), so they were resampled in blocks of 3.

Verdict: RESOLVED. A is faster than B: the difference is real, as its interval excludes zero and it exceeds the noise floor.

Warnings:
  - the program holds 78 MB of live data, more than the caches of many machines; for data that size, where it lies in memory can shift the result by several points in ways the interval does not cover, and differently in the next process; run the comparison in several processes with the multiproc package

== u64 natural n=65536 valuesFor: ordered vs baseline
A: 87.98 ns per operation (median)
B: 81.34 ns per operation (median)
A needs 4.46% more time than B: B takes only 0.96 times as long as A.
With 95% confidence the difference lies between 14.5% more time and 0.419% less time (B takes between 0.874 and 1.00 times as long as A).
Noise floor: 4.27%. Identical code measured against itself on this setup can look that different, so smaller differences mean nothing.
Neighbouring measurements are nearly independent (autocorrelation -0.53), so they were resampled one by one.

Verdict: NOT RESOLVED. This run did not establish which candidate is faster. That is not the same as "equally fast": the warnings below say what is missing.

Warnings:
  - the interval [-14.46%, 0.42%] includes zero, so a difference in either direction is consistent with these measurements
  - the program holds 78 MB of live data, more than the caches of many machines; for data that size, where it lies in memory can shift the result by several points in ways the interval does not cover, and differently in the next process; run the comparison in several processes with the multiproc package

== u64 natural n=65536 valuesBetween: ordered vs btree-sets
A: 5421 ns per operation (median)
B: 1.282e+04 ns per operation (median)
A needs 57.2% less time than B: B takes 2.33 times as long as A.
With 95% confidence the difference lies between 56.8% and 58.4% less time (B takes between 2.31 and 2.40 times as long as A).
Noise floor: 1.63%. Identical code measured against itself on this setup can look that different, so smaller differences mean nothing.
Neighbouring measurements are nearly independent (autocorrelation -0.37), so they were resampled one by one.

Verdict: RESOLVED. A is faster than B: the difference is real, as its interval excludes zero and it exceeds the noise floor.

Warnings:
  - the program holds 78 MB of live data, more than the caches of many machines; for data that size, where it lies in memory can shift the result by several points in ways the interval does not cover, and differently in the next process; run the comparison in several processes with the multiproc package

== u64 natural n=65536 valuesBetween: ordered vs baseline
A: 5281 ns per operation (median)
B: 5409 ns per operation (median)
A needs 3.08% less time than B: B takes 1.03 times as long as A.
With 95% confidence the difference lies between 0.859% and 4.07% less time (B takes between 1.01 and 1.04 times as long as A).
Noise floor: 0.465%. Identical code measured against itself on this setup can look that different, so smaller differences mean nothing.
Neighbouring measurements are nearly independent (autocorrelation -0.27), so they were resampled one by one.

Verdict: RESOLVED. A is faster than B: the difference is real, as its interval excludes zero and it exceeds the noise floor.

Warnings:
  - the program holds 78 MB of live data, more than the caches of many machines; for data that size, where it lies in memory can shift the result by several points in ways the interval does not cover, and differently in the next process; run the comparison in several processes with the multiproc package

== u64 natural n=65536 churn and build: ordered vs btree-sets
steady state, per insertion or deletion in a structure of 397285 elements (cycle of 1038590 operations, first pass untimed):
  A: 234.2 ns per operation (median)
  B: 460.8 ns per operation (median)
  A needs 49.2% less time than B: B takes 1.97 times as long as A.
  With 95% confidence the difference lies between 48.3% and 50.2% less time (B takes between 1.93 and 2.01 times as long as A).
  Noise floor: 1.74%. Identical code measured against itself on this setup can look that different, so smaller differences mean nothing.
  Neighbouring measurements are correlated (autocorrelation +0.74), so they were resampled in blocks of 3.
  
  Verdict: RESOLVED. A is faster than B: the difference is real, as its interval excludes zero and it exceeds the noise floor.
  
  Warnings:
    - the program holds 163 MB of live data, more than the caches of many machines; for data that size, where it lies in memory can shift the result by several points in ways the interval does not cover, and differently in the next process; run the comparison in several processes with the multiproc package
    - candidate A drifted during the run: its measurements were 5.84% higher in the second half than in the first, so the machine did not hold still
    - the ratio B/A was 3.41% lower in the second half of the run than in the first, so the candidates had not reached a steady state and the difference depends on how long the run was; a common cause is a head start for whichever candidate ran alone last before the comparison or had its data built last, which a longer CollectOptions.WarmupDuration removes

build from empty to 397285 elements, per whole build (1425529 operations):
  A: 2.282e+08 ns per operation (median)
  B: 5.519e+08 ns per operation (median)
  A needs 58.8% less time than B: B takes 2.43 times as long as A.
  With 95% confidence the difference lies between 58.5% and 59% less time (B takes between 2.41 and 2.44 times as long as A).
  Noise floor: 0.603%. Identical code measured against itself on this setup can look that different, so smaller differences mean nothing.
  Neighbouring measurements are nearly independent (autocorrelation +0.05), so they were resampled one by one.
  
  Verdict: RESOLVED. A is faster than B: the difference is real, as its interval excludes zero and it exceeds the noise floor.
  
  Warnings:
    - the program holds 107 MB of live data, more than the caches of many machines; for data that size, where it lies in memory can shift the result by several points in ways the interval does not cover, and differently in the next process; run the comparison in several processes with the multiproc package

== u64 natural n=65536 churn and build: ordered vs baseline
steady state, per insertion or deletion in a structure of 397285 elements (cycle of 1038590 operations, first pass untimed):
  A: 183.9 ns per operation (median)
  B: 164 ns per operation (median)
  A needs 15.5% more time than B: B takes only 0.87 times as long as A.
  With 95% confidence the difference lies between 18.3% more time and 5.7% less time (B takes between 0.845 and 1.06 times as long as A).
  Noise floor: 9.4%. Identical code measured against itself on this setup can look that different, so smaller differences mean nothing.
  Neighbouring measurements are nearly independent (autocorrelation -0.60), so they were resampled one by one.
  
  Verdict: NOT RESOLVED. This run did not establish which candidate is faster. That is not the same as "equally fast": the warnings below say what is missing.
  
  Warnings:
    - the interval [-18.31%, 5.70%] includes zero, so a difference in either direction is consistent with these measurements
    - the program holds 146 MB of live data, more than the caches of many machines; for data that size, where it lies in memory can shift the result by several points in ways the interval does not cover, and differently in the next process; run the comparison in several processes with the multiproc package

build from empty to 397285 elements, per whole build (1425529 operations):
  A: 2.277e+08 ns per operation (median)
  B: 2.165e+08 ns per operation (median)
  A needs 5.25% more time than B: B takes only 0.95 times as long as A.
  With 95% confidence the difference lies between 4.96% and 6.03% more time (B takes between 0.943 and 0.95 times as long as A).
  Noise floor: 0.412%. Identical code measured against itself on this setup can look that different, so smaller differences mean nothing.
  Neighbouring measurements are correlated (autocorrelation +0.23), so they were resampled in blocks of 3.
  
  Verdict: RESOLVED. A is slower than B: the difference is real, as its interval excludes zero and it exceeds the noise floor.
  
  Warnings:
    - the program holds 107 MB of live data, more than the caches of many machines; for data that size, where it lies in memory can shift the result by several points in ways the interval does not cover, and differently in the next process; run the comparison in several processes with the multiproc package

checksum 15839718521281615792
== u64 natural n=65536 valuesFor: ordered vs btree-sets
A: 104.6 ns per operation (median)
B: 384 ns per operation (median)
A needs 72.6% less time than B: B takes 3.65 times as long as A.
With 95% confidence the difference lies between 71% and 74.6% less time (B takes between 3.44 and 3.93 times as long as A).
Noise floor: 6.34%. Identical code measured against itself on this setup can look that different, so smaller differences mean nothing.
Neighbouring measurements are nearly independent (autocorrelation -0.81), so they were resampled one by one.

Verdict: RESOLVED. A is faster than B: the difference is real, as its interval excludes zero and it exceeds the noise floor.

Warnings:
  - the program holds 81 MB of live data, more than the caches of many machines; for data that size, where it lies in memory can shift the result by several points in ways the interval does not cover, and differently in the next process; run the comparison in several processes with the multiproc package

== u64 natural n=65536 valuesFor: ordered vs baseline
A: 89.4 ns per operation (median)
B: 84.97 ns per operation (median)
A needs 7.39% more time than B: B takes only 0.93 times as long as A.
With 95% confidence the difference lies between 18.3% more time and 1.71% less time (B takes between 0.845 and 1.02 times as long as A).
Noise floor: 6.66%. Identical code measured against itself on this setup can look that different, so smaller differences mean nothing.
Neighbouring measurements are nearly independent (autocorrelation -0.73), so they were resampled one by one.

Verdict: NOT RESOLVED. This run did not establish which candidate is faster. That is not the same as "equally fast": the warnings below say what is missing.

Warnings:
  - the interval [-18.33%, 1.71%] includes zero, so a difference in either direction is consistent with these measurements
  - the program holds 81 MB of live data, more than the caches of many machines; for data that size, where it lies in memory can shift the result by several points in ways the interval does not cover, and differently in the next process; run the comparison in several processes with the multiproc package

== u64 natural n=65536 valuesBetween: ordered vs btree-sets
A: 5461 ns per operation (median)
B: 1.282e+04 ns per operation (median)
A needs 57.5% less time than B: B takes 2.35 times as long as A.
With 95% confidence the difference lies between 56.2% and 58.5% less time (B takes between 2.28 and 2.41 times as long as A).
Noise floor: 1.04%. Identical code measured against itself on this setup can look that different, so smaller differences mean nothing.
Neighbouring measurements are nearly independent (autocorrelation -0.32), so they were resampled one by one.

Verdict: RESOLVED. A is faster than B: the difference is real, as its interval excludes zero and it exceeds the noise floor.

Warnings:
  - the program holds 81 MB of live data, more than the caches of many machines; for data that size, where it lies in memory can shift the result by several points in ways the interval does not cover, and differently in the next process; run the comparison in several processes with the multiproc package

== u64 natural n=65536 valuesBetween: ordered vs baseline
A: 5277 ns per operation (median)
B: 5388 ns per operation (median)
A needs 3.11% less time than B: B takes 1.03 times as long as A.
With 95% confidence the difference lies between 0.608% more time and 3.75% less time (B takes between 0.994 and 1.04 times as long as A).
Noise floor: 1.07%. Identical code measured against itself on this setup can look that different, so smaller differences mean nothing.
Neighbouring measurements are nearly independent (autocorrelation +0.07), so they were resampled one by one.

Verdict: NOT RESOLVED. This run did not establish which candidate is faster. That is not the same as "equally fast": the warnings below say what is missing.

Warnings:
  - the interval [-0.61%, 3.75%] includes zero, so a difference in either direction is consistent with these measurements
  - the program holds 81 MB of live data, more than the caches of many machines; for data that size, where it lies in memory can shift the result by several points in ways the interval does not cover, and differently in the next process; run the comparison in several processes with the multiproc package

== u64 natural n=65536 churn and build: ordered vs btree-sets
steady state, per insertion or deletion in a structure of 397285 elements (cycle of 1038590 operations, first pass untimed):
  A: 240.6 ns per operation (median)
  B: 477.3 ns per operation (median)
  A needs 49.7% less time than B: B takes 1.99 times as long as A.
  With 95% confidence the difference lies between 49.4% and 49.9% less time (B takes between 1.98 and 2.00 times as long as A).
  Noise floor: 2.05%. Identical code measured against itself on this setup can look that different, so smaller differences mean nothing.
  Neighbouring measurements are nearly independent (autocorrelation -0.25), so they were resampled one by one.
  
  Verdict: RESOLVED. A is faster than B: the difference is real, as its interval excludes zero and it exceeds the noise floor.
  
  Warnings:
    - the program holds 160 MB of live data, more than the caches of many machines; for data that size, where it lies in memory can shift the result by several points in ways the interval does not cover, and differently in the next process; run the comparison in several processes with the multiproc package

build from empty to 397285 elements, per whole build (1425529 operations):
  A: 2.287e+08 ns per operation (median)
  B: 5.572e+08 ns per operation (median)
  A needs 58.8% less time than B: B takes 2.43 times as long as A.
  With 95% confidence the difference lies between 58.6% and 59.7% less time (B takes between 2.42 and 2.48 times as long as A).
  Noise floor: 0.802%. Identical code measured against itself on this setup can look that different, so smaller differences mean nothing.
  Neighbouring measurements are nearly independent (autocorrelation +0.02), so they were resampled one by one.
  
  Verdict: RESOLVED. A is faster than B: the difference is real, as its interval excludes zero and it exceeds the noise floor.
  
  Warnings:
    - the program holds 107 MB of live data, more than the caches of many machines; for data that size, where it lies in memory can shift the result by several points in ways the interval does not cover, and differently in the next process; run the comparison in several processes with the multiproc package

== u64 natural n=65536 churn and build: ordered vs baseline
steady state, per insertion or deletion in a structure of 397285 elements (cycle of 1038590 operations, first pass untimed):
  A: 179.7 ns per operation (median)
  B: 166.8 ns per operation (median)
  A needs 9.39% more time than B: B takes only 0.91 times as long as A.
  With 95% confidence the difference lies between 19.4% more time and 8.53% less time (B takes between 0.838 and 1.09 times as long as A).
  Noise floor: 10.1%. Identical code measured against itself on this setup can look that different, so smaller differences mean nothing.
  Neighbouring measurements are nearly independent (autocorrelation -0.62), so they were resampled one by one.
  
  Verdict: NOT RESOLVED. This run did not establish which candidate is faster. That is not the same as "equally fast": the warnings below say what is missing.
  
  Warnings:
    - the difference of -9.39% does not clear the 10.13% noise floor, which is what this setup reports between two runs of identical code
    - the interval [-19.37%, 8.53%] includes zero, so a difference in either direction is consistent with these measurements
    - the program holds 145 MB of live data, more than the caches of many machines; for data that size, where it lies in memory can shift the result by several points in ways the interval does not cover, and differently in the next process; run the comparison in several processes with the multiproc package

build from empty to 397285 elements, per whole build (1425529 operations):
  A: 2.353e+08 ns per operation (median)
  B: 2.185e+08 ns per operation (median)
  A needs 4.49% more time than B: B takes only 0.96 times as long as A.
  With 95% confidence the difference lies between 1.91% and 5.38% more time (B takes between 0.949 and 0.98 times as long as A).
  Noise floor: 0.682%. Identical code measured against itself on this setup can look that different, so smaller differences mean nothing.
  Neighbouring measurements are nearly independent (autocorrelation +0.12), so they were resampled one by one.
  
  Verdict: RESOLVED. A is slower than B: the difference is real, as its interval excludes zero and it exceeds the noise floor.
  
  Warnings:
    - the program holds 107 MB of live data, more than the caches of many machines; for data that size, where it lies in memory can shift the result by several points in ways the interval does not cover, and differently in the next process; run the comparison in several processes with the multiproc package
    - in 50% of A/A runs this setup reported a difference between identical code, well above the 10% expected; treat any confidence from it with suspicion

checksum 5017689465609518220
== u64 natural n=65536 valuesFor: ordered vs btree-sets
A: 111.4 ns per operation (median)
B: 397 ns per operation (median)
A needs 72.2% less time than B: B takes 3.60 times as long as A.
With 95% confidence the difference lies between 70.7% and 74.5% less time (B takes between 3.41 and 3.93 times as long as A).
Noise floor: 6.09%. Identical code measured against itself on this setup can look that different, so smaller differences mean nothing.
Neighbouring measurements are correlated (autocorrelation +0.68), so they were resampled in blocks of 3.

Verdict: RESOLVED. A is faster than B: the difference is real, as its interval excludes zero and it exceeds the noise floor.

Warnings:
  - the program holds 84 MB of live data, more than the caches of many machines; for data that size, where it lies in memory can shift the result by several points in ways the interval does not cover, and differently in the next process; run the comparison in several processes with the multiproc package

== u64 natural n=65536 valuesFor: ordered vs baseline
A: 90.22 ns per operation (median)
B: 87.14 ns per operation (median)
A needs 6.45% more time than B: B takes only 0.94 times as long as A.
With 95% confidence the difference lies between 12.9% more time and 4.46% less time (B takes between 0.886 and 1.05 times as long as A).
Noise floor: 6.48%. Identical code measured against itself on this setup can look that different, so smaller differences mean nothing.
Neighbouring measurements are nearly independent (autocorrelation -0.36), so they were resampled one by one.

Verdict: NOT RESOLVED. This run did not establish which candidate is faster. That is not the same as "equally fast": the warnings below say what is missing.

Warnings:
  - the difference of -6.45% does not clear the 6.48% noise floor, which is what this setup reports between two runs of identical code
  - the interval [-12.87%, 4.46%] includes zero, so a difference in either direction is consistent with these measurements
  - the program holds 84 MB of live data, more than the caches of many machines; for data that size, where it lies in memory can shift the result by several points in ways the interval does not cover, and differently in the next process; run the comparison in several processes with the multiproc package

== u64 natural n=65536 valuesBetween: ordered vs btree-sets
A: 5477 ns per operation (median)
B: 1.292e+04 ns per operation (median)
A needs 57.5% less time than B: B takes 2.35 times as long as A.
With 95% confidence the difference lies between 56.4% and 58.4% less time (B takes between 2.29 and 2.40 times as long as A).
Noise floor: 1.6%. Identical code measured against itself on this setup can look that different, so smaller differences mean nothing.
Neighbouring measurements are nearly independent (autocorrelation -0.35), so they were resampled one by one.

Verdict: RESOLVED. A is faster than B: the difference is real, as its interval excludes zero and it exceeds the noise floor.

Warnings:
  - the program holds 84 MB of live data, more than the caches of many machines; for data that size, where it lies in memory can shift the result by several points in ways the interval does not cover, and differently in the next process; run the comparison in several processes with the multiproc package

== u64 natural n=65536 valuesBetween: ordered vs baseline
A: 5276 ns per operation (median)
B: 5434 ns per operation (median)
A needs 2.5% less time than B: B takes 1.03 times as long as A.
With 95% confidence the difference lies between 1% and 3.63% less time (B takes between 1.01 and 1.04 times as long as A).
Noise floor: 0.704%. Identical code measured against itself on this setup can look that different, so smaller differences mean nothing.
Neighbouring measurements are nearly independent (autocorrelation -0.33), so they were resampled one by one.

Verdict: RESOLVED. A is faster than B: the difference is real, as its interval excludes zero and it exceeds the noise floor.

Warnings:
  - the program holds 84 MB of live data, more than the caches of many machines; for data that size, where it lies in memory can shift the result by several points in ways the interval does not cover, and differently in the next process; run the comparison in several processes with the multiproc package

== u64 natural n=65536 churn and build: ordered vs btree-sets
steady state, per insertion or deletion in a structure of 397285 elements (cycle of 1038590 operations, first pass untimed):
  A: 243.7 ns per operation (median)
  B: 490 ns per operation (median)
  A needs 49.9% less time than B: B takes 2.00 times as long as A.
  With 95% confidence the difference lies between 49.3% and 50.2% less time (B takes between 1.97 and 2.01 times as long as A).
  Noise floor: 1.69%. Identical code measured against itself on this setup can look that different, so smaller differences mean nothing.
  Neighbouring measurements are nearly independent (autocorrelation -0.49), so they were resampled one by one.
  
  Verdict: RESOLVED. A is faster than B: the difference is real, as its interval excludes zero and it exceeds the noise floor.
  
  Warnings:
    - the program holds 163 MB of live data, more than the caches of many machines; for data that size, where it lies in memory can shift the result by several points in ways the interval does not cover, and differently in the next process; run the comparison in several processes with the multiproc package
    - candidate A drifted during the run: its measurements were 6.19% higher in the second half than in the first, so the machine did not hold still
    - candidate B drifted during the run: its measurements were 2.66% higher in the second half than in the first, so the machine did not hold still
    - the ratio B/A was 3.54% lower in the second half of the run than in the first, so the candidates had not reached a steady state and the difference depends on how long the run was; a common cause is a head start for whichever candidate ran alone last before the comparison or had its data built last, which a longer CollectOptions.WarmupDuration removes

build from empty to 397285 elements, per whole build (1425529 operations):
  A: 2.338e+08 ns per operation (median)
  B: 5.614e+08 ns per operation (median)
  A needs 58.3% less time than B: B takes 2.40 times as long as A.
  With 95% confidence the difference lies between 58.1% and 58.6% less time (B takes between 2.38 and 2.42 times as long as A).
  Noise floor: 0.364%. Identical code measured against itself on this setup can look that different, so smaller differences mean nothing.
  Neighbouring measurements are nearly independent (autocorrelation -0.08), so they were resampled one by one.
  
  Verdict: RESOLVED. A is faster than B: the difference is real, as its interval excludes zero and it exceeds the noise floor.
  
  Warnings:
    - the program holds 107 MB of live data, more than the caches of many machines; for data that size, where it lies in memory can shift the result by several points in ways the interval does not cover, and differently in the next process; run the comparison in several processes with the multiproc package

== u64 natural n=65536 churn and build: ordered vs baseline
steady state, per insertion or deletion in a structure of 397285 elements (cycle of 1038590 operations, first pass untimed):
  A: 200.2 ns per operation (median)
  B: 200.2 ns per operation (median)
  A needs 1.34% more time than B: B takes only 0.99 times as long as A.
  With 95% confidence the difference lies between 21.6% more time and 12.4% less time (B takes between 0.823 and 1.14 times as long as A).
  Noise floor: 10.6%. Identical code measured against itself on this setup can look that different, so smaller differences mean nothing.
  Neighbouring measurements are nearly independent (autocorrelation -0.66), so they were resampled one by one.
  
  Verdict: NOT RESOLVED. This run did not establish which candidate is faster. That is not the same as "equally fast": the warnings below say what is missing.
  
  Warnings:
    - the difference of -1.34% does not clear the 10.63% noise floor, which is what this setup reports between two runs of identical code
    - the interval [-21.56%, 12.44%] includes zero, so a difference in either direction is consistent with these measurements
    - the program holds 145 MB of live data, more than the caches of many machines; for data that size, where it lies in memory can shift the result by several points in ways the interval does not cover, and differently in the next process; run the comparison in several processes with the multiproc package
    - candidate A drifted during the run: its measurements were 17.9% higher in the second half than in the first, so the machine did not hold still
    - candidate B drifted during the run: its measurements were 23.4% higher in the second half than in the first, so the machine did not hold still

build from empty to 397285 elements, per whole build (1425529 operations):
  A: 2.323e+08 ns per operation (median)
  B: 2.202e+08 ns per operation (median)
  A needs 5.95% more time than B: B takes only 0.94 times as long as A.
  With 95% confidence the difference lies between 4.34% and 6.47% more time (B takes between 0.939 and 0.96 times as long as A).
  Noise floor: 0.487%. Identical code measured against itself on this setup can look that different, so smaller differences mean nothing.
  Neighbouring measurements are nearly independent (autocorrelation -0.01), so they were resampled one by one.
  
  Verdict: RESOLVED. A is slower than B: the difference is real, as its interval excludes zero and it exceeds the noise floor.
  
  Warnings:
    - the program holds 107 MB of live data, more than the caches of many machines; for data that size, where it lies in memory can shift the result by several points in ways the interval does not cover, and differently in the next process; run the comparison in several processes with the multiproc package
    - in 50% of A/A runs this setup reported a difference between identical code, well above the 10% expected; treat any confidence from it with suspicion

checksum 105610184272082475
