11:08:12  start: -suite dev -minprocs 6 -maxprocs 8 -memn 262144 -memrounds 3 -keys street -values single-value -sizes 4096,16384,212449 -vs baseline,btree-map -out C:\temp\bench-win\m35-x-ptr-street-single
11:08:26  street single-value n=4096: 1 processes done; the first stage is at least 6
11:08:40  street single-value n=4096: 2 processes done; the first stage is at least 6
11:08:54  street single-value n=4096: 3 processes done; the first stage is at least 6
11:09:08  street single-value n=4096: 4 processes done; the first stage is at least 6
11:09:22  street single-value n=4096: 5 processes done; the first stage is at least 6
11:09:36  street single-value n=4096: first stage of 6 processes done; build ordered btree-map needs 14 processes for its interval, run in whole pairs of processes (at most 8)
11:09:36  street single-value n=4096: 6 processes done; 3 of 10 comparisons not yet within the interval asked for; widest ±3.0 pts: build ordered btree-map
11:09:49  street single-value n=4096: 7 processes done; 3 of 10 comparisons not yet within the interval asked for; widest ±2.8 pts: build ordered btree-map
11:10:03  street single-value n=4096: 8 processes done; 1 of 10 comparisons not yet within the interval asked for; widest ±2.6 pts: build ordered btree-map
11:10:03  warning: street single-value n=4096 stopped after 8 processes, before every interval was as precise as asked
11:10:21  street single-value n=16384: 1 processes done; the first stage is at least 6
11:10:39  street single-value n=16384: 2 processes done; the first stage is at least 6
11:10:57  street single-value n=16384: 3 processes done; the first stage is at least 6
11:11:15  street single-value n=16384: 4 processes done; the first stage is at least 6
11:11:33  street single-value n=16384: 5 processes done; the first stage is at least 6
11:11:52  street single-value n=16384: first stage of 6 processes done; build ordered btree-map needs 9 processes for its interval, run in whole pairs of processes (at most 8)
11:11:52  street single-value n=16384: 6 processes done; 2 of 10 comparisons not yet within the interval asked for; widest ±2.4 pts: build ordered btree-map
11:12:10  street single-value n=16384: 7 processes done; 1 of 10 comparisons not yet within the interval asked for; widest ±2.2 pts: build ordered btree-map
11:12:28  street single-value n=16384: 8 processes done; 1 of 10 comparisons not yet within the interval asked for; widest ±2.0 pts: build ordered btree-map
11:12:28  warning: street single-value n=16384 stopped after 8 processes, before every interval was as precise as asked
11:12:43  street single-value n=212449: 1 processes done; the first stage is at least 6
11:12:57  street single-value n=212449: 2 processes done; the first stage is at least 6
11:13:12  street single-value n=212449: 3 processes done; the first stage is at least 6
11:13:27  street single-value n=212449: 4 processes done; the first stage is at least 6
11:13:42  street single-value n=212449: 5 processes done; the first stage is at least 6
11:13:57  street single-value n=212449: first stage of 6 processes done; valuesFor ordered btree-map needs 145 processes for its interval, run in whole pairs of processes (at most 8)
11:13:57  street single-value n=212449: 6 processes done; 5 of 8 comparisons not yet within the interval asked for; widest ±9.8 pts: valuesFor ordered btree-map
11:14:12  street single-value n=212449: 7 processes done; 5 of 8 comparisons not yet within the interval asked for; widest ±9.1 pts: valuesFor ordered btree-map
11:14:27  street single-value n=212449: 8 processes done; 5 of 8 comparisons not yet within the interval asked for; widest ±8.5 pts: valuesFor ordered btree-map
11:14:27  warning: street single-value n=212449 stopped after 8 processes, before every interval was as precise as asked
11:14:29  memory round 1 of 3 done
11:14:31  memory round 2 of 3 done
11:14:33  memory round 3 of 3 done
11:14:33  done after 6m21s
