== dirs multi n=4096 valuesFor: ordered vs hashed
A: 83.22 ns per operation (median)
B: 30.09 ns per operation (median)
A needs 177% more time than B: B takes only 0.36 times as long as A.
With 95% confidence the difference lies between 173% and 180% more time (B takes between 0.357 and 0.37 times as long as A).
Noise floor: 1.05%. Identical code measured against itself on this setup can look that different, so smaller differences mean nothing.
Neighbouring measurements are nearly independent (autocorrelation +0.03), so they were resampled one by one.

Verdict: RESOLVED. A is slower than B: the difference is real, as its interval excludes zero and it exceeds the noise floor.

Warnings:
  - the program holds 95 MB of live data, more than the caches of many machines; for data that size, where it lies in memory can shift the result by several points in ways the interval does not cover, and differently in the next process; run the comparison in several processes with the multiproc package
  - in 50% of A/A runs this setup reported a difference between identical code, well above the 10% expected; treat any confidence from it with suspicion

== dirs multi n=4096 valuesFor: ordered vs btree-sets
A: 84.88 ns per operation (median)
B: 161.3 ns per operation (median)
A needs 47.9% less time than B: B takes 1.92 times as long as A.
With 95% confidence the difference lies between 46.6% and 48.6% less time (B takes between 1.87 and 1.94 times as long as A).
Noise floor: 1.34%. Identical code measured against itself on this setup can look that different, so smaller differences mean nothing.
Neighbouring measurements are nearly independent (autocorrelation -0.03), so they were resampled one by one.

Verdict: RESOLVED. A is faster than B: the difference is real, as its interval excludes zero and it exceeds the noise floor.

Warnings:
  - the program holds 95 MB of live data, more than the caches of many machines; for data that size, where it lies in memory can shift the result by several points in ways the interval does not cover, and differently in the next process; run the comparison in several processes with the multiproc package

== dirs multi n=4096 valuesFor: ordered vs map-sets
A: 83.98 ns per operation (median)
B: 71.05 ns per operation (median)
A needs 18.3% more time than B: B takes only 0.85 times as long as A.
With 95% confidence the difference lies between 15.9% and 19.3% more time (B takes between 0.838 and 0.86 times as long as A).
Noise floor: 1.33%. Identical code measured against itself on this setup can look that different, so smaller differences mean nothing.
Neighbouring measurements are nearly independent (autocorrelation -0.00), so they were resampled one by one.

Verdict: RESOLVED. A is slower than B: the difference is real, as its interval excludes zero and it exceeds the noise floor.

Warnings:
  - the program holds 95 MB of live data, more than the caches of many machines; for data that size, where it lies in memory can shift the result by several points in ways the interval does not cover, and differently in the next process; run the comparison in several processes with the multiproc package

== dirs multi n=4096 valuesBetween: ordered vs hashed
A: 2741 ns per operation (median)
B: 5.685e+04 ns per operation (median)
A needs 95.2% less time than B: B takes 20.77 times as long as A.
With 95% confidence the difference lies between 95% and 95.4% less time (B takes between 20.2 and 21.65 times as long as A).
Noise floor: 3.93%. Identical code measured against itself on this setup can look that different, so smaller differences mean nothing.
Neighbouring measurements are nearly independent (autocorrelation -0.04), so they were resampled one by one.

Verdict: RESOLVED. A is faster than B: the difference is real, as its interval excludes zero and it exceeds the noise floor.

Warnings:
  - the program holds 95 MB of live data, more than the caches of many machines; for data that size, where it lies in memory can shift the result by several points in ways the interval does not cover, and differently in the next process; run the comparison in several processes with the multiproc package

== dirs multi n=4096 valuesBetween: ordered vs btree-sets
A: 2660 ns per operation (median)
B: 5373 ns per operation (median)
A needs 50.8% less time than B: B takes 2.03 times as long as A.
With 95% confidence the difference lies between 49.7% and 53.3% less time (B takes between 1.99 and 2.14 times as long as A).
Noise floor: 3.03%. Identical code measured against itself on this setup can look that different, so smaller differences mean nothing.
Neighbouring measurements are nearly independent (autocorrelation -0.05), so they were resampled one by one.

Verdict: RESOLVED. A is faster than B: the difference is real, as its interval excludes zero and it exceeds the noise floor.

Warnings:
  - the program holds 95 MB of live data, more than the caches of many machines; for data that size, where it lies in memory can shift the result by several points in ways the interval does not cover, and differently in the next process; run the comparison in several processes with the multiproc package

== dirs multi n=4096 valuesBetween: ordered vs map-sets
A: 2747 ns per operation (median)
B: 5.734e+04 ns per operation (median)
A needs 95.2% less time than B: B takes 20.82 times as long as A.
With 95% confidence the difference lies between 95.1% and 95.4% less time (B takes between 20.4 and 21.68 times as long as A).
Noise floor: 0.475%. Identical code measured against itself on this setup can look that different, so smaller differences mean nothing.
Neighbouring measurements are nearly independent (autocorrelation -0.14), so they were resampled one by one.

Verdict: RESOLVED. A is faster than B: the difference is real, as its interval excludes zero and it exceeds the noise floor.

Warnings:
  - the program holds 95 MB of live data, more than the caches of many machines; for data that size, where it lies in memory can shift the result by several points in ways the interval does not cover, and differently in the next process; run the comparison in several processes with the multiproc package

== dirs multi n=4096 prefix: ordered vs hashed
A: 2900 ns per operation (median)
B: 5.65e+04 ns per operation (median)
A needs 94.9% less time than B: B takes 19.48 times as long as A.
With 95% confidence the difference lies between 94.7% and 95% less time (B takes between 18.9 and 20.14 times as long as A).
Noise floor: 3.65%. Identical code measured against itself on this setup can look that different, so smaller differences mean nothing.
Neighbouring measurements are nearly independent (autocorrelation -0.08), so they were resampled one by one.

Verdict: RESOLVED. A is faster than B: the difference is real, as its interval excludes zero and it exceeds the noise floor.

Warnings:
  - the program holds 95 MB of live data, more than the caches of many machines; for data that size, where it lies in memory can shift the result by several points in ways the interval does not cover, and differently in the next process; run the comparison in several processes with the multiproc package

== dirs multi n=4096 prefix: ordered vs btree-sets
A: 2755 ns per operation (median)
B: 7435 ns per operation (median)
A needs 62.1% less time than B: B takes 2.64 times as long as A.
With 95% confidence the difference lies between 60.2% and 65.7% less time (B takes between 2.51 and 2.91 times as long as A).
Noise floor: 4.03%. Identical code measured against itself on this setup can look that different, so smaller differences mean nothing.
Neighbouring measurements are nearly independent (autocorrelation -0.04), so they were resampled one by one.

Verdict: RESOLVED. A is faster than B: the difference is real, as its interval excludes zero and it exceeds the noise floor.

Warnings:
  - the program holds 106 MB of live data, more than the caches of many machines; for data that size, where it lies in memory can shift the result by several points in ways the interval does not cover, and differently in the next process; run the comparison in several processes with the multiproc package

== dirs multi n=4096 prefix: ordered vs map-sets
A: 2816 ns per operation (median)
B: 5.921e+04 ns per operation (median)
A needs 95.3% less time than B: B takes 21.30 times as long as A.
With 95% confidence the difference lies between 95% and 95.4% less time (B takes between 20.2 and 21.76 times as long as A).
Noise floor: 4.86%. Identical code measured against itself on this setup can look that different, so smaller differences mean nothing.
Neighbouring measurements are nearly independent (autocorrelation +0.05), so they were resampled one by one.

Verdict: RESOLVED. A is faster than B: the difference is real, as its interval excludes zero and it exceeds the noise floor.

Warnings:
  - the program holds 106 MB of live data, more than the caches of many machines; for data that size, where it lies in memory can shift the result by several points in ways the interval does not cover, and differently in the next process; run the comparison in several processes with the multiproc package

== dirs multi n=4096 churn and build: ordered vs hashed
steady state, per insertion or deletion in a structure of 12775 elements (cycle of 33454 operations, first pass untimed):
  A: 146.3 ns per operation (median)
  B: 62.82 ns per operation (median)
  A needs 133% more time than B: B takes only 0.43 times as long as A.
  With 95% confidence the difference lies between 130% and 138% more time (B takes between 0.421 and 0.43 times as long as A).
  Noise floor: 1.09%. Identical code measured against itself on this setup can look that different, so smaller differences mean nothing.
  Neighbouring measurements are nearly independent (autocorrelation +0.13), so they were resampled one by one.
  
  Verdict: RESOLVED. A is slower than B: the difference is real, as its interval excludes zero and it exceeds the noise floor.
  
  Warnings:
    - the program holds 108 MB of live data, more than the caches of many machines; for data that size, where it lies in memory can shift the result by several points in ways the interval does not cover, and differently in the next process; run the comparison in several processes with the multiproc package

build from empty to 12775 elements, per whole build (45983 operations):
  A: 7.016e+06 ns per operation (median)
  B: 3.054e+06 ns per operation (median)
  A needs 127% more time than B: B takes only 0.44 times as long as A.
  With 95% confidence the difference lies between 123% and 130% more time (B takes between 0.435 and 0.45 times as long as A).
  Noise floor: 0.617%. Identical code measured against itself on this setup can look that different, so smaller differences mean nothing.
  Neighbouring measurements are correlated (autocorrelation +0.28), so they were resampled in blocks of 3.
  
  Verdict: RESOLVED. A is slower than B: the difference is real, as its interval excludes zero and it exceeds the noise floor.
  
  Warnings:
    - the program holds 106 MB of live data, more than the caches of many machines; for data that size, where it lies in memory can shift the result by several points in ways the interval does not cover, and differently in the next process; run the comparison in several processes with the multiproc package
    - in 50% of A/A runs this setup reported a difference between identical code, well above the 10% expected; treat any confidence from it with suspicion

== dirs multi n=4096 churn and build: ordered vs btree-sets
steady state, per insertion or deletion in a structure of 12775 elements (cycle of 33454 operations, first pass untimed):
  A: 149.5 ns per operation (median)
  B: 226.3 ns per operation (median)
  A needs 34.6% less time than B: B takes 1.53 times as long as A.
  With 95% confidence the difference lies between 32.9% and 35.5% less time (B takes between 1.49 and 1.55 times as long as A).
  Noise floor: 3.02%. Identical code measured against itself on this setup can look that different, so smaller differences mean nothing.
  Neighbouring measurements are nearly independent (autocorrelation +0.06), so they were resampled one by one.
  
  Verdict: RESOLVED. A is faster than B: the difference is real, as its interval excludes zero and it exceeds the noise floor.
  
  Warnings:
    - the program holds 109 MB of live data, more than the caches of many machines; for data that size, where it lies in memory can shift the result by several points in ways the interval does not cover, and differently in the next process; run the comparison in several processes with the multiproc package
    - in 50% of A/A runs this setup reported a difference between identical code, well above the 10% expected; treat any confidence from it with suspicion

build from empty to 12775 elements, per whole build (45983 operations):
  A: 7.05e+06 ns per operation (median)
  B: 1.072e+07 ns per operation (median)
  A needs 34.5% less time than B: B takes 1.53 times as long as A.
  With 95% confidence the difference lies between 33.4% and 35.5% less time (B takes between 1.5 and 1.55 times as long as A).
  Noise floor: 1.16%. Identical code measured against itself on this setup can look that different, so smaller differences mean nothing.
  Neighbouring measurements are nearly independent (autocorrelation -0.25), so they were resampled one by one.
  
  Verdict: RESOLVED. A is faster than B: the difference is real, as its interval excludes zero and it exceeds the noise floor.
  
  Warnings:
    - the program holds 106 MB of live data, more than the caches of many machines; for data that size, where it lies in memory can shift the result by several points in ways the interval does not cover, and differently in the next process; run the comparison in several processes with the multiproc package

== dirs multi n=4096 churn and build: ordered vs map-sets
steady state, per insertion or deletion in a structure of 12775 elements (cycle of 33454 operations, first pass untimed):
  A: 146.7 ns per operation (median)
  B: 71.88 ns per operation (median)
  A needs 103% more time than B: B takes only 0.49 times as long as A.
  With 95% confidence the difference lies between 101% and 109% more time (B takes between 0.478 and 0.50 times as long as A).
  Noise floor: 0.993%. Identical code measured against itself on this setup can look that different, so smaller differences mean nothing.
  Neighbouring measurements are nearly independent (autocorrelation +0.20), so they were resampled one by one.
  
  Verdict: RESOLVED. A is slower than B: the difference is real, as its interval excludes zero and it exceeds the noise floor.
  
  Warnings:
    - the program holds 109 MB of live data, more than the caches of many machines; for data that size, where it lies in memory can shift the result by several points in ways the interval does not cover, and differently in the next process; run the comparison in several processes with the multiproc package

build from empty to 12775 elements, per whole build (45983 operations):
  A: 7.066e+06 ns per operation (median)
  B: 3.823e+06 ns per operation (median)
  A needs 82.8% more time than B: B takes only 0.55 times as long as A.
  With 95% confidence the difference lies between 77.8% and 95% more time (B takes between 0.513 and 0.56 times as long as A).
  Noise floor: 0.787%. Identical code measured against itself on this setup can look that different, so smaller differences mean nothing.
  Neighbouring measurements are nearly independent (autocorrelation -0.16), so they were resampled one by one.
  
  Verdict: RESOLVED. A is slower than B: the difference is real, as its interval excludes zero and it exceeds the noise floor.
  
  Warnings:
    - the program holds 106 MB of live data, more than the caches of many machines; for data that size, where it lies in memory can shift the result by several points in ways the interval does not cover, and differently in the next process; run the comparison in several processes with the multiproc package

checksum 130193311439366
== dirs multi n=4096 valuesFor: ordered vs hashed
A: 81.85 ns per operation (median)
B: 29.03 ns per operation (median)
A needs 181% more time than B: B takes only 0.36 times as long as A.
With 95% confidence the difference lies between 175% and 186% more time (B takes between 0.35 and 0.36 times as long as A).
Noise floor: 1.73%. Identical code measured against itself on this setup can look that different, so smaller differences mean nothing.
Neighbouring measurements are nearly independent (autocorrelation -0.02), so they were resampled one by one.

Verdict: RESOLVED. A is slower than B: the difference is real, as its interval excludes zero and it exceeds the noise floor.

Warnings:
  - the program holds 88 MB of live data, more than the caches of many machines; for data that size, where it lies in memory can shift the result by several points in ways the interval does not cover, and differently in the next process; run the comparison in several processes with the multiproc package

== dirs multi n=4096 valuesFor: ordered vs btree-sets
A: 83.29 ns per operation (median)
B: 156.7 ns per operation (median)
A needs 47.2% less time than B: B takes 1.89 times as long as A.
With 95% confidence the difference lies between 46.1% and 48.6% less time (B takes between 1.86 and 1.95 times as long as A).
Noise floor: 1.58%. Identical code measured against itself on this setup can look that different, so smaller differences mean nothing.
Neighbouring measurements are nearly independent (autocorrelation -0.03), so they were resampled one by one.

Verdict: RESOLVED. A is faster than B: the difference is real, as its interval excludes zero and it exceeds the noise floor.

Warnings:
  - the program holds 106 MB of live data, more than the caches of many machines; for data that size, where it lies in memory can shift the result by several points in ways the interval does not cover, and differently in the next process; run the comparison in several processes with the multiproc package

== dirs multi n=4096 valuesFor: ordered vs map-sets
A: 81.84 ns per operation (median)
B: 71.04 ns per operation (median)
A needs 15.3% more time than B: B takes only 0.87 times as long as A.
With 95% confidence the difference lies between 12.9% and 17.6% more time (B takes between 0.85 and 0.89 times as long as A).
Noise floor: 1.35%. Identical code measured against itself on this setup can look that different, so smaller differences mean nothing.
Neighbouring measurements are nearly independent (autocorrelation -0.01), so they were resampled one by one.

Verdict: RESOLVED. A is slower than B: the difference is real, as its interval excludes zero and it exceeds the noise floor.

Warnings:
  - the program holds 106 MB of live data, more than the caches of many machines; for data that size, where it lies in memory can shift the result by several points in ways the interval does not cover, and differently in the next process; run the comparison in several processes with the multiproc package

== dirs multi n=4096 valuesBetween: ordered vs hashed
A: 2756 ns per operation (median)
B: 5.576e+04 ns per operation (median)
A needs 95.1% less time than B: B takes 20.44 times as long as A.
With 95% confidence the difference lies between 95% and 95.4% less time (B takes between 19.9 and 21.59 times as long as A).
Noise floor: 4.33%. Identical code measured against itself on this setup can look that different, so smaller differences mean nothing.
Neighbouring measurements are nearly independent (autocorrelation -0.01), so they were resampled one by one.

Verdict: RESOLVED. A is faster than B: the difference is real, as its interval excludes zero and it exceeds the noise floor.

Warnings:
  - the program holds 106 MB of live data, more than the caches of many machines; for data that size, where it lies in memory can shift the result by several points in ways the interval does not cover, and differently in the next process; run the comparison in several processes with the multiproc package

== dirs multi n=4096 valuesBetween: ordered vs btree-sets
A: 2606 ns per operation (median)
B: 5332 ns per operation (median)
A needs 51.7% less time than B: B takes 2.07 times as long as A.
With 95% confidence the difference lies between 50.9% and 53.8% less time (B takes between 2.04 and 2.16 times as long as A).
Noise floor: 3.44%. Identical code measured against itself on this setup can look that different, so smaller differences mean nothing.
Neighbouring measurements are nearly independent (autocorrelation -0.08), so they were resampled one by one.

Verdict: RESOLVED. A is faster than B: the difference is real, as its interval excludes zero and it exceeds the noise floor.

Warnings:
  - the program holds 106 MB of live data, more than the caches of many machines; for data that size, where it lies in memory can shift the result by several points in ways the interval does not cover, and differently in the next process; run the comparison in several processes with the multiproc package
  - in 50% of A/A runs this setup reported a difference between identical code, well above the 10% expected; treat any confidence from it with suspicion

== dirs multi n=4096 valuesBetween: ordered vs map-sets
A: 2706 ns per operation (median)
B: 5.645e+04 ns per operation (median)
A needs 95.2% less time than B: B takes 20.85 times as long as A.
With 95% confidence the difference lies between 95.2% and 95.4% less time (B takes between 20.7 and 21.79 times as long as A).
Noise floor: 0.994%. Identical code measured against itself on this setup can look that different, so smaller differences mean nothing.
Neighbouring measurements are nearly independent (autocorrelation +0.04), so they were resampled one by one.

Verdict: RESOLVED. A is faster than B: the difference is real, as its interval excludes zero and it exceeds the noise floor.

Warnings:
  - the program holds 106 MB of live data, more than the caches of many machines; for data that size, where it lies in memory can shift the result by several points in ways the interval does not cover, and differently in the next process; run the comparison in several processes with the multiproc package

== dirs multi n=4096 prefix: ordered vs hashed
A: 2762 ns per operation (median)
B: 5.55e+04 ns per operation (median)
A needs 95% less time than B: B takes 20.13 times as long as A.
With 95% confidence the difference lies between 94.8% and 95.2% less time (B takes between 19.3 and 20.80 times as long as A).
Noise floor: 2.05%. Identical code measured against itself on this setup can look that different, so smaller differences mean nothing.
Neighbouring measurements are nearly independent (autocorrelation +0.02), so they were resampled one by one.

Verdict: RESOLVED. A is faster than B: the difference is real, as its interval excludes zero and it exceeds the noise floor.

Warnings:
  - the program holds 106 MB of live data, more than the caches of many machines; for data that size, where it lies in memory can shift the result by several points in ways the interval does not cover, and differently in the next process; run the comparison in several processes with the multiproc package

== dirs multi n=4096 prefix: ordered vs btree-sets
A: 2716 ns per operation (median)
B: 7242 ns per operation (median)
A needs 63.4% less time than B: B takes 2.73 times as long as A.
With 95% confidence the difference lies between 62.4% and 64.5% less time (B takes between 2.66 and 2.82 times as long as A).
Noise floor: 2.35%. Identical code measured against itself on this setup can look that different, so smaller differences mean nothing.
Neighbouring measurements are nearly independent (autocorrelation -0.05), so they were resampled one by one.

Verdict: RESOLVED. A is faster than B: the difference is real, as its interval excludes zero and it exceeds the noise floor.

Warnings:
  - the program holds 106 MB of live data, more than the caches of many machines; for data that size, where it lies in memory can shift the result by several points in ways the interval does not cover, and differently in the next process; run the comparison in several processes with the multiproc package

== dirs multi n=4096 prefix: ordered vs map-sets
A: 2857 ns per operation (median)
B: 5.846e+04 ns per operation (median)
A needs 95.1% less time than B: B takes 20.44 times as long as A.
With 95% confidence the difference lies between 94.9% and 95.2% less time (B takes between 19.6 and 20.99 times as long as A).
Noise floor: 2.35%. Identical code measured against itself on this setup can look that different, so smaller differences mean nothing.
Neighbouring measurements are nearly independent (autocorrelation +0.07), so they were resampled one by one.

Verdict: RESOLVED. A is faster than B: the difference is real, as its interval excludes zero and it exceeds the noise floor.

Warnings:
  - the program holds 106 MB of live data, more than the caches of many machines; for data that size, where it lies in memory can shift the result by several points in ways the interval does not cover, and differently in the next process; run the comparison in several processes with the multiproc package

== dirs multi n=4096 churn and build: ordered vs hashed
steady state, per insertion or deletion in a structure of 12775 elements (cycle of 33454 operations, first pass untimed):
  A: 146.9 ns per operation (median)
  B: 62.97 ns per operation (median)
  A needs 133% more time than B: B takes only 0.43 times as long as A.
  With 95% confidence the difference lies between 130% and 137% more time (B takes between 0.422 and 0.44 times as long as A).
  Noise floor: 1.23%. Identical code measured against itself on this setup can look that different, so smaller differences mean nothing.
  Neighbouring measurements are nearly independent (autocorrelation -0.01), so they were resampled one by one.
  
  Verdict: RESOLVED. A is slower than B: the difference is real, as its interval excludes zero and it exceeds the noise floor.
  
  Warnings:
    - the program holds 108 MB of live data, more than the caches of many machines; for data that size, where it lies in memory can shift the result by several points in ways the interval does not cover, and differently in the next process; run the comparison in several processes with the multiproc package

build from empty to 12775 elements, per whole build (45983 operations):
  A: 7.201e+06 ns per operation (median)
  B: 3.194e+06 ns per operation (median)
  A needs 127% more time than B: B takes only 0.44 times as long as A.
  With 95% confidence the difference lies between 123% and 128% more time (B takes between 0.438 and 0.45 times as long as A).
  Noise floor: 1.31%. Identical code measured against itself on this setup can look that different, so smaller differences mean nothing.
  Neighbouring measurements are nearly independent (autocorrelation -0.05), so they were resampled one by one.
  
  Verdict: RESOLVED. A is slower than B: the difference is real, as its interval excludes zero and it exceeds the noise floor.
  
  Warnings:
    - the program holds 106 MB of live data, more than the caches of many machines; for data that size, where it lies in memory can shift the result by several points in ways the interval does not cover, and differently in the next process; run the comparison in several processes with the multiproc package
    - in 50% of A/A runs this setup reported a difference between identical code, well above the 10% expected; treat any confidence from it with suspicion

== dirs multi n=4096 churn and build: ordered vs btree-sets
steady state, per insertion or deletion in a structure of 12775 elements (cycle of 33454 operations, first pass untimed):
  A: 150.4 ns per operation (median)
  B: 225.8 ns per operation (median)
  A needs 34% less time than B: B takes 1.51 times as long as A.
  With 95% confidence the difference lies between 31.7% and 35.7% less time (B takes between 1.46 and 1.55 times as long as A).
  Noise floor: 1.58%. Identical code measured against itself on this setup can look that different, so smaller differences mean nothing.
  Neighbouring measurements are nearly independent (autocorrelation +0.03), so they were resampled one by one.
  
  Verdict: RESOLVED. A is faster than B: the difference is real, as its interval excludes zero and it exceeds the noise floor.
  
  Warnings:
    - the program holds 109 MB of live data, more than the caches of many machines; for data that size, where it lies in memory can shift the result by several points in ways the interval does not cover, and differently in the next process; run the comparison in several processes with the multiproc package
    - candidate B drifted during the run: its measurements were 2.1% higher in the second half than in the first, so the machine did not hold still

build from empty to 12775 elements, per whole build (45983 operations):
  A: 7.25e+06 ns per operation (median)
  B: 1.093e+07 ns per operation (median)
  A needs 33.4% less time than B: B takes 1.50 times as long as A.
  With 95% confidence the difference lies between 33% and 34.7% less time (B takes between 1.49 and 1.53 times as long as A).
  Noise floor: 0.719%. Identical code measured against itself on this setup can look that different, so smaller differences mean nothing.
  Neighbouring measurements are nearly independent (autocorrelation -0.32), so they were resampled one by one.
  
  Verdict: RESOLVED. A is faster than B: the difference is real, as its interval excludes zero and it exceeds the noise floor.
  
  Warnings:
    - the program holds 106 MB of live data, more than the caches of many machines; for data that size, where it lies in memory can shift the result by several points in ways the interval does not cover, and differently in the next process; run the comparison in several processes with the multiproc package

== dirs multi n=4096 churn and build: ordered vs map-sets
steady state, per insertion or deletion in a structure of 12775 elements (cycle of 33454 operations, first pass untimed):
  A: 147.1 ns per operation (median)
  B: 73.42 ns per operation (median)
  A needs 101% more time than B: B takes only 0.50 times as long as A.
  With 95% confidence the difference lies between 97.9% and 103% more time (B takes between 0.493 and 0.51 times as long as A).
  Noise floor: 1.03%. Identical code measured against itself on this setup can look that different, so smaller differences mean nothing.
  Neighbouring measurements are correlated (autocorrelation +0.37), so they were resampled in blocks of 3.
  
  Verdict: RESOLVED. A is slower than B: the difference is real, as its interval excludes zero and it exceeds the noise floor.
  
  Warnings:
    - the program holds 109 MB of live data, more than the caches of many machines; for data that size, where it lies in memory can shift the result by several points in ways the interval does not cover, and differently in the next process; run the comparison in several processes with the multiproc package

build from empty to 12775 elements, per whole build (45983 operations):
  A: 7.201e+06 ns per operation (median)
  B: 3.983e+06 ns per operation (median)
  A needs 80.2% more time than B: B takes only 0.56 times as long as A.
  With 95% confidence the difference lies between 77.7% and 92.1% more time (B takes between 0.521 and 0.56 times as long as A).
  Noise floor: 1.57%. Identical code measured against itself on this setup can look that different, so smaller differences mean nothing.
  Neighbouring measurements are nearly independent (autocorrelation -0.11), so they were resampled one by one.
  
  Verdict: RESOLVED. A is slower than B: the difference is real, as its interval excludes zero and it exceeds the noise floor.
  
  Warnings:
    - the program holds 106 MB of live data, more than the caches of many machines; for data that size, where it lies in memory can shift the result by several points in ways the interval does not cover, and differently in the next process; run the comparison in several processes with the multiproc package

checksum 132813796843517
== dirs multi n=4096 valuesFor: ordered vs hashed
A: 82.4 ns per operation (median)
B: 29.51 ns per operation (median)
A needs 178% more time than B: B takes only 0.36 times as long as A.
With 95% confidence the difference lies between 173% and 181% more time (B takes between 0.356 and 0.37 times as long as A).
Noise floor: 1.1%. Identical code measured against itself on this setup can look that different, so smaller differences mean nothing.
Neighbouring measurements are nearly independent (autocorrelation +0.02), so they were resampled one by one.

Verdict: RESOLVED. A is slower than B: the difference is real, as its interval excludes zero and it exceeds the noise floor.

Warnings:
  - the program holds 100 MB of live data, more than the caches of many machines; for data that size, where it lies in memory can shift the result by several points in ways the interval does not cover, and differently in the next process; run the comparison in several processes with the multiproc package
  - in 50% of A/A runs this setup reported a difference between identical code, well above the 10% expected; treat any confidence from it with suspicion

== dirs multi n=4096 valuesFor: ordered vs btree-sets
A: 85.25 ns per operation (median)
B: 159.7 ns per operation (median)
A needs 46.1% less time than B: B takes 1.86 times as long as A.
With 95% confidence the difference lies between 45.4% and 46.8% less time (B takes between 1.83 and 1.88 times as long as A).
Noise floor: 1.64%. Identical code measured against itself on this setup can look that different, so smaller differences mean nothing.
Neighbouring measurements are nearly independent (autocorrelation +0.01), so they were resampled one by one.

Verdict: RESOLVED. A is faster than B: the difference is real, as its interval excludes zero and it exceeds the noise floor.

Warnings:
  - the program holds 100 MB of live data, more than the caches of many machines; for data that size, where it lies in memory can shift the result by several points in ways the interval does not cover, and differently in the next process; run the comparison in several processes with the multiproc package
  - in 50% of A/A runs this setup reported a difference between identical code, well above the 10% expected; treat any confidence from it with suspicion

== dirs multi n=4096 valuesFor: ordered vs map-sets
A: 82.7 ns per operation (median)
B: 72.23 ns per operation (median)
A needs 14.2% more time than B: B takes only 0.88 times as long as A.
With 95% confidence the difference lies between 12.7% and 15.9% more time (B takes between 0.863 and 0.89 times as long as A).
Noise floor: 2.32%. Identical code measured against itself on this setup can look that different, so smaller differences mean nothing.
Neighbouring measurements are nearly independent (autocorrelation +0.12), so they were resampled one by one.

Verdict: RESOLVED. A is slower than B: the difference is real, as its interval excludes zero and it exceeds the noise floor.

Warnings:
  - the program holds 100 MB of live data, more than the caches of many machines; for data that size, where it lies in memory can shift the result by several points in ways the interval does not cover, and differently in the next process; run the comparison in several processes with the multiproc package

== dirs multi n=4096 valuesBetween: ordered vs hashed
A: 2771 ns per operation (median)
B: 5.624e+04 ns per operation (median)
A needs 95.1% less time than B: B takes 20.47 times as long as A.
With 95% confidence the difference lies between 95% and 95.3% less time (B takes between 19.9 and 21.38 times as long as A).
Noise floor: 4.41%. Identical code measured against itself on this setup can look that different, so smaller differences mean nothing.
Neighbouring measurements are nearly independent (autocorrelation +0.02), so they were resampled one by one.

Verdict: RESOLVED. A is faster than B: the difference is real, as its interval excludes zero and it exceeds the noise floor.

Warnings:
  - the program holds 100 MB of live data, more than the caches of many machines; for data that size, where it lies in memory can shift the result by several points in ways the interval does not cover, and differently in the next process; run the comparison in several processes with the multiproc package

== dirs multi n=4096 valuesBetween: ordered vs btree-sets
A: 2659 ns per operation (median)
B: 5400 ns per operation (median)
A needs 50.8% less time than B: B takes 2.03 times as long as A.
With 95% confidence the difference lies between 49.9% and 53.5% less time (B takes between 2 and 2.15 times as long as A).
Noise floor: 1.16%. Identical code measured against itself on this setup can look that different, so smaller differences mean nothing.
Neighbouring measurements are nearly independent (autocorrelation -0.19), so they were resampled one by one.

Verdict: RESOLVED. A is faster than B: the difference is real, as its interval excludes zero and it exceeds the noise floor.

Warnings:
  - the program holds 100 MB of live data, more than the caches of many machines; for data that size, where it lies in memory can shift the result by several points in ways the interval does not cover, and differently in the next process; run the comparison in several processes with the multiproc package

== dirs multi n=4096 valuesBetween: ordered vs map-sets
A: 2704 ns per operation (median)
B: 5.7e+04 ns per operation (median)
A needs 95.3% less time than B: B takes 21.27 times as long as A.
With 95% confidence the difference lies between 95.1% and 95.4% less time (B takes between 20.5 and 21.83 times as long as A).
Noise floor: 2.13%. Identical code measured against itself on this setup can look that different, so smaller differences mean nothing.
Neighbouring measurements are nearly independent (autocorrelation -0.06), so they were resampled one by one.

Verdict: RESOLVED. A is faster than B: the difference is real, as its interval excludes zero and it exceeds the noise floor.

Warnings:
  - the program holds 100 MB of live data, more than the caches of many machines; for data that size, where it lies in memory can shift the result by several points in ways the interval does not cover, and differently in the next process; run the comparison in several processes with the multiproc package

== dirs multi n=4096 prefix: ordered vs hashed
A: 2745 ns per operation (median)
B: 5.571e+04 ns per operation (median)
A needs 95.2% less time than B: B takes 20.64 times as long as A.
With 95% confidence the difference lies between 94.6% and 95.3% less time (B takes between 18.7 and 21.35 times as long as A).
Noise floor: 2.14%. Identical code measured against itself on this setup can look that different, so smaller differences mean nothing.
Neighbouring measurements are nearly independent (autocorrelation -0.11), so they were resampled one by one.

Verdict: RESOLVED. A is faster than B: the difference is real, as its interval excludes zero and it exceeds the noise floor.

Warnings:
  - the program holds 100 MB of live data, more than the caches of many machines; for data that size, where it lies in memory can shift the result by several points in ways the interval does not cover, and differently in the next process; run the comparison in several processes with the multiproc package
  - in 50% of A/A runs this setup reported a difference between identical code, well above the 10% expected; treat any confidence from it with suspicion

== dirs multi n=4096 prefix: ordered vs btree-sets
A: 2774 ns per operation (median)
B: 7418 ns per operation (median)
A needs 63.8% less time than B: B takes 2.76 times as long as A.
With 95% confidence the difference lies between 60.7% and 64.9% less time (B takes between 2.54 and 2.85 times as long as A).
Noise floor: 1.64%. Identical code measured against itself on this setup can look that different, so smaller differences mean nothing.
Neighbouring measurements are nearly independent (autocorrelation +0.01), so they were resampled one by one.

Verdict: RESOLVED. A is faster than B: the difference is real, as its interval excludes zero and it exceeds the noise floor.

Warnings:
  - the program holds 100 MB of live data, more than the caches of many machines; for data that size, where it lies in memory can shift the result by several points in ways the interval does not cover, and differently in the next process; run the comparison in several processes with the multiproc package

== dirs multi n=4096 prefix: ordered vs map-sets
A: 2877 ns per operation (median)
B: 5.873e+04 ns per operation (median)
A needs 95.1% less time than B: B takes 20.61 times as long as A.
With 95% confidence the difference lies between 95% and 95.4% less time (B takes between 19.9 and 21.69 times as long as A).
Noise floor: 3.22%. Identical code measured against itself on this setup can look that different, so smaller differences mean nothing.
Neighbouring measurements are nearly independent (autocorrelation +0.05), so they were resampled one by one.

Verdict: RESOLVED. A is faster than B: the difference is real, as its interval excludes zero and it exceeds the noise floor.

Warnings:
  - the program holds 100 MB of live data, more than the caches of many machines; for data that size, where it lies in memory can shift the result by several points in ways the interval does not cover, and differently in the next process; run the comparison in several processes with the multiproc package
  - in 50% of A/A runs this setup reported a difference between identical code, well above the 10% expected; treat any confidence from it with suspicion

== dirs multi n=4096 churn and build: ordered vs hashed
steady state, per insertion or deletion in a structure of 12775 elements (cycle of 33454 operations, first pass untimed):
  A: 145.3 ns per operation (median)
  B: 62.11 ns per operation (median)
  A needs 133% more time than B: B takes only 0.43 times as long as A.
  With 95% confidence the difference lies between 128% and 138% more time (B takes between 0.419 and 0.44 times as long as A).
  Noise floor: 2.22%. Identical code measured against itself on this setup can look that different, so smaller differences mean nothing.
  Neighbouring measurements are nearly independent (autocorrelation -0.08), so they were resampled one by one.
  
  Verdict: RESOLVED. A is slower than B: the difference is real, as its interval excludes zero and it exceeds the noise floor.
  
  Warnings:
    - the program holds 108 MB of live data, more than the caches of many machines; for data that size, where it lies in memory can shift the result by several points in ways the interval does not cover, and differently in the next process; run the comparison in several processes with the multiproc package

build from empty to 12775 elements, per whole build (45983 operations):
  A: 7.085e+06 ns per operation (median)
  B: 3.12e+06 ns per operation (median)
  A needs 123% more time than B: B takes only 0.45 times as long as A.
  With 95% confidence the difference lies between 120% and 136% more time (B takes between 0.424 and 0.45 times as long as A).
  Noise floor: 1.88%. Identical code measured against itself on this setup can look that different, so smaller differences mean nothing.
  Neighbouring measurements are nearly independent (autocorrelation -0.04), so they were resampled one by one.
  
  Verdict: RESOLVED. A is slower than B: the difference is real, as its interval excludes zero and it exceeds the noise floor.
  
  Warnings:
    - the program holds 106 MB of live data, more than the caches of many machines; for data that size, where it lies in memory can shift the result by several points in ways the interval does not cover, and differently in the next process; run the comparison in several processes with the multiproc package

== dirs multi n=4096 churn and build: ordered vs btree-sets
steady state, per insertion or deletion in a structure of 12775 elements (cycle of 33454 operations, first pass untimed):
  A: 149.3 ns per operation (median)
  B: 225.2 ns per operation (median)
  A needs 34.1% less time than B: B takes 1.52 times as long as A.
  With 95% confidence the difference lies between 32.9% and 35.4% less time (B takes between 1.49 and 1.55 times as long as A).
  Noise floor: 3.63%. Identical code measured against itself on this setup can look that different, so smaller differences mean nothing.
  Neighbouring measurements are nearly independent (autocorrelation +0.10), so they were resampled one by one.
  
  Verdict: RESOLVED. A is faster than B: the difference is real, as its interval excludes zero and it exceeds the noise floor.
  
  Warnings:
    - the program holds 109 MB of live data, more than the caches of many machines; for data that size, where it lies in memory can shift the result by several points in ways the interval does not cover, and differently in the next process; run the comparison in several processes with the multiproc package
    - in 50% of A/A runs this setup reported a difference between identical code, well above the 10% expected; treat any confidence from it with suspicion

build from empty to 12775 elements, per whole build (45983 operations):
  A: 7.091e+06 ns per operation (median)
  B: 1.078e+07 ns per operation (median)
  A needs 33.6% less time than B: B takes 1.51 times as long as A.
  With 95% confidence the difference lies between 32.9% and 35.7% less time (B takes between 1.49 and 1.55 times as long as A).
  Noise floor: 0.928%. Identical code measured against itself on this setup can look that different, so smaller differences mean nothing.
  Neighbouring measurements are nearly independent (autocorrelation -0.20), so they were resampled one by one.
  
  Verdict: RESOLVED. A is faster than B: the difference is real, as its interval excludes zero and it exceeds the noise floor.
  
  Warnings:
    - the program holds 106 MB of live data, more than the caches of many machines; for data that size, where it lies in memory can shift the result by several points in ways the interval does not cover, and differently in the next process; run the comparison in several processes with the multiproc package

== dirs multi n=4096 churn and build: ordered vs map-sets
steady state, per insertion or deletion in a structure of 12775 elements (cycle of 33454 operations, first pass untimed):
  A: 146.2 ns per operation (median)
  B: 72.77 ns per operation (median)
  A needs 101% more time than B: B takes only 0.50 times as long as A.
  With 95% confidence the difference lies between 98.7% and 108% more time (B takes between 0.481 and 0.50 times as long as A).
  Noise floor: 1.31%. Identical code measured against itself on this setup can look that different, so smaller differences mean nothing.
  Neighbouring measurements are nearly independent (autocorrelation +0.11), so they were resampled one by one.
  
  Verdict: RESOLVED. A is slower than B: the difference is real, as its interval excludes zero and it exceeds the noise floor.
  
  Warnings:
    - the program holds 109 MB of live data, more than the caches of many machines; for data that size, where it lies in memory can shift the result by several points in ways the interval does not cover, and differently in the next process; run the comparison in several processes with the multiproc package
    - 6.1% of bootstrap replicates tied, so the measurement is coarse relative to the question; lower CollectOptions.MaxQuantizationError to lengthen the batches

build from empty to 12775 elements, per whole build (45983 operations):
  A: 7.055e+06 ns per operation (median)
  B: 3.733e+06 ns per operation (median)
  A needs 86% more time than B: B takes only 0.54 times as long as A.
  With 95% confidence the difference lies between 81% and 96.7% more time (B takes between 0.508 and 0.55 times as long as A).
  Noise floor: 4.97%. Identical code measured against itself on this setup can look that different, so smaller differences mean nothing.
  Neighbouring measurements are nearly independent (autocorrelation -0.13), so they were resampled one by one.
  
  Verdict: RESOLVED. A is slower than B: the difference is real, as its interval excludes zero and it exceeds the noise floor.
  
  Warnings:
    - the program holds 106 MB of live data, more than the caches of many machines; for data that size, where it lies in memory can shift the result by several points in ways the interval does not cover, and differently in the next process; run the comparison in several processes with the multiproc package

checksum 129145268396657
== dirs multi n=4096 valuesFor: ordered vs hashed
A: 81.27 ns per operation (median)
B: 29.43 ns per operation (median)
A needs 177% more time than B: B takes only 0.36 times as long as A.
With 95% confidence the difference lies between 173% and 180% more time (B takes between 0.358 and 0.37 times as long as A).
Noise floor: 1.87%. Identical code measured against itself on this setup can look that different, so smaller differences mean nothing.
Neighbouring measurements are nearly independent (autocorrelation +0.10), so they were resampled one by one.

Verdict: RESOLVED. A is slower than B: the difference is real, as its interval excludes zero and it exceeds the noise floor.

Warnings:
  - the program holds 91 MB of live data, more than the caches of many machines; for data that size, where it lies in memory can shift the result by several points in ways the interval does not cover, and differently in the next process; run the comparison in several processes with the multiproc package
  - in 50% of A/A runs this setup reported a difference between identical code, well above the 10% expected; treat any confidence from it with suspicion

== dirs multi n=4096 valuesFor: ordered vs btree-sets
A: 83.48 ns per operation (median)
B: 156.6 ns per operation (median)
A needs 46.5% less time than B: B takes 1.87 times as long as A.
With 95% confidence the difference lies between 45.8% and 48.1% less time (B takes between 1.85 and 1.93 times as long as A).
Noise floor: 1.54%. Identical code measured against itself on this setup can look that different, so smaller differences mean nothing.
Neighbouring measurements are nearly independent (autocorrelation -0.03), so they were resampled one by one.

Verdict: RESOLVED. A is faster than B: the difference is real, as its interval excludes zero and it exceeds the noise floor.

Warnings:
  - the program holds 91 MB of live data, more than the caches of many machines; for data that size, where it lies in memory can shift the result by several points in ways the interval does not cover, and differently in the next process; run the comparison in several processes with the multiproc package

== dirs multi n=4096 valuesFor: ordered vs map-sets
A: 81.55 ns per operation (median)
B: 70.64 ns per operation (median)
A needs 16.5% more time than B: B takes only 0.86 times as long as A.
With 95% confidence the difference lies between 14.9% and 18.1% more time (B takes between 0.847 and 0.87 times as long as A).
Noise floor: 0.913%. Identical code measured against itself on this setup can look that different, so smaller differences mean nothing.
Neighbouring measurements are nearly independent (autocorrelation -0.07), so they were resampled one by one.

Verdict: RESOLVED. A is slower than B: the difference is real, as its interval excludes zero and it exceeds the noise floor.

Warnings:
  - the program holds 91 MB of live data, more than the caches of many machines; for data that size, where it lies in memory can shift the result by several points in ways the interval does not cover, and differently in the next process; run the comparison in several processes with the multiproc package
  - the ratio B/A was 3.33% higher in the second half of the run than in the first, so the candidates had not reached a steady state and the difference depends on how long the run was; a common cause is a head start for whichever candidate ran alone last before the comparison or had its data built last, which a longer CollectOptions.WarmupDuration removes

== dirs multi n=4096 valuesBetween: ordered vs hashed
A: 2711 ns per operation (median)
B: 5.65e+04 ns per operation (median)
A needs 95.2% less time than B: B takes 20.89 times as long as A.
With 95% confidence the difference lies between 95.1% and 95.3% less time (B takes between 20.5 and 21.25 times as long as A).
Noise floor: 2.9%. Identical code measured against itself on this setup can look that different, so smaller differences mean nothing.
Neighbouring measurements are nearly independent (autocorrelation -0.00), so they were resampled one by one.

Verdict: RESOLVED. A is faster than B: the difference is real, as its interval excludes zero and it exceeds the noise floor.

Warnings:
  - the program holds 91 MB of live data, more than the caches of many machines; for data that size, where it lies in memory can shift the result by several points in ways the interval does not cover, and differently in the next process; run the comparison in several processes with the multiproc package

== dirs multi n=4096 valuesBetween: ordered vs btree-sets
A: 2630 ns per operation (median)
B: 5333 ns per operation (median)
A needs 50.6% less time than B: B takes 2.02 times as long as A.
With 95% confidence the difference lies between 49.7% and 53% less time (B takes between 1.99 and 2.13 times as long as A).
Noise floor: 1.43%. Identical code measured against itself on this setup can look that different, so smaller differences mean nothing.
Neighbouring measurements are nearly independent (autocorrelation -0.06), so they were resampled one by one.

Verdict: RESOLVED. A is faster than B: the difference is real, as its interval excludes zero and it exceeds the noise floor.

Warnings:
  - the program holds 106 MB of live data, more than the caches of many machines; for data that size, where it lies in memory can shift the result by several points in ways the interval does not cover, and differently in the next process; run the comparison in several processes with the multiproc package

== dirs multi n=4096 valuesBetween: ordered vs map-sets
A: 2688 ns per operation (median)
B: 5.646e+04 ns per operation (median)
A needs 95.2% less time than B: B takes 20.98 times as long as A.
With 95% confidence the difference lies between 95.2% and 95.4% less time (B takes between 20.8 and 21.69 times as long as A).
Noise floor: 3.24%. Identical code measured against itself on this setup can look that different, so smaller differences mean nothing.
Neighbouring measurements are nearly independent (autocorrelation -0.03), so they were resampled one by one.

Verdict: RESOLVED. A is faster than B: the difference is real, as its interval excludes zero and it exceeds the noise floor.

Warnings:
  - the program holds 106 MB of live data, more than the caches of many machines; for data that size, where it lies in memory can shift the result by several points in ways the interval does not cover, and differently in the next process; run the comparison in several processes with the multiproc package
  - in 50% of A/A runs this setup reported a difference between identical code, well above the 10% expected; treat any confidence from it with suspicion

== dirs multi n=4096 prefix: ordered vs hashed
A: 2835 ns per operation (median)
B: 5.62e+04 ns per operation (median)
A needs 95% less time than B: B takes 19.83 times as long as A.
With 95% confidence the difference lies between 94.8% and 95.2% less time (B takes between 19.4 and 20.77 times as long as A).
Noise floor: 5.37%. Identical code measured against itself on this setup can look that different, so smaller differences mean nothing.
Neighbouring measurements are nearly independent (autocorrelation +0.00), so they were resampled one by one.

Verdict: RESOLVED. A is faster than B: the difference is real, as its interval excludes zero and it exceeds the noise floor.

Warnings:
  - the program holds 106 MB of live data, more than the caches of many machines; for data that size, where it lies in memory can shift the result by several points in ways the interval does not cover, and differently in the next process; run the comparison in several processes with the multiproc package
  - in 50% of A/A runs this setup reported a difference between identical code, well above the 10% expected; treat any confidence from it with suspicion

== dirs multi n=4096 prefix: ordered vs btree-sets
A: 2793 ns per operation (median)
B: 7383 ns per operation (median)
A needs 61.1% less time than B: B takes 2.57 times as long as A.
With 95% confidence the difference lies between 59.3% and 63.4% less time (B takes between 2.46 and 2.73 times as long as A).
Noise floor: 3.59%. Identical code measured against itself on this setup can look that different, so smaller differences mean nothing.
Neighbouring measurements are nearly independent (autocorrelation +0.00), so they were resampled one by one.

Verdict: RESOLVED. A is faster than B: the difference is real, as its interval excludes zero and it exceeds the noise floor.

Warnings:
  - the program holds 106 MB of live data, more than the caches of many machines; for data that size, where it lies in memory can shift the result by several points in ways the interval does not cover, and differently in the next process; run the comparison in several processes with the multiproc package

== dirs multi n=4096 prefix: ordered vs map-sets
A: 2805 ns per operation (median)
B: 5.823e+04 ns per operation (median)
A needs 95.2% less time than B: B takes 20.69 times as long as A.
With 95% confidence the difference lies between 94.9% and 95.4% less time (B takes between 19.6 and 21.77 times as long as A).
Noise floor: 1.05%. Identical code measured against itself on this setup can look that different, so smaller differences mean nothing.
Neighbouring measurements are nearly independent (autocorrelation +0.02), so they were resampled one by one.

Verdict: RESOLVED. A is faster than B: the difference is real, as its interval excludes zero and it exceeds the noise floor.

Warnings:
  - the program holds 106 MB of live data, more than the caches of many machines; for data that size, where it lies in memory can shift the result by several points in ways the interval does not cover, and differently in the next process; run the comparison in several processes with the multiproc package

== dirs multi n=4096 churn and build: ordered vs hashed
steady state, per insertion or deletion in a structure of 12775 elements (cycle of 33454 operations, first pass untimed):
  A: 147.5 ns per operation (median)
  B: 63.69 ns per operation (median)
  A needs 130% more time than B: B takes only 0.43 times as long as A.
  With 95% confidence the difference lies between 127% and 135% more time (B takes between 0.426 and 0.44 times as long as A).
  Noise floor: 0.634%. Identical code measured against itself on this setup can look that different, so smaller differences mean nothing.
  Neighbouring measurements are nearly independent (autocorrelation +0.12), so they were resampled one by one.
  
  Verdict: RESOLVED. A is slower than B: the difference is real, as its interval excludes zero and it exceeds the noise floor.
  
  Warnings:
    - the program holds 108 MB of live data, more than the caches of many machines; for data that size, where it lies in memory can shift the result by several points in ways the interval does not cover, and differently in the next process; run the comparison in several processes with the multiproc package

build from empty to 12775 elements, per whole build (45983 operations):
  A: 7.19e+06 ns per operation (median)
  B: 3.129e+06 ns per operation (median)
  A needs 129% more time than B: B takes only 0.44 times as long as A.
  With 95% confidence the difference lies between 125% and 133% more time (B takes between 0.43 and 0.44 times as long as A).
  Noise floor: 2.47%. Identical code measured against itself on this setup can look that different, so smaller differences mean nothing.
  Neighbouring measurements are nearly independent (autocorrelation -0.03), so they were resampled one by one.
  
  Verdict: RESOLVED. A is slower than B: the difference is real, as its interval excludes zero and it exceeds the noise floor.
  
  Warnings:
    - the program holds 106 MB of live data, more than the caches of many machines; for data that size, where it lies in memory can shift the result by several points in ways the interval does not cover, and differently in the next process; run the comparison in several processes with the multiproc package
    - in 50% of A/A runs this setup reported a difference between identical code, well above the 10% expected; treat any confidence from it with suspicion

== dirs multi n=4096 churn and build: ordered vs btree-sets
steady state, per insertion or deletion in a structure of 12775 elements (cycle of 33454 operations, first pass untimed):
  A: 152.7 ns per operation (median)
  B: 229.8 ns per operation (median)
  A needs 33.9% less time than B: B takes 1.51 times as long as A.
  With 95% confidence the difference lies between 32.1% and 35.5% less time (B takes between 1.47 and 1.55 times as long as A).
  Noise floor: 2.13%. Identical code measured against itself on this setup can look that different, so smaller differences mean nothing.
  Neighbouring measurements are nearly independent (autocorrelation +0.13), so they were resampled one by one.
  
  Verdict: RESOLVED. A is faster than B: the difference is real, as its interval excludes zero and it exceeds the noise floor.
  
  Warnings:
    - the program holds 109 MB of live data, more than the caches of many machines; for data that size, where it lies in memory can shift the result by several points in ways the interval does not cover, and differently in the next process; run the comparison in several processes with the multiproc package

build from empty to 12775 elements, per whole build (45983 operations):
  A: 7.2e+06 ns per operation (median)
  B: 1.088e+07 ns per operation (median)
  A needs 34% less time than B: B takes 1.52 times as long as A.
  With 95% confidence the difference lies between 31% and 35.2% less time (B takes between 1.45 and 1.54 times as long as A).
  Noise floor: 1.35%. Identical code measured against itself on this setup can look that different, so smaller differences mean nothing.
  Neighbouring measurements are nearly independent (autocorrelation -0.16), so they were resampled one by one.
  
  Verdict: RESOLVED. A is faster than B: the difference is real, as its interval excludes zero and it exceeds the noise floor.
  
  Warnings:
    - the program holds 106 MB of live data, more than the caches of many machines; for data that size, where it lies in memory can shift the result by several points in ways the interval does not cover, and differently in the next process; run the comparison in several processes with the multiproc package

== dirs multi n=4096 churn and build: ordered vs map-sets
steady state, per insertion or deletion in a structure of 12775 elements (cycle of 33454 operations, first pass untimed):
  A: 147.3 ns per operation (median)
  B: 72.45 ns per operation (median)
  A needs 106% more time than B: B takes only 0.49 times as long as A.
  With 95% confidence the difference lies between 103% and 110% more time (B takes between 0.477 and 0.49 times as long as A).
  Noise floor: 1.13%. Identical code measured against itself on this setup can look that different, so smaller differences mean nothing.
  Neighbouring measurements are nearly independent (autocorrelation +0.18), so they were resampled one by one.
  
  Verdict: RESOLVED. A is slower than B: the difference is real, as its interval excludes zero and it exceeds the noise floor.
  
  Warnings:
    - the program holds 109 MB of live data, more than the caches of many machines; for data that size, where it lies in memory can shift the result by several points in ways the interval does not cover, and differently in the next process; run the comparison in several processes with the multiproc package

build from empty to 12775 elements, per whole build (45983 operations):
  A: 7.236e+06 ns per operation (median)
  B: 3.841e+06 ns per operation (median)
  A needs 86.6% more time than B: B takes only 0.54 times as long as A.
  With 95% confidence the difference lies between 82.8% and 98.9% more time (B takes between 0.503 and 0.55 times as long as A).
  Noise floor: 4.13%. Identical code measured against itself on this setup can look that different, so smaller differences mean nothing.
  Neighbouring measurements are nearly independent (autocorrelation -0.20), so they were resampled one by one.
  
  Verdict: RESOLVED. A is slower than B: the difference is real, as its interval excludes zero and it exceeds the noise floor.
  
  Warnings:
    - the program holds 106 MB of live data, more than the caches of many machines; for data that size, where it lies in memory can shift the result by several points in ways the interval does not cover, and differently in the next process; run the comparison in several processes with the multiproc package

checksum 134655651168369
== dirs multi n=4096 valuesFor: ordered vs hashed
A: 81.13 ns per operation (median)
B: 29.32 ns per operation (median)
A needs 175% more time than B: B takes only 0.36 times as long as A.
With 95% confidence the difference lies between 172% and 180% more time (B takes between 0.357 and 0.37 times as long as A).
Noise floor: 1.57%. Identical code measured against itself on this setup can look that different, so smaller differences mean nothing.
Neighbouring measurements are nearly independent (autocorrelation -0.06), so they were resampled one by one.

Verdict: RESOLVED. A is slower than B: the difference is real, as its interval excludes zero and it exceeds the noise floor.

Warnings:
  - the program holds 107 MB of live data, more than the caches of many machines; for data that size, where it lies in memory can shift the result by several points in ways the interval does not cover, and differently in the next process; run the comparison in several processes with the multiproc package
  - in 50% of A/A runs this setup reported a difference between identical code, well above the 10% expected; treat any confidence from it with suspicion

== dirs multi n=4096 valuesFor: ordered vs btree-sets
A: 82.5 ns per operation (median)
B: 160.2 ns per operation (median)
A needs 49.1% less time than B: B takes 1.96 times as long as A.
With 95% confidence the difference lies between 47.1% and 49.8% less time (B takes between 1.89 and 1.99 times as long as A).
Noise floor: 1.83%. Identical code measured against itself on this setup can look that different, so smaller differences mean nothing.
Neighbouring measurements are nearly independent (autocorrelation -0.03), so they were resampled one by one.

Verdict: RESOLVED. A is faster than B: the difference is real, as its interval excludes zero and it exceeds the noise floor.

Warnings:
  - the program holds 107 MB of live data, more than the caches of many machines; for data that size, where it lies in memory can shift the result by several points in ways the interval does not cover, and differently in the next process; run the comparison in several processes with the multiproc package

== dirs multi n=4096 valuesFor: ordered vs map-sets
A: 81.73 ns per operation (median)
B: 72.16 ns per operation (median)
A needs 13.6% more time than B: B takes only 0.88 times as long as A.
With 95% confidence the difference lies between 11.6% and 15.4% more time (B takes between 0.867 and 0.90 times as long as A).
Noise floor: 2.16%. Identical code measured against itself on this setup can look that different, so smaller differences mean nothing.
Neighbouring measurements are nearly independent (autocorrelation -0.03), so they were resampled one by one.

Verdict: RESOLVED. A is slower than B: the difference is real, as its interval excludes zero and it exceeds the noise floor.

Warnings:
  - the program holds 107 MB of live data, more than the caches of many machines; for data that size, where it lies in memory can shift the result by several points in ways the interval does not cover, and differently in the next process; run the comparison in several processes with the multiproc package
  - in 50% of A/A runs this setup reported a difference between identical code, well above the 10% expected; treat any confidence from it with suspicion

== dirs multi n=4096 valuesBetween: ordered vs hashed
A: 2755 ns per operation (median)
B: 5.623e+04 ns per operation (median)
A needs 95.1% less time than B: B takes 20.43 times as long as A.
With 95% confidence the difference lies between 95% and 95.2% less time (B takes between 20 and 20.83 times as long as A).
Noise floor: 2.12%. Identical code measured against itself on this setup can look that different, so smaller differences mean nothing.
Neighbouring measurements are nearly independent (autocorrelation +0.11), so they were resampled one by one.

Verdict: RESOLVED. A is faster than B: the difference is real, as its interval excludes zero and it exceeds the noise floor.

Warnings:
  - the program holds 107 MB of live data, more than the caches of many machines; for data that size, where it lies in memory can shift the result by several points in ways the interval does not cover, and differently in the next process; run the comparison in several processes with the multiproc package

== dirs multi n=4096 valuesBetween: ordered vs btree-sets
A: 2681 ns per operation (median)
B: 5402 ns per operation (median)
A needs 50.6% less time than B: B takes 2.02 times as long as A.
With 95% confidence the difference lies between 50% and 52.4% less time (B takes between 2 and 2.10 times as long as A).
Noise floor: 3.28%. Identical code measured against itself on this setup can look that different, so smaller differences mean nothing.
Neighbouring measurements are nearly independent (autocorrelation +0.03), so they were resampled one by one.

Verdict: RESOLVED. A is faster than B: the difference is real, as its interval excludes zero and it exceeds the noise floor.

Warnings:
  - the program holds 107 MB of live data, more than the caches of many machines; for data that size, where it lies in memory can shift the result by several points in ways the interval does not cover, and differently in the next process; run the comparison in several processes with the multiproc package

== dirs multi n=4096 valuesBetween: ordered vs map-sets
A: 2776 ns per operation (median)
B: 5.653e+04 ns per operation (median)
A needs 95.1% less time than B: B takes 20.34 times as long as A.
With 95% confidence the difference lies between 95% and 95.3% less time (B takes between 20 and 21.18 times as long as A).
Noise floor: 5.15%. Identical code measured against itself on this setup can look that different, so smaller differences mean nothing.
Neighbouring measurements are nearly independent (autocorrelation -0.03), so they were resampled one by one.

Verdict: RESOLVED. A is faster than B: the difference is real, as its interval excludes zero and it exceeds the noise floor.

Warnings:
  - the program holds 107 MB of live data, more than the caches of many machines; for data that size, where it lies in memory can shift the result by several points in ways the interval does not cover, and differently in the next process; run the comparison in several processes with the multiproc package

== dirs multi n=4096 prefix: ordered vs hashed
A: 2862 ns per operation (median)
B: 5.566e+04 ns per operation (median)
A needs 94.9% less time than B: B takes 19.70 times as long as A.
With 95% confidence the difference lies between 94.7% and 95.1% less time (B takes between 18.9 and 20.45 times as long as A).
Noise floor: 5.98%. Identical code measured against itself on this setup can look that different, so smaller differences mean nothing.
Neighbouring measurements are nearly independent (autocorrelation -0.11), so they were resampled one by one.

Verdict: RESOLVED. A is faster than B: the difference is real, as its interval excludes zero and it exceeds the noise floor.

Warnings:
  - the program holds 107 MB of live data, more than the caches of many machines; for data that size, where it lies in memory can shift the result by several points in ways the interval does not cover, and differently in the next process; run the comparison in several processes with the multiproc package
  - in 50% of A/A runs this setup reported a difference between identical code, well above the 10% expected; treat any confidence from it with suspicion

== dirs multi n=4096 prefix: ordered vs btree-sets
A: 2747 ns per operation (median)
B: 7440 ns per operation (median)
A needs 63% less time than B: B takes 2.70 times as long as A.
With 95% confidence the difference lies between 61.7% and 64.4% less time (B takes between 2.61 and 2.81 times as long as A).
Noise floor: 3.07%. Identical code measured against itself on this setup can look that different, so smaller differences mean nothing.
Neighbouring measurements are nearly independent (autocorrelation +0.08), so they were resampled one by one.

Verdict: RESOLVED. A is faster than B: the difference is real, as its interval excludes zero and it exceeds the noise floor.

Warnings:
  - the program holds 107 MB of live data, more than the caches of many machines; for data that size, where it lies in memory can shift the result by several points in ways the interval does not cover, and differently in the next process; run the comparison in several processes with the multiproc package

== dirs multi n=4096 prefix: ordered vs map-sets
A: 2781 ns per operation (median)
B: 5.838e+04 ns per operation (median)
A needs 95.2% less time than B: B takes 20.96 times as long as A.
With 95% confidence the difference lies between 94.9% and 95.4% less time (B takes between 19.7 and 21.57 times as long as A).
Noise floor: 5.59%. Identical code measured against itself on this setup can look that different, so smaller differences mean nothing.
Neighbouring measurements are nearly independent (autocorrelation -0.06), so they were resampled one by one.

Verdict: RESOLVED. A is faster than B: the difference is real, as its interval excludes zero and it exceeds the noise floor.

Warnings:
  - the program holds 107 MB of live data, more than the caches of many machines; for data that size, where it lies in memory can shift the result by several points in ways the interval does not cover, and differently in the next process; run the comparison in several processes with the multiproc package

== dirs multi n=4096 churn and build: ordered vs hashed
steady state, per insertion or deletion in a structure of 12775 elements (cycle of 33454 operations, first pass untimed):
  A: 146.7 ns per operation (median)
  B: 62.75 ns per operation (median)
  A needs 135% more time than B: B takes only 0.43 times as long as A.
  With 95% confidence the difference lies between 130% and 138% more time (B takes between 0.42 and 0.44 times as long as A).
  Noise floor: 1.02%. Identical code measured against itself on this setup can look that different, so smaller differences mean nothing.
  Neighbouring measurements are nearly independent (autocorrelation +0.01), so they were resampled one by one.
  
  Verdict: RESOLVED. A is slower than B: the difference is real, as its interval excludes zero and it exceeds the noise floor.
  
  Warnings:
    - the program holds 108 MB of live data, more than the caches of many machines; for data that size, where it lies in memory can shift the result by several points in ways the interval does not cover, and differently in the next process; run the comparison in several processes with the multiproc package

build from empty to 12775 elements, per whole build (45983 operations):
  A: 7.143e+06 ns per operation (median)
  B: 3.124e+06 ns per operation (median)
  A needs 129% more time than B: B takes only 0.44 times as long as A.
  With 95% confidence the difference lies between 128% and 133% more time (B takes between 0.428 and 0.44 times as long as A).
  Noise floor: 1.16%. Identical code measured against itself on this setup can look that different, so smaller differences mean nothing.
  Neighbouring measurements are nearly independent (autocorrelation -0.01), so they were resampled one by one.
  
  Verdict: RESOLVED. A is slower than B: the difference is real, as its interval excludes zero and it exceeds the noise floor.
  
  Warnings:
    - the program holds 106 MB of live data, more than the caches of many machines; for data that size, where it lies in memory can shift the result by several points in ways the interval does not cover, and differently in the next process; run the comparison in several processes with the multiproc package

== dirs multi n=4096 churn and build: ordered vs btree-sets
steady state, per insertion or deletion in a structure of 12775 elements (cycle of 33454 operations, first pass untimed):
  A: 150.2 ns per operation (median)
  B: 225.4 ns per operation (median)
  A needs 33.8% less time than B: B takes 1.51 times as long as A.
  With 95% confidence the difference lies between 31.2% and 35.6% less time (B takes between 1.45 and 1.55 times as long as A).
  Noise floor: 2.62%. Identical code measured against itself on this setup can look that different, so smaller differences mean nothing.
  Neighbouring measurements are nearly independent (autocorrelation +0.13), so they were resampled one by one.
  
  Verdict: RESOLVED. A is faster than B: the difference is real, as its interval excludes zero and it exceeds the noise floor.
  
  Warnings:
    - the program holds 109 MB of live data, more than the caches of many machines; for data that size, where it lies in memory can shift the result by several points in ways the interval does not cover, and differently in the next process; run the comparison in several processes with the multiproc package
    - in 100% of A/A runs this setup reported a difference between identical code, well above the 10% expected; treat any confidence from it with suspicion

build from empty to 12775 elements, per whole build (45983 operations):
  A: 7.19e+06 ns per operation (median)
  B: 1.091e+07 ns per operation (median)
  A needs 33.1% less time than B: B takes 1.49 times as long as A.
  With 95% confidence the difference lies between 31.5% and 35.1% less time (B takes between 1.46 and 1.54 times as long as A).
  Noise floor: 1.89%. Identical code measured against itself on this setup can look that different, so smaller differences mean nothing.
  Neighbouring measurements are nearly independent (autocorrelation -0.38), so they were resampled one by one.
  
  Verdict: RESOLVED. A is faster than B: the difference is real, as its interval excludes zero and it exceeds the noise floor.
  
  Warnings:
    - the program holds 106 MB of live data, more than the caches of many machines; for data that size, where it lies in memory can shift the result by several points in ways the interval does not cover, and differently in the next process; run the comparison in several processes with the multiproc package

== dirs multi n=4096 churn and build: ordered vs map-sets
steady state, per insertion or deletion in a structure of 12775 elements (cycle of 33454 operations, first pass untimed):
  A: 145.5 ns per operation (median)
  B: 72.28 ns per operation (median)
  A needs 101% more time than B: B takes only 0.50 times as long as A.
  With 95% confidence the difference lies between 99% and 104% more time (B takes between 0.491 and 0.50 times as long as A).
  Noise floor: 0.874%. Identical code measured against itself on this setup can look that different, so smaller differences mean nothing.
  Neighbouring measurements are nearly independent (autocorrelation +0.04), so they were resampled one by one.
  
  Verdict: RESOLVED. A is slower than B: the difference is real, as its interval excludes zero and it exceeds the noise floor.
  
  Warnings:
    - the program holds 110 MB of live data, more than the caches of many machines; for data that size, where it lies in memory can shift the result by several points in ways the interval does not cover, and differently in the next process; run the comparison in several processes with the multiproc package

build from empty to 12775 elements, per whole build (45983 operations):
  A: 7.16e+06 ns per operation (median)
  B: 3.841e+06 ns per operation (median)
  A needs 82.6% more time than B: B takes only 0.55 times as long as A.
  With 95% confidence the difference lies between 78% and 92.9% more time (B takes between 0.518 and 0.56 times as long as A).
  Noise floor: 2.96%. Identical code measured against itself on this setup can look that different, so smaller differences mean nothing.
  Neighbouring measurements are nearly independent (autocorrelation -0.38), so they were resampled one by one.
  
  Verdict: RESOLVED. A is slower than B: the difference is real, as its interval excludes zero and it exceeds the noise floor.
  
  Warnings:
    - the program holds 106 MB of live data, more than the caches of many machines; for data that size, where it lies in memory can shift the result by several points in ways the interval does not cover, and differently in the next process; run the comparison in several processes with the multiproc package

checksum 129805364284238
== dirs multi n=4096 valuesFor: ordered vs hashed
A: 81.34 ns per operation (median)
B: 29.22 ns per operation (median)
A needs 177% more time than B: B takes only 0.36 times as long as A.
With 95% confidence the difference lies between 173% and 180% more time (B takes between 0.357 and 0.37 times as long as A).
Noise floor: 0.687%. Identical code measured against itself on this setup can look that different, so smaller differences mean nothing.
Neighbouring measurements are nearly independent (autocorrelation -0.08), so they were resampled one by one.

Verdict: RESOLVED. A is slower than B: the difference is real, as its interval excludes zero and it exceeds the noise floor.

Warnings:
  - the program holds 91 MB of live data, more than the caches of many machines; for data that size, where it lies in memory can shift the result by several points in ways the interval does not cover, and differently in the next process; run the comparison in several processes with the multiproc package

== dirs multi n=4096 valuesFor: ordered vs btree-sets
A: 82.88 ns per operation (median)
B: 160 ns per operation (median)
A needs 48.5% less time than B: B takes 1.94 times as long as A.
With 95% confidence the difference lies between 47.4% and 49.5% less time (B takes between 1.9 and 1.98 times as long as A).
Noise floor: 3.26%. Identical code measured against itself on this setup can look that different, so smaller differences mean nothing.
Neighbouring measurements are nearly independent (autocorrelation +0.06), so they were resampled one by one.

Verdict: RESOLVED. A is faster than B: the difference is real, as its interval excludes zero and it exceeds the noise floor.

Warnings:
  - the program holds 91 MB of live data, more than the caches of many machines; for data that size, where it lies in memory can shift the result by several points in ways the interval does not cover, and differently in the next process; run the comparison in several processes with the multiproc package

== dirs multi n=4096 valuesFor: ordered vs map-sets
A: 81.68 ns per operation (median)
B: 71.54 ns per operation (median)
A needs 14.5% more time than B: B takes only 0.87 times as long as A.
With 95% confidence the difference lies between 12.4% and 15.9% more time (B takes between 0.863 and 0.89 times as long as A).
Noise floor: 2.29%. Identical code measured against itself on this setup can look that different, so smaller differences mean nothing.
Neighbouring measurements are nearly independent (autocorrelation -0.05), so they were resampled one by one.

Verdict: RESOLVED. A is slower than B: the difference is real, as its interval excludes zero and it exceeds the noise floor.

Warnings:
  - the program holds 91 MB of live data, more than the caches of many machines; for data that size, where it lies in memory can shift the result by several points in ways the interval does not cover, and differently in the next process; run the comparison in several processes with the multiproc package

== dirs multi n=4096 valuesBetween: ordered vs hashed
A: 2716 ns per operation (median)
B: 5.604e+04 ns per operation (median)
A needs 95.2% less time than B: B takes 20.77 times as long as A.
With 95% confidence the difference lies between 95% and 95.3% less time (B takes between 20 and 21.50 times as long as A).
Noise floor: 3.73%. Identical code measured against itself on this setup can look that different, so smaller differences mean nothing.
Neighbouring measurements are nearly independent (autocorrelation -0.06), so they were resampled one by one.

Verdict: RESOLVED. A is faster than B: the difference is real, as its interval excludes zero and it exceeds the noise floor.

Warnings:
  - the program holds 91 MB of live data, more than the caches of many machines; for data that size, where it lies in memory can shift the result by several points in ways the interval does not cover, and differently in the next process; run the comparison in several processes with the multiproc package

== dirs multi n=4096 valuesBetween: ordered vs btree-sets
A: 2633 ns per operation (median)
B: 5394 ns per operation (median)
A needs 51.5% less time than B: B takes 2.06 times as long as A.
With 95% confidence the difference lies between 50.3% and 52.4% less time (B takes between 2.01 and 2.10 times as long as A).
Noise floor: 1.84%. Identical code measured against itself on this setup can look that different, so smaller differences mean nothing.
Neighbouring measurements are nearly independent (autocorrelation -0.24), so they were resampled one by one.

Verdict: RESOLVED. A is faster than B: the difference is real, as its interval excludes zero and it exceeds the noise floor.

Warnings:
  - the program holds 106 MB of live data, more than the caches of many machines; for data that size, where it lies in memory can shift the result by several points in ways the interval does not cover, and differently in the next process; run the comparison in several processes with the multiproc package

== dirs multi n=4096 valuesBetween: ordered vs map-sets
A: 2726 ns per operation (median)
B: 5.663e+04 ns per operation (median)
A needs 95.2% less time than B: B takes 20.87 times as long as A.
With 95% confidence the difference lies between 95.1% and 95.3% less time (B takes between 20.4 and 21.44 times as long as A).
Noise floor: 1.42%. Identical code measured against itself on this setup can look that different, so smaller differences mean nothing.
Neighbouring measurements are nearly independent (autocorrelation -0.04), so they were resampled one by one.

Verdict: RESOLVED. A is faster than B: the difference is real, as its interval excludes zero and it exceeds the noise floor.

Warnings:
  - the program holds 106 MB of live data, more than the caches of many machines; for data that size, where it lies in memory can shift the result by several points in ways the interval does not cover, and differently in the next process; run the comparison in several processes with the multiproc package

== dirs multi n=4096 prefix: ordered vs hashed
A: 2799 ns per operation (median)
B: 5.592e+04 ns per operation (median)
A needs 95% less time than B: B takes 20.11 times as long as A.
With 95% confidence the difference lies between 94.8% and 95.3% less time (B takes between 19.1 and 21.14 times as long as A).
Noise floor: 5.02%. Identical code measured against itself on this setup can look that different, so smaller differences mean nothing.
Neighbouring measurements are nearly independent (autocorrelation -0.05), so they were resampled one by one.

Verdict: RESOLVED. A is faster than B: the difference is real, as its interval excludes zero and it exceeds the noise floor.

Warnings:
  - the program holds 106 MB of live data, more than the caches of many machines; for data that size, where it lies in memory can shift the result by several points in ways the interval does not cover, and differently in the next process; run the comparison in several processes with the multiproc package

== dirs multi n=4096 prefix: ordered vs btree-sets
A: 2781 ns per operation (median)
B: 7365 ns per operation (median)
A needs 62.6% less time than B: B takes 2.67 times as long as A.
With 95% confidence the difference lies between 60.3% and 64.4% less time (B takes between 2.52 and 2.81 times as long as A).
Noise floor: 1.78%. Identical code measured against itself on this setup can look that different, so smaller differences mean nothing.
Neighbouring measurements are nearly independent (autocorrelation -0.06), so they were resampled one by one.

Verdict: RESOLVED. A is faster than B: the difference is real, as its interval excludes zero and it exceeds the noise floor.

Warnings:
  - the program holds 106 MB of live data, more than the caches of many machines; for data that size, where it lies in memory can shift the result by several points in ways the interval does not cover, and differently in the next process; run the comparison in several processes with the multiproc package

== dirs multi n=4096 prefix: ordered vs map-sets
A: 2788 ns per operation (median)
B: 5.873e+04 ns per operation (median)
A needs 95.1% less time than B: B takes 20.32 times as long as A.
With 95% confidence the difference lies between 95% and 95.4% less time (B takes between 19.9 and 21.87 times as long as A).
Noise floor: 3.29%. Identical code measured against itself on this setup can look that different, so smaller differences mean nothing.
Neighbouring measurements are nearly independent (autocorrelation +0.02), so they were resampled one by one.

Verdict: RESOLVED. A is faster than B: the difference is real, as its interval excludes zero and it exceeds the noise floor.

Warnings:
  - the program holds 106 MB of live data, more than the caches of many machines; for data that size, where it lies in memory can shift the result by several points in ways the interval does not cover, and differently in the next process; run the comparison in several processes with the multiproc package
  - in 50% of A/A runs this setup reported a difference between identical code, well above the 10% expected; treat any confidence from it with suspicion

== dirs multi n=4096 churn and build: ordered vs hashed
steady state, per insertion or deletion in a structure of 12775 elements (cycle of 33454 operations, first pass untimed):
  A: 145.7 ns per operation (median)
  B: 62.42 ns per operation (median)
  A needs 133% more time than B: B takes only 0.43 times as long as A.
  With 95% confidence the difference lies between 130% and 138% more time (B takes between 0.421 and 0.44 times as long as A).
  Noise floor: 1.48%. Identical code measured against itself on this setup can look that different, so smaller differences mean nothing.
  Neighbouring measurements are nearly independent (autocorrelation +0.01), so they were resampled one by one.
  
  Verdict: RESOLVED. A is slower than B: the difference is real, as its interval excludes zero and it exceeds the noise floor.
  
  Warnings:
    - the program holds 109 MB of live data, more than the caches of many machines; for data that size, where it lies in memory can shift the result by several points in ways the interval does not cover, and differently in the next process; run the comparison in several processes with the multiproc package

build from empty to 12775 elements, per whole build (45983 operations):
  A: 7.18e+06 ns per operation (median)
  B: 3.084e+06 ns per operation (median)
  A needs 133% more time than B: B takes only 0.43 times as long as A.
  With 95% confidence the difference lies between 131% and 135% more time (B takes between 0.426 and 0.43 times as long as A).
  Noise floor: 1.28%. Identical code measured against itself on this setup can look that different, so smaller differences mean nothing.
  Neighbouring measurements are nearly independent (autocorrelation -0.07), so they were resampled one by one.
  
  Verdict: RESOLVED. A is slower than B: the difference is real, as its interval excludes zero and it exceeds the noise floor.
  
  Warnings:
    - the program holds 106 MB of live data, more than the caches of many machines; for data that size, where it lies in memory can shift the result by several points in ways the interval does not cover, and differently in the next process; run the comparison in several processes with the multiproc package

== dirs multi n=4096 churn and build: ordered vs btree-sets
steady state, per insertion or deletion in a structure of 12775 elements (cycle of 33454 operations, first pass untimed):
  A: 150.2 ns per operation (median)
  B: 230 ns per operation (median)
  A needs 35.5% less time than B: B takes 1.55 times as long as A.
  With 95% confidence the difference lies between 33% and 36.8% less time (B takes between 1.49 and 1.58 times as long as A).
  Noise floor: 3.69%. Identical code measured against itself on this setup can look that different, so smaller differences mean nothing.
  Neighbouring measurements are nearly independent (autocorrelation +0.09), so they were resampled one by one.
  
  Verdict: RESOLVED. A is faster than B: the difference is real, as its interval excludes zero and it exceeds the noise floor.
  
  Warnings:
    - the program holds 109 MB of live data, more than the caches of many machines; for data that size, where it lies in memory can shift the result by several points in ways the interval does not cover, and differently in the next process; run the comparison in several processes with the multiproc package
    - in 100% of A/A runs this setup reported a difference between identical code, well above the 10% expected; treat any confidence from it with suspicion

build from empty to 12775 elements, per whole build (45983 operations):
  A: 7.252e+06 ns per operation (median)
  B: 1.09e+07 ns per operation (median)
  A needs 33.6% less time than B: B takes 1.51 times as long as A.
  With 95% confidence the difference lies between 32.7% and 34.6% less time (B takes between 1.49 and 1.53 times as long as A).
  Noise floor: 1.6%. Identical code measured against itself on this setup can look that different, so smaller differences mean nothing.
  Neighbouring measurements are nearly independent (autocorrelation -0.26), so they were resampled one by one.
  
  Verdict: RESOLVED. A is faster than B: the difference is real, as its interval excludes zero and it exceeds the noise floor.
  
  Warnings:
    - the program holds 106 MB of live data, more than the caches of many machines; for data that size, where it lies in memory can shift the result by several points in ways the interval does not cover, and differently in the next process; run the comparison in several processes with the multiproc package

== dirs multi n=4096 churn and build: ordered vs map-sets
steady state, per insertion or deletion in a structure of 12775 elements (cycle of 33454 operations, first pass untimed):
  A: 146.9 ns per operation (median)
  B: 72.8 ns per operation (median)
  A needs 101% more time than B: B takes only 0.50 times as long as A.
  With 95% confidence the difference lies between 98% and 103% more time (B takes between 0.492 and 0.50 times as long as A).
  Noise floor: 1.09%. Identical code measured against itself on this setup can look that different, so smaller differences mean nothing.
  Neighbouring measurements are nearly independent (autocorrelation +0.17), so they were resampled one by one.
  
  Verdict: RESOLVED. A is slower than B: the difference is real, as its interval excludes zero and it exceeds the noise floor.
  
  Warnings:
    - the program holds 110 MB of live data, more than the caches of many machines; for data that size, where it lies in memory can shift the result by several points in ways the interval does not cover, and differently in the next process; run the comparison in several processes with the multiproc package
    - the ratio B/A was 4.25% higher in the second half of the run than in the first, so the candidates had not reached a steady state and the difference depends on how long the run was; a common cause is a head start for whichever candidate ran alone last before the comparison or had its data built last, which a longer CollectOptions.WarmupDuration removes

build from empty to 12775 elements, per whole build (45983 operations):
  A: 7.265e+06 ns per operation (median)
  B: 3.764e+06 ns per operation (median)
  A needs 94.4% more time than B: B takes only 0.51 times as long as A.
  With 95% confidence the difference lies between 90.3% and 99.2% more time (B takes between 0.502 and 0.53 times as long as A).
  Noise floor: 5.21%. Identical code measured against itself on this setup can look that different, so smaller differences mean nothing.
  Neighbouring measurements are nearly independent (autocorrelation -0.13), so they were resampled one by one.
  
  Verdict: RESOLVED. A is slower than B: the difference is real, as its interval excludes zero and it exceeds the noise floor.
  
  Warnings:
    - the program holds 106 MB of live data, more than the caches of many machines; for data that size, where it lies in memory can shift the result by several points in ways the interval does not cover, and differently in the next process; run the comparison in several processes with the multiproc package

checksum 134687197558995
