== str multi n=4096 valuesFor: ordered vs baseline
A: 86.4 ns per operation (median)
B: 87.09 ns per operation (median)
A needs 0.68% less time than B: B takes 1.01 times as long as A.
With 95% confidence the difference lies between 0.0623% more time and 1.27% less time (B takes between 0.999 and 1.01 times as long as A).
Noise floor: 0.599%. Identical code measured against itself on this setup can look that different, so smaller differences mean nothing.
Neighbouring measurements are nearly independent (autocorrelation +0.01), so they were resampled one by one.

Verdict: NOT RESOLVED. This run did not establish which candidate is faster. That is not the same as "equally fast": the warnings below say what is missing.

Warnings:
  - the interval [-0.06%, 1.27%] includes zero, so a difference in either direction is consistent with these measurements
  - the program holds 28 MB of live data, more than the caches of many machines; for data that size, where it lies in memory can shift the result by several points in ways the interval does not cover, and differently in the next process; run the comparison in several processes with the multiproc package

== str multi n=4096 valuesBetween: ordered vs baseline
A: 4966 ns per operation (median)
B: 4939 ns per operation (median)
A needs 0.973% more time than B: B takes only 0.99 times as long as A.
With 95% confidence the difference lies between 2.36% more time and 2.36% less time (B takes between 0.977 and 1.02 times as long as A).
Noise floor: 1.42%. Identical code measured against itself on this setup can look that different, so smaller differences mean nothing.
Neighbouring measurements are nearly independent (autocorrelation -0.23), so they were resampled one by one.

Verdict: NOT RESOLVED. This run did not establish which candidate is faster. That is not the same as "equally fast": the warnings below say what is missing.

Warnings:
  - the difference of -0.97% does not clear the 1.42% noise floor, which is what this setup reports between two runs of identical code
  - the interval [-2.36%, 2.36%] includes zero, so a difference in either direction is consistent with these measurements
  - the program holds 28 MB of live data, more than the caches of many machines; for data that size, where it lies in memory can shift the result by several points in ways the interval does not cover, and differently in the next process; run the comparison in several processes with the multiproc package

== str multi n=4096 churn and build: ordered vs baseline
steady state, per insertion or deletion in a structure of 26579 elements (cycle of 69746 operations, first pass untimed):
  A: 112.4 ns per operation (median)
  B: 115.8 ns per operation (median)
  A needs 0.207% less time than B: B takes 1.00 times as long as A.
  With 95% confidence the difference lies between 1.33% more time and 2.15% less time (B takes between 0.987 and 1.02 times as long as A).
  Noise floor: 0.436%. Identical code measured against itself on this setup can look that different, so smaller differences mean nothing.
  Neighbouring measurements are nearly independent (autocorrelation +0.18), so they were resampled one by one.
  
  Verdict: NOT RESOLVED. This run did not establish which candidate is faster. That is not the same as "equally fast": the warnings below say what is missing.
  
  Warnings:
    - the difference of 0.21% does not clear the 0.44% noise floor, which is what this setup reports between two runs of identical code
    - the interval [-1.33%, 2.15%] includes zero, so a difference in either direction is consistent with these measurements
    - the program holds 28 MB of live data, more than the caches of many machines; for data that size, where it lies in memory can shift the result by several points in ways the interval does not cover, and differently in the next process; run the comparison in several processes with the multiproc package
    - candidate A drifted during the run: its measurements were 9.69% lower in the second half than in the first, so the machine did not hold still
    - candidate B drifted during the run: its measurements were 11.5% lower in the second half than in the first, so the machine did not hold still
    - in 50% of A/A runs this setup reported a difference between identical code, well above the 10% expected; treat any confidence from it with suspicion

build from empty to 26579 elements, per whole build (95335 operations):
  A: 1.051e+07 ns per operation (median)
  B: 1.048e+07 ns per operation (median)
  A needs 0.0604% less time than B: B takes 1.00 times as long as A.
  With 95% confidence the difference lies between 0.432% more time and 0.556% less time (B takes between 0.996 and 1.01 times as long as A).
  Noise floor: 0.261%. Identical code measured against itself on this setup can look that different, so smaller differences mean nothing.
  Neighbouring measurements are nearly independent (autocorrelation +0.16), so they were resampled one by one.
  
  Verdict: NOT RESOLVED. This run did not establish which candidate is faster. That is not the same as "equally fast": the warnings below say what is missing.
  
  Warnings:
    - the difference of 0.06% does not clear the 0.26% noise floor, which is what this setup reports between two runs of identical code
    - the interval [-0.43%, 0.56%] includes zero, so a difference in either direction is consistent with these measurements
    - the program holds 25 MB of live data, more than the caches of many machines; for data that size, where it lies in memory can shift the result by several points in ways the interval does not cover, and differently in the next process; run the comparison in several processes with the multiproc package
    - candidate B drifted during the run: its measurements were 1.08% higher in the second half than in the first, so the machine did not hold still

checksum 17674287775922556027
== str multi n=4096 valuesFor: ordered vs baseline
A: 86.8 ns per operation (median)
B: 87.15 ns per operation (median)
A needs 0.0385% more time than B: B takes only 1.00 times as long as A.
With 95% confidence the difference lies between 0.488% more time and 1.02% less time (B takes between 0.995 and 1.01 times as long as A).
Noise floor: 0.861%. Identical code measured against itself on this setup can look that different, so smaller differences mean nothing.
Neighbouring measurements are nearly independent (autocorrelation +0.18), so they were resampled one by one.

Verdict: NOT RESOLVED. This run did not establish which candidate is faster. That is not the same as "equally fast": the warnings below say what is missing.

Warnings:
  - the difference of -0.04% does not clear the 0.86% noise floor, which is what this setup reports between two runs of identical code
  - the interval [-0.49%, 1.02%] includes zero, so a difference in either direction is consistent with these measurements
  - the program holds 23 MB of live data, more than the caches of many machines; for data that size, where it lies in memory can shift the result by several points in ways the interval does not cover, and differently in the next process; run the comparison in several processes with the multiproc package

== str multi n=4096 valuesBetween: ordered vs baseline
A: 4912 ns per operation (median)
B: 4954 ns per operation (median)
A needs 0.331% less time than B: B takes 1.00 times as long as A.
With 95% confidence the difference lies between 2.52% more time and 3.02% less time (B takes between 0.975 and 1.03 times as long as A).
Noise floor: 0.733%. Identical code measured against itself on this setup can look that different, so smaller differences mean nothing.
Neighbouring measurements are nearly independent (autocorrelation -0.34), so they were resampled one by one.

Verdict: NOT RESOLVED. This run did not establish which candidate is faster. That is not the same as "equally fast": the warnings below say what is missing.

Warnings:
  - the difference of 0.33% does not clear the 0.73% noise floor, which is what this setup reports between two runs of identical code
  - the interval [-2.52%, 3.02%] includes zero, so a difference in either direction is consistent with these measurements
  - the program holds 23 MB of live data, more than the caches of many machines; for data that size, where it lies in memory can shift the result by several points in ways the interval does not cover, and differently in the next process; run the comparison in several processes with the multiproc package

== str multi n=4096 churn and build: ordered vs baseline
steady state, per insertion or deletion in a structure of 26579 elements (cycle of 69746 operations, first pass untimed):
  A: 105.3 ns per operation (median)
  B: 105.4 ns per operation (median)
  A needs 0.227% less time than B: B takes 1.00 times as long as A.
  With 95% confidence the difference lies between 0.616% more time and 0.493% less time (B takes between 0.994 and 1.00 times as long as A).
  Noise floor: 0.821%. Identical code measured against itself on this setup can look that different, so smaller differences mean nothing.
  Neighbouring measurements are correlated (autocorrelation +0.64), so they were resampled in blocks of 3.
  
  Verdict: NOT RESOLVED. This run did not establish which candidate is faster. That is not the same as "equally fast": the warnings below say what is missing.
  
  Warnings:
    - the difference of 0.23% does not clear the 0.82% noise floor, which is what this setup reports between two runs of identical code
    - the interval [-0.62%, 0.49%] includes zero, so a difference in either direction is consistent with these measurements
    - the program holds 27 MB of live data, more than the caches of many machines; for data that size, where it lies in memory can shift the result by several points in ways the interval does not cover, and differently in the next process; run the comparison in several processes with the multiproc package
    - candidate A drifted during the run: its measurements were 1.31% higher in the second half than in the first, so the machine did not hold still

build from empty to 26579 elements, per whole build (95335 operations):
  A: 1.055e+07 ns per operation (median)
  B: 1.05e+07 ns per operation (median)
  A needs 0.282% more time than B: B takes only 1.00 times as long as A.
  With 95% confidence the difference lies between 0.0494% and 1.05% more time (B takes between 0.99 and 1.00 times as long as A).
  Noise floor: 0.305%. Identical code measured against itself on this setup can look that different, so smaller differences mean nothing.
  Neighbouring measurements are nearly independent (autocorrelation +0.12), so they were resampled one by one.
  
  Verdict: NOT RESOLVED. This run did not establish which candidate is faster. That is not the same as "equally fast": the warnings below say what is missing.
  
  Warnings:
    - the difference of -0.28% does not clear the 0.30% noise floor, which is what this setup reports between two runs of identical code
    - the program holds 24 MB of live data, more than the caches of many machines; for data that size, where it lies in memory can shift the result by several points in ways the interval does not cover, and differently in the next process; run the comparison in several processes with the multiproc package
    - in 50% of A/A runs this setup reported a difference between identical code, well above the 10% expected; treat any confidence from it with suspicion

checksum 14585495715998496696
== str multi n=4096 valuesFor: ordered vs baseline
A: 86.84 ns per operation (median)
B: 86.9 ns per operation (median)
A needs 0.0458% more time than B: B takes only 1.00 times as long as A.
With 95% confidence the difference lies between 0.566% more time and 0.765% less time (B takes between 0.994 and 1.01 times as long as A).
Noise floor: 0.838%. Identical code measured against itself on this setup can look that different, so smaller differences mean nothing.
Neighbouring measurements are nearly independent (autocorrelation -0.04), so they were resampled one by one.

Verdict: NOT RESOLVED. This run did not establish which candidate is faster. That is not the same as "equally fast": the warnings below say what is missing.

Warnings:
  - the difference of -0.05% does not clear the 0.84% noise floor, which is what this setup reports between two runs of identical code
  - the interval [-0.57%, 0.76%] includes zero, so a difference in either direction is consistent with these measurements
  - the program holds 20 MB of live data, more than the caches of many machines; for data that size, where it lies in memory can shift the result by several points in ways the interval does not cover, and differently in the next process; run the comparison in several processes with the multiproc package

== str multi n=4096 valuesBetween: ordered vs baseline
A: 4960 ns per operation (median)
B: 4937 ns per operation (median)
A needs 0.245% more time than B: B takes only 1.00 times as long as A.
With 95% confidence the difference lies between 2.42% more time and 2.64% less time (B takes between 0.976 and 1.03 times as long as A).
Noise floor: 1.4%. Identical code measured against itself on this setup can look that different, so smaller differences mean nothing.
Neighbouring measurements are nearly independent (autocorrelation -0.31), so they were resampled one by one.

Verdict: NOT RESOLVED. This run did not establish which candidate is faster. That is not the same as "equally fast": the warnings below say what is missing.

Warnings:
  - the difference of -0.24% does not clear the 1.40% noise floor, which is what this setup reports between two runs of identical code
  - the interval [-2.42%, 2.64%] includes zero, so a difference in either direction is consistent with these measurements
  - the program holds 24 MB of live data, more than the caches of many machines; for data that size, where it lies in memory can shift the result by several points in ways the interval does not cover, and differently in the next process; run the comparison in several processes with the multiproc package

== str multi n=4096 churn and build: ordered vs baseline
steady state, per insertion or deletion in a structure of 26579 elements (cycle of 69746 operations, first pass untimed):
  A: 104.2 ns per operation (median)
  B: 104.1 ns per operation (median)
  A needs 0.118% less time than B: B takes 1.00 times as long as A.
  With 95% confidence the difference lies between 0.177% more time and 0.586% less time (B takes between 0.998 and 1.01 times as long as A).
  Noise floor: 0.281%. Identical code measured against itself on this setup can look that different, so smaller differences mean nothing.
  Neighbouring measurements are correlated (autocorrelation +0.49), so they were resampled in blocks of 3.
  
  Verdict: NOT RESOLVED. This run did not establish which candidate is faster. That is not the same as "equally fast": the warnings below say what is missing.
  
  Warnings:
    - the difference of 0.12% does not clear the 0.28% noise floor, which is what this setup reports between two runs of identical code
    - the interval [-0.18%, 0.59%] includes zero, so a difference in either direction is consistent with these measurements
    - the program holds 28 MB of live data, more than the caches of many machines; for data that size, where it lies in memory can shift the result by several points in ways the interval does not cover, and differently in the next process; run the comparison in several processes with the multiproc package
    - 6.0% of bootstrap replicates tied, so the measurement is coarse relative to the question; lower CollectOptions.MaxQuantizationError to lengthen the batches

build from empty to 26579 elements, per whole build (95335 operations):
  A: 1.062e+07 ns per operation (median)
  B: 1.061e+07 ns per operation (median)
  A needs 0.04% more time than B: B takes only 1.00 times as long as A.
  With 95% confidence the difference lies between 0.45% more time and 0.488% less time (B takes between 0.996 and 1.00 times as long as A).
  Noise floor: 0.275%. Identical code measured against itself on this setup can look that different, so smaller differences mean nothing.
  Neighbouring measurements are nearly independent (autocorrelation -0.02), so they were resampled one by one.
  
  Verdict: NOT RESOLVED. This run did not establish which candidate is faster. That is not the same as "equally fast": the warnings below say what is missing.
  
  Warnings:
    - the difference of -0.04% does not clear the 0.27% noise floor, which is what this setup reports between two runs of identical code
    - the interval [-0.45%, 0.49%] includes zero, so a difference in either direction is consistent with these measurements
    - the program holds 25 MB of live data, more than the caches of many machines; for data that size, where it lies in memory can shift the result by several points in ways the interval does not cover, and differently in the next process; run the comparison in several processes with the multiproc package
    - in 50% of A/A runs this setup reported a difference between identical code, well above the 10% expected; treat any confidence from it with suspicion

checksum 12456280507059749840
== str multi n=4096 valuesFor: ordered vs baseline
A: 87.95 ns per operation (median)
B: 89 ns per operation (median)
A needs 0.951% less time than B: B takes 1.01 times as long as A.
With 95% confidence the difference lies between 0.0417% and 1.41% less time (B takes between 1 and 1.01 times as long as A).
Noise floor: 0.645%. Identical code measured against itself on this setup can look that different, so smaller differences mean nothing.
Neighbouring measurements are nearly independent (autocorrelation -0.01), so they were resampled one by one.

Verdict: RESOLVED. A is faster than B: the difference is real, as its interval excludes zero and it exceeds the noise floor.

Warnings:
  - the program holds 24 MB of live data, more than the caches of many machines; for data that size, where it lies in memory can shift the result by several points in ways the interval does not cover, and differently in the next process; run the comparison in several processes with the multiproc package
  - candidate A drifted during the run: its measurements were 5.62% lower in the second half than in the first, so the machine did not hold still

== str multi n=4096 valuesBetween: ordered vs baseline
A: 4960 ns per operation (median)
B: 4947 ns per operation (median)
A needs 0.27% more time than B: B takes only 1.00 times as long as A.
With 95% confidence the difference lies between 1.9% more time and 1.99% less time (B takes between 0.981 and 1.02 times as long as A).
Noise floor: 0.77%. Identical code measured against itself on this setup can look that different, so smaller differences mean nothing.
Neighbouring measurements are nearly independent (autocorrelation -0.31), so they were resampled one by one.

Verdict: NOT RESOLVED. This run did not establish which candidate is faster. That is not the same as "equally fast": the warnings below say what is missing.

Warnings:
  - the difference of -0.27% does not clear the 0.77% noise floor, which is what this setup reports between two runs of identical code
  - the interval [-1.90%, 1.99%] includes zero, so a difference in either direction is consistent with these measurements
  - the program holds 24 MB of live data, more than the caches of many machines; for data that size, where it lies in memory can shift the result by several points in ways the interval does not cover, and differently in the next process; run the comparison in several processes with the multiproc package

== str multi n=4096 churn and build: ordered vs baseline
steady state, per insertion or deletion in a structure of 26579 elements (cycle of 69746 operations, first pass untimed):
  A: 104 ns per operation (median)
  B: 104.5 ns per operation (median)
  A needs 0.153% less time than B: B takes 1.00 times as long as A.
  With 95% confidence the difference lies between 0.633% more time and 0.531% less time (B takes between 0.994 and 1.01 times as long as A).
  Noise floor: 0.804%. Identical code measured against itself on this setup can look that different, so smaller differences mean nothing.
  Neighbouring measurements are correlated (autocorrelation +0.20), so they were resampled in blocks of 3.
  
  Verdict: NOT RESOLVED. This run did not establish which candidate is faster. That is not the same as "equally fast": the warnings below say what is missing.
  
  Warnings:
    - the difference of 0.15% does not clear the 0.80% noise floor, which is what this setup reports between two runs of identical code
    - the interval [-0.63%, 0.53%] includes zero, so a difference in either direction is consistent with these measurements
    - the program holds 28 MB of live data, more than the caches of many machines; for data that size, where it lies in memory can shift the result by several points in ways the interval does not cover, and differently in the next process; run the comparison in several processes with the multiproc package
    - in 50% of A/A runs this setup reported a difference between identical code, well above the 10% expected; treat any confidence from it with suspicion

build from empty to 26579 elements, per whole build (95335 operations):
  A: 1.065e+07 ns per operation (median)
  B: 1.064e+07 ns per operation (median)
  A needs 0.235% less time than B: B takes 1.00 times as long as A.
  With 95% confidence the difference lies between 0.551% more time and 0.45% less time (B takes between 0.995 and 1.00 times as long as A).
  Noise floor: 0.186%. Identical code measured against itself on this setup can look that different, so smaller differences mean nothing.
  Neighbouring measurements are correlated (autocorrelation +0.32), so they were resampled in blocks of 3.
  
  Verdict: NOT RESOLVED. This run did not establish which candidate is faster. That is not the same as "equally fast": the warnings below say what is missing.
  
  Warnings:
    - the interval [-0.55%, 0.45%] includes zero, so a difference in either direction is consistent with these measurements
    - the program holds 25 MB of live data, more than the caches of many machines; for data that size, where it lies in memory can shift the result by several points in ways the interval does not cover, and differently in the next process; run the comparison in several processes with the multiproc package

checksum 1657047577418329282
== str multi n=4096 valuesFor: ordered vs baseline
A: 86.58 ns per operation (median)
B: 86.53 ns per operation (median)
A needs 0.292% less time than B: B takes 1.00 times as long as A.
With 95% confidence the difference lies between 0.2% more time and 1.22% less time (B takes between 0.998 and 1.01 times as long as A).
Noise floor: 0.716%. Identical code measured against itself on this setup can look that different, so smaller differences mean nothing.
Neighbouring measurements are correlated (autocorrelation +0.22), so they were resampled in blocks of 3.

Verdict: NOT RESOLVED. This run did not establish which candidate is faster. That is not the same as "equally fast": the warnings below say what is missing.

Warnings:
  - the difference of 0.29% does not clear the 0.72% noise floor, which is what this setup reports between two runs of identical code
  - the interval [-0.20%, 1.22%] includes zero, so a difference in either direction is consistent with these measurements
  - the program holds 16 MB of live data, more than the caches of many machines; for data that size, where it lies in memory can shift the result by several points in ways the interval does not cover, and differently in the next process; run the comparison in several processes with the multiproc package
  - 5.3% of bootstrap replicates tied, so the measurement is coarse relative to the question; lower CollectOptions.MaxQuantizationError to lengthen the batches

== str multi n=4096 valuesBetween: ordered vs baseline
A: 4950 ns per operation (median)
B: 4962 ns per operation (median)
A needs 0.361% more time than B: B takes only 1.00 times as long as A.
With 95% confidence the difference lies between 0.524% more time and 1.6% less time (B takes between 0.995 and 1.02 times as long as A).
Noise floor: 0.442%. Identical code measured against itself on this setup can look that different, so smaller differences mean nothing.
Neighbouring measurements are correlated (autocorrelation +0.22), so they were resampled in blocks of 3.

Verdict: NOT RESOLVED. This run did not establish which candidate is faster. That is not the same as "equally fast": the warnings below say what is missing.

Warnings:
  - the difference of -0.36% does not clear the 0.44% noise floor, which is what this setup reports between two runs of identical code
  - the interval [-0.52%, 1.60%] includes zero, so a difference in either direction is consistent with these measurements
  - the program holds 24 MB of live data, more than the caches of many machines; for data that size, where it lies in memory can shift the result by several points in ways the interval does not cover, and differently in the next process; run the comparison in several processes with the multiproc package

== str multi n=4096 churn and build: ordered vs baseline
steady state, per insertion or deletion in a structure of 26579 elements (cycle of 69746 operations, first pass untimed):
  A: 105.4 ns per operation (median)
  B: 105.8 ns per operation (median)
  A needs 0.172% less time than B: B takes 1.00 times as long as A.
  With 95% confidence the difference lies between 0.322% more time and 0.752% less time (B takes between 0.997 and 1.01 times as long as A).
  Noise floor: 0.149%. Identical code measured against itself on this setup can look that different, so smaller differences mean nothing.
  Neighbouring measurements are nearly independent (autocorrelation +0.09), so they were resampled one by one.
  
  Verdict: NOT RESOLVED. This run did not establish which candidate is faster. That is not the same as "equally fast": the warnings below say what is missing.
  
  Warnings:
    - the interval [-0.32%, 0.75%] includes zero, so a difference in either direction is consistent with these measurements
    - the program holds 28 MB of live data, more than the caches of many machines; for data that size, where it lies in memory can shift the result by several points in ways the interval does not cover, and differently in the next process; run the comparison in several processes with the multiproc package
    - candidate A drifted during the run: its measurements were 2.59% lower in the second half than in the first, so the machine did not hold still
    - candidate B drifted during the run: its measurements were 0.909% lower in the second half than in the first, so the machine did not hold still

build from empty to 26579 elements, per whole build (95335 operations):
  A: 1.055e+07 ns per operation (median)
  B: 1.053e+07 ns per operation (median)
  A needs 0.275% more time than B: B takes only 1.00 times as long as A.
  With 95% confidence the difference lies between 0.548% more time and 0.519% less time (B takes between 0.995 and 1.01 times as long as A).
  Noise floor: 0.318%. Identical code measured against itself on this setup can look that different, so smaller differences mean nothing.
  Neighbouring measurements are correlated (autocorrelation +0.33), so they were resampled in blocks of 3.
  
  Verdict: NOT RESOLVED. This run did not establish which candidate is faster. That is not the same as "equally fast": the warnings below say what is missing.
  
  Warnings:
    - the difference of -0.27% does not clear the 0.32% noise floor, which is what this setup reports between two runs of identical code
    - the interval [-0.55%, 0.52%] includes zero, so a difference in either direction is consistent with these measurements
    - the program holds 25 MB of live data, more than the caches of many machines; for data that size, where it lies in memory can shift the result by several points in ways the interval does not cover, and differently in the next process; run the comparison in several processes with the multiproc package

checksum 11359129574071797113
== str multi n=4096 valuesFor: ordered vs baseline
A: 86.37 ns per operation (median)
B: 87.35 ns per operation (median)
A needs 0.792% less time than B: B takes 1.01 times as long as A.
With 95% confidence the difference lies between 0.493% and 1.95% less time (B takes between 1 and 1.02 times as long as A).
Noise floor: 0.868%. Identical code measured against itself on this setup can look that different, so smaller differences mean nothing.
Neighbouring measurements are nearly independent (autocorrelation -0.00), so they were resampled one by one.

Verdict: NOT RESOLVED. This run did not establish which candidate is faster. That is not the same as "equally fast": the warnings below say what is missing.

Warnings:
  - the difference of 0.79% does not clear the 0.87% noise floor, which is what this setup reports between two runs of identical code
  - the program holds 24 MB of live data, more than the caches of many machines; for data that size, where it lies in memory can shift the result by several points in ways the interval does not cover, and differently in the next process; run the comparison in several processes with the multiproc package

== str multi n=4096 valuesBetween: ordered vs baseline
A: 4945 ns per operation (median)
B: 4940 ns per operation (median)
A needs 0.115% more time than B: B takes only 1.00 times as long as A.
With 95% confidence the difference lies between 1.52% more time and 0.73% less time (B takes between 0.985 and 1.01 times as long as A).
Noise floor: 1.32%. Identical code measured against itself on this setup can look that different, so smaller differences mean nothing.
Neighbouring measurements are nearly independent (autocorrelation -0.33), so they were resampled one by one.

Verdict: NOT RESOLVED. This run did not establish which candidate is faster. That is not the same as "equally fast": the warnings below say what is missing.

Warnings:
  - the difference of -0.12% does not clear the 1.32% noise floor, which is what this setup reports between two runs of identical code
  - the interval [-1.52%, 0.73%] includes zero, so a difference in either direction is consistent with these measurements
  - the program holds 24 MB of live data, more than the caches of many machines; for data that size, where it lies in memory can shift the result by several points in ways the interval does not cover, and differently in the next process; run the comparison in several processes with the multiproc package
  - in 50% of A/A runs this setup reported a difference between identical code, well above the 10% expected; treat any confidence from it with suspicion

== str multi n=4096 churn and build: ordered vs baseline
steady state, per insertion or deletion in a structure of 26579 elements (cycle of 69746 operations, first pass untimed):
  A: 104.5 ns per operation (median)
  B: 104.1 ns per operation (median)
  A needs 0.236% more time than B: B takes only 1.00 times as long as A.
  With 95% confidence the difference lies between 0.733% more time and 0.0252% less time (B takes between 0.993 and 1.00 times as long as A).
  Noise floor: 0.315%. Identical code measured against itself on this setup can look that different, so smaller differences mean nothing.
  Neighbouring measurements are correlated (autocorrelation +0.25), so they were resampled in blocks of 3.
  
  Verdict: NOT RESOLVED. This run did not establish which candidate is faster. That is not the same as "equally fast": the warnings below say what is missing.
  
  Warnings:
    - the difference of -0.24% does not clear the 0.32% noise floor, which is what this setup reports between two runs of identical code
    - the interval [-0.73%, 0.03%] includes zero, so a difference in either direction is consistent with these measurements
    - the program holds 28 MB of live data, more than the caches of many machines; for data that size, where it lies in memory can shift the result by several points in ways the interval does not cover, and differently in the next process; run the comparison in several processes with the multiproc package
    - candidate A drifted during the run: its measurements were 1.6% lower in the second half than in the first, so the machine did not hold still
    - 6.3% of bootstrap replicates tied, so the measurement is coarse relative to the question; lower CollectOptions.MaxQuantizationError to lengthen the batches

build from empty to 26579 elements, per whole build (95335 operations):
  A: 1.051e+07 ns per operation (median)
  B: 1.052e+07 ns per operation (median)
  A needs 0.0921% less time than B: B takes 1.00 times as long as A.
  With 95% confidence the difference lies between 0.332% more time and 1.04% less time (B takes between 0.997 and 1.01 times as long as A).
  Noise floor: 0.71%. Identical code measured against itself on this setup can look that different, so smaller differences mean nothing.
  Neighbouring measurements are nearly independent (autocorrelation +0.15), so they were resampled one by one.
  
  Verdict: NOT RESOLVED. This run did not establish which candidate is faster. That is not the same as "equally fast": the warnings below say what is missing.
  
  Warnings:
    - the difference of 0.09% does not clear the 0.71% noise floor, which is what this setup reports between two runs of identical code
    - the interval [-0.33%, 1.04%] includes zero, so a difference in either direction is consistent with these measurements
    - the program holds 25 MB of live data, more than the caches of many machines; for data that size, where it lies in memory can shift the result by several points in ways the interval does not cover, and differently in the next process; run the comparison in several processes with the multiproc package

checksum 14600049197341899425
== str multi n=4096 valuesFor: ordered vs baseline
A: 86.3 ns per operation (median)
B: 86.55 ns per operation (median)
A needs 0.529% less time than B: B takes 1.01 times as long as A.
With 95% confidence the difference lies between 0.16% more time and 0.817% less time (B takes between 0.998 and 1.01 times as long as A).
Noise floor: 0.589%. Identical code measured against itself on this setup can look that different, so smaller differences mean nothing.
Neighbouring measurements are nearly independent (autocorrelation +0.08), so they were resampled one by one.

Verdict: NOT RESOLVED. This run did not establish which candidate is faster. That is not the same as "equally fast": the warnings below say what is missing.

Warnings:
  - the difference of 0.53% does not clear the 0.59% noise floor, which is what this setup reports between two runs of identical code
  - the interval [-0.16%, 0.82%] includes zero, so a difference in either direction is consistent with these measurements
  - the program holds 24 MB of live data, more than the caches of many machines; for data that size, where it lies in memory can shift the result by several points in ways the interval does not cover, and differently in the next process; run the comparison in several processes with the multiproc package

== str multi n=4096 valuesBetween: ordered vs baseline
A: 4967 ns per operation (median)
B: 4996 ns per operation (median)
A needs 0.726% more time than B: B takes only 0.99 times as long as A.
With 95% confidence the difference lies between 2.13% more time and 1.55% less time (B takes between 0.979 and 1.02 times as long as A).
Noise floor: 1.44%. Identical code measured against itself on this setup can look that different, so smaller differences mean nothing.
Neighbouring measurements are nearly independent (autocorrelation -0.10), so they were resampled one by one.

Verdict: NOT RESOLVED. This run did not establish which candidate is faster. That is not the same as "equally fast": the warnings below say what is missing.

Warnings:
  - the difference of -0.73% does not clear the 1.44% noise floor, which is what this setup reports between two runs of identical code
  - the interval [-2.13%, 1.55%] includes zero, so a difference in either direction is consistent with these measurements
  - the program holds 24 MB of live data, more than the caches of many machines; for data that size, where it lies in memory can shift the result by several points in ways the interval does not cover, and differently in the next process; run the comparison in several processes with the multiproc package

== str multi n=4096 churn and build: ordered vs baseline
steady state, per insertion or deletion in a structure of 26579 elements (cycle of 69746 operations, first pass untimed):
  A: 113.8 ns per operation (median)
  B: 114.8 ns per operation (median)
  A needs 0.712% more time than B: B takes only 0.99 times as long as A.
  With 95% confidence the difference lies between 2.95% more time and 0.995% less time (B takes between 0.971 and 1.01 times as long as A).
  Noise floor: 1.11%. Identical code measured against itself on this setup can look that different, so smaller differences mean nothing.
  Neighbouring measurements are correlated (autocorrelation +0.45), so they were resampled in blocks of 3.
  
  Verdict: NOT RESOLVED. This run did not establish which candidate is faster. That is not the same as "equally fast": the warnings below say what is missing.
  
  Warnings:
    - the difference of -0.71% does not clear the 1.11% noise floor, which is what this setup reports between two runs of identical code
    - the interval [-2.95%, 0.99%] includes zero, so a difference in either direction is consistent with these measurements
    - the program holds 28 MB of live data, more than the caches of many machines; for data that size, where it lies in memory can shift the result by several points in ways the interval does not cover, and differently in the next process; run the comparison in several processes with the multiproc package
    - 5.9% of bootstrap replicates tied, so the measurement is coarse relative to the question; lower CollectOptions.MaxQuantizationError to lengthen the batches
    - in 50% of A/A runs this setup reported a difference between identical code, well above the 10% expected; treat any confidence from it with suspicion

build from empty to 26579 elements, per whole build (95335 operations):
  A: 1.064e+07 ns per operation (median)
  B: 1.061e+07 ns per operation (median)
  A needs 0.212% more time than B: B takes only 1.00 times as long as A.
  With 95% confidence the difference lies between 0.77% more time and 0.114% less time (B takes between 0.992 and 1.00 times as long as A).
  Noise floor: 1.26%. Identical code measured against itself on this setup can look that different, so smaller differences mean nothing.
  Neighbouring measurements are correlated (autocorrelation +0.27), so they were resampled in blocks of 3.
  
  Verdict: NOT RESOLVED. This run did not establish which candidate is faster. That is not the same as "equally fast": the warnings below say what is missing.
  
  Warnings:
    - the difference of -0.21% does not clear the 1.26% noise floor, which is what this setup reports between two runs of identical code
    - the interval [-0.77%, 0.11%] includes zero, so a difference in either direction is consistent with these measurements
    - the program holds 25 MB of live data, more than the caches of many machines; for data that size, where it lies in memory can shift the result by several points in ways the interval does not cover, and differently in the next process; run the comparison in several processes with the multiproc package

checksum 14303681994519896071
== str multi n=4096 valuesFor: ordered vs baseline
A: 88.82 ns per operation (median)
B: 89.37 ns per operation (median)
A needs 0.377% less time than B: B takes 1.00 times as long as A.
With 95% confidence the difference lies between 1.4% more time and 1.93% less time (B takes between 0.986 and 1.02 times as long as A).
Noise floor: 1.23%. Identical code measured against itself on this setup can look that different, so smaller differences mean nothing.
Neighbouring measurements are nearly independent (autocorrelation +0.09), so they were resampled one by one.

Verdict: NOT RESOLVED. This run did not establish which candidate is faster. That is not the same as "equally fast": the warnings below say what is missing.

Warnings:
  - the difference of 0.38% does not clear the 1.23% noise floor, which is what this setup reports between two runs of identical code
  - the interval [-1.40%, 1.93%] includes zero, so a difference in either direction is consistent with these measurements
  - the program holds 20 MB of live data, more than the caches of many machines; for data that size, where it lies in memory can shift the result by several points in ways the interval does not cover, and differently in the next process; run the comparison in several processes with the multiproc package
  - candidate A drifted during the run: its measurements were 4.15% higher in the second half than in the first, so the machine did not hold still
  - candidate B drifted during the run: its measurements were 2.6% higher in the second half than in the first, so the machine did not hold still

== str multi n=4096 valuesBetween: ordered vs baseline
A: 4960 ns per operation (median)
B: 4944 ns per operation (median)
A needs 0.238% less time than B: B takes 1.00 times as long as A.
With 95% confidence the difference lies between 2.46% more time and 2.24% less time (B takes between 0.976 and 1.02 times as long as A).
Noise floor: 1.21%. Identical code measured against itself on this setup can look that different, so smaller differences mean nothing.
Neighbouring measurements are nearly independent (autocorrelation +0.07), so they were resampled one by one.

Verdict: NOT RESOLVED. This run did not establish which candidate is faster. That is not the same as "equally fast": the warnings below say what is missing.

Warnings:
  - the difference of 0.24% does not clear the 1.21% noise floor, which is what this setup reports between two runs of identical code
  - the interval [-2.46%, 2.24%] includes zero, so a difference in either direction is consistent with these measurements
  - the program holds 24 MB of live data, more than the caches of many machines; for data that size, where it lies in memory can shift the result by several points in ways the interval does not cover, and differently in the next process; run the comparison in several processes with the multiproc package

== str multi n=4096 churn and build: ordered vs baseline
steady state, per insertion or deletion in a structure of 26579 elements (cycle of 69746 operations, first pass untimed):
  A: 105.2 ns per operation (median)
  B: 104.1 ns per operation (median)
  A needs 1.13% more time than B: B takes only 0.99 times as long as A.
  With 95% confidence the difference lies between 1.4% more time and 0.189% less time (B takes between 0.986 and 1.00 times as long as A).
  Noise floor: 0.702%. Identical code measured against itself on this setup can look that different, so smaller differences mean nothing.
  Neighbouring measurements are correlated (autocorrelation +0.57), so they were resampled in blocks of 3.
  
  Verdict: NOT RESOLVED. This run did not establish which candidate is faster. That is not the same as "equally fast": the warnings below say what is missing.
  
  Warnings:
    - the interval [-1.40%, 0.19%] includes zero, so a difference in either direction is consistent with these measurements
    - the program holds 28 MB of live data, more than the caches of many machines; for data that size, where it lies in memory can shift the result by several points in ways the interval does not cover, and differently in the next process; run the comparison in several processes with the multiproc package
    - in 50% of A/A runs this setup reported a difference between identical code, well above the 10% expected; treat any confidence from it with suspicion

build from empty to 26579 elements, per whole build (95335 operations):
  A: 1.06e+07 ns per operation (median)
  B: 1.057e+07 ns per operation (median)
  A needs 0.197% more time than B: B takes only 1.00 times as long as A.
  With 95% confidence the difference lies between 0.491% more time and 0.425% less time (B takes between 0.995 and 1.00 times as long as A).
  Noise floor: 0.168%. Identical code measured against itself on this setup can look that different, so smaller differences mean nothing.
  Neighbouring measurements are nearly independent (autocorrelation -0.01), so they were resampled one by one.
  
  Verdict: NOT RESOLVED. This run did not establish which candidate is faster. That is not the same as "equally fast": the warnings below say what is missing.
  
  Warnings:
    - the interval [-0.49%, 0.43%] includes zero, so a difference in either direction is consistent with these measurements
    - the program holds 24 MB of live data, more than the caches of many machines; for data that size, where it lies in memory can shift the result by several points in ways the interval does not cover, and differently in the next process; run the comparison in several processes with the multiproc package

checksum 2556646039646053693
