== str multi n=16384 valuesFor: ordered vs baseline
A: 91.55 ns per operation (median)
B: 90.8 ns per operation (median)
A needs 0.82% more time than B: B takes only 0.99 times as long as A.
With 95% confidence the difference lies between 0.21% and 1.48% more time (B takes between 0.985 and 1.00 times as long as A).
Noise floor: 0.972%. Identical code measured against itself on this setup can look that different, so smaller differences mean nothing.
Neighbouring measurements are nearly independent (autocorrelation -0.05), so they were resampled one by one.

Verdict: NOT RESOLVED. This run did not establish which candidate is faster. That is not the same as "equally fast": the warnings below say what is missing.

Warnings:
  - the difference of -0.82% does not clear the 0.97% noise floor, which is what this setup reports between two runs of identical code
  - the program holds 38 MB of live data, more than the caches of many machines; for data that size, where it lies in memory can shift the result by several points in ways the interval does not cover, and differently in the next process; run the comparison in several processes with the multiproc package

== str multi n=16384 valuesBetween: ordered vs baseline
A: 4706 ns per operation (median)
B: 4674 ns per operation (median)
A needs 1.3% more time than B: B takes only 0.99 times as long as A.
With 95% confidence the difference lies between 1.86% more time and 0.134% less time (B takes between 0.982 and 1.00 times as long as A).
Noise floor: 1.09%. Identical code measured against itself on this setup can look that different, so smaller differences mean nothing.
Neighbouring measurements are nearly independent (autocorrelation -0.02), so they were resampled one by one.

Verdict: NOT RESOLVED. This run did not establish which candidate is faster. That is not the same as "equally fast": the warnings below say what is missing.

Warnings:
  - the interval [-1.86%, 0.13%] includes zero, so a difference in either direction is consistent with these measurements
  - the program holds 41 MB of live data, more than the caches of many machines; for data that size, where it lies in memory can shift the result by several points in ways the interval does not cover, and differently in the next process; run the comparison in several processes with the multiproc package

== str multi n=16384 churn and build: ordered vs baseline
steady state, per insertion or deletion in a structure of 98979 elements (cycle of 258918 operations, first pass untimed):
  A: 126.1 ns per operation (median)
  B: 126.4 ns per operation (median)
  A needs 0.0156% less time than B: B takes 1.00 times as long as A.
  With 95% confidence the difference lies between 0.451% more time and 0.456% less time (B takes between 0.996 and 1.00 times as long as A).
  Noise floor: 0.174%. Identical code measured against itself on this setup can look that different, so smaller differences mean nothing.
  Neighbouring measurements are correlated (autocorrelation +0.58), so they were resampled in blocks of 3.
  
  Verdict: NOT RESOLVED. This run did not establish which candidate is faster. That is not the same as "equally fast": the warnings below say what is missing.
  
  Warnings:
    - the difference of 0.02% does not clear the 0.17% noise floor, which is what this setup reports between two runs of identical code
    - the interval [-0.45%, 0.46%] includes zero, so a difference in either direction is consistent with these measurements
    - the program holds 57 MB of live data, more than the caches of many machines; for data that size, where it lies in memory can shift the result by several points in ways the interval does not cover, and differently in the next process; run the comparison in several processes with the multiproc package
    - candidate A drifted during the run: its measurements were 1.58% higher in the second half than in the first, so the machine did not hold still
    - candidate B drifted during the run: its measurements were 2.18% higher in the second half than in the first, so the machine did not hold still

build from empty to 98979 elements, per whole build (354807 operations):
  A: 4.473e+07 ns per operation (median)
  B: 4.472e+07 ns per operation (median)
  A needs 0.252% less time than B: B takes 1.00 times as long as A.
  With 95% confidence the difference lies between 0.3% more time and 0.917% less time (B takes between 0.997 and 1.01 times as long as A).
  Noise floor: 0.449%. Identical code measured against itself on this setup can look that different, so smaller differences mean nothing.
  Neighbouring measurements are nearly independent (autocorrelation +0.05), so they were resampled one by one.
  
  Verdict: NOT RESOLVED. This run did not establish which candidate is faster. That is not the same as "equally fast": the warnings below say what is missing.
  
  Warnings:
    - the difference of 0.25% does not clear the 0.45% noise floor, which is what this setup reports between two runs of identical code
    - the interval [-0.30%, 0.92%] includes zero, so a difference in either direction is consistent with these measurements
    - the program holds 47 MB of live data, more than the caches of many machines; for data that size, where it lies in memory can shift the result by several points in ways the interval does not cover, and differently in the next process; run the comparison in several processes with the multiproc package
    - candidate B drifted during the run: its measurements were 1.28% lower in the second half than in the first, so the machine did not hold still

checksum 4461129147202907125
== str multi n=16384 valuesFor: ordered vs baseline
A: 90.42 ns per operation (median)
B: 92.17 ns per operation (median)
A needs 1.6% less time than B: B takes 1.02 times as long as A.
With 95% confidence the difference lies between 0.984% and 2.2% less time (B takes between 1.01 and 1.02 times as long as A).
Noise floor: 0.756%. Identical code measured against itself on this setup can look that different, so smaller differences mean nothing.
Neighbouring measurements are nearly independent (autocorrelation +0.10), so they were resampled one by one.

Verdict: RESOLVED. A is faster than B: the difference is real, as its interval excludes zero and it exceeds the noise floor.

Warnings:
  - the program holds 37 MB of live data, more than the caches of many machines; for data that size, where it lies in memory can shift the result by several points in ways the interval does not cover, and differently in the next process; run the comparison in several processes with the multiproc package

== str multi n=16384 valuesBetween: ordered vs baseline
A: 4731 ns per operation (median)
B: 4671 ns per operation (median)
A needs 0.949% more time than B: B takes only 0.99 times as long as A.
With 95% confidence the difference lies between 0.174% and 1.74% more time (B takes between 0.983 and 1.00 times as long as A).
Noise floor: 0.7%. Identical code measured against itself on this setup can look that different, so smaller differences mean nothing.
Neighbouring measurements are nearly independent (autocorrelation +0.02), so they were resampled one by one.

Verdict: RESOLVED. A is slower than B: the difference is real, as its interval excludes zero and it exceeds the noise floor.

Warnings:
  - the program holds 41 MB of live data, more than the caches of many machines; for data that size, where it lies in memory can shift the result by several points in ways the interval does not cover, and differently in the next process; run the comparison in several processes with the multiproc package

== str multi n=16384 churn and build: ordered vs baseline
steady state, per insertion or deletion in a structure of 98979 elements (cycle of 258918 operations, first pass untimed):
  A: 127.1 ns per operation (median)
  B: 126.9 ns per operation (median)
  A needs 0.162% less time than B: B takes 1.00 times as long as A.
  With 95% confidence the difference lies between 0.315% more time and 0.374% less time (B takes between 0.997 and 1.00 times as long as A).
  Noise floor: 1.21%. Identical code measured against itself on this setup can look that different, so smaller differences mean nothing.
  Neighbouring measurements are correlated (autocorrelation +0.48), so they were resampled in blocks of 3.
  
  Verdict: NOT RESOLVED. This run did not establish which candidate is faster. That is not the same as "equally fast": the warnings below say what is missing.
  
  Warnings:
    - the difference of 0.16% does not clear the 1.21% noise floor, which is what this setup reports between two runs of identical code
    - the interval [-0.31%, 0.37%] includes zero, so a difference in either direction is consistent with these measurements
    - the program holds 57 MB of live data, more than the caches of many machines; for data that size, where it lies in memory can shift the result by several points in ways the interval does not cover, and differently in the next process; run the comparison in several processes with the multiproc package
    - candidate A drifted during the run: its measurements were 3.61% lower in the second half than in the first, so the machine did not hold still
    - candidate B drifted during the run: its measurements were 2.89% lower in the second half than in the first, so the machine did not hold still

build from empty to 98979 elements, per whole build (354807 operations):
  A: 4.449e+07 ns per operation (median)
  B: 4.458e+07 ns per operation (median)
  A needs 0.229% less time than B: B takes 1.00 times as long as A.
  With 95% confidence the difference lies between 0.00393% and 0.746% less time (B takes between 1 and 1.01 times as long as A).
  Noise floor: 0.323%. Identical code measured against itself on this setup can look that different, so smaller differences mean nothing.
  Neighbouring measurements are nearly independent (autocorrelation +0.01), so they were resampled one by one.
  
  Verdict: NOT RESOLVED. This run did not establish which candidate is faster. That is not the same as "equally fast": the warnings below say what is missing.
  
  Warnings:
    - the difference of 0.23% does not clear the 0.32% noise floor, which is what this setup reports between two runs of identical code
    - the program holds 46 MB of live data, more than the caches of many machines; for data that size, where it lies in memory can shift the result by several points in ways the interval does not cover, and differently in the next process; run the comparison in several processes with the multiproc package

checksum 16234291677564327944
== str multi n=16384 valuesFor: ordered vs baseline
A: 90.88 ns per operation (median)
B: 90.84 ns per operation (median)
A needs 0.0255% more time than B: B takes only 1.00 times as long as A.
With 95% confidence the difference lies between 0.666% more time and 0.627% less time (B takes between 0.993 and 1.01 times as long as A).
Noise floor: 0.677%. Identical code measured against itself on this setup can look that different, so smaller differences mean nothing.
Neighbouring measurements are nearly independent (autocorrelation +0.20), so they were resampled one by one.

Verdict: NOT RESOLVED. This run did not establish which candidate is faster. That is not the same as "equally fast": the warnings below say what is missing.

Warnings:
  - the difference of -0.03% does not clear the 0.68% noise floor, which is what this setup reports between two runs of identical code
  - the interval [-0.67%, 0.63%] includes zero, so a difference in either direction is consistent with these measurements
  - the program holds 42 MB of live data, more than the caches of many machines; for data that size, where it lies in memory can shift the result by several points in ways the interval does not cover, and differently in the next process; run the comparison in several processes with the multiproc package

== str multi n=16384 valuesBetween: ordered vs baseline
A: 4685 ns per operation (median)
B: 4659 ns per operation (median)
A needs 0.871% more time than B: B takes only 0.99 times as long as A.
With 95% confidence the difference lies between 1.96% more time and 0.245% less time (B takes between 0.981 and 1.00 times as long as A).
Noise floor: 0.961%. Identical code measured against itself on this setup can look that different, so smaller differences mean nothing.
Neighbouring measurements are nearly independent (autocorrelation +0.10), so they were resampled one by one.

Verdict: NOT RESOLVED. This run did not establish which candidate is faster. That is not the same as "equally fast": the warnings below say what is missing.

Warnings:
  - the difference of -0.87% does not clear the 0.96% noise floor, which is what this setup reports between two runs of identical code
  - the interval [-1.96%, 0.25%] includes zero, so a difference in either direction is consistent with these measurements
  - the program holds 42 MB of live data, more than the caches of many machines; for data that size, where it lies in memory can shift the result by several points in ways the interval does not cover, and differently in the next process; run the comparison in several processes with the multiproc package
  - candidate A drifted during the run: its measurements were 1.97% higher in the second half than in the first, so the machine did not hold still
  - in 50% of A/A runs this setup reported a difference between identical code, well above the 10% expected; treat any confidence from it with suspicion

== str multi n=16384 churn and build: ordered vs baseline
steady state, per insertion or deletion in a structure of 98979 elements (cycle of 258918 operations, first pass untimed):
  A: 135.9 ns per operation (median)
  B: 132.9 ns per operation (median)
  A needs 0.561% more time than B: B takes only 0.99 times as long as A.
  With 95% confidence the difference lies between 0.389% and 1.35% more time (B takes between 0.987 and 1.00 times as long as A).
  Noise floor: 0.464%. Identical code measured against itself on this setup can look that different, so smaller differences mean nothing.
  Neighbouring measurements are correlated (autocorrelation +0.44), so they were resampled in blocks of 3.
  
  Verdict: RESOLVED. A is slower than B: the difference is real, as its interval excludes zero and it exceeds the noise floor.
  
  Warnings:
    - the program holds 57 MB of live data, more than the caches of many machines; for data that size, where it lies in memory can shift the result by several points in ways the interval does not cover, and differently in the next process; run the comparison in several processes with the multiproc package
    - candidate A drifted during the run: its measurements were 11.5% higher in the second half than in the first, so the machine did not hold still
    - candidate B drifted during the run: its measurements were 10.7% higher in the second half than in the first, so the machine did not hold still
    - in 50% of A/A runs this setup reported a difference between identical code, well above the 10% expected; treat any confidence from it with suspicion

build from empty to 98979 elements, per whole build (354807 operations):
  A: 4.468e+07 ns per operation (median)
  B: 4.452e+07 ns per operation (median)
  A needs 0.366% more time than B: B takes only 1.00 times as long as A.
  With 95% confidence the difference lies between 0.226% and 0.535% more time (B takes between 0.995 and 1.00 times as long as A).
  Noise floor: 0.504%. Identical code measured against itself on this setup can look that different, so smaller differences mean nothing.
  Neighbouring measurements are correlated (autocorrelation +0.34), so they were resampled in blocks of 3.
  
  Verdict: NOT RESOLVED. This run did not establish which candidate is faster. That is not the same as "equally fast": the warnings below say what is missing.
  
  Warnings:
    - the difference of -0.37% does not clear the 0.50% noise floor, which is what this setup reports between two runs of identical code
    - the program holds 47 MB of live data, more than the caches of many machines; for data that size, where it lies in memory can shift the result by several points in ways the interval does not cover, and differently in the next process; run the comparison in several processes with the multiproc package

checksum 2008931031452789665
== str multi n=16384 valuesFor: ordered vs baseline
A: 91.56 ns per operation (median)
B: 90.82 ns per operation (median)
A needs 0.335% more time than B: B takes only 1.00 times as long as A.
With 95% confidence the difference lies between 0.218% and 0.856% more time (B takes between 0.992 and 1.00 times as long as A).
Noise floor: 1.03%. Identical code measured against itself on this setup can look that different, so smaller differences mean nothing.
Neighbouring measurements are correlated (autocorrelation +0.69), so they were resampled in blocks of 3.

Verdict: NOT RESOLVED. This run did not establish which candidate is faster. That is not the same as "equally fast": the warnings below say what is missing.

Warnings:
  - the difference of -0.34% does not clear the 1.03% noise floor, which is what this setup reports between two runs of identical code
  - the program holds 47 MB of live data, more than the caches of many machines; for data that size, where it lies in memory can shift the result by several points in ways the interval does not cover, and differently in the next process; run the comparison in several processes with the multiproc package

== str multi n=16384 valuesBetween: ordered vs baseline
A: 4727 ns per operation (median)
B: 4675 ns per operation (median)
A needs 1.35% more time than B: B takes only 0.99 times as long as A.
With 95% confidence the difference lies between 0.693% and 1.77% more time (B takes between 0.983 and 0.99 times as long as A).
Noise floor: 1.13%. Identical code measured against itself on this setup can look that different, so smaller differences mean nothing.
Neighbouring measurements are nearly independent (autocorrelation -0.18), so they were resampled one by one.

Verdict: RESOLVED. A is slower than B: the difference is real, as its interval excludes zero and it exceeds the noise floor.

Warnings:
  - the program holds 47 MB of live data, more than the caches of many machines; for data that size, where it lies in memory can shift the result by several points in ways the interval does not cover, and differently in the next process; run the comparison in several processes with the multiproc package
  - 5.4% of bootstrap replicates tied, so the measurement is coarse relative to the question; lower CollectOptions.MaxQuantizationError to lengthen the batches

== str multi n=16384 churn and build: ordered vs baseline
steady state, per insertion or deletion in a structure of 98979 elements (cycle of 258918 operations, first pass untimed):
  A: 127.5 ns per operation (median)
  B: 127 ns per operation (median)
  A needs 0.0227% more time than B: B takes only 1.00 times as long as A.
  With 95% confidence the difference lies between 0.608% more time and 0.484% less time (B takes between 0.994 and 1.00 times as long as A).
  Noise floor: 1.41%. Identical code measured against itself on this setup can look that different, so smaller differences mean nothing.
  Neighbouring measurements are correlated (autocorrelation +0.41), so they were resampled in blocks of 3.
  
  Verdict: NOT RESOLVED. This run did not establish which candidate is faster. That is not the same as "equally fast": the warnings below say what is missing.
  
  Warnings:
    - the difference of -0.02% does not clear the 1.41% noise floor, which is what this setup reports between two runs of identical code
    - the interval [-0.61%, 0.48%] includes zero, so a difference in either direction is consistent with these measurements
    - the program holds 57 MB of live data, more than the caches of many machines; for data that size, where it lies in memory can shift the result by several points in ways the interval does not cover, and differently in the next process; run the comparison in several processes with the multiproc package
    - in 50% of A/A runs this setup reported a difference between identical code, well above the 10% expected; treat any confidence from it with suspicion

build from empty to 98979 elements, per whole build (354807 operations):
  A: 4.452e+07 ns per operation (median)
  B: 4.447e+07 ns per operation (median)
  A needs 0.14% more time than B: B takes only 1.00 times as long as A.
  With 95% confidence the difference lies between 0.554% more time and 0.221% less time (B takes between 0.994 and 1.00 times as long as A).
  Noise floor: 0.17%. Identical code measured against itself on this setup can look that different, so smaller differences mean nothing.
  Neighbouring measurements are correlated (autocorrelation +0.20), so they were resampled in blocks of 3.
  
  Verdict: NOT RESOLVED. This run did not establish which candidate is faster. That is not the same as "equally fast": the warnings below say what is missing.
  
  Warnings:
    - the difference of -0.14% does not clear the 0.17% noise floor, which is what this setup reports between two runs of identical code
    - the interval [-0.55%, 0.22%] includes zero, so a difference in either direction is consistent with these measurements
    - the program holds 46 MB of live data, more than the caches of many machines; for data that size, where it lies in memory can shift the result by several points in ways the interval does not cover, and differently in the next process; run the comparison in several processes with the multiproc package

checksum 4212305643199783436
