11:30:42  start: -suite dev -minprocs 6 -maxprocs 8 -memn 262144 -memrounds 3 -keys u64 -values single-value -sizes 4096,16384,262144 -vs baseline,btree-map -out C:\temp\bench-win\m35-x-ptr-u64keys-single
11:30:53  u64 single-value n=4096: 1 processes done; the first stage is at least 6
11:31:04  u64 single-value n=4096: 2 processes done; the first stage is at least 6
11:31:14  u64 single-value n=4096: 3 processes done; the first stage is at least 6
11:31:25  u64 single-value n=4096: 4 processes done; the first stage is at least 6
11:31:36  u64 single-value n=4096: 5 processes done; the first stage is at least 6
11:31:47  u64 single-value n=4096: first stage of 6 processes done; no comparison needs 6 processes for its interval, run in whole pairs of processes (at most 8)
11:31:47  u64 single-value n=4096: 6 processes done; 0 of 8 comparisons not yet within the interval asked for
11:32:01  u64 single-value n=16384: 1 processes done; the first stage is at least 6
11:32:14  u64 single-value n=16384: 2 processes done; the first stage is at least 6
11:32:27  u64 single-value n=16384: 3 processes done; the first stage is at least 6
11:32:40  u64 single-value n=16384: 4 processes done; the first stage is at least 6
11:32:54  u64 single-value n=16384: 5 processes done; the first stage is at least 6
11:33:07  u64 single-value n=16384: first stage of 6 processes done; valuesFor ordered baseline needs 9 processes for its interval, run in whole pairs of processes (at most 8)
11:33:07  u64 single-value n=16384: 6 processes done; 1 of 8 comparisons not yet within the interval asked for; widest ±2.4 pts: valuesFor ordered baseline
11:33:20  u64 single-value n=16384: 7 processes done; 1 of 8 comparisons not yet within the interval asked for; widest ±2.3 pts: valuesFor ordered baseline
11:33:34  u64 single-value n=16384: 8 processes done; 1 of 8 comparisons not yet within the interval asked for; widest ±2.1 pts: valuesFor ordered baseline
11:33:34  warning: u64 single-value n=16384 stopped after 8 processes, before every interval was as precise as asked
11:33:45  u64 single-value n=262144: 1 processes done; the first stage is at least 6
11:33:57  u64 single-value n=262144: 2 processes done; the first stage is at least 6
11:34:09  u64 single-value n=262144: 3 processes done; the first stage is at least 6
11:34:20  u64 single-value n=262144: 4 processes done; the first stage is at least 6
11:34:33  u64 single-value n=262144: 5 processes done; the first stage is at least 6
11:34:44  u64 single-value n=262144: first stage of 6 processes done; valuesBetween ordered baseline needs 29 processes for its interval, run in whole pairs of processes (at most 8)
11:34:44  u64 single-value n=262144: 6 processes done; 3 of 6 comparisons not yet within the interval asked for; widest ±4.7 pts: valuesBetween ordered baseline
11:34:55  u64 single-value n=262144: 7 processes done; 3 of 6 comparisons not yet within the interval asked for; widest ±4.4 pts: valuesBetween ordered baseline
11:35:08  u64 single-value n=262144: 8 processes done; 2 of 6 comparisons not yet within the interval asked for; widest ±4.1 pts: valuesBetween ordered baseline
11:35:08  warning: u64 single-value n=262144 stopped after 8 processes, before every interval was as precise as asked
11:35:10  memory round 1 of 3 done
11:35:11  memory round 2 of 3 done
11:35:12  memory round 3 of 3 done
11:35:12  done after 4m31s
