18:36:10  start: -suite dev -keys street -values multi -sizes 4096,16384,212449 -minprocs 6 -maxprocs 12 -memn 262144 -memrounds 3 -out C:\temp\bench-win\real-str-street
18:38:36  street multi n=4096: 1 processes done; the first stage is at least 6
18:41:02  street multi n=4096: 2 processes done; the first stage is at least 6
18:43:30  street multi n=4096: 3 processes done; the first stage is at least 6
18:45:54  street multi n=4096: 4 processes done; the first stage is at least 6
18:48:23  street multi n=4096: 5 processes done; the first stage is at least 6
18:50:40  street multi n=4096: first stage of 6 processes done; valuesFor ordered map-sets needs 28 processes for its interval, run in whole pairs of processes (at most 12)
18:50:40  street multi n=4096: 6 processes done; 2 of 15 comparisons not yet within the interval asked for; widest ±6.4 pts: build ordered map-sets
18:53:06  street multi n=4096: 7 processes done; 2 of 15 comparisons not yet within the interval asked for; widest ±5.9 pts: build ordered map-sets
18:55:31  street multi n=4096: 8 processes done; 2 of 15 comparisons not yet within the interval asked for; widest ±5.5 pts: build ordered map-sets
18:57:59  street multi n=4096: 9 processes done; 2 of 15 comparisons not yet within the interval asked for; widest ±5.2 pts: build ordered map-sets
19:00:26  street multi n=4096: 10 processes done; 2 of 15 comparisons not yet within the interval asked for; widest ±5.0 pts: build ordered map-sets
19:02:53  street multi n=4096: 11 processes done; 2 of 15 comparisons not yet within the interval asked for; widest ±4.7 pts: build ordered map-sets
19:05:11  street multi n=4096: 12 processes done; 2 of 15 comparisons not yet within the interval asked for; widest ±4.5 pts: build ordered map-sets
19:05:11  warning: street multi n=4096 stopped after 12 processes, before every interval was as precise as asked
19:05:11  warning: the machine slept 1s during process 3 of street-multi-4096
19:08:45  street multi n=16384: 1 processes done; the first stage is at least 6
19:12:24  street multi n=16384: 2 processes done; the first stage is at least 6
19:15:44  street multi n=16384: 3 processes done; the first stage is at least 6
19:19:06  street multi n=16384: 4 processes done; the first stage is at least 6
19:22:44  street multi n=16384: 5 processes done; the first stage is at least 6
19:26:16  street multi n=16384: first stage of 6 processes done; build ordered map-sets needs 38 processes for its interval, run in whole pairs of processes (at most 12)
19:26:16  street multi n=16384: 6 processes done; 3 of 15 comparisons not yet within the interval asked for; widest ±9.1 pts: build ordered map-sets
19:29:50  street multi n=16384: 7 processes done; 2 of 15 comparisons not yet within the interval asked for; widest ±8.4 pts: build ordered map-sets
19:33:09  street multi n=16384: 8 processes done; 2 of 15 comparisons not yet within the interval asked for; widest ±7.9 pts: build ordered map-sets
19:36:43  street multi n=16384: 9 processes done; 2 of 15 comparisons not yet within the interval asked for; widest ±7.4 pts: build ordered map-sets
19:40:05  street multi n=16384: 10 processes done; 2 of 15 comparisons not yet within the interval asked for; widest ±7.0 pts: build ordered map-sets
19:43:23  street multi n=16384: 11 processes done; 2 of 15 comparisons not yet within the interval asked for; widest ±6.7 pts: build ordered map-sets
19:47:06  street multi n=16384: 12 processes done; 2 of 15 comparisons not yet within the interval asked for; widest ±6.4 pts: build ordered map-sets
19:47:06  warning: street multi n=16384 stopped after 12 processes, before every interval was as precise as asked
19:47:33  street multi n=212449: 1 processes done; the first stage is at least 6
19:48:01  street multi n=212449: 2 processes done; the first stage is at least 6
19:48:28  street multi n=212449: 3 processes done; the first stage is at least 6
19:48:54  street multi n=212449: 4 processes done; the first stage is at least 6
19:49:22  street multi n=212449: 5 processes done; the first stage is at least 6
19:49:49  street multi n=212449: first stage of 6 processes done; valuesFor ordered map-sets needs 15 processes for its interval, run in whole pairs of processes (at most 12)
19:49:49  street multi n=212449: 6 processes done; 2 of 8 comparisons not yet within the interval asked for; widest ±3.1 pts: valuesFor ordered map-sets
19:50:16  street multi n=212449: 7 processes done; 1 of 8 comparisons not yet within the interval asked for; widest ±2.9 pts: valuesFor ordered map-sets
19:50:43  street multi n=212449: 8 processes done; 1 of 8 comparisons not yet within the interval asked for; widest ±2.7 pts: valuesFor ordered map-sets
19:51:10  street multi n=212449: 9 processes done; 1 of 8 comparisons not yet within the interval asked for; widest ±2.6 pts: valuesFor ordered map-sets
19:51:38  street multi n=212449: 10 processes done; 1 of 8 comparisons not yet within the interval asked for; widest ±2.4 pts: valuesFor ordered map-sets
19:52:04  street multi n=212449: 11 processes done; 1 of 8 comparisons not yet within the interval asked for; widest ±2.3 pts: valuesFor ordered map-sets
19:52:31  street multi n=212449: 12 processes done; 1 of 8 comparisons not yet within the interval asked for; widest ±2.2 pts: valuesFor ordered map-sets
19:52:31  warning: street multi n=212449 stopped after 12 processes, before every interval was as precise as asked
19:52:35  memory round 1 of 3 done
19:52:38  memory round 2 of 3 done
19:52:41  memory round 3 of 3 done
19:52:41  done after 1h16m30s
