20:53:34  start: -suite dev -keys dirs -values multi -sizes 4096,16384,86215 -minprocs 8 -maxprocs 24 -memn 262144 -memrounds 3 -out /var/folders/0l/vcs81wv15fz2hx942wfs7x9h0000gn/T//arm-run.fIRKNx/out/bench-out
20:54:07  dirs multi n=4096: 1 processes done; the first stage is at least 8
20:54:40  dirs multi n=4096: 2 processes done; the first stage is at least 8
20:55:13  dirs multi n=4096: 3 processes done; the first stage is at least 8
20:55:46  dirs multi n=4096: 4 processes done; the first stage is at least 8
20:56:19  dirs multi n=4096: 5 processes done; the first stage is at least 8
20:56:50  dirs multi n=4096: 6 processes done; the first stage is at least 8
20:57:23  dirs multi n=4096: 7 processes done; the first stage is at least 8
20:57:56  dirs multi n=4096: first stage of 8 processes done; no comparison needs 8 processes for its interval, run in whole pairs of processes (at most 24)
20:57:56  dirs multi n=4096: 8 processes done; 0 of 15 comparisons not yet within the interval asked for
20:59:22  dirs multi n=16384: 1 processes done; the first stage is at least 8
21:00:45  dirs multi n=16384: 2 processes done; the first stage is at least 8
21:02:09  dirs multi n=16384: 3 processes done; the first stage is at least 8
21:03:30  dirs multi n=16384: 4 processes done; the first stage is at least 8
21:04:48  dirs multi n=16384: 5 processes done; the first stage is at least 8
21:06:06  dirs multi n=16384: 6 processes done; the first stage is at least 8
21:07:24  dirs multi n=16384: 7 processes done; the first stage is at least 8
21:08:43  dirs multi n=16384: first stage of 8 processes done; churn ordered map-sets needs 17 processes for its interval, run in whole pairs of processes (at most 24)
21:08:43  dirs multi n=16384: 8 processes done; 3 of 15 comparisons not yet within the interval asked for; widest ±15.9 pts: churn ordered hashed
21:10:00  dirs multi n=16384: 9 processes done; 3 of 15 comparisons not yet within the interval asked for; widest ±15.0 pts: churn ordered hashed
21:11:19  dirs multi n=16384: 10 processes done; 3 of 15 comparisons not yet within the interval asked for; widest ±14.2 pts: churn ordered hashed
21:12:37  dirs multi n=16384: 11 processes done; 3 of 15 comparisons not yet within the interval asked for; widest ±13.6 pts: churn ordered hashed
21:13:55  dirs multi n=16384: 12 processes done; 2 of 15 comparisons not yet within the interval asked for; widest ±11.3 pts: churn ordered map-sets
21:15:13  dirs multi n=16384: 13 processes done; 2 of 15 comparisons not yet within the interval asked for; widest ±10.9 pts: churn ordered map-sets
21:16:32  dirs multi n=16384: 14 processes done; 1 of 15 comparisons not yet within the interval asked for; widest ±10.5 pts: churn ordered map-sets
21:17:50  dirs multi n=16384: 15 processes done; 0 of 15 comparisons not yet within the interval asked for
21:19:07  dirs multi n=16384: 16 processes done; 0 of 15 comparisons not yet within the interval asked for
21:20:25  dirs multi n=16384: 17 processes done; 0 of 15 comparisons not yet within the interval asked for
21:21:43  dirs multi n=16384: 18 processes done; 0 of 15 comparisons not yet within the interval asked for
21:22:09  dirs multi n=86215: 1 processes done; the first stage is at least 8
21:22:36  dirs multi n=86215: 2 processes done; the first stage is at least 8
21:23:03  dirs multi n=86215: 3 processes done; the first stage is at least 8
21:23:29  dirs multi n=86215: 4 processes done; the first stage is at least 8
21:23:56  dirs multi n=86215: 5 processes done; the first stage is at least 8
21:24:23  dirs multi n=86215: 6 processes done; the first stage is at least 8
21:24:49  dirs multi n=86215: 7 processes done; the first stage is at least 8
21:25:16  dirs multi n=86215: first stage of 8 processes done; churn ordered hashed needs 20 processes for its interval, run in whole pairs of processes (at most 24)
21:25:16  dirs multi n=86215: 8 processes done; 1 of 8 comparisons not yet within the interval asked for; widest ±25.7 pts: churn ordered hashed
21:25:43  dirs multi n=86215: 9 processes done; 1 of 8 comparisons not yet within the interval asked for; widest ±24.2 pts: churn ordered hashed
21:26:10  dirs multi n=86215: 10 processes done; 1 of 8 comparisons not yet within the interval asked for; widest ±23.0 pts: churn ordered hashed
21:26:37  dirs multi n=86215: 11 processes done; 1 of 8 comparisons not yet within the interval asked for; widest ±21.9 pts: churn ordered hashed
21:27:03  dirs multi n=86215: 12 processes done; 1 of 8 comparisons not yet within the interval asked for; widest ±21.0 pts: churn ordered hashed
21:27:30  dirs multi n=86215: 13 processes done; 1 of 8 comparisons not yet within the interval asked for; widest ±20.1 pts: churn ordered hashed
21:27:57  dirs multi n=86215: 14 processes done; 1 of 8 comparisons not yet within the interval asked for; widest ±19.4 pts: churn ordered hashed
21:28:23  dirs multi n=86215: 15 processes done; 1 of 8 comparisons not yet within the interval asked for; widest ±18.7 pts: churn ordered hashed
21:28:50  dirs multi n=86215: 16 processes done; 1 of 8 comparisons not yet within the interval asked for; widest ±18.1 pts: churn ordered hashed
21:29:17  dirs multi n=86215: 17 processes done; 1 of 8 comparisons not yet within the interval asked for; widest ±17.6 pts: churn ordered hashed
21:29:44  dirs multi n=86215: 18 processes done; 1 of 8 comparisons not yet within the interval asked for; widest ±17.1 pts: churn ordered hashed
21:30:11  dirs multi n=86215: 19 processes done; 0 of 8 comparisons not yet within the interval asked for
21:30:37  dirs multi n=86215: 20 processes done; 0 of 8 comparisons not yet within the interval asked for
21:30:41  memory round 1 of 3 done
21:30:44  memory round 2 of 3 done
21:30:48  memory round 3 of 3 done
21:30:48  done after 37m14s
