== street multi n=212449 valuesFor: ordered vs hashed
A: 268.3 ns per operation (median)
B: 109.2 ns per operation (median)
A needs 146% more time than B: B takes only 0.41 times as long as A.
With 95% confidence the difference lies between 137% and 153% more time (B takes between 0.395 and 0.42 times as long as A).
Noise floor: 2.67%. Identical code measured against itself on this setup can look that different, so smaller differences mean nothing.
Neighbouring measurements are nearly independent (autocorrelation -0.25), so they were resampled one by one.

Verdict: RESOLVED. A is slower than B: the difference is real, as its interval excludes zero and it exceeds the noise floor.

Warnings:
  - the program holds 269 MB of live data, more than the caches of many machines; for data that size, where it lies in memory can shift the result by several points in ways the interval does not cover, and differently in the next process; run the comparison in several processes with the multiproc package
  - candidate A drifted during the run: its measurements were 10% higher in the second half than in the first, so the machine did not hold still
  - candidate B drifted during the run: its measurements were 9.67% higher in the second half than in the first, so the machine did not hold still

== street multi n=212449 valuesFor: ordered vs btree-sets
A: 284.1 ns per operation (median)
B: 629 ns per operation (median)
A needs 54.6% less time than B: B takes 2.20 times as long as A.
With 95% confidence the difference lies between 52.4% and 56.1% less time (B takes between 2.1 and 2.28 times as long as A).
Noise floor: 1.9%. Identical code measured against itself on this setup can look that different, so smaller differences mean nothing.
Neighbouring measurements are nearly independent (autocorrelation -0.54), so they were resampled one by one.

Verdict: RESOLVED. A is faster than B: the difference is real, as its interval excludes zero and it exceeds the noise floor.

Warnings:
  - the program holds 269 MB of live data, more than the caches of many machines; for data that size, where it lies in memory can shift the result by several points in ways the interval does not cover, and differently in the next process; run the comparison in several processes with the multiproc package

== street multi n=212449 valuesFor: ordered vs map-sets
A: 277.1 ns per operation (median)
B: 238.5 ns per operation (median)
A needs 13.3% more time than B: B takes only 0.88 times as long as A.
With 95% confidence the difference lies between 11.4% and 18.1% more time (B takes between 0.847 and 0.90 times as long as A).
Noise floor: 1.39%. Identical code measured against itself on this setup can look that different, so smaller differences mean nothing.
Neighbouring measurements are correlated (autocorrelation +0.40), so they were resampled in blocks of 3.

Verdict: RESOLVED. A is slower than B: the difference is real, as its interval excludes zero and it exceeds the noise floor.

Warnings:
  - the program holds 269 MB of live data, more than the caches of many machines; for data that size, where it lies in memory can shift the result by several points in ways the interval does not cover, and differently in the next process; run the comparison in several processes with the multiproc package
  - candidate B drifted during the run: its measurements were 3.45% higher in the second half than in the first, so the machine did not hold still

== street multi n=212449 valuesBetween: ordered vs btree-sets
A: 6420 ns per operation (median)
B: 1.266e+04 ns per operation (median)
A needs 49.2% less time than B: B takes 1.97 times as long as A.
With 95% confidence the difference lies between 47.5% and 51.4% less time (B takes between 1.9 and 2.06 times as long as A).
Noise floor: 0.64%. Identical code measured against itself on this setup can look that different, so smaller differences mean nothing.
Neighbouring measurements are nearly independent (autocorrelation -0.28), so they were resampled one by one.

Verdict: RESOLVED. A is faster than B: the difference is real, as its interval excludes zero and it exceeds the noise floor.

Warnings:
  - the program holds 343 MB of live data, more than the caches of many machines; for data that size, where it lies in memory can shift the result by several points in ways the interval does not cover, and differently in the next process; run the comparison in several processes with the multiproc package

== street multi n=212449 prefix: ordered vs btree-sets
A: 2.412e+04 ns per operation (median)
B: 4.779e+04 ns per operation (median)
A needs 53.3% less time than B: B takes 2.14 times as long as A.
With 95% confidence the difference lies between 47.4% and 54.6% less time (B takes between 1.9 and 2.20 times as long as A).
Noise floor: 5.65%. Identical code measured against itself on this setup can look that different, so smaller differences mean nothing.
Neighbouring measurements are nearly independent (autocorrelation -0.07), so they were resampled one by one.

Verdict: RESOLVED. A is faster than B: the difference is real, as its interval excludes zero and it exceeds the noise floor.

Warnings:
  - the program holds 343 MB of live data, more than the caches of many machines; for data that size, where it lies in memory can shift the result by several points in ways the interval does not cover, and differently in the next process; run the comparison in several processes with the multiproc package
  - candidate B drifted during the run: its measurements were 6.06% higher in the second half than in the first, so the machine did not hold still
  - in 50% of A/A runs this setup reported a difference between identical code, well above the 10% expected; treat any confidence from it with suspicion

== street multi n=212449 churn and build: ordered vs hashed
steady state, per insertion or deletion in a structure of 578999 elements (cycle of 1512160 operations, first pass untimed):
  A: 496.4 ns per operation (median)
  B: 214.8 ns per operation (median)
  A needs 141% more time than B: B takes only 0.41 times as long as A.
  With 95% confidence the difference lies between 40.6% and 147% more time (B takes between 0.404 and 0.71 times as long as A).
  Noise floor: 22.6%. Identical code measured against itself on this setup can look that different, so smaller differences mean nothing.
  Neighbouring measurements are nearly independent (autocorrelation -0.58), so they were resampled one by one.
  
  Verdict: RESOLVED. A is slower than B: the difference is real, as its interval excludes zero and it exceeds the noise floor.
  
  Warnings:
    - the program holds 441 MB of live data, more than the caches of many machines; for data that size, where it lies in memory can shift the result by several points in ways the interval does not cover, and differently in the next process; run the comparison in several processes with the multiproc package

== street multi n=212449 churn and build: ordered vs btree-sets
steady state, per insertion or deletion in a structure of 578999 elements (cycle of 1512160 operations, first pass untimed):
  A: 564 ns per operation (median)
  B: 836.9 ns per operation (median)
  A needs 32.4% less time than B: B takes 1.48 times as long as A.
  With 95% confidence the difference lies between 30.7% and 37.5% less time (B takes between 1.44 and 1.60 times as long as A).
  Noise floor: 1.35%. Identical code measured against itself on this setup can look that different, so smaller differences mean nothing.
  Neighbouring measurements are nearly independent (autocorrelation +0.10), so they were resampled one by one.
  
  Verdict: RESOLVED. A is faster than B: the difference is real, as its interval excludes zero and it exceeds the noise floor.
  
  Warnings:
    - the program holds 440 MB of live data, more than the caches of many machines; for data that size, where it lies in memory can shift the result by several points in ways the interval does not cover, and differently in the next process; run the comparison in several processes with the multiproc package

== street multi n=212449 churn and build: ordered vs map-sets
steady state, per insertion or deletion in a structure of 578999 elements (cycle of 1512160 operations, first pass untimed):
  A: 511.7 ns per operation (median)
  B: 272.7 ns per operation (median)
  A needs 90.8% more time than B: B takes only 0.52 times as long as A.
  With 95% confidence the difference lies between 51.7% and 98.3% more time (B takes between 0.504 and 0.66 times as long as A).
  Noise floor: 12.4%. Identical code measured against itself on this setup can look that different, so smaller differences mean nothing.
  Neighbouring measurements are nearly independent (autocorrelation -0.75), so they were resampled one by one.
  
  Verdict: RESOLVED. A is slower than B: the difference is real, as its interval excludes zero and it exceeds the noise floor.
  
  Warnings:
    - the program holds 479 MB of live data, more than the caches of many machines; for data that size, where it lies in memory can shift the result by several points in ways the interval does not cover, and differently in the next process; run the comparison in several processes with the multiproc package

checksum 609574489601
== street multi n=212449 valuesFor: ordered vs hashed
A: 246.5 ns per operation (median)
B: 97.81 ns per operation (median)
A needs 149% more time than B: B takes only 0.40 times as long as A.
With 95% confidence the difference lies between 143% and 158% more time (B takes between 0.388 and 0.41 times as long as A).
Noise floor: 2.91%. Identical code measured against itself on this setup can look that different, so smaller differences mean nothing.
Neighbouring measurements are nearly independent (autocorrelation -0.22), so they were resampled one by one.

Verdict: RESOLVED. A is slower than B: the difference is real, as its interval excludes zero and it exceeds the noise floor.

Warnings:
  - the program holds 364 MB of live data, more than the caches of many machines; for data that size, where it lies in memory can shift the result by several points in ways the interval does not cover, and differently in the next process; run the comparison in several processes with the multiproc package

== street multi n=212449 valuesFor: ordered vs btree-sets
A: 313.8 ns per operation (median)
B: 673.3 ns per operation (median)
A needs 54.8% less time than B: B takes 2.21 times as long as A.
With 95% confidence the difference lies between 51.8% and 55.9% less time (B takes between 2.07 and 2.27 times as long as A).
Noise floor: 2.45%. Identical code measured against itself on this setup can look that different, so smaller differences mean nothing.
Neighbouring measurements are nearly independent (autocorrelation -0.65), so they were resampled one by one.

Verdict: RESOLVED. A is faster than B: the difference is real, as its interval excludes zero and it exceeds the noise floor.

Warnings:
  - the program holds 364 MB of live data, more than the caches of many machines; for data that size, where it lies in memory can shift the result by several points in ways the interval does not cover, and differently in the next process; run the comparison in several processes with the multiproc package
  - candidate A drifted during the run: its measurements were 10.1% lower in the second half than in the first, so the machine did not hold still
  - candidate B drifted during the run: its measurements were 11.5% lower in the second half than in the first, so the machine did not hold still

== street multi n=212449 valuesFor: ordered vs map-sets
A: 270.7 ns per operation (median)
B: 241.1 ns per operation (median)
A needs 10.8% more time than B: B takes only 0.90 times as long as A.
With 95% confidence the difference lies between 8.94% and 16.9% more time (B takes between 0.855 and 0.92 times as long as A).
Noise floor: 1.99%. Identical code measured against itself on this setup can look that different, so smaller differences mean nothing.
Neighbouring measurements are nearly independent (autocorrelation -0.29), so they were resampled one by one.

Verdict: RESOLVED. A is slower than B: the difference is real, as its interval excludes zero and it exceeds the noise floor.

Warnings:
  - the program holds 364 MB of live data, more than the caches of many machines; for data that size, where it lies in memory can shift the result by several points in ways the interval does not cover, and differently in the next process; run the comparison in several processes with the multiproc package

== street multi n=212449 valuesBetween: ordered vs btree-sets
A: 6291 ns per operation (median)
B: 1.268e+04 ns per operation (median)
A needs 50.1% less time than B: B takes 2.00 times as long as A.
With 95% confidence the difference lies between 49.1% and 50.9% less time (B takes between 1.96 and 2.04 times as long as A).
Noise floor: 1.03%. Identical code measured against itself on this setup can look that different, so smaller differences mean nothing.
Neighbouring measurements are nearly independent (autocorrelation -0.14), so they were resampled one by one.

Verdict: RESOLVED. A is faster than B: the difference is real, as its interval excludes zero and it exceeds the noise floor.

Warnings:
  - the program holds 364 MB of live data, more than the caches of many machines; for data that size, where it lies in memory can shift the result by several points in ways the interval does not cover, and differently in the next process; run the comparison in several processes with the multiproc package

== street multi n=212449 prefix: ordered vs btree-sets
A: 2.366e+04 ns per operation (median)
B: 4.782e+04 ns per operation (median)
A needs 54% less time than B: B takes 2.18 times as long as A.
With 95% confidence the difference lies between 48.7% and 55.7% less time (B takes between 1.95 and 2.26 times as long as A).
Noise floor: 5.35%. Identical code measured against itself on this setup can look that different, so smaller differences mean nothing.
Neighbouring measurements are nearly independent (autocorrelation -0.15), so they were resampled one by one.

Verdict: RESOLVED. A is faster than B: the difference is real, as its interval excludes zero and it exceeds the noise floor.

Warnings:
  - the program holds 364 MB of live data, more than the caches of many machines; for data that size, where it lies in memory can shift the result by several points in ways the interval does not cover, and differently in the next process; run the comparison in several processes with the multiproc package
  - candidate B drifted during the run: its measurements were 7% higher in the second half than in the first, so the machine did not hold still
  - in 50% of A/A runs this setup reported a difference between identical code, well above the 10% expected; treat any confidence from it with suspicion

== street multi n=212449 churn and build: ordered vs hashed
steady state, per insertion or deletion in a structure of 578999 elements (cycle of 1512160 operations, first pass untimed):
  A: 488.5 ns per operation (median)
  B: 219.7 ns per operation (median)
  A needs 133% more time than B: B takes only 0.43 times as long as A.
  With 95% confidence the difference lies between 42.7% and 140% more time (B takes between 0.417 and 0.70 times as long as A).
  Noise floor: 24.7%. Identical code measured against itself on this setup can look that different, so smaller differences mean nothing.
  Neighbouring measurements are nearly independent (autocorrelation -0.93), so they were resampled one by one.
  
  Verdict: RESOLVED. A is slower than B: the difference is real, as its interval excludes zero and it exceeds the noise floor.
  
  Warnings:
    - the program holds 406 MB of live data, more than the caches of many machines; for data that size, where it lies in memory can shift the result by several points in ways the interval does not cover, and differently in the next process; run the comparison in several processes with the multiproc package

== street multi n=212449 churn and build: ordered vs btree-sets
steady state, per insertion or deletion in a structure of 578999 elements (cycle of 1512160 operations, first pass untimed):
  A: 562.8 ns per operation (median)
  B: 854.1 ns per operation (median)
  A needs 36.2% less time than B: B takes 1.57 times as long as A.
  With 95% confidence the difference lies between 32% and 37.7% less time (B takes between 1.47 and 1.61 times as long as A).
  Noise floor: 3.02%. Identical code measured against itself on this setup can look that different, so smaller differences mean nothing.
  Neighbouring measurements are nearly independent (autocorrelation -0.24), so they were resampled one by one.
  
  Verdict: RESOLVED. A is faster than B: the difference is real, as its interval excludes zero and it exceeds the noise floor.
  
  Warnings:
    - the program holds 486 MB of live data, more than the caches of many machines; for data that size, where it lies in memory can shift the result by several points in ways the interval does not cover, and differently in the next process; run the comparison in several processes with the multiproc package
    - candidate A drifted during the run: its measurements were 7.08% higher in the second half than in the first, so the machine did not hold still
    - candidate B drifted during the run: its measurements were 3.28% higher in the second half than in the first, so the machine did not hold still

== street multi n=212449 churn and build: ordered vs map-sets
steady state, per insertion or deletion in a structure of 578999 elements (cycle of 1512160 operations, first pass untimed):
  A: 497.8 ns per operation (median)
  B: 284.3 ns per operation (median)
  A needs 85.6% more time than B: B takes only 0.54 times as long as A.
  With 95% confidence the difference lies between 46.1% and 91.9% more time (B takes between 0.521 and 0.68 times as long as A).
  Noise floor: 13.3%. Identical code measured against itself on this setup can look that different, so smaller differences mean nothing.
  Neighbouring measurements are nearly independent (autocorrelation -0.61), so they were resampled one by one.
  
  Verdict: RESOLVED. A is slower than B: the difference is real, as its interval excludes zero and it exceeds the noise floor.
  
  Warnings:
    - the program holds 464 MB of live data, more than the caches of many machines; for data that size, where it lies in memory can shift the result by several points in ways the interval does not cover, and differently in the next process; run the comparison in several processes with the multiproc package

checksum 619439250022
== street multi n=212449 valuesFor: ordered vs hashed
A: 276.9 ns per operation (median)
B: 112.7 ns per operation (median)
A needs 144% more time than B: B takes only 0.41 times as long as A.
With 95% confidence the difference lies between 141% and 152% more time (B takes between 0.396 and 0.41 times as long as A).
Noise floor: 1.2%. Identical code measured against itself on this setup can look that different, so smaller differences mean nothing.
Neighbouring measurements are nearly independent (autocorrelation -0.05), so they were resampled one by one.

Verdict: RESOLVED. A is slower than B: the difference is real, as its interval excludes zero and it exceeds the noise floor.

Warnings:
  - the program holds 310 MB of live data, more than the caches of many machines; for data that size, where it lies in memory can shift the result by several points in ways the interval does not cover, and differently in the next process; run the comparison in several processes with the multiproc package
  - candidate A drifted during the run: its measurements were 8.37% lower in the second half than in the first, so the machine did not hold still
  - candidate B drifted during the run: its measurements were 6.46% lower in the second half than in the first, so the machine did not hold still

== street multi n=212449 valuesFor: ordered vs btree-sets
A: 295.3 ns per operation (median)
B: 637.6 ns per operation (median)
A needs 54.7% less time than B: B takes 2.21 times as long as A.
With 95% confidence the difference lies between 52% and 56.4% less time (B takes between 2.08 and 2.29 times as long as A).
Noise floor: 4.56%. Identical code measured against itself on this setup can look that different, so smaller differences mean nothing.
Neighbouring measurements are nearly independent (autocorrelation -0.61), so they were resampled one by one.

Verdict: RESOLVED. A is faster than B: the difference is real, as its interval excludes zero and it exceeds the noise floor.

Warnings:
  - the program holds 310 MB of live data, more than the caches of many machines; for data that size, where it lies in memory can shift the result by several points in ways the interval does not cover, and differently in the next process; run the comparison in several processes with the multiproc package

== street multi n=212449 valuesFor: ordered vs map-sets
A: 274.1 ns per operation (median)
B: 241.4 ns per operation (median)
A needs 15.1% more time than B: B takes only 0.87 times as long as A.
With 95% confidence the difference lies between 9.77% and 16.9% more time (B takes between 0.855 and 0.91 times as long as A).
Noise floor: 2.65%. Identical code measured against itself on this setup can look that different, so smaller differences mean nothing.
Neighbouring measurements are nearly independent (autocorrelation -0.19), so they were resampled one by one.

Verdict: RESOLVED. A is slower than B: the difference is real, as its interval excludes zero and it exceeds the noise floor.

Warnings:
  - the program holds 310 MB of live data, more than the caches of many machines; for data that size, where it lies in memory can shift the result by several points in ways the interval does not cover, and differently in the next process; run the comparison in several processes with the multiproc package

== street multi n=212449 valuesBetween: ordered vs btree-sets
A: 6325 ns per operation (median)
B: 1.273e+04 ns per operation (median)
A needs 49.6% less time than B: B takes 1.98 times as long as A.
With 95% confidence the difference lies between 49.1% and 52.1% less time (B takes between 1.97 and 2.09 times as long as A).
Noise floor: 1.15%. Identical code measured against itself on this setup can look that different, so smaller differences mean nothing.
Neighbouring measurements are nearly independent (autocorrelation -0.15), so they were resampled one by one.

Verdict: RESOLVED. A is faster than B: the difference is real, as its interval excludes zero and it exceeds the noise floor.

Warnings:
  - the program holds 310 MB of live data, more than the caches of many machines; for data that size, where it lies in memory can shift the result by several points in ways the interval does not cover, and differently in the next process; run the comparison in several processes with the multiproc package
  - in 50% of A/A runs this setup reported a difference between identical code, well above the 10% expected; treat any confidence from it with suspicion

== street multi n=212449 prefix: ordered vs btree-sets
A: 2.423e+04 ns per operation (median)
B: 4.899e+04 ns per operation (median)
A needs 53.7% less time than B: B takes 2.16 times as long as A.
With 95% confidence the difference lies between 49.1% and 55.7% less time (B takes between 1.97 and 2.26 times as long as A).
Noise floor: 4.49%. Identical code measured against itself on this setup can look that different, so smaller differences mean nothing.
Neighbouring measurements are nearly independent (autocorrelation -0.17), so they were resampled one by one.

Verdict: RESOLVED. A is faster than B: the difference is real, as its interval excludes zero and it exceeds the noise floor.

Warnings:
  - the program holds 310 MB of live data, more than the caches of many machines; for data that size, where it lies in memory can shift the result by several points in ways the interval does not cover, and differently in the next process; run the comparison in several processes with the multiproc package
  - candidate A drifted during the run: its measurements were 7.96% higher in the second half than in the first, so the machine did not hold still
  - candidate B drifted during the run: its measurements were 19% higher in the second half than in the first, so the machine did not hold still
  - the ratio B/A was 8.96% higher in the second half of the run than in the first, so the candidates had not reached a steady state and the difference depends on how long the run was; a common cause is a head start for whichever candidate ran alone last before the comparison or had its data built last, which a longer CollectOptions.WarmupDuration removes
  - in 50% of A/A runs this setup reported a difference between identical code, well above the 10% expected; treat any confidence from it with suspicion

== street multi n=212449 churn and build: ordered vs hashed
steady state, per insertion or deletion in a structure of 578999 elements (cycle of 1512160 operations, first pass untimed):
  A: 498.1 ns per operation (median)
  B: 208.7 ns per operation (median)
  A needs 140% more time than B: B takes only 0.42 times as long as A.
  With 95% confidence the difference lies between 40.1% and 148% more time (B takes between 0.403 and 0.71 times as long as A).
  Noise floor: 26%. Identical code measured against itself on this setup can look that different, so smaller differences mean nothing.
  Neighbouring measurements are nearly independent (autocorrelation -0.92), so they were resampled one by one.
  
  Verdict: RESOLVED. A is slower than B: the difference is real, as its interval excludes zero and it exceeds the noise floor.
  
  Warnings:
    - the program holds 457 MB of live data, more than the caches of many machines; for data that size, where it lies in memory can shift the result by several points in ways the interval does not cover, and differently in the next process; run the comparison in several processes with the multiproc package

== street multi n=212449 churn and build: ordered vs btree-sets
steady state, per insertion or deletion in a structure of 578999 elements (cycle of 1512160 operations, first pass untimed):
  A: 613.6 ns per operation (median)
  B: 942.1 ns per operation (median)
  A needs 35.9% less time than B: B takes 1.56 times as long as A.
  With 95% confidence the difference lies between 33.5% and 37.6% less time (B takes between 1.5 and 1.60 times as long as A).
  Noise floor: 1.31%. Identical code measured against itself on this setup can look that different, so smaller differences mean nothing.
  Neighbouring measurements are nearly independent (autocorrelation +0.05), so they were resampled one by one.
  
  Verdict: RESOLVED. A is faster than B: the difference is real, as its interval excludes zero and it exceeds the noise floor.
  
  Warnings:
    - the program holds 486 MB of live data, more than the caches of many machines; for data that size, where it lies in memory can shift the result by several points in ways the interval does not cover, and differently in the next process; run the comparison in several processes with the multiproc package
    - candidate A drifted during the run: its measurements were 17.7% higher in the second half than in the first, so the machine did not hold still
    - candidate B drifted during the run: its measurements were 24.1% higher in the second half than in the first, so the machine did not hold still

== street multi n=212449 churn and build: ordered vs map-sets
steady state, per insertion or deletion in a structure of 578999 elements (cycle of 1512160 operations, first pass untimed):
  A: 517.4 ns per operation (median)
  B: 280.5 ns per operation (median)
  A needs 87% more time than B: B takes only 0.53 times as long as A.
  With 95% confidence the difference lies between 49.4% and 94.5% more time (B takes between 0.514 and 0.67 times as long as A).
  Noise floor: 14.2%. Identical code measured against itself on this setup can look that different, so smaller differences mean nothing.
  Neighbouring measurements are nearly independent (autocorrelation -0.77), so they were resampled one by one.
  
  Verdict: RESOLVED. A is slower than B: the difference is real, as its interval excludes zero and it exceeds the noise floor.
  
  Warnings:
    - the program holds 469 MB of live data, more than the caches of many machines; for data that size, where it lies in memory can shift the result by several points in ways the interval does not cover, and differently in the next process; run the comparison in several processes with the multiproc package

checksum 615863789285
== street multi n=212449 valuesFor: ordered vs hashed
A: 247.6 ns per operation (median)
B: 99.64 ns per operation (median)
A needs 145% more time than B: B takes only 0.41 times as long as A.
With 95% confidence the difference lies between 138% and 155% more time (B takes between 0.392 and 0.42 times as long as A).
Noise floor: 3.2%. Identical code measured against itself on this setup can look that different, so smaller differences mean nothing.
Neighbouring measurements are nearly independent (autocorrelation -0.36), so they were resampled one by one.

Verdict: RESOLVED. A is slower than B: the difference is real, as its interval excludes zero and it exceeds the noise floor.

Warnings:
  - the program holds 323 MB of live data, more than the caches of many machines; for data that size, where it lies in memory can shift the result by several points in ways the interval does not cover, and differently in the next process; run the comparison in several processes with the multiproc package
  - in 50% of A/A runs this setup reported a difference between identical code, well above the 10% expected; treat any confidence from it with suspicion

== street multi n=212449 valuesFor: ordered vs btree-sets
A: 315.3 ns per operation (median)
B: 664.5 ns per operation (median)
A needs 53.1% less time than B: B takes 2.13 times as long as A.
With 95% confidence the difference lies between 51.5% and 56.1% less time (B takes between 2.06 and 2.28 times as long as A).
Noise floor: 3.64%. Identical code measured against itself on this setup can look that different, so smaller differences mean nothing.
Neighbouring measurements are nearly independent (autocorrelation -0.67), so they were resampled one by one.

Verdict: RESOLVED. A is faster than B: the difference is real, as its interval excludes zero and it exceeds the noise floor.

Warnings:
  - the program holds 323 MB of live data, more than the caches of many machines; for data that size, where it lies in memory can shift the result by several points in ways the interval does not cover, and differently in the next process; run the comparison in several processes with the multiproc package
  - candidate A drifted during the run: its measurements were 12.9% higher in the second half than in the first, so the machine did not hold still
  - candidate B drifted during the run: its measurements were 11.4% higher in the second half than in the first, so the machine did not hold still

== street multi n=212449 valuesFor: ordered vs map-sets
A: 276.9 ns per operation (median)
B: 239 ns per operation (median)
A needs 14.2% more time than B: B takes only 0.88 times as long as A.
With 95% confidence the difference lies between 9.06% and 18% more time (B takes between 0.847 and 0.92 times as long as A).
Noise floor: 2.16%. Identical code measured against itself on this setup can look that different, so smaller differences mean nothing.
Neighbouring measurements are nearly independent (autocorrelation -0.30), so they were resampled one by one.

Verdict: RESOLVED. A is slower than B: the difference is real, as its interval excludes zero and it exceeds the noise floor.

Warnings:
  - the program holds 323 MB of live data, more than the caches of many machines; for data that size, where it lies in memory can shift the result by several points in ways the interval does not cover, and differently in the next process; run the comparison in several processes with the multiproc package

== street multi n=212449 valuesBetween: ordered vs btree-sets
A: 6336 ns per operation (median)
B: 1.26e+04 ns per operation (median)
A needs 50.1% less time than B: B takes 2.00 times as long as A.
With 95% confidence the difference lies between 48.4% and 51.4% less time (B takes between 1.94 and 2.06 times as long as A).
Noise floor: 0.545%. Identical code measured against itself on this setup can look that different, so smaller differences mean nothing.
Neighbouring measurements are nearly independent (autocorrelation -0.07), so they were resampled one by one.

Verdict: RESOLVED. A is faster than B: the difference is real, as its interval excludes zero and it exceeds the noise floor.

Warnings:
  - the program holds 323 MB of live data, more than the caches of many machines; for data that size, where it lies in memory can shift the result by several points in ways the interval does not cover, and differently in the next process; run the comparison in several processes with the multiproc package

== street multi n=212449 prefix: ordered vs btree-sets
A: 2.406e+04 ns per operation (median)
B: 4.781e+04 ns per operation (median)
A needs 53.3% less time than B: B takes 2.14 times as long as A.
With 95% confidence the difference lies between 48.2% and 55.3% less time (B takes between 1.93 and 2.24 times as long as A).
Noise floor: 4.46%. Identical code measured against itself on this setup can look that different, so smaller differences mean nothing.
Neighbouring measurements are nearly independent (autocorrelation -0.02), so they were resampled one by one.

Verdict: RESOLVED. A is faster than B: the difference is real, as its interval excludes zero and it exceeds the noise floor.

Warnings:
  - the program holds 323 MB of live data, more than the caches of many machines; for data that size, where it lies in memory can shift the result by several points in ways the interval does not cover, and differently in the next process; run the comparison in several processes with the multiproc package
  - in 50% of A/A runs this setup reported a difference between identical code, well above the 10% expected; treat any confidence from it with suspicion

== street multi n=212449 churn and build: ordered vs hashed
steady state, per insertion or deletion in a structure of 578999 elements (cycle of 1512160 operations, first pass untimed):
  A: 499 ns per operation (median)
  B: 213.2 ns per operation (median)
  A needs 136% more time than B: B takes only 0.42 times as long as A.
  With 95% confidence the difference lies between 45.4% and 153% more time (B takes between 0.395 and 0.69 times as long as A).
  Noise floor: 24.4%. Identical code measured against itself on this setup can look that different, so smaller differences mean nothing.
  Neighbouring measurements are nearly independent (autocorrelation -0.91), so they were resampled one by one.
  
  Verdict: RESOLVED. A is slower than B: the difference is real, as its interval excludes zero and it exceeds the noise floor.
  
  Warnings:
    - the program holds 435 MB of live data, more than the caches of many machines; for data that size, where it lies in memory can shift the result by several points in ways the interval does not cover, and differently in the next process; run the comparison in several processes with the multiproc package

== street multi n=212449 churn and build: ordered vs btree-sets
steady state, per insertion or deletion in a structure of 578999 elements (cycle of 1512160 operations, first pass untimed):
  A: 551.3 ns per operation (median)
  B: 824.4 ns per operation (median)
  A needs 31.8% less time than B: B takes 1.47 times as long as A.
  With 95% confidence the difference lies between 30.7% and 36.5% less time (B takes between 1.44 and 1.57 times as long as A).
  Noise floor: 1.46%. Identical code measured against itself on this setup can look that different, so smaller differences mean nothing.
  Neighbouring measurements are nearly independent (autocorrelation -0.42), so they were resampled one by one.
  
  Verdict: RESOLVED. A is faster than B: the difference is real, as its interval excludes zero and it exceeds the noise floor.
  
  Warnings:
    - the program holds 484 MB of live data, more than the caches of many machines; for data that size, where it lies in memory can shift the result by several points in ways the interval does not cover, and differently in the next process; run the comparison in several processes with the multiproc package

== street multi n=212449 churn and build: ordered vs map-sets
steady state, per insertion or deletion in a structure of 578999 elements (cycle of 1512160 operations, first pass untimed):
  A: 524.1 ns per operation (median)
  B: 275.4 ns per operation (median)
  A needs 94.7% more time than B: B takes only 0.51 times as long as A.
  With 95% confidence the difference lies between 49.4% and 97.1% more time (B takes between 0.507 and 0.67 times as long as A).
  Noise floor: 12.3%. Identical code measured against itself on this setup can look that different, so smaller differences mean nothing.
  Neighbouring measurements are nearly independent (autocorrelation -0.28), so they were resampled one by one.
  
  Verdict: RESOLVED. A is slower than B: the difference is real, as its interval excludes zero and it exceeds the noise floor.
  
  Warnings:
    - the program holds 469 MB of live data, more than the caches of many machines; for data that size, where it lies in memory can shift the result by several points in ways the interval does not cover, and differently in the next process; run the comparison in several processes with the multiproc package

checksum 617458317970
== street multi n=212449 valuesFor: ordered vs hashed
A: 246.1 ns per operation (median)
B: 98.26 ns per operation (median)
A needs 146% more time than B: B takes only 0.41 times as long as A.
With 95% confidence the difference lies between 142% and 157% more time (B takes between 0.39 and 0.41 times as long as A).
Noise floor: 3.75%. Identical code measured against itself on this setup can look that different, so smaller differences mean nothing.
Neighbouring measurements are correlated (autocorrelation +0.31), so they were resampled in blocks of 3.

Verdict: RESOLVED. A is slower than B: the difference is real, as its interval excludes zero and it exceeds the noise floor.

Warnings:
  - the program holds 346 MB of live data, more than the caches of many machines; for data that size, where it lies in memory can shift the result by several points in ways the interval does not cover, and differently in the next process; run the comparison in several processes with the multiproc package

== street multi n=212449 valuesFor: ordered vs btree-sets
A: 292.3 ns per operation (median)
B: 653.5 ns per operation (median)
A needs 55.7% less time than B: B takes 2.25 times as long as A.
With 95% confidence the difference lies between 53% and 57.3% less time (B takes between 2.13 and 2.34 times as long as A).
Noise floor: 3.69%. Identical code measured against itself on this setup can look that different, so smaller differences mean nothing.
Neighbouring measurements are nearly independent (autocorrelation -0.59), so they were resampled one by one.

Verdict: RESOLVED. A is faster than B: the difference is real, as its interval excludes zero and it exceeds the noise floor.

Warnings:
  - the program holds 346 MB of live data, more than the caches of many machines; for data that size, where it lies in memory can shift the result by several points in ways the interval does not cover, and differently in the next process; run the comparison in several processes with the multiproc package

== street multi n=212449 valuesFor: ordered vs map-sets
A: 273.1 ns per operation (median)
B: 241.5 ns per operation (median)
A needs 11.5% more time than B: B takes only 0.90 times as long as A.
With 95% confidence the difference lies between 9.33% and 15.9% more time (B takes between 0.863 and 0.91 times as long as A).
Noise floor: 2.36%. Identical code measured against itself on this setup can look that different, so smaller differences mean nothing.
Neighbouring measurements are nearly independent (autocorrelation -0.19), so they were resampled one by one.

Verdict: RESOLVED. A is slower than B: the difference is real, as its interval excludes zero and it exceeds the noise floor.

Warnings:
  - the program holds 346 MB of live data, more than the caches of many machines; for data that size, where it lies in memory can shift the result by several points in ways the interval does not cover, and differently in the next process; run the comparison in several processes with the multiproc package

== street multi n=212449 valuesBetween: ordered vs btree-sets
A: 6395 ns per operation (median)
B: 1.278e+04 ns per operation (median)
A needs 50.7% less time than B: B takes 2.03 times as long as A.
With 95% confidence the difference lies between 49.6% and 51.5% less time (B takes between 1.99 and 2.06 times as long as A).
Noise floor: 1.61%. Identical code measured against itself on this setup can look that different, so smaller differences mean nothing.
Neighbouring measurements are nearly independent (autocorrelation +0.12), so they were resampled one by one.

Verdict: RESOLVED. A is faster than B: the difference is real, as its interval excludes zero and it exceeds the noise floor.

Warnings:
  - the program holds 346 MB of live data, more than the caches of many machines; for data that size, where it lies in memory can shift the result by several points in ways the interval does not cover, and differently in the next process; run the comparison in several processes with the multiproc package
  - in 50% of A/A runs this setup reported a difference between identical code, well above the 10% expected; treat any confidence from it with suspicion

== street multi n=212449 prefix: ordered vs btree-sets
A: 2.368e+04 ns per operation (median)
B: 4.817e+04 ns per operation (median)
A needs 52.6% less time than B: B takes 2.11 times as long as A.
With 95% confidence the difference lies between 48.6% and 55.6% less time (B takes between 1.94 and 2.25 times as long as A).
Noise floor: 5.34%. Identical code measured against itself on this setup can look that different, so smaller differences mean nothing.
Neighbouring measurements are nearly independent (autocorrelation -0.11), so they were resampled one by one.

Verdict: RESOLVED. A is faster than B: the difference is real, as its interval excludes zero and it exceeds the noise floor.

Warnings:
  - the program holds 346 MB of live data, more than the caches of many machines; for data that size, where it lies in memory can shift the result by several points in ways the interval does not cover, and differently in the next process; run the comparison in several processes with the multiproc package
  - candidate A drifted during the run: its measurements were 7.35% higher in the second half than in the first, so the machine did not hold still
  - candidate B drifted during the run: its measurements were 8.41% higher in the second half than in the first, so the machine did not hold still
  - in 50% of A/A runs this setup reported a difference between identical code, well above the 10% expected; treat any confidence from it with suspicion

== street multi n=212449 churn and build: ordered vs hashed
steady state, per insertion or deletion in a structure of 578999 elements (cycle of 1512160 operations, first pass untimed):
  A: 491.7 ns per operation (median)
  B: 214.7 ns per operation (median)
  A needs 135% more time than B: B takes only 0.43 times as long as A.
  With 95% confidence the difference lies between 41.8% and 145% more time (B takes between 0.408 and 0.71 times as long as A).
  Noise floor: 24.5%. Identical code measured against itself on this setup can look that different, so smaller differences mean nothing.
  Neighbouring measurements are nearly independent (autocorrelation -0.93), so they were resampled one by one.
  
  Verdict: RESOLVED. A is slower than B: the difference is real, as its interval excludes zero and it exceeds the noise floor.
  
  Warnings:
    - the program holds 432 MB of live data, more than the caches of many machines; for data that size, where it lies in memory can shift the result by several points in ways the interval does not cover, and differently in the next process; run the comparison in several processes with the multiproc package

== street multi n=212449 churn and build: ordered vs btree-sets
steady state, per insertion or deletion in a structure of 578999 elements (cycle of 1512160 operations, first pass untimed):
  A: 684.6 ns per operation (median)
  B: 1039 ns per operation (median)
  A needs 34% less time than B: B takes 1.52 times as long as A.
  With 95% confidence the difference lies between 32.5% and 35.5% less time (B takes between 1.48 and 1.55 times as long as A).
  Noise floor: 3.52%. Identical code measured against itself on this setup can look that different, so smaller differences mean nothing.
  Neighbouring measurements are correlated (autocorrelation +0.46), so they were resampled in blocks of 3.
  
  Verdict: RESOLVED. A is faster than B: the difference is real, as its interval excludes zero and it exceeds the noise floor.
  
  Warnings:
    - the program holds 485 MB of live data, more than the caches of many machines; for data that size, where it lies in memory can shift the result by several points in ways the interval does not cover, and differently in the next process; run the comparison in several processes with the multiproc package
    - candidate B drifted during the run: its measurements were 6.52% lower in the second half than in the first, so the machine did not hold still
    - in 50% of A/A runs this setup reported a difference between identical code, well above the 10% expected; treat any confidence from it with suspicion

== street multi n=212449 churn and build: ordered vs map-sets
steady state, per insertion or deletion in a structure of 578999 elements (cycle of 1512160 operations, first pass untimed):
  A: 569.5 ns per operation (median)
  B: 314 ns per operation (median)
  A needs 87.6% more time than B: B takes only 0.53 times as long as A.
  With 95% confidence the difference lies between 47.3% and 94.4% more time (B takes between 0.514 and 0.68 times as long as A).
  Noise floor: 14.1%. Identical code measured against itself on this setup can look that different, so smaller differences mean nothing.
  Neighbouring measurements are nearly independent (autocorrelation -0.45), so they were resampled one by one.
  
  Verdict: RESOLVED. A is slower than B: the difference is real, as its interval excludes zero and it exceeds the noise floor.
  
  Warnings:
    - the program holds 476 MB of live data, more than the caches of many machines; for data that size, where it lies in memory can shift the result by several points in ways the interval does not cover, and differently in the next process; run the comparison in several processes with the multiproc package

checksum 608053590977
== street multi n=212449 valuesFor: ordered vs hashed
A: 251.2 ns per operation (median)
B: 99.97 ns per operation (median)
A needs 149% more time than B: B takes only 0.40 times as long as A.
With 95% confidence the difference lies between 142% and 160% more time (B takes between 0.384 and 0.41 times as long as A).
Noise floor: 1.68%. Identical code measured against itself on this setup can look that different, so smaller differences mean nothing.
Neighbouring measurements are nearly independent (autocorrelation +0.11), so they were resampled one by one.

Verdict: RESOLVED. A is slower than B: the difference is real, as its interval excludes zero and it exceeds the noise floor.

Warnings:
  - the program holds 352 MB of live data, more than the caches of many machines; for data that size, where it lies in memory can shift the result by several points in ways the interval does not cover, and differently in the next process; run the comparison in several processes with the multiproc package

== street multi n=212449 valuesFor: ordered vs btree-sets
A: 299.3 ns per operation (median)
B: 673.4 ns per operation (median)
A needs 56.5% less time than B: B takes 2.30 times as long as A.
With 95% confidence the difference lies between 53.5% and 57.7% less time (B takes between 2.15 and 2.36 times as long as A).
Noise floor: 3.55%. Identical code measured against itself on this setup can look that different, so smaller differences mean nothing.
Neighbouring measurements are nearly independent (autocorrelation -0.32), so they were resampled one by one.

Verdict: RESOLVED. A is faster than B: the difference is real, as its interval excludes zero and it exceeds the noise floor.

Warnings:
  - the program holds 352 MB of live data, more than the caches of many machines; for data that size, where it lies in memory can shift the result by several points in ways the interval does not cover, and differently in the next process; run the comparison in several processes with the multiproc package

== street multi n=212449 valuesFor: ordered vs map-sets
A: 276.3 ns per operation (median)
B: 251.1 ns per operation (median)
A needs 9.38% more time than B: B takes only 0.91 times as long as A.
With 95% confidence the difference lies between 6.79% and 12.7% more time (B takes between 0.887 and 0.94 times as long as A).
Noise floor: 1.07%. Identical code measured against itself on this setup can look that different, so smaller differences mean nothing.
Neighbouring measurements are correlated (autocorrelation +0.36), so they were resampled in blocks of 3.

Verdict: RESOLVED. A is slower than B: the difference is real, as its interval excludes zero and it exceeds the noise floor.

Warnings:
  - the program holds 352 MB of live data, more than the caches of many machines; for data that size, where it lies in memory can shift the result by several points in ways the interval does not cover, and differently in the next process; run the comparison in several processes with the multiproc package
  - candidate B drifted during the run: its measurements were 3.93% lower in the second half than in the first, so the machine did not hold still

== street multi n=212449 valuesBetween: ordered vs btree-sets
A: 7728 ns per operation (median)
B: 1.519e+04 ns per operation (median)
A needs 50.6% less time than B: B takes 2.03 times as long as A.
With 95% confidence the difference lies between 48.6% and 52% less time (B takes between 1.95 and 2.08 times as long as A).
Noise floor: 1.82%. Identical code measured against itself on this setup can look that different, so smaller differences mean nothing.
Neighbouring measurements are correlated (autocorrelation +0.20), so they were resampled in blocks of 3.

Verdict: RESOLVED. A is faster than B: the difference is real, as its interval excludes zero and it exceeds the noise floor.

Warnings:
  - the program holds 352 MB of live data, more than the caches of many machines; for data that size, where it lies in memory can shift the result by several points in ways the interval does not cover, and differently in the next process; run the comparison in several processes with the multiproc package

== street multi n=212449 prefix: ordered vs btree-sets
A: 2.425e+04 ns per operation (median)
B: 4.873e+04 ns per operation (median)
A needs 49.7% less time than B: B takes 1.99 times as long as A.
With 95% confidence the difference lies between 47% and 55% less time (B takes between 1.89 and 2.22 times as long as A).
Noise floor: 1.66%. Identical code measured against itself on this setup can look that different, so smaller differences mean nothing.
Neighbouring measurements are nearly independent (autocorrelation +0.16), so they were resampled one by one.

Verdict: RESOLVED. A is faster than B: the difference is real, as its interval excludes zero and it exceeds the noise floor.

Warnings:
  - the program holds 352 MB of live data, more than the caches of many machines; for data that size, where it lies in memory can shift the result by several points in ways the interval does not cover, and differently in the next process; run the comparison in several processes with the multiproc package

== street multi n=212449 churn and build: ordered vs hashed
steady state, per insertion or deletion in a structure of 578999 elements (cycle of 1512160 operations, first pass untimed):
  A: 506.1 ns per operation (median)
  B: 224.2 ns per operation (median)
  A needs 140% more time than B: B takes only 0.42 times as long as A.
  With 95% confidence the difference lies between 44.8% and 152% more time (B takes between 0.396 and 0.69 times as long as A).
  Noise floor: 26%. Identical code measured against itself on this setup can look that different, so smaller differences mean nothing.
  Neighbouring measurements are nearly independent (autocorrelation -0.84), so they were resampled one by one.
  
  Verdict: RESOLVED. A is slower than B: the difference is real, as its interval excludes zero and it exceeds the noise floor.
  
  Warnings:
    - the program holds 435 MB of live data, more than the caches of many machines; for data that size, where it lies in memory can shift the result by several points in ways the interval does not cover, and differently in the next process; run the comparison in several processes with the multiproc package

== street multi n=212449 churn and build: ordered vs btree-sets
steady state, per insertion or deletion in a structure of 578999 elements (cycle of 1512160 operations, first pass untimed):
  A: 574 ns per operation (median)
  B: 847.4 ns per operation (median)
  A needs 32.7% less time than B: B takes 1.49 times as long as A.
  With 95% confidence the difference lies between 29.5% and 35.9% less time (B takes between 1.42 and 1.56 times as long as A).
  Noise floor: 2.26%. Identical code measured against itself on this setup can look that different, so smaller differences mean nothing.
  Neighbouring measurements are nearly independent (autocorrelation +0.08), so they were resampled one by one.
  
  Verdict: RESOLVED. A is faster than B: the difference is real, as its interval excludes zero and it exceeds the noise floor.
  
  Warnings:
    - the program holds 442 MB of live data, more than the caches of many machines; for data that size, where it lies in memory can shift the result by several points in ways the interval does not cover, and differently in the next process; run the comparison in several processes with the multiproc package

== street multi n=212449 churn and build: ordered vs map-sets
steady state, per insertion or deletion in a structure of 578999 elements (cycle of 1512160 operations, first pass untimed):
  A: 500.7 ns per operation (median)
  B: 287.3 ns per operation (median)
  A needs 89.4% more time than B: B takes only 0.53 times as long as A.
  With 95% confidence the difference lies between 48.7% and 94.9% more time (B takes between 0.513 and 0.67 times as long as A).
  Noise floor: 13%. Identical code measured against itself on this setup can look that different, so smaller differences mean nothing.
  Neighbouring measurements are nearly independent (autocorrelation -0.61), so they were resampled one by one.
  
  Verdict: RESOLVED. A is slower than B: the difference is real, as its interval excludes zero and it exceeds the noise floor.
  
  Warnings:
    - the program holds 485 MB of live data, more than the caches of many machines; for data that size, where it lies in memory can shift the result by several points in ways the interval does not cover, and differently in the next process; run the comparison in several processes with the multiproc package

checksum 587793968742
== street multi n=212449 valuesFor: ordered vs hashed
A: 251.2 ns per operation (median)
B: 100.7 ns per operation (median)
A needs 148% more time than B: B takes only 0.40 times as long as A.
With 95% confidence the difference lies between 145% and 156% more time (B takes between 0.391 and 0.41 times as long as A).
Noise floor: 2.63%. Identical code measured against itself on this setup can look that different, so smaller differences mean nothing.
Neighbouring measurements are correlated (autocorrelation +0.35), so they were resampled in blocks of 3.

Verdict: RESOLVED. A is slower than B: the difference is real, as its interval excludes zero and it exceeds the noise floor.

Warnings:
  - the program holds 269 MB of live data, more than the caches of many machines; for data that size, where it lies in memory can shift the result by several points in ways the interval does not cover, and differently in the next process; run the comparison in several processes with the multiproc package

== street multi n=212449 valuesFor: ordered vs btree-sets
A: 293.5 ns per operation (median)
B: 644.3 ns per operation (median)
A needs 54.9% less time than B: B takes 2.22 times as long as A.
With 95% confidence the difference lies between 52.3% and 56.5% less time (B takes between 2.1 and 2.30 times as long as A).
Noise floor: 0.975%. Identical code measured against itself on this setup can look that different, so smaller differences mean nothing.
Neighbouring measurements are nearly independent (autocorrelation -0.41), so they were resampled one by one.

Verdict: RESOLVED. A is faster than B: the difference is real, as its interval excludes zero and it exceeds the noise floor.

Warnings:
  - the program holds 269 MB of live data, more than the caches of many machines; for data that size, where it lies in memory can shift the result by several points in ways the interval does not cover, and differently in the next process; run the comparison in several processes with the multiproc package

== street multi n=212449 valuesFor: ordered vs map-sets
A: 270.8 ns per operation (median)
B: 239.6 ns per operation (median)
A needs 13.8% more time than B: B takes only 0.88 times as long as A.
With 95% confidence the difference lies between 9.46% and 15.3% more time (B takes between 0.868 and 0.91 times as long as A).
Noise floor: 2.04%. Identical code measured against itself on this setup can look that different, so smaller differences mean nothing.
Neighbouring measurements are correlated (autocorrelation +0.46), so they were resampled in blocks of 3.

Verdict: RESOLVED. A is slower than B: the difference is real, as its interval excludes zero and it exceeds the noise floor.

Warnings:
  - the program holds 269 MB of live data, more than the caches of many machines; for data that size, where it lies in memory can shift the result by several points in ways the interval does not cover, and differently in the next process; run the comparison in several processes with the multiproc package

== street multi n=212449 valuesBetween: ordered vs btree-sets
A: 6376 ns per operation (median)
B: 1.274e+04 ns per operation (median)
A needs 50.4% less time than B: B takes 2.02 times as long as A.
With 95% confidence the difference lies between 49.2% and 51.3% less time (B takes between 1.97 and 2.05 times as long as A).
Noise floor: 2.55%. Identical code measured against itself on this setup can look that different, so smaller differences mean nothing.
Neighbouring measurements are correlated (autocorrelation +0.51), so they were resampled in blocks of 3.

Verdict: RESOLVED. A is faster than B: the difference is real, as its interval excludes zero and it exceeds the noise floor.

Warnings:
  - the program holds 269 MB of live data, more than the caches of many machines; for data that size, where it lies in memory can shift the result by several points in ways the interval does not cover, and differently in the next process; run the comparison in several processes with the multiproc package
  - in 50% of A/A runs this setup reported a difference between identical code, well above the 10% expected; treat any confidence from it with suspicion

== street multi n=212449 prefix: ordered vs btree-sets
A: 2.286e+04 ns per operation (median)
B: 5.081e+04 ns per operation (median)
A needs 54.6% less time than B: B takes 2.20 times as long as A.
With 95% confidence the difference lies between 49.1% and 57.6% less time (B takes between 1.97 and 2.36 times as long as A).
Noise floor: 2.43%. Identical code measured against itself on this setup can look that different, so smaller differences mean nothing.
Neighbouring measurements are nearly independent (autocorrelation +0.05), so they were resampled one by one.

Verdict: RESOLVED. A is faster than B: the difference is real, as its interval excludes zero and it exceeds the noise floor.

Warnings:
  - the program holds 340 MB of live data, more than the caches of many machines; for data that size, where it lies in memory can shift the result by several points in ways the interval does not cover, and differently in the next process; run the comparison in several processes with the multiproc package

== street multi n=212449 churn and build: ordered vs hashed
steady state, per insertion or deletion in a structure of 578999 elements (cycle of 1512160 operations, first pass untimed):
  A: 492.3 ns per operation (median)
  B: 219 ns per operation (median)
  A needs 132% more time than B: B takes only 0.43 times as long as A.
  With 95% confidence the difference lies between 41.9% and 150% more time (B takes between 0.4 and 0.70 times as long as A).
  Noise floor: 23.7%. Identical code measured against itself on this setup can look that different, so smaller differences mean nothing.
  Neighbouring measurements are nearly independent (autocorrelation -0.86), so they were resampled one by one.
  
  Verdict: RESOLVED. A is slower than B: the difference is real, as its interval excludes zero and it exceeds the noise floor.
  
  Warnings:
    - the program holds 443 MB of live data, more than the caches of many machines; for data that size, where it lies in memory can shift the result by several points in ways the interval does not cover, and differently in the next process; run the comparison in several processes with the multiproc package

== street multi n=212449 churn and build: ordered vs btree-sets
steady state, per insertion or deletion in a structure of 578999 elements (cycle of 1512160 operations, first pass untimed):
  A: 577.5 ns per operation (median)
  B: 870.7 ns per operation (median)
  A needs 34.1% less time than B: B takes 1.52 times as long as A.
  With 95% confidence the difference lies between 31.4% and 37.1% less time (B takes between 1.46 and 1.59 times as long as A).
  Noise floor: 3.28%. Identical code measured against itself on this setup can look that different, so smaller differences mean nothing.
  Neighbouring measurements are nearly independent (autocorrelation -0.22), so they were resampled one by one.
  
  Verdict: RESOLVED. A is faster than B: the difference is real, as its interval excludes zero and it exceeds the noise floor.
  
  Warnings:
    - the program holds 434 MB of live data, more than the caches of many machines; for data that size, where it lies in memory can shift the result by several points in ways the interval does not cover, and differently in the next process; run the comparison in several processes with the multiproc package

== street multi n=212449 churn and build: ordered vs map-sets
steady state, per insertion or deletion in a structure of 578999 elements (cycle of 1512160 operations, first pass untimed):
  A: 506.9 ns per operation (median)
  B: 285.2 ns per operation (median)
  A needs 86.9% more time than B: B takes only 0.54 times as long as A.
  With 95% confidence the difference lies between 50.1% and 96.6% more time (B takes between 0.509 and 0.67 times as long as A).
  Noise floor: 12.7%. Identical code measured against itself on this setup can look that different, so smaller differences mean nothing.
  Neighbouring measurements are nearly independent (autocorrelation -0.59), so they were resampled one by one.
  
  Verdict: RESOLVED. A is slower than B: the difference is real, as its interval excludes zero and it exceeds the noise floor.
  
  Warnings:
    - the program holds 491 MB of live data, more than the caches of many machines; for data that size, where it lies in memory can shift the result by several points in ways the interval does not cover, and differently in the next process; run the comparison in several processes with the multiproc package

checksum 603105405621
== street multi n=212449 valuesFor: ordered vs hashed
A: 253.9 ns per operation (median)
B: 101.8 ns per operation (median)
A needs 148% more time than B: B takes only 0.40 times as long as A.
With 95% confidence the difference lies between 142% and 152% more time (B takes between 0.397 and 0.41 times as long as A).
Noise floor: 2.95%. Identical code measured against itself on this setup can look that different, so smaller differences mean nothing.
Neighbouring measurements are correlated (autocorrelation +0.58), so they were resampled in blocks of 3.

Verdict: RESOLVED. A is slower than B: the difference is real, as its interval excludes zero and it exceeds the noise floor.

Warnings:
  - the program holds 321 MB of live data, more than the caches of many machines; for data that size, where it lies in memory can shift the result by several points in ways the interval does not cover, and differently in the next process; run the comparison in several processes with the multiproc package

== street multi n=212449 valuesFor: ordered vs btree-sets
A: 295.5 ns per operation (median)
B: 643 ns per operation (median)
A needs 55% less time than B: B takes 2.22 times as long as A.
With 95% confidence the difference lies between 51.4% and 56% less time (B takes between 2.06 and 2.27 times as long as A).
Noise floor: 1.91%. Identical code measured against itself on this setup can look that different, so smaller differences mean nothing.
Neighbouring measurements are correlated (autocorrelation +0.44), so they were resampled in blocks of 3.

Verdict: RESOLVED. A is faster than B: the difference is real, as its interval excludes zero and it exceeds the noise floor.

Warnings:
  - the program holds 321 MB of live data, more than the caches of many machines; for data that size, where it lies in memory can shift the result by several points in ways the interval does not cover, and differently in the next process; run the comparison in several processes with the multiproc package

== street multi n=212449 valuesFor: ordered vs map-sets
A: 274.8 ns per operation (median)
B: 241.4 ns per operation (median)
A needs 14.1% more time than B: B takes only 0.88 times as long as A.
With 95% confidence the difference lies between 10.5% and 16.4% more time (B takes between 0.859 and 0.91 times as long as A).
Noise floor: 1.54%. Identical code measured against itself on this setup can look that different, so smaller differences mean nothing.
Neighbouring measurements are nearly independent (autocorrelation -0.21), so they were resampled one by one.

Verdict: RESOLVED. A is slower than B: the difference is real, as its interval excludes zero and it exceeds the noise floor.

Warnings:
  - the program holds 321 MB of live data, more than the caches of many machines; for data that size, where it lies in memory can shift the result by several points in ways the interval does not cover, and differently in the next process; run the comparison in several processes with the multiproc package

== street multi n=212449 valuesBetween: ordered vs btree-sets
A: 6447 ns per operation (median)
B: 1.289e+04 ns per operation (median)
A needs 49.6% less time than B: B takes 1.98 times as long as A.
With 95% confidence the difference lies between 48.9% and 50.8% less time (B takes between 1.96 and 2.03 times as long as A).
Noise floor: 2.47%. Identical code measured against itself on this setup can look that different, so smaller differences mean nothing.
Neighbouring measurements are nearly independent (autocorrelation -0.04), so they were resampled one by one.

Verdict: RESOLVED. A is faster than B: the difference is real, as its interval excludes zero and it exceeds the noise floor.

Warnings:
  - the program holds 321 MB of live data, more than the caches of many machines; for data that size, where it lies in memory can shift the result by several points in ways the interval does not cover, and differently in the next process; run the comparison in several processes with the multiproc package

== street multi n=212449 prefix: ordered vs btree-sets
A: 2.404e+04 ns per operation (median)
B: 4.755e+04 ns per operation (median)
A needs 52.9% less time than B: B takes 2.12 times as long as A.
With 95% confidence the difference lies between 48.4% and 55% less time (B takes between 1.94 and 2.22 times as long as A).
Noise floor: 5.88%. Identical code measured against itself on this setup can look that different, so smaller differences mean nothing.
Neighbouring measurements are nearly independent (autocorrelation -0.14), so they were resampled one by one.

Verdict: RESOLVED. A is faster than B: the difference is real, as its interval excludes zero and it exceeds the noise floor.

Warnings:
  - the program holds 321 MB of live data, more than the caches of many machines; for data that size, where it lies in memory can shift the result by several points in ways the interval does not cover, and differently in the next process; run the comparison in several processes with the multiproc package
  - in 50% of A/A runs this setup reported a difference between identical code, well above the 10% expected; treat any confidence from it with suspicion

== street multi n=212449 churn and build: ordered vs hashed
steady state, per insertion or deletion in a structure of 578999 elements (cycle of 1512160 operations, first pass untimed):
  A: 531.9 ns per operation (median)
  B: 305.6 ns per operation (median)
  A needs 112% more time than B: B takes only 0.47 times as long as A.
  With 95% confidence the difference lies between 45.7% and 149% more time (B takes between 0.402 and 0.69 times as long as A).
  Noise floor: 23.7%. Identical code measured against itself on this setup can look that different, so smaller differences mean nothing.
  Neighbouring measurements are nearly independent (autocorrelation -0.41), so they were resampled one by one.
  
  Verdict: RESOLVED. A is slower than B: the difference is real, as its interval excludes zero and it exceeds the noise floor.
  
  Warnings:
    - the program holds 439 MB of live data, more than the caches of many machines; for data that size, where it lies in memory can shift the result by several points in ways the interval does not cover, and differently in the next process; run the comparison in several processes with the multiproc package

== street multi n=212449 churn and build: ordered vs btree-sets
steady state, per insertion or deletion in a structure of 578999 elements (cycle of 1512160 operations, first pass untimed):
  A: 562.2 ns per operation (median)
  B: 850.2 ns per operation (median)
  A needs 32.6% less time than B: B takes 1.48 times as long as A.
  With 95% confidence the difference lies between 29.9% and 36.8% less time (B takes between 1.43 and 1.58 times as long as A).
  Noise floor: 1.73%. Identical code measured against itself on this setup can look that different, so smaller differences mean nothing.
  Neighbouring measurements are nearly independent (autocorrelation -0.05), so they were resampled one by one.
  
  Verdict: RESOLVED. A is faster than B: the difference is real, as its interval excludes zero and it exceeds the noise floor.
  
  Warnings:
    - the program holds 480 MB of live data, more than the caches of many machines; for data that size, where it lies in memory can shift the result by several points in ways the interval does not cover, and differently in the next process; run the comparison in several processes with the multiproc package

== street multi n=212449 churn and build: ordered vs map-sets
steady state, per insertion or deletion in a structure of 578999 elements (cycle of 1512160 operations, first pass untimed):
  A: 514.7 ns per operation (median)
  B: 318 ns per operation (median)
  A needs 87.6% more time than B: B takes only 0.53 times as long as A.
  With 95% confidence the difference lies between 47.1% and 92.5% more time (B takes between 0.52 and 0.68 times as long as A).
  Noise floor: 12.7%. Identical code measured against itself on this setup can look that different, so smaller differences mean nothing.
  Neighbouring measurements are nearly independent (autocorrelation -0.14), so they were resampled one by one.
  
  Verdict: RESOLVED. A is slower than B: the difference is real, as its interval excludes zero and it exceeds the noise floor.
  
  Warnings:
    - the program holds 490 MB of live data, more than the caches of many machines; for data that size, where it lies in memory can shift the result by several points in ways the interval does not cover, and differently in the next process; run the comparison in several processes with the multiproc package

checksum 612250657333
