21:59:46  start: -suite parallel -vs baseline -keys u64,uuid,url,path -minprocs 8 -maxprocs 160 -out C:\temp\bench-win\o2-par-str
21:59:46  parallel regime: 8 processes at a time; the results are not comparable with serial runs
22:01:16  u64 multi n=262144: first stage of 8 processes done; churn ordered baseline needs 16 processes for its interval, run in whole waves of 8 (at most 160)
22:01:16  u64 multi n=262144: 8 processes done; 1 of 3 comparisons not yet within the interval asked for; widest ±2.7 pts: churn ordered baseline
22:02:43  u64 multi n=262144: 16 processes done; 0 of 3 comparisons not yet within the interval asked for
22:05:14  u64 multi n=1048576: first stage of 8 processes done; no comparison needs 8 processes for its interval, run in whole waves of 8 (at most 160)
22:05:14  u64 multi n=1048576: 8 processes done; 0 of 3 comparisons not yet within the interval asked for
22:07:06  uuid multi n=262144: first stage of 8 processes done; churn ordered baseline needs 9 processes for its interval, run in whole waves of 8 (at most 160)
22:07:06  uuid multi n=262144: 8 processes done; 1 of 4 comparisons not yet within the interval asked for; widest ±2.0 pts: churn ordered baseline
22:09:02  uuid multi n=262144: 16 processes done; 0 of 4 comparisons not yet within the interval asked for
22:12:22  uuid multi n=1048576: first stage of 8 processes done; valuesFor ordered baseline needs 11 processes for its interval, run in whole waves of 8 (at most 160)
22:12:22  uuid multi n=1048576: 8 processes done; 2 of 4 comparisons not yet within the interval asked for; widest ±2.3 pts: valuesFor ordered baseline
22:15:40  uuid multi n=1048576: 16 processes done; 0 of 4 comparisons not yet within the interval asked for
22:17:58  url multi n=262144: first stage of 8 processes done; no comparison needs 8 processes for its interval, run in whole waves of 8 (at most 160)
22:17:58  url multi n=262144: 8 processes done; 0 of 4 comparisons not yet within the interval asked for
22:22:31  url multi n=1048576: first stage of 8 processes done; no comparison needs 8 processes for its interval, run in whole waves of 8 (at most 160)
22:22:31  url multi n=1048576: 8 processes done; 0 of 4 comparisons not yet within the interval asked for
22:25:01  path multi n=262144: first stage of 8 processes done; no comparison needs 8 processes for its interval, run in whole waves of 8 (at most 160)
22:25:01  path multi n=262144: 8 processes done; 0 of 4 comparisons not yet within the interval asked for
22:25:01  path multi n=1048576: skipped, the corpus holds keys for n <= 300000
22:26:42  u64 unique n=262144: first stage of 8 processes done; no comparison needs 8 processes for its interval, run in whole waves of 8 (at most 160)
22:26:42  u64 unique n=262144: 8 processes done; 0 of 3 comparisons not yet within the interval asked for
22:28:25  u64 unique n=1048576: first stage of 8 processes done; no comparison needs 8 processes for its interval, run in whole waves of 8 (at most 160)
22:28:25  u64 unique n=1048576: 8 processes done; 0 of 3 comparisons not yet within the interval asked for
22:30:17  uuid unique n=262144: first stage of 8 processes done; no comparison needs 8 processes for its interval, run in whole waves of 8 (at most 160)
22:30:17  uuid unique n=262144: 8 processes done; 0 of 4 comparisons not yet within the interval asked for
22:32:17  uuid unique n=1048576: first stage of 8 processes done; no comparison needs 8 processes for its interval, run in whole waves of 8 (at most 160)
22:32:17  uuid unique n=1048576: 8 processes done; 0 of 4 comparisons not yet within the interval asked for
22:34:14  url unique n=262144: first stage of 8 processes done; no comparison needs 8 processes for its interval, run in whole waves of 8 (at most 160)
22:34:14  url unique n=262144: 8 processes done; 0 of 4 comparisons not yet within the interval asked for
22:36:40  url unique n=1048576: first stage of 8 processes done; prefix ordered baseline needs 10 processes for its interval, run in whole waves of 8 (at most 160)
22:36:40  url unique n=1048576: 8 processes done; 1 of 4 comparisons not yet within the interval asked for; widest ±2.2 pts: prefix ordered baseline
22:39:07  url unique n=1048576: 16 processes done; 0 of 4 comparisons not yet within the interval asked for
22:41:22  path unique n=262144: first stage of 8 processes done; prefix ordered baseline needs 17 processes for its interval, run in whole waves of 8 (at most 160)
22:41:22  path unique n=262144: 8 processes done; 1 of 4 comparisons not yet within the interval asked for; widest ±2.9 pts: prefix ordered baseline
22:43:33  path unique n=262144: 16 processes done; 1 of 4 comparisons not yet within the interval asked for; widest ±2.0 pts: prefix ordered baseline
22:45:42  path unique n=262144: 24 processes done; 0 of 4 comparisons not yet within the interval asked for
22:45:42  path unique n=1048576: skipped, the corpus holds keys for n <= 300000
22:45:42  done after 45m57s
