goos: windows
goarch: amd64
pkg: github.com/TomTonic/multimap/internal/lpage
cpu: AMD Ryzen 9 7900 12-Core Processor             
BenchmarkGet/u64/page_cold-24         	 9911452	       242.3 ns/op
BenchmarkGet/u64/page_hot-24          	80299516	        29.94 ns/op
BenchmarkGet/u64/page_cold_absent-24  	13485032	       173.5 ns/op
BenchmarkGet/u64/page_cold_miss-24    	 8552115	       275.0 ns/op
BenchmarkGet/uuid/page_cold-24        	12537055	       189.8 ns/op
BenchmarkGet/uuid/page_hot-24         	173382918	        13.90 ns/op
BenchmarkGet/uuid/page_cold_absent-24 	13599381	       170.4 ns/op
BenchmarkGet/uuid/page_cold_miss-24   	 9149113	       250.9 ns/op
BenchmarkGet/path/page_cold-24        	13313215	       167.9 ns/op
BenchmarkGet/path/page_hot-24         	175239657	        13.71 ns/op
BenchmarkGet/path/page_cold_absent-24 	17751045	       126.9 ns/op
BenchmarkGet/path/page_cold_miss-24   	 7909220	       285.5 ns/op
BenchmarkMutate/u64/insert_and_delete_in_a_page_with_room-24         	32870182	        73.42 ns/op
BenchmarkMutate/u64/fill,_grow_and_split-24                          	  151382	     13398 ns/op
BenchmarkMutate/u64/delete_and_insert_back-24                        	21974660	       109.9 ns/op
BenchmarkMutate/uuid/insert_and_delete_in_a_page_with_room-24        	31688564	        75.77 ns/op
BenchmarkMutate/uuid/fill,_grow_and_split-24                         	  195357	     10453 ns/op
BenchmarkMutate/uuid/delete_and_insert_back-24                       	31474171	        77.01 ns/op
BenchmarkMutate/path/insert_and_delete_in_a_page_with_room-24        	28162600	        85.71 ns/op
BenchmarkMutate/path/fill,_grow_and_split-24                         	  249492	     10038 ns/op
BenchmarkMutate/path/delete_and_insert_back-24                       	33561363	        71.73 ns/op
PASS
