== u64 multi n=1048576 valuesFor: ordered vs hashed
A 222.1 per op, B 225.5 per op
difference +1.50% [-0.58%, +3.87%] at 95% confidence
noise floor 1.092%, autocorrelation +0.259, resampled in blocks of 5
not resolved: this run did not establish a difference
  warning: the interval [-0.58%, 3.87%] includes zero, so a difference in either direction is consistent with these measurements
  warning: candidate A drifted during the run, shifting -3.59% from its first half to its second; the machine did not hold still
  warning: candidate B drifted during the run, shifting -3.38% from its first half to its second; the machine did not hold still

== u64 multi n=1048576 valuesFor: ordered vs btree-sets
A 246.5 per op, B 1077 per op
difference +77.12% [+76.27%, +77.68%] at 95% confidence
noise floor 0.973%, autocorrelation +0.652, resampled in blocks of 5
resolved: A is faster than B
  warning: candidate A drifted during the run, shifting -3.59% from its first half to its second; the machine did not hold still
  warning: candidate B drifted during the run, shifting -3.60% from its first half to its second; the machine did not hold still

== u64 multi n=1048576 valuesFor: ordered vs map-sets
A 242.3 per op, B 514.4 per op
difference +52.89% [+52.30%, +53.52%] at 95% confidence
noise floor 1.187%, autocorrelation +0.135
resolved: A is faster than B
  warning: candidate A drifted during the run, shifting -4.52% from its first half to its second; the machine did not hold still
  warning: candidate B drifted during the run, shifting -1.02% from its first half to its second; the machine did not hold still

== u64 multi n=1048576 valuesBetween: ordered vs btree-sets
A 9547 per op, B 3.279e+04 per op
difference +70.89% [+69.48%, +71.78%] at 95% confidence
noise floor 1.214%, autocorrelation +0.329, resampled in blocks of 5
resolved: A is faster than B
  warning: candidate A drifted during the run, shifting -8.19% from its first half to its second; the machine did not hold still
  warning: candidate B drifted during the run, shifting -7.42% from its first half to its second; the machine did not hold still

== u64 multi n=1048576 churn: ordered vs hashed
A 282.4 per op, B 360.4 per op
difference +21.65% [+19.37%, +22.89%] at 95% confidence
noise floor 1.070%, autocorrelation +0.242, resampled in blocks of 5
resolved: A is faster than B
  warning: candidate A drifted during the run, shifting -6.42% from its first half to its second; the machine did not hold still
  warning: candidate B drifted during the run, shifting -2.61% from its first half to its second; the machine did not hold still

== u64 multi n=1048576 churn: ordered vs btree-sets
A 443.9 per op, B 1268 per op
difference +64.99% [+64.07%, +66.24%] at 95% confidence
noise floor 0.933%, autocorrelation +0.582, resampled in blocks of 5
resolved: A is faster than B
  warning: candidate A drifted during the run, shifting -7.99% from its first half to its second; the machine did not hold still
  warning: candidate B drifted during the run, shifting +3.31% from its first half to its second; the machine did not hold still

== u64 multi n=1048576 churn: ordered vs map-sets
A 389.7 per op, B 449.9 per op
difference +13.38% [+10.95%, +14.18%] at 95% confidence
noise floor 1.189%, autocorrelation +0.193
resolved: A is faster than B
  warning: candidate A drifted during the run, shifting -7.02% from its first half to its second; the machine did not hold still

checksum 3548341863989752650
