== str multi n=1048576 valuesFor: ordered vs hashed
A 404 per op, B 206.1 per op
difference -96.07% [-99.05%, -91.84%] at 95% confidence
noise floor 0.971%, autocorrelation +0.331, resampled in blocks of 5
resolved: A is slower than B
  warning: candidate A drifted during the run, shifting -6.60% from its first half to its second; the machine did not hold still

== str multi n=1048576 valuesFor: ordered vs btree-sets
A 488.4 per op, B 1140 per op
difference +57.18% [+55.39%, +58.22%] at 95% confidence
noise floor 0.943%, autocorrelation +0.462, resampled in blocks of 5
resolved: A is faster than B
  warning: candidate A drifted during the run, shifting -8.75% from its first half to its second; the machine did not hold still
  warning: candidate B drifted during the run, shifting +1.83% from its first half to its second; the machine did not hold still

== str multi n=1048576 valuesFor: ordered vs map-sets
A 429.4 per op, B 499.7 per op
difference +14.06% [+12.06%, +15.27%] at 95% confidence
noise floor 1.224%, autocorrelation +0.192
resolved: A is faster than B
  warning: candidate A drifted during the run, shifting -6.28% from its first half to its second; the machine did not hold still
  warning: candidate B drifted during the run, shifting -1.38% from its first half to its second; the machine did not hold still

== str multi n=1048576 valuesBetween: ordered vs btree-sets
A 9320 per op, B 2.995e+04 per op
difference +68.88% [+68.22%, +69.43%] at 95% confidence
noise floor 1.733%, autocorrelation +0.077
resolved: A is faster than B
  warning: candidate A drifted during the run, shifting -7.74% from its first half to its second; the machine did not hold still
  warning: candidate B drifted during the run, shifting -1.57% from its first half to its second; the machine did not hold still

== str multi n=1048576 churn: ordered vs hashed
A 734.2 per op, B 397.1 per op
difference -84.90% [-89.34%, -80.33%] at 95% confidence
noise floor 1.612%, autocorrelation +0.085
resolved: A is slower than B

== str multi n=1048576 churn: ordered vs btree-sets
A 882.6 per op, B 1339 per op
difference +34.10% [+30.92%, +35.59%] at 95% confidence
noise floor 1.520%, autocorrelation +0.336, resampled in blocks of 5
resolved: A is faster than B
  warning: candidate A drifted during the run, shifting -12.37% from its first half to its second; the machine did not hold still
  warning: candidate B drifted during the run, shifting -2.57% from its first half to its second; the machine did not hold still

== str multi n=1048576 churn: ordered vs map-sets
A 858.6 per op, B 466.5 per op
difference -84.07% [-90.32%, -78.37%] at 95% confidence
noise floor 1.495%, autocorrelation +0.134
resolved: A is slower than B
  warning: candidate A drifted during the run, shifting -14.29% from its first half to its second; the machine did not hold still
  warning: candidate B drifted during the run, shifting +2.03% from its first half to its second; the machine did not hold still

checksum 5054015932278384361
