== email multi n=4096 valuesFor: ordered vs hashed
A 49.38 per op, B 40.65 per op
difference -21.50% [-25.13%, -18.34%] at 95% confidence
noise floor 1.567%, autocorrelation -0.177
resolved: A is slower than B
  warning: the program holds 19 MB of live data, more than the caches of many machines; for data that size, where it lies in memory can shift the result by several points in ways the interval does not cover, and differently in the next process; run the comparison in several processes with the multiproc package

== email multi n=4096 valuesFor: ordered vs btree-sets
A 49.47 per op, B 176.8 per op
difference +72.02% [+71.45%, +72.49%] at 95% confidence
noise floor 0.434%, autocorrelation -0.190
resolved: A is faster than B
  warning: the program holds 19 MB of live data, more than the caches of many machines; for data that size, where it lies in memory can shift the result by several points in ways the interval does not cover, and differently in the next process; run the comparison in several processes with the multiproc package
  warning: candidate A drifted during the run, shifting +2.90% from its first half to its second; the machine did not hold still

== email multi n=4096 valuesFor: ordered vs map-sets
A 48.67 per op, B 94.67 per op
difference +48.59% [+47.87%, +49.63%] at 95% confidence
noise floor 0.652%, autocorrelation -0.041
resolved: A is faster than B
  warning: the program holds 19 MB of live data, more than the caches of many machines; for data that size, where it lies in memory can shift the result by several points in ways the interval does not cover, and differently in the next process; run the comparison in several processes with the multiproc package

== email multi n=4096 valuesBetween: ordered vs hashed
A 3055 per op, B 5.578e+04 per op
difference +94.52% [+94.38%, +94.85%] at 95% confidence
noise floor 3.568%, autocorrelation -0.057
resolved: A is faster than B
  warning: the program holds 19 MB of live data, more than the caches of many machines; for data that size, where it lies in memory can shift the result by several points in ways the interval does not cover, and differently in the next process; run the comparison in several processes with the multiproc package
  warning: in 50% of A/A runs this setup reported a difference between identical code, well above the 10% expected; treat any confidence from it with suspicion

== email multi n=4096 valuesBetween: ordered vs btree-sets
A 2903 per op, B 7319 per op
difference +60.34% [+59.49%, +61.36%] at 95% confidence
noise floor 0.954%, autocorrelation +0.121
resolved: A is faster than B
  warning: the program holds 19 MB of live data, more than the caches of many machines; for data that size, where it lies in memory can shift the result by several points in ways the interval does not cover, and differently in the next process; run the comparison in several processes with the multiproc package

== email multi n=4096 valuesBetween: ordered vs map-sets
A 2933 per op, B 5.578e+04 per op
difference +94.74% [+94.52%, +95.08%] at 95% confidence
noise floor 0.959%, autocorrelation -0.085
resolved: A is faster than B
  warning: the program holds 19 MB of live data, more than the caches of many machines; for data that size, where it lies in memory can shift the result by several points in ways the interval does not cover, and differently in the next process; run the comparison in several processes with the multiproc package

== email multi n=4096 prefix: ordered vs hashed
A 81.67 per op, B 4.921e+04 per op
difference +99.83% [+99.71%, +99.84%] at 95% confidence
noise floor 33.011%, autocorrelation +0.113
resolved: A is faster than B
  warning: the program holds 19 MB of live data, more than the caches of many machines; for data that size, where it lies in memory can shift the result by several points in ways the interval does not cover, and differently in the next process; run the comparison in several processes with the multiproc package

== email multi n=4096 prefix: ordered vs btree-sets
A 75.4 per op, B 177.6 per op
difference +57.55% [+56.84%, +58.19%] at 95% confidence
noise floor 0.458%, autocorrelation -0.063
resolved: A is faster than B
  warning: the program holds 19 MB of live data, more than the caches of many machines; for data that size, where it lies in memory can shift the result by several points in ways the interval does not cover, and differently in the next process; run the comparison in several processes with the multiproc package

== email multi n=4096 prefix: ordered vs map-sets
A 89.85 per op, B 4.444e+04 per op
difference +99.80% [+99.68%, +99.83%] at 95% confidence
noise floor 31.824%, autocorrelation +0.229, resampled in blocks of 3
resolved: A is faster than B
  warning: the program holds 19 MB of live data, more than the caches of many machines; for data that size, where it lies in memory can shift the result by several points in ways the interval does not cover, and differently in the next process; run the comparison in several processes with the multiproc package

== email multi n=4096 churn and build: ordered vs hashed
steady state, per insertion or deletion in a structure of 25123 elements (cycle of 50246 operations, first pass untimed):
  A 62.92 per op, B 53.03 per op
  difference -18.65% [-23.44%, -14.98%] at 95% confidence
  noise floor 3.662%, autocorrelation +0.085
  resolved: A is slower than B
    warning: the program holds 22 MB of live data, more than the caches of many machines; for data that size, where it lies in memory can shift the result by several points in ways the interval does not cover, and differently in the next process; run the comparison in several processes with the multiproc package
    warning: in 50% of A/A runs this setup reported a difference between identical code, well above the 10% expected; treat any confidence from it with suspicion

build from empty to 25123 elements, per whole build (75369 operations):
  A 5.171e+06 per op, B 4.7e+06 per op
  difference -10.04% [-14.21%, -4.11%] at 95% confidence
  noise floor 1.370%, autocorrelation +0.120
  resolved: A is slower than B
    warning: the program holds 19 MB of live data, more than the caches of many machines; for data that size, where it lies in memory can shift the result by several points in ways the interval does not cover, and differently in the next process; run the comparison in several processes with the multiproc package
    warning: the ratio B/A shifted -5.72% from the first half of the run to the second, so the candidates had not reached a steady state and the difference depends on how long the run was; a common cause is a head start for whichever candidate ran alone last before the comparison or had its data built last, which a longer CollectOptions.WarmupDuration removes
    warning: in 50% of A/A runs this setup reported a difference between identical code, well above the 10% expected; treat any confidence from it with suspicion

== email multi n=4096 churn and build: ordered vs btree-sets
steady state, per insertion or deletion in a structure of 25123 elements (cycle of 50246 operations, first pass untimed):
  A 63.05 per op, B 186.1 per op
  difference +66.12% [+65.59%, +67.01%] at 95% confidence
  noise floor 2.449%, autocorrelation +0.148
  resolved: A is faster than B
    warning: the program holds 22 MB of live data, more than the caches of many machines; for data that size, where it lies in memory can shift the result by several points in ways the interval does not cover, and differently in the next process; run the comparison in several processes with the multiproc package

build from empty to 25123 elements, per whole build (75369 operations):
  A 5.341e+06 per op, B 1.422e+07 per op
  difference +62.43% [+61.95%, +63.10%] at 95% confidence
  noise floor 1.521%, autocorrelation +0.272, resampled in blocks of 3
  resolved: A is faster than B
    warning: the program holds 19 MB of live data, more than the caches of many machines; for data that size, where it lies in memory can shift the result by several points in ways the interval does not cover, and differently in the next process; run the comparison in several processes with the multiproc package

== email multi n=4096 churn and build: ordered vs map-sets
steady state, per insertion or deletion in a structure of 25123 elements (cycle of 50246 operations, first pass untimed):
  A 64.52 per op, B 65.02 per op
  difference +0.77% [-4.77%, +6.01%] at 95% confidence
  noise floor 1.561%, autocorrelation +0.041
  not resolved: this run did not establish a difference
    warning: the difference of 0.77% does not clear the 1.56% noise floor, which is what this setup reports between two runs of identical code
    warning: the interval [-4.77%, 6.01%] includes zero, so a difference in either direction is consistent with these measurements
    warning: the program holds 22 MB of live data, more than the caches of many machines; for data that size, where it lies in memory can shift the result by several points in ways the interval does not cover, and differently in the next process; run the comparison in several processes with the multiproc package
    warning: candidate A drifted during the run, shifting +9.12% from its first half to its second; the machine did not hold still
    warning: candidate B drifted during the run, shifting +9.27% from its first half to its second; the machine did not hold still

build from empty to 25123 elements, per whole build (75369 operations):
  A 5.494e+06 per op, B 5.289e+06 per op
  difference -3.87% [-5.19%, -0.50%] at 95% confidence
  noise floor 1.417%, autocorrelation -0.054
  resolved: A is slower than B
    warning: the program holds 19 MB of live data, more than the caches of many machines; for data that size, where it lies in memory can shift the result by several points in ways the interval does not cover, and differently in the next process; run the comparison in several processes with the multiproc package

checksum 15568300555142495459
== email multi n=4096 valuesFor: ordered vs hashed
A 48.89 per op, B 40.48 per op
difference -20.76% [-24.28%, -16.96%] at 95% confidence
noise floor 1.014%, autocorrelation +0.029
resolved: A is slower than B
  warning: the program holds 22 MB of live data, more than the caches of many machines; for data that size, where it lies in memory can shift the result by several points in ways the interval does not cover, and differently in the next process; run the comparison in several processes with the multiproc package

== email multi n=4096 valuesFor: ordered vs btree-sets
A 48.59 per op, B 174.4 per op
difference +72.13% [+71.70%, +72.51%] at 95% confidence
noise floor 0.589%, autocorrelation -0.155
resolved: A is faster than B
  warning: the program holds 22 MB of live data, more than the caches of many machines; for data that size, where it lies in memory can shift the result by several points in ways the interval does not cover, and differently in the next process; run the comparison in several processes with the multiproc package

== email multi n=4096 valuesFor: ordered vs map-sets
A 49.24 per op, B 93.83 per op
difference +47.53% [+47.11%, +48.04%] at 95% confidence
noise floor 2.040%, autocorrelation +0.247, resampled in blocks of 3
resolved: A is faster than B
  warning: the program holds 22 MB of live data, more than the caches of many machines; for data that size, where it lies in memory can shift the result by several points in ways the interval does not cover, and differently in the next process; run the comparison in several processes with the multiproc package

== email multi n=4096 valuesBetween: ordered vs hashed
A 2943 per op, B 5.62e+04 per op
difference +94.76% [+94.48%, +94.88%] at 95% confidence
noise floor 1.793%, autocorrelation -0.081
resolved: A is faster than B
  warning: the program holds 22 MB of live data, more than the caches of many machines; for data that size, where it lies in memory can shift the result by several points in ways the interval does not cover, and differently in the next process; run the comparison in several processes with the multiproc package

== email multi n=4096 valuesBetween: ordered vs btree-sets
A 2775 per op, B 7246 per op
difference +61.69% [+60.94%, +62.98%] at 95% confidence
noise floor 1.440%, autocorrelation -0.134
resolved: A is faster than B
  warning: the program holds 22 MB of live data, more than the caches of many machines; for data that size, where it lies in memory can shift the result by several points in ways the interval does not cover, and differently in the next process; run the comparison in several processes with the multiproc package
  warning: in 50% of A/A runs this setup reported a difference between identical code, well above the 10% expected; treat any confidence from it with suspicion

== email multi n=4096 valuesBetween: ordered vs map-sets
A 2929 per op, B 5.563e+04 per op
difference +94.73% [+94.65%, +95.04%] at 95% confidence
noise floor 1.131%, autocorrelation +0.051
resolved: A is faster than B
  warning: the program holds 22 MB of live data, more than the caches of many machines; for data that size, where it lies in memory can shift the result by several points in ways the interval does not cover, and differently in the next process; run the comparison in several processes with the multiproc package

== email multi n=4096 prefix: ordered vs hashed
A 130.9 per op, B 4.966e+04 per op
difference +99.74% [+99.71%, +99.84%] at 95% confidence
noise floor 25.231%, autocorrelation +0.078
resolved: A is faster than B
  warning: the program holds 22 MB of live data, more than the caches of many machines; for data that size, where it lies in memory can shift the result by several points in ways the interval does not cover, and differently in the next process; run the comparison in several processes with the multiproc package

== email multi n=4096 prefix: ordered vs btree-sets
A 75.11 per op, B 176 per op
difference +57.33% [+56.31%, +58.24%] at 95% confidence
noise floor 0.597%, autocorrelation -0.225
resolved: A is faster than B
  warning: the program holds 23 MB of live data, more than the caches of many machines; for data that size, where it lies in memory can shift the result by several points in ways the interval does not cover, and differently in the next process; run the comparison in several processes with the multiproc package

== email multi n=4096 prefix: ordered vs map-sets
A 81.34 per op, B 4.463e+04 per op
difference +99.82% [+99.69%, +99.83%] at 95% confidence
noise floor 24.916%, autocorrelation +0.002
resolved: A is faster than B
  warning: the program holds 22 MB of live data, more than the caches of many machines; for data that size, where it lies in memory can shift the result by several points in ways the interval does not cover, and differently in the next process; run the comparison in several processes with the multiproc package
  warning: in 50% of A/A runs this setup reported a difference between identical code, well above the 10% expected; treat any confidence from it with suspicion

== email multi n=4096 churn and build: ordered vs hashed
steady state, per insertion or deletion in a structure of 25123 elements (cycle of 50246 operations, first pass untimed):
  A 61.62 per op, B 52.58 per op
  difference -17.19% [-18.51%, -14.27%] at 95% confidence
  noise floor 2.552%, autocorrelation +0.216, resampled in blocks of 3
  resolved: A is slower than B
    warning: the program holds 25 MB of live data, more than the caches of many machines; for data that size, where it lies in memory can shift the result by several points in ways the interval does not cover, and differently in the next process; run the comparison in several processes with the multiproc package

build from empty to 25123 elements, per whole build (75369 operations):
  A 5.233e+06 per op, B 4.631e+06 per op
  difference -13.00% [-16.78%, -9.14%] at 95% confidence
  noise floor 1.409%, autocorrelation +0.266, resampled in blocks of 3
  resolved: A is slower than B
    warning: the program holds 23 MB of live data, more than the caches of many machines; for data that size, where it lies in memory can shift the result by several points in ways the interval does not cover, and differently in the next process; run the comparison in several processes with the multiproc package

== email multi n=4096 churn and build: ordered vs btree-sets
steady state, per insertion or deletion in a structure of 25123 elements (cycle of 50246 operations, first pass untimed):
  A 65.1 per op, B 192 per op
  difference +66.08% [+64.96%, +67.46%] at 95% confidence
  noise floor 2.035%, autocorrelation +0.079
  resolved: A is faster than B
    warning: the program holds 26 MB of live data, more than the caches of many machines; for data that size, where it lies in memory can shift the result by several points in ways the interval does not cover, and differently in the next process; run the comparison in several processes with the multiproc package

build from empty to 25123 elements, per whole build (75369 operations):
  A 5.249e+06 per op, B 1.413e+07 per op
  difference +62.85% [+60.24%, +63.82%] at 95% confidence
  noise floor 1.324%, autocorrelation -0.040
  resolved: A is faster than B
    warning: the program holds 23 MB of live data, more than the caches of many machines; for data that size, where it lies in memory can shift the result by several points in ways the interval does not cover, and differently in the next process; run the comparison in several processes with the multiproc package
    warning: in 50% of A/A runs this setup reported a difference between identical code, well above the 10% expected; treat any confidence from it with suspicion

== email multi n=4096 churn and build: ordered vs map-sets
steady state, per insertion or deletion in a structure of 25123 elements (cycle of 50246 operations, first pass untimed):
  A 63.63 per op, B 62.81 per op
  difference -1.30% [-4.48%, +4.47%] at 95% confidence
  noise floor 3.295%, autocorrelation +0.068
  not resolved: this run did not establish a difference
    warning: the difference of -1.30% does not clear the 3.30% noise floor, which is what this setup reports between two runs of identical code
    warning: the interval [-4.48%, 4.47%] includes zero, so a difference in either direction is consistent with these measurements
    warning: the program holds 26 MB of live data, more than the caches of many machines; for data that size, where it lies in memory can shift the result by several points in ways the interval does not cover, and differently in the next process; run the comparison in several processes with the multiproc package

build from empty to 25123 elements, per whole build (75369 operations):
  A 5.218e+06 per op, B 5.107e+06 per op
  difference -2.19% [-5.25%, +0.11%] at 95% confidence
  noise floor 2.316%, autocorrelation +0.147
  not resolved: this run did not establish a difference
    warning: the difference of -2.19% does not clear the 2.32% noise floor, which is what this setup reports between two runs of identical code
    warning: the interval [-5.25%, 0.11%] includes zero, so a difference in either direction is consistent with these measurements
    warning: the program holds 23 MB of live data, more than the caches of many machines; for data that size, where it lies in memory can shift the result by several points in ways the interval does not cover, and differently in the next process; run the comparison in several processes with the multiproc package

checksum 4297184843536211782
== email multi n=4096 valuesFor: ordered vs hashed
A 49.44 per op, B 40.32 per op
difference -22.60% [-26.33%, -18.70%] at 95% confidence
noise floor 1.501%, autocorrelation -0.094
resolved: A is slower than B
  warning: the program holds 27 MB of live data, more than the caches of many machines; for data that size, where it lies in memory can shift the result by several points in ways the interval does not cover, and differently in the next process; run the comparison in several processes with the multiproc package

== email multi n=4096 valuesFor: ordered vs btree-sets
A 48.9 per op, B 176 per op
difference +72.22% [+72.02%, +72.92%] at 95% confidence
noise floor 1.005%, autocorrelation +0.085
resolved: A is faster than B
  warning: the program holds 27 MB of live data, more than the caches of many machines; for data that size, where it lies in memory can shift the result by several points in ways the interval does not cover, and differently in the next process; run the comparison in several processes with the multiproc package

== email multi n=4096 valuesFor: ordered vs map-sets
A 48.76 per op, B 93.76 per op
difference +47.99% [+46.79%, +48.85%] at 95% confidence
noise floor 0.580%, autocorrelation +0.010
resolved: A is faster than B
  warning: the program holds 27 MB of live data, more than the caches of many machines; for data that size, where it lies in memory can shift the result by several points in ways the interval does not cover, and differently in the next process; run the comparison in several processes with the multiproc package

== email multi n=4096 valuesBetween: ordered vs hashed
A 3051 per op, B 5.592e+04 per op
difference +94.54% [+94.40%, +94.90%] at 95% confidence
noise floor 1.745%, autocorrelation -0.121
resolved: A is faster than B
  warning: the program holds 27 MB of live data, more than the caches of many machines; for data that size, where it lies in memory can shift the result by several points in ways the interval does not cover, and differently in the next process; run the comparison in several processes with the multiproc package

== email multi n=4096 valuesBetween: ordered vs btree-sets
A 2832 per op, B 7227 per op
difference +60.82% [+60.22%, +61.76%] at 95% confidence
noise floor 2.231%, autocorrelation +0.019
resolved: A is faster than B
  warning: the program holds 27 MB of live data, more than the caches of many machines; for data that size, where it lies in memory can shift the result by several points in ways the interval does not cover, and differently in the next process; run the comparison in several processes with the multiproc package

== email multi n=4096 valuesBetween: ordered vs map-sets
A 2943 per op, B 5.554e+04 per op
difference +94.70% [+94.63%, +94.96%] at 95% confidence
noise floor 0.825%, autocorrelation +0.135
resolved: A is faster than B
  warning: the program holds 27 MB of live data, more than the caches of many machines; for data that size, where it lies in memory can shift the result by several points in ways the interval does not cover, and differently in the next process; run the comparison in several processes with the multiproc package

== email multi n=4096 prefix: ordered vs hashed
A 79.92 per op, B 4.966e+04 per op
difference +99.84% [+99.72%, +99.85%] at 95% confidence
noise floor 31.197%, autocorrelation +0.172
resolved: A is faster than B
  warning: the program holds 27 MB of live data, more than the caches of many machines; for data that size, where it lies in memory can shift the result by several points in ways the interval does not cover, and differently in the next process; run the comparison in several processes with the multiproc package

== email multi n=4096 prefix: ordered vs btree-sets
A 74.99 per op, B 174.9 per op
difference +57.13% [+56.69%, +57.55%] at 95% confidence
noise floor 0.173%, autocorrelation -0.049
resolved: A is faster than B
  warning: the program holds 27 MB of live data, more than the caches of many machines; for data that size, where it lies in memory can shift the result by several points in ways the interval does not cover, and differently in the next process; run the comparison in several processes with the multiproc package

== email multi n=4096 prefix: ordered vs map-sets
A 79.62 per op, B 4.483e+04 per op
difference +99.82% [+99.69%, +99.83%] at 95% confidence
noise floor 27.109%, autocorrelation -0.037
resolved: A is faster than B
  warning: the program holds 27 MB of live data, more than the caches of many machines; for data that size, where it lies in memory can shift the result by several points in ways the interval does not cover, and differently in the next process; run the comparison in several processes with the multiproc package

== email multi n=4096 churn and build: ordered vs hashed
steady state, per insertion or deletion in a structure of 25123 elements (cycle of 50246 operations, first pass untimed):
  A 61.59 per op, B 53.3 per op
  difference -15.55% [-18.86%, -12.62%] at 95% confidence
  noise floor 1.365%, autocorrelation +0.046
  resolved: A is slower than B
    warning: the program holds 30 MB of live data, more than the caches of many machines; for data that size, where it lies in memory can shift the result by several points in ways the interval does not cover, and differently in the next process; run the comparison in several processes with the multiproc package

build from empty to 25123 elements, per whole build (75369 operations):
  A 5.173e+06 per op, B 4.527e+06 per op
  difference -14.28% [-18.65%, -11.42%] at 95% confidence
  noise floor 2.867%, autocorrelation +0.099
  resolved: A is slower than B
    warning: the program holds 27 MB of live data, more than the caches of many machines; for data that size, where it lies in memory can shift the result by several points in ways the interval does not cover, and differently in the next process; run the comparison in several processes with the multiproc package
    warning: in 50% of A/A runs this setup reported a difference between identical code, well above the 10% expected; treat any confidence from it with suspicion

== email multi n=4096 churn and build: ordered vs btree-sets
steady state, per insertion or deletion in a structure of 25123 elements (cycle of 50246 operations, first pass untimed):
  A 63.54 per op, B 186.4 per op
  difference +65.91% [+65.31%, +67.22%] at 95% confidence
  noise floor 1.818%, autocorrelation +0.202, resampled in blocks of 3
  resolved: A is faster than B
    warning: the program holds 30 MB of live data, more than the caches of many machines; for data that size, where it lies in memory can shift the result by several points in ways the interval does not cover, and differently in the next process; run the comparison in several processes with the multiproc package

build from empty to 25123 elements, per whole build (75369 operations):
  A 5.291e+06 per op, B 1.402e+07 per op
  difference +62.27% [+61.29%, +63.54%] at 95% confidence
  noise floor 1.348%, autocorrelation +0.306, resampled in blocks of 3
  resolved: A is faster than B
    warning: the program holds 27 MB of live data, more than the caches of many machines; for data that size, where it lies in memory can shift the result by several points in ways the interval does not cover, and differently in the next process; run the comparison in several processes with the multiproc package

== email multi n=4096 churn and build: ordered vs map-sets
steady state, per insertion or deletion in a structure of 25123 elements (cycle of 50246 operations, first pass untimed):
  A 63.31 per op, B 61.64 per op
  difference -2.71% [-5.66%, +1.86%] at 95% confidence
  noise floor 1.342%, autocorrelation -0.165
  not resolved: this run did not establish a difference
    warning: the interval [-5.66%, 1.86%] includes zero, so a difference in either direction is consistent with these measurements
    warning: the program holds 31 MB of live data, more than the caches of many machines; for data that size, where it lies in memory can shift the result by several points in ways the interval does not cover, and differently in the next process; run the comparison in several processes with the multiproc package

build from empty to 25123 elements, per whole build (75369 operations):
  A 5.258e+06 per op, B 5.26e+06 per op
  difference +0.04% [-4.68%, +2.61%] at 95% confidence
  noise floor 1.767%, autocorrelation -0.070
  not resolved: this run did not establish a difference
    warning: the difference of 0.04% does not clear the 1.77% noise floor, which is what this setup reports between two runs of identical code
    warning: the interval [-4.68%, 2.61%] includes zero, so a difference in either direction is consistent with these measurements
    warning: the program holds 27 MB of live data, more than the caches of many machines; for data that size, where it lies in memory can shift the result by several points in ways the interval does not cover, and differently in the next process; run the comparison in several processes with the multiproc package

checksum 13775117447240199024
== email multi n=4096 valuesFor: ordered vs hashed
A 49.61 per op, B 40.83 per op
difference -21.50% [-23.95%, -19.20%] at 95% confidence
noise floor 1.605%, autocorrelation -0.049
resolved: A is slower than B
  warning: the program holds 24 MB of live data, more than the caches of many machines; for data that size, where it lies in memory can shift the result by several points in ways the interval does not cover, and differently in the next process; run the comparison in several processes with the multiproc package

== email multi n=4096 valuesFor: ordered vs btree-sets
A 49.13 per op, B 174.8 per op
difference +71.90% [+71.50%, +72.24%] at 95% confidence
noise floor 1.485%, autocorrelation -0.015
resolved: A is faster than B
  warning: the program holds 24 MB of live data, more than the caches of many machines; for data that size, where it lies in memory can shift the result by several points in ways the interval does not cover, and differently in the next process; run the comparison in several processes with the multiproc package

== email multi n=4096 valuesFor: ordered vs map-sets
A 48.41 per op, B 93.76 per op
difference +48.37% [+47.93%, +49.23%] at 95% confidence
noise floor 0.871%, autocorrelation -0.184
resolved: A is faster than B
  warning: the program holds 24 MB of live data, more than the caches of many machines; for data that size, where it lies in memory can shift the result by several points in ways the interval does not cover, and differently in the next process; run the comparison in several processes with the multiproc package

== email multi n=4096 valuesBetween: ordered vs hashed
A 3054 per op, B 5.64e+04 per op
difference +94.59% [+94.33%, +94.87%] at 95% confidence
noise floor 1.638%, autocorrelation +0.095
resolved: A is faster than B
  warning: the program holds 24 MB of live data, more than the caches of many machines; for data that size, where it lies in memory can shift the result by several points in ways the interval does not cover, and differently in the next process; run the comparison in several processes with the multiproc package

== email multi n=4096 valuesBetween: ordered vs btree-sets
A 2875 per op, B 7347 per op
difference +60.86% [+59.58%, +61.91%] at 95% confidence
noise floor 0.768%, autocorrelation -0.024
resolved: A is faster than B
  warning: the program holds 24 MB of live data, more than the caches of many machines; for data that size, where it lies in memory can shift the result by several points in ways the interval does not cover, and differently in the next process; run the comparison in several processes with the multiproc package

== email multi n=4096 valuesBetween: ordered vs map-sets
A 3036 per op, B 5.57e+04 per op
difference +94.55% [+94.34%, +94.78%] at 95% confidence
noise floor 1.687%, autocorrelation +0.069
resolved: A is faster than B
  warning: the program holds 24 MB of live data, more than the caches of many machines; for data that size, where it lies in memory can shift the result by several points in ways the interval does not cover, and differently in the next process; run the comparison in several processes with the multiproc package

== email multi n=4096 prefix: ordered vs hashed
A 94.97 per op, B 4.982e+04 per op
difference +99.81% [+99.72%, +99.85%] at 95% confidence
noise floor 42.466%, autocorrelation +0.231, resampled in blocks of 3
resolved: A is faster than B
  warning: the program holds 24 MB of live data, more than the caches of many machines; for data that size, where it lies in memory can shift the result by several points in ways the interval does not cover, and differently in the next process; run the comparison in several processes with the multiproc package
  warning: in 50% of A/A runs this setup reported a difference between identical code, well above the 10% expected; treat any confidence from it with suspicion

== email multi n=4096 prefix: ordered vs btree-sets
A 74.91 per op, B 177 per op
difference +57.68% [+56.99%, +58.23%] at 95% confidence
noise floor 0.685%, autocorrelation +0.174
resolved: A is faster than B
  warning: the program holds 24 MB of live data, more than the caches of many machines; for data that size, where it lies in memory can shift the result by several points in ways the interval does not cover, and differently in the next process; run the comparison in several processes with the multiproc package

== email multi n=4096 prefix: ordered vs map-sets
A 138.8 per op, B 4.463e+04 per op
difference +99.69% [+99.67%, +99.83%] at 95% confidence
noise floor 30.043%, autocorrelation +0.147
resolved: A is faster than B
  warning: the program holds 24 MB of live data, more than the caches of many machines; for data that size, where it lies in memory can shift the result by several points in ways the interval does not cover, and differently in the next process; run the comparison in several processes with the multiproc package

== email multi n=4096 churn and build: ordered vs hashed
steady state, per insertion or deletion in a structure of 25123 elements (cycle of 50246 operations, first pass untimed):
  A 62.94 per op, B 53.69 per op
  difference -17.23% [-19.36%, -14.41%] at 95% confidence
  noise floor 0.871%, autocorrelation +0.118
  resolved: A is slower than B
    warning: the program holds 27 MB of live data, more than the caches of many machines; for data that size, where it lies in memory can shift the result by several points in ways the interval does not cover, and differently in the next process; run the comparison in several processes with the multiproc package

build from empty to 25123 elements, per whole build (75369 operations):
  A 5.298e+06 per op, B 4.547e+06 per op
  difference -16.50% [-20.91%, -12.93%] at 95% confidence
  noise floor 0.841%, autocorrelation +0.233, resampled in blocks of 3
  resolved: A is slower than B
    warning: the program holds 24 MB of live data, more than the caches of many machines; for data that size, where it lies in memory can shift the result by several points in ways the interval does not cover, and differently in the next process; run the comparison in several processes with the multiproc package

== email multi n=4096 churn and build: ordered vs btree-sets
steady state, per insertion or deletion in a structure of 25123 elements (cycle of 50246 operations, first pass untimed):
  A 66.56 per op, B 196.3 per op
  difference +66.09% [+64.89%, +67.45%] at 95% confidence
  noise floor 3.822%, autocorrelation +0.008
  resolved: A is faster than B
    warning: the program holds 28 MB of live data, more than the caches of many machines; for data that size, where it lies in memory can shift the result by several points in ways the interval does not cover, and differently in the next process; run the comparison in several processes with the multiproc package
    warning: in 100% of A/A runs this setup reported a difference between identical code, well above the 10% expected; treat any confidence from it with suspicion

build from empty to 25123 elements, per whole build (75369 operations):
  A 5.303e+06 per op, B 1.408e+07 per op
  difference +62.32% [+61.72%, +62.89%] at 95% confidence
  noise floor 0.466%, autocorrelation +0.119
  resolved: A is faster than B
    warning: the program holds 24 MB of live data, more than the caches of many machines; for data that size, where it lies in memory can shift the result by several points in ways the interval does not cover, and differently in the next process; run the comparison in several processes with the multiproc package

== email multi n=4096 churn and build: ordered vs map-sets
steady state, per insertion or deletion in a structure of 25123 elements (cycle of 50246 operations, first pass untimed):
  A 63.73 per op, B 63.5 per op
  difference -0.37% [-6.31%, +4.12%] at 95% confidence
  noise floor 1.799%, autocorrelation -0.012
  not resolved: this run did not establish a difference
    warning: the difference of -0.37% does not clear the 1.80% noise floor, which is what this setup reports between two runs of identical code
    warning: the interval [-6.31%, 4.12%] includes zero, so a difference in either direction is consistent with these measurements
    warning: the program holds 28 MB of live data, more than the caches of many machines; for data that size, where it lies in memory can shift the result by several points in ways the interval does not cover, and differently in the next process; run the comparison in several processes with the multiproc package

build from empty to 25123 elements, per whole build (75369 operations):
  A 5.268e+06 per op, B 5.107e+06 per op
  difference -3.13% [-6.76%, -0.40%] at 95% confidence
  noise floor 1.932%, autocorrelation +0.106
  resolved: A is slower than B
    warning: the program holds 24 MB of live data, more than the caches of many machines; for data that size, where it lies in memory can shift the result by several points in ways the interval does not cover, and differently in the next process; run the comparison in several processes with the multiproc package

checksum 10255269126756055768
== email multi n=4096 valuesFor: ordered vs hashed
A 49.79 per op, B 41.21 per op
difference -20.83% [-24.04%, -17.15%] at 95% confidence
noise floor 1.003%, autocorrelation -0.084
resolved: A is slower than B
  warning: the program holds 29 MB of live data, more than the caches of many machines; for data that size, where it lies in memory can shift the result by several points in ways the interval does not cover, and differently in the next process; run the comparison in several processes with the multiproc package

== email multi n=4096 valuesFor: ordered vs btree-sets
A 49.11 per op, B 174.7 per op
difference +71.89% [+71.67%, +72.45%] at 95% confidence
noise floor 0.602%, autocorrelation -0.043
resolved: A is faster than B
  warning: the program holds 29 MB of live data, more than the caches of many machines; for data that size, where it lies in memory can shift the result by several points in ways the interval does not cover, and differently in the next process; run the comparison in several processes with the multiproc package

== email multi n=4096 valuesFor: ordered vs map-sets
A 49.54 per op, B 93.74 per op
difference +47.15% [+46.48%, +48.07%] at 95% confidence
noise floor 0.298%, autocorrelation -0.102
resolved: A is faster than B
  warning: the program holds 29 MB of live data, more than the caches of many machines; for data that size, where it lies in memory can shift the result by several points in ways the interval does not cover, and differently in the next process; run the comparison in several processes with the multiproc package

== email multi n=4096 valuesBetween: ordered vs hashed
A 3059 per op, B 5.614e+04 per op
difference +94.55% [+94.40%, +94.82%] at 95% confidence
noise floor 0.952%, autocorrelation -0.068
resolved: A is faster than B
  warning: the program holds 29 MB of live data, more than the caches of many machines; for data that size, where it lies in memory can shift the result by several points in ways the interval does not cover, and differently in the next process; run the comparison in several processes with the multiproc package

== email multi n=4096 valuesBetween: ordered vs btree-sets
A 2838 per op, B 7291 per op
difference +61.08% [+59.52%, +62.17%] at 95% confidence
noise floor 1.970%, autocorrelation -0.045
resolved: A is faster than B
  warning: the program holds 29 MB of live data, more than the caches of many machines; for data that size, where it lies in memory can shift the result by several points in ways the interval does not cover, and differently in the next process; run the comparison in several processes with the multiproc package

== email multi n=4096 valuesBetween: ordered vs map-sets
A 2934 per op, B 5.626e+04 per op
difference +94.78% [+94.67%, +95.01%] at 95% confidence
noise floor 1.348%, autocorrelation +0.118
resolved: A is faster than B
  warning: the program holds 29 MB of live data, more than the caches of many machines; for data that size, where it lies in memory can shift the result by several points in ways the interval does not cover, and differently in the next process; run the comparison in several processes with the multiproc package

== email multi n=4096 prefix: ordered vs hashed
A 87.35 per op, B 5.013e+04 per op
difference +99.83% [+99.72%, +99.85%] at 95% confidence
noise floor 35.855%, autocorrelation +0.075
resolved: A is faster than B
  warning: the program holds 29 MB of live data, more than the caches of many machines; for data that size, where it lies in memory can shift the result by several points in ways the interval does not cover, and differently in the next process; run the comparison in several processes with the multiproc package

== email multi n=4096 prefix: ordered vs btree-sets
A 75.74 per op, B 178.4 per op
difference +57.56% [+57.16%, +58.33%] at 95% confidence
noise floor 0.534%, autocorrelation +0.050
resolved: A is faster than B
  warning: the program holds 29 MB of live data, more than the caches of many machines; for data that size, where it lies in memory can shift the result by several points in ways the interval does not cover, and differently in the next process; run the comparison in several processes with the multiproc package

== email multi n=4096 prefix: ordered vs map-sets
A 79.53 per op, B 4.447e+04 per op
difference +99.82% [+99.67%, +99.83%] at 95% confidence
noise floor 25.850%, autocorrelation +0.058
resolved: A is faster than B
  warning: the program holds 29 MB of live data, more than the caches of many machines; for data that size, where it lies in memory can shift the result by several points in ways the interval does not cover, and differently in the next process; run the comparison in several processes with the multiproc package

== email multi n=4096 churn and build: ordered vs hashed
steady state, per insertion or deletion in a structure of 25123 elements (cycle of 50246 operations, first pass untimed):
  A 62.65 per op, B 52.35 per op
  difference -19.66% [-22.99%, -16.18%] at 95% confidence
  noise floor 2.975%, autocorrelation +0.137
  resolved: A is slower than B
    warning: the program holds 32 MB of live data, more than the caches of many machines; for data that size, where it lies in memory can shift the result by several points in ways the interval does not cover, and differently in the next process; run the comparison in several processes with the multiproc package
    warning: in 50% of A/A runs this setup reported a difference between identical code, well above the 10% expected; treat any confidence from it with suspicion

build from empty to 25123 elements, per whole build (75369 operations):
  A 5.181e+06 per op, B 4.571e+06 per op
  difference -13.34% [-18.00%, -8.48%] at 95% confidence
  noise floor 1.199%, autocorrelation +0.124
  resolved: A is slower than B
    warning: the program holds 30 MB of live data, more than the caches of many machines; for data that size, where it lies in memory can shift the result by several points in ways the interval does not cover, and differently in the next process; run the comparison in several processes with the multiproc package
    warning: in 50% of A/A runs this setup reported a difference between identical code, well above the 10% expected; treat any confidence from it with suspicion

== email multi n=4096 churn and build: ordered vs btree-sets
steady state, per insertion or deletion in a structure of 25123 elements (cycle of 50246 operations, first pass untimed):
  A 63.57 per op, B 187.9 per op
  difference +66.16% [+65.54%, +66.94%] at 95% confidence
  noise floor 1.152%, autocorrelation +0.191
  resolved: A is faster than B
    warning: the program holds 33 MB of live data, more than the caches of many machines; for data that size, where it lies in memory can shift the result by several points in ways the interval does not cover, and differently in the next process; run the comparison in several processes with the multiproc package

build from empty to 25123 elements, per whole build (75369 operations):
  A 5.234e+06 per op, B 1.409e+07 per op
  difference +62.86% [+62.51%, +63.55%] at 95% confidence
  noise floor 1.627%, autocorrelation -0.043
  resolved: A is faster than B
    warning: the program holds 30 MB of live data, more than the caches of many machines; for data that size, where it lies in memory can shift the result by several points in ways the interval does not cover, and differently in the next process; run the comparison in several processes with the multiproc package
    warning: in 50% of A/A runs this setup reported a difference between identical code, well above the 10% expected; treat any confidence from it with suspicion

== email multi n=4096 churn and build: ordered vs map-sets
steady state, per insertion or deletion in a structure of 25123 elements (cycle of 50246 operations, first pass untimed):
  A 61.98 per op, B 60.33 per op
  difference -2.74% [-3.99%, +0.16%] at 95% confidence
  noise floor 1.107%, autocorrelation +0.200, resampled in blocks of 3
  not resolved: this run did not establish a difference
    warning: the interval [-3.99%, 0.16%] includes zero, so a difference in either direction is consistent with these measurements
    warning: the program holds 33 MB of live data, more than the caches of many machines; for data that size, where it lies in memory can shift the result by several points in ways the interval does not cover, and differently in the next process; run the comparison in several processes with the multiproc package

build from empty to 25123 elements, per whole build (75369 operations):
  A 5.211e+06 per op, B 5.077e+06 per op
  difference -2.65% [-5.63%, -0.81%] at 95% confidence
  noise floor 1.835%, autocorrelation +0.124
  resolved: A is slower than B
    warning: the program holds 30 MB of live data, more than the caches of many machines; for data that size, where it lies in memory can shift the result by several points in ways the interval does not cover, and differently in the next process; run the comparison in several processes with the multiproc package

checksum 6210523947049220156
== email multi n=4096 valuesFor: ordered vs hashed
A 49.74 per op, B 40.85 per op
difference -21.74% [-26.13%, -18.72%] at 95% confidence
noise floor 1.743%, autocorrelation -0.051
resolved: A is slower than B
  warning: the program holds 24 MB of live data, more than the caches of many machines; for data that size, where it lies in memory can shift the result by several points in ways the interval does not cover, and differently in the next process; run the comparison in several processes with the multiproc package

== email multi n=4096 valuesFor: ordered vs btree-sets
A 49.03 per op, B 175.7 per op
difference +72.10% [+71.54%, +72.87%] at 95% confidence
noise floor 0.851%, autocorrelation -0.136
resolved: A is faster than B
  warning: the program holds 24 MB of live data, more than the caches of many machines; for data that size, where it lies in memory can shift the result by several points in ways the interval does not cover, and differently in the next process; run the comparison in several processes with the multiproc package
  warning: in 50% of A/A runs this setup reported a difference between identical code, well above the 10% expected; treat any confidence from it with suspicion

== email multi n=4096 valuesFor: ordered vs map-sets
A 49.13 per op, B 92.51 per op
difference +46.89% [+46.09%, +47.80%] at 95% confidence
noise floor 1.007%, autocorrelation -0.198
resolved: A is faster than B
  warning: the program holds 24 MB of live data, more than the caches of many machines; for data that size, where it lies in memory can shift the result by several points in ways the interval does not cover, and differently in the next process; run the comparison in several processes with the multiproc package
  warning: in 50% of A/A runs this setup reported a difference between identical code, well above the 10% expected; treat any confidence from it with suspicion

== email multi n=4096 valuesBetween: ordered vs hashed
A 2972 per op, B 5.552e+04 per op
difference +94.65% [+94.41%, +94.79%] at 95% confidence
noise floor 0.376%, autocorrelation +0.042
resolved: A is faster than B
  warning: the program holds 24 MB of live data, more than the caches of many machines; for data that size, where it lies in memory can shift the result by several points in ways the interval does not cover, and differently in the next process; run the comparison in several processes with the multiproc package
  warning: candidate B drifted during the run, shifting -1.79% from its first half to its second; the machine did not hold still

== email multi n=4096 valuesBetween: ordered vs btree-sets
A 2817 per op, B 7273 per op
difference +61.26% [+59.75%, +62.70%] at 95% confidence
noise floor 1.267%, autocorrelation -0.103
resolved: A is faster than B
  warning: the program holds 24 MB of live data, more than the caches of many machines; for data that size, where it lies in memory can shift the result by several points in ways the interval does not cover, and differently in the next process; run the comparison in several processes with the multiproc package
  warning: candidate A drifted during the run, shifting -6.41% from its first half to its second; the machine did not hold still
  warning: the ratio B/A shifted +9.30% from the first half of the run to the second, so the candidates had not reached a steady state and the difference depends on how long the run was; a common cause is a head start for whichever candidate ran alone last before the comparison or had its data built last, which a longer CollectOptions.WarmupDuration removes
  warning: in 50% of A/A runs this setup reported a difference between identical code, well above the 10% expected; treat any confidence from it with suspicion

== email multi n=4096 valuesBetween: ordered vs map-sets
A 2882 per op, B 5.584e+04 per op
difference +94.84% [+94.69%, +94.94%] at 95% confidence
noise floor 0.598%, autocorrelation +0.019
resolved: A is faster than B
  warning: the program holds 24 MB of live data, more than the caches of many machines; for data that size, where it lies in memory can shift the result by several points in ways the interval does not cover, and differently in the next process; run the comparison in several processes with the multiproc package

== email multi n=4096 prefix: ordered vs hashed
A 83.46 per op, B 4.962e+04 per op
difference +99.83% [+99.72%, +99.85%] at 95% confidence
noise floor 36.090%, autocorrelation -0.078
resolved: A is faster than B
  warning: the program holds 24 MB of live data, more than the caches of many machines; for data that size, where it lies in memory can shift the result by several points in ways the interval does not cover, and differently in the next process; run the comparison in several processes with the multiproc package

== email multi n=4096 prefix: ordered vs btree-sets
A 74.57 per op, B 175 per op
difference +57.40% [+56.99%, +57.77%] at 95% confidence
noise floor 0.799%, autocorrelation -0.200
resolved: A is faster than B
  warning: the program holds 24 MB of live data, more than the caches of many machines; for data that size, where it lies in memory can shift the result by several points in ways the interval does not cover, and differently in the next process; run the comparison in several processes with the multiproc package
  warning: in 50% of A/A runs this setup reported a difference between identical code, well above the 10% expected; treat any confidence from it with suspicion

== email multi n=4096 prefix: ordered vs map-sets
A 77.66 per op, B 4.473e+04 per op
difference +99.83% [+99.67%, +99.83%] at 95% confidence
noise floor 31.456%, autocorrelation +0.254, resampled in blocks of 3
resolved: A is faster than B
  warning: the program holds 24 MB of live data, more than the caches of many machines; for data that size, where it lies in memory can shift the result by several points in ways the interval does not cover, and differently in the next process; run the comparison in several processes with the multiproc package

== email multi n=4096 churn and build: ordered vs hashed
steady state, per insertion or deletion in a structure of 25123 elements (cycle of 50246 operations, first pass untimed):
  A 60.8 per op, B 53.15 per op
  difference -14.39% [-17.52%, -12.73%] at 95% confidence
  noise floor 0.956%, autocorrelation +0.034
  resolved: A is slower than B
    warning: the program holds 27 MB of live data, more than the caches of many machines; for data that size, where it lies in memory can shift the result by several points in ways the interval does not cover, and differently in the next process; run the comparison in several processes with the multiproc package

build from empty to 25123 elements, per whole build (75369 operations):
  A 5.215e+06 per op, B 4.524e+06 per op
  difference -15.29% [-17.13%, -12.89%] at 95% confidence
  noise floor 2.835%, autocorrelation +0.116
  resolved: A is slower than B
    warning: the program holds 24 MB of live data, more than the caches of many machines; for data that size, where it lies in memory can shift the result by several points in ways the interval does not cover, and differently in the next process; run the comparison in several processes with the multiproc package

== email multi n=4096 churn and build: ordered vs btree-sets
steady state, per insertion or deletion in a structure of 25123 elements (cycle of 50246 operations, first pass untimed):
  A 65.2 per op, B 187 per op
  difference +65.12% [+63.78%, +66.39%] at 95% confidence
  noise floor 2.008%, autocorrelation -0.024
  resolved: A is faster than B
    warning: the program holds 25 MB of live data, more than the caches of many machines; for data that size, where it lies in memory can shift the result by several points in ways the interval does not cover, and differently in the next process; run the comparison in several processes with the multiproc package

build from empty to 25123 elements, per whole build (75369 operations):
  A 5.307e+06 per op, B 1.419e+07 per op
  difference +62.60% [+61.02%, +63.37%] at 95% confidence
  noise floor 2.318%, autocorrelation +0.197
  resolved: A is faster than B
    warning: the program holds 24 MB of live data, more than the caches of many machines; for data that size, where it lies in memory can shift the result by several points in ways the interval does not cover, and differently in the next process; run the comparison in several processes with the multiproc package

== email multi n=4096 churn and build: ordered vs map-sets
steady state, per insertion or deletion in a structure of 25123 elements (cycle of 50246 operations, first pass untimed):
  A 64.64 per op, B 63 per op
  difference -2.61% [-5.71%, +1.78%] at 95% confidence
  noise floor 3.443%, autocorrelation +0.139
  not resolved: this run did not establish a difference
    warning: the difference of -2.61% does not clear the 3.44% noise floor, which is what this setup reports between two runs of identical code
    warning: the interval [-5.71%, 1.78%] includes zero, so a difference in either direction is consistent with these measurements
    warning: the program holds 28 MB of live data, more than the caches of many machines; for data that size, where it lies in memory can shift the result by several points in ways the interval does not cover, and differently in the next process; run the comparison in several processes with the multiproc package
    warning: in 50% of A/A runs this setup reported a difference between identical code, well above the 10% expected; treat any confidence from it with suspicion

build from empty to 25123 elements, per whole build (75369 operations):
  A 5.349e+06 per op, B 5.121e+06 per op
  difference -4.45% [-8.10%, -3.04%] at 95% confidence
  noise floor 0.351%, autocorrelation +0.030
  resolved: A is slower than B
    warning: the program holds 24 MB of live data, more than the caches of many machines; for data that size, where it lies in memory can shift the result by several points in ways the interval does not cover, and differently in the next process; run the comparison in several processes with the multiproc package

checksum 5846350030588065217
