== u64 multi n=1048576 valuesFor: ordered vs hashed
A 227.2 per op, B 220.1 per op
difference -3.19% [-5.13%, -1.30%] at 95% confidence
noise floor 1.363%, autocorrelation +0.182
resolved: A is slower than B
  warning: candidate A drifted during the run, shifting -5.08% from its first half to its second; the machine did not hold still

== u64 multi n=1048576 valuesFor: ordered vs btree-sets
A 285.3 per op, B 1278 per op
difference +77.68% [+76.31%, +78.57%] at 95% confidence
noise floor 1.252%, autocorrelation +0.687, resampled in blocks of 5
resolved: A is faster than B

== u64 multi n=1048576 valuesFor: ordered vs map-sets
A 235.9 per op, B 540 per op
difference +56.32% [+55.68%, +56.87%] at 95% confidence
noise floor 1.461%, autocorrelation +0.180
resolved: A is faster than B
  warning: candidate A drifted during the run, shifting -1.95% from its first half to its second; the machine did not hold still

== u64 multi n=1048576 valuesBetween: ordered vs btree-sets
A 8801 per op, B 3.131e+04 per op
difference +71.89% [+71.41%, +72.40%] at 95% confidence
noise floor 1.226%, autocorrelation +0.323, resampled in blocks of 5
resolved: A is faster than B
  warning: candidate A drifted during the run, shifting -3.58% from its first half to its second; the machine did not hold still
  warning: candidate B drifted during the run, shifting -1.49% from its first half to its second; the machine did not hold still

== u64 multi n=1048576 churn: ordered vs hashed
A 347.6 per op, B 345.2 per op
difference -0.70% [-5.51%, +2.69%] at 95% confidence
noise floor 1.070%, autocorrelation +0.195
not resolved: this run did not establish a difference
  warning: the difference of -0.70% does not clear the 1.07% noise floor, which is what this setup reports between two runs of identical code
  warning: the interval [-5.51%, 2.69%] includes zero, so a difference in either direction is consistent with these measurements
  warning: candidate A drifted during the run, shifting -9.45% from its first half to its second; the machine did not hold still
  warning: candidate B drifted during the run, shifting -5.66% from its first half to its second; the machine did not hold still

== u64 multi n=1048576 churn: ordered vs btree-sets
A 441.6 per op, B 1247 per op
difference +64.58% [+62.50%, +65.89%] at 95% confidence
noise floor 1.171%, autocorrelation +0.513, resampled in blocks of 5
resolved: A is faster than B
  warning: candidate A drifted during the run, shifting -13.14% from its first half to its second; the machine did not hold still
  warning: candidate B drifted during the run, shifting -4.83% from its first half to its second; the machine did not hold still

== u64 multi n=1048576 churn: ordered vs map-sets
A 406.2 per op, B 472.2 per op
difference +13.99% [+10.06%, +15.75%] at 95% confidence
noise floor 0.921%, autocorrelation +0.212, resampled in blocks of 5
resolved: A is faster than B
  warning: candidate A drifted during the run, shifting -9.15% from its first half to its second; the machine did not hold still
  warning: candidate B drifted during the run, shifting -2.69% from its first half to its second; the machine did not hold still

checksum 948196417928829957
