== str multi n=1048576 valuesFor: ordered vs hashed
A 442.6 per op, B 222.3 per op
difference -99.12% [-103.92%, -94.41%] at 95% confidence
noise floor 1.124%, autocorrelation +0.466, resampled in blocks of 5
resolved: A is slower than B
  warning: candidate A drifted during the run, shifting -4.78% from its first half to its second; the machine did not hold still
  warning: candidate B drifted during the run, shifting -3.08% from its first half to its second; the machine did not hold still

== str multi n=1048576 valuesFor: ordered vs btree-sets
A 513.4 per op, B 1256 per op
difference +59.13% [+58.02%, +60.29%] at 95% confidence
noise floor 1.802%, autocorrelation +0.628, resampled in blocks of 5
resolved: A is faster than B
  warning: candidate A drifted during the run, shifting -7.20% from its first half to its second; the machine did not hold still
  warning: candidate B drifted during the run, shifting -2.74% from its first half to its second; the machine did not hold still

== str multi n=1048576 valuesFor: ordered vs map-sets
A 468.2 per op, B 515 per op
difference +9.09% [+6.76%, +11.60%] at 95% confidence
noise floor 1.127%, autocorrelation +0.476, resampled in blocks of 5
resolved: A is faster than B
  warning: candidate A drifted during the run, shifting -8.68% from its first half to its second; the machine did not hold still
  warning: candidate B drifted during the run, shifting -3.90% from its first half to its second; the machine did not hold still

== str multi n=1048576 valuesBetween: ordered vs btree-sets
A 9276 per op, B 3.103e+04 per op
difference +70.10% [+69.75%, +70.44%] at 95% confidence
noise floor 1.620%, autocorrelation +0.395, resampled in blocks of 5
resolved: A is faster than B
  warning: candidate A drifted during the run, shifting -2.70% from its first half to its second; the machine did not hold still

== str multi n=1048576 churn: ordered vs hashed
A 645.7 per op, B 381.7 per op
difference -69.17% [-74.40%, -65.18%] at 95% confidence
noise floor 2.143%, autocorrelation +0.204, resampled in blocks of 5
resolved: A is slower than B
  warning: candidate A drifted during the run, shifting -6.63% from its first half to its second; the machine did not hold still
  warning: candidate B drifted during the run, shifting -2.52% from its first half to its second; the machine did not hold still

== str multi n=1048576 churn: ordered vs btree-sets
A 911.2 per op, B 1478 per op
difference +38.33% [+36.30%, +39.53%] at 95% confidence
noise floor 1.337%, autocorrelation +0.449, resampled in blocks of 5
resolved: A is faster than B
  warning: candidate A drifted during the run, shifting -6.11% from its first half to its second; the machine did not hold still
  warning: candidate B drifted during the run, shifting -3.69% from its first half to its second; the machine did not hold still

== str multi n=1048576 churn: ordered vs map-sets
A 934.6 per op, B 490.8 per op
difference -90.45% [-99.39%, -86.32%] at 95% confidence
noise floor 1.478%, autocorrelation +0.445, resampled in blocks of 5
resolved: A is slower than B
  warning: candidate A drifted during the run, shifting -11.32% from its first half to its second; the machine did not hold still

checksum 15045019330019638248
