== u64 multi n=1048576 valuesFor: ordered vs hashed
A 238.7 per op, B 200.5 per op
difference -19.03% [-22.76%, -16.20%] at 95% confidence
noise floor 1.287%, autocorrelation +0.395, resampled in blocks of 5
resolved: A is slower than B
  warning: candidate A drifted during the run, shifting -7.24% from its first half to its second; the machine did not hold still

== u64 multi n=1048576 valuesFor: ordered vs btree-sets
A 272.7 per op, B 941.8 per op
difference +71.04% [+69.70%, +71.69%] at 95% confidence
noise floor 0.991%, autocorrelation +0.756, resampled in blocks of 5
resolved: A is faster than B
  warning: candidate A drifted during the run, shifting -10.32% from its first half to its second; the machine did not hold still
  warning: candidate B drifted during the run, shifting -1.55% from its first half to its second; the machine did not hold still

== u64 multi n=1048576 valuesFor: ordered vs map-sets
A 255.1 per op, B 468.8 per op
difference +45.58% [+44.54%, +47.33%] at 95% confidence
noise floor 1.204%, autocorrelation +0.241, resampled in blocks of 5
resolved: A is faster than B
  warning: candidate A drifted during the run, shifting -8.33% from its first half to its second; the machine did not hold still
  warning: candidate B drifted during the run, shifting -1.24% from its first half to its second; the machine did not hold still

== u64 multi n=1048576 valuesBetween: ordered vs btree-sets
A 9765 per op, B 3.116e+04 per op
difference +68.66% [+65.02%, +71.96%] at 95% confidence
noise floor 1.312%, autocorrelation +0.275, resampled in blocks of 5
resolved: A is faster than B
  warning: candidate A drifted during the run, shifting +17.54% from its first half to its second; the machine did not hold still
  warning: candidate B drifted during the run, shifting +25.67% from its first half to its second; the machine did not hold still

== u64 multi n=1048576 churn: ordered vs hashed
A 493.2 per op, B 325.3 per op
difference -51.58% [-54.27%, -46.15%] at 95% confidence
noise floor 1.445%, autocorrelation +0.207, resampled in blocks of 5
resolved: A is slower than B
  warning: candidate B drifted during the run, shifting -2.26% from its first half to its second; the machine did not hold still

== u64 multi n=1048576 churn: ordered vs btree-sets
A 609.8 per op, B 1164 per op
difference +47.59% [+46.55%, +48.30%] at 95% confidence
noise floor 1.096%, autocorrelation +0.432, resampled in blocks of 5
resolved: A is faster than B
  warning: candidate A drifted during the run, shifting -4.14% from its first half to its second; the machine did not hold still
  warning: candidate B drifted during the run, shifting -0.72% from its first half to its second; the machine did not hold still

== u64 multi n=1048576 churn: ordered vs map-sets
A 561 per op, B 408.7 per op
difference -37.28% [-39.73%, -35.45%] at 95% confidence
noise floor 1.062%, autocorrelation +0.198
resolved: A is slower than B
  warning: candidate A drifted during the run, shifting -7.69% from its first half to its second; the machine did not hold still

checksum 10471048907959743987
