== u64 unique n=1048576 valuesFor: ordered vs btree-map
A 137.6 per op, B 513.1 per op
difference +73.18% [+71.68%, +75.25%] at 95% confidence
noise floor 1.631%, autocorrelation +0.824, resampled in blocks of 5
resolved: A is faster than B
  warning: candidate A drifted during the run, shifting -10.98% from its first half to its second; the machine did not hold still
  warning: candidate B drifted during the run, shifting -13.18% from its first half to its second; the machine did not hold still

== u64 unique n=1048576 valuesBetween: ordered vs btree-map
A 1087 per op, B 2619 per op
difference +58.50% [+57.59%, +59.91%] at 95% confidence
noise floor 2.710%, autocorrelation +0.846, resampled in blocks of 5
resolved: A is faster than B
  warning: candidate A drifted during the run, shifting -1.42% from its first half to its second; the machine did not hold still
  warning: candidate B drifted during the run, shifting -5.87% from its first half to its second; the machine did not hold still

== u64 unique n=1048576 churn: ordered vs btree-map
A 408.8 per op, B 807.4 per op
difference +49.37% [+46.08%, +54.42%] at 95% confidence
noise floor 1.927%, autocorrelation +0.625, resampled in blocks of 5
resolved: A is faster than B
  warning: candidate A drifted during the run, shifting -13.99% from its first half to its second; the machine did not hold still
  warning: candidate B drifted during the run, shifting -12.43% from its first half to its second; the machine did not hold still
  warning: in 30% of A/A runs this setup reported a difference between identical code, well above the 10% expected; treat any confidence from it with suspicion

checksum 7389044862413208947
