== u64 multi n=1048576 valuesFor: ordered vs hashed
A 278.4 per op, B 213 per op
difference -30.68% [-44.23%, -23.40%] at 95% confidence
noise floor 1.444%, autocorrelation +0.564, resampled in blocks of 5
resolved: A is slower than B
  warning: candidate A drifted during the run, shifting -18.24% from its first half to its second; the machine did not hold still
  warning: candidate B drifted during the run, shifting -4.17% from its first half to its second; the machine did not hold still

== u64 multi n=1048576 valuesFor: ordered vs btree-sets
A 322.1 per op, B 1108 per op
difference +70.93% [+69.75%, +71.62%] at 95% confidence
noise floor 1.257%, autocorrelation +0.669, resampled in blocks of 5
resolved: A is faster than B

== u64 multi n=1048576 valuesFor: ordered vs map-sets
A 257.6 per op, B 496.5 per op
difference +48.12% [+46.95%, +49.36%] at 95% confidence
noise floor 2.041%, autocorrelation +0.638, resampled in blocks of 5
resolved: A is faster than B
  warning: candidate A drifted during the run, shifting -7.90% from its first half to its second; the machine did not hold still
  warning: candidate B drifted during the run, shifting -1.98% from its first half to its second; the machine did not hold still

== u64 multi n=1048576 valuesBetween: ordered vs btree-sets
A 9154 per op, B 2.978e+04 per op
difference +69.27% [+68.41%, +70.04%] at 95% confidence
noise floor 1.227%, autocorrelation +0.421, resampled in blocks of 5
resolved: A is faster than B
  warning: candidate A drifted during the run, shifting -7.51% from its first half to its second; the machine did not hold still
  warning: candidate B drifted during the run, shifting -3.03% from its first half to its second; the machine did not hold still

== u64 multi n=1048576 churn: ordered vs hashed
A 568.2 per op, B 350.9 per op
difference -61.93% [-68.17%, -56.68%] at 95% confidence
noise floor 1.928%, autocorrelation +0.608, resampled in blocks of 5
resolved: A is slower than B
  warning: candidate A drifted during the run, shifting -5.58% from its first half to its second; the machine did not hold still
  warning: candidate B drifted during the run, shifting -2.70% from its first half to its second; the machine did not hold still

== u64 multi n=1048576 churn: ordered vs btree-sets
A 715.9 per op, B 1289 per op
difference +44.47% [+41.36%, +46.78%] at 95% confidence
noise floor 1.470%, autocorrelation +0.696, resampled in blocks of 5
resolved: A is faster than B
  warning: candidate A drifted during the run, shifting -11.53% from its first half to its second; the machine did not hold still
  warning: candidate B drifted during the run, shifting -7.31% from its first half to its second; the machine did not hold still

== u64 multi n=1048576 churn: ordered vs map-sets
A 618.4 per op, B 463.8 per op
difference -33.33% [-36.53%, -30.92%] at 95% confidence
noise floor 0.988%, autocorrelation +0.624, resampled in blocks of 5
resolved: A is slower than B
  warning: candidate A drifted during the run, shifting -5.31% from its first half to its second; the machine did not hold still
  warning: candidate B drifted during the run, shifting -4.41% from its first half to its second; the machine did not hold still

checksum 11785429982674784508
