== u64 multi n=1048576 valuesFor: ordered vs hashed
A 229.9 per op, B 218.4 per op
difference -5.24% [-8.26%, -3.71%] at 95% confidence
noise floor 1.329%, autocorrelation +0.207, resampled in blocks of 5
resolved: A is slower than B
  warning: candidate A drifted during the run, shifting -5.85% from its first half to its second; the machine did not hold still
  warning: candidate B drifted during the run, shifting -1.74% from its first half to its second; the machine did not hold still

== u64 multi n=1048576 valuesFor: ordered vs btree-sets
A 252.5 per op, B 1022 per op
difference +75.29% [+74.58%, +75.69%] at 95% confidence
noise floor 1.017%, autocorrelation +0.696, resampled in blocks of 5
resolved: A is faster than B
  warning: candidate A drifted during the run, shifting -7.29% from its first half to its second; the machine did not hold still
  warning: candidate B drifted during the run, shifting +1.59% from its first half to its second; the machine did not hold still

== u64 multi n=1048576 valuesFor: ordered vs map-sets
A 236.4 per op, B 506.5 per op
difference +53.32% [+52.71%, +54.01%] at 95% confidence
noise floor 0.897%, autocorrelation +0.166
resolved: A is faster than B
  warning: candidate A drifted during the run, shifting -5.11% from its first half to its second; the machine did not hold still

== u64 multi n=1048576 valuesBetween: ordered vs btree-sets
A 9586 per op, B 3.114e+04 per op
difference +69.21% [+68.37%, +69.74%] at 95% confidence
noise floor 1.300%, autocorrelation +0.134
resolved: A is faster than B
  warning: candidate A drifted during the run, shifting -10.56% from its first half to its second; the machine did not hold still

== u64 multi n=1048576 churn: ordered vs hashed
A 327.7 per op, B 348.5 per op
difference +5.96% [+3.86%, +9.73%] at 95% confidence
noise floor 1.059%, autocorrelation +0.169
resolved: A is faster than B
  warning: candidate B drifted during the run, shifting -1.87% from its first half to its second; the machine did not hold still

== u64 multi n=1048576 churn: ordered vs btree-sets
A 436 per op, B 1304 per op
difference +66.57% [+65.57%, +67.40%] at 95% confidence
noise floor 0.907%, autocorrelation +0.709, resampled in blocks of 5
resolved: A is faster than B
  warning: candidate A drifted during the run, shifting -6.88% from its first half to its second; the machine did not hold still
  warning: candidate B drifted during the run, shifting -3.37% from its first half to its second; the machine did not hold still

== u64 multi n=1048576 churn: ordered vs map-sets
A 440.6 per op, B 496.5 per op
difference +11.27% [+7.36%, +14.62%] at 95% confidence
noise floor 1.253%, autocorrelation +0.209, resampled in blocks of 5
resolved: A is faster than B
  warning: candidate A drifted during the run, shifting -6.47% from its first half to its second; the machine did not hold still
  warning: candidate B drifted during the run, shifting -7.57% from its first half to its second; the machine did not hold still

checksum 4277053835604032273
