== str multi n=1048576 valuesFor: ordered vs hashed
A 431.9 per op, B 212.2 per op
difference -103.56% [-109.31%, -98.47%] at 95% confidence
noise floor 1.001%, autocorrelation +0.652, resampled in blocks of 5
resolved: A is slower than B
  warning: candidate A drifted during the run, shifting -6.37% from its first half to its second; the machine did not hold still

== str multi n=1048576 valuesFor: ordered vs btree-sets
A 488.7 per op, B 1233 per op
difference +60.37% [+58.40%, +61.79%] at 95% confidence
noise floor 1.416%, autocorrelation +0.602, resampled in blocks of 5
resolved: A is faster than B

== str multi n=1048576 valuesFor: ordered vs map-sets
A 439 per op, B 516.8 per op
difference +15.04% [+11.84%, +17.39%] at 95% confidence
noise floor 1.572%, autocorrelation +0.504, resampled in blocks of 5
resolved: A is faster than B
  warning: candidate A drifted during the run, shifting -7.23% from its first half to its second; the machine did not hold still
  warning: candidate B drifted during the run, shifting -5.58% from its first half to its second; the machine did not hold still

== str multi n=1048576 valuesBetween: ordered vs btree-sets
A 9324 per op, B 3.179e+04 per op
difference +70.67% [+70.19%, +71.05%] at 95% confidence
noise floor 0.989%, autocorrelation +0.281, resampled in blocks of 5
resolved: A is faster than B
  warning: candidate A drifted during the run, shifting -3.17% from its first half to its second; the machine did not hold still
  warning: candidate B drifted during the run, shifting -1.77% from its first half to its second; the machine did not hold still

== str multi n=1048576 churn: ordered vs hashed
A 694.7 per op, B 381.4 per op
difference -82.17% [-85.90%, -78.55%] at 95% confidence
noise floor 1.303%, autocorrelation +0.508, resampled in blocks of 5
resolved: A is slower than B

== str multi n=1048576 churn: ordered vs btree-sets
A 876.3 per op, B 1431 per op
difference +38.77% [+37.09%, +41.05%] at 95% confidence
noise floor 1.630%, autocorrelation +0.509, resampled in blocks of 5
resolved: A is faster than B
  warning: candidate A drifted during the run, shifting -9.87% from its first half to its second; the machine did not hold still
  warning: candidate B drifted during the run, shifting -4.78% from its first half to its second; the machine did not hold still

== str multi n=1048576 churn: ordered vs map-sets
A 1021 per op, B 607.1 per op
difference -68.14% [-71.48%, -63.85%] at 95% confidence
noise floor 1.282%, autocorrelation +0.406, resampled in blocks of 5
resolved: A is slower than B

checksum 3673976055368691306
