== str multi n=1048576 valuesFor: ordered vs hashed
A 456.2 per op, B 236.6 per op
difference -92.83% [-122.86%, -76.49%] at 95% confidence
noise floor 2.076%, autocorrelation +0.543, resampled in blocks of 5
resolved: A is slower than B
  warning: candidate A drifted during the run, shifting -22.29% from its first half to its second; the machine did not hold still
  warning: candidate B drifted during the run, shifting -20.20% from its first half to its second; the machine did not hold still
  warning: in 38% of A/A runs this setup reported a difference between identical code, well above the 10% expected; treat any confidence from it with suspicion

== str multi n=1048576 valuesFor: ordered vs btree-sets
A 633.3 per op, B 1319 per op
difference +52.00% [+46.49%, +55.43%] at 95% confidence
noise floor 1.736%, autocorrelation +0.547, resampled in blocks of 5
resolved: A is faster than B
  warning: candidate A drifted during the run, shifting -19.62% from its first half to its second; the machine did not hold still
  warning: candidate B drifted during the run, shifting -4.87% from its first half to its second; the machine did not hold still

== str multi n=1048576 valuesFor: ordered vs map-sets
A 497.7 per op, B 544.8 per op
difference +8.65% [+1.82%, +13.13%] at 95% confidence
noise floor 1.374%, autocorrelation +0.648, resampled in blocks of 5
resolved: A is faster than B
  warning: candidate A drifted during the run, shifting -17.95% from its first half to its second; the machine did not hold still
  warning: candidate B drifted during the run, shifting -10.46% from its first half to its second; the machine did not hold still

== str multi n=1048576 valuesBetween: ordered vs btree-sets
A 9974 per op, B 3.073e+04 per op
difference +67.54% [+66.96%, +68.25%] at 95% confidence
noise floor 1.019%, autocorrelation +0.202, resampled in blocks of 5
resolved: A is faster than B
  warning: candidate A drifted during the run, shifting -5.98% from its first half to its second; the machine did not hold still

== str multi n=1048576 churn: ordered vs hashed
A 792.4 per op, B 405.4 per op
difference -95.44% [-101.13%, -82.01%] at 95% confidence
noise floor 1.252%, autocorrelation +0.390, resampled in blocks of 5
resolved: A is slower than B
  warning: candidate B drifted during the run, shifting -2.29% from its first half to its second; the machine did not hold still

== str multi n=1048576 churn: ordered vs btree-sets
A 960.4 per op, B 1444 per op
difference +33.49% [+30.10%, +34.44%] at 95% confidence
noise floor 1.839%, autocorrelation +0.692, resampled in blocks of 5
resolved: A is faster than B
  warning: candidate A drifted during the run, shifting -10.37% from its first half to its second; the machine did not hold still

== str multi n=1048576 churn: ordered vs map-sets
A 808.4 per op, B 480.4 per op
difference -68.25% [-73.36%, -64.69%] at 95% confidence
noise floor 1.721%, autocorrelation +0.369, resampled in blocks of 5
resolved: A is slower than B
  warning: candidate A drifted during the run, shifting -7.49% from its first half to its second; the machine did not hold still

checksum 9038239887133376742
