== u64 multi n=1048576 valuesFor: ordered vs hashed
A 268.7 per op, B 216.3 per op
difference -24.19% [-32.86%, -19.95%] at 95% confidence
noise floor 1.280%, autocorrelation +0.594, resampled in blocks of 5
resolved: A is slower than B
  warning: candidate A drifted during the run, shifting -17.82% from its first half to its second; the machine did not hold still
  warning: candidate B drifted during the run, shifting -6.73% from its first half to its second; the machine did not hold still

== u64 multi n=1048576 valuesFor: ordered vs btree-sets
A 361.9 per op, B 1113 per op
difference +67.48% [+65.56%, +69.08%] at 95% confidence
noise floor 1.505%, autocorrelation +0.632, resampled in blocks of 5
resolved: A is faster than B
  warning: candidate A drifted during the run, shifting -5.40% from its first half to its second; the machine did not hold still
  warning: candidate B drifted during the run, shifting +7.26% from its first half to its second; the machine did not hold still

== u64 multi n=1048576 valuesFor: ordered vs map-sets
A 262.8 per op, B 479.5 per op
difference +45.19% [+43.42%, +46.92%] at 95% confidence
noise floor 1.989%, autocorrelation +0.345, resampled in blocks of 5
resolved: A is faster than B
  warning: candidate A drifted during the run, shifting -6.62% from its first half to its second; the machine did not hold still
  warning: in 28% of A/A runs this setup reported a difference between identical code, well above the 10% expected; treat any confidence from it with suspicion

== u64 multi n=1048576 valuesBetween: ordered vs btree-sets
A 9745 per op, B 3.072e+04 per op
difference +68.28% [+67.65%, +68.64%] at 95% confidence
noise floor 1.200%, autocorrelation +0.192
resolved: A is faster than B
  warning: candidate A drifted during the run, shifting -7.91% from its first half to its second; the machine did not hold still
  warning: candidate B drifted during the run, shifting -1.72% from its first half to its second; the machine did not hold still

== u64 multi n=1048576 churn: ordered vs hashed
A 563.3 per op, B 352.6 per op
difference -59.76% [-72.45%, -52.09%] at 95% confidence
noise floor 1.479%, autocorrelation +0.350, resampled in blocks of 5
resolved: A is slower than B
  warning: candidate A drifted during the run, shifting -17.35% from its first half to its second; the machine did not hold still
  warning: candidate B drifted during the run, shifting -2.47% from its first half to its second; the machine did not hold still

== u64 multi n=1048576 churn: ordered vs btree-sets
A 659.8 per op, B 1247 per op
difference +47.10% [+45.75%, +48.85%] at 95% confidence
noise floor 1.433%, autocorrelation +0.579, resampled in blocks of 5
resolved: A is faster than B
  warning: candidate A drifted during the run, shifting -5.97% from its first half to its second; the machine did not hold still
  warning: candidate B drifted during the run, shifting -5.43% from its first half to its second; the machine did not hold still

== u64 multi n=1048576 churn: ordered vs map-sets
A 568.6 per op, B 433 per op
difference -31.30% [-33.84%, -29.73%] at 95% confidence
noise floor 1.159%, autocorrelation +0.355, resampled in blocks of 5
resolved: A is slower than B
  warning: candidate A drifted during the run, shifting -2.52% from its first half to its second; the machine did not hold still
  warning: candidate B drifted during the run, shifting -2.64% from its first half to its second; the machine did not hold still

checksum 15529099348637882365
