== str n=4096 valuesFor: ordered vs hashed
A 84.91 per op, B 50.72 per op
difference -67.43% [-69.65%, -64.64%] at 95% confidence
noise floor 0.194%, autocorrelation +0.480, resampled in blocks of 5
resolved: A is slower than B
  warning: candidate A drifted during the run, shifting +1.93% from its first half to its second; the machine did not hold still
  warning: candidate B drifted during the run, shifting +2.88% from its first half to its second; the machine did not hold still

== str n=4096 valuesFor: ordered vs btree-sets
A 86.34 per op, B 205.8 per op
difference +58.04% [+57.84%, +58.14%] at 95% confidence
noise floor 0.139%, autocorrelation +0.359, resampled in blocks of 5
resolved: A is faster than B

== str n=4096 valuesFor: ordered vs map-sets
A 86.31 per op, B 105.1 per op
difference +17.89% [+17.48%, +18.32%] at 95% confidence
noise floor 0.181%, autocorrelation +0.106
resolved: A is faster than B
  warning: candidate A drifted during the run, shifting -2.64% from its first half to its second; the machine did not hold still
  warning: candidate B drifted during the run, shifting -2.28% from its first half to its second; the machine did not hold still

== str n=4096 valuesFor: hashed vs map-sets
A 51.59 per op, B 105.1 per op
difference +50.90% [+50.60%, +51.16%] at 95% confidence
noise floor 0.184%, autocorrelation +0.315, resampled in blocks of 5
resolved: A is faster than B
  warning: candidate A drifted during the run, shifting -1.33% from its first half to its second; the machine did not hold still
  warning: candidate B drifted during the run, shifting -0.75% from its first half to its second; the machine did not hold still

== str n=4096 valuesBetween: ordered vs btree-sets
A 4518 per op, B 8238 per op
difference +45.15% [+44.78%, +45.65%] at 95% confidence
noise floor 0.417%, autocorrelation +0.135
resolved: A is faster than B

== str n=4096 valuesBetween: ordered vs hashed
A 4506 per op, B 6.677e+04 per op
difference +93.25% [+93.20%, +93.31%] at 95% confidence
noise floor 0.490%, autocorrelation +0.190
resolved: A is faster than B
  warning: candidate A drifted during the run, shifting -1.97% from its first half to its second; the machine did not hold still
  warning: candidate B drifted during the run, shifting -0.65% from its first half to its second; the machine did not hold still

== str n=4096 addRemove: ordered vs hashed
A 133.2 per op, B 57.46 per op
difference -131.82% [-135.53%, -122.93%] at 95% confidence
noise floor 0.089%, autocorrelation +0.207, resampled in blocks of 5
resolved: A is slower than B
  warning: candidate A drifted during the run, shifting -0.31% from its first half to its second; the machine did not hold still

== str n=4096 addRemove: ordered vs btree-sets
A 138.9 per op, B 259.9 per op
difference +46.54% [+46.35%, +48.30%] at 95% confidence
noise floor 0.112%, autocorrelation +0.155
resolved: A is faster than B

== str n=4096 addRemove: ordered vs map-sets
A 129.5 per op, B 57.45 per op
difference -125.39% [-125.94%, -124.82%] at 95% confidence
noise floor 0.076%, autocorrelation +0.210, resampled in blocks of 5
resolved: A is slower than B
  warning: candidate A drifted during the run, shifting -0.40% from its first half to its second; the machine did not hold still
  warning: 7.3% of bootstrap replicates tied, so the measurement is coarse relative to the question; lower CollectOptions.MaxQuantizationError to lengthen the batches

== str n=4096 addRemove: hashed vs map-sets
A 54.52 per op, B 57.45 per op
difference +5.09% [+4.96%, +5.24%] at 95% confidence
noise floor 0.080%, autocorrelation +0.068
resolved: A is faster than B
  warning: candidate A drifted during the run, shifting +0.73% from its first half to its second; the machine did not hold still
  warning: 6.5% of bootstrap replicates tied, so the measurement is coarse relative to the question; lower CollectOptions.MaxQuantizationError to lengthen the batches

== str n=4096 build: ordered vs hashed
A 2.031e+06 per op, B 1.316e+06 per op
difference -54.41% [-55.37%, -53.64%] at 95% confidence
noise floor 0.486%, autocorrelation +0.105
resolved: A is slower than B

== str n=4096 build: ordered vs btree-sets
A 2.047e+06 per op, B 3.261e+06 per op
difference +37.24% [+36.95%, +37.54%] at 95% confidence
noise floor 0.495%, autocorrelation +0.080
resolved: A is faster than B

== str n=4096 build: ordered vs map-sets
A 2.048e+06 per op, B 1.59e+06 per op
difference -28.81% [-29.98%, -28.01%] at 95% confidence
noise floor 0.650%, autocorrelation +0.115
resolved: A is slower than B
  warning: candidate A drifted during the run, shifting +2.14% from its first half to its second; the machine did not hold still
  warning: candidate B drifted during the run, shifting +3.98% from its first half to its second; the machine did not hold still

== str n=4096 build: hashed vs map-sets
A 1.332e+06 per op, B 1.607e+06 per op
difference +17.09% [+16.66%, +17.58%] at 95% confidence
noise floor 0.632%, autocorrelation +0.186
resolved: A is faster than B

checksum 11570120952355305976
