== str unique n=4096 valuesFor: ordered vs btree-map
A 60.54 per op, B 101.8 per op
difference +40.56% [+40.32%, +40.93%] at 95% confidence
noise floor 0.633%, autocorrelation +0.140
resolved: A is faster than B

== str unique n=4096 valuesBetween: ordered vs btree-map
A 1235 per op, B 429.8 per op
difference -187.36% [-188.94%, -185.41%] at 95% confidence
noise floor 1.314%, autocorrelation -0.051
resolved: A is slower than B

== str unique n=4096 churn: ordered vs btree-map
A 172.3 per op, B 137.9 per op
difference -24.92% [-26.23%, -23.78%] at 95% confidence
noise floor 0.758%, autocorrelation +0.025
resolved: A is slower than B

== str unique n=4096 build: ordered vs btree-map
A 2.789e+06 per op, B 1.637e+06 per op
difference -70.43% [-74.33%, -66.78%] at 95% confidence
noise floor 1.652%, autocorrelation +0.010
resolved: A is slower than B

checksum 10823167073517269692
