== str multi n=4096 valuesFor: ordered vs hashed
A 80.57 per op, B 38.46 per op
difference -109.51% [-111.19%, -106.49%] at 95% confidence
noise floor 2.049%, autocorrelation +0.046
resolved: A is slower than B

== str multi n=4096 valuesFor: ordered vs btree-sets
A 81.73 per op, B 175.1 per op
difference +53.31% [+53.00%, +53.61%] at 95% confidence
noise floor 0.514%, autocorrelation +0.041
resolved: A is faster than B

== str multi n=4096 valuesFor: ordered vs map-sets
A 80.39 per op, B 93.45 per op
difference +13.98% [+13.33%, +14.56%] at 95% confidence
noise floor 0.836%, autocorrelation +0.056
resolved: A is faster than B

== str multi n=4096 valuesBetween: ordered vs hashed
A 3207 per op, B 5.357e+04 per op
difference +94.01% [+93.95%, +94.23%] at 95% confidence
noise floor 0.963%, autocorrelation +0.091
resolved: A is faster than B

== str multi n=4096 valuesBetween: ordered vs btree-sets
A 3059 per op, B 7277 per op
difference +57.96% [+57.12%, +58.80%] at 95% confidence
noise floor 1.556%, autocorrelation +0.054
resolved: A is faster than B

== str multi n=4096 valuesBetween: ordered vs map-sets
A 3111 per op, B 5.429e+04 per op
difference +94.27% [+94.13%, +94.45%] at 95% confidence
noise floor 1.509%, autocorrelation +0.028
resolved: A is faster than B
  warning: in 50% of A/A runs this setup reported a difference between identical code, well above the 10% expected; treat any confidence from it with suspicion

== str multi n=4096 churn: ordered vs hashed
A 144.4 per op, B 50.04 per op
difference -188.61% [-191.76%, -184.25%] at 95% confidence
noise floor 1.145%, autocorrelation +0.134
resolved: A is slower than B

== str multi n=4096 churn: ordered vs btree-sets
A 147.5 per op, B 174 per op
difference +15.25% [+13.11%, +16.54%] at 95% confidence
noise floor 1.328%, autocorrelation +0.161
resolved: A is faster than B

== str multi n=4096 churn: ordered vs map-sets
A 143.9 per op, B 56.76 per op
difference -153.59% [-158.60%, -148.98%] at 95% confidence
noise floor 1.443%, autocorrelation +0.181
resolved: A is slower than B

== str multi n=4096 build: ordered vs hashed
A 1.461e+07 per op, B 4.254e+06 per op
difference -243.40% [-245.28%, -241.67%] at 95% confidence
noise floor 0.606%, autocorrelation +0.034
resolved: A is slower than B
  warning: candidate B drifted during the run, shifting -0.38% from its first half to its second; the machine did not hold still

== str multi n=4096 build: ordered vs btree-sets
A 1.448e+07 per op, B 1.415e+07 per op
difference -2.34% [-2.82%, -1.76%] at 95% confidence
noise floor 0.356%, autocorrelation +0.082
resolved: A is slower than B

== str multi n=4096 build: ordered vs map-sets
A 1.456e+07 per op, B 5.038e+06 per op
difference -188.94% [-192.39%, -184.69%] at 95% confidence
noise floor 0.646%, autocorrelation +0.019
resolved: A is slower than B

checksum 15479716019850176320
