== str multi n=262144 valuesFor: ordered vs hashed
A 306 per op, B 188.2 per op
difference -62.66% [-66.96%, -58.47%] at 95% confidence
noise floor 1.103%, autocorrelation +0.077
resolved: A is slower than B
  warning: the program holds 474 MB of live data, more than the caches of many machines; for data that size, where it lies in memory can shift the result by several points in ways the interval does not cover, and differently in the next process; run the comparison in several processes with the multiproc package

== str multi n=262144 valuesFor: ordered vs btree-sets
A 377.5 per op, B 764.9 per op
difference +50.65% [+48.69%, +51.98%] at 95% confidence
noise floor 1.958%, autocorrelation +0.259, resampled in blocks of 3
resolved: A is faster than B
  warning: the program holds 474 MB of live data, more than the caches of many machines; for data that size, where it lies in memory can shift the result by several points in ways the interval does not cover, and differently in the next process; run the comparison in several processes with the multiproc package

== str multi n=262144 valuesFor: ordered vs map-sets
A 317.1 per op, B 410.9 per op
difference +22.83% [+21.13%, +24.40%] at 95% confidence
noise floor 0.936%, autocorrelation +0.159
resolved: A is faster than B
  warning: the program holds 474 MB of live data, more than the caches of many machines; for data that size, where it lies in memory can shift the result by several points in ways the interval does not cover, and differently in the next process; run the comparison in several processes with the multiproc package

== str multi n=262144 valuesBetween: ordered vs btree-sets
A 1.093e+04 per op, B 2.614e+04 per op
difference +58.19% [+57.62%, +59.35%] at 95% confidence
noise floor 2.033%, autocorrelation +0.090
resolved: A is faster than B
  warning: the program holds 474 MB of live data, more than the caches of many machines; for data that size, where it lies in memory can shift the result by several points in ways the interval does not cover, and differently in the next process; run the comparison in several processes with the multiproc package
  warning: in 50% of A/A runs this setup reported a difference between identical code, well above the 10% expected; treat any confidence from it with suspicion

== str multi n=262144 prefix: ordered vs btree-sets
A 1.731e+06 per op, B 4.415e+06 per op
difference +60.80% [+59.65%, +61.52%] at 95% confidence
noise floor 0.980%, autocorrelation +0.173
resolved: A is faster than B
  warning: the program holds 474 MB of live data, more than the caches of many machines; for data that size, where it lies in memory can shift the result by several points in ways the interval does not cover, and differently in the next process; run the comparison in several processes with the multiproc package

== str multi n=262144 churn and build: ordered vs hashed
steady state, per insertion or deletion in a structure of 1587806 elements (cycle of 3175612 operations, first pass untimed):
  A 405.5 per op, B 300.4 per op
  difference -34.98% [-39.66%, -29.06%] at 95% confidence
  noise floor 0.913%, autocorrelation -0.005
  resolved: A is slower than B
    warning: the program holds 617 MB of live data, more than the caches of many machines; for data that size, where it lies in memory can shift the result by several points in ways the interval does not cover, and differently in the next process; run the comparison in several processes with the multiproc package

== str multi n=262144 churn and build: ordered vs btree-sets
steady state, per insertion or deletion in a structure of 1587806 elements (cycle of 3175612 operations, first pass untimed):
  A 504.4 per op, B 940.4 per op
  difference +46.37% [+45.41%, +47.18%] at 95% confidence
  noise floor 1.182%, autocorrelation +0.192
  resolved: A is faster than B
    warning: the program holds 657 MB of live data, more than the caches of many machines; for data that size, where it lies in memory can shift the result by several points in ways the interval does not cover, and differently in the next process; run the comparison in several processes with the multiproc package
    warning: candidate A drifted during the run, shifting -2.10% from its first half to its second; the machine did not hold still
    warning: candidate B drifted during the run, shifting -2.07% from its first half to its second; the machine did not hold still

== str multi n=262144 churn and build: ordered vs map-sets
steady state, per insertion or deletion in a structure of 1587806 elements (cycle of 3175612 operations, first pass untimed):
  A 440.2 per op, B 381.4 per op
  difference -15.41% [-16.48%, -13.26%] at 95% confidence
  noise floor 1.134%, autocorrelation -0.146
  resolved: A is slower than B
    warning: the program holds 636 MB of live data, more than the caches of many machines; for data that size, where it lies in memory can shift the result by several points in ways the interval does not cover, and differently in the next process; run the comparison in several processes with the multiproc package

checksum 8416939896405758904
== str multi n=262144 valuesFor: ordered vs hashed
A 328.5 per op, B 195.1 per op
difference -68.36% [-71.45%, -65.20%] at 95% confidence
noise floor 0.872%, autocorrelation +0.024
resolved: A is slower than B
  warning: the program holds 478 MB of live data, more than the caches of many machines; for data that size, where it lies in memory can shift the result by several points in ways the interval does not cover, and differently in the next process; run the comparison in several processes with the multiproc package

== str multi n=262144 valuesFor: ordered vs btree-sets
A 378.6 per op, B 770.5 per op
difference +50.86% [+49.98%, +52.06%] at 95% confidence
noise floor 1.441%, autocorrelation +0.465, resampled in blocks of 3
resolved: A is faster than B
  warning: the program holds 478 MB of live data, more than the caches of many machines; for data that size, where it lies in memory can shift the result by several points in ways the interval does not cover, and differently in the next process; run the comparison in several processes with the multiproc package
  warning: candidate B drifted during the run, shifting -3.44% from its first half to its second; the machine did not hold still

== str multi n=262144 valuesFor: ordered vs map-sets
A 342.7 per op, B 437.1 per op
difference +21.58% [+20.37%, +22.81%] at 95% confidence
noise floor 1.767%, autocorrelation +0.322, resampled in blocks of 3
resolved: A is faster than B
  warning: the program holds 478 MB of live data, more than the caches of many machines; for data that size, where it lies in memory can shift the result by several points in ways the interval does not cover, and differently in the next process; run the comparison in several processes with the multiproc package

== str multi n=262144 valuesBetween: ordered vs btree-sets
A 1.122e+04 per op, B 2.781e+04 per op
difference +59.66% [+58.82%, +60.18%] at 95% confidence
noise floor 1.619%, autocorrelation +0.497, resampled in blocks of 3
resolved: A is faster than B
  warning: the program holds 478 MB of live data, more than the caches of many machines; for data that size, where it lies in memory can shift the result by several points in ways the interval does not cover, and differently in the next process; run the comparison in several processes with the multiproc package
  warning: in 50% of A/A runs this setup reported a difference between identical code, well above the 10% expected; treat any confidence from it with suspicion

== str multi n=262144 prefix: ordered vs btree-sets
A 1.754e+06 per op, B 4.619e+06 per op
difference +62.03% [+61.53%, +62.64%] at 95% confidence
noise floor 0.805%, autocorrelation +0.261, resampled in blocks of 3
resolved: A is faster than B
  warning: the program holds 478 MB of live data, more than the caches of many machines; for data that size, where it lies in memory can shift the result by several points in ways the interval does not cover, and differently in the next process; run the comparison in several processes with the multiproc package

== str multi n=262144 churn and build: ordered vs hashed
steady state, per insertion or deletion in a structure of 1587806 elements (cycle of 3175612 operations, first pass untimed):
  A 445.2 per op, B 352.4 per op
  difference -26.32% [-29.33%, -23.31%] at 95% confidence
  noise floor 1.286%, autocorrelation +0.677, resampled in blocks of 3
  resolved: A is slower than B
    warning: the program holds 619 MB of live data, more than the caches of many machines; for data that size, where it lies in memory can shift the result by several points in ways the interval does not cover, and differently in the next process; run the comparison in several processes with the multiproc package

== str multi n=262144 churn and build: ordered vs btree-sets
steady state, per insertion or deletion in a structure of 1587806 elements (cycle of 3175612 operations, first pass untimed):
  A 542.4 per op, B 1008 per op
  difference +46.17% [+45.11%, +47.58%] at 95% confidence
  noise floor 1.689%, autocorrelation +0.586, resampled in blocks of 3
  resolved: A is faster than B
    warning: the program holds 662 MB of live data, more than the caches of many machines; for data that size, where it lies in memory can shift the result by several points in ways the interval does not cover, and differently in the next process; run the comparison in several processes with the multiproc package
    warning: candidate B drifted during the run, shifting +3.83% from its first half to its second; the machine did not hold still

== str multi n=262144 churn and build: ordered vs map-sets
steady state, per insertion or deletion in a structure of 1587806 elements (cycle of 3175612 operations, first pass untimed):
  A 464.5 per op, B 418 per op
  difference -11.12% [-14.80%, -8.39%] at 95% confidence
  noise floor 0.639%, autocorrelation -0.001
  resolved: A is slower than B
    warning: the program holds 645 MB of live data, more than the caches of many machines; for data that size, where it lies in memory can shift the result by several points in ways the interval does not cover, and differently in the next process; run the comparison in several processes with the multiproc package

checksum 4579054083822281907
== str multi n=262144 valuesFor: ordered vs hashed
A 345.2 per op, B 205.2 per op
difference -68.22% [-70.53%, -64.65%] at 95% confidence
noise floor 0.676%, autocorrelation +0.563, resampled in blocks of 3
resolved: A is slower than B
  warning: the program holds 348 MB of live data, more than the caches of many machines; for data that size, where it lies in memory can shift the result by several points in ways the interval does not cover, and differently in the next process; run the comparison in several processes with the multiproc package

== str multi n=262144 valuesFor: ordered vs btree-sets
A 384.9 per op, B 763.6 per op
difference +49.60% [+48.18%, +50.80%] at 95% confidence
noise floor 1.784%, autocorrelation +0.631, resampled in blocks of 3
resolved: A is faster than B
  warning: the program holds 477 MB of live data, more than the caches of many machines; for data that size, where it lies in memory can shift the result by several points in ways the interval does not cover, and differently in the next process; run the comparison in several processes with the multiproc package

== str multi n=262144 valuesFor: ordered vs map-sets
A 358.2 per op, B 456.5 per op
difference +21.55% [+19.68%, +23.72%] at 95% confidence
noise floor 0.908%, autocorrelation -0.090
resolved: A is faster than B
  warning: the program holds 477 MB of live data, more than the caches of many machines; for data that size, where it lies in memory can shift the result by several points in ways the interval does not cover, and differently in the next process; run the comparison in several processes with the multiproc package

== str multi n=262144 valuesBetween: ordered vs btree-sets
A 1.17e+04 per op, B 2.876e+04 per op
difference +59.32% [+58.84%, +59.92%] at 95% confidence
noise floor 2.815%, autocorrelation +0.194
resolved: A is faster than B
  warning: the program holds 477 MB of live data, more than the caches of many machines; for data that size, where it lies in memory can shift the result by several points in ways the interval does not cover, and differently in the next process; run the comparison in several processes with the multiproc package

== str multi n=262144 prefix: ordered vs btree-sets
A 1.805e+06 per op, B 4.62e+06 per op
difference +60.94% [+59.64%, +61.49%] at 95% confidence
noise floor 1.281%, autocorrelation +0.408, resampled in blocks of 3
resolved: A is faster than B
  warning: the program holds 477 MB of live data, more than the caches of many machines; for data that size, where it lies in memory can shift the result by several points in ways the interval does not cover, and differently in the next process; run the comparison in several processes with the multiproc package

== str multi n=262144 churn and build: ordered vs hashed
steady state, per insertion or deletion in a structure of 1587806 elements (cycle of 3175612 operations, first pass untimed):
  A 447.3 per op, B 342.2 per op
  difference -30.72% [-31.92%, -27.19%] at 95% confidence
  noise floor 1.349%, autocorrelation +0.651, resampled in blocks of 3
  resolved: A is slower than B
    warning: the program holds 647 MB of live data, more than the caches of many machines; for data that size, where it lies in memory can shift the result by several points in ways the interval does not cover, and differently in the next process; run the comparison in several processes with the multiproc package

== str multi n=262144 churn and build: ordered vs btree-sets
steady state, per insertion or deletion in a structure of 1587806 elements (cycle of 3175612 operations, first pass untimed):
  A 572.6 per op, B 1137 per op
  difference +49.64% [+47.53%, +52.11%] at 95% confidence
  noise floor 1.969%, autocorrelation +0.734, resampled in blocks of 3
  resolved: A is faster than B
    warning: the program holds 697 MB of live data, more than the caches of many machines; for data that size, where it lies in memory can shift the result by several points in ways the interval does not cover, and differently in the next process; run the comparison in several processes with the multiproc package

== str multi n=262144 churn and build: ordered vs map-sets
steady state, per insertion or deletion in a structure of 1587806 elements (cycle of 3175612 operations, first pass untimed):
  A 462.3 per op, B 409.2 per op
  difference -12.99% [-16.26%, -10.78%] at 95% confidence
  noise floor 1.354%, autocorrelation +0.300, resampled in blocks of 3
  resolved: A is slower than B
    warning: the program holds 691 MB of live data, more than the caches of many machines; for data that size, where it lies in memory can shift the result by several points in ways the interval does not cover, and differently in the next process; run the comparison in several processes with the multiproc package

checksum 12734023390246514242
== str multi n=262144 valuesFor: ordered vs hashed
A 339.6 per op, B 199.6 per op
difference -70.19% [-72.17%, -65.34%] at 95% confidence
noise floor 1.785%, autocorrelation +0.789, resampled in blocks of 3
resolved: A is slower than B
  warning: the program holds 378 MB of live data, more than the caches of many machines; for data that size, where it lies in memory can shift the result by several points in ways the interval does not cover, and differently in the next process; run the comparison in several processes with the multiproc package
  warning: in 50% of A/A runs this setup reported a difference between identical code, well above the 10% expected; treat any confidence from it with suspicion

== str multi n=262144 valuesFor: ordered vs btree-sets
A 416.6 per op, B 837.8 per op
difference +50.27% [+47.74%, +54.26%] at 95% confidence
noise floor 1.249%, autocorrelation +0.783, resampled in blocks of 3
resolved: A is faster than B
  warning: the program holds 378 MB of live data, more than the caches of many machines; for data that size, where it lies in memory can shift the result by several points in ways the interval does not cover, and differently in the next process; run the comparison in several processes with the multiproc package
  warning: candidate A drifted during the run, shifting +6.69% from its first half to its second; the machine did not hold still
  warning: candidate B drifted during the run, shifting +12.72% from its first half to its second; the machine did not hold still
  warning: the ratio B/A shifted +4.88% from the first half of the run to the second, so the candidates had not reached a steady state and the difference depends on how long the run was; a common cause is a head start for whichever candidate ran alone last before the comparison or had its data built last, which a longer CollectOptions.WarmupDuration removes

== str multi n=262144 valuesFor: ordered vs map-sets
A 409 per op, B 517.7 per op
difference +21.01% [+19.83%, +23.54%] at 95% confidence
noise floor 1.297%, autocorrelation +0.017
resolved: A is faster than B
  warning: the program holds 378 MB of live data, more than the caches of many machines; for data that size, where it lies in memory can shift the result by several points in ways the interval does not cover, and differently in the next process; run the comparison in several processes with the multiproc package
  warning: in 50% of A/A runs this setup reported a difference between identical code, well above the 10% expected; treat any confidence from it with suspicion

== str multi n=262144 valuesBetween: ordered vs btree-sets
A 1.181e+04 per op, B 2.835e+04 per op
difference +58.36% [+57.44%, +59.12%] at 95% confidence
noise floor 1.544%, autocorrelation +0.275, resampled in blocks of 3
resolved: A is faster than B
  warning: the program holds 378 MB of live data, more than the caches of many machines; for data that size, where it lies in memory can shift the result by several points in ways the interval does not cover, and differently in the next process; run the comparison in several processes with the multiproc package

== str multi n=262144 prefix: ordered vs btree-sets
A 1.819e+06 per op, B 4.513e+06 per op
difference +59.70% [+59.21%, +60.20%] at 95% confidence
noise floor 1.236%, autocorrelation +0.396, resampled in blocks of 3
resolved: A is faster than B
  warning: the program holds 474 MB of live data, more than the caches of many machines; for data that size, where it lies in memory can shift the result by several points in ways the interval does not cover, and differently in the next process; run the comparison in several processes with the multiproc package
  warning: in 50% of A/A runs this setup reported a difference between identical code, well above the 10% expected; treat any confidence from it with suspicion

== str multi n=262144 churn and build: ordered vs hashed
steady state, per insertion or deletion in a structure of 1587806 elements (cycle of 3175612 operations, first pass untimed):
  A 445.5 per op, B 347.3 per op
  difference -28.26% [-33.90%, -25.76%] at 95% confidence
  noise floor 4.314%, autocorrelation +0.464, resampled in blocks of 3
  resolved: A is slower than B
    warning: the program holds 643 MB of live data, more than the caches of many machines; for data that size, where it lies in memory can shift the result by several points in ways the interval does not cover, and differently in the next process; run the comparison in several processes with the multiproc package

== str multi n=262144 churn and build: ordered vs btree-sets
steady state, per insertion or deletion in a structure of 1587806 elements (cycle of 3175612 operations, first pass untimed):
  A 571.5 per op, B 1148 per op
  difference +50.23% [+48.68%, +51.28%] at 95% confidence
  noise floor 1.213%, autocorrelation +0.472, resampled in blocks of 3
  resolved: A is faster than B
    warning: the program holds 691 MB of live data, more than the caches of many machines; for data that size, where it lies in memory can shift the result by several points in ways the interval does not cover, and differently in the next process; run the comparison in several processes with the multiproc package
    warning: candidate A drifted during the run, shifting -5.12% from its first half to its second; the machine did not hold still
    warning: candidate B drifted during the run, shifting -2.39% from its first half to its second; the machine did not hold still
    warning: the ratio B/A shifted +2.78% from the first half of the run to the second, so the candidates had not reached a steady state and the difference depends on how long the run was; a common cause is a head start for whichever candidate ran alone last before the comparison or had its data built last, which a longer CollectOptions.WarmupDuration removes

== str multi n=262144 churn and build: ordered vs map-sets
steady state, per insertion or deletion in a structure of 1587806 elements (cycle of 3175612 operations, first pass untimed):
  A 450.6 per op, B 406.6 per op
  difference -10.81% [-16.48%, -6.80%] at 95% confidence
  noise floor 1.499%, autocorrelation +0.295, resampled in blocks of 3
  resolved: A is slower than B
    warning: the program holds 689 MB of live data, more than the caches of many machines; for data that size, where it lies in memory can shift the result by several points in ways the interval does not cover, and differently in the next process; run the comparison in several processes with the multiproc package

checksum 15870472540203922279
== str multi n=262144 valuesFor: ordered vs hashed
A 300.8 per op, B 183.8 per op
difference -63.69% [-66.67%, -58.71%] at 95% confidence
noise floor 1.787%, autocorrelation -0.039
resolved: A is slower than B
  warning: the program holds 393 MB of live data, more than the caches of many machines; for data that size, where it lies in memory can shift the result by several points in ways the interval does not cover, and differently in the next process; run the comparison in several processes with the multiproc package
  warning: in 50% of A/A runs this setup reported a difference between identical code, well above the 10% expected; treat any confidence from it with suspicion

== str multi n=262144 valuesFor: ordered vs btree-sets
A 358.3 per op, B 723.2 per op
difference +50.46% [+49.80%, +51.11%] at 95% confidence
noise floor 0.652%, autocorrelation +0.513, resampled in blocks of 3
resolved: A is faster than B
  warning: the program holds 393 MB of live data, more than the caches of many machines; for data that size, where it lies in memory can shift the result by several points in ways the interval does not cover, and differently in the next process; run the comparison in several processes with the multiproc package
  warning: candidate B drifted during the run, shifting +1.64% from its first half to its second; the machine did not hold still

== str multi n=262144 valuesFor: ordered vs map-sets
A 322.2 per op, B 431 per op
difference +25.25% [+23.91%, +26.63%] at 95% confidence
noise floor 1.076%, autocorrelation +0.480, resampled in blocks of 3
resolved: A is faster than B
  warning: the program holds 393 MB of live data, more than the caches of many machines; for data that size, where it lies in memory can shift the result by several points in ways the interval does not cover, and differently in the next process; run the comparison in several processes with the multiproc package

== str multi n=262144 valuesBetween: ordered vs btree-sets
A 1.061e+04 per op, B 2.642e+04 per op
difference +59.82% [+59.47%, +60.66%] at 95% confidence
noise floor 0.435%, autocorrelation +0.113
resolved: A is faster than B
  warning: the program holds 393 MB of live data, more than the caches of many machines; for data that size, where it lies in memory can shift the result by several points in ways the interval does not cover, and differently in the next process; run the comparison in several processes with the multiproc package

== str multi n=262144 prefix: ordered vs btree-sets
A 1.678e+06 per op, B 4.489e+06 per op
difference +62.62% [+61.69%, +63.06%] at 95% confidence
noise floor 1.063%, autocorrelation +0.044
resolved: A is faster than B
  warning: the program holds 479 MB of live data, more than the caches of many machines; for data that size, where it lies in memory can shift the result by several points in ways the interval does not cover, and differently in the next process; run the comparison in several processes with the multiproc package

== str multi n=262144 churn and build: ordered vs hashed
steady state, per insertion or deletion in a structure of 1587806 elements (cycle of 3175612 operations, first pass untimed):
  A 450.8 per op, B 335.2 per op
  difference -34.47% [-41.81%, -30.50%] at 95% confidence
  noise floor 1.962%, autocorrelation -0.064
  resolved: A is slower than B
    warning: the program holds 644 MB of live data, more than the caches of many machines; for data that size, where it lies in memory can shift the result by several points in ways the interval does not cover, and differently in the next process; run the comparison in several processes with the multiproc package
    warning: candidate A drifted during the run, shifting -7.09% from its first half to its second; the machine did not hold still

== str multi n=262144 churn and build: ordered vs btree-sets
steady state, per insertion or deletion in a structure of 1587806 elements (cycle of 3175612 operations, first pass untimed):
  A 525.8 per op, B 965.3 per op
  difference +45.53% [+42.38%, +49.58%] at 95% confidence
  noise floor 2.995%, autocorrelation +0.730, resampled in blocks of 3
  resolved: A is faster than B
    warning: the program holds 686 MB of live data, more than the caches of many machines; for data that size, where it lies in memory can shift the result by several points in ways the interval does not cover, and differently in the next process; run the comparison in several processes with the multiproc package
    warning: candidate A drifted during the run, shifting +9.78% from its first half to its second; the machine did not hold still
    warning: candidate B drifted during the run, shifting +9.20% from its first half to its second; the machine did not hold still

== str multi n=262144 churn and build: ordered vs map-sets
steady state, per insertion or deletion in a structure of 1587806 elements (cycle of 3175612 operations, first pass untimed):
  A 460.6 per op, B 405.4 per op
  difference -13.61% [-16.82%, -11.18%] at 95% confidence
  noise floor 1.775%, autocorrelation +0.725, resampled in blocks of 3
  resolved: A is slower than B
    warning: the program holds 691 MB of live data, more than the caches of many machines; for data that size, where it lies in memory can shift the result by several points in ways the interval does not cover, and differently in the next process; run the comparison in several processes with the multiproc package

checksum 8500163315780472539
== str multi n=262144 valuesFor: ordered vs hashed
A 304.4 per op, B 182.1 per op
difference -67.18% [-70.25%, -64.89%] at 95% confidence
noise floor 1.080%, autocorrelation +0.273, resampled in blocks of 3
resolved: A is slower than B
  warning: the program holds 445 MB of live data, more than the caches of many machines; for data that size, where it lies in memory can shift the result by several points in ways the interval does not cover, and differently in the next process; run the comparison in several processes with the multiproc package

== str multi n=262144 valuesFor: ordered vs btree-sets
A 357.4 per op, B 714.1 per op
difference +49.95% [+49.33%, +51.27%] at 95% confidence
noise floor 2.281%, autocorrelation +0.090
resolved: A is faster than B
  warning: the program holds 445 MB of live data, more than the caches of many machines; for data that size, where it lies in memory can shift the result by several points in ways the interval does not cover, and differently in the next process; run the comparison in several processes with the multiproc package
  warning: in 50% of A/A runs this setup reported a difference between identical code, well above the 10% expected; treat any confidence from it with suspicion

== str multi n=262144 valuesFor: ordered vs map-sets
A 316.1 per op, B 414.9 per op
difference +23.82% [+23.05%, +24.94%] at 95% confidence
noise floor 1.979%, autocorrelation +0.202, resampled in blocks of 3
resolved: A is faster than B
  warning: the program holds 445 MB of live data, more than the caches of many machines; for data that size, where it lies in memory can shift the result by several points in ways the interval does not cover, and differently in the next process; run the comparison in several processes with the multiproc package

== str multi n=262144 valuesBetween: ordered vs btree-sets
A 1.074e+04 per op, B 2.681e+04 per op
difference +59.96% [+59.36%, +60.65%] at 95% confidence
noise floor 0.856%, autocorrelation +0.125
resolved: A is faster than B
  warning: the program holds 445 MB of live data, more than the caches of many machines; for data that size, where it lies in memory can shift the result by several points in ways the interval does not cover, and differently in the next process; run the comparison in several processes with the multiproc package

== str multi n=262144 prefix: ordered vs btree-sets
A 1.691e+06 per op, B 4.493e+06 per op
difference +62.37% [+61.79%, +62.85%] at 95% confidence
noise floor 0.540%, autocorrelation +0.223, resampled in blocks of 3
resolved: A is faster than B
  warning: the program holds 445 MB of live data, more than the caches of many machines; for data that size, where it lies in memory can shift the result by several points in ways the interval does not cover, and differently in the next process; run the comparison in several processes with the multiproc package

== str multi n=262144 churn and build: ordered vs hashed
steady state, per insertion or deletion in a structure of 1587806 elements (cycle of 3175612 operations, first pass untimed):
  A 420.4 per op, B 325 per op
  difference -29.35% [-35.06%, -26.41%] at 95% confidence
  noise floor 2.544%, autocorrelation +0.468, resampled in blocks of 3
  resolved: A is slower than B
    warning: the program holds 590 MB of live data, more than the caches of many machines; for data that size, where it lies in memory can shift the result by several points in ways the interval does not cover, and differently in the next process; run the comparison in several processes with the multiproc package
    warning: candidate A drifted during the run, shifting +7.51% from its first half to its second; the machine did not hold still
    warning: the ratio B/A shifted -5.77% from the first half of the run to the second, so the candidates had not reached a steady state and the difference depends on how long the run was; a common cause is a head start for whichever candidate ran alone last before the comparison or had its data built last, which a longer CollectOptions.WarmupDuration removes

== str multi n=262144 churn and build: ordered vs btree-sets
steady state, per insertion or deletion in a structure of 1587806 elements (cycle of 3175612 operations, first pass untimed):
  A 537.3 per op, B 1000 per op
  difference +46.27% [+45.24%, +47.22%] at 95% confidence
  noise floor 3.009%, autocorrelation +0.395, resampled in blocks of 3
  resolved: A is faster than B
    warning: the program holds 623 MB of live data, more than the caches of many machines; for data that size, where it lies in memory can shift the result by several points in ways the interval does not cover, and differently in the next process; run the comparison in several processes with the multiproc package
    warning: in 50% of A/A runs this setup reported a difference between identical code, well above the 10% expected; treat any confidence from it with suspicion

== str multi n=262144 churn and build: ordered vs map-sets
steady state, per insertion or deletion in a structure of 1587806 elements (cycle of 3175612 operations, first pass untimed):
  A 474.6 per op, B 433.8 per op
  difference -9.40% [-11.14%, -7.23%] at 95% confidence
  noise floor 0.983%, autocorrelation +0.795, resampled in blocks of 3
  resolved: A is slower than B
    warning: the program holds 698 MB of live data, more than the caches of many machines; for data that size, where it lies in memory can shift the result by several points in ways the interval does not cover, and differently in the next process; run the comparison in several processes with the multiproc package

checksum 4098860037282822364
