== url unique n=4096 valuesFor: ordered vs btree-map
A 61.7 per op, B 109.1 per op
difference +43.45% [+42.65%, +44.14%] at 95% confidence
noise floor 0.674%, autocorrelation -0.184
resolved: A is faster than B
  warning: the program holds 16 MB of live data, more than the caches of many machines; for data that size, where it lies in memory can shift the result by several points in ways the interval does not cover, and differently in the next process; run the comparison in several processes with the multiproc package

== url unique n=4096 valuesBetween: ordered vs btree-map
A 1631 per op, B 602.6 per op
difference -170.64% [-176.59%, -167.30%] at 95% confidence
noise floor 1.203%, autocorrelation -0.021
resolved: A is slower than B
  warning: the program holds 16 MB of live data, more than the caches of many machines; for data that size, where it lies in memory can shift the result by several points in ways the interval does not cover, and differently in the next process; run the comparison in several processes with the multiproc package

== url unique n=4096 prefix: ordered vs btree-map
A 234.7 per op, B 169.4 per op
difference -38.56% [-42.59%, -35.47%] at 95% confidence
noise floor 1.746%, autocorrelation +0.646, resampled in blocks of 3
resolved: A is slower than B
  warning: the program holds 16 MB of live data, more than the caches of many machines; for data that size, where it lies in memory can shift the result by several points in ways the interval does not cover, and differently in the next process; run the comparison in several processes with the multiproc package

== url unique n=4096 churn and build: ordered vs btree-map
steady state, per insertion or deletion in a structure of 4096 elements (cycle of 8192 operations, first pass untimed):
  A 133.9 per op, B 163.1 per op
  difference +17.89% [+16.12%, +20.28%] at 95% confidence
  noise floor 1.085%, autocorrelation +0.083
  resolved: A is faster than B
    warning: the program holds 17 MB of live data, more than the caches of many machines; for data that size, where it lies in memory can shift the result by several points in ways the interval does not cover, and differently in the next process; run the comparison in several processes with the multiproc package

build from empty to 4096 elements, per whole build (12288 operations):
  A 1.599e+06 per op, B 2.077e+06 per op
  difference +23.04% [+18.95%, +26.81%] at 95% confidence
  noise floor 6.828%, autocorrelation +0.059
  resolved: A is faster than B
    warning: the program holds 16 MB of live data, more than the caches of many machines; for data that size, where it lies in memory can shift the result by several points in ways the interval does not cover, and differently in the next process; run the comparison in several processes with the multiproc package
    warning: in 50% of A/A runs this setup reported a difference between identical code, well above the 10% expected; treat any confidence from it with suspicion

checksum 8697378902734742717
== url unique n=4096 valuesFor: ordered vs btree-map
A 61.38 per op, B 109.8 per op
difference +44.11% [+43.42%, +44.67%] at 95% confidence
noise floor 1.084%, autocorrelation -0.193
resolved: A is faster than B
  warning: the program holds 20 MB of live data, more than the caches of many machines; for data that size, where it lies in memory can shift the result by several points in ways the interval does not cover, and differently in the next process; run the comparison in several processes with the multiproc package

== url unique n=4096 valuesBetween: ordered vs btree-map
A 1618 per op, B 603.5 per op
difference -168.05% [-177.16%, -164.34%] at 95% confidence
noise floor 1.164%, autocorrelation -0.043
resolved: A is slower than B
  warning: the program holds 20 MB of live data, more than the caches of many machines; for data that size, where it lies in memory can shift the result by several points in ways the interval does not cover, and differently in the next process; run the comparison in several processes with the multiproc package

== url unique n=4096 prefix: ordered vs btree-map
A 236.4 per op, B 167.5 per op
difference -41.13% [-44.65%, -37.12%] at 95% confidence
noise floor 0.989%, autocorrelation -0.104
resolved: A is slower than B
  warning: the program holds 20 MB of live data, more than the caches of many machines; for data that size, where it lies in memory can shift the result by several points in ways the interval does not cover, and differently in the next process; run the comparison in several processes with the multiproc package

== url unique n=4096 churn and build: ordered vs btree-map
steady state, per insertion or deletion in a structure of 4096 elements (cycle of 8192 operations, first pass untimed):
  A 138.5 per op, B 166.3 per op
  difference +16.72% [+14.68%, +18.93%] at 95% confidence
  noise floor 0.797%, autocorrelation +0.012
  resolved: A is faster than B
    warning: the program holds 21 MB of live data, more than the caches of many machines; for data that size, where it lies in memory can shift the result by several points in ways the interval does not cover, and differently in the next process; run the comparison in several processes with the multiproc package

build from empty to 4096 elements, per whole build (12288 operations):
  A 1.561e+06 per op, B 2.008e+06 per op
  difference +22.28% [+17.52%, +27.14%] at 95% confidence
  noise floor 5.974%, autocorrelation +0.105
  resolved: A is faster than B
    warning: the program holds 20 MB of live data, more than the caches of many machines; for data that size, where it lies in memory can shift the result by several points in ways the interval does not cover, and differently in the next process; run the comparison in several processes with the multiproc package
    warning: in 50% of A/A runs this setup reported a difference between identical code, well above the 10% expected; treat any confidence from it with suspicion

checksum 3375872991883600651
== url unique n=4096 valuesFor: ordered vs btree-map
A 61.78 per op, B 109.4 per op
difference +43.54% [+42.45%, +44.74%] at 95% confidence
noise floor 0.356%, autocorrelation +0.060
resolved: A is faster than B
  warning: the program holds 25 MB of live data, more than the caches of many machines; for data that size, where it lies in memory can shift the result by several points in ways the interval does not cover, and differently in the next process; run the comparison in several processes with the multiproc package

== url unique n=4096 valuesBetween: ordered vs btree-map
A 1651 per op, B 602.9 per op
difference -173.91% [-181.72%, -168.31%] at 95% confidence
noise floor 1.020%, autocorrelation +0.083
resolved: A is slower than B
  warning: the program holds 25 MB of live data, more than the caches of many machines; for data that size, where it lies in memory can shift the result by several points in ways the interval does not cover, and differently in the next process; run the comparison in several processes with the multiproc package

== url unique n=4096 prefix: ordered vs btree-map
A 234.1 per op, B 168.5 per op
difference -38.92% [-42.90%, -35.33%] at 95% confidence
noise floor 1.189%, autocorrelation -0.105
resolved: A is slower than B
  warning: the program holds 25 MB of live data, more than the caches of many machines; for data that size, where it lies in memory can shift the result by several points in ways the interval does not cover, and differently in the next process; run the comparison in several processes with the multiproc package

== url unique n=4096 churn and build: ordered vs btree-map
steady state, per insertion or deletion in a structure of 4096 elements (cycle of 8192 operations, first pass untimed):
  A 136.8 per op, B 162.9 per op
  difference +16.07% [+13.36%, +19.69%] at 95% confidence
  noise floor 1.120%, autocorrelation +0.045
  resolved: A is faster than B
    warning: the program holds 26 MB of live data, more than the caches of many machines; for data that size, where it lies in memory can shift the result by several points in ways the interval does not cover, and differently in the next process; run the comparison in several processes with the multiproc package

build from empty to 4096 elements, per whole build (12288 operations):
  A 1.681e+06 per op, B 2.136e+06 per op
  difference +21.30% [+13.09%, +29.23%] at 95% confidence
  noise floor 1.913%, autocorrelation -0.071
  resolved: A is faster than B
    warning: the program holds 24 MB of live data, more than the caches of many machines; for data that size, where it lies in memory can shift the result by several points in ways the interval does not cover, and differently in the next process; run the comparison in several processes with the multiproc package

checksum 11333317167759405171
== url unique n=4096 valuesFor: ordered vs btree-map
A 62.04 per op, B 108.8 per op
difference +42.96% [+41.96%, +43.80%] at 95% confidence
noise floor 0.734%, autocorrelation -0.390
resolved: A is faster than B
  warning: the program holds 22 MB of live data, more than the caches of many machines; for data that size, where it lies in memory can shift the result by several points in ways the interval does not cover, and differently in the next process; run the comparison in several processes with the multiproc package

== url unique n=4096 valuesBetween: ordered vs btree-map
A 1616 per op, B 604.8 per op
difference -167.20% [-174.11%, -161.64%] at 95% confidence
noise floor 1.240%, autocorrelation -0.124
resolved: A is slower than B
  warning: the program holds 22 MB of live data, more than the caches of many machines; for data that size, where it lies in memory can shift the result by several points in ways the interval does not cover, and differently in the next process; run the comparison in several processes with the multiproc package
  warning: in 50% of A/A runs this setup reported a difference between identical code, well above the 10% expected; treat any confidence from it with suspicion

== url unique n=4096 prefix: ordered vs btree-map
A 232.8 per op, B 167 per op
difference -39.40% [-42.25%, -35.24%] at 95% confidence
noise floor 1.861%, autocorrelation -0.232
resolved: A is slower than B
  warning: the program holds 22 MB of live data, more than the caches of many machines; for data that size, where it lies in memory can shift the result by several points in ways the interval does not cover, and differently in the next process; run the comparison in several processes with the multiproc package
  warning: in 50% of A/A runs this setup reported a difference between identical code, well above the 10% expected; treat any confidence from it with suspicion

== url unique n=4096 churn and build: ordered vs btree-map
steady state, per insertion or deletion in a structure of 4096 elements (cycle of 8192 operations, first pass untimed):
  A 136 per op, B 162.7 per op
  difference +16.42% [+14.98%, +18.44%] at 95% confidence
  noise floor 1.732%, autocorrelation -0.056
  resolved: A is faster than B
    warning: the program holds 22 MB of live data, more than the caches of many machines; for data that size, where it lies in memory can shift the result by several points in ways the interval does not cover, and differently in the next process; run the comparison in several processes with the multiproc package

build from empty to 4096 elements, per whole build (12288 operations):
  A 1.564e+06 per op, B 2.032e+06 per op
  difference +23.03% [+18.82%, +31.28%] at 95% confidence
  noise floor 4.291%, autocorrelation +0.209, resampled in blocks of 3
  resolved: A is faster than B
    warning: the program holds 21 MB of live data, more than the caches of many machines; for data that size, where it lies in memory can shift the result by several points in ways the interval does not cover, and differently in the next process; run the comparison in several processes with the multiproc package
    warning: in 50% of A/A runs this setup reported a difference between identical code, well above the 10% expected; treat any confidence from it with suspicion

checksum 6318562141080683291
== url unique n=4096 valuesFor: ordered vs btree-map
A 60.85 per op, B 108.1 per op
difference +43.72% [+42.99%, +44.76%] at 95% confidence
noise floor 0.846%, autocorrelation -0.060
resolved: A is faster than B
  warning: the program holds 27 MB of live data, more than the caches of many machines; for data that size, where it lies in memory can shift the result by several points in ways the interval does not cover, and differently in the next process; run the comparison in several processes with the multiproc package

== url unique n=4096 valuesBetween: ordered vs btree-map
A 1619 per op, B 604.2 per op
difference -167.86% [-173.37%, -165.05%] at 95% confidence
noise floor 0.727%, autocorrelation -0.082
resolved: A is slower than B
  warning: the program holds 27 MB of live data, more than the caches of many machines; for data that size, where it lies in memory can shift the result by several points in ways the interval does not cover, and differently in the next process; run the comparison in several processes with the multiproc package

== url unique n=4096 prefix: ordered vs btree-map
A 234.7 per op, B 168.4 per op
difference -39.38% [-44.38%, -37.10%] at 95% confidence
noise floor 0.936%, autocorrelation -0.182
resolved: A is slower than B
  warning: the program holds 27 MB of live data, more than the caches of many machines; for data that size, where it lies in memory can shift the result by several points in ways the interval does not cover, and differently in the next process; run the comparison in several processes with the multiproc package

== url unique n=4096 churn and build: ordered vs btree-map
steady state, per insertion or deletion in a structure of 4096 elements (cycle of 8192 operations, first pass untimed):
  A 136.3 per op, B 164.6 per op
  difference +17.19% [+14.20%, +20.80%] at 95% confidence
  noise floor 2.113%, autocorrelation -0.001
  resolved: A is faster than B
    warning: the program holds 28 MB of live data, more than the caches of many machines; for data that size, where it lies in memory can shift the result by several points in ways the interval does not cover, and differently in the next process; run the comparison in several processes with the multiproc package

build from empty to 4096 elements, per whole build (12288 operations):
  A 1.561e+06 per op, B 2.074e+06 per op
  difference +24.76% [+15.72%, +26.89%] at 95% confidence
  noise floor 1.255%, autocorrelation +0.239, resampled in blocks of 3
  resolved: A is faster than B
    warning: the program holds 27 MB of live data, more than the caches of many machines; for data that size, where it lies in memory can shift the result by several points in ways the interval does not cover, and differently in the next process; run the comparison in several processes with the multiproc package

checksum 5679927227946828099
== url unique n=4096 valuesFor: ordered vs btree-map
A 61.91 per op, B 109.9 per op
difference +43.66% [+42.95%, +45.46%] at 95% confidence
noise floor 1.460%, autocorrelation -0.060
resolved: A is faster than B
  warning: the program holds 21 MB of live data, more than the caches of many machines; for data that size, where it lies in memory can shift the result by several points in ways the interval does not cover, and differently in the next process; run the comparison in several processes with the multiproc package

== url unique n=4096 valuesBetween: ordered vs btree-map
A 1638 per op, B 606.3 per op
difference -170.15% [-174.71%, -162.70%] at 95% confidence
noise floor 0.631%, autocorrelation +0.000
resolved: A is slower than B
  warning: the program holds 21 MB of live data, more than the caches of many machines; for data that size, where it lies in memory can shift the result by several points in ways the interval does not cover, and differently in the next process; run the comparison in several processes with the multiproc package

== url unique n=4096 prefix: ordered vs btree-map
A 237.3 per op, B 171.1 per op
difference -38.75% [-42.10%, -35.08%] at 95% confidence
noise floor 2.359%, autocorrelation -0.151
resolved: A is slower than B
  warning: the program holds 22 MB of live data, more than the caches of many machines; for data that size, where it lies in memory can shift the result by several points in ways the interval does not cover, and differently in the next process; run the comparison in several processes with the multiproc package

== url unique n=4096 churn and build: ordered vs btree-map
steady state, per insertion or deletion in a structure of 4096 elements (cycle of 8192 operations, first pass untimed):
  A 142.6 per op, B 164.5 per op
  difference +13.33% [+10.67%, +16.22%] at 95% confidence
  noise floor 1.490%, autocorrelation +0.448, resampled in blocks of 3
  resolved: A is faster than B
    warning: the program holds 23 MB of live data, more than the caches of many machines; for data that size, where it lies in memory can shift the result by several points in ways the interval does not cover, and differently in the next process; run the comparison in several processes with the multiproc package

build from empty to 4096 elements, per whole build (12288 operations):
  A 1.599e+06 per op, B 2.051e+06 per op
  difference +22.04% [+15.77%, +25.39%] at 95% confidence
  noise floor 2.107%, autocorrelation +0.069
  resolved: A is faster than B
    warning: the program holds 21 MB of live data, more than the caches of many machines; for data that size, where it lies in memory can shift the result by several points in ways the interval does not cover, and differently in the next process; run the comparison in several processes with the multiproc package

checksum 12384621656689439045
