== u64 unique n=1048576 valuesFor: ordered vs btree-map
A 138.1 per op, B 480.3 per op
difference +71.25% [+69.61%, +72.06%] at 95% confidence
noise floor 1.867%, autocorrelation +0.852, resampled in blocks of 5
resolved: A is faster than B
  warning: candidate A drifted during the run, shifting -10.64% from its first half to its second; the machine did not hold still
  warning: candidate B drifted during the run, shifting -5.61% from its first half to its second; the machine did not hold still

== u64 unique n=1048576 valuesBetween: ordered vs btree-map
A 1086 per op, B 1827 per op
difference +40.57% [+38.47%, +42.52%] at 95% confidence
noise floor 2.448%, autocorrelation +0.828, resampled in blocks of 5
resolved: A is faster than B
  warning: candidate A drifted during the run, shifting -5.14% from its first half to its second; the machine did not hold still
  warning: candidate B drifted during the run, shifting -6.91% from its first half to its second; the machine did not hold still

== u64 unique n=1048576 churn: ordered vs btree-map
A 432.1 per op, B 829.9 per op
difference +47.93% [+45.88%, +50.40%] at 95% confidence
noise floor 1.272%, autocorrelation +0.681, resampled in blocks of 5
resolved: A is faster than B
  warning: candidate B drifted during the run, shifting +18.05% from its first half to its second; the machine did not hold still

checksum 16827404552455527092
