== email unique n=4096 valuesFor: ordered vs btree-map
A 25.67 per op, B 101.2 per op
difference +74.64% [+73.65%, +75.73%] at 95% confidence
noise floor 1.130%, autocorrelation -0.048
resolved: A is faster than B

== email unique n=4096 valuesBetween: ordered vs btree-map
A 1149 per op, B 482.1 per op
difference -138.39% [-142.66%, -132.56%] at 95% confidence
noise floor 1.088%, autocorrelation -0.024
resolved: A is slower than B

== email unique n=4096 prefix: ordered vs btree-map
A 54.71 per op, B 100.3 per op
difference +45.45% [+44.61%, +45.83%] at 95% confidence
noise floor 0.290%, autocorrelation +0.421, resampled in blocks of 3
resolved: A is faster than B

== email unique n=4096 churn and build: ordered vs btree-map
steady state, per insertion or deletion in a structure of 4096 elements (cycle of 8192 operations, first pass untimed):
  A 67.82 per op, B 142.5 per op
  difference +52.40% [+51.60%, +53.36%] at 95% confidence
  noise floor 1.005%, autocorrelation +0.017
  resolved: A is faster than B

build from empty to 4096 elements, per whole build (12288 operations):
  A 8.665e+05 per op, B 1.636e+06 per op
  difference +47.03% [+38.05%, +51.56%] at 95% confidence
  noise floor 2.566%, autocorrelation -0.014
  resolved: A is faster than B

checksum 9612606700940435198
== email unique n=4096 valuesFor: ordered vs btree-map
A 26.15 per op, B 100.5 per op
difference +73.99% [+73.55%, +74.68%] at 95% confidence
noise floor 1.209%, autocorrelation +0.221, resampled in blocks of 3
resolved: A is faster than B
  warning: the program holds 18 MB of live data, more than the caches of many machines; for data that size, where it lies in memory can shift the result by several points in ways the interval does not cover, and differently in the next process; run the comparison in several processes with the multiproc package

== email unique n=4096 valuesBetween: ordered vs btree-map
A 1165 per op, B 482.4 per op
difference -141.51% [-143.99%, -137.76%] at 95% confidence
noise floor 1.843%, autocorrelation +0.197
resolved: A is slower than B
  warning: the program holds 18 MB of live data, more than the caches of many machines; for data that size, where it lies in memory can shift the result by several points in ways the interval does not cover, and differently in the next process; run the comparison in several processes with the multiproc package
  warning: in 50% of A/A runs this setup reported a difference between identical code, well above the 10% expected; treat any confidence from it with suspicion

== email unique n=4096 prefix: ordered vs btree-map
A 55.23 per op, B 101.4 per op
difference +45.54% [+45.11%, +45.88%] at 95% confidence
noise floor 0.771%, autocorrelation -0.004
resolved: A is faster than B
  warning: the program holds 18 MB of live data, more than the caches of many machines; for data that size, where it lies in memory can shift the result by several points in ways the interval does not cover, and differently in the next process; run the comparison in several processes with the multiproc package

== email unique n=4096 churn and build: ordered vs btree-map
steady state, per insertion or deletion in a structure of 4096 elements (cycle of 8192 operations, first pass untimed):
  A 67.2 per op, B 142.2 per op
  difference +52.73% [+52.07%, +53.36%] at 95% confidence
  noise floor 0.556%, autocorrelation +0.028
  resolved: A is faster than B
    warning: the program holds 19 MB of live data, more than the caches of many machines; for data that size, where it lies in memory can shift the result by several points in ways the interval does not cover, and differently in the next process; run the comparison in several processes with the multiproc package

build from empty to 4096 elements, per whole build (12288 operations):
  A 8.597e+05 per op, B 1.642e+06 per op
  difference +47.64% [+43.74%, +50.08%] at 95% confidence
  noise floor 4.335%, autocorrelation +0.168
  resolved: A is faster than B
    warning: the program holds 18 MB of live data, more than the caches of many machines; for data that size, where it lies in memory can shift the result by several points in ways the interval does not cover, and differently in the next process; run the comparison in several processes with the multiproc package

checksum 14273343195071457396
== email unique n=4096 valuesFor: ordered vs btree-map
A 26.37 per op, B 102.1 per op
difference +74.16% [+73.37%, +75.22%] at 95% confidence
noise floor 0.814%, autocorrelation -0.041
resolved: A is faster than B
  warning: the program holds 23 MB of live data, more than the caches of many machines; for data that size, where it lies in memory can shift the result by several points in ways the interval does not cover, and differently in the next process; run the comparison in several processes with the multiproc package
  warning: in 50% of A/A runs this setup reported a difference between identical code, well above the 10% expected; treat any confidence from it with suspicion

== email unique n=4096 valuesBetween: ordered vs btree-map
A 1163 per op, B 480.4 per op
difference -142.13% [-144.02%, -139.67%] at 95% confidence
noise floor 0.874%, autocorrelation +0.020
resolved: A is slower than B
  warning: the program holds 23 MB of live data, more than the caches of many machines; for data that size, where it lies in memory can shift the result by several points in ways the interval does not cover, and differently in the next process; run the comparison in several processes with the multiproc package
  warning: in 50% of A/A runs this setup reported a difference between identical code, well above the 10% expected; treat any confidence from it with suspicion

== email unique n=4096 prefix: ordered vs btree-map
A 55.29 per op, B 101 per op
difference +45.24% [+44.77%, +46.10%] at 95% confidence
noise floor 0.673%, autocorrelation +0.084
resolved: A is faster than B
  warning: the program holds 23 MB of live data, more than the caches of many machines; for data that size, where it lies in memory can shift the result by several points in ways the interval does not cover, and differently in the next process; run the comparison in several processes with the multiproc package

== email unique n=4096 churn and build: ordered vs btree-map
steady state, per insertion or deletion in a structure of 4096 elements (cycle of 8192 operations, first pass untimed):
  A 69.15 per op, B 142.1 per op
  difference +51.32% [+50.55%, +52.57%] at 95% confidence
  noise floor 1.116%, autocorrelation +0.004
  resolved: A is faster than B
    warning: the program holds 23 MB of live data, more than the caches of many machines; for data that size, where it lies in memory can shift the result by several points in ways the interval does not cover, and differently in the next process; run the comparison in several processes with the multiproc package

build from empty to 4096 elements, per whole build (12288 operations):
  A 8.581e+05 per op, B 1.678e+06 per op
  difference +48.85% [+45.78%, +52.49%] at 95% confidence
  noise floor 1.523%, autocorrelation +0.032
  resolved: A is faster than B
    warning: the program holds 23 MB of live data, more than the caches of many machines; for data that size, where it lies in memory can shift the result by several points in ways the interval does not cover, and differently in the next process; run the comparison in several processes with the multiproc package

checksum 10779834085680972938
== email unique n=4096 valuesFor: ordered vs btree-map
A 25.28 per op, B 100.6 per op
difference +74.86% [+74.18%, +75.81%] at 95% confidence
noise floor 1.309%, autocorrelation +0.157
resolved: A is faster than B
  warning: the program holds 20 MB of live data, more than the caches of many machines; for data that size, where it lies in memory can shift the result by several points in ways the interval does not cover, and differently in the next process; run the comparison in several processes with the multiproc package

== email unique n=4096 valuesBetween: ordered vs btree-map
A 1147 per op, B 476 per op
difference -140.97% [-144.41%, -137.46%] at 95% confidence
noise floor 0.907%, autocorrelation -0.059
resolved: A is slower than B
  warning: the program holds 20 MB of live data, more than the caches of many machines; for data that size, where it lies in memory can shift the result by several points in ways the interval does not cover, and differently in the next process; run the comparison in several processes with the multiproc package

== email unique n=4096 prefix: ordered vs btree-map
A 55.25 per op, B 100.7 per op
difference +45.12% [+44.06%, +45.53%] at 95% confidence
noise floor 0.978%, autocorrelation +0.143
resolved: A is faster than B
  warning: the program holds 20 MB of live data, more than the caches of many machines; for data that size, where it lies in memory can shift the result by several points in ways the interval does not cover, and differently in the next process; run the comparison in several processes with the multiproc package

== email unique n=4096 churn and build: ordered vs btree-map
steady state, per insertion or deletion in a structure of 4096 elements (cycle of 8192 operations, first pass untimed):
  A 67.88 per op, B 141.8 per op
  difference +52.14% [+51.11%, +53.10%] at 95% confidence
  noise floor 1.383%, autocorrelation +0.023
  resolved: A is faster than B
    warning: the program holds 21 MB of live data, more than the caches of many machines; for data that size, where it lies in memory can shift the result by several points in ways the interval does not cover, and differently in the next process; run the comparison in several processes with the multiproc package

build from empty to 4096 elements, per whole build (12288 operations):
  A 8.642e+05 per op, B 1.673e+06 per op
  difference +48.34% [+46.25%, +49.52%] at 95% confidence
  noise floor 2.305%, autocorrelation +0.049
  resolved: A is faster than B
    warning: the program holds 20 MB of live data, more than the caches of many machines; for data that size, where it lies in memory can shift the result by several points in ways the interval does not cover, and differently in the next process; run the comparison in several processes with the multiproc package

checksum 14556877061849721281
== email unique n=4096 valuesFor: ordered vs btree-map
A 26.62 per op, B 101.5 per op
difference +73.77% [+73.27%, +74.40%] at 95% confidence
noise floor 1.950%, autocorrelation -0.028
resolved: A is faster than B
  warning: the program holds 25 MB of live data, more than the caches of many machines; for data that size, where it lies in memory can shift the result by several points in ways the interval does not cover, and differently in the next process; run the comparison in several processes with the multiproc package

== email unique n=4096 valuesBetween: ordered vs btree-map
A 1173 per op, B 479.7 per op
difference -144.59% [-148.86%, -142.02%] at 95% confidence
noise floor 0.445%, autocorrelation +0.130
resolved: A is slower than B
  warning: the program holds 25 MB of live data, more than the caches of many machines; for data that size, where it lies in memory can shift the result by several points in ways the interval does not cover, and differently in the next process; run the comparison in several processes with the multiproc package

== email unique n=4096 prefix: ordered vs btree-map
A 55.4 per op, B 100.1 per op
difference +44.67% [+44.30%, +45.55%] at 95% confidence
noise floor 0.460%, autocorrelation +0.088
resolved: A is faster than B
  warning: the program holds 25 MB of live data, more than the caches of many machines; for data that size, where it lies in memory can shift the result by several points in ways the interval does not cover, and differently in the next process; run the comparison in several processes with the multiproc package

== email unique n=4096 churn and build: ordered vs btree-map
steady state, per insertion or deletion in a structure of 4096 elements (cycle of 8192 operations, first pass untimed):
  A 67.66 per op, B 141.2 per op
  difference +52.08% [+51.04%, +52.60%] at 95% confidence
  noise floor 0.782%, autocorrelation +0.040
  resolved: A is faster than B
    warning: the program holds 26 MB of live data, more than the caches of many machines; for data that size, where it lies in memory can shift the result by several points in ways the interval does not cover, and differently in the next process; run the comparison in several processes with the multiproc package

build from empty to 4096 elements, per whole build (12288 operations):
  A 8.351e+05 per op, B 1.683e+06 per op
  difference +50.39% [+42.86%, +54.06%] at 95% confidence
  noise floor 1.881%, autocorrelation +0.144
  resolved: A is faster than B
    warning: the program holds 25 MB of live data, more than the caches of many machines; for data that size, where it lies in memory can shift the result by several points in ways the interval does not cover, and differently in the next process; run the comparison in several processes with the multiproc package

checksum 13777308241766451344
== email unique n=4096 valuesFor: ordered vs btree-map
A 25.96 per op, B 101 per op
difference +74.29% [+73.79%, +75.38%] at 95% confidence
noise floor 0.797%, autocorrelation -0.033
resolved: A is faster than B
  warning: the program holds 20 MB of live data, more than the caches of many machines; for data that size, where it lies in memory can shift the result by several points in ways the interval does not cover, and differently in the next process; run the comparison in several processes with the multiproc package

== email unique n=4096 valuesBetween: ordered vs btree-map
A 1167 per op, B 484.5 per op
difference -140.94% [-145.96%, -135.59%] at 95% confidence
noise floor 1.171%, autocorrelation -0.012
resolved: A is slower than B
  warning: the program holds 20 MB of live data, more than the caches of many machines; for data that size, where it lies in memory can shift the result by several points in ways the interval does not cover, and differently in the next process; run the comparison in several processes with the multiproc package
  warning: in 50% of A/A runs this setup reported a difference between identical code, well above the 10% expected; treat any confidence from it with suspicion

== email unique n=4096 prefix: ordered vs btree-map
A 55.5 per op, B 100.7 per op
difference +44.88% [+44.03%, +45.57%] at 95% confidence
noise floor 0.411%, autocorrelation +0.044
resolved: A is faster than B
  warning: the program holds 20 MB of live data, more than the caches of many machines; for data that size, where it lies in memory can shift the result by several points in ways the interval does not cover, and differently in the next process; run the comparison in several processes with the multiproc package

== email unique n=4096 churn and build: ordered vs btree-map
steady state, per insertion or deletion in a structure of 4096 elements (cycle of 8192 operations, first pass untimed):
  A 67.81 per op, B 139.4 per op
  difference +51.36% [+49.50%, +52.49%] at 95% confidence
  noise floor 1.088%, autocorrelation -0.003
  resolved: A is faster than B
    warning: the program holds 20 MB of live data, more than the caches of many machines; for data that size, where it lies in memory can shift the result by several points in ways the interval does not cover, and differently in the next process; run the comparison in several processes with the multiproc package
    warning: candidate B drifted during the run, shifting -2.49% from its first half to its second; the machine did not hold still

build from empty to 4096 elements, per whole build (12288 operations):
  A 8.445e+05 per op, B 1.648e+06 per op
  difference +48.75% [+45.23%, +53.18%] at 95% confidence
  noise floor 2.008%, autocorrelation +0.041
  resolved: A is faster than B
    warning: the program holds 20 MB of live data, more than the caches of many machines; for data that size, where it lies in memory can shift the result by several points in ways the interval does not cover, and differently in the next process; run the comparison in several processes with the multiproc package

checksum 12619183136208652992
