== str multi n=1048576 valuesFor: ordered vs hashed
A 437.7 per op, B 216.6 per op
difference -102.10% [-109.05%, -96.94%] at 95% confidence
noise floor 2.308%, autocorrelation +0.472, resampled in blocks of 5
resolved: A is slower than B
  warning: candidate A drifted during the run, shifting -9.00% from its first half to its second; the machine did not hold still
  warning: in 28% of A/A runs this setup reported a difference between identical code, well above the 10% expected; treat any confidence from it with suspicion

== str multi n=1048576 valuesFor: ordered vs btree-sets
A 498.2 per op, B 1210 per op
difference +58.82% [+56.39%, +59.77%] at 95% confidence
noise floor 1.616%, autocorrelation +0.614, resampled in blocks of 5
resolved: A is faster than B
  warning: candidate A drifted during the run, shifting -10.60% from its first half to its second; the machine did not hold still
  warning: candidate B drifted during the run, shifting -3.53% from its first half to its second; the machine did not hold still

== str multi n=1048576 valuesFor: ordered vs map-sets
A 455.5 per op, B 511.7 per op
difference +10.99% [+7.04%, +13.06%] at 95% confidence
noise floor 1.429%, autocorrelation +0.342, resampled in blocks of 5
resolved: A is faster than B
  warning: candidate A drifted during the run, shifting +0.09% from its first half to its second; the machine did not hold still

== str multi n=1048576 valuesBetween: ordered vs btree-sets
A 1.013e+04 per op, B 3.135e+04 per op
difference +67.69% [+65.89%, +69.27%] at 95% confidence
noise floor 1.222%, autocorrelation +0.376, resampled in blocks of 5
resolved: A is faster than B
  warning: candidate B drifted during the run, shifting +0.92% from its first half to its second; the machine did not hold still

== str multi n=1048576 churn: ordered vs hashed
A 779.4 per op, B 384.1 per op
difference -102.94% [-108.69%, -98.98%] at 95% confidence
noise floor 1.960%, autocorrelation +0.177
resolved: A is slower than B
  warning: candidate A drifted during the run, shifting -10.31% from its first half to its second; the machine did not hold still
  warning: candidate B drifted during the run, shifting -3.36% from its first half to its second; the machine did not hold still

== str multi n=1048576 churn: ordered vs btree-sets
A 927.6 per op, B 1367 per op
difference +32.14% [+28.86%, +34.56%] at 95% confidence
noise floor 1.294%, autocorrelation +0.450, resampled in blocks of 5
resolved: A is faster than B
  warning: candidate A drifted during the run, shifting -12.79% from its first half to its second; the machine did not hold still
  warning: candidate B drifted during the run, shifting -1.62% from its first half to its second; the machine did not hold still

== str multi n=1048576 churn: ordered vs map-sets
A 809.6 per op, B 498.8 per op
difference -62.31% [-66.98%, -58.83%] at 95% confidence
noise floor 1.553%, autocorrelation +0.365, resampled in blocks of 5
resolved: A is slower than B
  warning: candidate A drifted during the run, shifting -5.42% from its first half to its second; the machine did not hold still
  warning: candidate B drifted during the run, shifting -3.25% from its first half to its second; the machine did not hold still

checksum 14498415081090158430
