== str multi n=1048576 valuesFor: ordered vs hashed
A 388.1 per op, B 209.5 per op
difference -85.25% [-90.57%, -80.81%] at 95% confidence
noise floor 1.941%, autocorrelation +0.310, resampled in blocks of 5
resolved: A is slower than B
  warning: candidate A drifted during the run, shifting -5.88% from its first half to its second; the machine did not hold still

== str multi n=1048576 valuesFor: ordered vs btree-sets
A 456.8 per op, B 1147 per op
difference +60.16% [+59.32%, +60.64%] at 95% confidence
noise floor 1.644%, autocorrelation +0.480, resampled in blocks of 5
resolved: A is faster than B
  warning: candidate A drifted during the run, shifting -3.56% from its first half to its second; the machine did not hold still
  warning: candidate B drifted during the run, shifting -0.42% from its first half to its second; the machine did not hold still
  warning: in 35% of A/A runs this setup reported a difference between identical code, well above the 10% expected; treat any confidence from it with suspicion

== str multi n=1048576 valuesFor: ordered vs map-sets
A 465 per op, B 479.1 per op
difference +2.95% [+0.73%, +5.98%] at 95% confidence
noise floor 1.906%, autocorrelation +0.137
resolved: A is faster than B
  warning: candidate A drifted during the run, shifting -13.55% from its first half to its second; the machine did not hold still
  warning: candidate B drifted during the run, shifting -1.57% from its first half to its second; the machine did not hold still
  warning: in 28% of A/A runs this setup reported a difference between identical code, well above the 10% expected; treat any confidence from it with suspicion

== str multi n=1048576 valuesBetween: ordered vs btree-sets
A 9590 per op, B 3.078e+04 per op
difference +68.84% [+68.39%, +69.24%] at 95% confidence
noise floor 1.145%, autocorrelation +0.103
resolved: A is faster than B
  warning: candidate A drifted during the run, shifting -4.57% from its first half to its second; the machine did not hold still

== str multi n=1048576 churn: ordered vs hashed
A 609.9 per op, B 375.1 per op
difference -62.59% [-67.02%, -58.87%] at 95% confidence
noise floor 1.854%, autocorrelation +0.111
resolved: A is slower than B
  warning: candidate A drifted during the run, shifting -8.21% from its first half to its second; the machine did not hold still
  warning: in 28% of A/A runs this setup reported a difference between identical code, well above the 10% expected; treat any confidence from it with suspicion

== str multi n=1048576 churn: ordered vs btree-sets
A 881.9 per op, B 1380 per op
difference +36.08% [+32.14%, +39.79%] at 95% confidence
noise floor 1.151%, autocorrelation +0.450, resampled in blocks of 5
resolved: A is faster than B
  warning: candidate A drifted during the run, shifting -12.13% from its first half to its second; the machine did not hold still
  warning: candidate B drifted during the run, shifting -9.41% from its first half to its second; the machine did not hold still

== str multi n=1048576 churn: ordered vs map-sets
A 821.3 per op, B 442.2 per op
difference -85.73% [-90.07%, -82.44%] at 95% confidence
noise floor 1.026%, autocorrelation +0.081
resolved: A is slower than B
  warning: candidate A drifted during the run, shifting -11.09% from its first half to its second; the machine did not hold still

checksum 2802486925275110330
