== str unique n=1048576 valuesFor: ordered vs btree-map
A 365.8 per op, B 732.5 per op
difference +50.06% [+47.06%, +52.24%] at 95% confidence
noise floor 1.258%, autocorrelation +0.750, resampled in blocks of 5
resolved: A is faster than B
  warning: candidate A drifted during the run, shifting -13.89% from its first half to its second; the machine did not hold still
  warning: candidate B drifted during the run, shifting -2.56% from its first half to its second; the machine did not hold still

== str unique n=1048576 valuesBetween: ordered vs btree-map
A 3035 per op, B 3389 per op
difference +10.44% [+8.53%, +12.44%] at 95% confidence
noise floor 1.130%, autocorrelation +0.508, resampled in blocks of 5
resolved: A is faster than B
  warning: candidate A drifted during the run, shifting -5.17% from its first half to its second; the machine did not hold still

== str unique n=1048576 churn: ordered vs btree-map
A 748.6 per op, B 1010 per op
difference +25.90% [+24.03%, +27.99%] at 95% confidence
noise floor 1.702%, autocorrelation +0.436, resampled in blocks of 5
resolved: A is faster than B
  warning: candidate A drifted during the run, shifting -4.71% from its first half to its second; the machine did not hold still
  warning: candidate B drifted during the run, shifting -4.77% from its first half to its second; the machine did not hold still

checksum 10746499947782661919
