== str multi n=1048576 valuesFor: ordered vs hashed
A 408.3 per op, B 215.6 per op
difference -89.43% [-93.87%, -86.53%] at 95% confidence
noise floor 0.899%, autocorrelation +0.684, resampled in blocks of 5
resolved: A is slower than B
  warning: candidate A drifted during the run, shifting -4.04% from its first half to its second; the machine did not hold still
  warning: candidate B drifted during the run, shifting -2.65% from its first half to its second; the machine did not hold still

== str multi n=1048576 valuesFor: ordered vs btree-sets
A 486.3 per op, B 1197 per op
difference +59.38% [+58.69%, +59.85%] at 95% confidence
noise floor 1.051%, autocorrelation +0.535, resampled in blocks of 5
resolved: A is faster than B
  warning: candidate A drifted during the run, shifting -5.22% from its first half to its second; the machine did not hold still
  warning: candidate B drifted during the run, shifting -1.33% from its first half to its second; the machine did not hold still

== str multi n=1048576 valuesFor: ordered vs map-sets
A 499.4 per op, B 519.9 per op
difference +3.95% [-1.04%, +7.91%] at 95% confidence
noise floor 1.032%, autocorrelation +0.482, resampled in blocks of 5
not resolved: this run did not establish a difference
  warning: the interval [-1.04%, 7.91%] includes zero, so a difference in either direction is consistent with these measurements
  warning: candidate A drifted during the run, shifting -13.13% from its first half to its second; the machine did not hold still
  warning: candidate B drifted during the run, shifting -7.86% from its first half to its second; the machine did not hold still

== str multi n=1048576 valuesBetween: ordered vs btree-sets
A 9763 per op, B 3.18e+04 per op
difference +69.30% [+68.78%, +69.59%] at 95% confidence
noise floor 1.387%, autocorrelation +0.325, resampled in blocks of 5
resolved: A is faster than B
  warning: candidate A drifted during the run, shifting -2.26% from its first half to its second; the machine did not hold still
  warning: candidate B drifted during the run, shifting -2.41% from its first half to its second; the machine did not hold still

== str multi n=1048576 churn: ordered vs hashed
A 676.2 per op, B 399.6 per op
difference -69.22% [-75.58%, -64.20%] at 95% confidence
noise floor 1.164%, autocorrelation +0.327, resampled in blocks of 5
resolved: A is slower than B

== str multi n=1048576 churn: ordered vs btree-sets
A 876.1 per op, B 1366 per op
difference +35.85% [+33.96%, +37.29%] at 95% confidence
noise floor 1.742%, autocorrelation +0.451, resampled in blocks of 5
resolved: A is faster than B
  warning: candidate A drifted during the run, shifting -7.24% from its first half to its second; the machine did not hold still
  warning: candidate B drifted during the run, shifting -2.81% from its first half to its second; the machine did not hold still

== str multi n=1048576 churn: ordered vs map-sets
A 794.1 per op, B 484.4 per op
difference -63.95% [-72.00%, -60.29%] at 95% confidence
noise floor 1.626%, autocorrelation +0.278, resampled in blocks of 5
resolved: A is slower than B
  warning: candidate A drifted during the run, shifting -7.93% from its first half to its second; the machine did not hold still
  warning: candidate B drifted during the run, shifting -4.39% from its first half to its second; the machine did not hold still

checksum 8236287342670272987
