== u64 n=4096 valuesFor: ordered vs hashed
A 46.11 per op, B 49.8 per op
difference +7.40% [+7.04%, +7.81%] at 95% confidence
noise floor 0.222%, autocorrelation +0.058
resolved: A is faster than B

== u64 n=4096 valuesFor: ordered vs btree-sets
A 47.32 per op, B 195.6 per op
difference +75.81% [+75.67%, +75.95%] at 95% confidence
noise floor 0.332%, autocorrelation +0.153
resolved: A is faster than B

== u64 n=4096 valuesFor: ordered vs map-sets
A 46.56 per op, B 104.8 per op
difference +55.59% [+55.43%, +55.73%] at 95% confidence
noise floor 0.242%, autocorrelation +0.117
resolved: A is faster than B

== u64 n=4096 valuesFor: hashed vs map-sets
A 50.03 per op, B 103.2 per op
difference +51.53% [+51.17%, +51.92%] at 95% confidence
noise floor 0.533%, autocorrelation +0.114
resolved: A is faster than B
  warning: candidate A drifted during the run, shifting -0.73% from its first half to its second; the machine did not hold still

== u64 n=4096 valuesBetween: ordered vs btree-sets
A 3580 per op, B 8117 per op
difference +55.89% [+55.44%, +56.38%] at 95% confidence
noise floor 0.603%, autocorrelation +0.132
resolved: A is faster than B

== u64 n=4096 valuesBetween: ordered vs hashed
A 3606 per op, B 6.395e+04 per op
difference +94.36% [+94.20%, +94.57%] at 95% confidence
noise floor 0.472%, autocorrelation +0.330, resampled in blocks of 5
resolved: A is faster than B
  warning: candidate A drifted during the run, shifting +7.03% from its first half to its second; the machine did not hold still
  warning: candidate B drifted during the run, shifting +6.91% from its first half to its second; the machine did not hold still

== u64 n=4096 addRemove: ordered vs hashed
A 50.09 per op, B 53.58 per op
difference +6.53% [+6.07%, +6.80%] at 95% confidence
noise floor 0.070%, autocorrelation +0.305, resampled in blocks of 5
resolved: A is faster than B
  warning: candidate A drifted during the run, shifting +0.51% from its first half to its second; the machine did not hold still

== u64 n=4096 addRemove: ordered vs btree-sets
A 51.95 per op, B 238.5 per op
difference +78.21% [+78.07%, +78.84%] at 95% confidence
noise floor 0.045%, autocorrelation +0.238, resampled in blocks of 5
resolved: A is faster than B
  warning: 8.5% of bootstrap replicates tied, so the measurement is coarse relative to the question; lower CollectOptions.MaxQuantizationError to lengthen the batches

== u64 n=4096 addRemove: ordered vs map-sets
A 49.69 per op, B 54.62 per op
difference +9.01% [+8.91%, +9.11%] at 95% confidence
noise floor 0.160%, autocorrelation +0.389, resampled in blocks of 5
resolved: A is faster than B
  warning: 5.8% of bootstrap replicates tied, so the measurement is coarse relative to the question; lower CollectOptions.MaxQuantizationError to lengthen the batches

== u64 n=4096 addRemove: hashed vs map-sets
A 53.16 per op, B 54.16 per op
difference +1.86% [+1.80%, +1.92%] at 95% confidence
noise floor 0.057%, autocorrelation +0.103
resolved: A is faster than B
  warning: candidate B drifted during the run, shifting +0.06% from its first half to its second; the machine did not hold still
  warning: 10.0% of bootstrap replicates tied, so the measurement is coarse relative to the question; lower CollectOptions.MaxQuantizationError to lengthen the batches

== u64 n=4096 build: ordered vs hashed
A 1.145e+06 per op, B 1.237e+06 per op
difference +7.48% [+7.02%, +7.97%] at 95% confidence
noise floor 0.512%, autocorrelation +0.101
resolved: A is faster than B

== u64 n=4096 build: ordered vs btree-sets
A 1.145e+06 per op, B 3.125e+06 per op
difference +63.36% [+63.18%, +63.54%] at 95% confidence
noise floor 0.469%, autocorrelation +0.130
resolved: A is faster than B

== u64 n=4096 build: ordered vs map-sets
A 1.135e+06 per op, B 1.5e+06 per op
difference +24.31% [+23.41%, +24.94%] at 95% confidence
noise floor 0.583%, autocorrelation +0.120
resolved: A is faster than B
  warning: candidate B drifted during the run, shifting +1.38% from its first half to its second; the machine did not hold still

== u64 n=4096 build: hashed vs map-sets
A 1.235e+06 per op, B 1.516e+06 per op
difference +18.53% [+18.03%, +19.04%] at 95% confidence
noise floor 0.561%, autocorrelation +0.144
resolved: A is faster than B
  warning: candidate B drifted during the run, shifting -0.59% from its first half to its second; the machine did not hold still

checksum 361502390965884787
