== u64 n=1048576 valuesFor: ordered vs hashed
A 209.5 per op, B 207.4 per op
difference -1.04% [-13.47%, +4.03%] at 95% confidence
noise floor 0.762%, autocorrelation +0.388, resampled in blocks of 5
not resolved: this run did not establish a difference
  warning: the interval [-13.47%, 4.03%] includes zero, so a difference in either direction is consistent with these measurements
  warning: candidate A drifted during the run, shifting -8.21% from its first half to its second; the machine did not hold still
  warning: candidate B drifted during the run, shifting -15.64% from its first half to its second; the machine did not hold still

== u64 n=1048576 valuesFor: ordered vs btree-sets
A 182.7 per op, B 1028 per op
difference +82.22% [+82.01%, +82.40%] at 95% confidence
noise floor 0.731%, autocorrelation +0.657, resampled in blocks of 5
resolved: A is faster than B
  warning: candidate A drifted during the run, shifting +0.50% from its first half to its second; the machine did not hold still

== u64 n=1048576 valuesFor: ordered vs map-sets
A 176.2 per op, B 386.4 per op
difference +54.41% [+53.27%, +55.07%] at 95% confidence
noise floor 0.596%, autocorrelation +0.446, resampled in blocks of 5
resolved: A is faster than B
  warning: candidate A drifted during the run, shifting +5.92% from its first half to its second; the machine did not hold still
  warning: candidate B drifted during the run, shifting +2.06% from its first half to its second; the machine did not hold still

== u64 n=1048576 valuesFor: hashed vs map-sets
A 181 per op, B 385.2 per op
difference +53.00% [+52.55%, +53.34%] at 95% confidence
noise floor 0.572%, autocorrelation +0.323, resampled in blocks of 5
resolved: A is faster than B
  warning: candidate A drifted during the run, shifting +1.53% from its first half to its second; the machine did not hold still
  warning: candidate B drifted during the run, shifting -0.43% from its first half to its second; the machine did not hold still

== u64 n=1048576 valuesBetween: ordered vs btree-sets
A 7701 per op, B 2.097e+04 per op
difference +63.28% [+62.91%, +63.85%] at 95% confidence
noise floor 0.762%, autocorrelation +0.278, resampled in blocks of 5
resolved: A is faster than B
  warning: candidate B drifted during the run, shifting +2.13% from its first half to its second; the machine did not hold still

== u64 n=1048576 addRemove: ordered vs hashed
A 330.4 per op, B 289.7 per op
difference -14.07% [-16.56%, -10.23%] at 95% confidence
noise floor 0.535%, autocorrelation +0.762, resampled in blocks of 5
resolved: A is slower than B
  warning: candidate B drifted during the run, shifting +4.25% from its first half to its second; the machine did not hold still

== u64 n=1048576 addRemove: ordered vs btree-sets
A 355.4 per op, B 1094 per op
difference +67.52% [+67.30%, +68.74%] at 95% confidence
noise floor 0.477%, autocorrelation +0.765, resampled in blocks of 5
resolved: A is faster than B
  warning: candidate B drifted during the run, shifting -0.79% from its first half to its second; the machine did not hold still

== u64 n=1048576 addRemove: ordered vs map-sets
A 319.9 per op, B 492.4 per op
difference +35.04% [+34.50%, +35.54%] at 95% confidence
noise floor 0.321%, autocorrelation +0.765, resampled in blocks of 5
resolved: A is faster than B
  warning: candidate A drifted during the run, shifting -1.79% from its first half to its second; the machine did not hold still
  warning: candidate B drifted during the run, shifting -0.44% from its first half to its second; the machine did not hold still

== u64 n=1048576 addRemove: hashed vs map-sets
A 290.6 per op, B 498.8 per op
difference +41.74% [+40.57%, +43.01%] at 95% confidence
noise floor 0.416%, autocorrelation +0.646, resampled in blocks of 5
resolved: A is faster than B
  warning: candidate A drifted during the run, shifting -4.21% from its first half to its second; the machine did not hold still
  warning: candidate B drifted during the run, shifting -3.10% from its first half to its second; the machine did not hold still

checksum 7057316898998188092
