== uuid unique n=16384 valuesFor: ordered vs btree-map
A 40.84 per op, B 143.9 per op
difference +71.61% [+71.13%, +71.90%] at 95% confidence
noise floor 0.873%, autocorrelation +0.099
resolved: A is faster than B
  warning: the program holds 31 MB of live data, more than the caches of many machines; for data that size, where it lies in memory can shift the result by several points in ways the interval does not cover, and differently in the next process; run the comparison in several processes with the multiproc package

== uuid unique n=16384 valuesBetween: ordered vs btree-map
A 1535 per op, B 554.8 per op
difference -176.76% [-179.97%, -171.08%] at 95% confidence
noise floor 1.185%, autocorrelation +0.296, resampled in blocks of 3
resolved: A is slower than B
  warning: the program holds 31 MB of live data, more than the caches of many machines; for data that size, where it lies in memory can shift the result by several points in ways the interval does not cover, and differently in the next process; run the comparison in several processes with the multiproc package
  warning: in 50% of A/A runs this setup reported a difference between identical code, well above the 10% expected; treat any confidence from it with suspicion

== uuid unique n=16384 prefix: ordered vs btree-map
A 81.95 per op, B 146.9 per op
difference +44.21% [+42.97%, +45.12%] at 95% confidence
noise floor 0.490%, autocorrelation -0.123
resolved: A is faster than B
  warning: the program holds 31 MB of live data, more than the caches of many machines; for data that size, where it lies in memory can shift the result by several points in ways the interval does not cover, and differently in the next process; run the comparison in several processes with the multiproc package

== uuid unique n=16384 churn and build: ordered vs btree-map
steady state, per insertion or deletion in a structure of 16384 elements (cycle of 32768 operations, first pass untimed):
  A 98.76 per op, B 190.3 per op
  difference +48.11% [+46.77%, +49.11%] at 95% confidence
  noise floor 0.480%, autocorrelation +0.139
  resolved: A is faster than B
    warning: the program holds 36 MB of live data, more than the caches of many machines; for data that size, where it lies in memory can shift the result by several points in ways the interval does not cover, and differently in the next process; run the comparison in several processes with the multiproc package
    warning: candidate A drifted during the run, shifting +3.10% from its first half to its second; the machine did not hold still
    warning: the ratio B/A shifted -5.55% from the first half of the run to the second, so the candidates had not reached a steady state and the difference depends on how long the run was; a common cause is a head start for whichever candidate ran alone last before the comparison or had its data built last, which a longer CollectOptions.WarmupDuration removes

build from empty to 16384 elements, per whole build (49152 operations):
  A 4.68e+06 per op, B 8.703e+06 per op
  difference +46.22% [+45.87%, +47.98%] at 95% confidence
  noise floor 0.345%, autocorrelation +0.087
  resolved: A is faster than B
    warning: the program holds 31 MB of live data, more than the caches of many machines; for data that size, where it lies in memory can shift the result by several points in ways the interval does not cover, and differently in the next process; run the comparison in several processes with the multiproc package
    warning: the ratio B/A shifted -4.18% from the first half of the run to the second, so the candidates had not reached a steady state and the difference depends on how long the run was; a common cause is a head start for whichever candidate ran alone last before the comparison or had its data built last, which a longer CollectOptions.WarmupDuration removes

checksum 15849667266334263908
== uuid unique n=16384 valuesFor: ordered vs btree-map
A 40.61 per op, B 138.9 per op
difference +70.75% [+70.15%, +70.99%] at 95% confidence
noise floor 0.776%, autocorrelation +0.133
resolved: A is faster than B
  warning: the program holds 35 MB of live data, more than the caches of many machines; for data that size, where it lies in memory can shift the result by several points in ways the interval does not cover, and differently in the next process; run the comparison in several processes with the multiproc package

== uuid unique n=16384 valuesBetween: ordered vs btree-map
A 1524 per op, B 556.1 per op
difference -174.12% [-176.94%, -169.69%] at 95% confidence
noise floor 0.853%, autocorrelation +0.202, resampled in blocks of 3
resolved: A is slower than B
  warning: the program holds 35 MB of live data, more than the caches of many machines; for data that size, where it lies in memory can shift the result by several points in ways the interval does not cover, and differently in the next process; run the comparison in several processes with the multiproc package

== uuid unique n=16384 prefix: ordered vs btree-map
A 81.84 per op, B 145.1 per op
difference +43.60% [+42.96%, +44.59%] at 95% confidence
noise floor 0.914%, autocorrelation +0.486, resampled in blocks of 3
resolved: A is faster than B
  warning: the program holds 35 MB of live data, more than the caches of many machines; for data that size, where it lies in memory can shift the result by several points in ways the interval does not cover, and differently in the next process; run the comparison in several processes with the multiproc package
  warning: the ratio B/A shifted +1.86% from the first half of the run to the second, so the candidates had not reached a steady state and the difference depends on how long the run was; a common cause is a head start for whichever candidate ran alone last before the comparison or had its data built last, which a longer CollectOptions.WarmupDuration removes

== uuid unique n=16384 churn and build: ordered vs btree-map
steady state, per insertion or deletion in a structure of 16384 elements (cycle of 32768 operations, first pass untimed):
  A 100.6 per op, B 190 per op
  difference +47.04% [+45.73%, +49.70%] at 95% confidence
  noise floor 2.006%, autocorrelation +0.172
  resolved: A is faster than B
    warning: the program holds 39 MB of live data, more than the caches of many machines; for data that size, where it lies in memory can shift the result by several points in ways the interval does not cover, and differently in the next process; run the comparison in several processes with the multiproc package
    warning: candidate A drifted during the run, shifting -6.47% from its first half to its second; the machine did not hold still

build from empty to 16384 elements, per whole build (49152 operations):
  A 4.609e+06 per op, B 8.805e+06 per op
  difference +47.65% [+46.14%, +48.70%] at 95% confidence
  noise floor 1.993%, autocorrelation +0.169
  resolved: A is faster than B
    warning: the program holds 35 MB of live data, more than the caches of many machines; for data that size, where it lies in memory can shift the result by several points in ways the interval does not cover, and differently in the next process; run the comparison in several processes with the multiproc package
    warning: in 50% of A/A runs this setup reported a difference between identical code, well above the 10% expected; treat any confidence from it with suspicion

checksum 8525923382280697880
== uuid unique n=16384 valuesFor: ordered vs btree-map
A 41.19 per op, B 138.7 per op
difference +70.30% [+69.67%, +70.79%] at 95% confidence
noise floor 0.815%, autocorrelation -0.075
resolved: A is faster than B
  warning: the program holds 39 MB of live data, more than the caches of many machines; for data that size, where it lies in memory can shift the result by several points in ways the interval does not cover, and differently in the next process; run the comparison in several processes with the multiproc package
  warning: in 50% of A/A runs this setup reported a difference between identical code, well above the 10% expected; treat any confidence from it with suspicion

== uuid unique n=16384 valuesBetween: ordered vs btree-map
A 1560 per op, B 562.2 per op
difference -177.39% [-181.81%, -172.32%] at 95% confidence
noise floor 0.844%, autocorrelation +0.050
resolved: A is slower than B
  warning: the program holds 39 MB of live data, more than the caches of many machines; for data that size, where it lies in memory can shift the result by several points in ways the interval does not cover, and differently in the next process; run the comparison in several processes with the multiproc package

== uuid unique n=16384 prefix: ordered vs btree-map
A 81.79 per op, B 147.5 per op
difference +44.55% [+42.98%, +45.16%] at 95% confidence
noise floor 0.761%, autocorrelation +0.587, resampled in blocks of 3
resolved: A is faster than B
  warning: the program holds 40 MB of live data, more than the caches of many machines; for data that size, where it lies in memory can shift the result by several points in ways the interval does not cover, and differently in the next process; run the comparison in several processes with the multiproc package

== uuid unique n=16384 churn and build: ordered vs btree-map
steady state, per insertion or deletion in a structure of 16384 elements (cycle of 32768 operations, first pass untimed):
  A 106.7 per op, B 193.5 per op
  difference +44.87% [+43.28%, +47.88%] at 95% confidence
  noise floor 2.489%, autocorrelation +0.026
  resolved: A is faster than B
    warning: the program holds 43 MB of live data, more than the caches of many machines; for data that size, where it lies in memory can shift the result by several points in ways the interval does not cover, and differently in the next process; run the comparison in several processes with the multiproc package
    warning: in 50% of A/A runs this setup reported a difference between identical code, well above the 10% expected; treat any confidence from it with suspicion

build from empty to 16384 elements, per whole build (49152 operations):
  A 4.713e+06 per op, B 8.891e+06 per op
  difference +46.99% [+45.71%, +48.47%] at 95% confidence
  noise floor 0.719%, autocorrelation +0.081
  resolved: A is faster than B
    warning: the program holds 39 MB of live data, more than the caches of many machines; for data that size, where it lies in memory can shift the result by several points in ways the interval does not cover, and differently in the next process; run the comparison in several processes with the multiproc package

checksum 4931739167471259229
== uuid unique n=16384 valuesFor: ordered vs btree-map
A 41.33 per op, B 139.2 per op
difference +70.31% [+69.94%, +70.62%] at 95% confidence
noise floor 0.723%, autocorrelation +0.057
resolved: A is faster than B
  warning: the program holds 36 MB of live data, more than the caches of many machines; for data that size, where it lies in memory can shift the result by several points in ways the interval does not cover, and differently in the next process; run the comparison in several processes with the multiproc package

== uuid unique n=16384 valuesBetween: ordered vs btree-map
A 1548 per op, B 556.4 per op
difference -178.22% [-183.87%, -174.61%] at 95% confidence
noise floor 0.844%, autocorrelation +0.014
resolved: A is slower than B
  warning: the program holds 37 MB of live data, more than the caches of many machines; for data that size, where it lies in memory can shift the result by several points in ways the interval does not cover, and differently in the next process; run the comparison in several processes with the multiproc package

== uuid unique n=16384 prefix: ordered vs btree-map
A 82.23 per op, B 145.5 per op
difference +43.49% [+42.75%, +45.00%] at 95% confidence
noise floor 0.786%, autocorrelation -0.073
resolved: A is faster than B
  warning: the program holds 37 MB of live data, more than the caches of many machines; for data that size, where it lies in memory can shift the result by several points in ways the interval does not cover, and differently in the next process; run the comparison in several processes with the multiproc package
  warning: in 50% of A/A runs this setup reported a difference between identical code, well above the 10% expected; treat any confidence from it with suspicion

== uuid unique n=16384 churn and build: ordered vs btree-map
steady state, per insertion or deletion in a structure of 16384 elements (cycle of 32768 operations, first pass untimed):
  A 110.3 per op, B 195.1 per op
  difference +43.48% [+40.16%, +45.50%] at 95% confidence
  noise floor 2.699%, autocorrelation +0.026
  resolved: A is faster than B
    warning: the program holds 41 MB of live data, more than the caches of many machines; for data that size, where it lies in memory can shift the result by several points in ways the interval does not cover, and differently in the next process; run the comparison in several processes with the multiproc package
    warning: candidate A drifted during the run, shifting +3.30% from its first half to its second; the machine did not hold still
    warning: in 50% of A/A runs this setup reported a difference between identical code, well above the 10% expected; treat any confidence from it with suspicion

build from empty to 16384 elements, per whole build (49152 operations):
  A 4.624e+06 per op, B 8.814e+06 per op
  difference +47.54% [+46.95%, +48.57%] at 95% confidence
  noise floor 1.357%, autocorrelation +0.016
  resolved: A is faster than B
    warning: the program holds 37 MB of live data, more than the caches of many machines; for data that size, where it lies in memory can shift the result by several points in ways the interval does not cover, and differently in the next process; run the comparison in several processes with the multiproc package
    warning: in 50% of A/A runs this setup reported a difference between identical code, well above the 10% expected; treat any confidence from it with suspicion

checksum 15172736950875106707
== uuid unique n=16384 valuesFor: ordered vs btree-map
A 40.84 per op, B 138.6 per op
difference +70.54% [+70.22%, +70.97%] at 95% confidence
noise floor 1.543%, autocorrelation +0.059
resolved: A is faster than B
  warning: the program holds 48 MB of live data, more than the caches of many machines; for data that size, where it lies in memory can shift the result by several points in ways the interval does not cover, and differently in the next process; run the comparison in several processes with the multiproc package
  warning: in 50% of A/A runs this setup reported a difference between identical code, well above the 10% expected; treat any confidence from it with suspicion

== uuid unique n=16384 valuesBetween: ordered vs btree-map
A 1559 per op, B 576.6 per op
difference -170.42% [-173.60%, -165.66%] at 95% confidence
noise floor 1.445%, autocorrelation +0.183
resolved: A is slower than B
  warning: the program holds 41 MB of live data, more than the caches of many machines; for data that size, where it lies in memory can shift the result by several points in ways the interval does not cover, and differently in the next process; run the comparison in several processes with the multiproc package

== uuid unique n=16384 prefix: ordered vs btree-map
A 82.03 per op, B 145.4 per op
difference +43.59% [+42.23%, +44.60%] at 95% confidence
noise floor 0.383%, autocorrelation -0.107
resolved: A is faster than B
  warning: the program holds 42 MB of live data, more than the caches of many machines; for data that size, where it lies in memory can shift the result by several points in ways the interval does not cover, and differently in the next process; run the comparison in several processes with the multiproc package

== uuid unique n=16384 churn and build: ordered vs btree-map
steady state, per insertion or deletion in a structure of 16384 elements (cycle of 32768 operations, first pass untimed):
  A 99.99 per op, B 193.5 per op
  difference +48.31% [+47.34%, +50.86%] at 95% confidence
  noise floor 2.271%, autocorrelation +0.119
  resolved: A is faster than B
    warning: the program holds 46 MB of live data, more than the caches of many machines; for data that size, where it lies in memory can shift the result by several points in ways the interval does not cover, and differently in the next process; run the comparison in several processes with the multiproc package

build from empty to 16384 elements, per whole build (49152 operations):
  A 4.663e+06 per op, B 8.785e+06 per op
  difference +46.93% [+46.57%, +48.62%] at 95% confidence
  noise floor 0.262%, autocorrelation +0.238, resampled in blocks of 3
  resolved: A is faster than B
    warning: the program holds 42 MB of live data, more than the caches of many machines; for data that size, where it lies in memory can shift the result by several points in ways the interval does not cover, and differently in the next process; run the comparison in several processes with the multiproc package

checksum 5809600424977046114
== uuid unique n=16384 valuesFor: ordered vs btree-map
A 40.65 per op, B 138.3 per op
difference +70.62% [+70.25%, +70.83%] at 95% confidence
noise floor 0.811%, autocorrelation +0.421, resampled in blocks of 3
resolved: A is faster than B
  warning: the program holds 43 MB of live data, more than the caches of many machines; for data that size, where it lies in memory can shift the result by several points in ways the interval does not cover, and differently in the next process; run the comparison in several processes with the multiproc package
  warning: in 50% of A/A runs this setup reported a difference between identical code, well above the 10% expected; treat any confidence from it with suspicion

== uuid unique n=16384 valuesBetween: ordered vs btree-map
A 1575 per op, B 553.4 per op
difference -184.64% [-187.31%, -178.79%] at 95% confidence
noise floor 0.262%, autocorrelation -0.005
resolved: A is slower than B
  warning: the program holds 36 MB of live data, more than the caches of many machines; for data that size, where it lies in memory can shift the result by several points in ways the interval does not cover, and differently in the next process; run the comparison in several processes with the multiproc package

== uuid unique n=16384 prefix: ordered vs btree-map
A 82.11 per op, B 145.6 per op
difference +43.61% [+43.09%, +44.22%] at 95% confidence
noise floor 0.694%, autocorrelation +0.249, resampled in blocks of 3
resolved: A is faster than B
  warning: the program holds 37 MB of live data, more than the caches of many machines; for data that size, where it lies in memory can shift the result by several points in ways the interval does not cover, and differently in the next process; run the comparison in several processes with the multiproc package

== uuid unique n=16384 churn and build: ordered vs btree-map
steady state, per insertion or deletion in a structure of 16384 elements (cycle of 32768 operations, first pass untimed):
  A 97.75 per op, B 191.6 per op
  difference +48.99% [+47.60%, +50.74%] at 95% confidence
  noise floor 1.901%, autocorrelation +0.141
  resolved: A is faster than B
    warning: the program holds 41 MB of live data, more than the caches of many machines; for data that size, where it lies in memory can shift the result by several points in ways the interval does not cover, and differently in the next process; run the comparison in several processes with the multiproc package

build from empty to 16384 elements, per whole build (49152 operations):
  A 4.637e+06 per op, B 8.825e+06 per op
  difference +47.45% [+46.98%, +48.11%] at 95% confidence
  noise floor 1.932%, autocorrelation +0.092
  resolved: A is faster than B
    warning: the program holds 36 MB of live data, more than the caches of many machines; for data that size, where it lies in memory can shift the result by several points in ways the interval does not cover, and differently in the next process; run the comparison in several processes with the multiproc package

checksum 14493192478356477676
