== u64 multi n=1048576 valuesFor: ordered vs hashed
A 257.2 per op, B 199.7 per op
difference -28.78% [-34.87%, -25.39%] at 95% confidence
noise floor 1.469%, autocorrelation +0.362, resampled in blocks of 5
resolved: A is slower than B
  warning: candidate A drifted during the run, shifting -10.73% from its first half to its second; the machine did not hold still

== u64 multi n=1048576 valuesFor: ordered vs btree-sets
A 284.7 per op, B 976.7 per op
difference +70.85% [+69.25%, +71.65%] at 95% confidence
noise floor 1.231%, autocorrelation +0.655, resampled in blocks of 5
resolved: A is faster than B
  warning: candidate A drifted during the run, shifting -12.27% from its first half to its second; the machine did not hold still
  warning: candidate B drifted during the run, shifting -3.15% from its first half to its second; the machine did not hold still

== u64 multi n=1048576 valuesFor: ordered vs map-sets
A 264.5 per op, B 461.2 per op
difference +42.64% [+37.96%, +46.31%] at 95% confidence
noise floor 1.141%, autocorrelation +0.226, resampled in blocks of 5
resolved: A is faster than B
  warning: candidate A drifted during the run, shifting -21.74% from its first half to its second; the machine did not hold still
  warning: candidate B drifted during the run, shifting -4.02% from its first half to its second; the machine did not hold still

== u64 multi n=1048576 valuesBetween: ordered vs btree-sets
A 9031 per op, B 2.838e+04 per op
difference +68.18% [+66.79%, +68.99%] at 95% confidence
noise floor 1.142%, autocorrelation +0.256, resampled in blocks of 5
resolved: A is faster than B
  warning: candidate A drifted during the run, shifting -9.74% from its first half to its second; the machine did not hold still
  warning: candidate B drifted during the run, shifting -1.60% from its first half to its second; the machine did not hold still

== u64 multi n=1048576 churn: ordered vs hashed
A 457.4 per op, B 327.6 per op
difference -39.62% [-43.03%, -35.36%] at 95% confidence
noise floor 2.094%, autocorrelation +0.215, resampled in blocks of 5
resolved: A is slower than B
  warning: candidate B drifted during the run, shifting -3.44% from its first half to its second; the machine did not hold still

== u64 multi n=1048576 churn: ordered vs btree-sets
A 642.9 per op, B 1168 per op
difference +44.98% [+43.84%, +46.03%] at 95% confidence
noise floor 0.850%, autocorrelation +0.539, resampled in blocks of 5
resolved: A is faster than B
  warning: candidate A drifted during the run, shifting -4.53% from its first half to its second; the machine did not hold still
  warning: candidate B drifted during the run, shifting +0.00% from its first half to its second; the machine did not hold still

== u64 multi n=1048576 churn: ordered vs map-sets
A 571 per op, B 412 per op
difference -38.57% [-43.05%, -35.61%] at 95% confidence
noise floor 1.382%, autocorrelation +0.214, resampled in blocks of 5
resolved: A is slower than B
  warning: candidate A drifted during the run, shifting -7.72% from its first half to its second; the machine did not hold still

checksum 3464863210107077799
