== u64 multi n=1048576 valuesFor: ordered vs hashed
A 236.8 per op, B 201.1 per op
difference -17.75% [-21.78%, -14.59%] at 95% confidence
noise floor 1.648%, autocorrelation +0.248, resampled in blocks of 5
resolved: A is slower than B
  warning: candidate A drifted during the run, shifting -8.92% from its first half to its second; the machine did not hold still
  warning: candidate B drifted during the run, shifting -2.44% from its first half to its second; the machine did not hold still

== u64 multi n=1048576 valuesFor: ordered vs btree-sets
A 265.3 per op, B 965.5 per op
difference +72.52% [+71.42%, +73.19%] at 95% confidence
noise floor 1.455%, autocorrelation +0.590, resampled in blocks of 5
resolved: A is faster than B
  warning: candidate A drifted during the run, shifting -8.43% from its first half to its second; the machine did not hold still
  warning: candidate B drifted during the run, shifting -4.86% from its first half to its second; the machine did not hold still

== u64 multi n=1048576 valuesFor: ordered vs map-sets
A 270.6 per op, B 472.6 per op
difference +42.73% [+41.86%, +44.31%] at 95% confidence
noise floor 1.387%, autocorrelation +0.174
resolved: A is faster than B
  warning: candidate A drifted during the run, shifting -9.74% from its first half to its second; the machine did not hold still

== u64 multi n=1048576 valuesBetween: ordered vs btree-sets
A 8811 per op, B 2.837e+04 per op
difference +68.95% [+68.25%, +69.41%] at 95% confidence
noise floor 1.122%, autocorrelation +0.154
resolved: A is faster than B
  warning: candidate A drifted during the run, shifting -8.65% from its first half to its second; the machine did not hold still

== u64 multi n=1048576 churn: ordered vs hashed
A 499.4 per op, B 346.4 per op
difference -44.16% [-50.31%, -33.26%] at 95% confidence
noise floor 1.108%, autocorrelation +0.227, resampled in blocks of 5
resolved: A is slower than B
  warning: candidate A drifted during the run, shifting -9.52% from its first half to its second; the machine did not hold still
  warning: candidate B drifted during the run, shifting -3.09% from its first half to its second; the machine did not hold still

== u64 multi n=1048576 churn: ordered vs btree-sets
A 653.7 per op, B 1226 per op
difference +46.68% [+43.46%, +50.02%] at 95% confidence
noise floor 1.162%, autocorrelation +0.349, resampled in blocks of 5
resolved: A is faster than B
  warning: candidate A drifted during the run, shifting -10.92% from its first half to its second; the machine did not hold still
  warning: candidate B drifted during the run, shifting -12.04% from its first half to its second; the machine did not hold still

== u64 multi n=1048576 churn: ordered vs map-sets
A 568.9 per op, B 419.6 per op
difference -35.58% [-38.24%, -33.91%] at 95% confidence
noise floor 1.494%, autocorrelation +0.184
resolved: A is slower than B
  warning: candidate A drifted during the run, shifting -9.56% from its first half to its second; the machine did not hold still
  warning: candidate B drifted during the run, shifting -2.53% from its first half to its second; the machine did not hold still
  warning: in 30% of A/A runs this setup reported a difference between identical code, well above the 10% expected; treat any confidence from it with suspicion

checksum 615747676238740587
