== str multi n=1048576 valuesFor: ordered vs hashed
A 408.2 per op, B 207.8 per op
difference -96.44% [-104.66%, -92.05%] at 95% confidence
noise floor 1.050%, autocorrelation +0.248, resampled in blocks of 5
resolved: A is slower than B
  warning: candidate A drifted during the run, shifting -9.21% from its first half to its second; the machine did not hold still

== str multi n=1048576 valuesFor: ordered vs btree-sets
A 521.5 per op, B 1229 per op
difference +57.58% [+55.80%, +59.56%] at 95% confidence
noise floor 0.909%, autocorrelation +0.424, resampled in blocks of 5
resolved: A is faster than B
  warning: candidate A drifted during the run, shifting -6.11% from its first half to its second; the machine did not hold still
  warning: candidate B drifted during the run, shifting -1.77% from its first half to its second; the machine did not hold still

== str multi n=1048576 valuesFor: ordered vs map-sets
A 464.8 per op, B 485.5 per op
difference +4.27% [+1.50%, +6.47%] at 95% confidence
noise floor 0.992%, autocorrelation +0.128
resolved: A is faster than B
  warning: candidate A drifted during the run, shifting -12.59% from its first half to its second; the machine did not hold still

== str multi n=1048576 valuesBetween: ordered vs btree-sets
A 9431 per op, B 3.055e+04 per op
difference +69.13% [+68.46%, +69.45%] at 95% confidence
noise floor 1.256%, autocorrelation +0.099
resolved: A is faster than B
  warning: candidate A drifted during the run, shifting -6.55% from its first half to its second; the machine did not hold still
  warning: candidate B drifted during the run, shifting -1.48% from its first half to its second; the machine did not hold still

== str multi n=1048576 churn: ordered vs hashed
A 592.7 per op, B 363.1 per op
difference -63.23% [-66.06%, -59.95%] at 95% confidence
noise floor 1.435%, autocorrelation +0.213, resampled in blocks of 5
resolved: A is slower than B
  warning: candidate A drifted during the run, shifting -7.54% from its first half to its second; the machine did not hold still

== str multi n=1048576 churn: ordered vs btree-sets
A 873.3 per op, B 1327 per op
difference +34.22% [+32.99%, +35.86%] at 95% confidence
noise floor 1.146%, autocorrelation +0.146
resolved: A is faster than B
  warning: candidate A drifted during the run, shifting -8.94% from its first half to its second; the machine did not hold still

== str multi n=1048576 churn: ordered vs map-sets
A 835.1 per op, B 453 per op
difference -84.33% [-88.74%, -79.50%] at 95% confidence
noise floor 1.451%, autocorrelation +0.099
resolved: A is slower than B
  warning: candidate A drifted during the run, shifting -14.03% from its first half to its second; the machine did not hold still

checksum 8523477874887237314
