== u64 multi n=1048576 valuesFor: ordered vs hashed
A 272.1 per op, B 207.4 per op
difference -31.20% [-38.38%, -25.68%] at 95% confidence
noise floor 1.930%, autocorrelation +0.228, resampled in blocks of 5
resolved: A is slower than B
  warning: candidate A drifted during the run, shifting -15.75% from its first half to its second; the machine did not hold still
  warning: candidate B drifted during the run, shifting -2.19% from its first half to its second; the machine did not hold still

== u64 multi n=1048576 valuesFor: ordered vs btree-sets
A 278.7 per op, B 974.1 per op
difference +71.38% [+70.47%, +72.08%] at 95% confidence
noise floor 1.126%, autocorrelation +0.678, resampled in blocks of 5
resolved: A is faster than B
  warning: candidate A drifted during the run, shifting -5.33% from its first half to its second; the machine did not hold still

== u64 multi n=1048576 valuesFor: ordered vs map-sets
A 267 per op, B 474.1 per op
difference +43.67% [+42.87%, +45.35%] at 95% confidence
noise floor 1.915%, autocorrelation +0.153
resolved: A is faster than B
  warning: candidate A drifted during the run, shifting -11.13% from its first half to its second; the machine did not hold still

== u64 multi n=1048576 valuesBetween: ordered vs btree-sets
A 9082 per op, B 2.938e+04 per op
difference +69.09% [+68.04%, +69.88%] at 95% confidence
noise floor 1.253%, autocorrelation +0.238, resampled in blocks of 5
resolved: A is faster than B
  warning: candidate A drifted during the run, shifting -1.08% from its first half to its second; the machine did not hold still
  warning: candidate B drifted during the run, shifting +5.97% from its first half to its second; the machine did not hold still

== u64 multi n=1048576 churn: ordered vs hashed
A 433 per op, B 346.6 per op
difference -24.94% [-28.75%, -21.85%] at 95% confidence
noise floor 2.581%, autocorrelation +0.191
resolved: A is slower than B
  warning: candidate A drifted during the run, shifting -10.72% from its first half to its second; the machine did not hold still
  warning: candidate B drifted during the run, shifting -2.59% from its first half to its second; the machine did not hold still

== u64 multi n=1048576 churn: ordered vs btree-sets
A 670.6 per op, B 1177 per op
difference +43.01% [+41.87%, +44.17%] at 95% confidence
noise floor 1.132%, autocorrelation +0.469, resampled in blocks of 5
resolved: A is faster than B
  warning: candidate A drifted during the run, shifting -6.34% from its first half to its second; the machine did not hold still
  warning: candidate B drifted during the run, shifting -3.27% from its first half to its second; the machine did not hold still

== u64 multi n=1048576 churn: ordered vs map-sets
A 697.3 per op, B 487.1 per op
difference -43.13% [-54.28%, -36.06%] at 95% confidence
noise floor 1.034%, autocorrelation +0.168
resolved: A is slower than B
  warning: candidate A drifted during the run, shifting -18.52% from its first half to its second; the machine did not hold still
  warning: candidate B drifted during the run, shifting -13.79% from its first half to its second; the machine did not hold still

checksum 8860520897958370592
