== street multi n=16384 valuesFor: ordered vs hashed
A 75.49 per op, B 28.97 per op
difference -160.61% [-166.86%, -157.37%] at 95% confidence
noise floor 1.692%, autocorrelation +0.015
resolved: A is slower than B
  warning: the program holds 72 MB of live data, more than the caches of many machines; for data that size, where it lies in memory can shift the result by several points in ways the interval does not cover, and differently in the next process; run the comparison in several processes with the multiproc package

== street multi n=16384 valuesFor: ordered vs btree-sets
A 79.82 per op, B 185.5 per op
difference +56.98% [+55.89%, +58.63%] at 95% confidence
noise floor 0.633%, autocorrelation +0.128
resolved: A is faster than B
  warning: the program holds 80 MB of live data, more than the caches of many machines; for data that size, where it lies in memory can shift the result by several points in ways the interval does not cover, and differently in the next process; run the comparison in several processes with the multiproc package

== street multi n=16384 valuesFor: ordered vs map-sets
A 74.69 per op, B 78.44 per op
difference +4.78% [+1.64%, +5.80%] at 95% confidence
noise floor 2.109%, autocorrelation +0.230, resampled in blocks of 3
resolved: A is faster than B
  warning: the program holds 80 MB of live data, more than the caches of many machines; for data that size, where it lies in memory can shift the result by several points in ways the interval does not cover, and differently in the next process; run the comparison in several processes with the multiproc package

== street multi n=16384 valuesBetween: ordered vs hashed
A 2958 per op, B 2.232e+05 per op
difference +98.67% [+98.61%, +98.71%] at 95% confidence
noise floor 2.155%, autocorrelation +0.169
resolved: A is faster than B
  warning: the program holds 80 MB of live data, more than the caches of many machines; for data that size, where it lies in memory can shift the result by several points in ways the interval does not cover, and differently in the next process; run the comparison in several processes with the multiproc package
  warning: candidate A drifted during the run, shifting +2.44% from its first half to its second; the machine did not hold still

== street multi n=16384 valuesBetween: ordered vs btree-sets
A 2746 per op, B 5345 per op
difference +48.63% [+47.59%, +49.36%] at 95% confidence
noise floor 1.887%, autocorrelation +0.181
resolved: A is faster than B
  warning: the program holds 80 MB of live data, more than the caches of many machines; for data that size, where it lies in memory can shift the result by several points in ways the interval does not cover, and differently in the next process; run the comparison in several processes with the multiproc package

== street multi n=16384 valuesBetween: ordered vs map-sets
A 3084 per op, B 2.096e+05 per op
difference +98.53% [+98.47%, +98.59%] at 95% confidence
noise floor 4.613%, autocorrelation +0.181
resolved: A is faster than B
  warning: the program holds 80 MB of live data, more than the caches of many machines; for data that size, where it lies in memory can shift the result by several points in ways the interval does not cover, and differently in the next process; run the comparison in several processes with the multiproc package
  warning: candidate A drifted during the run, shifting -6.10% from its first half to its second; the machine did not hold still
  warning: in 50% of A/A runs this setup reported a difference between identical code, well above the 10% expected; treat any confidence from it with suspicion

== street multi n=16384 prefix: ordered vs hashed
A 1170 per op, B 2.231e+05 per op
difference +99.48% [+99.39%, +99.53%] at 95% confidence
noise floor 7.440%, autocorrelation +0.016
resolved: A is faster than B
  warning: the program holds 80 MB of live data, more than the caches of many machines; for data that size, where it lies in memory can shift the result by several points in ways the interval does not cover, and differently in the next process; run the comparison in several processes with the multiproc package

== street multi n=16384 prefix: ordered vs btree-sets
A 902.7 per op, B 2175 per op
difference +58.50% [+55.83%, +60.14%] at 95% confidence
noise floor 4.890%, autocorrelation +0.083
resolved: A is faster than B
  warning: the program holds 80 MB of live data, more than the caches of many machines; for data that size, where it lies in memory can shift the result by several points in ways the interval does not cover, and differently in the next process; run the comparison in several processes with the multiproc package

== street multi n=16384 prefix: ordered vs map-sets
A 1224 per op, B 2.054e+05 per op
difference +99.40% [+99.32%, +99.47%] at 95% confidence
noise floor 3.797%, autocorrelation +0.113
resolved: A is faster than B
  warning: the program holds 80 MB of live data, more than the caches of many machines; for data that size, where it lies in memory can shift the result by several points in ways the interval does not cover, and differently in the next process; run the comparison in several processes with the multiproc package

== street multi n=16384 churn and build: ordered vs hashed
steady state, per insertion or deletion in a structure of 40934 elements (cycle of 81868 operations, first pass untimed):
  A 123.9 per op, B 62.87 per op
  difference -97.00% [-108.50%, -91.51%] at 95% confidence
  noise floor 2.321%, autocorrelation +0.105
  resolved: A is slower than B
    warning: the program holds 86 MB of live data, more than the caches of many machines; for data that size, where it lies in memory can shift the result by several points in ways the interval does not cover, and differently in the next process; run the comparison in several processes with the multiproc package

build from empty to 40934 elements, per whole build (122802 operations):
  A 1.58e+07 per op, B 1.062e+07 per op
  difference -48.83% [-55.68%, -40.91%] at 95% confidence
  noise floor 2.021%, autocorrelation +0.177
  resolved: A is slower than B
    warning: the program holds 80 MB of live data, more than the caches of many machines; for data that size, where it lies in memory can shift the result by several points in ways the interval does not cover, and differently in the next process; run the comparison in several processes with the multiproc package
    warning: in 50% of A/A runs this setup reported a difference between identical code, well above the 10% expected; treat any confidence from it with suspicion

== street multi n=16384 churn and build: ordered vs btree-sets
steady state, per insertion or deletion in a structure of 40934 elements (cycle of 81868 operations, first pass untimed):
  A 135.1 per op, B 286.7 per op
  difference +52.87% [+51.75%, +55.50%] at 95% confidence
  noise floor 1.600%, autocorrelation +0.066
  resolved: A is faster than B
    warning: the program holds 88 MB of live data, more than the caches of many machines; for data that size, where it lies in memory can shift the result by several points in ways the interval does not cover, and differently in the next process; run the comparison in several processes with the multiproc package

build from empty to 40934 elements, per whole build (122802 operations):
  A 1.556e+07 per op, B 3.673e+07 per op
  difference +57.64% [+56.50%, +58.38%] at 95% confidence
  noise floor 1.913%, autocorrelation -0.187
  resolved: A is faster than B
    warning: the program holds 80 MB of live data, more than the caches of many machines; for data that size, where it lies in memory can shift the result by several points in ways the interval does not cover, and differently in the next process; run the comparison in several processes with the multiproc package

== street multi n=16384 churn and build: ordered vs map-sets
steady state, per insertion or deletion in a structure of 40934 elements (cycle of 81868 operations, first pass untimed):
  A 129.8 per op, B 95.68 per op
  difference -35.62% [-46.45%, -27.60%] at 95% confidence
  noise floor 1.568%, autocorrelation +0.186
  resolved: A is slower than B
    warning: the program holds 89 MB of live data, more than the caches of many machines; for data that size, where it lies in memory can shift the result by several points in ways the interval does not cover, and differently in the next process; run the comparison in several processes with the multiproc package

build from empty to 40934 elements, per whole build (122802 operations):
  A 1.562e+07 per op, B 1.454e+07 per op
  difference -7.48% [-12.44%, -4.72%] at 95% confidence
  noise floor 2.031%, autocorrelation -0.515
  resolved: A is slower than B
    warning: the program holds 80 MB of live data, more than the caches of many machines; for data that size, where it lies in memory can shift the result by several points in ways the interval does not cover, and differently in the next process; run the comparison in several processes with the multiproc package

checksum 1192118878321
== street multi n=16384 valuesFor: ordered vs hashed
A 76.18 per op, B 29.25 per op
difference -160.46% [-163.49%, -157.08%] at 95% confidence
noise floor 0.683%, autocorrelation +0.059
resolved: A is slower than B
  warning: the program holds 90 MB of live data, more than the caches of many machines; for data that size, where it lies in memory can shift the result by several points in ways the interval does not cover, and differently in the next process; run the comparison in several processes with the multiproc package

== street multi n=16384 valuesFor: ordered vs btree-sets
A 77.38 per op, B 193.1 per op
difference +59.93% [+59.52%, +60.32%] at 95% confidence
noise floor 2.063%, autocorrelation +0.377, resampled in blocks of 3
resolved: A is faster than B
  warning: the program holds 90 MB of live data, more than the caches of many machines; for data that size, where it lies in memory can shift the result by several points in ways the interval does not cover, and differently in the next process; run the comparison in several processes with the multiproc package

== street multi n=16384 valuesFor: ordered vs map-sets
A 76.12 per op, B 81.02 per op
difference +6.05% [+2.97%, +7.79%] at 95% confidence
noise floor 1.187%, autocorrelation -0.047
resolved: A is faster than B
  warning: the program holds 84 MB of live data, more than the caches of many machines; for data that size, where it lies in memory can shift the result by several points in ways the interval does not cover, and differently in the next process; run the comparison in several processes with the multiproc package

== street multi n=16384 valuesBetween: ordered vs hashed
A 3435 per op, B 2.39e+05 per op
difference +98.56% [+98.46%, +98.64%] at 95% confidence
noise floor 0.931%, autocorrelation +0.283, resampled in blocks of 3
resolved: A is faster than B
  warning: the program holds 84 MB of live data, more than the caches of many machines; for data that size, where it lies in memory can shift the result by several points in ways the interval does not cover, and differently in the next process; run the comparison in several processes with the multiproc package

== street multi n=16384 valuesBetween: ordered vs btree-sets
A 2818 per op, B 5453 per op
difference +48.32% [+46.82%, +49.85%] at 95% confidence
noise floor 1.890%, autocorrelation +0.002
resolved: A is faster than B
  warning: the program holds 84 MB of live data, more than the caches of many machines; for data that size, where it lies in memory can shift the result by several points in ways the interval does not cover, and differently in the next process; run the comparison in several processes with the multiproc package
  warning: candidate B drifted during the run, shifting +2.68% from its first half to its second; the machine did not hold still

== street multi n=16384 valuesBetween: ordered vs map-sets
A 3330 per op, B 2.278e+05 per op
difference +98.54% [+98.41%, +98.63%] at 95% confidence
noise floor 4.997%, autocorrelation +0.273, resampled in blocks of 3
resolved: A is faster than B
  warning: the program holds 84 MB of live data, more than the caches of many machines; for data that size, where it lies in memory can shift the result by several points in ways the interval does not cover, and differently in the next process; run the comparison in several processes with the multiproc package

== street multi n=16384 prefix: ordered vs hashed
A 1463 per op, B 2.399e+05 per op
difference +99.39% [+99.35%, +99.51%] at 95% confidence
noise floor 5.580%, autocorrelation +0.177
resolved: A is faster than B
  warning: the program holds 84 MB of live data, more than the caches of many machines; for data that size, where it lies in memory can shift the result by several points in ways the interval does not cover, and differently in the next process; run the comparison in several processes with the multiproc package

== street multi n=16384 prefix: ordered vs btree-sets
A 915 per op, B 2240 per op
difference +59.15% [+56.94%, +61.55%] at 95% confidence
noise floor 2.961%, autocorrelation -0.106
resolved: A is faster than B
  warning: the program holds 84 MB of live data, more than the caches of many machines; for data that size, where it lies in memory can shift the result by several points in ways the interval does not cover, and differently in the next process; run the comparison in several processes with the multiproc package

== street multi n=16384 prefix: ordered vs map-sets
A 1252 per op, B 2.24e+05 per op
difference +99.44% [+99.30%, +99.50%] at 95% confidence
noise floor 6.439%, autocorrelation +0.175
resolved: A is faster than B
  warning: the program holds 84 MB of live data, more than the caches of many machines; for data that size, where it lies in memory can shift the result by several points in ways the interval does not cover, and differently in the next process; run the comparison in several processes with the multiproc package

== street multi n=16384 churn and build: ordered vs hashed
steady state, per insertion or deletion in a structure of 40934 elements (cycle of 81868 operations, first pass untimed):
  A 123.5 per op, B 59.92 per op
  difference -106.11% [-110.79%, -95.04%] at 95% confidence
  noise floor 1.256%, autocorrelation -0.028
  resolved: A is slower than B
    warning: the program holds 89 MB of live data, more than the caches of many machines; for data that size, where it lies in memory can shift the result by several points in ways the interval does not cover, and differently in the next process; run the comparison in several processes with the multiproc package

build from empty to 40934 elements, per whole build (122802 operations):
  A 1.533e+07 per op, B 9.893e+06 per op
  difference -55.00% [-62.89%, -50.66%] at 95% confidence
  noise floor 1.118%, autocorrelation +0.074
  resolved: A is slower than B
    warning: the program holds 84 MB of live data, more than the caches of many machines; for data that size, where it lies in memory can shift the result by several points in ways the interval does not cover, and differently in the next process; run the comparison in several processes with the multiproc package

== street multi n=16384 churn and build: ordered vs btree-sets
steady state, per insertion or deletion in a structure of 40934 elements (cycle of 81868 operations, first pass untimed):
  A 135.4 per op, B 290.3 per op
  difference +53.36% [+51.61%, +55.62%] at 95% confidence
  noise floor 2.281%, autocorrelation +0.055
  resolved: A is faster than B
    warning: the program holds 92 MB of live data, more than the caches of many machines; for data that size, where it lies in memory can shift the result by several points in ways the interval does not cover, and differently in the next process; run the comparison in several processes with the multiproc package

build from empty to 40934 elements, per whole build (122802 operations):
  A 1.576e+07 per op, B 3.583e+07 per op
  difference +56.00% [+55.32%, +56.98%] at 95% confidence
  noise floor 2.528%, autocorrelation -0.257
  resolved: A is faster than B
    warning: the program holds 84 MB of live data, more than the caches of many machines; for data that size, where it lies in memory can shift the result by several points in ways the interval does not cover, and differently in the next process; run the comparison in several processes with the multiproc package

== street multi n=16384 churn and build: ordered vs map-sets
steady state, per insertion or deletion in a structure of 40934 elements (cycle of 81868 operations, first pass untimed):
  A 122.7 per op, B 80.81 per op
  difference -51.88% [-54.96%, -48.93%] at 95% confidence
  noise floor 1.081%, autocorrelation +0.476, resampled in blocks of 3
  resolved: A is slower than B
    warning: the program holds 92 MB of live data, more than the caches of many machines; for data that size, where it lies in memory can shift the result by several points in ways the interval does not cover, and differently in the next process; run the comparison in several processes with the multiproc package

build from empty to 40934 elements, per whole build (122802 operations):
  A 1.566e+07 per op, B 1.417e+07 per op
  difference -10.51% [-19.34%, -9.10%] at 95% confidence
  noise floor 1.844%, autocorrelation -0.284
  resolved: A is slower than B
    warning: the program holds 84 MB of live data, more than the caches of many machines; for data that size, where it lies in memory can shift the result by several points in ways the interval does not cover, and differently in the next process; run the comparison in several processes with the multiproc package

checksum 1199224216698
== street multi n=16384 valuesFor: ordered vs hashed
A 76.14 per op, B 29.67 per op
difference -156.59% [-161.28%, -152.82%] at 95% confidence
noise floor 1.449%, autocorrelation -0.060
resolved: A is slower than B
  warning: the program holds 95 MB of live data, more than the caches of many machines; for data that size, where it lies in memory can shift the result by several points in ways the interval does not cover, and differently in the next process; run the comparison in several processes with the multiproc package
  warning: in 50% of A/A runs this setup reported a difference between identical code, well above the 10% expected; treat any confidence from it with suspicion

== street multi n=16384 valuesFor: ordered vs btree-sets
A 78.32 per op, B 190.4 per op
difference +58.85% [+58.23%, +60.03%] at 95% confidence
noise floor 2.037%, autocorrelation +0.097
resolved: A is faster than B
  warning: the program holds 95 MB of live data, more than the caches of many machines; for data that size, where it lies in memory can shift the result by several points in ways the interval does not cover, and differently in the next process; run the comparison in several processes with the multiproc package

== street multi n=16384 valuesFor: ordered vs map-sets
A 76.76 per op, B 82.24 per op
difference +6.66% [+4.19%, +9.64%] at 95% confidence
noise floor 1.043%, autocorrelation -0.031
resolved: A is faster than B
  warning: the program holds 88 MB of live data, more than the caches of many machines; for data that size, where it lies in memory can shift the result by several points in ways the interval does not cover, and differently in the next process; run the comparison in several processes with the multiproc package

== street multi n=16384 valuesBetween: ordered vs hashed
A 3168 per op, B 2.402e+05 per op
difference +98.68% [+98.63%, +98.74%] at 95% confidence
noise floor 3.215%, autocorrelation +0.118
resolved: A is faster than B
  warning: the program holds 88 MB of live data, more than the caches of many machines; for data that size, where it lies in memory can shift the result by several points in ways the interval does not cover, and differently in the next process; run the comparison in several processes with the multiproc package

== street multi n=16384 valuesBetween: ordered vs btree-sets
A 2773 per op, B 5490 per op
difference +49.48% [+48.71%, +50.55%] at 95% confidence
noise floor 1.953%, autocorrelation +0.134
resolved: A is faster than B
  warning: the program holds 88 MB of live data, more than the caches of many machines; for data that size, where it lies in memory can shift the result by several points in ways the interval does not cover, and differently in the next process; run the comparison in several processes with the multiproc package
  warning: in 50% of A/A runs this setup reported a difference between identical code, well above the 10% expected; treat any confidence from it with suspicion

== street multi n=16384 valuesBetween: ordered vs map-sets
A 3254 per op, B 2.286e+05 per op
difference +98.58% [+98.42%, +98.67%] at 95% confidence
noise floor 3.581%, autocorrelation +0.198
resolved: A is faster than B
  warning: the program holds 88 MB of live data, more than the caches of many machines; for data that size, where it lies in memory can shift the result by several points in ways the interval does not cover, and differently in the next process; run the comparison in several processes with the multiproc package

== street multi n=16384 prefix: ordered vs hashed
A 1221 per op, B 2.415e+05 per op
difference +99.49% [+99.43%, +99.55%] at 95% confidence
noise floor 9.785%, autocorrelation +0.031
resolved: A is faster than B
  warning: the program holds 88 MB of live data, more than the caches of many machines; for data that size, where it lies in memory can shift the result by several points in ways the interval does not cover, and differently in the next process; run the comparison in several processes with the multiproc package

== street multi n=16384 prefix: ordered vs btree-sets
A 893 per op, B 2214 per op
difference +59.68% [+57.56%, +60.94%] at 95% confidence
noise floor 1.951%, autocorrelation +0.027
resolved: A is faster than B
  warning: the program holds 88 MB of live data, more than the caches of many machines; for data that size, where it lies in memory can shift the result by several points in ways the interval does not cover, and differently in the next process; run the comparison in several processes with the multiproc package

== street multi n=16384 prefix: ordered vs map-sets
A 1391 per op, B 2.245e+05 per op
difference +99.38% [+99.31%, +99.49%] at 95% confidence
noise floor 4.170%, autocorrelation +0.017
resolved: A is faster than B
  warning: the program holds 89 MB of live data, more than the caches of many machines; for data that size, where it lies in memory can shift the result by several points in ways the interval does not cover, and differently in the next process; run the comparison in several processes with the multiproc package

== street multi n=16384 churn and build: ordered vs hashed
steady state, per insertion or deletion in a structure of 40934 elements (cycle of 81868 operations, first pass untimed):
  A 120.3 per op, B 58.19 per op
  difference -106.78% [-109.69%, -102.14%] at 95% confidence
  noise floor 1.102%, autocorrelation +0.078
  resolved: A is slower than B
    warning: the program holds 94 MB of live data, more than the caches of many machines; for data that size, where it lies in memory can shift the result by several points in ways the interval does not cover, and differently in the next process; run the comparison in several processes with the multiproc package

build from empty to 40934 elements, per whole build (122802 operations):
  A 1.532e+07 per op, B 9.996e+06 per op
  difference -53.25% [-57.22%, -51.48%] at 95% confidence
  noise floor 1.993%, autocorrelation +0.247, resampled in blocks of 3
  resolved: A is slower than B
    warning: the program holds 88 MB of live data, more than the caches of many machines; for data that size, where it lies in memory can shift the result by several points in ways the interval does not cover, and differently in the next process; run the comparison in several processes with the multiproc package

== street multi n=16384 churn and build: ordered vs btree-sets
steady state, per insertion or deletion in a structure of 40934 elements (cycle of 81868 operations, first pass untimed):
  A 126.3 per op, B 274.1 per op
  difference +53.92% [+52.30%, +56.70%] at 95% confidence
  noise floor 0.832%, autocorrelation +0.184
  resolved: A is faster than B
    warning: the program holds 96 MB of live data, more than the caches of many machines; for data that size, where it lies in memory can shift the result by several points in ways the interval does not cover, and differently in the next process; run the comparison in several processes with the multiproc package

build from empty to 40934 elements, per whole build (122802 operations):
  A 1.553e+07 per op, B 3.683e+07 per op
  difference +57.83% [+55.91%, +58.65%] at 95% confidence
  noise floor 1.157%, autocorrelation -0.206
  resolved: A is faster than B
    warning: the program holds 88 MB of live data, more than the caches of many machines; for data that size, where it lies in memory can shift the result by several points in ways the interval does not cover, and differently in the next process; run the comparison in several processes with the multiproc package

== street multi n=16384 churn and build: ordered vs map-sets
steady state, per insertion or deletion in a structure of 40934 elements (cycle of 81868 operations, first pass untimed):
  A 124.4 per op, B 87.94 per op
  difference -41.49% [-47.69%, -35.29%] at 95% confidence
  noise floor 1.410%, autocorrelation +0.058
  resolved: A is slower than B
    warning: the program holds 97 MB of live data, more than the caches of many machines; for data that size, where it lies in memory can shift the result by several points in ways the interval does not cover, and differently in the next process; run the comparison in several processes with the multiproc package

build from empty to 40934 elements, per whole build (122802 operations):
  A 1.57e+07 per op, B 1.442e+07 per op
  difference -8.91% [-18.48%, -7.18%] at 95% confidence
  noise floor 1.642%, autocorrelation -0.060
  resolved: A is slower than B
    warning: the program holds 88 MB of live data, more than the caches of many machines; for data that size, where it lies in memory can shift the result by several points in ways the interval does not cover, and differently in the next process; run the comparison in several processes with the multiproc package

checksum 1212433365155
== street multi n=16384 valuesFor: ordered vs hashed
A 74.93 per op, B 28.73 per op
difference -160.83% [-165.88%, -157.54%] at 95% confidence
noise floor 1.301%, autocorrelation +0.053
resolved: A is slower than B
  warning: the program holds 85 MB of live data, more than the caches of many machines; for data that size, where it lies in memory can shift the result by several points in ways the interval does not cover, and differently in the next process; run the comparison in several processes with the multiproc package

== street multi n=16384 valuesFor: ordered vs btree-sets
A 76.86 per op, B 180 per op
difference +57.29% [+56.51%, +58.29%] at 95% confidence
noise floor 0.454%, autocorrelation -0.035
resolved: A is faster than B
  warning: the program holds 85 MB of live data, more than the caches of many machines; for data that size, where it lies in memory can shift the result by several points in ways the interval does not cover, and differently in the next process; run the comparison in several processes with the multiproc package

== street multi n=16384 valuesFor: ordered vs map-sets
A 76.16 per op, B 80.61 per op
difference +5.53% [+3.25%, +7.44%] at 95% confidence
noise floor 2.514%, autocorrelation +0.432, resampled in blocks of 3
resolved: A is faster than B
  warning: the program holds 85 MB of live data, more than the caches of many machines; for data that size, where it lies in memory can shift the result by several points in ways the interval does not cover, and differently in the next process; run the comparison in several processes with the multiproc package

== street multi n=16384 valuesBetween: ordered vs hashed
A 2969 per op, B 2.226e+05 per op
difference +98.67% [+98.64%, +98.71%] at 95% confidence
noise floor 1.837%, autocorrelation +0.180
resolved: A is faster than B
  warning: the program holds 85 MB of live data, more than the caches of many machines; for data that size, where it lies in memory can shift the result by several points in ways the interval does not cover, and differently in the next process; run the comparison in several processes with the multiproc package
  warning: candidate A drifted during the run, shifting -4.82% from its first half to its second; the machine did not hold still
  warning: the ratio B/A shifted +2.79% from the first half of the run to the second, so the candidates had not reached a steady state and the difference depends on how long the run was; a common cause is a head start for whichever candidate ran alone last before the comparison or had its data built last, which a longer CollectOptions.WarmupDuration removes

== street multi n=16384 valuesBetween: ordered vs btree-sets
A 2714 per op, B 5371 per op
difference +49.47% [+48.65%, +50.53%] at 95% confidence
noise floor 1.907%, autocorrelation +0.002
resolved: A is faster than B
  warning: the program holds 85 MB of live data, more than the caches of many machines; for data that size, where it lies in memory can shift the result by several points in ways the interval does not cover, and differently in the next process; run the comparison in several processes with the multiproc package
  warning: in 50% of A/A runs this setup reported a difference between identical code, well above the 10% expected; treat any confidence from it with suspicion

== street multi n=16384 valuesBetween: ordered vs map-sets
A 3223 per op, B 2.118e+05 per op
difference +98.48% [+98.33%, +98.57%] at 95% confidence
noise floor 6.192%, autocorrelation +0.420, resampled in blocks of 3
resolved: A is faster than B
  warning: the program holds 85 MB of live data, more than the caches of many machines; for data that size, where it lies in memory can shift the result by several points in ways the interval does not cover, and differently in the next process; run the comparison in several processes with the multiproc package

== street multi n=16384 prefix: ordered vs hashed
A 1282 per op, B 2.229e+05 per op
difference +99.43% [+99.36%, +99.50%] at 95% confidence
noise floor 7.711%, autocorrelation +0.164
resolved: A is faster than B
  warning: the program holds 85 MB of live data, more than the caches of many machines; for data that size, where it lies in memory can shift the result by several points in ways the interval does not cover, and differently in the next process; run the comparison in several processes with the multiproc package

== street multi n=16384 prefix: ordered vs btree-sets
A 908.8 per op, B 2130 per op
difference +57.34% [+55.80%, +61.12%] at 95% confidence
noise floor 4.906%, autocorrelation +0.102
resolved: A is faster than B
  warning: the program holds 85 MB of live data, more than the caches of many machines; for data that size, where it lies in memory can shift the result by several points in ways the interval does not cover, and differently in the next process; run the comparison in several processes with the multiproc package

== street multi n=16384 prefix: ordered vs map-sets
A 1189 per op, B 2.078e+05 per op
difference +99.43% [+99.34%, +99.46%] at 95% confidence
noise floor 2.026%, autocorrelation +0.002
resolved: A is faster than B
  warning: the program holds 85 MB of live data, more than the caches of many machines; for data that size, where it lies in memory can shift the result by several points in ways the interval does not cover, and differently in the next process; run the comparison in several processes with the multiproc package

== street multi n=16384 churn and build: ordered vs hashed
steady state, per insertion or deletion in a structure of 40934 elements (cycle of 81868 operations, first pass untimed):
  A 121.3 per op, B 60.72 per op
  difference -99.71% [-110.69%, -91.37%] at 95% confidence
  noise floor 1.409%, autocorrelation +0.230, resampled in blocks of 3
  resolved: A is slower than B
    warning: the program holds 91 MB of live data, more than the caches of many machines; for data that size, where it lies in memory can shift the result by several points in ways the interval does not cover, and differently in the next process; run the comparison in several processes with the multiproc package

build from empty to 40934 elements, per whole build (122802 operations):
  A 1.54e+07 per op, B 9.985e+06 per op
  difference -54.26% [-57.43%, -50.91%] at 95% confidence
  noise floor 1.200%, autocorrelation +0.073
  resolved: A is slower than B
    warning: the program holds 85 MB of live data, more than the caches of many machines; for data that size, where it lies in memory can shift the result by several points in ways the interval does not cover, and differently in the next process; run the comparison in several processes with the multiproc package

== street multi n=16384 churn and build: ordered vs btree-sets
steady state, per insertion or deletion in a structure of 40934 elements (cycle of 81868 operations, first pass untimed):
  A 132.3 per op, B 285 per op
  difference +53.58% [+52.30%, +54.96%] at 95% confidence
  noise floor 1.871%, autocorrelation +0.235, resampled in blocks of 3
  resolved: A is faster than B
    warning: the program holds 93 MB of live data, more than the caches of many machines; for data that size, where it lies in memory can shift the result by several points in ways the interval does not cover, and differently in the next process; run the comparison in several processes with the multiproc package

build from empty to 40934 elements, per whole build (122802 operations):
  A 1.618e+07 per op, B 3.706e+07 per op
  difference +56.35% [+55.63%, +58.15%] at 95% confidence
  noise floor 2.546%, autocorrelation -0.195
  resolved: A is faster than B
    warning: the program holds 86 MB of live data, more than the caches of many machines; for data that size, where it lies in memory can shift the result by several points in ways the interval does not cover, and differently in the next process; run the comparison in several processes with the multiproc package

== street multi n=16384 churn and build: ordered vs map-sets
steady state, per insertion or deletion in a structure of 40934 elements (cycle of 81868 operations, first pass untimed):
  A 136.4 per op, B 106.6 per op
  difference -27.96% [-34.04%, -22.06%] at 95% confidence
  noise floor 0.897%, autocorrelation +0.069
  resolved: A is slower than B
    warning: the program holds 94 MB of live data, more than the caches of many machines; for data that size, where it lies in memory can shift the result by several points in ways the interval does not cover, and differently in the next process; run the comparison in several processes with the multiproc package
    warning: candidate A drifted during the run, shifting -12.74% from its first half to its second; the machine did not hold still
    warning: candidate B drifted during the run, shifting -12.10% from its first half to its second; the machine did not hold still

build from empty to 40934 elements, per whole build (122802 operations):
  A 1.575e+07 per op, B 1.433e+07 per op
  difference -9.87% [-13.50%, -6.53%] at 95% confidence
  noise floor 4.293%, autocorrelation -0.169
  resolved: A is slower than B
    warning: the program holds 86 MB of live data, more than the caches of many machines; for data that size, where it lies in memory can shift the result by several points in ways the interval does not cover, and differently in the next process; run the comparison in several processes with the multiproc package

checksum 1222181981146
== street multi n=16384 valuesFor: ordered vs hashed
A 75.86 per op, B 29.37 per op
difference -158.32% [-163.35%, -154.18%] at 95% confidence
noise floor 1.287%, autocorrelation +0.007
resolved: A is slower than B
  warning: the program holds 97 MB of live data, more than the caches of many machines; for data that size, where it lies in memory can shift the result by several points in ways the interval does not cover, and differently in the next process; run the comparison in several processes with the multiproc package

== street multi n=16384 valuesFor: ordered vs btree-sets
A 76.29 per op, B 190.4 per op
difference +59.94% [+58.76%, +60.83%] at 95% confidence
noise floor 1.680%, autocorrelation -0.044
resolved: A is faster than B
  warning: the program holds 97 MB of live data, more than the caches of many machines; for data that size, where it lies in memory can shift the result by several points in ways the interval does not cover, and differently in the next process; run the comparison in several processes with the multiproc package

== street multi n=16384 valuesFor: ordered vs map-sets
A 76.7 per op, B 81.66 per op
difference +6.07% [+2.87%, +7.78%] at 95% confidence
noise floor 1.916%, autocorrelation +0.457, resampled in blocks of 3
resolved: A is faster than B
  warning: the program holds 90 MB of live data, more than the caches of many machines; for data that size, where it lies in memory can shift the result by several points in ways the interval does not cover, and differently in the next process; run the comparison in several processes with the multiproc package

== street multi n=16384 valuesBetween: ordered vs hashed
A 3272 per op, B 2.399e+05 per op
difference +98.64% [+98.57%, +98.70%] at 95% confidence
noise floor 1.872%, autocorrelation +0.153
resolved: A is faster than B
  warning: the program holds 90 MB of live data, more than the caches of many machines; for data that size, where it lies in memory can shift the result by several points in ways the interval does not cover, and differently in the next process; run the comparison in several processes with the multiproc package
  warning: candidate A drifted during the run, shifting +22.12% from its first half to its second; the machine did not hold still
  warning: the ratio B/A shifted -18.78% from the first half of the run to the second, so the candidates had not reached a steady state and the difference depends on how long the run was; a common cause is a head start for whichever candidate ran alone last before the comparison or had its data built last, which a longer CollectOptions.WarmupDuration removes

== street multi n=16384 valuesBetween: ordered vs btree-sets
A 2746 per op, B 5505 per op
difference +50.12% [+49.11%, +51.49%] at 95% confidence
noise floor 2.378%, autocorrelation -0.136
resolved: A is faster than B
  warning: the program holds 90 MB of live data, more than the caches of many machines; for data that size, where it lies in memory can shift the result by several points in ways the interval does not cover, and differently in the next process; run the comparison in several processes with the multiproc package
  warning: in 50% of A/A runs this setup reported a difference between identical code, well above the 10% expected; treat any confidence from it with suspicion

== street multi n=16384 valuesBetween: ordered vs map-sets
A 3200 per op, B 2.279e+05 per op
difference +98.60% [+98.48%, +98.68%] at 95% confidence
noise floor 1.940%, autocorrelation +0.144
resolved: A is faster than B
  warning: the program holds 90 MB of live data, more than the caches of many machines; for data that size, where it lies in memory can shift the result by several points in ways the interval does not cover, and differently in the next process; run the comparison in several processes with the multiproc package

== street multi n=16384 prefix: ordered vs hashed
A 1395 per op, B 2.404e+05 per op
difference +99.42% [+99.33%, +99.51%] at 95% confidence
noise floor 5.760%, autocorrelation -0.105
resolved: A is faster than B
  warning: the program holds 90 MB of live data, more than the caches of many machines; for data that size, where it lies in memory can shift the result by several points in ways the interval does not cover, and differently in the next process; run the comparison in several processes with the multiproc package

== street multi n=16384 prefix: ordered vs btree-sets
A 896.9 per op, B 2208 per op
difference +59.39% [+57.43%, +61.54%] at 95% confidence
noise floor 2.869%, autocorrelation -0.111
resolved: A is faster than B
  warning: the program holds 90 MB of live data, more than the caches of many machines; for data that size, where it lies in memory can shift the result by several points in ways the interval does not cover, and differently in the next process; run the comparison in several processes with the multiproc package

== street multi n=16384 prefix: ordered vs map-sets
A 1253 per op, B 2.237e+05 per op
difference +99.44% [+99.30%, +99.52%] at 95% confidence
noise floor 5.273%, autocorrelation +0.190
resolved: A is faster than B
  warning: the program holds 90 MB of live data, more than the caches of many machines; for data that size, where it lies in memory can shift the result by several points in ways the interval does not cover, and differently in the next process; run the comparison in several processes with the multiproc package

== street multi n=16384 churn and build: ordered vs hashed
steady state, per insertion or deletion in a structure of 40934 elements (cycle of 81868 operations, first pass untimed):
  A 124 per op, B 60.67 per op
  difference -104.43% [-109.85%, -99.44%] at 95% confidence
  noise floor 0.520%, autocorrelation -0.144
  resolved: A is slower than B
    warning: the program holds 96 MB of live data, more than the caches of many machines; for data that size, where it lies in memory can shift the result by several points in ways the interval does not cover, and differently in the next process; run the comparison in several processes with the multiproc package

build from empty to 40934 elements, per whole build (122802 operations):
  A 1.511e+07 per op, B 9.887e+06 per op
  difference -52.79% [-56.92%, -49.71%] at 95% confidence
  noise floor 1.298%, autocorrelation +0.152
  resolved: A is slower than B
    warning: the program holds 91 MB of live data, more than the caches of many machines; for data that size, where it lies in memory can shift the result by several points in ways the interval does not cover, and differently in the next process; run the comparison in several processes with the multiproc package

== street multi n=16384 churn and build: ordered vs btree-sets
steady state, per insertion or deletion in a structure of 40934 elements (cycle of 81868 operations, first pass untimed):
  A 129.1 per op, B 277 per op
  difference +53.39% [+52.78%, +55.51%] at 95% confidence
  noise floor 1.408%, autocorrelation +0.093
  resolved: A is faster than B
    warning: the program holds 98 MB of live data, more than the caches of many machines; for data that size, where it lies in memory can shift the result by several points in ways the interval does not cover, and differently in the next process; run the comparison in several processes with the multiproc package

build from empty to 40934 elements, per whole build (122802 operations):
  A 1.586e+07 per op, B 3.657e+07 per op
  difference +56.62% [+54.93%, +58.13%] at 95% confidence
  noise floor 2.038%, autocorrelation -0.169
  resolved: A is faster than B
    warning: the program holds 91 MB of live data, more than the caches of many machines; for data that size, where it lies in memory can shift the result by several points in ways the interval does not cover, and differently in the next process; run the comparison in several processes with the multiproc package

== street multi n=16384 churn and build: ordered vs map-sets
steady state, per insertion or deletion in a structure of 40934 elements (cycle of 81868 operations, first pass untimed):
  A 130.1 per op, B 88.87 per op
  difference -46.44% [-51.14%, -37.36%] at 95% confidence
  noise floor 1.325%, autocorrelation +0.033
  resolved: A is slower than B
    warning: the program holds 99 MB of live data, more than the caches of many machines; for data that size, where it lies in memory can shift the result by several points in ways the interval does not cover, and differently in the next process; run the comparison in several processes with the multiproc package

build from empty to 40934 elements, per whole build (122802 operations):
  A 1.596e+07 per op, B 1.481e+07 per op
  difference -7.80% [-19.08%, -5.31%] at 95% confidence
  noise floor 2.871%, autocorrelation -0.156
  resolved: A is slower than B
    warning: the program holds 91 MB of live data, more than the caches of many machines; for data that size, where it lies in memory can shift the result by several points in ways the interval does not cover, and differently in the next process; run the comparison in several processes with the multiproc package

checksum 1194211780151
== street multi n=16384 valuesFor: ordered vs hashed
A 75.04 per op, B 29.08 per op
difference -158.06% [-161.41%, -155.35%] at 95% confidence
noise floor 1.187%, autocorrelation +0.538, resampled in blocks of 3
resolved: A is slower than B
  warning: the program holds 85 MB of live data, more than the caches of many machines; for data that size, where it lies in memory can shift the result by several points in ways the interval does not cover, and differently in the next process; run the comparison in several processes with the multiproc package

== street multi n=16384 valuesFor: ordered vs btree-sets
A 76.63 per op, B 183.7 per op
difference +58.29% [+57.55%, +59.14%] at 95% confidence
noise floor 2.228%, autocorrelation +0.403, resampled in blocks of 3
resolved: A is faster than B
  warning: the program holds 85 MB of live data, more than the caches of many machines; for data that size, where it lies in memory can shift the result by several points in ways the interval does not cover, and differently in the next process; run the comparison in several processes with the multiproc package

== street multi n=16384 valuesFor: ordered vs map-sets
A 76.01 per op, B 80.46 per op
difference +5.54% [+2.63%, +8.59%] at 95% confidence
noise floor 0.562%, autocorrelation -0.016
resolved: A is faster than B
  warning: the program holds 85 MB of live data, more than the caches of many machines; for data that size, where it lies in memory can shift the result by several points in ways the interval does not cover, and differently in the next process; run the comparison in several processes with the multiproc package

== street multi n=16384 valuesBetween: ordered vs hashed
A 3291 per op, B 2.398e+05 per op
difference +98.63% [+98.42%, +98.67%] at 95% confidence
noise floor 0.949%, autocorrelation +0.210, resampled in blocks of 3
resolved: A is faster than B
  warning: the program holds 85 MB of live data, more than the caches of many machines; for data that size, where it lies in memory can shift the result by several points in ways the interval does not cover, and differently in the next process; run the comparison in several processes with the multiproc package
  warning: candidate A drifted during the run, shifting -18.13% from its first half to its second; the machine did not hold still
  warning: the ratio B/A shifted +22.06% from the first half of the run to the second, so the candidates had not reached a steady state and the difference depends on how long the run was; a common cause is a head start for whichever candidate ran alone last before the comparison or had its data built last, which a longer CollectOptions.WarmupDuration removes

== street multi n=16384 valuesBetween: ordered vs btree-sets
A 2774 per op, B 5384 per op
difference +48.48% [+47.47%, +50.16%] at 95% confidence
noise floor 2.360%, autocorrelation +0.152
resolved: A is faster than B
  warning: the program holds 85 MB of live data, more than the caches of many machines; for data that size, where it lies in memory can shift the result by several points in ways the interval does not cover, and differently in the next process; run the comparison in several processes with the multiproc package

== street multi n=16384 valuesBetween: ordered vs map-sets
A 3072 per op, B 2.111e+05 per op
difference +98.54% [+98.42%, +98.59%] at 95% confidence
noise floor 4.078%, autocorrelation +0.219, resampled in blocks of 3
resolved: A is faster than B
  warning: the program holds 85 MB of live data, more than the caches of many machines; for data that size, where it lies in memory can shift the result by several points in ways the interval does not cover, and differently in the next process; run the comparison in several processes with the multiproc package
  warning: candidate A drifted during the run, shifting -10.60% from its first half to its second; the machine did not hold still
  warning: the ratio B/A shifted +9.50% from the first half of the run to the second, so the candidates had not reached a steady state and the difference depends on how long the run was; a common cause is a head start for whichever candidate ran alone last before the comparison or had its data built last, which a longer CollectOptions.WarmupDuration removes

== street multi n=16384 prefix: ordered vs hashed
A 1358 per op, B 2.395e+05 per op
difference +99.43% [+99.39%, +99.52%] at 95% confidence
noise floor 3.094%, autocorrelation +0.023
resolved: A is faster than B
  warning: the program holds 85 MB of live data, more than the caches of many machines; for data that size, where it lies in memory can shift the result by several points in ways the interval does not cover, and differently in the next process; run the comparison in several processes with the multiproc package

== street multi n=16384 prefix: ordered vs btree-sets
A 914.8 per op, B 2142 per op
difference +57.29% [+55.21%, +60.16%] at 95% confidence
noise floor 4.194%, autocorrelation -0.073
resolved: A is faster than B
  warning: the program holds 85 MB of live data, more than the caches of many machines; for data that size, where it lies in memory can shift the result by several points in ways the interval does not cover, and differently in the next process; run the comparison in several processes with the multiproc package

== street multi n=16384 prefix: ordered vs map-sets
A 1187 per op, B 2.06e+05 per op
difference +99.42% [+99.34%, +99.46%] at 95% confidence
noise floor 6.552%, autocorrelation +0.367, resampled in blocks of 3
resolved: A is faster than B
  warning: the program holds 85 MB of live data, more than the caches of many machines; for data that size, where it lies in memory can shift the result by several points in ways the interval does not cover, and differently in the next process; run the comparison in several processes with the multiproc package

== street multi n=16384 churn and build: ordered vs hashed
steady state, per insertion or deletion in a structure of 40934 elements (cycle of 81868 operations, first pass untimed):
  A 120.2 per op, B 59.54 per op
  difference -101.86% [-108.47%, -95.33%] at 95% confidence
  noise floor 2.070%, autocorrelation -0.241
  resolved: A is slower than B
    warning: the program holds 91 MB of live data, more than the caches of many machines; for data that size, where it lies in memory can shift the result by several points in ways the interval does not cover, and differently in the next process; run the comparison in several processes with the multiproc package

build from empty to 40934 elements, per whole build (122802 operations):
  A 1.519e+07 per op, B 1.003e+07 per op
  difference -51.38% [-57.59%, -48.46%] at 95% confidence
  noise floor 1.338%, autocorrelation +0.191
  resolved: A is slower than B
    warning: the program holds 85 MB of live data, more than the caches of many machines; for data that size, where it lies in memory can shift the result by several points in ways the interval does not cover, and differently in the next process; run the comparison in several processes with the multiproc package

== street multi n=16384 churn and build: ordered vs btree-sets
steady state, per insertion or deletion in a structure of 40934 elements (cycle of 81868 operations, first pass untimed):
  A 132.8 per op, B 287.8 per op
  difference +53.85% [+51.59%, +55.56%] at 95% confidence
  noise floor 4.735%, autocorrelation +0.315, resampled in blocks of 3
  resolved: A is faster than B
    warning: the program holds 93 MB of live data, more than the caches of many machines; for data that size, where it lies in memory can shift the result by several points in ways the interval does not cover, and differently in the next process; run the comparison in several processes with the multiproc package
    warning: candidate B drifted during the run, shifting -5.94% from its first half to its second; the machine did not hold still
    warning: in 50% of A/A runs this setup reported a difference between identical code, well above the 10% expected; treat any confidence from it with suspicion

build from empty to 40934 elements, per whole build (122802 operations):
  A 1.572e+07 per op, B 3.625e+07 per op
  difference +56.63% [+55.81%, +58.38%] at 95% confidence
  noise floor 1.612%, autocorrelation -0.194
  resolved: A is faster than B
    warning: the program holds 85 MB of live data, more than the caches of many machines; for data that size, where it lies in memory can shift the result by several points in ways the interval does not cover, and differently in the next process; run the comparison in several processes with the multiproc package

== street multi n=16384 churn and build: ordered vs map-sets
steady state, per insertion or deletion in a structure of 40934 elements (cycle of 81868 operations, first pass untimed):
  A 133.8 per op, B 105.9 per op
  difference -26.25% [-33.73%, -15.45%] at 95% confidence
  noise floor 0.934%, autocorrelation +0.615, resampled in blocks of 3
  resolved: A is slower than B
    warning: the program holds 94 MB of live data, more than the caches of many machines; for data that size, where it lies in memory can shift the result by several points in ways the interval does not cover, and differently in the next process; run the comparison in several processes with the multiproc package
    warning: candidate B drifted during the run, shifting -19.56% from its first half to its second; the machine did not hold still

build from empty to 40934 elements, per whole build (122802 operations):
  A 1.551e+07 per op, B 1.405e+07 per op
  difference -10.34% [-20.89%, -7.43%] at 95% confidence
  noise floor 1.944%, autocorrelation -0.096
  resolved: A is slower than B
    warning: the program holds 85 MB of live data, more than the caches of many machines; for data that size, where it lies in memory can shift the result by several points in ways the interval does not cover, and differently in the next process; run the comparison in several processes with the multiproc package

checksum 1181292379705
