== str n=1048576 valuesFor: ordered vs hashed
A 355.7 per op, B 199.4 per op
difference -78.41% [-80.69%, -77.19%] at 95% confidence
noise floor 0.545%, autocorrelation +0.395, resampled in blocks of 5
resolved: A is slower than B
  warning: candidate A drifted during the run, shifting -0.34% from its first half to its second; the machine did not hold still

== str n=1048576 valuesFor: ordered vs btree-sets
A 407.2 per op, B 1152 per op
difference +64.65% [+64.11%, +64.98%] at 95% confidence
noise floor 0.552%, autocorrelation +0.543, resampled in blocks of 5
resolved: A is faster than B
  warning: candidate A drifted during the run, shifting -1.46% from its first half to its second; the machine did not hold still
  warning: candidate B drifted during the run, shifting -0.90% from its first half to its second; the machine did not hold still

== str n=1048576 valuesFor: ordered vs map-sets
A 366.4 per op, B 408.3 per op
difference +10.27% [+9.05%, +11.61%] at 95% confidence
noise floor 0.740%, autocorrelation +0.529, resampled in blocks of 5
resolved: A is faster than B
  warning: candidate A drifted during the run, shifting +1.24% from its first half to its second; the machine did not hold still
  warning: candidate B drifted during the run, shifting +1.84% from its first half to its second; the machine did not hold still

== str n=1048576 valuesFor: hashed vs map-sets
A 198.4 per op, B 410.2 per op
difference +51.63% [+51.05%, +52.05%] at 95% confidence
noise floor 0.448%, autocorrelation +0.262, resampled in blocks of 5
resolved: A is faster than B
  warning: candidate B drifted during the run, shifting -2.01% from its first half to its second; the machine did not hold still

== str n=1048576 valuesBetween: ordered vs btree-sets
A 9622 per op, B 2.063e+04 per op
difference +53.37% [+52.92%, +53.77%] at 95% confidence
noise floor 0.753%, autocorrelation +0.163
resolved: A is faster than B

== str n=1048576 addRemove: ordered vs hashed
A 578.1 per op, B 308.7 per op
difference -87.24% [-88.02%, -86.29%] at 95% confidence
noise floor 0.455%, autocorrelation +0.634, resampled in blocks of 5
resolved: A is slower than B
  warning: candidate A drifted during the run, shifting -0.03% from its first half to its second; the machine did not hold still
  warning: candidate B drifted during the run, shifting -0.12% from its first half to its second; the machine did not hold still

== str n=1048576 addRemove: ordered vs btree-sets
A 640.9 per op, B 1222 per op
difference +47.56% [+47.15%, +48.40%] at 95% confidence
noise floor 0.382%, autocorrelation +0.639, resampled in blocks of 5
resolved: A is faster than B
  warning: candidate A drifted during the run, shifting -1.39% from its first half to its second; the machine did not hold still
  warning: candidate B drifted during the run, shifting -0.41% from its first half to its second; the machine did not hold still

== str n=1048576 addRemove: ordered vs map-sets
A 591.8 per op, B 522.6 per op
difference -13.23% [-13.91%, -12.26%] at 95% confidence
noise floor 0.567%, autocorrelation +0.634, resampled in blocks of 5
resolved: A is slower than B
  warning: candidate A drifted during the run, shifting -0.93% from its first half to its second; the machine did not hold still
  warning: candidate B drifted during the run, shifting -0.99% from its first half to its second; the machine did not hold still

== str n=1048576 addRemove: hashed vs map-sets
A 308.2 per op, B 521 per op
difference +40.86% [+40.50%, +41.29%] at 95% confidence
noise floor 0.457%, autocorrelation +0.591, resampled in blocks of 5
resolved: A is faster than B
  warning: candidate A drifted during the run, shifting -1.17% from its first half to its second; the machine did not hold still
  warning: candidate B drifted during the run, shifting -0.75% from its first half to its second; the machine did not hold still

checksum 3552096015040721130
