== str n=1048576 valuesFor: ordered vs hashed
A 357.8 per op, B 198.3 per op
difference -80.42% [-81.94%, -78.82%] at 95% confidence
noise floor 0.739%, autocorrelation +0.483, resampled in blocks of 5
resolved: A is slower than B
  warning: candidate A drifted during the run, shifting -0.39% from its first half to its second; the machine did not hold still
  warning: candidate B drifted during the run, shifting -0.84% from its first half to its second; the machine did not hold still

== str n=1048576 valuesFor: ordered vs btree-sets
A 416.5 per op, B 1164 per op
difference +64.23% [+63.81%, +64.65%] at 95% confidence
noise floor 0.529%, autocorrelation +0.529, resampled in blocks of 5
resolved: A is faster than B
  warning: candidate A drifted during the run, shifting -1.41% from its first half to its second; the machine did not hold still

== str n=1048576 valuesFor: ordered vs map-sets
A 365.3 per op, B 407.3 per op
difference +10.31% [+9.34%, +11.67%] at 95% confidence
noise floor 0.813%, autocorrelation +0.532, resampled in blocks of 5
resolved: A is faster than B
  warning: candidate B drifted during the run, shifting -1.47% from its first half to its second; the machine did not hold still

== str n=1048576 valuesFor: hashed vs map-sets
A 204.9 per op, B 411.3 per op
difference +50.18% [+47.95%, +51.93%] at 95% confidence
noise floor 0.645%, autocorrelation +0.423, resampled in blocks of 5
resolved: A is faster than B
  warning: candidate A drifted during the run, shifting +7.79% from its first half to its second; the machine did not hold still
  warning: candidate B drifted during the run, shifting +5.34% from its first half to its second; the machine did not hold still

== str n=1048576 valuesBetween: ordered vs btree-sets
A 9662 per op, B 2.099e+04 per op
difference +53.96% [+53.57%, +54.58%] at 95% confidence
noise floor 0.790%, autocorrelation +0.172
resolved: A is faster than B

== str n=1048576 addRemove: ordered vs hashed
A 578.4 per op, B 308.6 per op
difference -87.42% [-88.50%, -86.72%] at 95% confidence
noise floor 0.461%, autocorrelation +0.610, resampled in blocks of 5
resolved: A is slower than B
  warning: candidate A drifted during the run, shifting -0.58% from its first half to its second; the machine did not hold still

== str n=1048576 addRemove: ordered vs btree-sets
A 648.6 per op, B 1228 per op
difference +47.16% [+46.94%, +47.64%] at 95% confidence
noise floor 0.516%, autocorrelation +0.650, resampled in blocks of 5
resolved: A is faster than B
  warning: candidate B drifted during the run, shifting -0.66% from its first half to its second; the machine did not hold still

== str n=1048576 addRemove: ordered vs map-sets
A 593.9 per op, B 507.9 per op
difference -16.93% [-17.83%, -15.78%] at 95% confidence
noise floor 0.462%, autocorrelation +0.646, resampled in blocks of 5
resolved: A is slower than B
  warning: candidate A drifted during the run, shifting -1.54% from its first half to its second; the machine did not hold still

== str n=1048576 addRemove: hashed vs map-sets
A 308 per op, B 494 per op
difference +37.64% [+37.23%, +38.31%] at 95% confidence
noise floor 0.481%, autocorrelation +0.558, resampled in blocks of 5
resolved: A is faster than B
  warning: candidate A drifted during the run, shifting -2.24% from its first half to its second; the machine did not hold still
  warning: candidate B drifted during the run, shifting -1.19% from its first half to its second; the machine did not hold still

checksum 4738403356136190006
