== str n=1048576 valuesFor: ordered vs hashed
A 396.1 per op, B 214.5 per op
difference -84.69% [-86.98%, -81.31%] at 95% confidence
noise floor 0.918%, autocorrelation +0.361, resampled in blocks of 5
resolved: A is slower than B

== str n=1048576 valuesFor: ordered vs btree-sets
A 458.7 per op, B 1319 per op
difference +65.22% [+64.34%, +65.83%] at 95% confidence
noise floor 1.291%, autocorrelation +0.352, resampled in blocks of 5
resolved: A is faster than B

== str n=1048576 valuesFor: ordered vs map-sets
A 417.8 per op, B 438.1 per op
difference +4.63% [+3.52%, +6.68%] at 95% confidence
noise floor 1.080%, autocorrelation +0.367, resampled in blocks of 5
resolved: A is faster than B
  warning: candidate A drifted during the run, shifting -1.41% from its first half to its second; the machine did not hold still
  warning: candidate B drifted during the run, shifting -1.10% from its first half to its second; the machine did not hold still

== str n=1048576 valuesFor: hashed vs map-sets
A 214.4 per op, B 432.8 per op
difference +50.47% [+49.72%, +51.15%] at 95% confidence
noise floor 0.996%, autocorrelation +0.318, resampled in blocks of 5
resolved: A is faster than B

== str n=1048576 valuesBetween: ordered vs btree-sets
A 1.048e+04 per op, B 2.376e+04 per op
difference +55.90% [+55.26%, +56.42%] at 95% confidence
noise floor 1.274%, autocorrelation +0.184
resolved: A is faster than B
  warning: candidate A drifted during the run, shifting +2.91% from its first half to its second; the machine did not hold still
  warning: candidate B drifted during the run, shifting +2.08% from its first half to its second; the machine did not hold still

== str n=1048576 addRemove: ordered vs hashed
A 666.1 per op, B 337.8 per op
difference -97.15% [-105.64%, -90.99%] at 95% confidence
noise floor 1.399%, autocorrelation +0.365, resampled in blocks of 5
resolved: A is slower than B
  warning: candidate A drifted during the run, shifting +7.35% from its first half to its second; the machine did not hold still
  warning: candidate B drifted during the run, shifting +7.75% from its first half to its second; the machine did not hold still

== str n=1048576 addRemove: ordered vs btree-sets
A 722.9 per op, B 1390 per op
difference +47.99% [+47.27%, +48.83%] at 95% confidence
noise floor 0.970%, autocorrelation +0.258, resampled in blocks of 5
resolved: A is faster than B

== str n=1048576 addRemove: ordered vs map-sets
A 654.5 per op, B 526.9 per op
difference -24.21% [-25.86%, -22.27%] at 95% confidence
noise floor 1.345%, autocorrelation +0.229, resampled in blocks of 5
resolved: A is slower than B

== str n=1048576 addRemove: hashed vs map-sets
A 354.4 per op, B 533.3 per op
difference +33.54% [+31.48%, +34.80%] at 95% confidence
noise floor 0.966%, autocorrelation +0.345, resampled in blocks of 5
resolved: A is faster than B
  warning: candidate A drifted during the run, shifting -7.34% from its first half to its second; the machine did not hold still

checksum 13980958435456041844
