== str multi n=16384 valuesFor: ordered vs hashed
A 76.8 per op, B 47.48 per op
difference -61.75% [-64.68%, -59.17%] at 95% confidence
noise floor 0.747%, autocorrelation +0.201, resampled in blocks of 3
resolved: A is slower than B
  warning: the program holds 46 MB of live data, more than the caches of many machines; for data that size, where it lies in memory can shift the result by several points in ways the interval does not cover, and differently in the next process; run the comparison in several processes with the multiproc package

== str multi n=16384 valuesFor: ordered vs btree-sets
A 78.97 per op, B 229 per op
difference +65.51% [+64.36%, +66.35%] at 95% confidence
noise floor 1.427%, autocorrelation +0.329, resampled in blocks of 3
resolved: A is faster than B
  warning: the program holds 47 MB of live data, more than the caches of many machines; for data that size, where it lies in memory can shift the result by several points in ways the interval does not cover, and differently in the next process; run the comparison in several processes with the multiproc package

== str multi n=16384 valuesFor: ordered vs map-sets
A 77.6 per op, B 109.2 per op
difference +28.97% [+26.97%, +30.34%] at 95% confidence
noise floor 1.999%, autocorrelation +0.491, resampled in blocks of 3
resolved: A is faster than B
  warning: the program holds 47 MB of live data, more than the caches of many machines; for data that size, where it lies in memory can shift the result by several points in ways the interval does not cover, and differently in the next process; run the comparison in several processes with the multiproc package

== str multi n=16384 valuesBetween: ordered vs hashed
A 6436 per op, B 2.323e+05 per op
difference +97.23% [+96.76%, +97.43%] at 95% confidence
noise floor 2.099%, autocorrelation +0.265, resampled in blocks of 3
resolved: A is faster than B
  warning: the program holds 47 MB of live data, more than the caches of many machines; for data that size, where it lies in memory can shift the result by several points in ways the interval does not cover, and differently in the next process; run the comparison in several processes with the multiproc package
  warning: in 50% of A/A runs this setup reported a difference between identical code, well above the 10% expected; treat any confidence from it with suspicion

== str multi n=16384 valuesBetween: ordered vs btree-sets
A 3750 per op, B 8292 per op
difference +54.78% [+53.76%, +55.64%] at 95% confidence
noise floor 1.671%, autocorrelation +0.702, resampled in blocks of 3
resolved: A is faster than B
  warning: the program holds 47 MB of live data, more than the caches of many machines; for data that size, where it lies in memory can shift the result by several points in ways the interval does not cover, and differently in the next process; run the comparison in several processes with the multiproc package

== str multi n=16384 valuesBetween: ordered vs map-sets
A 6357 per op, B 2.237e+05 per op
difference +97.16% [+96.97%, +97.38%] at 95% confidence
noise floor 3.370%, autocorrelation -0.001
resolved: A is faster than B
  warning: the program holds 47 MB of live data, more than the caches of many machines; for data that size, where it lies in memory can shift the result by several points in ways the interval does not cover, and differently in the next process; run the comparison in several processes with the multiproc package
  warning: candidate A drifted during the run, shifting +12.49% from its first half to its second; the machine did not hold still
  warning: the ratio B/A shifted -14.52% from the first half of the run to the second, so the candidates had not reached a steady state and the difference depends on how long the run was; a common cause is a head start for whichever candidate ran alone last before the comparison or had its data built last, which a longer CollectOptions.WarmupDuration removes

== str multi n=16384 prefix: ordered vs hashed
A 3.771e+04 per op, B 2.559e+05 per op
difference +85.27% [+84.54%, +85.75%] at 95% confidence
noise floor 1.855%, autocorrelation +0.385, resampled in blocks of 3
resolved: A is faster than B
  warning: the program holds 47 MB of live data, more than the caches of many machines; for data that size, where it lies in memory can shift the result by several points in ways the interval does not cover, and differently in the next process; run the comparison in several processes with the multiproc package

== str multi n=16384 prefix: ordered vs btree-sets
A 3.519e+04 per op, B 8.056e+04 per op
difference +56.32% [+49.17%, +59.71%] at 95% confidence
noise floor 2.523%, autocorrelation +0.471, resampled in blocks of 3
resolved: A is faster than B
  warning: the program holds 47 MB of live data, more than the caches of many machines; for data that size, where it lies in memory can shift the result by several points in ways the interval does not cover, and differently in the next process; run the comparison in several processes with the multiproc package
  warning: candidate A drifted during the run, shifting -34.42% from its first half to its second; the machine did not hold still
  warning: candidate B drifted during the run, shifting -26.51% from its first half to its second; the machine did not hold still

== str multi n=16384 prefix: ordered vs map-sets
A 3.671e+04 per op, B 2.941e+05 per op
difference +87.52% [+86.55%, +87.73%] at 95% confidence
noise floor 1.952%, autocorrelation +0.789, resampled in blocks of 3
resolved: A is faster than B
  warning: the program holds 47 MB of live data, more than the caches of many machines; for data that size, where it lies in memory can shift the result by several points in ways the interval does not cover, and differently in the next process; run the comparison in several processes with the multiproc package
  warning: the ratio B/A shifted +5.48% from the first half of the run to the second, so the candidates had not reached a steady state and the difference depends on how long the run was; a common cause is a head start for whichever candidate ran alone last before the comparison or had its data built last, which a longer CollectOptions.WarmupDuration removes

== str multi n=16384 churn and build: ordered vs hashed
steady state, per insertion or deletion in a structure of 96659 elements (cycle of 193318 operations, first pass untimed):
  A 131.7 per op, B 85.62 per op
  difference -53.78% [-60.02%, -45.39%] at 95% confidence
  noise floor 1.388%, autocorrelation +0.010
  resolved: A is slower than B
    warning: the program holds 57 MB of live data, more than the caches of many machines; for data that size, where it lies in memory can shift the result by several points in ways the interval does not cover, and differently in the next process; run the comparison in several processes with the multiproc package
    warning: candidate A drifted during the run, shifting -11.67% from its first half to its second; the machine did not hold still
    warning: candidate B drifted during the run, shifting -11.02% from its first half to its second; the machine did not hold still

build from empty to 96659 elements, per whole build (289977 operations):
  A 3.524e+07 per op, B 2.423e+07 per op
  difference -45.44% [-48.64%, -43.61%] at 95% confidence
  noise floor 1.496%, autocorrelation +0.166
  resolved: A is slower than B
    warning: the program holds 48 MB of live data, more than the caches of many machines; for data that size, where it lies in memory can shift the result by several points in ways the interval does not cover, and differently in the next process; run the comparison in several processes with the multiproc package

== str multi n=16384 churn and build: ordered vs btree-sets
steady state, per insertion or deletion in a structure of 96659 elements (cycle of 193318 operations, first pass untimed):
  A 175.9 per op, B 419.6 per op
  difference +58.07% [+52.60%, +60.45%] at 95% confidence
  noise floor 2.234%, autocorrelation +0.628, resampled in blocks of 3
  resolved: A is faster than B
    warning: the program holds 60 MB of live data, more than the caches of many machines; for data that size, where it lies in memory can shift the result by several points in ways the interval does not cover, and differently in the next process; run the comparison in several processes with the multiproc package

build from empty to 96659 elements, per whole build (289977 operations):
  A 3.727e+07 per op, B 9.074e+07 per op
  difference +58.92% [+57.34%, +60.48%] at 95% confidence
  noise floor 2.223%, autocorrelation +0.050
  resolved: A is faster than B
    warning: the program holds 48 MB of live data, more than the caches of many machines; for data that size, where it lies in memory can shift the result by several points in ways the interval does not cover, and differently in the next process; run the comparison in several processes with the multiproc package
    warning: in 50% of A/A runs this setup reported a difference between identical code, well above the 10% expected; treat any confidence from it with suspicion

== str multi n=16384 churn and build: ordered vs map-sets
steady state, per insertion or deletion in a structure of 96659 elements (cycle of 193318 operations, first pass untimed):
  A 169.9 per op, B 161.2 per op
  difference -5.35% [-9.28%, -1.15%] at 95% confidence
  noise floor 1.927%, autocorrelation +0.434, resampled in blocks of 3
  resolved: A is slower than B
    warning: the program holds 60 MB of live data, more than the caches of many machines; for data that size, where it lies in memory can shift the result by several points in ways the interval does not cover, and differently in the next process; run the comparison in several processes with the multiproc package
    warning: candidate A drifted during the run, shifting -4.49% from its first half to its second; the machine did not hold still
    warning: candidate B drifted during the run, shifting -6.47% from its first half to its second; the machine did not hold still

build from empty to 96659 elements, per whole build (289977 operations):
  A 3.575e+07 per op, B 3.433e+07 per op
  difference -4.12% [-9.97%, -0.68%] at 95% confidence
  noise floor 2.634%, autocorrelation +0.005
  resolved: A is slower than B
    warning: the program holds 48 MB of live data, more than the caches of many machines; for data that size, where it lies in memory can shift the result by several points in ways the interval does not cover, and differently in the next process; run the comparison in several processes with the multiproc package
    warning: in 50% of A/A runs this setup reported a difference between identical code, well above the 10% expected; treat any confidence from it with suspicion

checksum 6758504810577981976
== str multi n=16384 valuesFor: ordered vs hashed
A 75.88 per op, B 47.23 per op
difference -60.65% [-64.17%, -58.45%] at 95% confidence
noise floor 0.957%, autocorrelation +0.145
resolved: A is slower than B
  warning: the program holds 50 MB of live data, more than the caches of many machines; for data that size, where it lies in memory can shift the result by several points in ways the interval does not cover, and differently in the next process; run the comparison in several processes with the multiproc package

== str multi n=16384 valuesFor: ordered vs btree-sets
A 101.8 per op, B 305 per op
difference +66.63% [+65.93%, +67.24%] at 95% confidence
noise floor 5.654%, autocorrelation +0.462, resampled in blocks of 3
resolved: A is faster than B
  warning: the program holds 50 MB of live data, more than the caches of many machines; for data that size, where it lies in memory can shift the result by several points in ways the interval does not cover, and differently in the next process; run the comparison in several processes with the multiproc package

== str multi n=16384 valuesFor: ordered vs map-sets
A 78.85 per op, B 110.5 per op
difference +28.62% [+27.48%, +31.13%] at 95% confidence
noise floor 0.933%, autocorrelation +0.764, resampled in blocks of 3
resolved: A is faster than B
  warning: the program holds 50 MB of live data, more than the caches of many machines; for data that size, where it lies in memory can shift the result by several points in ways the interval does not cover, and differently in the next process; run the comparison in several processes with the multiproc package

== str multi n=16384 valuesBetween: ordered vs hashed
A 5926 per op, B 2.316e+05 per op
difference +97.44% [+97.18%, +97.70%] at 95% confidence
noise floor 5.593%, autocorrelation +0.280, resampled in blocks of 3
resolved: A is faster than B
  warning: the program holds 50 MB of live data, more than the caches of many machines; for data that size, where it lies in memory can shift the result by several points in ways the interval does not cover, and differently in the next process; run the comparison in several processes with the multiproc package

== str multi n=16384 valuesBetween: ordered vs btree-sets
A 3806 per op, B 8217 per op
difference +53.68% [+52.99%, +54.80%] at 95% confidence
noise floor 2.292%, autocorrelation +0.582, resampled in blocks of 3
resolved: A is faster than B
  warning: the program holds 50 MB of live data, more than the caches of many machines; for data that size, where it lies in memory can shift the result by several points in ways the interval does not cover, and differently in the next process; run the comparison in several processes with the multiproc package

== str multi n=16384 valuesBetween: ordered vs map-sets
A 6429 per op, B 2.239e+05 per op
difference +97.13% [+96.68%, +97.44%] at 95% confidence
noise floor 2.576%, autocorrelation +0.131
resolved: A is faster than B
  warning: the program holds 50 MB of live data, more than the caches of many machines; for data that size, where it lies in memory can shift the result by several points in ways the interval does not cover, and differently in the next process; run the comparison in several processes with the multiproc package

== str multi n=16384 prefix: ordered vs hashed
A 3.641e+04 per op, B 2.561e+05 per op
difference +85.78% [+85.47%, +86.29%] at 95% confidence
noise floor 1.881%, autocorrelation +0.345, resampled in blocks of 3
resolved: A is faster than B
  warning: the program holds 50 MB of live data, more than the caches of many machines; for data that size, where it lies in memory can shift the result by several points in ways the interval does not cover, and differently in the next process; run the comparison in several processes with the multiproc package

== str multi n=16384 prefix: ordered vs btree-sets
A 3.465e+04 per op, B 8.052e+04 per op
difference +56.96% [+55.19%, +57.66%] at 95% confidence
noise floor 0.918%, autocorrelation +0.857, resampled in blocks of 3
resolved: A is faster than B
  warning: the program holds 50 MB of live data, more than the caches of many machines; for data that size, where it lies in memory can shift the result by several points in ways the interval does not cover, and differently in the next process; run the comparison in several processes with the multiproc package

== str multi n=16384 prefix: ordered vs map-sets
A 3.706e+04 per op, B 2.957e+05 per op
difference +87.47% [+87.02%, +87.81%] at 95% confidence
noise floor 0.835%, autocorrelation +0.364, resampled in blocks of 3
resolved: A is faster than B
  warning: the program holds 50 MB of live data, more than the caches of many machines; for data that size, where it lies in memory can shift the result by several points in ways the interval does not cover, and differently in the next process; run the comparison in several processes with the multiproc package
  warning: candidate A drifted during the run, shifting -4.96% from its first half to its second; the machine did not hold still
  warning: the ratio B/A shifted +5.14% from the first half of the run to the second, so the candidates had not reached a steady state and the difference depends on how long the run was; a common cause is a head start for whichever candidate ran alone last before the comparison or had its data built last, which a longer CollectOptions.WarmupDuration removes

== str multi n=16384 churn and build: ordered vs hashed
steady state, per insertion or deletion in a structure of 96659 elements (cycle of 193318 operations, first pass untimed):
  A 130.5 per op, B 84.47 per op
  difference -54.51% [-67.29%, -44.84%] at 95% confidence
  noise floor 2.507%, autocorrelation +0.373, resampled in blocks of 3
  resolved: A is slower than B
    warning: the program holds 61 MB of live data, more than the caches of many machines; for data that size, where it lies in memory can shift the result by several points in ways the interval does not cover, and differently in the next process; run the comparison in several processes with the multiproc package
    warning: in 50% of A/A runs this setup reported a difference between identical code, well above the 10% expected; treat any confidence from it with suspicion

build from empty to 96659 elements, per whole build (289977 operations):
  A 3.46e+07 per op, B 2.414e+07 per op
  difference -43.33% [-48.21%, -40.48%] at 95% confidence
  noise floor 0.599%, autocorrelation +0.086
  resolved: A is slower than B
    warning: the program holds 52 MB of live data, more than the caches of many machines; for data that size, where it lies in memory can shift the result by several points in ways the interval does not cover, and differently in the next process; run the comparison in several processes with the multiproc package

== str multi n=16384 churn and build: ordered vs btree-sets
steady state, per insertion or deletion in a structure of 96659 elements (cycle of 193318 operations, first pass untimed):
  A 149.2 per op, B 334.2 per op
  difference +55.37% [+53.50%, +57.01%] at 95% confidence
  noise floor 1.636%, autocorrelation +0.308, resampled in blocks of 3
  resolved: A is faster than B
    warning: the program holds 64 MB of live data, more than the caches of many machines; for data that size, where it lies in memory can shift the result by several points in ways the interval does not cover, and differently in the next process; run the comparison in several processes with the multiproc package
    warning: candidate B drifted during the run, shifting +2.36% from its first half to its second; the machine did not hold still

build from empty to 96659 elements, per whole build (289977 operations):
  A 3.657e+07 per op, B 9.371e+07 per op
  difference +60.98% [+58.99%, +61.46%] at 95% confidence
  noise floor 1.765%, autocorrelation +0.116
  resolved: A is faster than B
    warning: the program holds 52 MB of live data, more than the caches of many machines; for data that size, where it lies in memory can shift the result by several points in ways the interval does not cover, and differently in the next process; run the comparison in several processes with the multiproc package

== str multi n=16384 churn and build: ordered vs map-sets
steady state, per insertion or deletion in a structure of 96659 elements (cycle of 193318 operations, first pass untimed):
  A 169 per op, B 160.9 per op
  difference -5.00% [-25.89%, +13.00%] at 95% confidence
  noise floor 5.150%, autocorrelation +0.361, resampled in blocks of 3
  not resolved: this run did not establish a difference
    warning: the difference of -5.00% does not clear the 5.15% noise floor, which is what this setup reports between two runs of identical code
    warning: the interval [-25.89%, 13.00%] includes zero, so a difference in either direction is consistent with these measurements
    warning: the program holds 64 MB of live data, more than the caches of many machines; for data that size, where it lies in memory can shift the result by several points in ways the interval does not cover, and differently in the next process; run the comparison in several processes with the multiproc package

build from empty to 96659 elements, per whole build (289977 operations):
  A 3.462e+07 per op, B 3.179e+07 per op
  difference -8.93% [-13.14%, -4.18%] at 95% confidence
  noise floor 1.986%, autocorrelation +0.028
  resolved: A is slower than B
    warning: the program holds 52 MB of live data, more than the caches of many machines; for data that size, where it lies in memory can shift the result by several points in ways the interval does not cover, and differently in the next process; run the comparison in several processes with the multiproc package

checksum 2206659209559802073
== str multi n=16384 valuesFor: ordered vs hashed
A 75.51 per op, B 47.23 per op
difference -59.87% [-61.97%, -57.44%] at 95% confidence
noise floor 1.313%, autocorrelation -0.031
resolved: A is slower than B
  warning: the program holds 54 MB of live data, more than the caches of many machines; for data that size, where it lies in memory can shift the result by several points in ways the interval does not cover, and differently in the next process; run the comparison in several processes with the multiproc package

== str multi n=16384 valuesFor: ordered vs btree-sets
A 78.52 per op, B 223.8 per op
difference +64.91% [+64.08%, +65.59%] at 95% confidence
noise floor 1.196%, autocorrelation +0.059
resolved: A is faster than B
  warning: the program holds 55 MB of live data, more than the caches of many machines; for data that size, where it lies in memory can shift the result by several points in ways the interval does not cover, and differently in the next process; run the comparison in several processes with the multiproc package

== str multi n=16384 valuesFor: ordered vs map-sets
A 75.15 per op, B 104.5 per op
difference +28.07% [+26.62%, +29.54%] at 95% confidence
noise floor 1.324%, autocorrelation -0.324
resolved: A is faster than B
  warning: the program holds 55 MB of live data, more than the caches of many machines; for data that size, where it lies in memory can shift the result by several points in ways the interval does not cover, and differently in the next process; run the comparison in several processes with the multiproc package

== str multi n=16384 valuesBetween: ordered vs hashed
A 4901 per op, B 2.306e+05 per op
difference +97.87% [+97.54%, +98.04%] at 95% confidence
noise floor 1.133%, autocorrelation +0.430, resampled in blocks of 3
resolved: A is faster than B
  warning: the program holds 55 MB of live data, more than the caches of many machines; for data that size, where it lies in memory can shift the result by several points in ways the interval does not cover, and differently in the next process; run the comparison in several processes with the multiproc package
  warning: candidate A drifted during the run, shifting -23.57% from its first half to its second; the machine did not hold still
  warning: candidate B drifted during the run, shifting -1.18% from its first half to its second; the machine did not hold still
  warning: the ratio B/A shifted +20.57% from the first half of the run to the second, so the candidates had not reached a steady state and the difference depends on how long the run was; a common cause is a head start for whichever candidate ran alone last before the comparison or had its data built last, which a longer CollectOptions.WarmupDuration removes

== str multi n=16384 valuesBetween: ordered vs btree-sets
A 3698 per op, B 8107 per op
difference +54.39% [+53.26%, +55.38%] at 95% confidence
noise floor 1.196%, autocorrelation -0.015
resolved: A is faster than B
  warning: the program holds 55 MB of live data, more than the caches of many machines; for data that size, where it lies in memory can shift the result by several points in ways the interval does not cover, and differently in the next process; run the comparison in several processes with the multiproc package

== str multi n=16384 valuesBetween: ordered vs map-sets
A 5160 per op, B 2.213e+05 per op
difference +97.67% [+97.29%, +97.93%] at 95% confidence
noise floor 2.955%, autocorrelation +0.360, resampled in blocks of 3
resolved: A is faster than B
  warning: the program holds 55 MB of live data, more than the caches of many machines; for data that size, where it lies in memory can shift the result by several points in ways the interval does not cover, and differently in the next process; run the comparison in several processes with the multiproc package
  warning: candidate A drifted during the run, shifting -27.26% from its first half to its second; the machine did not hold still
  warning: the ratio B/A shifted +28.65% from the first half of the run to the second, so the candidates had not reached a steady state and the difference depends on how long the run was; a common cause is a head start for whichever candidate ran alone last before the comparison or had its data built last, which a longer CollectOptions.WarmupDuration removes

== str multi n=16384 prefix: ordered vs hashed
A 3.65e+04 per op, B 2.543e+05 per op
difference +85.65% [+85.34%, +85.92%] at 95% confidence
noise floor 2.723%, autocorrelation +0.011
resolved: A is faster than B
  warning: the program holds 55 MB of live data, more than the caches of many machines; for data that size, where it lies in memory can shift the result by several points in ways the interval does not cover, and differently in the next process; run the comparison in several processes with the multiproc package
  warning: candidate A drifted during the run, shifting -4.29% from its first half to its second; the machine did not hold still
  warning: the ratio B/A shifted +5.16% from the first half of the run to the second, so the candidates had not reached a steady state and the difference depends on how long the run was; a common cause is a head start for whichever candidate ran alone last before the comparison or had its data built last, which a longer CollectOptions.WarmupDuration removes
  warning: in 50% of A/A runs this setup reported a difference between identical code, well above the 10% expected; treat any confidence from it with suspicion

== str multi n=16384 prefix: ordered vs btree-sets
A 3.413e+04 per op, B 7.892e+04 per op
difference +56.75% [+55.63%, +58.09%] at 95% confidence
noise floor 1.272%, autocorrelation -0.137
resolved: A is faster than B
  warning: the program holds 55 MB of live data, more than the caches of many machines; for data that size, where it lies in memory can shift the result by several points in ways the interval does not cover, and differently in the next process; run the comparison in several processes with the multiproc package
  warning: in 50% of A/A runs this setup reported a difference between identical code, well above the 10% expected; treat any confidence from it with suspicion

== str multi n=16384 prefix: ordered vs map-sets
A 3.538e+04 per op, B 2.936e+05 per op
difference +87.95% [+87.42%, +88.26%] at 95% confidence
noise floor 2.403%, autocorrelation +0.132
resolved: A is faster than B
  warning: the program holds 55 MB of live data, more than the caches of many machines; for data that size, where it lies in memory can shift the result by several points in ways the interval does not cover, and differently in the next process; run the comparison in several processes with the multiproc package
  warning: candidate A drifted during the run, shifting -5.14% from its first half to its second; the machine did not hold still
  warning: candidate B drifted during the run, shifting -3.85% from its first half to its second; the machine did not hold still

== str multi n=16384 churn and build: ordered vs hashed
steady state, per insertion or deletion in a structure of 96659 elements (cycle of 193318 operations, first pass untimed):
  A 116.2 per op, B 77.32 per op
  difference -50.30% [-52.68%, -46.73%] at 95% confidence
  noise floor 2.684%, autocorrelation +0.312, resampled in blocks of 3
  resolved: A is slower than B
    warning: the program holds 65 MB of live data, more than the caches of many machines; for data that size, where it lies in memory can shift the result by several points in ways the interval does not cover, and differently in the next process; run the comparison in several processes with the multiproc package

build from empty to 96659 elements, per whole build (289977 operations):
  A 3.319e+07 per op, B 2.294e+07 per op
  difference -44.66% [-48.02%, -42.06%] at 95% confidence
  noise floor 1.382%, autocorrelation +0.083
  resolved: A is slower than B
    warning: the program holds 57 MB of live data, more than the caches of many machines; for data that size, where it lies in memory can shift the result by several points in ways the interval does not cover, and differently in the next process; run the comparison in several processes with the multiproc package

== str multi n=16384 churn and build: ordered vs btree-sets
steady state, per insertion or deletion in a structure of 96659 elements (cycle of 193318 operations, first pass untimed):
  A 122.2 per op, B 291.7 per op
  difference +58.09% [+56.97%, +58.85%] at 95% confidence
  noise floor 1.727%, autocorrelation +0.303, resampled in blocks of 3
  resolved: A is faster than B
    warning: the program holds 68 MB of live data, more than the caches of many machines; for data that size, where it lies in memory can shift the result by several points in ways the interval does not cover, and differently in the next process; run the comparison in several processes with the multiproc package

build from empty to 96659 elements, per whole build (289977 operations):
  A 3.377e+07 per op, B 8.319e+07 per op
  difference +59.41% [+57.86%, +60.10%] at 95% confidence
  noise floor 2.247%, autocorrelation +0.052
  resolved: A is faster than B
    warning: the program holds 57 MB of live data, more than the caches of many machines; for data that size, where it lies in memory can shift the result by several points in ways the interval does not cover, and differently in the next process; run the comparison in several processes with the multiproc package

== str multi n=16384 churn and build: ordered vs map-sets
steady state, per insertion or deletion in a structure of 96659 elements (cycle of 193318 operations, first pass untimed):
  A 121.4 per op, B 102 per op
  difference -19.02% [-27.37%, -12.29%] at 95% confidence
  noise floor 2.957%, autocorrelation +0.395, resampled in blocks of 3
  resolved: A is slower than B
    warning: the program holds 69 MB of live data, more than the caches of many machines; for data that size, where it lies in memory can shift the result by several points in ways the interval does not cover, and differently in the next process; run the comparison in several processes with the multiproc package
    warning: candidate B drifted during the run, shifting -9.80% from its first half to its second; the machine did not hold still

build from empty to 96659 elements, per whole build (289977 operations):
  A 3.411e+07 per op, B 3.085e+07 per op
  difference -10.59% [-13.11%, -6.46%] at 95% confidence
  noise floor 2.160%, autocorrelation +0.008
  resolved: A is slower than B
    warning: the program holds 57 MB of live data, more than the caches of many machines; for data that size, where it lies in memory can shift the result by several points in ways the interval does not cover, and differently in the next process; run the comparison in several processes with the multiproc package

checksum 5058024018314866587
== str multi n=16384 valuesFor: ordered vs hashed
A 76.02 per op, B 46.53 per op
difference -63.37% [-65.59%, -59.08%] at 95% confidence
noise floor 2.895%, autocorrelation +0.691, resampled in blocks of 3
resolved: A is slower than B
  warning: the program holds 58 MB of live data, more than the caches of many machines; for data that size, where it lies in memory can shift the result by several points in ways the interval does not cover, and differently in the next process; run the comparison in several processes with the multiproc package

== str multi n=16384 valuesFor: ordered vs btree-sets
A 76.48 per op, B 224.9 per op
difference +65.99% [+65.34%, +66.81%] at 95% confidence
noise floor 0.970%, autocorrelation -0.116
resolved: A is faster than B
  warning: the program holds 52 MB of live data, more than the caches of many machines; for data that size, where it lies in memory can shift the result by several points in ways the interval does not cover, and differently in the next process; run the comparison in several processes with the multiproc package

== str multi n=16384 valuesFor: ordered vs map-sets
A 76.44 per op, B 108.8 per op
difference +29.74% [+28.07%, +31.20%] at 95% confidence
noise floor 0.955%, autocorrelation +0.031
resolved: A is faster than B
  warning: the program holds 52 MB of live data, more than the caches of many machines; for data that size, where it lies in memory can shift the result by several points in ways the interval does not cover, and differently in the next process; run the comparison in several processes with the multiproc package

== str multi n=16384 valuesBetween: ordered vs hashed
A 5989 per op, B 2.328e+05 per op
difference +97.43% [+97.27%, +97.72%] at 95% confidence
noise floor 2.798%, autocorrelation +0.173
resolved: A is faster than B
  warning: the program holds 52 MB of live data, more than the caches of many machines; for data that size, where it lies in memory can shift the result by several points in ways the interval does not cover, and differently in the next process; run the comparison in several processes with the multiproc package

== str multi n=16384 valuesBetween: ordered vs btree-sets
A 3753 per op, B 8215 per op
difference +54.31% [+53.64%, +54.84%] at 95% confidence
noise floor 4.418%, autocorrelation +0.353, resampled in blocks of 3
resolved: A is faster than B
  warning: the program holds 52 MB of live data, more than the caches of many machines; for data that size, where it lies in memory can shift the result by several points in ways the interval does not cover, and differently in the next process; run the comparison in several processes with the multiproc package
  warning: in 50% of A/A runs this setup reported a difference between identical code, well above the 10% expected; treat any confidence from it with suspicion

== str multi n=16384 valuesBetween: ordered vs map-sets
A 6056 per op, B 2.247e+05 per op
difference +97.30% [+97.01%, +97.45%] at 95% confidence
noise floor 5.405%, autocorrelation +0.166
resolved: A is faster than B
  warning: the program holds 52 MB of live data, more than the caches of many machines; for data that size, where it lies in memory can shift the result by several points in ways the interval does not cover, and differently in the next process; run the comparison in several processes with the multiproc package

== str multi n=16384 prefix: ordered vs hashed
A 3.707e+04 per op, B 2.552e+05 per op
difference +85.47% [+85.22%, +85.95%] at 95% confidence
noise floor 2.434%, autocorrelation +0.155
resolved: A is faster than B
  warning: the program holds 52 MB of live data, more than the caches of many machines; for data that size, where it lies in memory can shift the result by several points in ways the interval does not cover, and differently in the next process; run the comparison in several processes with the multiproc package

== str multi n=16384 prefix: ordered vs btree-sets
A 3.648e+04 per op, B 8.149e+04 per op
difference +55.23% [+54.45%, +56.46%] at 95% confidence
noise floor 1.405%, autocorrelation +0.180
resolved: A is faster than B
  warning: the program holds 52 MB of live data, more than the caches of many machines; for data that size, where it lies in memory can shift the result by several points in ways the interval does not cover, and differently in the next process; run the comparison in several processes with the multiproc package

== str multi n=16384 prefix: ordered vs map-sets
A 3.796e+04 per op, B 3.013e+05 per op
difference +87.40% [+87.06%, +87.89%] at 95% confidence
noise floor 1.579%, autocorrelation +0.400, resampled in blocks of 3
resolved: A is faster than B
  warning: the program holds 52 MB of live data, more than the caches of many machines; for data that size, where it lies in memory can shift the result by several points in ways the interval does not cover, and differently in the next process; run the comparison in several processes with the multiproc package

== str multi n=16384 churn and build: ordered vs hashed
steady state, per insertion or deletion in a structure of 96659 elements (cycle of 193318 operations, first pass untimed):
  A 125.4 per op, B 86.64 per op
  difference -44.68% [-54.99%, -40.14%] at 95% confidence
  noise floor 2.805%, autocorrelation +0.421, resampled in blocks of 3
  resolved: A is slower than B
    warning: the program holds 62 MB of live data, more than the caches of many machines; for data that size, where it lies in memory can shift the result by several points in ways the interval does not cover, and differently in the next process; run the comparison in several processes with the multiproc package

build from empty to 96659 elements, per whole build (289977 operations):
  A 3.617e+07 per op, B 2.477e+07 per op
  difference -46.05% [-48.33%, -42.34%] at 95% confidence
  noise floor 0.439%, autocorrelation +0.079
  resolved: A is slower than B
    warning: the program holds 54 MB of live data, more than the caches of many machines; for data that size, where it lies in memory can shift the result by several points in ways the interval does not cover, and differently in the next process; run the comparison in several processes with the multiproc package

== str multi n=16384 churn and build: ordered vs btree-sets
steady state, per insertion or deletion in a structure of 96659 elements (cycle of 193318 operations, first pass untimed):
  A 154 per op, B 340.9 per op
  difference +54.83% [+53.36%, +56.47%] at 95% confidence
  noise floor 2.896%, autocorrelation +0.763, resampled in blocks of 3
  resolved: A is faster than B
    warning: the program holds 64 MB of live data, more than the caches of many machines; for data that size, where it lies in memory can shift the result by several points in ways the interval does not cover, and differently in the next process; run the comparison in several processes with the multiproc package
    warning: candidate B drifted during the run, shifting +6.05% from its first half to its second; the machine did not hold still

build from empty to 96659 elements, per whole build (289977 operations):
  A 3.679e+07 per op, B 9.088e+07 per op
  difference +59.52% [+58.12%, +60.64%] at 95% confidence
  noise floor 0.490%, autocorrelation +0.173
  resolved: A is faster than B
    warning: the program holds 54 MB of live data, more than the caches of many machines; for data that size, where it lies in memory can shift the result by several points in ways the interval does not cover, and differently in the next process; run the comparison in several processes with the multiproc package

== str multi n=16384 churn and build: ordered vs map-sets
steady state, per insertion or deletion in a structure of 96659 elements (cycle of 193318 operations, first pass untimed):
  A 124.6 per op, B 111.5 per op
  difference -11.73% [-18.34%, -5.93%] at 95% confidence
  noise floor 1.431%, autocorrelation +0.577, resampled in blocks of 3
  resolved: A is slower than B
    warning: the program holds 66 MB of live data, more than the caches of many machines; for data that size, where it lies in memory can shift the result by several points in ways the interval does not cover, and differently in the next process; run the comparison in several processes with the multiproc package

build from empty to 96659 elements, per whole build (289977 operations):
  A 3.666e+07 per op, B 3.505e+07 per op
  difference -4.60% [-6.78%, -1.16%] at 95% confidence
  noise floor 0.884%, autocorrelation -0.196
  resolved: A is slower than B
    warning: the program holds 54 MB of live data, more than the caches of many machines; for data that size, where it lies in memory can shift the result by several points in ways the interval does not cover, and differently in the next process; run the comparison in several processes with the multiproc package

checksum 3623093449632922324
== str multi n=16384 valuesFor: ordered vs hashed
A 77.51 per op, B 47.79 per op
difference -62.18% [-63.54%, -59.11%] at 95% confidence
noise floor 0.896%, autocorrelation +0.738, resampled in blocks of 3
resolved: A is slower than B
  warning: the program holds 57 MB of live data, more than the caches of many machines; for data that size, where it lies in memory can shift the result by several points in ways the interval does not cover, and differently in the next process; run the comparison in several processes with the multiproc package

== str multi n=16384 valuesFor: ordered vs btree-sets
A 78.42 per op, B 229.7 per op
difference +65.86% [+65.52%, +66.23%] at 95% confidence
noise floor 1.698%, autocorrelation +0.534, resampled in blocks of 3
resolved: A is faster than B
  warning: the program holds 57 MB of live data, more than the caches of many machines; for data that size, where it lies in memory can shift the result by several points in ways the interval does not cover, and differently in the next process; run the comparison in several processes with the multiproc package

== str multi n=16384 valuesFor: ordered vs map-sets
A 79.62 per op, B 111.9 per op
difference +28.83% [+26.80%, +30.67%] at 95% confidence
noise floor 1.868%, autocorrelation +0.619, resampled in blocks of 3
resolved: A is faster than B
  warning: the program holds 57 MB of live data, more than the caches of many machines; for data that size, where it lies in memory can shift the result by several points in ways the interval does not cover, and differently in the next process; run the comparison in several processes with the multiproc package

== str multi n=16384 valuesBetween: ordered vs hashed
A 6117 per op, B 2.325e+05 per op
difference +97.37% [+97.19%, +97.66%] at 95% confidence
noise floor 4.541%, autocorrelation +0.153
resolved: A is faster than B
  warning: the program holds 57 MB of live data, more than the caches of many machines; for data that size, where it lies in memory can shift the result by several points in ways the interval does not cover, and differently in the next process; run the comparison in several processes with the multiproc package
  warning: in 50% of A/A runs this setup reported a difference between identical code, well above the 10% expected; treat any confidence from it with suspicion

== str multi n=16384 valuesBetween: ordered vs btree-sets
A 3791 per op, B 8245 per op
difference +54.02% [+53.55%, +55.14%] at 95% confidence
noise floor 1.722%, autocorrelation +0.264, resampled in blocks of 3
resolved: A is faster than B
  warning: the program holds 57 MB of live data, more than the caches of many machines; for data that size, where it lies in memory can shift the result by several points in ways the interval does not cover, and differently in the next process; run the comparison in several processes with the multiproc package

== str multi n=16384 valuesBetween: ordered vs map-sets
A 6180 per op, B 2.229e+05 per op
difference +97.23% [+96.97%, +97.33%] at 95% confidence
noise floor 2.966%, autocorrelation +0.256, resampled in blocks of 3
resolved: A is faster than B
  warning: the program holds 57 MB of live data, more than the caches of many machines; for data that size, where it lies in memory can shift the result by several points in ways the interval does not cover, and differently in the next process; run the comparison in several processes with the multiproc package

== str multi n=16384 prefix: ordered vs hashed
A 3.827e+04 per op, B 2.568e+05 per op
difference +85.10% [+84.46%, +85.69%] at 95% confidence
noise floor 3.326%, autocorrelation +0.541, resampled in blocks of 3
resolved: A is faster than B
  warning: the program holds 57 MB of live data, more than the caches of many machines; for data that size, where it lies in memory can shift the result by several points in ways the interval does not cover, and differently in the next process; run the comparison in several processes with the multiproc package
  warning: the ratio B/A shifted -5.32% from the first half of the run to the second, so the candidates had not reached a steady state and the difference depends on how long the run was; a common cause is a head start for whichever candidate ran alone last before the comparison or had its data built last, which a longer CollectOptions.WarmupDuration removes

== str multi n=16384 prefix: ordered vs btree-sets
A 3.679e+04 per op, B 8.201e+04 per op
difference +55.14% [+53.76%, +56.47%] at 95% confidence
noise floor 2.822%, autocorrelation +0.363, resampled in blocks of 3
resolved: A is faster than B
  warning: the program holds 57 MB of live data, more than the caches of many machines; for data that size, where it lies in memory can shift the result by several points in ways the interval does not cover, and differently in the next process; run the comparison in several processes with the multiproc package

== str multi n=16384 prefix: ordered vs map-sets
A 3.769e+04 per op, B 2.991e+05 per op
difference +87.40% [+87.11%, +88.06%] at 95% confidence
noise floor 1.969%, autocorrelation +0.524, resampled in blocks of 3
resolved: A is faster than B
  warning: the program holds 57 MB of live data, more than the caches of many machines; for data that size, where it lies in memory can shift the result by several points in ways the interval does not cover, and differently in the next process; run the comparison in several processes with the multiproc package

== str multi n=16384 churn and build: ordered vs hashed
steady state, per insertion or deletion in a structure of 96659 elements (cycle of 193318 operations, first pass untimed):
  A 137.7 per op, B 94.28 per op
  difference -46.10% [-66.35%, -32.27%] at 95% confidence
  noise floor 2.120%, autocorrelation +0.296, resampled in blocks of 3
  resolved: A is slower than B
    warning: the program holds 67 MB of live data, more than the caches of many machines; for data that size, where it lies in memory can shift the result by several points in ways the interval does not cover, and differently in the next process; run the comparison in several processes with the multiproc package
    warning: candidate B drifted during the run, shifting +20.15% from its first half to its second; the machine did not hold still

build from empty to 96659 elements, per whole build (289977 operations):
  A 3.536e+07 per op, B 2.448e+07 per op
  difference -44.43% [-47.75%, -42.38%] at 95% confidence
  noise floor 1.347%, autocorrelation -0.107
  resolved: A is slower than B
    warning: the program holds 59 MB of live data, more than the caches of many machines; for data that size, where it lies in memory can shift the result by several points in ways the interval does not cover, and differently in the next process; run the comparison in several processes with the multiproc package

== str multi n=16384 churn and build: ordered vs btree-sets
steady state, per insertion or deletion in a structure of 96659 elements (cycle of 193318 operations, first pass untimed):
  A 153.6 per op, B 336.4 per op
  difference +54.34% [+53.74%, +55.47%] at 95% confidence
  noise floor 1.512%, autocorrelation +0.383, resampled in blocks of 3
  resolved: A is faster than B
    warning: the program holds 70 MB of live data, more than the caches of many machines; for data that size, where it lies in memory can shift the result by several points in ways the interval does not cover, and differently in the next process; run the comparison in several processes with the multiproc package
    warning: candidate B drifted during the run, shifting +3.27% from its first half to its second; the machine did not hold still

build from empty to 96659 elements, per whole build (289977 operations):
  A 3.59e+07 per op, B 8.993e+07 per op
  difference +60.08% [+58.99%, +60.90%] at 95% confidence
  noise floor 2.217%, autocorrelation +0.177
  resolved: A is faster than B
    warning: the program holds 59 MB of live data, more than the caches of many machines; for data that size, where it lies in memory can shift the result by several points in ways the interval does not cover, and differently in the next process; run the comparison in several processes with the multiproc package

== str multi n=16384 churn and build: ordered vs map-sets
steady state, per insertion or deletion in a structure of 96659 elements (cycle of 193318 operations, first pass untimed):
  A 132.9 per op, B 121.7 per op
  difference -9.22% [-13.21%, -5.41%] at 95% confidence
  noise floor 2.956%, autocorrelation +0.575, resampled in blocks of 3
  resolved: A is slower than B
    warning: the program holds 70 MB of live data, more than the caches of many machines; for data that size, where it lies in memory can shift the result by several points in ways the interval does not cover, and differently in the next process; run the comparison in several processes with the multiproc package

build from empty to 96659 elements, per whole build (289977 operations):
  A 3.616e+07 per op, B 3.362e+07 per op
  difference -7.55% [-12.03%, -3.48%] at 95% confidence
  noise floor 1.752%, autocorrelation -0.057
  resolved: A is slower than B
    warning: the program holds 59 MB of live data, more than the caches of many machines; for data that size, where it lies in memory can shift the result by several points in ways the interval does not cover, and differently in the next process; run the comparison in several processes with the multiproc package

checksum 6375533668573644541
== str multi n=16384 valuesFor: ordered vs hashed
A 77.65 per op, B 48.35 per op
difference -60.59% [-63.36%, -58.00%] at 95% confidence
noise floor 1.058%, autocorrelation +0.777, resampled in blocks of 3
resolved: A is slower than B
  warning: the program holds 52 MB of live data, more than the caches of many machines; for data that size, where it lies in memory can shift the result by several points in ways the interval does not cover, and differently in the next process; run the comparison in several processes with the multiproc package

== str multi n=16384 valuesFor: ordered vs btree-sets
A 85.69 per op, B 240.1 per op
difference +64.31% [+58.61%, +69.02%] at 95% confidence
noise floor 0.741%, autocorrelation +0.091
resolved: A is faster than B
  warning: the program holds 52 MB of live data, more than the caches of many machines; for data that size, where it lies in memory can shift the result by several points in ways the interval does not cover, and differently in the next process; run the comparison in several processes with the multiproc package
  warning: candidate A drifted during the run, shifting -20.76% from its first half to its second; the machine did not hold still
  warning: candidate B drifted during the run, shifting -24.80% from its first half to its second; the machine did not hold still

== str multi n=16384 valuesFor: ordered vs map-sets
A 78.41 per op, B 110.1 per op
difference +28.76% [+27.13%, +29.81%] at 95% confidence
noise floor 2.933%, autocorrelation +0.521, resampled in blocks of 3
resolved: A is faster than B
  warning: the program holds 52 MB of live data, more than the caches of many machines; for data that size, where it lies in memory can shift the result by several points in ways the interval does not cover, and differently in the next process; run the comparison in several processes with the multiproc package

== str multi n=16384 valuesBetween: ordered vs hashed
A 6978 per op, B 2.342e+05 per op
difference +97.02% [+96.81%, +97.63%] at 95% confidence
noise floor 2.309%, autocorrelation +0.199
resolved: A is faster than B
  warning: the program holds 52 MB of live data, more than the caches of many machines; for data that size, where it lies in memory can shift the result by several points in ways the interval does not cover, and differently in the next process; run the comparison in several processes with the multiproc package
  warning: candidate A drifted during the run, shifting +33.51% from its first half to its second; the machine did not hold still
  warning: the ratio B/A shifted -22.10% from the first half of the run to the second, so the candidates had not reached a steady state and the difference depends on how long the run was; a common cause is a head start for whichever candidate ran alone last before the comparison or had its data built last, which a longer CollectOptions.WarmupDuration removes
  warning: in 50% of A/A runs this setup reported a difference between identical code, well above the 10% expected; treat any confidence from it with suspicion

== str multi n=16384 valuesBetween: ordered vs btree-sets
A 3846 per op, B 8229 per op
difference +53.27% [+52.47%, +54.54%] at 95% confidence
noise floor 0.601%, autocorrelation +0.171
resolved: A is faster than B
  warning: the program holds 52 MB of live data, more than the caches of many machines; for data that size, where it lies in memory can shift the result by several points in ways the interval does not cover, and differently in the next process; run the comparison in several processes with the multiproc package

== str multi n=16384 valuesBetween: ordered vs map-sets
A 7319 per op, B 2.258e+05 per op
difference +96.76% [+96.66%, +97.23%] at 95% confidence
noise floor 12.051%, autocorrelation +0.374, resampled in blocks of 3
resolved: A is faster than B
  warning: the program holds 52 MB of live data, more than the caches of many machines; for data that size, where it lies in memory can shift the result by several points in ways the interval does not cover, and differently in the next process; run the comparison in several processes with the multiproc package
  warning: in 50% of A/A runs this setup reported a difference between identical code, well above the 10% expected; treat any confidence from it with suspicion

== str multi n=16384 prefix: ordered vs hashed
A 4.067e+04 per op, B 2.627e+05 per op
difference +84.52% [+82.79%, +85.68%] at 95% confidence
noise floor 2.600%, autocorrelation +0.430, resampled in blocks of 3
resolved: A is faster than B
  warning: the program holds 52 MB of live data, more than the caches of many machines; for data that size, where it lies in memory can shift the result by several points in ways the interval does not cover, and differently in the next process; run the comparison in several processes with the multiproc package
  warning: the ratio B/A shifted -9.85% from the first half of the run to the second, so the candidates had not reached a steady state and the difference depends on how long the run was; a common cause is a head start for whichever candidate ran alone last before the comparison or had its data built last, which a longer CollectOptions.WarmupDuration removes

== str multi n=16384 prefix: ordered vs btree-sets
A 3.546e+04 per op, B 8.155e+04 per op
difference +56.52% [+54.65%, +57.41%] at 95% confidence
noise floor 4.931%, autocorrelation +0.788, resampled in blocks of 3
resolved: A is faster than B
  warning: the program holds 52 MB of live data, more than the caches of many machines; for data that size, where it lies in memory can shift the result by several points in ways the interval does not cover, and differently in the next process; run the comparison in several processes with the multiproc package

== str multi n=16384 prefix: ordered vs map-sets
A 4.53e+04 per op, B 3.191e+05 per op
difference +85.80% [+83.79%, +86.87%] at 95% confidence
noise floor 2.564%, autocorrelation +0.335, resampled in blocks of 3
resolved: A is faster than B
  warning: the program holds 52 MB of live data, more than the caches of many machines; for data that size, where it lies in memory can shift the result by several points in ways the interval does not cover, and differently in the next process; run the comparison in several processes with the multiproc package
  warning: candidate A drifted during the run, shifting -22.28% from its first half to its second; the machine did not hold still
  warning: candidate B drifted during the run, shifting -10.98% from its first half to its second; the machine did not hold still
  warning: the ratio B/A shifted +16.64% from the first half of the run to the second, so the candidates had not reached a steady state and the difference depends on how long the run was; a common cause is a head start for whichever candidate ran alone last before the comparison or had its data built last, which a longer CollectOptions.WarmupDuration removes

== str multi n=16384 churn and build: ordered vs hashed
steady state, per insertion or deletion in a structure of 96659 elements (cycle of 193318 operations, first pass untimed):
  A 132 per op, B 86.32 per op
  difference -52.92% [-55.99%, -49.01%] at 95% confidence
  noise floor 3.615%, autocorrelation +0.378, resampled in blocks of 3
  resolved: A is slower than B
    warning: the program holds 62 MB of live data, more than the caches of many machines; for data that size, where it lies in memory can shift the result by several points in ways the interval does not cover, and differently in the next process; run the comparison in several processes with the multiproc package

build from empty to 96659 elements, per whole build (289977 operations):
  A 3.548e+07 per op, B 2.379e+07 per op
  difference -49.15% [-56.40%, -40.08%] at 95% confidence
  noise floor 1.333%, autocorrelation +0.300, resampled in blocks of 3
  resolved: A is slower than B
    warning: the program holds 53 MB of live data, more than the caches of many machines; for data that size, where it lies in memory can shift the result by several points in ways the interval does not cover, and differently in the next process; run the comparison in several processes with the multiproc package

== str multi n=16384 churn and build: ordered vs btree-sets
steady state, per insertion or deletion in a structure of 96659 elements (cycle of 193318 operations, first pass untimed):
  A 121.9 per op, B 295 per op
  difference +58.69% [+57.26%, +59.95%] at 95% confidence
  noise floor 2.195%, autocorrelation +0.690, resampled in blocks of 3
  resolved: A is faster than B
    warning: the program holds 65 MB of live data, more than the caches of many machines; for data that size, where it lies in memory can shift the result by several points in ways the interval does not cover, and differently in the next process; run the comparison in several processes with the multiproc package

build from empty to 96659 elements, per whole build (289977 operations):
  A 3.422e+07 per op, B 8.445e+07 per op
  difference +59.48% [+57.62%, +61.08%] at 95% confidence
  noise floor 1.874%, autocorrelation -0.078
  resolved: A is faster than B
    warning: the program holds 53 MB of live data, more than the caches of many machines; for data that size, where it lies in memory can shift the result by several points in ways the interval does not cover, and differently in the next process; run the comparison in several processes with the multiproc package

== str multi n=16384 churn and build: ordered vs map-sets
steady state, per insertion or deletion in a structure of 96659 elements (cycle of 193318 operations, first pass untimed):
  A 120.2 per op, B 105.9 per op
  difference -13.52% [-18.23%, -8.04%] at 95% confidence
  noise floor 1.415%, autocorrelation +0.275, resampled in blocks of 3
  resolved: A is slower than B
    warning: the program holds 66 MB of live data, more than the caches of many machines; for data that size, where it lies in memory can shift the result by several points in ways the interval does not cover, and differently in the next process; run the comparison in several processes with the multiproc package

build from empty to 96659 elements, per whole build (289977 operations):
  A 3.444e+07 per op, B 3.21e+07 per op
  difference -7.30% [-8.72%, -1.40%] at 95% confidence
  noise floor 1.139%, autocorrelation -0.032
  resolved: A is slower than B
    warning: the program holds 53 MB of live data, more than the caches of many machines; for data that size, where it lies in memory can shift the result by several points in ways the interval does not cover, and differently in the next process; run the comparison in several processes with the multiproc package

checksum 644624126129334964
