== u64 multi n=1048576 valuesFor: ordered vs hashed
A 237.3 per op, B 223.2 per op
difference -6.31% [-7.66%, -4.36%] at 95% confidence
noise floor 1.226%, autocorrelation +0.197
resolved: A is slower than B
  warning: candidate A drifted during the run, shifting -4.88% from its first half to its second; the machine did not hold still

== u64 multi n=1048576 valuesFor: ordered vs btree-sets
A 250.5 per op, B 1041 per op
difference +75.95% [+75.31%, +76.40%] at 95% confidence
noise floor 1.064%, autocorrelation +0.553, resampled in blocks of 5
resolved: A is faster than B
  warning: candidate A drifted during the run, shifting -6.48% from its first half to its second; the machine did not hold still

== u64 multi n=1048576 valuesFor: ordered vs map-sets
A 238.3 per op, B 489.6 per op
difference +51.33% [+50.64%, +52.14%] at 95% confidence
noise floor 1.469%, autocorrelation +0.151
resolved: A is faster than B
  warning: candidate A drifted during the run, shifting -8.64% from its first half to its second; the machine did not hold still

== u64 multi n=1048576 valuesBetween: ordered vs btree-sets
A 9074 per op, B 3.047e+04 per op
difference +70.22% [+69.49%, +70.59%] at 95% confidence
noise floor 1.053%, autocorrelation +0.208, resampled in blocks of 5
resolved: A is faster than B
  warning: candidate A drifted during the run, shifting -4.57% from its first half to its second; the machine did not hold still
  warning: candidate B drifted during the run, shifting +1.03% from its first half to its second; the machine did not hold still

== u64 multi n=1048576 churn: ordered vs hashed
A 321.3 per op, B 373.6 per op
difference +14.01% [+11.44%, +17.03%] at 95% confidence
noise floor 1.666%, autocorrelation +0.118
resolved: A is faster than B
  warning: candidate B drifted during the run, shifting -2.66% from its first half to its second; the machine did not hold still

== u64 multi n=1048576 churn: ordered vs btree-sets
A 438.4 per op, B 1276 per op
difference +65.63% [+65.09%, +66.36%] at 95% confidence
noise floor 0.686%, autocorrelation +0.444, resampled in blocks of 5
resolved: A is faster than B
  warning: candidate A drifted during the run, shifting -4.10% from its first half to its second; the machine did not hold still
  warning: candidate B drifted during the run, shifting -2.47% from its first half to its second; the machine did not hold still

== u64 multi n=1048576 churn: ordered vs map-sets
A 410.8 per op, B 461 per op
difference +10.89% [+9.17%, +12.65%] at 95% confidence
noise floor 1.393%, autocorrelation +0.133
resolved: A is faster than B
  warning: candidate A drifted during the run, shifting -5.83% from its first half to its second; the machine did not hold still
  warning: candidate B drifted during the run, shifting -4.76% from its first half to its second; the machine did not hold still

checksum 14440489545877471740
