== str unique n=1048576 valuesFor: ordered vs btree-map
A 364 per op, B 732.8 per op
difference +50.33% [+48.56%, +51.53%] at 95% confidence
noise floor 1.297%, autocorrelation +0.702, resampled in blocks of 5
resolved: A is faster than B
  warning: candidate A drifted during the run, shifting -9.39% from its first half to its second; the machine did not hold still
  warning: candidate B drifted during the run, shifting +2.26% from its first half to its second; the machine did not hold still

== str unique n=1048576 valuesBetween: ordered vs btree-map
A 3026 per op, B 3436 per op
difference +11.93% [+9.61%, +13.40%] at 95% confidence
noise floor 1.156%, autocorrelation +0.457, resampled in blocks of 5
resolved: A is faster than B
  warning: candidate A drifted during the run, shifting -5.80% from its first half to its second; the machine did not hold still
  warning: candidate B drifted during the run, shifting +1.47% from its first half to its second; the machine did not hold still

== str unique n=1048576 churn: ordered vs btree-map
A 797.8 per op, B 1112 per op
difference +28.26% [+25.60%, +29.60%] at 95% confidence
noise floor 1.165%, autocorrelation +0.389, resampled in blocks of 5
resolved: A is faster than B
  warning: candidate A drifted during the run, shifting -6.87% from its first half to its second; the machine did not hold still
  warning: candidate B drifted during the run, shifting -6.85% from its first half to its second; the machine did not hold still

checksum 16179574650791671868
