== u64 unique n=1048576 valuesFor: ordered vs btree-map
A 141.4 per op, B 495.3 per op
difference +71.45% [+70.74%, +71.89%] at 95% confidence
noise floor 1.681%, autocorrelation +0.836, resampled in blocks of 5
resolved: A is faster than B
  warning: candidate A drifted during the run, shifting -5.33% from its first half to its second; the machine did not hold still
  warning: candidate B drifted during the run, shifting -2.78% from its first half to its second; the machine did not hold still

== u64 unique n=1048576 valuesBetween: ordered vs btree-map
A 1058 per op, B 1776 per op
difference +40.44% [+39.24%, +41.86%] at 95% confidence
noise floor 1.732%, autocorrelation +0.802, resampled in blocks of 5
resolved: A is faster than B
  warning: candidate A drifted during the run, shifting -4.72% from its first half to its second; the machine did not hold still
  warning: candidate B drifted during the run, shifting -2.82% from its first half to its second; the machine did not hold still

== u64 unique n=1048576 churn: ordered vs btree-map
A 455.9 per op, B 1003 per op
difference +54.56% [+52.40%, +55.81%] at 95% confidence
noise floor 1.378%, autocorrelation +0.687, resampled in blocks of 5
resolved: A is faster than B
  warning: candidate B drifted during the run, shifting +4.44% from its first half to its second; the machine did not hold still

checksum 18294742186259924692
