== str unique n=1048576 valuesFor: ordered vs btree-map
A 368.6 per op, B 773.6 per op
difference +52.35% [+50.18%, +54.20%] at 95% confidence
noise floor 2.044%, autocorrelation +0.660, resampled in blocks of 5
resolved: A is faster than B
  warning: candidate A drifted during the run, shifting -8.07% from its first half to its second; the machine did not hold still

== str unique n=1048576 valuesBetween: ordered vs btree-map
A 2998 per op, B 3553 per op
difference +15.63% [+13.81%, +17.59%] at 95% confidence
noise floor 1.129%, autocorrelation +0.476, resampled in blocks of 5
resolved: A is faster than B
  warning: candidate A drifted during the run, shifting -4.02% from its first half to its second; the machine did not hold still
  warning: candidate B drifted during the run, shifting -4.86% from its first half to its second; the machine did not hold still

== str unique n=1048576 churn: ordered vs btree-map
A 857.5 per op, B 1207 per op
difference +28.97% [+26.84%, +30.84%] at 95% confidence
noise floor 1.370%, autocorrelation +0.188
resolved: A is faster than B
  warning: candidate A drifted during the run, shifting -9.30% from its first half to its second; the machine did not hold still
  warning: candidate B drifted during the run, shifting -7.69% from its first half to its second; the machine did not hold still

checksum 13065533651762237228
