== str unique n=1048576 valuesFor: ordered vs btree-map
A 352.8 per op, B 688.3 per op
difference +48.75% [+46.46%, +49.78%] at 95% confidence
noise floor 1.674%, autocorrelation +0.663, resampled in blocks of 5
resolved: A is faster than B
  warning: candidate A drifted during the run, shifting -9.90% from its first half to its second; the machine did not hold still
  warning: candidate B drifted during the run, shifting -2.12% from its first half to its second; the machine did not hold still

== str unique n=1048576 valuesBetween: ordered vs btree-map
A 3055 per op, B 3302 per op
difference +7.47% [+6.01%, +9.48%] at 95% confidence
noise floor 0.920%, autocorrelation +0.431, resampled in blocks of 5
resolved: A is faster than B
  warning: candidate A drifted during the run, shifting -3.15% from its first half to its second; the machine did not hold still
  warning: candidate B drifted during the run, shifting +2.86% from its first half to its second; the machine did not hold still

== str unique n=1048576 churn: ordered vs btree-map
A 787.8 per op, B 1018 per op
difference +22.63% [+20.69%, +23.66%] at 95% confidence
noise floor 1.481%, autocorrelation +0.235, resampled in blocks of 5
resolved: A is faster than B
  warning: candidate A drifted during the run, shifting -6.25% from its first half to its second; the machine did not hold still

checksum 11678866013752525100
