== u64 n=4096 valuesFor: ordered vs hashed
A 45.31 per op, B 48.75 per op
difference +7.06% [+6.73%, +7.40%] at 95% confidence
noise floor 0.326%, autocorrelation +0.138
resolved: A is faster than B
  warning: candidate A drifted during the run, shifting -0.45% from its first half to its second; the machine did not hold still

== u64 n=4096 valuesFor: ordered vs btree-sets
A 46.05 per op, B 191.6 per op
difference +75.96% [+75.86%, +76.03%] at 95% confidence
noise floor 0.469%, autocorrelation +0.449, resampled in blocks of 5
resolved: A is faster than B
  warning: candidate B drifted during the run, shifting +0.74% from its first half to its second; the machine did not hold still

== u64 n=4096 valuesFor: ordered vs map-sets
A 47.42 per op, B 107.3 per op
difference +55.82% [+55.48%, +56.19%] at 95% confidence
noise floor 0.299%, autocorrelation +0.220, resampled in blocks of 5
resolved: A is faster than B
  warning: candidate B drifted during the run, shifting -0.90% from its first half to its second; the machine did not hold still

== u64 n=4096 valuesFor: hashed vs map-sets
A 49.44 per op, B 102.3 per op
difference +51.68% [+51.42%, +51.94%] at 95% confidence
noise floor 0.654%, autocorrelation +0.081
resolved: A is faster than B
  warning: in 52% of A/A runs this setup reported a difference between identical code, well above the 10% expected; treat any confidence from it with suspicion

== u64 n=4096 valuesBetween: ordered vs btree-sets
A 3565 per op, B 8170 per op
difference +56.37% [+55.87%, +56.67%] at 95% confidence
noise floor 0.407%, autocorrelation +0.122
resolved: A is faster than B
  warning: candidate A drifted during the run, shifting -1.61% from its first half to its second; the machine did not hold still

== u64 n=4096 valuesBetween: ordered vs hashed
A 3523 per op, B 6.378e+04 per op
difference +94.48% [+94.42%, +94.51%] at 95% confidence
noise floor 0.558%, autocorrelation +0.365, resampled in blocks of 5
resolved: A is faster than B

== u64 n=4096 addRemove: ordered vs hashed
A 50.15 per op, B 54.98 per op
difference +8.78% [+8.34%, +8.98%] at 95% confidence
noise floor 0.065%, autocorrelation +0.130
resolved: A is faster than B
  warning: candidate A drifted during the run, shifting -0.34% from its first half to its second; the machine did not hold still

== u64 n=4096 addRemove: ordered vs btree-sets
A 51.57 per op, B 238.9 per op
difference +78.41% [+78.36%, +78.91%] at 95% confidence
noise floor 0.144%, autocorrelation +0.370, resampled in blocks of 5
resolved: A is faster than B

== u64 n=4096 addRemove: ordered vs map-sets
A 54.26 per op, B 62.6 per op
difference +13.33% [+6.78%, +16.13%] at 95% confidence
noise floor 0.155%, autocorrelation +0.214, resampled in blocks of 5
resolved: A is faster than B
  warning: candidate A drifted during the run, shifting -3.84% from its first half to its second; the machine did not hold still
  warning: candidate B drifted during the run, shifting -8.10% from its first half to its second; the machine did not hold still

== u64 n=4096 addRemove: hashed vs map-sets
A 53.03 per op, B 54.22 per op
difference +2.19% [+2.13%, +2.28%] at 95% confidence
noise floor 0.152%, autocorrelation +0.216, resampled in blocks of 5
resolved: A is faster than B
  warning: 5.9% of bootstrap replicates tied, so the measurement is coarse relative to the question; lower CollectOptions.MaxQuantizationError to lengthen the batches

== u64 n=4096 build: ordered vs hashed
A 1.156e+06 per op, B 1.249e+06 per op
difference +7.48% [+6.97%, +8.11%] at 95% confidence
noise floor 0.423%, autocorrelation +0.139
resolved: A is faster than B

== u64 n=4096 build: ordered vs btree-sets
A 1.156e+06 per op, B 3.134e+06 per op
difference +63.10% [+62.82%, +63.31%] at 95% confidence
noise floor 0.469%, autocorrelation +0.084
resolved: A is faster than B

== u64 n=4096 build: ordered vs map-sets
A 1.156e+06 per op, B 1.522e+06 per op
difference +24.05% [+23.47%, +24.45%] at 95% confidence
noise floor 0.502%, autocorrelation +0.068
resolved: A is faster than B

== u64 n=4096 build: hashed vs map-sets
A 1.245e+06 per op, B 1.513e+06 per op
difference +17.71% [+17.28%, +18.26%] at 95% confidence
noise floor 0.783%, autocorrelation +0.065
resolved: A is faster than B

checksum 10479752150442454766
