== str multi n=1048576 valuesFor: ordered vs hashed
A 405.1 per op, B 210.6 per op
difference -92.36% [-96.02%, -88.36%] at 95% confidence
noise floor 0.928%, autocorrelation +0.550, resampled in blocks of 5
resolved: A is slower than B
  warning: candidate A drifted during the run, shifting -1.99% from its first half to its second; the machine did not hold still

== str multi n=1048576 valuesFor: ordered vs btree-sets
A 542.9 per op, B 1287 per op
difference +57.80% [+56.93%, +58.61%] at 95% confidence
noise floor 1.011%, autocorrelation +0.483, resampled in blocks of 5
resolved: A is faster than B
  warning: candidate A drifted during the run, shifting -1.85% from its first half to its second; the machine did not hold still
  warning: candidate B drifted during the run, shifting -1.16% from its first half to its second; the machine did not hold still

== str multi n=1048576 valuesFor: ordered vs map-sets
A 512.4 per op, B 493.4 per op
difference -3.86% [-12.09%, +1.99%] at 95% confidence
noise floor 1.499%, autocorrelation +0.693, resampled in blocks of 5
not resolved: this run did not establish a difference
  warning: the interval [-12.09%, 1.99%] includes zero, so a difference in either direction is consistent with these measurements
  warning: candidate A drifted during the run, shifting -17.70% from its first half to its second; the machine did not hold still

== str multi n=1048576 valuesBetween: ordered vs btree-sets
A 9919 per op, B 3.144e+04 per op
difference +68.45% [+67.47%, +69.24%] at 95% confidence
noise floor 1.086%, autocorrelation +0.389, resampled in blocks of 5
resolved: A is faster than B
  warning: candidate A drifted during the run, shifting -8.19% from its first half to its second; the machine did not hold still
  warning: candidate B drifted during the run, shifting -2.50% from its first half to its second; the machine did not hold still

== str multi n=1048576 churn: ordered vs hashed
A 797.6 per op, B 383.7 per op
difference -107.88% [-115.25%, -101.54%] at 95% confidence
noise floor 1.243%, autocorrelation +0.353, resampled in blocks of 5
resolved: A is slower than B
  warning: candidate A drifted during the run, shifting -3.22% from its first half to its second; the machine did not hold still
  warning: candidate B drifted during the run, shifting +2.69% from its first half to its second; the machine did not hold still

== str multi n=1048576 churn: ordered vs btree-sets
A 906.3 per op, B 1452 per op
difference +37.58% [+35.75%, +39.56%] at 95% confidence
noise floor 1.675%, autocorrelation +0.535, resampled in blocks of 5
resolved: A is faster than B
  warning: candidate A drifted during the run, shifting -4.30% from its first half to its second; the machine did not hold still
  warning: candidate B drifted during the run, shifting -3.10% from its first half to its second; the machine did not hold still

== str multi n=1048576 churn: ordered vs map-sets
A 845.2 per op, B 472.7 per op
difference -78.81% [-86.45%, -72.95%] at 95% confidence
noise floor 1.447%, autocorrelation +0.219, resampled in blocks of 5
resolved: A is slower than B
  warning: candidate A drifted during the run, shifting -10.46% from its first half to its second; the machine did not hold still

checksum 11840174918252347359
