== path multi n=262144 valuesFor: ordered vs hashed
A 522.4 per op, B 221.5 per op
difference -135.86% [-140.18%, -130.42%] at 95% confidence
noise floor 1.288%, autocorrelation +0.019
resolved: A is slower than B
  warning: the program holds 595 MB of live data, more than the caches of many machines; for data that size, where it lies in memory can shift the result by several points in ways the interval does not cover, and differently in the next process; run the comparison in several processes with the multiproc package

== path multi n=262144 valuesFor: ordered vs btree-sets
A 603.1 per op, B 908.4 per op
difference +33.61% [+32.35%, +34.91%] at 95% confidence
noise floor 1.347%, autocorrelation +0.590, resampled in blocks of 3
resolved: A is faster than B
  warning: the program holds 595 MB of live data, more than the caches of many machines; for data that size, where it lies in memory can shift the result by several points in ways the interval does not cover, and differently in the next process; run the comparison in several processes with the multiproc package

== path multi n=262144 valuesFor: ordered vs map-sets
A 623.4 per op, B 473.4 per op
difference -31.69% [-37.38%, -23.24%] at 95% confidence
noise floor 0.768%, autocorrelation -0.107
resolved: A is slower than B
  warning: the program holds 595 MB of live data, more than the caches of many machines; for data that size, where it lies in memory can shift the result by several points in ways the interval does not cover, and differently in the next process; run the comparison in several processes with the multiproc package
  warning: candidate A drifted during the run, shifting -10.18% from its first half to its second; the machine did not hold still
  warning: candidate B drifted during the run, shifting -9.83% from its first half to its second; the machine did not hold still

== path multi n=262144 valuesBetween: ordered vs btree-sets
A 1.329e+04 per op, B 2.723e+04 per op
difference +51.19% [+50.11%, +52.54%] at 95% confidence
noise floor 2.492%, autocorrelation +0.162
resolved: A is faster than B
  warning: the program holds 595 MB of live data, more than the caches of many machines; for data that size, where it lies in memory can shift the result by several points in ways the interval does not cover, and differently in the next process; run the comparison in several processes with the multiproc package

== path multi n=262144 prefix: ordered vs btree-sets
A 1.264e+04 per op, B 2.995e+04 per op
difference +57.81% [+47.14%, +64.54%] at 95% confidence
noise floor 11.386%, autocorrelation -0.006
resolved: A is faster than B
  warning: the program holds 595 MB of live data, more than the caches of many machines; for data that size, where it lies in memory can shift the result by several points in ways the interval does not cover, and differently in the next process; run the comparison in several processes with the multiproc package

== path multi n=262144 churn and build: ordered vs hashed
steady state, per insertion or deletion in a structure of 1587806 elements (cycle of 3175612 operations, first pass untimed):
  A 756.7 per op, B 356.7 per op
  difference -112.14% [-115.88%, -109.61%] at 95% confidence
  noise floor 0.914%, autocorrelation +0.432, resampled in blocks of 3
  resolved: A is slower than B
    warning: the program holds 816 MB of live data, more than the caches of many machines; for data that size, where it lies in memory can shift the result by several points in ways the interval does not cover, and differently in the next process; run the comparison in several processes with the multiproc package

== path multi n=262144 churn and build: ordered vs btree-sets
steady state, per insertion or deletion in a structure of 1587806 elements (cycle of 3175612 operations, first pass untimed):
  A 938.9 per op, B 1169 per op
  difference +19.65% [+18.47%, +20.78%] at 95% confidence
  noise floor 1.798%, autocorrelation +0.328, resampled in blocks of 3
  resolved: A is faster than B
    warning: the program holds 875 MB of live data, more than the caches of many machines; for data that size, where it lies in memory can shift the result by several points in ways the interval does not cover, and differently in the next process; run the comparison in several processes with the multiproc package
    warning: in 50% of A/A runs this setup reported a difference between identical code, well above the 10% expected; treat any confidence from it with suspicion

== path multi n=262144 churn and build: ordered vs map-sets
steady state, per insertion or deletion in a structure of 1587806 elements (cycle of 3175612 operations, first pass untimed):
  A 907.9 per op, B 494.7 per op
  difference -83.50% [-86.41%, -78.75%] at 95% confidence
  noise floor 1.513%, autocorrelation +0.195
  resolved: A is slower than B
    warning: the program holds 859 MB of live data, more than the caches of many machines; for data that size, where it lies in memory can shift the result by several points in ways the interval does not cover, and differently in the next process; run the comparison in several processes with the multiproc package

checksum 3291177487029744724
== path multi n=262144 valuesFor: ordered vs hashed
A 519.6 per op, B 212.8 per op
difference -144.16% [-149.24%, -137.86%] at 95% confidence
noise floor 0.704%, autocorrelation +0.019
resolved: A is slower than B
  warning: the program holds 498 MB of live data, more than the caches of many machines; for data that size, where it lies in memory can shift the result by several points in ways the interval does not cover, and differently in the next process; run the comparison in several processes with the multiproc package

== path multi n=262144 valuesFor: ordered vs btree-sets
A 615.2 per op, B 946 per op
difference +34.96% [+32.84%, +35.67%] at 95% confidence
noise floor 2.281%, autocorrelation +0.693, resampled in blocks of 3
resolved: A is faster than B
  warning: the program holds 498 MB of live data, more than the caches of many machines; for data that size, where it lies in memory can shift the result by several points in ways the interval does not cover, and differently in the next process; run the comparison in several processes with the multiproc package

== path multi n=262144 valuesFor: ordered vs map-sets
A 533.9 per op, B 448.9 per op
difference -18.95% [-22.52%, -16.81%] at 95% confidence
noise floor 3.260%, autocorrelation +0.062
resolved: A is slower than B
  warning: the program holds 498 MB of live data, more than the caches of many machines; for data that size, where it lies in memory can shift the result by several points in ways the interval does not cover, and differently in the next process; run the comparison in several processes with the multiproc package

== path multi n=262144 valuesBetween: ordered vs btree-sets
A 1.357e+04 per op, B 2.754e+04 per op
difference +50.73% [+49.51%, +52.04%] at 95% confidence
noise floor 0.932%, autocorrelation +0.081
resolved: A is faster than B
  warning: the program holds 498 MB of live data, more than the caches of many machines; for data that size, where it lies in memory can shift the result by several points in ways the interval does not cover, and differently in the next process; run the comparison in several processes with the multiproc package

== path multi n=262144 prefix: ordered vs btree-sets
A 1.455e+04 per op, B 3.123e+04 per op
difference +53.42% [+40.84%, +63.67%] at 95% confidence
noise floor 20.328%, autocorrelation +0.018
resolved: A is faster than B
  warning: the program holds 625 MB of live data, more than the caches of many machines; for data that size, where it lies in memory can shift the result by several points in ways the interval does not cover, and differently in the next process; run the comparison in several processes with the multiproc package

== path multi n=262144 churn and build: ordered vs hashed
steady state, per insertion or deletion in a structure of 1587806 elements (cycle of 3175612 operations, first pass untimed):
  A 732.1 per op, B 373.6 per op
  difference -95.96% [-101.01%, -92.69%] at 95% confidence
  noise floor 1.061%, autocorrelation +0.085
  resolved: A is slower than B
    warning: the program holds 820 MB of live data, more than the caches of many machines; for data that size, where it lies in memory can shift the result by several points in ways the interval does not cover, and differently in the next process; run the comparison in several processes with the multiproc package

== path multi n=262144 churn and build: ordered vs btree-sets
steady state, per insertion or deletion in a structure of 1587806 elements (cycle of 3175612 operations, first pass untimed):
  A 975.2 per op, B 1229 per op
  difference +20.62% [+19.11%, +22.78%] at 95% confidence
  noise floor 2.562%, autocorrelation +0.647, resampled in blocks of 3
  resolved: A is faster than B
    warning: the program holds 869 MB of live data, more than the caches of many machines; for data that size, where it lies in memory can shift the result by several points in ways the interval does not cover, and differently in the next process; run the comparison in several processes with the multiproc package
    warning: in 50% of A/A runs this setup reported a difference between identical code, well above the 10% expected; treat any confidence from it with suspicion

== path multi n=262144 churn and build: ordered vs map-sets
steady state, per insertion or deletion in a structure of 1587806 elements (cycle of 3175612 operations, first pass untimed):
  A 852.2 per op, B 496.4 per op
  difference -71.69% [-78.84%, -64.10%] at 95% confidence
  noise floor 1.021%, autocorrelation +0.288, resampled in blocks of 3
  resolved: A is slower than B
    warning: the program holds 875 MB of live data, more than the caches of many machines; for data that size, where it lies in memory can shift the result by several points in ways the interval does not cover, and differently in the next process; run the comparison in several processes with the multiproc package

checksum 6413172106405716583
== path multi n=262144 valuesFor: ordered vs hashed
A 499.6 per op, B 218.6 per op
difference -128.58% [-135.64%, -120.04%] at 95% confidence
noise floor 1.929%, autocorrelation +0.167
resolved: A is slower than B
  warning: the program holds 476 MB of live data, more than the caches of many machines; for data that size, where it lies in memory can shift the result by several points in ways the interval does not cover, and differently in the next process; run the comparison in several processes with the multiproc package

== path multi n=262144 valuesFor: ordered vs btree-sets
A 602.5 per op, B 899 per op
difference +32.98% [+30.65%, +34.51%] at 95% confidence
noise floor 2.368%, autocorrelation +0.038
resolved: A is faster than B
  warning: the program holds 476 MB of live data, more than the caches of many machines; for data that size, where it lies in memory can shift the result by several points in ways the interval does not cover, and differently in the next process; run the comparison in several processes with the multiproc package

== path multi n=262144 valuesFor: ordered vs map-sets
A 531 per op, B 447.4 per op
difference -18.68% [-21.49%, -16.55%] at 95% confidence
noise floor 1.974%, autocorrelation +0.350, resampled in blocks of 3
resolved: A is slower than B
  warning: the program holds 476 MB of live data, more than the caches of many machines; for data that size, where it lies in memory can shift the result by several points in ways the interval does not cover, and differently in the next process; run the comparison in several processes with the multiproc package

== path multi n=262144 valuesBetween: ordered vs btree-sets
A 1.369e+04 per op, B 2.774e+04 per op
difference +50.64% [+49.50%, +51.97%] at 95% confidence
noise floor 0.368%, autocorrelation +0.050
resolved: A is faster than B
  warning: the program holds 632 MB of live data, more than the caches of many machines; for data that size, where it lies in memory can shift the result by several points in ways the interval does not cover, and differently in the next process; run the comparison in several processes with the multiproc package

== path multi n=262144 prefix: ordered vs btree-sets
A 1.505e+04 per op, B 3.173e+04 per op
difference +52.55% [+43.00%, +60.77%] at 95% confidence
noise floor 16.161%, autocorrelation +0.036
resolved: A is faster than B
  warning: the program holds 632 MB of live data, more than the caches of many machines; for data that size, where it lies in memory can shift the result by several points in ways the interval does not cover, and differently in the next process; run the comparison in several processes with the multiproc package

== path multi n=262144 churn and build: ordered vs hashed
steady state, per insertion or deletion in a structure of 1587806 elements (cycle of 3175612 operations, first pass untimed):
  A 848 per op, B 398.5 per op
  difference -112.80% [-122.27%, -103.81%] at 95% confidence
  noise floor 2.402%, autocorrelation +0.075
  resolved: A is slower than B
    warning: the program holds 820 MB of live data, more than the caches of many machines; for data that size, where it lies in memory can shift the result by several points in ways the interval does not cover, and differently in the next process; run the comparison in several processes with the multiproc package
    warning: in 50% of A/A runs this setup reported a difference between identical code, well above the 10% expected; treat any confidence from it with suspicion

== path multi n=262144 churn and build: ordered vs btree-sets
steady state, per insertion or deletion in a structure of 1587806 elements (cycle of 3175612 operations, first pass untimed):
  A 980.8 per op, B 1262 per op
  difference +22.27% [+19.40%, +24.14%] at 95% confidence
  noise floor 1.421%, autocorrelation +0.460, resampled in blocks of 3
  resolved: A is faster than B
    warning: the program holds 878 MB of live data, more than the caches of many machines; for data that size, where it lies in memory can shift the result by several points in ways the interval does not cover, and differently in the next process; run the comparison in several processes with the multiproc package
    warning: candidate B drifted during the run, shifting -2.54% from its first half to its second; the machine did not hold still

== path multi n=262144 churn and build: ordered vs map-sets
steady state, per insertion or deletion in a structure of 1587806 elements (cycle of 3175612 operations, first pass untimed):
  A 979.8 per op, B 545.3 per op
  difference -79.69% [-87.89%, -72.89%] at 95% confidence
  noise floor 1.473%, autocorrelation +0.039
  resolved: A is slower than B
    warning: the program holds 866 MB of live data, more than the caches of many machines; for data that size, where it lies in memory can shift the result by several points in ways the interval does not cover, and differently in the next process; run the comparison in several processes with the multiproc package
    warning: candidate A drifted during the run, shifting +11.33% from its first half to its second; the machine did not hold still

checksum 16165822455417407158
== path multi n=262144 valuesFor: ordered vs hashed
A 529.9 per op, B 222.8 per op
difference -137.85% [-143.27%, -134.29%] at 95% confidence
noise floor 1.100%, autocorrelation +0.002
resolved: A is slower than B
  warning: the program holds 585 MB of live data, more than the caches of many machines; for data that size, where it lies in memory can shift the result by several points in ways the interval does not cover, and differently in the next process; run the comparison in several processes with the multiproc package

== path multi n=262144 valuesFor: ordered vs btree-sets
A 617.6 per op, B 912.6 per op
difference +32.33% [+30.95%, +33.74%] at 95% confidence
noise floor 1.521%, autocorrelation +0.661, resampled in blocks of 3
resolved: A is faster than B
  warning: the program holds 585 MB of live data, more than the caches of many machines; for data that size, where it lies in memory can shift the result by several points in ways the interval does not cover, and differently in the next process; run the comparison in several processes with the multiproc package
  warning: candidate B drifted during the run, shifting -2.83% from its first half to its second; the machine did not hold still

== path multi n=262144 valuesFor: ordered vs map-sets
A 549.4 per op, B 440.4 per op
difference -24.74% [-31.45%, -21.04%] at 95% confidence
noise floor 1.729%, autocorrelation +0.227, resampled in blocks of 3
resolved: A is slower than B
  warning: the program holds 585 MB of live data, more than the caches of many machines; for data that size, where it lies in memory can shift the result by several points in ways the interval does not cover, and differently in the next process; run the comparison in several processes with the multiproc package
  warning: candidate A drifted during the run, shifting +6.88% from its first half to its second; the machine did not hold still

== path multi n=262144 valuesBetween: ordered vs btree-sets
A 1.355e+04 per op, B 2.711e+04 per op
difference +50.03% [+49.27%, +51.05%] at 95% confidence
noise floor 2.455%, autocorrelation +0.678, resampled in blocks of 3
resolved: A is faster than B
  warning: the program holds 585 MB of live data, more than the caches of many machines; for data that size, where it lies in memory can shift the result by several points in ways the interval does not cover, and differently in the next process; run the comparison in several processes with the multiproc package
  warning: in 50% of A/A runs this setup reported a difference between identical code, well above the 10% expected; treat any confidence from it with suspicion

== path multi n=262144 prefix: ordered vs btree-sets
A 1.353e+04 per op, B 2.914e+04 per op
difference +53.58% [+44.97%, +62.06%] at 95% confidence
noise floor 11.911%, autocorrelation +0.011
resolved: A is faster than B
  warning: the program holds 585 MB of live data, more than the caches of many machines; for data that size, where it lies in memory can shift the result by several points in ways the interval does not cover, and differently in the next process; run the comparison in several processes with the multiproc package

== path multi n=262144 churn and build: ordered vs hashed
steady state, per insertion or deletion in a structure of 1587806 elements (cycle of 3175612 operations, first pass untimed):
  A 787 per op, B 375.7 per op
  difference -109.47% [-116.25%, -104.90%] at 95% confidence
  noise floor 0.674%, autocorrelation -0.226
  resolved: A is slower than B
    warning: the program holds 800 MB of live data, more than the caches of many machines; for data that size, where it lies in memory can shift the result by several points in ways the interval does not cover, and differently in the next process; run the comparison in several processes with the multiproc package

== path multi n=262144 churn and build: ordered vs btree-sets
steady state, per insertion or deletion in a structure of 1587806 elements (cycle of 3175612 operations, first pass untimed):
  A 939.7 per op, B 1155 per op
  difference +18.67% [+16.54%, +20.34%] at 95% confidence
  noise floor 0.535%, autocorrelation +0.407, resampled in blocks of 3
  resolved: A is faster than B
    warning: the program holds 861 MB of live data, more than the caches of many machines; for data that size, where it lies in memory can shift the result by several points in ways the interval does not cover, and differently in the next process; run the comparison in several processes with the multiproc package

== path multi n=262144 churn and build: ordered vs map-sets
steady state, per insertion or deletion in a structure of 1587806 elements (cycle of 3175612 operations, first pass untimed):
  A 784.5 per op, B 462.9 per op
  difference -69.48% [-72.65%, -64.78%] at 95% confidence
  noise floor 2.195%, autocorrelation +0.015
  resolved: A is slower than B
    warning: the program holds 869 MB of live data, more than the caches of many machines; for data that size, where it lies in memory can shift the result by several points in ways the interval does not cover, and differently in the next process; run the comparison in several processes with the multiproc package

checksum 17114026673600582292
== path multi n=262144 valuesFor: ordered vs hashed
A 519.6 per op, B 216.4 per op
difference -140.06% [-144.45%, -134.97%] at 95% confidence
noise floor 1.617%, autocorrelation +0.611, resampled in blocks of 3
resolved: A is slower than B
  warning: the program holds 488 MB of live data, more than the caches of many machines; for data that size, where it lies in memory can shift the result by several points in ways the interval does not cover, and differently in the next process; run the comparison in several processes with the multiproc package

== path multi n=262144 valuesFor: ordered vs btree-sets
A 648 per op, B 1030 per op
difference +37.10% [+33.58%, +39.97%] at 95% confidence
noise floor 2.045%, autocorrelation +0.126
resolved: A is faster than B
  warning: the program holds 488 MB of live data, more than the caches of many machines; for data that size, where it lies in memory can shift the result by several points in ways the interval does not cover, and differently in the next process; run the comparison in several processes with the multiproc package
  warning: candidate A drifted during the run, shifting +7.92% from its first half to its second; the machine did not hold still
  warning: candidate B drifted during the run, shifting +12.86% from its first half to its second; the machine did not hold still

== path multi n=262144 valuesFor: ordered vs map-sets
A 624.4 per op, B 488.2 per op
difference -27.88% [-31.35%, -24.99%] at 95% confidence
noise floor 1.354%, autocorrelation -0.043
resolved: A is slower than B
  warning: the program holds 488 MB of live data, more than the caches of many machines; for data that size, where it lies in memory can shift the result by several points in ways the interval does not cover, and differently in the next process; run the comparison in several processes with the multiproc package

== path multi n=262144 valuesBetween: ordered vs btree-sets
A 1.412e+04 per op, B 2.898e+04 per op
difference +51.27% [+49.86%, +52.58%] at 95% confidence
noise floor 1.585%, autocorrelation -0.035
resolved: A is faster than B
  warning: the program holds 488 MB of live data, more than the caches of many machines; for data that size, where it lies in memory can shift the result by several points in ways the interval does not cover, and differently in the next process; run the comparison in several processes with the multiproc package
  warning: candidate A drifted during the run, shifting -4.23% from its first half to its second; the machine did not hold still
  warning: candidate B drifted during the run, shifting -5.70% from its first half to its second; the machine did not hold still
  warning: the ratio B/A shifted -5.36% from the first half of the run to the second, so the candidates had not reached a steady state and the difference depends on how long the run was; a common cause is a head start for whichever candidate ran alone last before the comparison or had its data built last, which a longer CollectOptions.WarmupDuration removes

== path multi n=262144 prefix: ordered vs btree-sets
A 1.3e+04 per op, B 2.923e+04 per op
difference +55.51% [+45.07%, +65.52%] at 95% confidence
noise floor 19.312%, autocorrelation +0.010
resolved: A is faster than B
  warning: the program holds 488 MB of live data, more than the caches of many machines; for data that size, where it lies in memory can shift the result by several points in ways the interval does not cover, and differently in the next process; run the comparison in several processes with the multiproc package

== path multi n=262144 churn and build: ordered vs hashed
steady state, per insertion or deletion in a structure of 1587806 elements (cycle of 3175612 operations, first pass untimed):
  A 817.7 per op, B 396.1 per op
  difference -106.46% [-114.87%, -101.63%] at 95% confidence
  noise floor 1.094%, autocorrelation +0.433, resampled in blocks of 3
  resolved: A is slower than B
    warning: the program holds 654 MB of live data, more than the caches of many machines; for data that size, where it lies in memory can shift the result by several points in ways the interval does not cover, and differently in the next process; run the comparison in several processes with the multiproc package

== path multi n=262144 churn and build: ordered vs btree-sets
steady state, per insertion or deletion in a structure of 1587806 elements (cycle of 3175612 operations, first pass untimed):
  A 958.5 per op, B 1199 per op
  difference +20.07% [+18.29%, +21.09%] at 95% confidence
  noise floor 1.018%, autocorrelation +0.120
  resolved: A is faster than B
    warning: the program holds 880 MB of live data, more than the caches of many machines; for data that size, where it lies in memory can shift the result by several points in ways the interval does not cover, and differently in the next process; run the comparison in several processes with the multiproc package

== path multi n=262144 churn and build: ordered vs map-sets
steady state, per insertion or deletion in a structure of 1587806 elements (cycle of 3175612 operations, first pass untimed):
  A 854.6 per op, B 492.9 per op
  difference -73.37% [-78.94%, -69.30%] at 95% confidence
  noise floor 1.171%, autocorrelation +0.794, resampled in blocks of 3
  resolved: A is slower than B
    warning: the program holds 889 MB of live data, more than the caches of many machines; for data that size, where it lies in memory can shift the result by several points in ways the interval does not cover, and differently in the next process; run the comparison in several processes with the multiproc package

checksum 11175446501045450862
== path multi n=262144 valuesFor: ordered vs hashed
A 537.4 per op, B 217.8 per op
difference -146.71% [-154.90%, -139.22%] at 95% confidence
noise floor 2.140%, autocorrelation +0.172
resolved: A is slower than B
  warning: the program holds 634 MB of live data, more than the caches of many machines; for data that size, where it lies in memory can shift the result by several points in ways the interval does not cover, and differently in the next process; run the comparison in several processes with the multiproc package
  warning: in 50% of A/A runs this setup reported a difference between identical code, well above the 10% expected; treat any confidence from it with suspicion

== path multi n=262144 valuesFor: ordered vs btree-sets
A 606.5 per op, B 918.6 per op
difference +33.98% [+32.19%, +35.10%] at 95% confidence
noise floor 1.041%, autocorrelation +0.708, resampled in blocks of 3
resolved: A is faster than B
  warning: the program holds 634 MB of live data, more than the caches of many machines; for data that size, where it lies in memory can shift the result by several points in ways the interval does not cover, and differently in the next process; run the comparison in several processes with the multiproc package
  warning: candidate A drifted during the run, shifting -3.29% from its first half to its second; the machine did not hold still

== path multi n=262144 valuesFor: ordered vs map-sets
A 518.8 per op, B 442.7 per op
difference -17.18% [-19.56%, -14.67%] at 95% confidence
noise floor 0.678%, autocorrelation -0.120
resolved: A is slower than B
  warning: the program holds 634 MB of live data, more than the caches of many machines; for data that size, where it lies in memory can shift the result by several points in ways the interval does not cover, and differently in the next process; run the comparison in several processes with the multiproc package

== path multi n=262144 valuesBetween: ordered vs btree-sets
A 1.331e+04 per op, B 2.736e+04 per op
difference +51.35% [+49.97%, +52.22%] at 95% confidence
noise floor 1.623%, autocorrelation +0.219, resampled in blocks of 3
resolved: A is faster than B
  warning: the program holds 634 MB of live data, more than the caches of many machines; for data that size, where it lies in memory can shift the result by several points in ways the interval does not cover, and differently in the next process; run the comparison in several processes with the multiproc package

== path multi n=262144 prefix: ordered vs btree-sets
A 1.368e+04 per op, B 2.976e+04 per op
difference +54.04% [+41.55%, +62.80%] at 95% confidence
noise floor 14.289%, autocorrelation +0.035
resolved: A is faster than B
  warning: the program holds 634 MB of live data, more than the caches of many machines; for data that size, where it lies in memory can shift the result by several points in ways the interval does not cover, and differently in the next process; run the comparison in several processes with the multiproc package

== path multi n=262144 churn and build: ordered vs hashed
steady state, per insertion or deletion in a structure of 1587806 elements (cycle of 3175612 operations, first pass untimed):
  A 861.5 per op, B 396.2 per op
  difference -117.42% [-120.59%, -107.57%] at 95% confidence
  noise floor 1.878%, autocorrelation +0.359, resampled in blocks of 3
  resolved: A is slower than B
    warning: the program holds 823 MB of live data, more than the caches of many machines; for data that size, where it lies in memory can shift the result by several points in ways the interval does not cover, and differently in the next process; run the comparison in several processes with the multiproc package

== path multi n=262144 churn and build: ordered vs btree-sets
steady state, per insertion or deletion in a structure of 1587806 elements (cycle of 3175612 operations, first pass untimed):
  A 959.5 per op, B 1182 per op
  difference +18.83% [+18.10%, +20.33%] at 95% confidence
  noise floor 1.397%, autocorrelation +0.453, resampled in blocks of 3
  resolved: A is faster than B
    warning: the program holds 865 MB of live data, more than the caches of many machines; for data that size, where it lies in memory can shift the result by several points in ways the interval does not cover, and differently in the next process; run the comparison in several processes with the multiproc package

== path multi n=262144 churn and build: ordered vs map-sets
steady state, per insertion or deletion in a structure of 1587806 elements (cycle of 3175612 operations, first pass untimed):
  A 887.5 per op, B 482.5 per op
  difference -83.93% [-87.33%, -81.71%] at 95% confidence
  noise floor 2.570%, autocorrelation +0.730, resampled in blocks of 3
  resolved: A is slower than B
    warning: the program holds 876 MB of live data, more than the caches of many machines; for data that size, where it lies in memory can shift the result by several points in ways the interval does not cover, and differently in the next process; run the comparison in several processes with the multiproc package

checksum 1638923861152616657
