== u64 n=1048576 valuesFor: ordered vs hashed
A 182 per op, B 178 per op
difference -2.27% [-3.45%, -0.94%] at 95% confidence
noise floor 0.460%, autocorrelation +0.367, resampled in blocks of 5
resolved: A is slower than B
  warning: candidate A drifted during the run, shifting -3.57% from its first half to its second; the machine did not hold still
  warning: candidate B drifted during the run, shifting -0.51% from its first half to its second; the machine did not hold still

== u64 n=1048576 valuesFor: ordered vs btree-sets
A 179.8 per op, B 1021 per op
difference +82.39% [+82.08%, +82.54%] at 95% confidence
noise floor 0.626%, autocorrelation +0.534, resampled in blocks of 5
resolved: A is faster than B

== u64 n=1048576 valuesFor: ordered vs map-sets
A 173.3 per op, B 382 per op
difference +54.64% [+54.19%, +54.99%] at 95% confidence
noise floor 0.726%, autocorrelation +0.389, resampled in blocks of 5
resolved: A is faster than B
  warning: candidate A drifted during the run, shifting -0.29% from its first half to its second; the machine did not hold still

== u64 n=1048576 valuesFor: hashed vs map-sets
A 178.5 per op, B 380 per op
difference +53.03% [+52.44%, +53.44%] at 95% confidence
noise floor 0.567%, autocorrelation +0.282, resampled in blocks of 5
resolved: A is faster than B

== u64 n=1048576 valuesBetween: ordered vs btree-sets
A 7311 per op, B 2.037e+04 per op
difference +64.11% [+63.81%, +64.54%] at 95% confidence
noise floor 0.799%, autocorrelation +0.165
resolved: A is faster than B
  warning: candidate B drifted during the run, shifting -1.04% from its first half to its second; the machine did not hold still

== u64 n=1048576 addRemove: ordered vs hashed
A 311.1 per op, B 277.6 per op
difference -12.06% [-13.19%, -11.00%] at 95% confidence
noise floor 0.471%, autocorrelation +0.767, resampled in blocks of 5
resolved: A is slower than B
  warning: candidate A drifted during the run, shifting -1.72% from its first half to its second; the machine did not hold still
  warning: candidate B drifted during the run, shifting -1.33% from its first half to its second; the machine did not hold still

== u64 n=1048576 addRemove: ordered vs btree-sets
A 353 per op, B 1105 per op
difference +68.07% [+67.65%, +69.36%] at 95% confidence
noise floor 0.426%, autocorrelation +0.753, resampled in blocks of 5
resolved: A is faster than B
  warning: candidate A drifted during the run, shifting -5.42% from its first half to its second; the machine did not hold still
  warning: candidate B drifted during the run, shifting -7.47% from its first half to its second; the machine did not hold still

== u64 n=1048576 addRemove: ordered vs map-sets
A 320.3 per op, B 491.8 per op
difference +34.87% [+34.32%, +35.31%] at 95% confidence
noise floor 0.377%, autocorrelation +0.762, resampled in blocks of 5
resolved: A is faster than B
  warning: candidate A drifted during the run, shifting -0.49% from its first half to its second; the machine did not hold still
  warning: candidate B drifted during the run, shifting -0.52% from its first half to its second; the machine did not hold still

== u64 n=1048576 addRemove: hashed vs map-sets
A 289.2 per op, B 493.3 per op
difference +41.37% [+40.78%, +41.86%] at 95% confidence
noise floor 0.435%, autocorrelation +0.645, resampled in blocks of 5
resolved: A is faster than B

checksum 15499558515329017156
