== str n=1048576 valuesFor: ordered vs hashed
A 405.6 per op, B 227.7 per op
difference -78.12% [-81.55%, -75.90%] at 95% confidence
noise floor 1.167%, autocorrelation +0.385, resampled in blocks of 5
resolved: A is slower than B
  warning: candidate A drifted during the run, shifting -1.76% from its first half to its second; the machine did not hold still
  warning: candidate B drifted during the run, shifting -2.91% from its first half to its second; the machine did not hold still

== str n=1048576 valuesFor: ordered vs btree-sets
A 504.8 per op, B 1340 per op
difference +62.31% [+60.33%, +63.57%] at 95% confidence
noise floor 0.934%, autocorrelation +0.381, resampled in blocks of 5
resolved: A is faster than B
  warning: candidate A drifted during the run, shifting -12.31% from its first half to its second; the machine did not hold still
  warning: candidate B drifted during the run, shifting -0.03% from its first half to its second; the machine did not hold still

== str n=1048576 valuesFor: ordered vs map-sets
A 456.9 per op, B 478.3 per op
difference +4.48% [+2.88%, +6.56%] at 95% confidence
noise floor 1.841%, autocorrelation +0.259, resampled in blocks of 5
resolved: A is faster than B

== str n=1048576 valuesFor: hashed vs map-sets
A 214.8 per op, B 432.7 per op
difference +50.35% [+49.97%, +51.31%] at 95% confidence
noise floor 1.052%, autocorrelation +0.215, resampled in blocks of 5
resolved: A is faster than B

== str n=1048576 valuesBetween: ordered vs btree-sets
A 1.041e+04 per op, B 2.307e+04 per op
difference +54.87% [+54.30%, +55.70%] at 95% confidence
noise floor 0.932%, autocorrelation +0.135
resolved: A is faster than B
  warning: candidate B drifted during the run, shifting +4.76% from its first half to its second; the machine did not hold still

== str n=1048576 addRemove: ordered vs hashed
A 653.2 per op, B 332.3 per op
difference -96.55% [-98.70%, -93.22%] at 95% confidence
noise floor 0.742%, autocorrelation +0.373, resampled in blocks of 5
resolved: A is slower than B
  warning: candidate B drifted during the run, shifting -0.91% from its first half to its second; the machine did not hold still

== str n=1048576 addRemove: ordered vs btree-sets
A 721.4 per op, B 1458 per op
difference +50.54% [+49.74%, +51.38%] at 95% confidence
noise floor 1.358%, autocorrelation +0.469, resampled in blocks of 5
resolved: A is faster than B
  warning: candidate A drifted during the run, shifting +1.96% from its first half to its second; the machine did not hold still

== str n=1048576 addRemove: ordered vs map-sets
A 655.7 per op, B 528.8 per op
difference -24.00% [-25.71%, -22.21%] at 95% confidence
noise floor 1.580%, autocorrelation +0.397, resampled in blocks of 5
resolved: A is slower than B
  warning: in 32% of A/A runs this setup reported a difference between identical code, well above the 10% expected; treat any confidence from it with suspicion

== str n=1048576 addRemove: hashed vs map-sets
A 326.5 per op, B 556.1 per op
difference +41.28% [+40.65%, +41.79%] at 95% confidence
noise floor 0.920%, autocorrelation +0.256, resampled in blocks of 5
resolved: A is faster than B
  warning: candidate B drifted during the run, shifting -1.76% from its first half to its second; the machine did not hold still

checksum 1730031452439920030
