== str multi n=1048576 valuesFor: ordered vs hashed
A 426.5 per op, B 205.2 per op
difference -107.78% [-120.47%, -101.98%] at 95% confidence
noise floor 1.262%, autocorrelation +0.270, resampled in blocks of 5
resolved: A is slower than B
  warning: candidate A drifted during the run, shifting -12.14% from its first half to its second; the machine did not hold still
  warning: candidate B drifted during the run, shifting -0.18% from its first half to its second; the machine did not hold still

== str multi n=1048576 valuesFor: ordered vs btree-sets
A 471.5 per op, B 1154 per op
difference +59.13% [+56.83%, +60.29%] at 95% confidence
noise floor 0.957%, autocorrelation +0.530, resampled in blocks of 5
resolved: A is faster than B
  warning: candidate A drifted during the run, shifting -11.20% from its first half to its second; the machine did not hold still
  warning: candidate B drifted during the run, shifting -2.27% from its first half to its second; the machine did not hold still

== str multi n=1048576 valuesFor: ordered vs map-sets
A 444.4 per op, B 486 per op
difference +8.56% [+6.60%, +10.55%] at 95% confidence
noise floor 2.061%, autocorrelation +0.119
resolved: A is faster than B
  warning: candidate A drifted during the run, shifting -14.87% from its first half to its second; the machine did not hold still
  warning: candidate B drifted during the run, shifting -2.45% from its first half to its second; the machine did not hold still

== str multi n=1048576 valuesBetween: ordered vs btree-sets
A 9337 per op, B 3.061e+04 per op
difference +69.49% [+68.97%, +69.93%] at 95% confidence
noise floor 1.317%, autocorrelation +0.105
resolved: A is faster than B
  warning: candidate A drifted during the run, shifting -7.41% from its first half to its second; the machine did not hold still
  warning: candidate B drifted during the run, shifting -1.15% from its first half to its second; the machine did not hold still

== str multi n=1048576 churn: ordered vs hashed
A 589.4 per op, B 364.6 per op
difference -61.64% [-65.75%, -59.22%] at 95% confidence
noise floor 1.021%, autocorrelation +0.189
resolved: A is slower than B
  warning: candidate A drifted during the run, shifting -8.04% from its first half to its second; the machine did not hold still
  warning: candidate B drifted during the run, shifting -2.13% from its first half to its second; the machine did not hold still

== str multi n=1048576 churn: ordered vs btree-sets
A 855.8 per op, B 1333 per op
difference +35.78% [+33.58%, +37.79%] at 95% confidence
noise floor 1.543%, autocorrelation +0.275, resampled in blocks of 5
resolved: A is faster than B
  warning: candidate A drifted during the run, shifting -9.32% from its first half to its second; the machine did not hold still

== str multi n=1048576 churn: ordered vs map-sets
A 847.8 per op, B 457.7 per op
difference -85.25% [-89.01%, -80.02%] at 95% confidence
noise floor 1.320%, autocorrelation +0.152
resolved: A is slower than B
  warning: candidate A drifted during the run, shifting -13.85% from its first half to its second; the machine did not hold still

checksum 7302466314131947207
