== path multi n=4096 valuesFor: ordered vs hashed
A 107.1 per op, B 48.72 per op
difference -119.75% [-121.92%, -117.26%] at 95% confidence
noise floor 0.403%, autocorrelation +0.500, resampled in blocks of 3
resolved: A is slower than B
  warning: the program holds 68 MB of live data, more than the caches of many machines; for data that size, where it lies in memory can shift the result by several points in ways the interval does not cover, and differently in the next process; run the comparison in several processes with the multiproc package

== path multi n=4096 valuesFor: ordered vs btree-sets
A 107.7 per op, B 201.8 per op
difference +46.63% [+45.76%, +47.29%] at 95% confidence
noise floor 3.208%, autocorrelation +0.009
resolved: A is faster than B
  warning: the program holds 73 MB of live data, more than the caches of many machines; for data that size, where it lies in memory can shift the result by several points in ways the interval does not cover, and differently in the next process; run the comparison in several processes with the multiproc package
  warning: in 50% of A/A runs this setup reported a difference between identical code, well above the 10% expected; treat any confidence from it with suspicion

== path multi n=4096 valuesFor: ordered vs map-sets
A 106 per op, B 98.84 per op
difference -7.27% [-9.46%, -5.04%] at 95% confidence
noise floor 1.779%, autocorrelation -0.104
resolved: A is slower than B
  warning: the program holds 73 MB of live data, more than the caches of many machines; for data that size, where it lies in memory can shift the result by several points in ways the interval does not cover, and differently in the next process; run the comparison in several processes with the multiproc package
  warning: in 50% of A/A runs this setup reported a difference between identical code, well above the 10% expected; treat any confidence from it with suspicion

== path multi n=4096 valuesBetween: ordered vs hashed
A 4286 per op, B 6.484e+04 per op
difference +93.39% [+93.21%, +93.74%] at 95% confidence
noise floor 2.244%, autocorrelation -0.042
resolved: A is faster than B
  warning: the program holds 73 MB of live data, more than the caches of many machines; for data that size, where it lies in memory can shift the result by several points in ways the interval does not cover, and differently in the next process; run the comparison in several processes with the multiproc package

== path multi n=4096 valuesBetween: ordered vs btree-sets
A 4017 per op, B 7657 per op
difference +47.54% [+46.85%, +48.76%] at 95% confidence
noise floor 1.390%, autocorrelation -0.022
resolved: A is faster than B
  warning: the program holds 73 MB of live data, more than the caches of many machines; for data that size, where it lies in memory can shift the result by several points in ways the interval does not cover, and differently in the next process; run the comparison in several processes with the multiproc package

== path multi n=4096 valuesBetween: ordered vs map-sets
A 4191 per op, B 6.53e+04 per op
difference +93.58% [+93.44%, +93.80%] at 95% confidence
noise floor 0.995%, autocorrelation +0.453, resampled in blocks of 3
resolved: A is faster than B
  warning: the program holds 73 MB of live data, more than the caches of many machines; for data that size, where it lies in memory can shift the result by several points in ways the interval does not cover, and differently in the next process; run the comparison in several processes with the multiproc package

== path multi n=4096 prefix: ordered vs hashed
A 424.1 per op, B 5.962e+04 per op
difference +99.29% [+99.24%, +99.34%] at 95% confidence
noise floor 2.598%, autocorrelation +0.092
resolved: A is faster than B
  warning: the program holds 73 MB of live data, more than the caches of many machines; for data that size, where it lies in memory can shift the result by several points in ways the interval does not cover, and differently in the next process; run the comparison in several processes with the multiproc package

== path multi n=4096 prefix: ordered vs btree-sets
A 335 per op, B 479.8 per op
difference +30.18% [+26.39%, +35.80%] at 95% confidence
noise floor 4.499%, autocorrelation -0.364
resolved: A is faster than B
  warning: the program holds 73 MB of live data, more than the caches of many machines; for data that size, where it lies in memory can shift the result by several points in ways the interval does not cover, and differently in the next process; run the comparison in several processes with the multiproc package

== path multi n=4096 prefix: ordered vs map-sets
A 404.7 per op, B 5.387e+04 per op
difference +99.25% [+99.21%, +99.30%] at 95% confidence
noise floor 0.929%, autocorrelation +0.082
resolved: A is faster than B
  warning: the program holds 73 MB of live data, more than the caches of many machines; for data that size, where it lies in memory can shift the result by several points in ways the interval does not cover, and differently in the next process; run the comparison in several processes with the multiproc package

== path multi n=4096 churn and build: ordered vs hashed
steady state, per insertion or deletion in a structure of 25123 elements (cycle of 50246 operations, first pass untimed):
  A 153.1 per op, B 65.02 per op
  difference -135.47% [-140.42%, -127.52%] at 95% confidence
  noise floor 1.434%, autocorrelation +0.068
  resolved: A is slower than B
    warning: the program holds 76 MB of live data, more than the caches of many machines; for data that size, where it lies in memory can shift the result by several points in ways the interval does not cover, and differently in the next process; run the comparison in several processes with the multiproc package

build from empty to 25123 elements, per whole build (75369 operations):
  A 1.139e+07 per op, B 5.369e+06 per op
  difference -112.15% [-116.78%, -107.72%] at 95% confidence
  noise floor 1.766%, autocorrelation +0.131
  resolved: A is slower than B
    warning: the program holds 73 MB of live data, more than the caches of many machines; for data that size, where it lies in memory can shift the result by several points in ways the interval does not cover, and differently in the next process; run the comparison in several processes with the multiproc package

== path multi n=4096 churn and build: ordered vs btree-sets
steady state, per insertion or deletion in a structure of 25123 elements (cycle of 50246 operations, first pass untimed):
  A 164.6 per op, B 241.3 per op
  difference +31.78% [+29.58%, +34.49%] at 95% confidence
  noise floor 1.889%, autocorrelation +0.082
  resolved: A is faster than B
    warning: the program holds 77 MB of live data, more than the caches of many machines; for data that size, where it lies in memory can shift the result by several points in ways the interval does not cover, and differently in the next process; run the comparison in several processes with the multiproc package

build from empty to 25123 elements, per whole build (75369 operations):
  A 1.144e+07 per op, B 1.751e+07 per op
  difference +34.66% [+33.54%, +36.26%] at 95% confidence
  noise floor 1.091%, autocorrelation +0.015
  resolved: A is faster than B
    warning: the program holds 73 MB of live data, more than the caches of many machines; for data that size, where it lies in memory can shift the result by several points in ways the interval does not cover, and differently in the next process; run the comparison in several processes with the multiproc package

== path multi n=4096 churn and build: ordered vs map-sets
steady state, per insertion or deletion in a structure of 25123 elements (cycle of 50246 operations, first pass untimed):
  A 155.3 per op, B 76.51 per op
  difference -102.98% [-108.35%, -94.23%] at 95% confidence
  noise floor 3.395%, autocorrelation +0.261, resampled in blocks of 3
  resolved: A is slower than B
    warning: the program holds 77 MB of live data, more than the caches of many machines; for data that size, where it lies in memory can shift the result by several points in ways the interval does not cover, and differently in the next process; run the comparison in several processes with the multiproc package

build from empty to 25123 elements, per whole build (75369 operations):
  A 1.147e+07 per op, B 6.145e+06 per op
  difference -86.69% [-93.22%, -83.89%] at 95% confidence
  noise floor 2.917%, autocorrelation +0.207, resampled in blocks of 3
  resolved: A is slower than B
    warning: the program holds 73 MB of live data, more than the caches of many machines; for data that size, where it lies in memory can shift the result by several points in ways the interval does not cover, and differently in the next process; run the comparison in several processes with the multiproc package
    warning: in 50% of A/A runs this setup reported a difference between identical code, well above the 10% expected; treat any confidence from it with suspicion

checksum 4295616566668294485
== path multi n=4096 valuesFor: ordered vs hashed
A 104.9 per op, B 48.18 per op
difference -117.67% [-121.41%, -114.48%] at 95% confidence
noise floor 0.569%, autocorrelation -0.175
resolved: A is slower than B
  warning: the program holds 72 MB of live data, more than the caches of many machines; for data that size, where it lies in memory can shift the result by several points in ways the interval does not cover, and differently in the next process; run the comparison in several processes with the multiproc package

== path multi n=4096 valuesFor: ordered vs btree-sets
A 106.7 per op, B 201.6 per op
difference +47.07% [+46.26%, +48.99%] at 95% confidence
noise floor 1.339%, autocorrelation -0.008
resolved: A is faster than B
  warning: the program holds 77 MB of live data, more than the caches of many machines; for data that size, where it lies in memory can shift the result by several points in ways the interval does not cover, and differently in the next process; run the comparison in several processes with the multiproc package
  warning: in 50% of A/A runs this setup reported a difference between identical code, well above the 10% expected; treat any confidence from it with suspicion

== path multi n=4096 valuesFor: ordered vs map-sets
A 103.8 per op, B 97.18 per op
difference -6.80% [-9.33%, -3.01%] at 95% confidence
noise floor 0.838%, autocorrelation -0.121
resolved: A is slower than B
  warning: the program holds 77 MB of live data, more than the caches of many machines; for data that size, where it lies in memory can shift the result by several points in ways the interval does not cover, and differently in the next process; run the comparison in several processes with the multiproc package

== path multi n=4096 valuesBetween: ordered vs hashed
A 4271 per op, B 6.476e+04 per op
difference +93.41% [+93.25%, +93.54%] at 95% confidence
noise floor 1.366%, autocorrelation +0.129
resolved: A is faster than B
  warning: the program holds 77 MB of live data, more than the caches of many machines; for data that size, where it lies in memory can shift the result by several points in ways the interval does not cover, and differently in the next process; run the comparison in several processes with the multiproc package

== path multi n=4096 valuesBetween: ordered vs btree-sets
A 4057 per op, B 7619 per op
difference +46.75% [+45.58%, +47.76%] at 95% confidence
noise floor 2.313%, autocorrelation -0.008
resolved: A is faster than B
  warning: the program holds 77 MB of live data, more than the caches of many machines; for data that size, where it lies in memory can shift the result by several points in ways the interval does not cover, and differently in the next process; run the comparison in several processes with the multiproc package

== path multi n=4096 valuesBetween: ordered vs map-sets
A 4093 per op, B 6.556e+04 per op
difference +93.76% [+93.48%, +93.95%] at 95% confidence
noise floor 1.171%, autocorrelation -0.018
resolved: A is faster than B
  warning: the program holds 77 MB of live data, more than the caches of many machines; for data that size, where it lies in memory can shift the result by several points in ways the interval does not cover, and differently in the next process; run the comparison in several processes with the multiproc package
  warning: in 50% of A/A runs this setup reported a difference between identical code, well above the 10% expected; treat any confidence from it with suspicion

== path multi n=4096 prefix: ordered vs hashed
A 418.5 per op, B 5.999e+04 per op
difference +99.30% [+99.27%, +99.38%] at 95% confidence
noise floor 8.511%, autocorrelation +0.130
resolved: A is faster than B
  warning: the program holds 77 MB of live data, more than the caches of many machines; for data that size, where it lies in memory can shift the result by several points in ways the interval does not cover, and differently in the next process; run the comparison in several processes with the multiproc package

== path multi n=4096 prefix: ordered vs btree-sets
A 336.7 per op, B 489 per op
difference +31.15% [+26.96%, +38.43%] at 95% confidence
noise floor 2.191%, autocorrelation -0.177
resolved: A is faster than B
  warning: the program holds 77 MB of live data, more than the caches of many machines; for data that size, where it lies in memory can shift the result by several points in ways the interval does not cover, and differently in the next process; run the comparison in several processes with the multiproc package

== path multi n=4096 prefix: ordered vs map-sets
A 386.8 per op, B 5.47e+04 per op
difference +99.29% [+99.20%, +99.32%] at 95% confidence
noise floor 5.272%, autocorrelation +0.030
resolved: A is faster than B
  warning: the program holds 77 MB of live data, more than the caches of many machines; for data that size, where it lies in memory can shift the result by several points in ways the interval does not cover, and differently in the next process; run the comparison in several processes with the multiproc package
  warning: in 50% of A/A runs this setup reported a difference between identical code, well above the 10% expected; treat any confidence from it with suspicion

== path multi n=4096 churn and build: ordered vs hashed
steady state, per insertion or deletion in a structure of 25123 elements (cycle of 50246 operations, first pass untimed):
  A 154.7 per op, B 67.23 per op
  difference -130.19% [-134.64%, -125.35%] at 95% confidence
  noise floor 1.298%, autocorrelation +0.147
  resolved: A is slower than B
    warning: the program holds 80 MB of live data, more than the caches of many machines; for data that size, where it lies in memory can shift the result by several points in ways the interval does not cover, and differently in the next process; run the comparison in several processes with the multiproc package

build from empty to 25123 elements, per whole build (75369 operations):
  A 1.148e+07 per op, B 5.36e+06 per op
  difference -114.18% [-119.39%, -110.76%] at 95% confidence
  noise floor 2.073%, autocorrelation +0.114
  resolved: A is slower than B
    warning: the program holds 77 MB of live data, more than the caches of many machines; for data that size, where it lies in memory can shift the result by several points in ways the interval does not cover, and differently in the next process; run the comparison in several processes with the multiproc package

== path multi n=4096 churn and build: ordered vs btree-sets
steady state, per insertion or deletion in a structure of 25123 elements (cycle of 50246 operations, first pass untimed):
  A 164.2 per op, B 243.9 per op
  difference +32.68% [+29.82%, +35.60%] at 95% confidence
  noise floor 2.532%, autocorrelation +0.100
  resolved: A is faster than B
    warning: the program holds 81 MB of live data, more than the caches of many machines; for data that size, where it lies in memory can shift the result by several points in ways the interval does not cover, and differently in the next process; run the comparison in several processes with the multiproc package

build from empty to 25123 elements, per whole build (75369 operations):
  A 1.147e+07 per op, B 1.754e+07 per op
  difference +34.63% [+33.89%, +35.23%] at 95% confidence
  noise floor 0.920%, autocorrelation +0.202, resampled in blocks of 3
  resolved: A is faster than B
    warning: the program holds 77 MB of live data, more than the caches of many machines; for data that size, where it lies in memory can shift the result by several points in ways the interval does not cover, and differently in the next process; run the comparison in several processes with the multiproc package

== path multi n=4096 churn and build: ordered vs map-sets
steady state, per insertion or deletion in a structure of 25123 elements (cycle of 50246 operations, first pass untimed):
  A 162.2 per op, B 86.45 per op
  difference -87.58% [-94.69%, -75.56%] at 95% confidence
  noise floor 4.759%, autocorrelation -0.175
  resolved: A is slower than B
    warning: the program holds 81 MB of live data, more than the caches of many machines; for data that size, where it lies in memory can shift the result by several points in ways the interval does not cover, and differently in the next process; run the comparison in several processes with the multiproc package
    warning: in 50% of A/A runs this setup reported a difference between identical code, well above the 10% expected; treat any confidence from it with suspicion

build from empty to 25123 elements, per whole build (75369 operations):
  A 1.142e+07 per op, B 6.229e+06 per op
  difference -83.35% [-86.87%, -79.77%] at 95% confidence
  noise floor 1.439%, autocorrelation +0.172
  resolved: A is slower than B
    warning: the program holds 77 MB of live data, more than the caches of many machines; for data that size, where it lies in memory can shift the result by several points in ways the interval does not cover, and differently in the next process; run the comparison in several processes with the multiproc package

checksum 2267802467805812264
== path multi n=4096 valuesFor: ordered vs hashed
A 104.5 per op, B 47.89 per op
difference -118.22% [-121.41%, -113.83%] at 95% confidence
noise floor 0.149%, autocorrelation -0.095
resolved: A is slower than B
  warning: the program holds 68 MB of live data, more than the caches of many machines; for data that size, where it lies in memory can shift the result by several points in ways the interval does not cover, and differently in the next process; run the comparison in several processes with the multiproc package

== path multi n=4096 valuesFor: ordered vs btree-sets
A 107 per op, B 199 per op
difference +46.21% [+45.63%, +47.38%] at 95% confidence
noise floor 2.246%, autocorrelation -0.182
resolved: A is faster than B
  warning: the program holds 82 MB of live data, more than the caches of many machines; for data that size, where it lies in memory can shift the result by several points in ways the interval does not cover, and differently in the next process; run the comparison in several processes with the multiproc package
  warning: in 50% of A/A runs this setup reported a difference between identical code, well above the 10% expected; treat any confidence from it with suspicion

== path multi n=4096 valuesFor: ordered vs map-sets
A 105.2 per op, B 97.36 per op
difference -8.02% [-8.99%, -6.60%] at 95% confidence
noise floor 1.503%, autocorrelation +0.263, resampled in blocks of 3
resolved: A is slower than B
  warning: the program holds 82 MB of live data, more than the caches of many machines; for data that size, where it lies in memory can shift the result by several points in ways the interval does not cover, and differently in the next process; run the comparison in several processes with the multiproc package

== path multi n=4096 valuesBetween: ordered vs hashed
A 4249 per op, B 6.415e+04 per op
difference +93.38% [+93.22%, +93.67%] at 95% confidence
noise floor 2.379%, autocorrelation -0.031
resolved: A is faster than B
  warning: the program holds 82 MB of live data, more than the caches of many machines; for data that size, where it lies in memory can shift the result by several points in ways the interval does not cover, and differently in the next process; run the comparison in several processes with the multiproc package

== path multi n=4096 valuesBetween: ordered vs btree-sets
A 4030 per op, B 7749 per op
difference +48.00% [+46.72%, +50.35%] at 95% confidence
noise floor 1.748%, autocorrelation -0.043
resolved: A is faster than B
  warning: the program holds 82 MB of live data, more than the caches of many machines; for data that size, where it lies in memory can shift the result by several points in ways the interval does not cover, and differently in the next process; run the comparison in several processes with the multiproc package

== path multi n=4096 valuesBetween: ordered vs map-sets
A 4079 per op, B 6.538e+04 per op
difference +93.76% [+93.56%, +93.88%] at 95% confidence
noise floor 2.717%, autocorrelation +0.222, resampled in blocks of 3
resolved: A is faster than B
  warning: the program holds 81 MB of live data, more than the caches of many machines; for data that size, where it lies in memory can shift the result by several points in ways the interval does not cover, and differently in the next process; run the comparison in several processes with the multiproc package

== path multi n=4096 prefix: ordered vs hashed
A 460.7 per op, B 5.914e+04 per op
difference +99.22% [+99.15%, +99.28%] at 95% confidence
noise floor 5.432%, autocorrelation +0.097
resolved: A is faster than B
  warning: the program holds 81 MB of live data, more than the caches of many machines; for data that size, where it lies in memory can shift the result by several points in ways the interval does not cover, and differently in the next process; run the comparison in several processes with the multiproc package
  warning: in 50% of A/A runs this setup reported a difference between identical code, well above the 10% expected; treat any confidence from it with suspicion

== path multi n=4096 prefix: ordered vs btree-sets
A 315.1 per op, B 477.3 per op
difference +33.99% [+27.36%, +36.43%] at 95% confidence
noise floor 7.854%, autocorrelation -0.379
resolved: A is faster than B
  warning: the program holds 81 MB of live data, more than the caches of many machines; for data that size, where it lies in memory can shift the result by several points in ways the interval does not cover, and differently in the next process; run the comparison in several processes with the multiproc package
  warning: in 50% of A/A runs this setup reported a difference between identical code, well above the 10% expected; treat any confidence from it with suspicion

== path multi n=4096 prefix: ordered vs map-sets
A 426.4 per op, B 5.458e+04 per op
difference +99.22% [+99.13%, +99.29%] at 95% confidence
noise floor 3.046%, autocorrelation +0.284, resampled in blocks of 3
resolved: A is faster than B
  warning: the program holds 81 MB of live data, more than the caches of many machines; for data that size, where it lies in memory can shift the result by several points in ways the interval does not cover, and differently in the next process; run the comparison in several processes with the multiproc package

== path multi n=4096 churn and build: ordered vs hashed
steady state, per insertion or deletion in a structure of 25123 elements (cycle of 50246 operations, first pass untimed):
  A 156.9 per op, B 67.4 per op
  difference -132.73% [-140.92%, -126.42%] at 95% confidence
  noise floor 1.577%, autocorrelation +0.109
  resolved: A is slower than B
    warning: the program holds 84 MB of live data, more than the caches of many machines; for data that size, where it lies in memory can shift the result by several points in ways the interval does not cover, and differently in the next process; run the comparison in several processes with the multiproc package

build from empty to 25123 elements, per whole build (75369 operations):
  A 1.14e+07 per op, B 5.339e+06 per op
  difference -113.53% [-118.24%, -111.20%] at 95% confidence
  noise floor 0.658%, autocorrelation -0.008
  resolved: A is slower than B
    warning: the program holds 82 MB of live data, more than the caches of many machines; for data that size, where it lies in memory can shift the result by several points in ways the interval does not cover, and differently in the next process; run the comparison in several processes with the multiproc package

== path multi n=4096 churn and build: ordered vs btree-sets
steady state, per insertion or deletion in a structure of 25123 elements (cycle of 50246 operations, first pass untimed):
  A 164 per op, B 243.8 per op
  difference +32.75% [+29.96%, +36.23%] at 95% confidence
  noise floor 4.613%, autocorrelation +0.076
  resolved: A is faster than B
    warning: the program holds 85 MB of live data, more than the caches of many machines; for data that size, where it lies in memory can shift the result by several points in ways the interval does not cover, and differently in the next process; run the comparison in several processes with the multiproc package
    warning: in 50% of A/A runs this setup reported a difference between identical code, well above the 10% expected; treat any confidence from it with suspicion

build from empty to 25123 elements, per whole build (75369 operations):
  A 1.129e+07 per op, B 1.756e+07 per op
  difference +35.70% [+33.60%, +36.66%] at 95% confidence
  noise floor 0.726%, autocorrelation +0.138
  resolved: A is faster than B
    warning: the program holds 82 MB of live data, more than the caches of many machines; for data that size, where it lies in memory can shift the result by several points in ways the interval does not cover, and differently in the next process; run the comparison in several processes with the multiproc package

== path multi n=4096 churn and build: ordered vs map-sets
steady state, per insertion or deletion in a structure of 25123 elements (cycle of 50246 operations, first pass untimed):
  A 156.8 per op, B 79.4 per op
  difference -97.43% [-107.30%, -89.99%] at 95% confidence
  noise floor 0.665%, autocorrelation -0.126
  resolved: A is slower than B
    warning: the program holds 85 MB of live data, more than the caches of many machines; for data that size, where it lies in memory can shift the result by several points in ways the interval does not cover, and differently in the next process; run the comparison in several processes with the multiproc package

build from empty to 25123 elements, per whole build (75369 operations):
  A 1.146e+07 per op, B 6.281e+06 per op
  difference -82.40% [-88.03%, -76.75%] at 95% confidence
  noise floor 1.326%, autocorrelation +0.177
  resolved: A is slower than B
    warning: the program holds 82 MB of live data, more than the caches of many machines; for data that size, where it lies in memory can shift the result by several points in ways the interval does not cover, and differently in the next process; run the comparison in several processes with the multiproc package

checksum 6565573081845727484
== path multi n=4096 valuesFor: ordered vs hashed
A 105.5 per op, B 47.31 per op
difference -123.04% [-128.62%, -118.56%] at 95% confidence
noise floor 0.775%, autocorrelation +0.015
resolved: A is slower than B
  warning: the program holds 78 MB of live data, more than the caches of many machines; for data that size, where it lies in memory can shift the result by several points in ways the interval does not cover, and differently in the next process; run the comparison in several processes with the multiproc package

== path multi n=4096 valuesFor: ordered vs btree-sets
A 108.4 per op, B 204.4 per op
difference +46.98% [+45.79%, +47.77%] at 95% confidence
noise floor 1.708%, autocorrelation +0.259, resampled in blocks of 3
resolved: A is faster than B
  warning: the program holds 78 MB of live data, more than the caches of many machines; for data that size, where it lies in memory can shift the result by several points in ways the interval does not cover, and differently in the next process; run the comparison in several processes with the multiproc package

== path multi n=4096 valuesFor: ordered vs map-sets
A 104.8 per op, B 97.86 per op
difference -7.13% [-9.30%, -4.67%] at 95% confidence
noise floor 0.484%, autocorrelation +0.061
resolved: A is slower than B
  warning: the program holds 78 MB of live data, more than the caches of many machines; for data that size, where it lies in memory can shift the result by several points in ways the interval does not cover, and differently in the next process; run the comparison in several processes with the multiproc package

== path multi n=4096 valuesBetween: ordered vs hashed
A 4224 per op, B 6.545e+04 per op
difference +93.55% [+93.38%, +93.74%] at 95% confidence
noise floor 1.665%, autocorrelation -0.019
resolved: A is faster than B
  warning: the program holds 78 MB of live data, more than the caches of many machines; for data that size, where it lies in memory can shift the result by several points in ways the interval does not cover, and differently in the next process; run the comparison in several processes with the multiproc package

== path multi n=4096 valuesBetween: ordered vs btree-sets
A 4023 per op, B 7697 per op
difference +47.73% [+46.35%, +48.99%] at 95% confidence
noise floor 1.073%, autocorrelation -0.002
resolved: A is faster than B
  warning: the program holds 78 MB of live data, more than the caches of many machines; for data that size, where it lies in memory can shift the result by several points in ways the interval does not cover, and differently in the next process; run the comparison in several processes with the multiproc package
  warning: in 50% of A/A runs this setup reported a difference between identical code, well above the 10% expected; treat any confidence from it with suspicion

== path multi n=4096 valuesBetween: ordered vs map-sets
A 4136 per op, B 6.479e+04 per op
difference +93.62% [+93.42%, +94.04%] at 95% confidence
noise floor 2.025%, autocorrelation -0.022
resolved: A is faster than B
  warning: the program holds 79 MB of live data, more than the caches of many machines; for data that size, where it lies in memory can shift the result by several points in ways the interval does not cover, and differently in the next process; run the comparison in several processes with the multiproc package

== path multi n=4096 prefix: ordered vs hashed
A 427.2 per op, B 6.033e+04 per op
difference +99.29% [+99.22%, +99.33%] at 95% confidence
noise floor 7.825%, autocorrelation +0.157
resolved: A is faster than B
  warning: the program holds 79 MB of live data, more than the caches of many machines; for data that size, where it lies in memory can shift the result by several points in ways the interval does not cover, and differently in the next process; run the comparison in several processes with the multiproc package

== path multi n=4096 prefix: ordered vs btree-sets
A 324.8 per op, B 481.3 per op
difference +32.52% [+28.08%, +36.51%] at 95% confidence
noise floor 1.160%, autocorrelation -0.133
resolved: A is faster than B
  warning: the program holds 78 MB of live data, more than the caches of many machines; for data that size, where it lies in memory can shift the result by several points in ways the interval does not cover, and differently in the next process; run the comparison in several processes with the multiproc package

== path multi n=4096 prefix: ordered vs map-sets
A 408.8 per op, B 5.411e+04 per op
difference +99.24% [+99.20%, +99.28%] at 95% confidence
noise floor 4.966%, autocorrelation +0.131
resolved: A is faster than B
  warning: the program holds 78 MB of live data, more than the caches of many machines; for data that size, where it lies in memory can shift the result by several points in ways the interval does not cover, and differently in the next process; run the comparison in several processes with the multiproc package
  warning: in 50% of A/A runs this setup reported a difference between identical code, well above the 10% expected; treat any confidence from it with suspicion

== path multi n=4096 churn and build: ordered vs hashed
steady state, per insertion or deletion in a structure of 25123 elements (cycle of 50246 operations, first pass untimed):
  A 150.4 per op, B 65.26 per op
  difference -130.50% [-138.59%, -121.33%] at 95% confidence
  noise floor 1.373%, autocorrelation +0.114
  resolved: A is slower than B
    warning: the program holds 81 MB of live data, more than the caches of many machines; for data that size, where it lies in memory can shift the result by several points in ways the interval does not cover, and differently in the next process; run the comparison in several processes with the multiproc package

build from empty to 25123 elements, per whole build (75369 operations):
  A 1.138e+07 per op, B 5.333e+06 per op
  difference -113.37% [-121.94%, -108.17%] at 95% confidence
  noise floor 0.995%, autocorrelation +0.096
  resolved: A is slower than B
    warning: the program holds 79 MB of live data, more than the caches of many machines; for data that size, where it lies in memory can shift the result by several points in ways the interval does not cover, and differently in the next process; run the comparison in several processes with the multiproc package

== path multi n=4096 churn and build: ordered vs btree-sets
steady state, per insertion or deletion in a structure of 25123 elements (cycle of 50246 operations, first pass untimed):
  A 159.1 per op, B 235.6 per op
  difference +32.46% [+27.87%, +35.51%] at 95% confidence
  noise floor 2.288%, autocorrelation -0.055
  resolved: A is faster than B
    warning: the program holds 82 MB of live data, more than the caches of many machines; for data that size, where it lies in memory can shift the result by several points in ways the interval does not cover, and differently in the next process; run the comparison in several processes with the multiproc package

build from empty to 25123 elements, per whole build (75369 operations):
  A 1.144e+07 per op, B 1.754e+07 per op
  difference +34.79% [+33.43%, +35.31%] at 95% confidence
  noise floor 0.276%, autocorrelation +0.085
  resolved: A is faster than B
    warning: the program holds 79 MB of live data, more than the caches of many machines; for data that size, where it lies in memory can shift the result by several points in ways the interval does not cover, and differently in the next process; run the comparison in several processes with the multiproc package
    warning: candidate A drifted during the run, shifting -1.17% from its first half to its second; the machine did not hold still

== path multi n=4096 churn and build: ordered vs map-sets
steady state, per insertion or deletion in a structure of 25123 elements (cycle of 50246 operations, first pass untimed):
  A 154 per op, B 75.79 per op
  difference -103.15% [-109.53%, -90.47%] at 95% confidence
  noise floor 1.298%, autocorrelation -0.174
  resolved: A is slower than B
    warning: the program holds 82 MB of live data, more than the caches of many machines; for data that size, where it lies in memory can shift the result by several points in ways the interval does not cover, and differently in the next process; run the comparison in several processes with the multiproc package
    warning: candidate B drifted during the run, shifting +10.55% from its first half to its second; the machine did not hold still

build from empty to 25123 elements, per whole build (75369 operations):
  A 1.162e+07 per op, B 6.337e+06 per op
  difference -83.37% [-85.64%, -75.69%] at 95% confidence
  noise floor 1.159%, autocorrelation +0.062
  resolved: A is slower than B
    warning: the program holds 79 MB of live data, more than the caches of many machines; for data that size, where it lies in memory can shift the result by several points in ways the interval does not cover, and differently in the next process; run the comparison in several processes with the multiproc package

checksum 160690376307417595
== path multi n=4096 valuesFor: ordered vs hashed
A 104.9 per op, B 47.8 per op
difference -119.54% [-124.49%, -116.69%] at 95% confidence
noise floor 0.737%, autocorrelation +0.078
resolved: A is slower than B
  warning: the program holds 71 MB of live data, more than the caches of many machines; for data that size, where it lies in memory can shift the result by several points in ways the interval does not cover, and differently in the next process; run the comparison in several processes with the multiproc package

== path multi n=4096 valuesFor: ordered vs btree-sets
A 107.5 per op, B 200.3 per op
difference +46.33% [+45.23%, +47.07%] at 95% confidence
noise floor 1.344%, autocorrelation -0.027
resolved: A is faster than B
  warning: the program holds 83 MB of live data, more than the caches of many machines; for data that size, where it lies in memory can shift the result by several points in ways the interval does not cover, and differently in the next process; run the comparison in several processes with the multiproc package
  warning: in 50% of A/A runs this setup reported a difference between identical code, well above the 10% expected; treat any confidence from it with suspicion

== path multi n=4096 valuesFor: ordered vs map-sets
A 105.3 per op, B 98.03 per op
difference -7.43% [-8.24%, -4.93%] at 95% confidence
noise floor 0.608%, autocorrelation -0.006
resolved: A is slower than B
  warning: the program holds 83 MB of live data, more than the caches of many machines; for data that size, where it lies in memory can shift the result by several points in ways the interval does not cover, and differently in the next process; run the comparison in several processes with the multiproc package

== path multi n=4096 valuesBetween: ordered vs hashed
A 4355 per op, B 6.556e+04 per op
difference +93.36% [+93.23%, +93.54%] at 95% confidence
noise floor 2.491%, autocorrelation +0.048
resolved: A is faster than B
  warning: the program holds 84 MB of live data, more than the caches of many machines; for data that size, where it lies in memory can shift the result by several points in ways the interval does not cover, and differently in the next process; run the comparison in several processes with the multiproc package

== path multi n=4096 valuesBetween: ordered vs btree-sets
A 4165 per op, B 7684 per op
difference +45.80% [+44.63%, +48.07%] at 95% confidence
noise floor 1.715%, autocorrelation -0.066
resolved: A is faster than B
  warning: the program holds 84 MB of live data, more than the caches of many machines; for data that size, where it lies in memory can shift the result by several points in ways the interval does not cover, and differently in the next process; run the comparison in several processes with the multiproc package

== path multi n=4096 valuesBetween: ordered vs map-sets
A 4166 per op, B 6.463e+04 per op
difference +93.55% [+93.45%, +93.70%] at 95% confidence
noise floor 0.412%, autocorrelation +0.002
resolved: A is faster than B
  warning: the program holds 84 MB of live data, more than the caches of many machines; for data that size, where it lies in memory can shift the result by several points in ways the interval does not cover, and differently in the next process; run the comparison in several processes with the multiproc package

== path multi n=4096 prefix: ordered vs hashed
A 463.4 per op, B 5.986e+04 per op
difference +99.23% [+99.15%, +99.28%] at 95% confidence
noise floor 3.647%, autocorrelation +0.098
resolved: A is faster than B
  warning: the program holds 83 MB of live data, more than the caches of many machines; for data that size, where it lies in memory can shift the result by several points in ways the interval does not cover, and differently in the next process; run the comparison in several processes with the multiproc package

== path multi n=4096 prefix: ordered vs btree-sets
A 331.1 per op, B 483 per op
difference +31.44% [+25.89%, +34.91%] at 95% confidence
noise floor 3.558%, autocorrelation +0.127
resolved: A is faster than B
  warning: the program holds 83 MB of live data, more than the caches of many machines; for data that size, where it lies in memory can shift the result by several points in ways the interval does not cover, and differently in the next process; run the comparison in several processes with the multiproc package
  warning: in 50% of A/A runs this setup reported a difference between identical code, well above the 10% expected; treat any confidence from it with suspicion

== path multi n=4096 prefix: ordered vs map-sets
A 404.5 per op, B 5.451e+04 per op
difference +99.26% [+99.21%, +99.30%] at 95% confidence
noise floor 7.285%, autocorrelation +0.119
resolved: A is faster than B
  warning: the program holds 84 MB of live data, more than the caches of many machines; for data that size, where it lies in memory can shift the result by several points in ways the interval does not cover, and differently in the next process; run the comparison in several processes with the multiproc package

== path multi n=4096 churn and build: ordered vs hashed
steady state, per insertion or deletion in a structure of 25123 elements (cycle of 50246 operations, first pass untimed):
  A 154.3 per op, B 67.43 per op
  difference -128.86% [-133.97%, -123.27%] at 95% confidence
  noise floor 1.315%, autocorrelation +0.134
  resolved: A is slower than B
    warning: the program holds 86 MB of live data, more than the caches of many machines; for data that size, where it lies in memory can shift the result by several points in ways the interval does not cover, and differently in the next process; run the comparison in several processes with the multiproc package

build from empty to 25123 elements, per whole build (75369 operations):
  A 1.132e+07 per op, B 5.22e+06 per op
  difference -116.75% [-120.80%, -115.09%] at 95% confidence
  noise floor 0.560%, autocorrelation +0.065
  resolved: A is slower than B
    warning: the program holds 84 MB of live data, more than the caches of many machines; for data that size, where it lies in memory can shift the result by several points in ways the interval does not cover, and differently in the next process; run the comparison in several processes with the multiproc package

== path multi n=4096 churn and build: ordered vs btree-sets
steady state, per insertion or deletion in a structure of 25123 elements (cycle of 50246 operations, first pass untimed):
  A 167 per op, B 253.4 per op
  difference +34.08% [+30.63%, +39.17%] at 95% confidence
  noise floor 1.340%, autocorrelation +0.008
  resolved: A is faster than B
    warning: the program holds 87 MB of live data, more than the caches of many machines; for data that size, where it lies in memory can shift the result by several points in ways the interval does not cover, and differently in the next process; run the comparison in several processes with the multiproc package
    warning: candidate B drifted during the run, shifting +7.31% from its first half to its second; the machine did not hold still

build from empty to 25123 elements, per whole build (75369 operations):
  A 1.132e+07 per op, B 1.764e+07 per op
  difference +35.86% [+34.35%, +36.75%] at 95% confidence
  noise floor 1.359%, autocorrelation +0.106
  resolved: A is faster than B
    warning: the program holds 84 MB of live data, more than the caches of many machines; for data that size, where it lies in memory can shift the result by several points in ways the interval does not cover, and differently in the next process; run the comparison in several processes with the multiproc package

== path multi n=4096 churn and build: ordered vs map-sets
steady state, per insertion or deletion in a structure of 25123 elements (cycle of 50246 operations, first pass untimed):
  A 156.5 per op, B 75.66 per op
  difference -106.83% [-116.11%, -101.21%] at 95% confidence
  noise floor 5.749%, autocorrelation +0.072
  resolved: A is slower than B
    warning: the program holds 87 MB of live data, more than the caches of many machines; for data that size, where it lies in memory can shift the result by several points in ways the interval does not cover, and differently in the next process; run the comparison in several processes with the multiproc package
    warning: in 50% of A/A runs this setup reported a difference between identical code, well above the 10% expected; treat any confidence from it with suspicion

build from empty to 25123 elements, per whole build (75369 operations):
  A 1.139e+07 per op, B 6.256e+06 per op
  difference -82.07% [-86.47%, -79.31%] at 95% confidence
  noise floor 1.059%, autocorrelation +0.032
  resolved: A is slower than B
    warning: the program holds 84 MB of live data, more than the caches of many machines; for data that size, where it lies in memory can shift the result by several points in ways the interval does not cover, and differently in the next process; run the comparison in several processes with the multiproc package

checksum 17355966565562726394
== path multi n=4096 valuesFor: ordered vs hashed
A 106 per op, B 47.84 per op
difference -121.64% [-126.15%, -118.78%] at 95% confidence
noise floor 0.831%, autocorrelation -0.062
resolved: A is slower than B
  warning: the program holds 78 MB of live data, more than the caches of many machines; for data that size, where it lies in memory can shift the result by several points in ways the interval does not cover, and differently in the next process; run the comparison in several processes with the multiproc package

== path multi n=4096 valuesFor: ordered vs btree-sets
A 108 per op, B 204.1 per op
difference +47.10% [+45.54%, +47.81%] at 95% confidence
noise floor 2.277%, autocorrelation -0.238
resolved: A is faster than B
  warning: the program holds 78 MB of live data, more than the caches of many machines; for data that size, where it lies in memory can shift the result by several points in ways the interval does not cover, and differently in the next process; run the comparison in several processes with the multiproc package
  warning: in 50% of A/A runs this setup reported a difference between identical code, well above the 10% expected; treat any confidence from it with suspicion

== path multi n=4096 valuesFor: ordered vs map-sets
A 105.8 per op, B 99 per op
difference -6.85% [-8.98%, -4.77%] at 95% confidence
noise floor 1.039%, autocorrelation +0.194
resolved: A is slower than B
  warning: the program holds 78 MB of live data, more than the caches of many machines; for data that size, where it lies in memory can shift the result by several points in ways the interval does not cover, and differently in the next process; run the comparison in several processes with the multiproc package

== path multi n=4096 valuesBetween: ordered vs hashed
A 4298 per op, B 6.522e+04 per op
difference +93.41% [+93.18%, +93.69%] at 95% confidence
noise floor 1.290%, autocorrelation +0.072
resolved: A is faster than B
  warning: the program holds 78 MB of live data, more than the caches of many machines; for data that size, where it lies in memory can shift the result by several points in ways the interval does not cover, and differently in the next process; run the comparison in several processes with the multiproc package

== path multi n=4096 valuesBetween: ordered vs btree-sets
A 4016 per op, B 7656 per op
difference +47.54% [+45.51%, +48.65%] at 95% confidence
noise floor 2.021%, autocorrelation -0.024
resolved: A is faster than B
  warning: the program holds 79 MB of live data, more than the caches of many machines; for data that size, where it lies in memory can shift the result by several points in ways the interval does not cover, and differently in the next process; run the comparison in several processes with the multiproc package

== path multi n=4096 valuesBetween: ordered vs map-sets
A 4218 per op, B 6.529e+04 per op
difference +93.54% [+93.33%, +93.74%] at 95% confidence
noise floor 0.830%, autocorrelation -0.159
resolved: A is faster than B
  warning: the program holds 79 MB of live data, more than the caches of many machines; for data that size, where it lies in memory can shift the result by several points in ways the interval does not cover, and differently in the next process; run the comparison in several processes with the multiproc package
  warning: candidate B drifted during the run, shifting +1.39% from its first half to its second; the machine did not hold still

== path multi n=4096 prefix: ordered vs hashed
A 440 per op, B 5.972e+04 per op
difference +99.26% [+99.22%, +99.30%] at 95% confidence
noise floor 3.158%, autocorrelation +0.402, resampled in blocks of 3
resolved: A is faster than B
  warning: the program holds 79 MB of live data, more than the caches of many machines; for data that size, where it lies in memory can shift the result by several points in ways the interval does not cover, and differently in the next process; run the comparison in several processes with the multiproc package

== path multi n=4096 prefix: ordered vs btree-sets
A 331.8 per op, B 479.1 per op
difference +30.74% [+26.73%, +36.94%] at 95% confidence
noise floor 3.198%, autocorrelation -0.192
resolved: A is faster than B
  warning: the program holds 78 MB of live data, more than the caches of many machines; for data that size, where it lies in memory can shift the result by several points in ways the interval does not cover, and differently in the next process; run the comparison in several processes with the multiproc package

== path multi n=4096 prefix: ordered vs map-sets
A 411.2 per op, B 5.451e+04 per op
difference +99.25% [+99.18%, +99.32%] at 95% confidence
noise floor 8.355%, autocorrelation +0.049
resolved: A is faster than B
  warning: the program holds 78 MB of live data, more than the caches of many machines; for data that size, where it lies in memory can shift the result by several points in ways the interval does not cover, and differently in the next process; run the comparison in several processes with the multiproc package
  warning: in 50% of A/A runs this setup reported a difference between identical code, well above the 10% expected; treat any confidence from it with suspicion

== path multi n=4096 churn and build: ordered vs hashed
steady state, per insertion or deletion in a structure of 25123 elements (cycle of 50246 operations, first pass untimed):
  A 156.8 per op, B 67.25 per op
  difference -133.13% [-142.39%, -126.29%] at 95% confidence
  noise floor 1.687%, autocorrelation +0.135
  resolved: A is slower than B
    warning: the program holds 81 MB of live data, more than the caches of many machines; for data that size, where it lies in memory can shift the result by several points in ways the interval does not cover, and differently in the next process; run the comparison in several processes with the multiproc package

build from empty to 25123 elements, per whole build (75369 operations):
  A 1.147e+07 per op, B 5.288e+06 per op
  difference -116.94% [-119.73%, -110.95%] at 95% confidence
  noise floor 1.243%, autocorrelation +0.035
  resolved: A is slower than B
    warning: the program holds 79 MB of live data, more than the caches of many machines; for data that size, where it lies in memory can shift the result by several points in ways the interval does not cover, and differently in the next process; run the comparison in several processes with the multiproc package

== path multi n=4096 churn and build: ordered vs btree-sets
steady state, per insertion or deletion in a structure of 25123 elements (cycle of 50246 operations, first pass untimed):
  A 159.5 per op, B 235.1 per op
  difference +32.17% [+30.37%, +33.65%] at 95% confidence
  noise floor 1.828%, autocorrelation +0.158
  resolved: A is faster than B
    warning: the program holds 82 MB of live data, more than the caches of many machines; for data that size, where it lies in memory can shift the result by several points in ways the interval does not cover, and differently in the next process; run the comparison in several processes with the multiproc package

build from empty to 25123 elements, per whole build (75369 operations):
  A 1.149e+07 per op, B 1.773e+07 per op
  difference +35.20% [+34.19%, +36.76%] at 95% confidence
  noise floor 0.747%, autocorrelation -0.008
  resolved: A is faster than B
    warning: the program holds 79 MB of live data, more than the caches of many machines; for data that size, where it lies in memory can shift the result by several points in ways the interval does not cover, and differently in the next process; run the comparison in several processes with the multiproc package

== path multi n=4096 churn and build: ordered vs map-sets
steady state, per insertion or deletion in a structure of 25123 elements (cycle of 50246 operations, first pass untimed):
  A 159.4 per op, B 86.81 per op
  difference -83.67% [-94.30%, -76.62%] at 95% confidence
  noise floor 4.771%, autocorrelation -0.084
  resolved: A is slower than B
    warning: the program holds 82 MB of live data, more than the caches of many machines; for data that size, where it lies in memory can shift the result by several points in ways the interval does not cover, and differently in the next process; run the comparison in several processes with the multiproc package

build from empty to 25123 elements, per whole build (75369 operations):
  A 1.163e+07 per op, B 6.233e+06 per op
  difference -86.53% [-90.63%, -78.51%] at 95% confidence
  noise floor 1.357%, autocorrelation +0.245, resampled in blocks of 3
  resolved: A is slower than B
    warning: the program holds 79 MB of live data, more than the caches of many machines; for data that size, where it lies in memory can shift the result by several points in ways the interval does not cover, and differently in the next process; run the comparison in several processes with the multiproc package

checksum 18165571412972915961
