== u64 multi n=1048576 valuesFor: ordered vs hashed
A 231.8 per op, B 204.2 per op
difference -13.54% [-15.79%, -11.83%] at 95% confidence
noise floor 1.436%, autocorrelation +0.565, resampled in blocks of 5
resolved: A is slower than B
  warning: candidate A drifted during the run, shifting -3.57% from its first half to its second; the machine did not hold still

== u64 multi n=1048576 valuesFor: ordered vs btree-sets
A 277.5 per op, B 928.8 per op
difference +70.12% [+68.66%, +70.84%] at 95% confidence
noise floor 1.240%, autocorrelation +0.672, resampled in blocks of 5
resolved: A is faster than B
  warning: candidate A drifted during the run, shifting -10.34% from its first half to its second; the machine did not hold still

== u64 multi n=1048576 valuesFor: ordered vs map-sets
A 274.7 per op, B 474.8 per op
difference +42.16% [+39.11%, +43.98%] at 95% confidence
noise floor 1.293%, autocorrelation +0.219, resampled in blocks of 5
resolved: A is faster than B
  warning: candidate A drifted during the run, shifting -11.47% from its first half to its second; the machine did not hold still

== u64 multi n=1048576 valuesBetween: ordered vs btree-sets
A 9068 per op, B 2.894e+04 per op
difference +68.67% [+68.06%, +69.26%] at 95% confidence
noise floor 1.056%, autocorrelation +0.160
resolved: A is faster than B
  warning: candidate A drifted during the run, shifting -8.07% from its first half to its second; the machine did not hold still

== u64 multi n=1048576 churn: ordered vs hashed
A 402.7 per op, B 335 per op
difference -20.22% [-23.92%, -17.89%] at 95% confidence
noise floor 1.857%, autocorrelation +0.210, resampled in blocks of 5
resolved: A is slower than B
  warning: candidate A drifted during the run, shifting -6.38% from its first half to its second; the machine did not hold still
  warning: candidate B drifted during the run, shifting -3.85% from its first half to its second; the machine did not hold still

== u64 multi n=1048576 churn: ordered vs btree-sets
A 702.5 per op, B 1253 per op
difference +43.94% [+41.76%, +47.57%] at 95% confidence
noise floor 1.187%, autocorrelation +0.428, resampled in blocks of 5
resolved: A is faster than B
  warning: candidate A drifted during the run, shifting -11.88% from its first half to its second; the machine did not hold still
  warning: candidate B drifted during the run, shifting -7.94% from its first half to its second; the machine did not hold still

== u64 multi n=1048576 churn: ordered vs map-sets
A 554.4 per op, B 419.2 per op
difference -32.24% [-34.66%, -30.71%] at 95% confidence
noise floor 1.008%, autocorrelation +0.241, resampled in blocks of 5
resolved: A is slower than B
  warning: candidate A drifted during the run, shifting -3.58% from its first half to its second; the machine did not hold still
  warning: candidate B drifted during the run, shifting -1.36% from its first half to its second; the machine did not hold still

checksum 7984796438206103821
