== url multi n=262144 valuesFor: ordered vs hashed
A 413.1 per op, B 216.5 per op
difference -90.83% [-94.75%, -86.37%] at 95% confidence
noise floor 2.316%, autocorrelation -0.016
resolved: A is slower than B
  warning: the program holds 402 MB of live data, more than the caches of many machines; for data that size, where it lies in memory can shift the result by several points in ways the interval does not cover, and differently in the next process; run the comparison in several processes with the multiproc package

== url multi n=262144 valuesFor: ordered vs btree-sets
A 505 per op, B 978.7 per op
difference +48.40% [+46.42%, +50.23%] at 95% confidence
noise floor 1.100%, autocorrelation +0.221, resampled in blocks of 3
resolved: A is faster than B
  warning: the program holds 574 MB of live data, more than the caches of many machines; for data that size, where it lies in memory can shift the result by several points in ways the interval does not cover, and differently in the next process; run the comparison in several processes with the multiproc package
  warning: candidate A drifted during the run, shifting -2.67% from its first half to its second; the machine did not hold still
  warning: candidate B drifted during the run, shifting -8.18% from its first half to its second; the machine did not hold still
  warning: the ratio B/A shifted -4.33% from the first half of the run to the second, so the candidates had not reached a steady state and the difference depends on how long the run was; a common cause is a head start for whichever candidate ran alone last before the comparison or had its data built last, which a longer CollectOptions.WarmupDuration removes

== url multi n=262144 valuesFor: ordered vs map-sets
A 430.4 per op, B 434.8 per op
difference +1.01% [-1.55%, +4.37%] at 95% confidence
noise floor 0.585%, autocorrelation -0.116
not resolved: this run did not establish a difference
  warning: the interval [-1.55%, 4.37%] includes zero, so a difference in either direction is consistent with these measurements
  warning: the program holds 574 MB of live data, more than the caches of many machines; for data that size, where it lies in memory can shift the result by several points in ways the interval does not cover, and differently in the next process; run the comparison in several processes with the multiproc package

== url multi n=262144 valuesBetween: ordered vs btree-sets
A 1.144e+04 per op, B 2.747e+04 per op
difference +58.34% [+56.76%, +59.42%] at 95% confidence
noise floor 0.499%, autocorrelation +0.474, resampled in blocks of 3
resolved: A is faster than B
  warning: the program holds 574 MB of live data, more than the caches of many machines; for data that size, where it lies in memory can shift the result by several points in ways the interval does not cover, and differently in the next process; run the comparison in several processes with the multiproc package
  warning: candidate B drifted during the run, shifting -3.53% from its first half to its second; the machine did not hold still

== url multi n=262144 prefix: ordered vs btree-sets
A 5.352e+04 per op, B 1.31e+05 per op
difference +59.15% [+54.17%, +63.32%] at 95% confidence
noise floor 10.107%, autocorrelation +0.038
resolved: A is faster than B
  warning: the program holds 574 MB of live data, more than the caches of many machines; for data that size, where it lies in memory can shift the result by several points in ways the interval does not cover, and differently in the next process; run the comparison in several processes with the multiproc package

== url multi n=262144 churn and build: ordered vs hashed
steady state, per insertion or deletion in a structure of 1587806 elements (cycle of 3175612 operations, first pass untimed):
  A 540.5 per op, B 377.3 per op
  difference -43.24% [-49.53%, -40.59%] at 95% confidence
  noise floor 1.638%, autocorrelation +0.163
  resolved: A is slower than B
    warning: the program holds 763 MB of live data, more than the caches of many machines; for data that size, where it lies in memory can shift the result by several points in ways the interval does not cover, and differently in the next process; run the comparison in several processes with the multiproc package

== url multi n=262144 churn and build: ordered vs btree-sets
steady state, per insertion or deletion in a structure of 1587806 elements (cycle of 3175612 operations, first pass untimed):
  A 660.4 per op, B 1129 per op
  difference +41.51% [+40.69%, +41.91%] at 95% confidence
  noise floor 1.379%, autocorrelation +0.507, resampled in blocks of 3
  resolved: A is faster than B
    warning: the program holds 820 MB of live data, more than the caches of many machines; for data that size, where it lies in memory can shift the result by several points in ways the interval does not cover, and differently in the next process; run the comparison in several processes with the multiproc package

== url multi n=262144 churn and build: ordered vs map-sets
steady state, per insertion or deletion in a structure of 1587806 elements (cycle of 3175612 operations, first pass untimed):
  A 640.8 per op, B 501.8 per op
  difference -27.70% [-33.82%, -19.95%] at 95% confidence
  noise floor 1.036%, autocorrelation +0.031
  resolved: A is slower than B
    warning: the program holds 809 MB of live data, more than the caches of many machines; for data that size, where it lies in memory can shift the result by several points in ways the interval does not cover, and differently in the next process; run the comparison in several processes with the multiproc package

checksum 17636838948751368065
== url multi n=262144 valuesFor: ordered vs hashed
A 465 per op, B 225.1 per op
difference -106.60% [-110.48%, -100.54%] at 95% confidence
noise floor 2.451%, autocorrelation +0.078
resolved: A is slower than B
  warning: the program holds 513 MB of live data, more than the caches of many machines; for data that size, where it lies in memory can shift the result by several points in ways the interval does not cover, and differently in the next process; run the comparison in several processes with the multiproc package

== url multi n=262144 valuesFor: ordered vs btree-sets
A 468.2 per op, B 829.2 per op
difference +43.54% [+42.00%, +44.71%] at 95% confidence
noise floor 1.772%, autocorrelation +0.150
resolved: A is faster than B
  warning: the program holds 513 MB of live data, more than the caches of many machines; for data that size, where it lies in memory can shift the result by several points in ways the interval does not cover, and differently in the next process; run the comparison in several processes with the multiproc package

== url multi n=262144 valuesFor: ordered vs map-sets
A 421.9 per op, B 437 per op
difference +3.45% [+1.84%, +6.32%] at 95% confidence
noise floor 2.165%, autocorrelation -0.053
resolved: A is faster than B
  warning: the program holds 513 MB of live data, more than the caches of many machines; for data that size, where it lies in memory can shift the result by several points in ways the interval does not cover, and differently in the next process; run the comparison in several processes with the multiproc package

== url multi n=262144 valuesBetween: ordered vs btree-sets
A 1.163e+04 per op, B 2.813e+04 per op
difference +58.66% [+57.89%, +59.38%] at 95% confidence
noise floor 3.391%, autocorrelation +0.592, resampled in blocks of 3
resolved: A is faster than B
  warning: the program holds 513 MB of live data, more than the caches of many machines; for data that size, where it lies in memory can shift the result by several points in ways the interval does not cover, and differently in the next process; run the comparison in several processes with the multiproc package
  warning: in 50% of A/A runs this setup reported a difference between identical code, well above the 10% expected; treat any confidence from it with suspicion

== url multi n=262144 prefix: ordered vs btree-sets
A 5.906e+04 per op, B 1.428e+05 per op
difference +58.63% [+55.21%, +64.15%] at 95% confidence
noise floor 7.954%, autocorrelation -0.023
resolved: A is faster than B
  warning: the program holds 513 MB of live data, more than the caches of many machines; for data that size, where it lies in memory can shift the result by several points in ways the interval does not cover, and differently in the next process; run the comparison in several processes with the multiproc package

== url multi n=262144 churn and build: ordered vs hashed
steady state, per insertion or deletion in a structure of 1587806 elements (cycle of 3175612 operations, first pass untimed):
  A 512.8 per op, B 372.9 per op
  difference -37.53% [-39.75%, -35.35%] at 95% confidence
  noise floor 3.131%, autocorrelation +0.380, resampled in blocks of 3
  resolved: A is slower than B
    warning: the program holds 727 MB of live data, more than the caches of many machines; for data that size, where it lies in memory can shift the result by several points in ways the interval does not cover, and differently in the next process; run the comparison in several processes with the multiproc package
    warning: in 50% of A/A runs this setup reported a difference between identical code, well above the 10% expected; treat any confidence from it with suspicion

== url multi n=262144 churn and build: ordered vs btree-sets
steady state, per insertion or deletion in a structure of 1587806 elements (cycle of 3175612 operations, first pass untimed):
  A 637 per op, B 1111 per op
  difference +42.65% [+41.73%, +43.70%] at 95% confidence
  noise floor 0.955%, autocorrelation +0.382, resampled in blocks of 3
  resolved: A is faster than B
    warning: the program holds 759 MB of live data, more than the caches of many machines; for data that size, where it lies in memory can shift the result by several points in ways the interval does not cover, and differently in the next process; run the comparison in several processes with the multiproc package
    warning: candidate B drifted during the run, shifting +2.48% from its first half to its second; the machine did not hold still
    warning: the ratio B/A shifted +2.27% from the first half of the run to the second, so the candidates had not reached a steady state and the difference depends on how long the run was; a common cause is a head start for whichever candidate ran alone last before the comparison or had its data built last, which a longer CollectOptions.WarmupDuration removes

== url multi n=262144 churn and build: ordered vs map-sets
steady state, per insertion or deletion in a structure of 1587806 elements (cycle of 3175612 operations, first pass untimed):
  A 552.9 per op, B 453 per op
  difference -22.05% [-25.00%, -20.71%] at 95% confidence
  noise floor 1.266%, autocorrelation +0.062
  resolved: A is slower than B
    warning: the program holds 717 MB of live data, more than the caches of many machines; for data that size, where it lies in memory can shift the result by several points in ways the interval does not cover, and differently in the next process; run the comparison in several processes with the multiproc package
    warning: candidate A drifted during the run, shifting +3.37% from its first half to its second; the machine did not hold still

checksum 14676794534774979231
== url multi n=262144 valuesFor: ordered vs hashed
A 415.7 per op, B 215.2 per op
difference -93.17% [-95.54%, -91.24%] at 95% confidence
noise floor 1.549%, autocorrelation +0.150
resolved: A is slower than B
  warning: the program holds 554 MB of live data, more than the caches of many machines; for data that size, where it lies in memory can shift the result by several points in ways the interval does not cover, and differently in the next process; run the comparison in several processes with the multiproc package

== url multi n=262144 valuesFor: ordered vs btree-sets
A 466 per op, B 820.5 per op
difference +43.21% [+42.41%, +44.45%] at 95% confidence
noise floor 3.190%, autocorrelation +0.872, resampled in blocks of 3
resolved: A is faster than B
  warning: the program holds 554 MB of live data, more than the caches of many machines; for data that size, where it lies in memory can shift the result by several points in ways the interval does not cover, and differently in the next process; run the comparison in several processes with the multiproc package

== url multi n=262144 valuesFor: ordered vs map-sets
A 436.7 per op, B 435.4 per op
difference -0.28% [-2.39%, +2.01%] at 95% confidence
noise floor 0.817%, autocorrelation +0.133
not resolved: this run did not establish a difference
  warning: the difference of -0.28% does not clear the 0.82% noise floor, which is what this setup reports between two runs of identical code
  warning: the interval [-2.39%, 2.01%] includes zero, so a difference in either direction is consistent with these measurements
  warning: the program holds 554 MB of live data, more than the caches of many machines; for data that size, where it lies in memory can shift the result by several points in ways the interval does not cover, and differently in the next process; run the comparison in several processes with the multiproc package

== url multi n=262144 valuesBetween: ordered vs btree-sets
A 1.183e+04 per op, B 2.768e+04 per op
difference +57.25% [+56.04%, +58.47%] at 95% confidence
noise floor 1.194%, autocorrelation +0.074
resolved: A is faster than B
  warning: the program holds 554 MB of live data, more than the caches of many machines; for data that size, where it lies in memory can shift the result by several points in ways the interval does not cover, and differently in the next process; run the comparison in several processes with the multiproc package

== url multi n=262144 prefix: ordered vs btree-sets
A 5.798e+04 per op, B 1.387e+05 per op
difference +58.20% [+54.50%, +62.32%] at 95% confidence
noise floor 9.650%, autocorrelation +0.079
resolved: A is faster than B
  warning: the program holds 554 MB of live data, more than the caches of many machines; for data that size, where it lies in memory can shift the result by several points in ways the interval does not cover, and differently in the next process; run the comparison in several processes with the multiproc package

== url multi n=262144 churn and build: ordered vs hashed
steady state, per insertion or deletion in a structure of 1587806 elements (cycle of 3175612 operations, first pass untimed):
  A 525.2 per op, B 369.7 per op
  difference -42.09% [-45.56%, -37.73%] at 95% confidence
  noise floor 0.524%, autocorrelation +0.366, resampled in blocks of 3
  resolved: A is slower than B
    warning: the program holds 759 MB of live data, more than the caches of many machines; for data that size, where it lies in memory can shift the result by several points in ways the interval does not cover, and differently in the next process; run the comparison in several processes with the multiproc package
    warning: the ratio B/A shifted +4.24% from the first half of the run to the second, so the candidates had not reached a steady state and the difference depends on how long the run was; a common cause is a head start for whichever candidate ran alone last before the comparison or had its data built last, which a longer CollectOptions.WarmupDuration removes

== url multi n=262144 churn and build: ordered vs btree-sets
steady state, per insertion or deletion in a structure of 1587806 elements (cycle of 3175612 operations, first pass untimed):
  A 651 per op, B 1097 per op
  difference +40.63% [+39.75%, +41.85%] at 95% confidence
  noise floor 0.785%, autocorrelation +0.038
  resolved: A is faster than B
    warning: the program holds 796 MB of live data, more than the caches of many machines; for data that size, where it lies in memory can shift the result by several points in ways the interval does not cover, and differently in the next process; run the comparison in several processes with the multiproc package

== url multi n=262144 churn and build: ordered vs map-sets
steady state, per insertion or deletion in a structure of 1587806 elements (cycle of 3175612 operations, first pass untimed):
  A 575.7 per op, B 455.8 per op
  difference -26.31% [-28.07%, -23.44%] at 95% confidence
  noise floor 1.686%, autocorrelation +0.109
  resolved: A is slower than B
    warning: the program holds 775 MB of live data, more than the caches of many machines; for data that size, where it lies in memory can shift the result by several points in ways the interval does not cover, and differently in the next process; run the comparison in several processes with the multiproc package
    warning: in 50% of A/A runs this setup reported a difference between identical code, well above the 10% expected; treat any confidence from it with suspicion

checksum 16033232613128601201
== url multi n=262144 valuesFor: ordered vs hashed
A 411.3 per op, B 214.2 per op
difference -92.07% [-95.73%, -85.04%] at 95% confidence
noise floor 1.890%, autocorrelation +0.079
resolved: A is slower than B
  warning: the program holds 434 MB of live data, more than the caches of many machines; for data that size, where it lies in memory can shift the result by several points in ways the interval does not cover, and differently in the next process; run the comparison in several processes with the multiproc package
  warning: in 50% of A/A runs this setup reported a difference between identical code, well above the 10% expected; treat any confidence from it with suspicion

== url multi n=262144 valuesFor: ordered vs btree-sets
A 528.9 per op, B 1024 per op
difference +48.34% [+46.57%, +49.67%] at 95% confidence
noise floor 1.420%, autocorrelation +0.805, resampled in blocks of 3
resolved: A is faster than B
  warning: the program holds 434 MB of live data, more than the caches of many machines; for data that size, where it lies in memory can shift the result by several points in ways the interval does not cover, and differently in the next process; run the comparison in several processes with the multiproc package
  warning: candidate B drifted during the run, shifting +4.78% from its first half to its second; the machine did not hold still
  warning: the ratio B/A shifted +5.70% from the first half of the run to the second, so the candidates had not reached a steady state and the difference depends on how long the run was; a common cause is a head start for whichever candidate ran alone last before the comparison or had its data built last, which a longer CollectOptions.WarmupDuration removes

== url multi n=262144 valuesFor: ordered vs map-sets
A 418.9 per op, B 433.4 per op
difference +3.33% [+1.62%, +5.33%] at 95% confidence
noise floor 0.625%, autocorrelation +0.052
resolved: A is faster than B
  warning: the program holds 434 MB of live data, more than the caches of many machines; for data that size, where it lies in memory can shift the result by several points in ways the interval does not cover, and differently in the next process; run the comparison in several processes with the multiproc package

== url multi n=262144 valuesBetween: ordered vs btree-sets
A 1.164e+04 per op, B 2.743e+04 per op
difference +57.58% [+56.94%, +58.33%] at 95% confidence
noise floor 1.550%, autocorrelation +0.104
resolved: A is faster than B
  warning: the program holds 579 MB of live data, more than the caches of many machines; for data that size, where it lies in memory can shift the result by several points in ways the interval does not cover, and differently in the next process; run the comparison in several processes with the multiproc package
  warning: in 50% of A/A runs this setup reported a difference between identical code, well above the 10% expected; treat any confidence from it with suspicion

== url multi n=262144 prefix: ordered vs btree-sets
A 5.776e+04 per op, B 1.383e+05 per op
difference +58.24% [+53.16%, +64.64%] at 95% confidence
noise floor 9.603%, autocorrelation +0.025
resolved: A is faster than B
  warning: the program holds 579 MB of live data, more than the caches of many machines; for data that size, where it lies in memory can shift the result by several points in ways the interval does not cover, and differently in the next process; run the comparison in several processes with the multiproc package
  warning: in 50% of A/A runs this setup reported a difference between identical code, well above the 10% expected; treat any confidence from it with suspicion

== url multi n=262144 churn and build: ordered vs hashed
steady state, per insertion or deletion in a structure of 1587806 elements (cycle of 3175612 operations, first pass untimed):
  A 529.3 per op, B 372.2 per op
  difference -42.18% [-46.89%, -40.10%] at 95% confidence
  noise floor 1.987%, autocorrelation +0.329, resampled in blocks of 3
  resolved: A is slower than B
    warning: the program holds 771 MB of live data, more than the caches of many machines; for data that size, where it lies in memory can shift the result by several points in ways the interval does not cover, and differently in the next process; run the comparison in several processes with the multiproc package
    warning: in 50% of A/A runs this setup reported a difference between identical code, well above the 10% expected; treat any confidence from it with suspicion

== url multi n=262144 churn and build: ordered vs btree-sets
steady state, per insertion or deletion in a structure of 1587806 elements (cycle of 3175612 operations, first pass untimed):
  A 660.4 per op, B 1121 per op
  difference +41.10% [+40.31%, +41.72%] at 95% confidence
  noise floor 1.828%, autocorrelation +0.334, resampled in blocks of 3
  resolved: A is faster than B
    warning: the program holds 806 MB of live data, more than the caches of many machines; for data that size, where it lies in memory can shift the result by several points in ways the interval does not cover, and differently in the next process; run the comparison in several processes with the multiproc package

== url multi n=262144 churn and build: ordered vs map-sets
steady state, per insertion or deletion in a structure of 1587806 elements (cycle of 3175612 operations, first pass untimed):
  A 574.8 per op, B 454.9 per op
  difference -26.35% [-28.81%, -24.11%] at 95% confidence
  noise floor 0.553%, autocorrelation +0.038
  resolved: A is slower than B
    warning: the program holds 818 MB of live data, more than the caches of many machines; for data that size, where it lies in memory can shift the result by several points in ways the interval does not cover, and differently in the next process; run the comparison in several processes with the multiproc package

checksum 4478874069341990055
== url multi n=262144 valuesFor: ordered vs hashed
A 408.5 per op, B 216.6 per op
difference -88.61% [-92.34%, -85.36%] at 95% confidence
noise floor 0.765%, autocorrelation +0.056
resolved: A is slower than B
  warning: the program holds 541 MB of live data, more than the caches of many machines; for data that size, where it lies in memory can shift the result by several points in ways the interval does not cover, and differently in the next process; run the comparison in several processes with the multiproc package

== url multi n=262144 valuesFor: ordered vs btree-sets
A 462.3 per op, B 865.5 per op
difference +46.59% [+45.46%, +47.56%] at 95% confidence
noise floor 1.658%, autocorrelation +0.674, resampled in blocks of 3
resolved: A is faster than B
  warning: the program holds 541 MB of live data, more than the caches of many machines; for data that size, where it lies in memory can shift the result by several points in ways the interval does not cover, and differently in the next process; run the comparison in several processes with the multiproc package

== url multi n=262144 valuesFor: ordered vs map-sets
A 421.9 per op, B 438.8 per op
difference +3.86% [+2.04%, +6.78%] at 95% confidence
noise floor 1.001%, autocorrelation +0.192
resolved: A is faster than B
  warning: the program holds 541 MB of live data, more than the caches of many machines; for data that size, where it lies in memory can shift the result by several points in ways the interval does not cover, and differently in the next process; run the comparison in several processes with the multiproc package

== url multi n=262144 valuesBetween: ordered vs btree-sets
A 1.138e+04 per op, B 2.776e+04 per op
difference +59.00% [+58.55%, +59.89%] at 95% confidence
noise floor 1.367%, autocorrelation +0.322, resampled in blocks of 3
resolved: A is faster than B
  warning: the program holds 541 MB of live data, more than the caches of many machines; for data that size, where it lies in memory can shift the result by several points in ways the interval does not cover, and differently in the next process; run the comparison in several processes with the multiproc package

== url multi n=262144 prefix: ordered vs btree-sets
A 5.408e+04 per op, B 1.379e+05 per op
difference +60.79% [+55.46%, +65.65%] at 95% confidence
noise floor 9.434%, autocorrelation +0.106
resolved: A is faster than B
  warning: the program holds 541 MB of live data, more than the caches of many machines; for data that size, where it lies in memory can shift the result by several points in ways the interval does not cover, and differently in the next process; run the comparison in several processes with the multiproc package
  warning: in 50% of A/A runs this setup reported a difference between identical code, well above the 10% expected; treat any confidence from it with suspicion

== url multi n=262144 churn and build: ordered vs hashed
steady state, per insertion or deletion in a structure of 1587806 elements (cycle of 3175612 operations, first pass untimed):
  A 536.9 per op, B 374.6 per op
  difference -43.30% [-46.73%, -41.20%] at 95% confidence
  noise floor 0.636%, autocorrelation +0.175
  resolved: A is slower than B
    warning: the program holds 753 MB of live data, more than the caches of many machines; for data that size, where it lies in memory can shift the result by several points in ways the interval does not cover, and differently in the next process; run the comparison in several processes with the multiproc package
    warning: the ratio B/A shifted +3.67% from the first half of the run to the second, so the candidates had not reached a steady state and the difference depends on how long the run was; a common cause is a head start for whichever candidate ran alone last before the comparison or had its data built last, which a longer CollectOptions.WarmupDuration removes

== url multi n=262144 churn and build: ordered vs btree-sets
steady state, per insertion or deletion in a structure of 1587806 elements (cycle of 3175612 operations, first pass untimed):
  A 633.4 per op, B 1057 per op
  difference +40.05% [+39.41%, +40.98%] at 95% confidence
  noise floor 0.733%, autocorrelation +0.185
  resolved: A is faster than B
    warning: the program holds 794 MB of live data, more than the caches of many machines; for data that size, where it lies in memory can shift the result by several points in ways the interval does not cover, and differently in the next process; run the comparison in several processes with the multiproc package
    warning: candidate B drifted during the run, shifting -1.10% from its first half to its second; the machine did not hold still

== url multi n=262144 churn and build: ordered vs map-sets
steady state, per insertion or deletion in a structure of 1587806 elements (cycle of 3175612 operations, first pass untimed):
  A 572.4 per op, B 445.3 per op
  difference -28.53% [-32.24%, -25.94%] at 95% confidence
  noise floor 1.051%, autocorrelation -0.041
  resolved: A is slower than B
    warning: the program holds 777 MB of live data, more than the caches of many machines; for data that size, where it lies in memory can shift the result by several points in ways the interval does not cover, and differently in the next process; run the comparison in several processes with the multiproc package

checksum 4348768363871208339
== url multi n=262144 valuesFor: ordered vs hashed
A 407.5 per op, B 209.6 per op
difference -94.45% [-99.88%, -89.39%] at 95% confidence
noise floor 1.868%, autocorrelation +0.227, resampled in blocks of 3
resolved: A is slower than B
  warning: the program holds 551 MB of live data, more than the caches of many machines; for data that size, where it lies in memory can shift the result by several points in ways the interval does not cover, and differently in the next process; run the comparison in several processes with the multiproc package

== url multi n=262144 valuesFor: ordered vs btree-sets
A 466.6 per op, B 857.6 per op
difference +45.59% [+44.50%, +46.36%] at 95% confidence
noise floor 0.510%, autocorrelation +0.235, resampled in blocks of 3
resolved: A is faster than B
  warning: the program holds 551 MB of live data, more than the caches of many machines; for data that size, where it lies in memory can shift the result by several points in ways the interval does not cover, and differently in the next process; run the comparison in several processes with the multiproc package

== url multi n=262144 valuesFor: ordered vs map-sets
A 437.9 per op, B 456.7 per op
difference +4.13% [+2.48%, +6.87%] at 95% confidence
noise floor 1.891%, autocorrelation +0.458, resampled in blocks of 3
resolved: A is faster than B
  warning: the program holds 551 MB of live data, more than the caches of many machines; for data that size, where it lies in memory can shift the result by several points in ways the interval does not cover, and differently in the next process; run the comparison in several processes with the multiproc package

== url multi n=262144 valuesBetween: ordered vs btree-sets
A 1.15e+04 per op, B 2.773e+04 per op
difference +58.54% [+57.73%, +59.27%] at 95% confidence
noise floor 0.955%, autocorrelation +0.392, resampled in blocks of 3
resolved: A is faster than B
  warning: the program holds 551 MB of live data, more than the caches of many machines; for data that size, where it lies in memory can shift the result by several points in ways the interval does not cover, and differently in the next process; run the comparison in several processes with the multiproc package
  warning: candidate B drifted during the run, shifting -1.95% from its first half to its second; the machine did not hold still

== url multi n=262144 prefix: ordered vs btree-sets
A 5.687e+04 per op, B 1.454e+05 per op
difference +60.88% [+56.86%, +64.43%] at 95% confidence
noise floor 8.576%, autocorrelation +0.065
resolved: A is faster than B
  warning: the program holds 551 MB of live data, more than the caches of many machines; for data that size, where it lies in memory can shift the result by several points in ways the interval does not cover, and differently in the next process; run the comparison in several processes with the multiproc package

== url multi n=262144 churn and build: ordered vs hashed
steady state, per insertion or deletion in a structure of 1587806 elements (cycle of 3175612 operations, first pass untimed):
  A 527.1 per op, B 365.8 per op
  difference -44.10% [-49.37%, -39.95%] at 95% confidence
  noise floor 1.145%, autocorrelation +0.103
  resolved: A is slower than B
    warning: the program holds 755 MB of live data, more than the caches of many machines; for data that size, where it lies in memory can shift the result by several points in ways the interval does not cover, and differently in the next process; run the comparison in several processes with the multiproc package
    warning: candidate A drifted during the run, shifting +6.27% from its first half to its second; the machine did not hold still
    warning: the ratio B/A shifted -5.72% from the first half of the run to the second, so the candidates had not reached a steady state and the difference depends on how long the run was; a common cause is a head start for whichever candidate ran alone last before the comparison or had its data built last, which a longer CollectOptions.WarmupDuration removes

== url multi n=262144 churn and build: ordered vs btree-sets
steady state, per insertion or deletion in a structure of 1587806 elements (cycle of 3175612 operations, first pass untimed):
  A 733.5 per op, B 1343 per op
  difference +45.40% [+42.55%, +48.83%] at 95% confidence
  noise floor 1.260%, autocorrelation +0.444, resampled in blocks of 3
  resolved: A is faster than B
    warning: the program holds 792 MB of live data, more than the caches of many machines; for data that size, where it lies in memory can shift the result by several points in ways the interval does not cover, and differently in the next process; run the comparison in several processes with the multiproc package

== url multi n=262144 churn and build: ordered vs map-sets
steady state, per insertion or deletion in a structure of 1587806 elements (cycle of 3175612 operations, first pass untimed):
  A 551.2 per op, B 443.8 per op
  difference -24.20% [-27.18%, -21.28%] at 95% confidence
  noise floor 2.293%, autocorrelation +0.261, resampled in blocks of 3
  resolved: A is slower than B
    warning: the program holds 771 MB of live data, more than the caches of many machines; for data that size, where it lies in memory can shift the result by several points in ways the interval does not cover, and differently in the next process; run the comparison in several processes with the multiproc package

checksum 15971917963610756901
