== u64 unique n=4096 valuesFor: ordered vs btree-map
A 16.66 per op, B 87.09 per op
difference +80.87% [+80.66%, +81.38%] at 95% confidence
noise floor 11.525%, autocorrelation -0.011
resolved: A is faster than B

== u64 unique n=4096 valuesBetween: ordered vs btree-map
A 308.5 per op, B 424.9 per op
difference +27.40% [+26.96%, +27.86%] at 95% confidence
noise floor 0.791%, autocorrelation -0.028
resolved: A is faster than B
  warning: candidate A drifted during the run, shifting +0.84% from its first half to its second; the machine did not hold still

== u64 unique n=4096 churn: ordered vs btree-map
A 38.05 per op, B 119.9 per op
difference +68.26% [+68.15%, +68.48%] at 95% confidence
noise floor 0.735%, autocorrelation +0.012
resolved: A is faster than B

== u64 unique n=4096 build: ordered vs btree-map
A 4.815e+05 per op, B 1.421e+06 per op
difference +66.12% [+65.51%, +66.59%] at 95% confidence
noise floor 1.462%, autocorrelation +0.070
resolved: A is faster than B

checksum 17212119110924102936
