== str multi n=1048576 valuesFor: ordered vs hashed
A 416.2 per op, B 202.6 per op
difference -105.46% [-117.05%, -100.55%] at 95% confidence
noise floor 2.101%, autocorrelation +0.394, resampled in blocks of 5
resolved: A is slower than B
  warning: candidate A drifted during the run, shifting -12.42% from its first half to its second; the machine did not hold still

== str multi n=1048576 valuesFor: ordered vs btree-sets
A 503.1 per op, B 1160 per op
difference +56.61% [+54.34%, +58.19%] at 95% confidence
noise floor 0.919%, autocorrelation +0.542, resampled in blocks of 5
resolved: A is faster than B
  warning: candidate A drifted during the run, shifting -13.13% from its first half to its second; the machine did not hold still

== str multi n=1048576 valuesFor: ordered vs map-sets
A 505 per op, B 492.9 per op
difference -2.46% [-5.23%, +2.74%] at 95% confidence
noise floor 0.771%, autocorrelation +0.155
not resolved: this run did not establish a difference
  warning: the interval [-5.23%, 2.74%] includes zero, so a difference in either direction is consistent with these measurements
  warning: candidate A drifted during the run, shifting -15.54% from its first half to its second; the machine did not hold still

== str multi n=1048576 valuesBetween: ordered vs btree-sets
A 9939 per op, B 3.014e+04 per op
difference +67.03% [+66.44%, +67.52%] at 95% confidence
noise floor 1.071%, autocorrelation +0.056
resolved: A is faster than B
  warning: candidate A drifted during the run, shifting -10.93% from its first half to its second; the machine did not hold still

== str multi n=1048576 churn: ordered vs hashed
A 583 per op, B 358.9 per op
difference -62.43% [-65.04%, -59.60%] at 95% confidence
noise floor 1.680%, autocorrelation +0.148
resolved: A is slower than B
  warning: candidate A drifted during the run, shifting -3.89% from its first half to its second; the machine did not hold still

== str multi n=1048576 churn: ordered vs btree-sets
A 949.3 per op, B 1378 per op
difference +31.10% [+27.70%, +34.16%] at 95% confidence
noise floor 1.411%, autocorrelation +0.219, resampled in blocks of 5
resolved: A is faster than B
  warning: candidate A drifted during the run, shifting -9.19% from its first half to its second; the machine did not hold still
  warning: candidate B drifted during the run, shifting +7.31% from its first half to its second; the machine did not hold still

== str multi n=1048576 churn: ordered vs map-sets
A 836.2 per op, B 454.1 per op
difference -84.15% [-88.65%, -78.79%] at 95% confidence
noise floor 1.349%, autocorrelation +0.082
resolved: A is slower than B
  warning: candidate A drifted during the run, shifting -11.76% from its first half to its second; the machine did not hold still

checksum 4274820121347298515
