== u64 n=4096 valuesFor: ordered vs hashed
A 45.54 per op, B 48.77 per op
difference +6.61% [+6.18%, +7.22%] at 95% confidence
noise floor 0.453%, autocorrelation +0.230, resampled in blocks of 5
resolved: A is faster than B

== u64 n=4096 valuesFor: ordered vs btree-sets
A 46.47 per op, B 192.4 per op
difference +75.85% [+75.76%, +75.96%] at 95% confidence
noise floor 0.302%, autocorrelation +0.208, resampled in blocks of 5
resolved: A is faster than B
  warning: candidate B drifted during the run, shifting +0.32% from its first half to its second; the machine did not hold still

== u64 n=4096 valuesFor: ordered vs map-sets
A 45.82 per op, B 102.5 per op
difference +55.27% [+54.85%, +55.51%] at 95% confidence
noise floor 0.300%, autocorrelation +0.007
resolved: A is faster than B
  warning: candidate A drifted during the run, shifting -1.50% from its first half to its second; the machine did not hold still
  warning: candidate B drifted during the run, shifting -0.78% from its first half to its second; the machine did not hold still

== u64 n=4096 valuesFor: hashed vs map-sets
A 49.77 per op, B 102.7 per op
difference +51.53% [+51.44%, +51.80%] at 95% confidence
noise floor 0.302%, autocorrelation +0.205, resampled in blocks of 5
resolved: A is faster than B
  warning: candidate A drifted during the run, shifting -1.06% from its first half to its second; the machine did not hold still

== u64 n=4096 valuesBetween: ordered vs btree-sets
A 3625 per op, B 8207 per op
difference +55.83% [+55.32%, +56.34%] at 95% confidence
noise floor 0.388%, autocorrelation +0.139
resolved: A is faster than B
  warning: candidate A drifted during the run, shifting +1.49% from its first half to its second; the machine did not hold still
  warning: candidate B drifted during the run, shifting +2.67% from its first half to its second; the machine did not hold still

== u64 n=4096 valuesBetween: ordered vs hashed
A 3563 per op, B 6.401e+04 per op
difference +94.43% [+94.36%, +94.49%] at 95% confidence
noise floor 0.672%, autocorrelation +0.246, resampled in blocks of 5
resolved: A is faster than B

== u64 n=4096 addRemove: ordered vs hashed
A 49.82 per op, B 53.85 per op
difference +7.48% [+6.70%, +8.08%] at 95% confidence
noise floor 0.450%, autocorrelation +0.269, resampled in blocks of 5
resolved: A is faster than B
  warning: candidate A drifted during the run, shifting -0.31% from its first half to its second; the machine did not hold still
  warning: candidate B drifted during the run, shifting +2.29% from its first half to its second; the machine did not hold still
  warning: in 38% of A/A runs this setup reported a difference between identical code, well above the 10% expected; treat any confidence from it with suspicion

== u64 n=4096 addRemove: ordered vs btree-sets
A 51.92 per op, B 242.2 per op
difference +78.56% [+78.44%, +78.84%] at 95% confidence
noise floor 0.239%, autocorrelation +0.346, resampled in blocks of 5
resolved: A is faster than B

== u64 n=4096 addRemove: ordered vs map-sets
A 49.96 per op, B 54.36 per op
difference +8.10% [+7.80%, +8.31%] at 95% confidence
noise floor 0.371%, autocorrelation +0.185
resolved: A is faster than B
  warning: candidate A drifted during the run, shifting -0.82% from its first half to its second; the machine did not hold still
  warning: candidate B drifted during the run, shifting +0.68% from its first half to its second; the machine did not hold still

== u64 n=4096 addRemove: hashed vs map-sets
A 56.15 per op, B 57.32 per op
difference +2.04% [-0.49%, +3.75%] at 95% confidence
noise floor 0.380%, autocorrelation +0.312, resampled in blocks of 5
not resolved: this run did not establish a difference
  warning: the interval [-0.49%, 3.75%] includes zero, so a difference in either direction is consistent with these measurements
  warning: candidate A drifted during the run, shifting +2.91% from its first half to its second; the machine did not hold still
  warning: candidate B drifted during the run, shifting +2.92% from its first half to its second; the machine did not hold still
  warning: in 42% of A/A runs this setup reported a difference between identical code, well above the 10% expected; treat any confidence from it with suspicion

== u64 n=4096 build: ordered vs hashed
A 1.152e+06 per op, B 1.247e+06 per op
difference +7.62% [+7.18%, +8.25%] at 95% confidence
noise floor 0.512%, autocorrelation +0.153
resolved: A is faster than B
  warning: candidate B drifted during the run, shifting -0.86% from its first half to its second; the machine did not hold still

== u64 n=4096 build: ordered vs btree-sets
A 1.177e+06 per op, B 3.227e+06 per op
difference +63.52% [+63.28%, +63.92%] at 95% confidence
noise floor 0.599%, autocorrelation +0.173
resolved: A is faster than B
  warning: candidate B drifted during the run, shifting +0.90% from its first half to its second; the machine did not hold still

== u64 n=4096 build: ordered vs map-sets
A 1.181e+06 per op, B 1.601e+06 per op
difference +26.25% [+25.22%, +26.89%] at 95% confidence
noise floor 1.024%, autocorrelation +0.186
resolved: A is faster than B
  warning: candidate A drifted during the run, shifting -1.67% from its first half to its second; the machine did not hold still

== u64 n=4096 build: hashed vs map-sets
A 1.276e+06 per op, B 1.596e+06 per op
difference +20.07% [+19.22%, +21.02%] at 95% confidence
noise floor 0.731%, autocorrelation +0.178
resolved: A is faster than B

checksum 711280416373773220
