== str n=1048576 valuesFor: ordered vs hashed
A 360.8 per op, B 202.8 per op
difference -77.90% [-81.11%, -74.44%] at 95% confidence
noise floor 0.621%, autocorrelation +0.477, resampled in blocks of 5
resolved: A is slower than B
  warning: candidate A drifted during the run, shifting -3.13% from its first half to its second; the machine did not hold still
  warning: candidate B drifted during the run, shifting -3.55% from its first half to its second; the machine did not hold still

== str n=1048576 valuesFor: ordered vs btree-sets
A 411.8 per op, B 1169 per op
difference +64.76% [+64.39%, +65.39%] at 95% confidence
noise floor 0.622%, autocorrelation +0.542, resampled in blocks of 5
resolved: A is faster than B

== str n=1048576 valuesFor: ordered vs map-sets
A 362.7 per op, B 404.3 per op
difference +10.30% [+9.45%, +11.16%] at 95% confidence
noise floor 0.686%, autocorrelation +0.526, resampled in blocks of 5
resolved: A is faster than B
  warning: candidate A drifted during the run, shifting -0.39% from its first half to its second; the machine did not hold still
  warning: candidate B drifted during the run, shifting -0.62% from its first half to its second; the machine did not hold still

== str n=1048576 valuesFor: hashed vs map-sets
A 203 per op, B 408 per op
difference +50.25% [+49.79%, +50.83%] at 95% confidence
noise floor 0.661%, autocorrelation +0.306, resampled in blocks of 5
resolved: A is faster than B

== str n=1048576 valuesBetween: ordered vs btree-sets
A 9384 per op, B 2.094e+04 per op
difference +55.19% [+54.66%, +55.66%] at 95% confidence
noise floor 0.653%, autocorrelation +0.169
resolved: A is faster than B

== str n=1048576 addRemove: ordered vs hashed
A 577.5 per op, B 308.8 per op
difference -87.05% [-88.24%, -85.89%] at 95% confidence
noise floor 0.477%, autocorrelation +0.584, resampled in blocks of 5
resolved: A is slower than B
  warning: candidate A drifted during the run, shifting -0.57% from its first half to its second; the machine did not hold still
  warning: candidate B drifted during the run, shifting -0.84% from its first half to its second; the machine did not hold still

== str n=1048576 addRemove: ordered vs btree-sets
A 647.2 per op, B 1226 per op
difference +47.19% [+47.00%, +48.34%] at 95% confidence
noise floor 0.420%, autocorrelation +0.624, resampled in blocks of 5
resolved: A is faster than B
  warning: candidate B drifted during the run, shifting -0.46% from its first half to its second; the machine did not hold still

== str n=1048576 addRemove: ordered vs map-sets
A 583.5 per op, B 522.4 per op
difference -11.70% [-12.84%, -11.12%] at 95% confidence
noise floor 0.491%, autocorrelation +0.611, resampled in blocks of 5
resolved: A is slower than B
  warning: candidate A drifted during the run, shifting -1.26% from its first half to its second; the machine did not hold still
  warning: candidate B drifted during the run, shifting -0.79% from its first half to its second; the machine did not hold still

== str n=1048576 addRemove: hashed vs map-sets
A 311.1 per op, B 514.8 per op
difference +39.56% [+39.03%, +40.05%] at 95% confidence
noise floor 0.432%, autocorrelation +0.570, resampled in blocks of 5
resolved: A is faster than B
  warning: candidate A drifted during the run, shifting -1.51% from its first half to its second; the machine did not hold still
  warning: candidate B drifted during the run, shifting -1.12% from its first half to its second; the machine did not hold still

checksum 8994991727147428892
