== u64 multi n=1048576 valuesFor: ordered vs hashed
A 248.8 per op, B 206.4 per op
difference -20.51% [-25.02%, -16.88%] at 95% confidence
noise floor 1.378%, autocorrelation +0.291, resampled in blocks of 5
resolved: A is slower than B
  warning: candidate A drifted during the run, shifting -9.84% from its first half to its second; the machine did not hold still

== u64 multi n=1048576 valuesFor: ordered vs btree-sets
A 289.5 per op, B 975.3 per op
difference +70.32% [+69.21%, +71.47%] at 95% confidence
noise floor 1.278%, autocorrelation +0.720, resampled in blocks of 5
resolved: A is faster than B
  warning: candidate A drifted during the run, shifting -11.63% from its first half to its second; the machine did not hold still
  warning: candidate B drifted during the run, shifting -3.41% from its first half to its second; the machine did not hold still

== u64 multi n=1048576 valuesFor: ordered vs map-sets
A 262 per op, B 488.5 per op
difference +46.37% [+43.95%, +48.55%] at 95% confidence
noise floor 1.500%, autocorrelation +0.203, resampled in blocks of 5
resolved: A is faster than B
  warning: candidate A drifted during the run, shifting -11.18% from its first half to its second; the machine did not hold still
  warning: candidate B drifted during the run, shifting -6.17% from its first half to its second; the machine did not hold still

== u64 multi n=1048576 valuesBetween: ordered vs btree-sets
A 9413 per op, B 2.87e+04 per op
difference +67.21% [+66.60%, +67.82%] at 95% confidence
noise floor 1.530%, autocorrelation +0.159
resolved: A is faster than B
  warning: candidate A drifted during the run, shifting -10.06% from its first half to its second; the machine did not hold still
  warning: candidate B drifted during the run, shifting -2.02% from its first half to its second; the machine did not hold still

== u64 multi n=1048576 churn: ordered vs hashed
A 451.6 per op, B 340.4 per op
difference -32.64% [-36.07%, -29.66%] at 95% confidence
noise floor 1.639%, autocorrelation +0.211, resampled in blocks of 5
resolved: A is slower than B
  warning: candidate A drifted during the run, shifting +0.74% from its first half to its second; the machine did not hold still

== u64 multi n=1048576 churn: ordered vs btree-sets
A 682.4 per op, B 1222 per op
difference +44.14% [+42.64%, +46.21%] at 95% confidence
noise floor 1.054%, autocorrelation +0.449, resampled in blocks of 5
resolved: A is faster than B
  warning: candidate A drifted during the run, shifting -8.03% from its first half to its second; the machine did not hold still
  warning: candidate B drifted during the run, shifting -4.81% from its first half to its second; the machine did not hold still

== u64 multi n=1048576 churn: ordered vs map-sets
A 562.2 per op, B 418.7 per op
difference -34.26% [-36.77%, -31.97%] at 95% confidence
noise floor 1.033%, autocorrelation +0.212, resampled in blocks of 5
resolved: A is slower than B
  warning: candidate A drifted during the run, shifting -5.44% from its first half to its second; the machine did not hold still

checksum 15251612257611498064
