== url unique n=1048576 valuesFor: ordered vs btree-map
A 718.1 per op, B 910.6 per op
difference +21.14% [+20.04%, +22.52%] at 95% confidence
noise floor 0.889%, autocorrelation +0.294, resampled in blocks of 3
resolved: A is faster than B
  warning: the program holds 894 MB of live data, more than the caches of many machines; for data that size, where it lies in memory can shift the result by several points in ways the interval does not cover, and differently in the next process; run the comparison in several processes with the multiproc package

== url unique n=1048576 valuesBetween: ordered vs btree-map
A 9576 per op, B 4678 per op
difference -104.71% [-111.52%, -101.02%] at 95% confidence
noise floor 1.203%, autocorrelation +0.406, resampled in blocks of 3
resolved: A is slower than B
  warning: the program holds 894 MB of live data, more than the caches of many machines; for data that size, where it lies in memory can shift the result by several points in ways the interval does not cover, and differently in the next process; run the comparison in several processes with the multiproc package

== url unique n=1048576 prefix: ordered vs btree-map
A 6392 per op, B 3280 per op
difference -94.89% [-128.32%, -58.02%] at 95% confidence
noise floor 12.368%, autocorrelation +0.021
resolved: A is slower than B
  warning: the program holds 894 MB of live data, more than the caches of many machines; for data that size, where it lies in memory can shift the result by several points in ways the interval does not cover, and differently in the next process; run the comparison in several processes with the multiproc package
  warning: in 50% of A/A runs this setup reported a difference between identical code, well above the 10% expected; treat any confidence from it with suspicion

== url unique n=1048576 churn and build: ordered vs btree-map
steady state, per insertion or deletion in a structure of 1048576 elements (cycle of 2097152 operations, first pass untimed):
  A 1045 per op, B 1228 per op
  difference +14.84% [+12.70%, +16.15%] at 95% confidence
  noise floor 3.318%, autocorrelation +0.138
  resolved: A is faster than B
    warning: the program holds 1260 MB of live data, more than the caches of many machines; for data that size, where it lies in memory can shift the result by several points in ways the interval does not cover, and differently in the next process; run the comparison in several processes with the multiproc package
    warning: in 50% of A/A runs this setup reported a difference between identical code, well above the 10% expected; treat any confidence from it with suspicion

checksum 15368178218506114682
== url unique n=1048576 valuesFor: ordered vs btree-map
A 783 per op, B 979.1 per op
difference +20.03% [+16.35%, +22.65%] at 95% confidence
noise floor 0.436%, autocorrelation +0.109
resolved: A is faster than B
  warning: the program holds 769 MB of live data, more than the caches of many machines; for data that size, where it lies in memory can shift the result by several points in ways the interval does not cover, and differently in the next process; run the comparison in several processes with the multiproc package
  warning: candidate A drifted during the run, shifting +8.03% from its first half to its second; the machine did not hold still
  warning: candidate B drifted during the run, shifting +6.08% from its first half to its second; the machine did not hold still

== url unique n=1048576 valuesBetween: ordered vs btree-map
A 9427 per op, B 4529 per op
difference -108.12% [-110.55%, -103.27%] at 95% confidence
noise floor 1.080%, autocorrelation +0.684, resampled in blocks of 3
resolved: A is slower than B
  warning: the program holds 769 MB of live data, more than the caches of many machines; for data that size, where it lies in memory can shift the result by several points in ways the interval does not cover, and differently in the next process; run the comparison in several processes with the multiproc package

== url unique n=1048576 prefix: ordered vs btree-map
A 6688 per op, B 3933 per op
difference -70.07% [-99.07%, -41.13%] at 95% confidence
noise floor 6.847%, autocorrelation +0.032
resolved: A is slower than B
  warning: the program holds 769 MB of live data, more than the caches of many machines; for data that size, where it lies in memory can shift the result by several points in ways the interval does not cover, and differently in the next process; run the comparison in several processes with the multiproc package

== url unique n=1048576 churn and build: ordered vs btree-map
steady state, per insertion or deletion in a structure of 1048576 elements (cycle of 2097152 operations, first pass untimed):
  A 1263 per op, B 1458 per op
  difference +13.37% [+9.39%, +16.04%] at 95% confidence
  noise floor 0.804%, autocorrelation +0.072
  resolved: A is faster than B
    warning: the program holds 1033 MB of live data, more than the caches of many machines; for data that size, where it lies in memory can shift the result by several points in ways the interval does not cover, and differently in the next process; run the comparison in several processes with the multiproc package
    warning: candidate A drifted during the run, shifting -6.16% from its first half to its second; the machine did not hold still
    warning: candidate B drifted during the run, shifting -9.44% from its first half to its second; the machine did not hold still

checksum 8325024459687882099
== url unique n=1048576 valuesFor: ordered vs btree-map
A 751.2 per op, B 914.2 per op
difference +17.83% [+16.56%, +19.15%] at 95% confidence
noise floor 0.427%, autocorrelation +0.173
resolved: A is faster than B
  warning: the program holds 957 MB of live data, more than the caches of many machines; for data that size, where it lies in memory can shift the result by several points in ways the interval does not cover, and differently in the next process; run the comparison in several processes with the multiproc package

== url unique n=1048576 valuesBetween: ordered vs btree-map
A 9431 per op, B 4420 per op
difference -113.36% [-115.45%, -108.98%] at 95% confidence
noise floor 1.208%, autocorrelation +0.030
resolved: A is slower than B
  warning: the program holds 957 MB of live data, more than the caches of many machines; for data that size, where it lies in memory can shift the result by several points in ways the interval does not cover, and differently in the next process; run the comparison in several processes with the multiproc package

== url unique n=1048576 prefix: ordered vs btree-map
A 6068 per op, B 3327 per op
difference -82.38% [-103.77%, -47.90%] at 95% confidence
noise floor 4.808%, autocorrelation +0.001
resolved: A is slower than B
  warning: the program holds 957 MB of live data, more than the caches of many machines; for data that size, where it lies in memory can shift the result by several points in ways the interval does not cover, and differently in the next process; run the comparison in several processes with the multiproc package

== url unique n=1048576 churn and build: ordered vs btree-map
steady state, per insertion or deletion in a structure of 1048576 elements (cycle of 2097152 operations, first pass untimed):
  A 1106 per op, B 1266 per op
  difference +12.62% [+11.74%, +14.82%] at 95% confidence
  noise floor 0.601%, autocorrelation +0.155
  resolved: A is faster than B
    warning: the program holds 1280 MB of live data, more than the caches of many machines; for data that size, where it lies in memory can shift the result by several points in ways the interval does not cover, and differently in the next process; run the comparison in several processes with the multiproc package

checksum 10235596276639624947
== url unique n=1048576 valuesFor: ordered vs btree-map
A 732.8 per op, B 920.6 per op
difference +20.40% [+18.91%, +21.60%] at 95% confidence
noise floor 1.001%, autocorrelation -0.080
resolved: A is faster than B
  warning: the program holds 797 MB of live data, more than the caches of many machines; for data that size, where it lies in memory can shift the result by several points in ways the interval does not cover, and differently in the next process; run the comparison in several processes with the multiproc package

== url unique n=1048576 valuesBetween: ordered vs btree-map
A 9641 per op, B 4588 per op
difference -110.15% [-114.38%, -106.21%] at 95% confidence
noise floor 2.612%, autocorrelation +0.477, resampled in blocks of 3
resolved: A is slower than B
  warning: the program holds 797 MB of live data, more than the caches of many machines; for data that size, where it lies in memory can shift the result by several points in ways the interval does not cover, and differently in the next process; run the comparison in several processes with the multiproc package
  warning: in 50% of A/A runs this setup reported a difference between identical code, well above the 10% expected; treat any confidence from it with suspicion

== url unique n=1048576 prefix: ordered vs btree-map
A 5852 per op, B 3043 per op
difference -92.28% [-109.96%, -63.42%] at 95% confidence
noise floor 9.040%, autocorrelation -0.038
resolved: A is slower than B
  warning: the program holds 797 MB of live data, more than the caches of many machines; for data that size, where it lies in memory can shift the result by several points in ways the interval does not cover, and differently in the next process; run the comparison in several processes with the multiproc package

== url unique n=1048576 churn and build: ordered vs btree-map
steady state, per insertion or deletion in a structure of 1048576 elements (cycle of 2097152 operations, first pass untimed):
  A 1132 per op, B 1318 per op
  difference +14.07% [+10.48%, +16.80%] at 95% confidence
  noise floor 2.389%, autocorrelation +0.135
  resolved: A is faster than B
    warning: the program holds 1190 MB of live data, more than the caches of many machines; for data that size, where it lies in memory can shift the result by several points in ways the interval does not cover, and differently in the next process; run the comparison in several processes with the multiproc package
    warning: candidate A drifted during the run, shifting +8.57% from its first half to its second; the machine did not hold still

checksum 7322568040262105759
== url unique n=1048576 valuesFor: ordered vs btree-map
A 816.1 per op, B 998.8 per op
difference +18.29% [+17.05%, +20.64%] at 95% confidence
noise floor 1.089%, autocorrelation +0.258, resampled in blocks of 3
resolved: A is faster than B
  warning: the program holds 958 MB of live data, more than the caches of many machines; for data that size, where it lies in memory can shift the result by several points in ways the interval does not cover, and differently in the next process; run the comparison in several processes with the multiproc package

== url unique n=1048576 valuesBetween: ordered vs btree-map
A 9482 per op, B 4500 per op
difference -110.70% [-113.22%, -109.33%] at 95% confidence
noise floor 0.938%, autocorrelation +0.184
resolved: A is slower than B
  warning: the program holds 958 MB of live data, more than the caches of many machines; for data that size, where it lies in memory can shift the result by several points in ways the interval does not cover, and differently in the next process; run the comparison in several processes with the multiproc package

== url unique n=1048576 prefix: ordered vs btree-map
A 5622 per op, B 3262 per op
difference -72.36% [-104.52%, -50.37%] at 95% confidence
noise floor 4.402%, autocorrelation +0.088
resolved: A is slower than B
  warning: the program holds 958 MB of live data, more than the caches of many machines; for data that size, where it lies in memory can shift the result by several points in ways the interval does not cover, and differently in the next process; run the comparison in several processes with the multiproc package

== url unique n=1048576 churn and build: ordered vs btree-map
steady state, per insertion or deletion in a structure of 1048576 elements (cycle of 2097152 operations, first pass untimed):
  A 1079 per op, B 1250 per op
  difference +13.66% [+11.28%, +15.45%] at 95% confidence
  noise floor 0.937%, autocorrelation +0.197
  resolved: A is faster than B
    warning: the program holds 1282 MB of live data, more than the caches of many machines; for data that size, where it lies in memory can shift the result by several points in ways the interval does not cover, and differently in the next process; run the comparison in several processes with the multiproc package

checksum 10781824664087197050
== url unique n=1048576 valuesFor: ordered vs btree-map
A 730.5 per op, B 902.6 per op
difference +19.07% [+17.41%, +21.07%] at 95% confidence
noise floor 0.531%, autocorrelation +0.415, resampled in blocks of 3
resolved: A is faster than B
  warning: the program holds 797 MB of live data, more than the caches of many machines; for data that size, where it lies in memory can shift the result by several points in ways the interval does not cover, and differently in the next process; run the comparison in several processes with the multiproc package
  warning: candidate B drifted during the run, shifting +3.35% from its first half to its second; the machine did not hold still

== url unique n=1048576 valuesBetween: ordered vs btree-map
A 9658 per op, B 4643 per op
difference -108.00% [-112.70%, -105.47%] at 95% confidence
noise floor 0.816%, autocorrelation +0.130
resolved: A is slower than B
  warning: the program holds 797 MB of live data, more than the caches of many machines; for data that size, where it lies in memory can shift the result by several points in ways the interval does not cover, and differently in the next process; run the comparison in several processes with the multiproc package

== url unique n=1048576 prefix: ordered vs btree-map
A 6006 per op, B 3219 per op
difference -86.56% [-101.31%, -63.77%] at 95% confidence
noise floor 13.326%, autocorrelation +0.186
resolved: A is slower than B
  warning: the program holds 797 MB of live data, more than the caches of many machines; for data that size, where it lies in memory can shift the result by several points in ways the interval does not cover, and differently in the next process; run the comparison in several processes with the multiproc package
  warning: in 50% of A/A runs this setup reported a difference between identical code, well above the 10% expected; treat any confidence from it with suspicion

== url unique n=1048576 churn and build: ordered vs btree-map
steady state, per insertion or deletion in a structure of 1048576 elements (cycle of 2097152 operations, first pass untimed):
  A 1104 per op, B 1255 per op
  difference +12.05% [+9.50%, +13.78%] at 95% confidence
  noise floor 2.010%, autocorrelation +0.124
  resolved: A is faster than B
    warning: the program holds 1193 MB of live data, more than the caches of many machines; for data that size, where it lies in memory can shift the result by several points in ways the interval does not cover, and differently in the next process; run the comparison in several processes with the multiproc package
    warning: in 50% of A/A runs this setup reported a difference between identical code, well above the 10% expected; treat any confidence from it with suspicion

checksum 156739423477975560
