== str multi n=1048576 valuesFor: ordered vs hashed
A 387.8 per op, B 210.4 per op
difference -84.31% [-86.86%, -82.76%] at 95% confidence
noise floor 0.940%, autocorrelation +0.434, resampled in blocks of 5
resolved: A is slower than B
  warning: candidate A drifted during the run, shifting -1.98% from its first half to its second; the machine did not hold still

== str multi n=1048576 valuesFor: ordered vs btree-sets
A 480.9 per op, B 1177 per op
difference +59.16% [+57.87%, +60.19%] at 95% confidence
noise floor 1.165%, autocorrelation +0.546, resampled in blocks of 5
resolved: A is faster than B
  warning: candidate A drifted during the run, shifting -3.38% from its first half to its second; the machine did not hold still

== str multi n=1048576 valuesFor: ordered vs map-sets
A 483.9 per op, B 475.8 per op
difference -1.71% [-4.24%, +0.05%] at 95% confidence
noise floor 1.118%, autocorrelation +0.161
not resolved: this run did not establish a difference
  warning: the interval [-4.24%, 0.05%] includes zero, so a difference in either direction is consistent with these measurements
  warning: candidate A drifted during the run, shifting -12.22% from its first half to its second; the machine did not hold still
  warning: candidate B drifted during the run, shifting +3.32% from its first half to its second; the machine did not hold still

== str multi n=1048576 valuesBetween: ordered vs btree-sets
A 9161 per op, B 3.071e+04 per op
difference +70.17% [+69.75%, +70.77%] at 95% confidence
noise floor 1.126%, autocorrelation +0.121
resolved: A is faster than B
  warning: candidate A drifted during the run, shifting -3.44% from its first half to its second; the machine did not hold still
  warning: candidate B drifted during the run, shifting -3.41% from its first half to its second; the machine did not hold still

== str multi n=1048576 churn: ordered vs hashed
A 644.2 per op, B 366.4 per op
difference -75.83% [-81.79%, -70.42%] at 95% confidence
noise floor 1.211%, autocorrelation +0.090
resolved: A is slower than B
  warning: candidate A drifted during the run, shifting -16.13% from its first half to its second; the machine did not hold still
  warning: candidate B drifted during the run, shifting -1.94% from its first half to its second; the machine did not hold still

== str multi n=1048576 churn: ordered vs btree-sets
A 854.9 per op, B 1352 per op
difference +36.77% [+35.05%, +38.12%] at 95% confidence
noise floor 1.122%, autocorrelation +0.376, resampled in blocks of 5
resolved: A is faster than B
  warning: candidate A drifted during the run, shifting -6.14% from its first half to its second; the machine did not hold still
  warning: candidate B drifted during the run, shifting -2.92% from its first half to its second; the machine did not hold still

== str multi n=1048576 churn: ordered vs map-sets
A 779 per op, B 475.9 per op
difference -63.69% [-68.48%, -60.26%] at 95% confidence
noise floor 1.085%, autocorrelation +0.167
resolved: A is slower than B
  warning: candidate A drifted during the run, shifting -7.22% from its first half to its second; the machine did not hold still
  warning: candidate B drifted during the run, shifting -4.63% from its first half to its second; the machine did not hold still

checksum 15654065682850819655
