== path unique n=16384 valuesFor: ordered vs btree-map
A 116.6 per op, B 173.8 per op
difference +32.88% [+32.06%, +34.21%] at 95% confidence
noise floor 1.162%, autocorrelation -0.266
resolved: A is faster than B
  warning: the program holds 94 MB of live data, more than the caches of many machines; for data that size, where it lies in memory can shift the result by several points in ways the interval does not cover, and differently in the next process; run the comparison in several processes with the multiproc package
  warning: in 50% of A/A runs this setup reported a difference between identical code, well above the 10% expected; treat any confidence from it with suspicion

== path unique n=16384 valuesBetween: ordered vs btree-map
A 2529 per op, B 759.1 per op
difference -233.15% [-240.47%, -228.38%] at 95% confidence
noise floor 0.608%, autocorrelation -0.064
resolved: A is slower than B
  warning: the program holds 94 MB of live data, more than the caches of many machines; for data that size, where it lies in memory can shift the result by several points in ways the interval does not cover, and differently in the next process; run the comparison in several processes with the multiproc package

== path unique n=16384 prefix: ordered vs btree-map
A 436.1 per op, B 317.6 per op
difference -37.30% [-55.79%, -30.67%] at 95% confidence
noise floor 4.393%, autocorrelation -0.021
resolved: A is slower than B
  warning: the program holds 89 MB of live data, more than the caches of many machines; for data that size, where it lies in memory can shift the result by several points in ways the interval does not cover, and differently in the next process; run the comparison in several processes with the multiproc package

== path unique n=16384 churn and build: ordered vs btree-map
steady state, per insertion or deletion in a structure of 16384 elements (cycle of 32768 operations, first pass untimed):
  A 278 per op, B 260 per op
  difference -6.91% [-11.18%, -2.62%] at 95% confidence
  noise floor 1.552%, autocorrelation -0.099
  resolved: A is slower than B
    warning: the program holds 94 MB of live data, more than the caches of many machines; for data that size, where it lies in memory can shift the result by several points in ways the interval does not cover, and differently in the next process; run the comparison in several processes with the multiproc package

build from empty to 16384 elements, per whole build (49152 operations):
  A 1.089e+07 per op, B 1.122e+07 per op
  difference +2.90% [+1.84%, +4.93%] at 95% confidence
  noise floor 0.733%, autocorrelation +0.041
  resolved: A is faster than B
    warning: the program holds 89 MB of live data, more than the caches of many machines; for data that size, where it lies in memory can shift the result by several points in ways the interval does not cover, and differently in the next process; run the comparison in several processes with the multiproc package

checksum 5398862076634046709
== path unique n=16384 valuesFor: ordered vs btree-map
A 116.2 per op, B 171.7 per op
difference +32.36% [+31.29%, +33.45%] at 95% confidence
noise floor 0.777%, autocorrelation +0.310, resampled in blocks of 3
resolved: A is faster than B
  warning: the program holds 92 MB of live data, more than the caches of many machines; for data that size, where it lies in memory can shift the result by several points in ways the interval does not cover, and differently in the next process; run the comparison in several processes with the multiproc package

== path unique n=16384 valuesBetween: ordered vs btree-map
A 2533 per op, B 755.6 per op
difference -235.20% [-245.36%, -223.77%] at 95% confidence
noise floor 0.295%, autocorrelation -0.079
resolved: A is slower than B
  warning: the program holds 92 MB of live data, more than the caches of many machines; for data that size, where it lies in memory can shift the result by several points in ways the interval does not cover, and differently in the next process; run the comparison in several processes with the multiproc package

== path unique n=16384 prefix: ordered vs btree-map
A 415.1 per op, B 283.4 per op
difference -46.46% [-58.29%, -39.78%] at 95% confidence
noise floor 5.957%, autocorrelation -0.187
resolved: A is slower than B
  warning: the program holds 92 MB of live data, more than the caches of many machines; for data that size, where it lies in memory can shift the result by several points in ways the interval does not cover, and differently in the next process; run the comparison in several processes with the multiproc package

== path unique n=16384 churn and build: ordered vs btree-map
steady state, per insertion or deletion in a structure of 16384 elements (cycle of 32768 operations, first pass untimed):
  A 282.7 per op, B 261.2 per op
  difference -8.21% [-12.39%, -2.89%] at 95% confidence
  noise floor 4.407%, autocorrelation +0.140
  resolved: A is slower than B
    warning: the program holds 97 MB of live data, more than the caches of many machines; for data that size, where it lies in memory can shift the result by several points in ways the interval does not cover, and differently in the next process; run the comparison in several processes with the multiproc package

build from empty to 16384 elements, per whole build (49152 operations):
  A 1.107e+07 per op, B 1.139e+07 per op
  difference +2.85% [-0.02%, +7.50%] at 95% confidence
  noise floor 0.674%, autocorrelation +0.337, resampled in blocks of 3
  not resolved: this run did not establish a difference
    warning: the interval [-0.02%, 7.50%] includes zero, so a difference in either direction is consistent with these measurements
    warning: the program holds 92 MB of live data, more than the caches of many machines; for data that size, where it lies in memory can shift the result by several points in ways the interval does not cover, and differently in the next process; run the comparison in several processes with the multiproc package
    warning: the ratio B/A shifted +5.71% from the first half of the run to the second, so the candidates had not reached a steady state and the difference depends on how long the run was; a common cause is a head start for whichever candidate ran alone last before the comparison or had its data built last, which a longer CollectOptions.WarmupDuration removes

checksum 14530873469751771920
== path unique n=16384 valuesFor: ordered vs btree-map
A 115.5 per op, B 172.4 per op
difference +32.97% [+31.44%, +34.07%] at 95% confidence
noise floor 0.536%, autocorrelation +0.275, resampled in blocks of 3
resolved: A is faster than B
  warning: the program holds 97 MB of live data, more than the caches of many machines; for data that size, where it lies in memory can shift the result by several points in ways the interval does not cover, and differently in the next process; run the comparison in several processes with the multiproc package

== path unique n=16384 valuesBetween: ordered vs btree-map
A 2604 per op, B 765.6 per op
difference -240.09% [-252.24%, -234.38%] at 95% confidence
noise floor 1.010%, autocorrelation -0.082
resolved: A is slower than B
  warning: the program holds 97 MB of live data, more than the caches of many machines; for data that size, where it lies in memory can shift the result by several points in ways the interval does not cover, and differently in the next process; run the comparison in several processes with the multiproc package

== path unique n=16384 prefix: ordered vs btree-map
A 438.1 per op, B 275.5 per op
difference -59.02% [-67.45%, -46.28%] at 95% confidence
noise floor 7.633%, autocorrelation -0.129
resolved: A is slower than B
  warning: the program holds 97 MB of live data, more than the caches of many machines; for data that size, where it lies in memory can shift the result by several points in ways the interval does not cover, and differently in the next process; run the comparison in several processes with the multiproc package
  warning: in 50% of A/A runs this setup reported a difference between identical code, well above the 10% expected; treat any confidence from it with suspicion

== path unique n=16384 churn and build: ordered vs btree-map
steady state, per insertion or deletion in a structure of 16384 elements (cycle of 32768 operations, first pass untimed):
  A 276.1 per op, B 264.5 per op
  difference -4.40% [-9.93%, -0.30%] at 95% confidence
  noise floor 1.493%, autocorrelation +0.308, resampled in blocks of 3
  resolved: A is slower than B
    warning: the program holds 102 MB of live data, more than the caches of many machines; for data that size, where it lies in memory can shift the result by several points in ways the interval does not cover, and differently in the next process; run the comparison in several processes with the multiproc package

build from empty to 16384 elements, per whole build (49152 operations):
  A 1.095e+07 per op, B 1.135e+07 per op
  difference +3.55% [+2.36%, +4.92%] at 95% confidence
  noise floor 0.996%, autocorrelation +0.053
  resolved: A is faster than B
    warning: the program holds 97 MB of live data, more than the caches of many machines; for data that size, where it lies in memory can shift the result by several points in ways the interval does not cover, and differently in the next process; run the comparison in several processes with the multiproc package

checksum 6936234590144048658
== path unique n=16384 valuesFor: ordered vs btree-map
A 117.6 per op, B 172.6 per op
difference +31.85% [+31.04%, +33.20%] at 95% confidence
noise floor 1.608%, autocorrelation -0.094
resolved: A is faster than B
  warning: the program holds 84 MB of live data, more than the caches of many machines; for data that size, where it lies in memory can shift the result by several points in ways the interval does not cover, and differently in the next process; run the comparison in several processes with the multiproc package

== path unique n=16384 valuesBetween: ordered vs btree-map
A 2530 per op, B 760.1 per op
difference -232.91% [-237.30%, -228.29%] at 95% confidence
noise floor 2.287%, autocorrelation -0.127
resolved: A is slower than B
  warning: the program holds 94 MB of live data, more than the caches of many machines; for data that size, where it lies in memory can shift the result by several points in ways the interval does not cover, and differently in the next process; run the comparison in several processes with the multiproc package

== path unique n=16384 prefix: ordered vs btree-map
A 426.2 per op, B 268.1 per op
difference -58.95% [-66.35%, -40.89%] at 95% confidence
noise floor 1.036%, autocorrelation +0.315, resampled in blocks of 3
resolved: A is slower than B
  warning: the program holds 94 MB of live data, more than the caches of many machines; for data that size, where it lies in memory can shift the result by several points in ways the interval does not cover, and differently in the next process; run the comparison in several processes with the multiproc package

== path unique n=16384 churn and build: ordered vs btree-map
steady state, per insertion or deletion in a structure of 16384 elements (cycle of 32768 operations, first pass untimed):
  A 281.7 per op, B 265 per op
  difference -6.30% [-11.23%, -0.43%] at 95% confidence
  noise floor 1.185%, autocorrelation -0.089
  resolved: A is slower than B
    warning: the program holds 100 MB of live data, more than the caches of many machines; for data that size, where it lies in memory can shift the result by several points in ways the interval does not cover, and differently in the next process; run the comparison in several processes with the multiproc package

build from empty to 16384 elements, per whole build (49152 operations):
  A 1.103e+07 per op, B 1.158e+07 per op
  difference +4.68% [+2.56%, +6.68%] at 95% confidence
  noise floor 1.086%, autocorrelation +0.106
  resolved: A is faster than B
    warning: the program holds 94 MB of live data, more than the caches of many machines; for data that size, where it lies in memory can shift the result by several points in ways the interval does not cover, and differently in the next process; run the comparison in several processes with the multiproc package

checksum 10946473324014446797
== path unique n=16384 valuesFor: ordered vs btree-map
A 116.8 per op, B 173.1 per op
difference +32.56% [+31.44%, +34.31%] at 95% confidence
noise floor 1.541%, autocorrelation -0.110
resolved: A is faster than B
  warning: the program holds 100 MB of live data, more than the caches of many machines; for data that size, where it lies in memory can shift the result by several points in ways the interval does not cover, and differently in the next process; run the comparison in several processes with the multiproc package

== path unique n=16384 valuesBetween: ordered vs btree-map
A 2570 per op, B 779.6 per op
difference -229.63% [-233.73%, -223.83%] at 95% confidence
noise floor 1.299%, autocorrelation +0.000
resolved: A is slower than B
  warning: the program holds 100 MB of live data, more than the caches of many machines; for data that size, where it lies in memory can shift the result by several points in ways the interval does not cover, and differently in the next process; run the comparison in several processes with the multiproc package
  warning: in 50% of A/A runs this setup reported a difference between identical code, well above the 10% expected; treat any confidence from it with suspicion

== path unique n=16384 prefix: ordered vs btree-map
A 459.1 per op, B 320.6 per op
difference -43.18% [-55.99%, -30.61%] at 95% confidence
noise floor 6.229%, autocorrelation -0.088
resolved: A is slower than B
  warning: the program holds 99 MB of live data, more than the caches of many machines; for data that size, where it lies in memory can shift the result by several points in ways the interval does not cover, and differently in the next process; run the comparison in several processes with the multiproc package
  warning: candidate B drifted during the run, shifting +18.47% from its first half to its second; the machine did not hold still

== path unique n=16384 churn and build: ordered vs btree-map
steady state, per insertion or deletion in a structure of 16384 elements (cycle of 32768 operations, first pass untimed):
  A 277.2 per op, B 260.3 per op
  difference -6.46% [-12.45%, -0.93%] at 95% confidence
  noise floor 2.417%, autocorrelation +0.136
  resolved: A is slower than B
    warning: the program holds 104 MB of live data, more than the caches of many machines; for data that size, where it lies in memory can shift the result by several points in ways the interval does not cover, and differently in the next process; run the comparison in several processes with the multiproc package

build from empty to 16384 elements, per whole build (49152 operations):
  A 1.102e+07 per op, B 1.141e+07 per op
  difference +3.40% [+1.88%, +4.66%] at 95% confidence
  noise floor 0.882%, autocorrelation +0.049
  resolved: A is faster than B
    warning: the program holds 99 MB of live data, more than the caches of many machines; for data that size, where it lies in memory can shift the result by several points in ways the interval does not cover, and differently in the next process; run the comparison in several processes with the multiproc package

checksum 2176139309609069843
== path unique n=16384 valuesFor: ordered vs btree-map
A 116.4 per op, B 172.3 per op
difference +32.42% [+30.75%, +33.65%] at 95% confidence
noise floor 0.581%, autocorrelation -0.079
resolved: A is faster than B
  warning: the program holds 84 MB of live data, more than the caches of many machines; for data that size, where it lies in memory can shift the result by several points in ways the interval does not cover, and differently in the next process; run the comparison in several processes with the multiproc package

== path unique n=16384 valuesBetween: ordered vs btree-map
A 2539 per op, B 769.7 per op
difference -229.93% [-240.94%, -220.53%] at 95% confidence
noise floor 0.828%, autocorrelation -0.049
resolved: A is slower than B
  warning: the program holds 94 MB of live data, more than the caches of many machines; for data that size, where it lies in memory can shift the result by several points in ways the interval does not cover, and differently in the next process; run the comparison in several processes with the multiproc package

== path unique n=16384 prefix: ordered vs btree-map
A 413.5 per op, B 272.3 per op
difference -51.85% [-64.15%, -40.78%] at 95% confidence
noise floor 1.383%, autocorrelation -0.101
resolved: A is slower than B
  warning: the program holds 94 MB of live data, more than the caches of many machines; for data that size, where it lies in memory can shift the result by several points in ways the interval does not cover, and differently in the next process; run the comparison in several processes with the multiproc package

== path unique n=16384 churn and build: ordered vs btree-map
steady state, per insertion or deletion in a structure of 16384 elements (cycle of 32768 operations, first pass untimed):
  A 263.4 per op, B 257.7 per op
  difference -2.22% [-4.32%, +1.20%] at 95% confidence
  noise floor 3.620%, autocorrelation +0.121
  not resolved: this run did not establish a difference
    warning: the difference of -2.22% does not clear the 3.62% noise floor, which is what this setup reports between two runs of identical code
    warning: the interval [-4.32%, 1.20%] includes zero, so a difference in either direction is consistent with these measurements
    warning: the program holds 100 MB of live data, more than the caches of many machines; for data that size, where it lies in memory can shift the result by several points in ways the interval does not cover, and differently in the next process; run the comparison in several processes with the multiproc package

build from empty to 16384 elements, per whole build (49152 operations):
  A 1.1e+07 per op, B 1.133e+07 per op
  difference +2.91% [+1.06%, +4.61%] at 95% confidence
  noise floor 0.945%, autocorrelation -0.159
  resolved: A is faster than B
    warning: the program holds 94 MB of live data, more than the caches of many machines; for data that size, where it lies in memory can shift the result by several points in ways the interval does not cover, and differently in the next process; run the comparison in several processes with the multiproc package

checksum 14091052070850281617
