== str multi n=1048576 valuesFor: ordered vs hashed
A 399.8 per op, B 210.7 per op
difference -89.76% [-94.02%, -87.56%] at 95% confidence
noise floor 1.142%, autocorrelation +0.276, resampled in blocks of 5
resolved: A is slower than B
  warning: candidate A drifted during the run, shifting -3.10% from its first half to its second; the machine did not hold still

== str multi n=1048576 valuesFor: ordered vs btree-sets
A 510.3 per op, B 1195 per op
difference +57.30% [+53.46%, +59.23%] at 95% confidence
noise floor 1.120%, autocorrelation +0.518, resampled in blocks of 5
resolved: A is faster than B
  warning: candidate A drifted during the run, shifting -16.02% from its first half to its second; the machine did not hold still
  warning: candidate B drifted during the run, shifting -2.27% from its first half to its second; the machine did not hold still

== str multi n=1048576 valuesFor: ordered vs map-sets
A 492.9 per op, B 470.5 per op
difference -4.75% [-9.11%, -1.94%] at 95% confidence
noise floor 1.042%, autocorrelation +0.154
resolved: A is slower than B
  warning: candidate A drifted during the run, shifting -16.18% from its first half to its second; the machine did not hold still

== str multi n=1048576 valuesBetween: ordered vs btree-sets
A 9919 per op, B 3.166e+04 per op
difference +68.67% [+67.79%, +69.50%] at 95% confidence
noise floor 1.102%, autocorrelation +0.196
resolved: A is faster than B
  warning: candidate A drifted during the run, shifting -10.08% from its first half to its second; the machine did not hold still
  warning: candidate B drifted during the run, shifting +1.01% from its first half to its second; the machine did not hold still

== str multi n=1048576 churn: ordered vs hashed
A 697.2 per op, B 366.5 per op
difference -90.25% [-93.30%, -84.48%] at 95% confidence
noise floor 1.366%, autocorrelation +0.176
resolved: A is slower than B
  warning: candidate A drifted during the run, shifting -9.89% from its first half to its second; the machine did not hold still

== str multi n=1048576 churn: ordered vs btree-sets
A 896.4 per op, B 1422 per op
difference +36.96% [+34.04%, +39.02%] at 95% confidence
noise floor 1.126%, autocorrelation +0.292, resampled in blocks of 5
resolved: A is faster than B
  warning: candidate A drifted during the run, shifting -9.98% from its first half to its second; the machine did not hold still
  warning: candidate B drifted during the run, shifting -1.61% from its first half to its second; the machine did not hold still

== str multi n=1048576 churn: ordered vs map-sets
A 881.7 per op, B 490.1 per op
difference -79.91% [-88.41%, -75.61%] at 95% confidence
noise floor 0.933%, autocorrelation +0.091
resolved: A is slower than B
  warning: candidate A drifted during the run, shifting -16.18% from its first half to its second; the machine did not hold still
  warning: candidate B drifted during the run, shifting -6.78% from its first half to its second; the machine did not hold still

checksum 10687773512683384721
