== str n=1048576 valuesFor: ordered vs hashed
A 364.1 per op, B 202.1 per op
difference -80.20% [-82.90%, -78.21%] at 95% confidence
noise floor 1.038%, autocorrelation +0.346, resampled in blocks of 5
resolved: A is slower than B
  warning: candidate A drifted during the run, shifting -2.25% from its first half to its second; the machine did not hold still

== str n=1048576 valuesFor: ordered vs btree-sets
A 454 per op, B 1217 per op
difference +62.70% [+61.90%, +63.71%] at 95% confidence
noise floor 0.740%, autocorrelation +0.493, resampled in blocks of 5
resolved: A is faster than B
  warning: candidate B drifted during the run, shifting +3.87% from its first half to its second; the machine did not hold still

== str n=1048576 valuesFor: ordered vs map-sets
A 368.7 per op, B 409.1 per op
difference +9.87% [+8.98%, +10.89%] at 95% confidence
noise floor 0.859%, autocorrelation +0.434, resampled in blocks of 5
resolved: A is faster than B
  warning: candidate A drifted during the run, shifting -1.29% from its first half to its second; the machine did not hold still

== str n=1048576 valuesFor: hashed vs map-sets
A 205.8 per op, B 400.8 per op
difference +48.65% [+48.25%, +49.12%] at 95% confidence
noise floor 0.570%, autocorrelation +0.270, resampled in blocks of 5
resolved: A is faster than B
  warning: candidate A drifted during the run, shifting -1.73% from its first half to its second; the machine did not hold still
  warning: candidate B drifted during the run, shifting -1.52% from its first half to its second; the machine did not hold still

== str n=1048576 valuesBetween: ordered vs btree-sets
A 9534 per op, B 2.318e+04 per op
difference +58.86% [+58.37%, +59.31%] at 95% confidence
noise floor 0.836%, autocorrelation +0.188
resolved: A is faster than B
  warning: candidate A drifted during the run, shifting -1.29% from its first half to its second; the machine did not hold still
  warning: candidate B drifted during the run, shifting -3.38% from its first half to its second; the machine did not hold still

== str n=1048576 addRemove: ordered vs hashed
A 611.4 per op, B 325.3 per op
difference -87.91% [-95.57%, -79.10%] at 95% confidence
noise floor 0.396%, autocorrelation +0.653, resampled in blocks of 5
resolved: A is slower than B
  warning: candidate A drifted during the run, shifting +8.07% from its first half to its second; the machine did not hold still
  warning: candidate B drifted during the run, shifting +6.33% from its first half to its second; the machine did not hold still

== str n=1048576 addRemove: ordered vs btree-sets
A 645.1 per op, B 1234 per op
difference +47.73% [+47.25%, +48.27%] at 95% confidence
noise floor 0.448%, autocorrelation +0.631, resampled in blocks of 5
resolved: A is faster than B

== str n=1048576 addRemove: ordered vs map-sets
A 646.7 per op, B 527.7 per op
difference -22.54% [-27.03%, -18.33%] at 95% confidence
noise floor 0.514%, autocorrelation +0.594, resampled in blocks of 5
resolved: A is slower than B

== str n=1048576 addRemove: hashed vs map-sets
A 311 per op, B 493.5 per op
difference +36.99% [+36.46%, +37.24%] at 95% confidence
noise floor 0.341%, autocorrelation +0.613, resampled in blocks of 5
resolved: A is faster than B
  warning: candidate A drifted during the run, shifting -1.42% from its first half to its second; the machine did not hold still
  warning: candidate B drifted during the run, shifting -0.57% from its first half to its second; the machine did not hold still

checksum 6650570477521103012
