== u64 multi n=1048576 valuesFor: ordered vs hashed
A 264.7 per op, B 208.9 per op
difference -26.72% [-31.35%, -23.08%] at 95% confidence
noise floor 2.293%, autocorrelation +0.379, resampled in blocks of 5
resolved: A is slower than B
  warning: candidate A drifted during the run, shifting -8.80% from its first half to its second; the machine did not hold still
  warning: in 38% of A/A runs this setup reported a difference between identical code, well above the 10% expected; treat any confidence from it with suspicion

== u64 multi n=1048576 valuesFor: ordered vs btree-sets
A 282.8 per op, B 1035 per op
difference +72.67% [+71.97%, +73.13%] at 95% confidence
noise floor 1.321%, autocorrelation +0.539, resampled in blocks of 5
resolved: A is faster than B
  warning: candidate A drifted during the run, shifting -1.19% from its first half to its second; the machine did not hold still

== u64 multi n=1048576 valuesFor: ordered vs map-sets
A 263.8 per op, B 491.1 per op
difference +46.28% [+43.09%, +47.50%] at 95% confidence
noise floor 1.763%, autocorrelation +0.293, resampled in blocks of 5
resolved: A is faster than B
  warning: candidate A drifted during the run, shifting -10.13% from its first half to its second; the machine did not hold still
  warning: candidate B drifted during the run, shifting -1.95% from its first half to its second; the machine did not hold still

== u64 multi n=1048576 valuesBetween: ordered vs btree-sets
A 8972 per op, B 3.007e+04 per op
difference +70.16% [+69.41%, +70.95%] at 95% confidence
noise floor 1.413%, autocorrelation +0.292, resampled in blocks of 5
resolved: A is faster than B
  warning: candidate A drifted during the run, shifting -5.97% from its first half to its second; the machine did not hold still
  warning: candidate B drifted during the run, shifting -2.24% from its first half to its second; the machine did not hold still

== u64 multi n=1048576 churn: ordered vs hashed
A 468.8 per op, B 385 per op
difference -21.75% [-39.02%, -9.23%] at 95% confidence
noise floor 1.433%, autocorrelation +0.509, resampled in blocks of 5
resolved: A is slower than B
  warning: candidate A drifted during the run, shifting -11.48% from its first half to its second; the machine did not hold still
  warning: candidate B drifted during the run, shifting -9.02% from its first half to its second; the machine did not hold still

== u64 multi n=1048576 churn: ordered vs btree-sets
A 605.3 per op, B 1248 per op
difference +51.48% [+50.63%, +52.22%] at 95% confidence
noise floor 0.860%, autocorrelation +0.545, resampled in blocks of 5
resolved: A is faster than B
  warning: candidate A drifted during the run, shifting -4.09% from its first half to its second; the machine did not hold still
  warning: candidate B drifted during the run, shifting -3.03% from its first half to its second; the machine did not hold still

== u64 multi n=1048576 churn: ordered vs map-sets
A 604.6 per op, B 445.2 per op
difference -35.81% [-41.30%, -33.29%] at 95% confidence
noise floor 0.928%, autocorrelation +0.372, resampled in blocks of 5
resolved: A is slower than B
  warning: candidate A drifted during the run, shifting -8.91% from its first half to its second; the machine did not hold still
  warning: candidate B drifted during the run, shifting -2.41% from its first half to its second; the machine did not hold still

checksum 2097788787090497410
