== u64 multi n=1048576 valuesFor: ordered vs hashed
A 221.6 per op, B 219.3 per op
difference -1.03% [-3.45%, +1.24%] at 95% confidence
noise floor 1.501%, autocorrelation +0.150
not resolved: this run did not establish a difference
  warning: the difference of -1.03% does not clear the 1.50% noise floor, which is what this setup reports between two runs of identical code
  warning: the interval [-3.45%, 1.24%] includes zero, so a difference in either direction is consistent with these measurements
  warning: candidate A drifted during the run, shifting -5.11% from its first half to its second; the machine did not hold still
  warning: candidate B drifted during the run, shifting -4.60% from its first half to its second; the machine did not hold still

== u64 multi n=1048576 valuesFor: ordered vs btree-sets
A 248.7 per op, B 1109 per op
difference +77.57% [+76.94%, +78.05%] at 95% confidence
noise floor 1.195%, autocorrelation +0.540, resampled in blocks of 5
resolved: A is faster than B
  warning: candidate A drifted during the run, shifting -5.06% from its first half to its second; the machine did not hold still
  warning: candidate B drifted during the run, shifting -5.64% from its first half to its second; the machine did not hold still

== u64 multi n=1048576 valuesFor: ordered vs map-sets
A 238.8 per op, B 507.4 per op
difference +52.94% [+52.30%, +53.69%] at 95% confidence
noise floor 1.132%, autocorrelation +0.128
resolved: A is faster than B
  warning: candidate A drifted during the run, shifting -6.47% from its first half to its second; the machine did not hold still

== u64 multi n=1048576 valuesBetween: ordered vs btree-sets
A 8848 per op, B 3.104e+04 per op
difference +71.49% [+71.13%, +71.82%] at 95% confidence
noise floor 1.056%, autocorrelation +0.186
resolved: A is faster than B
  warning: candidate A drifted during the run, shifting -1.98% from its first half to its second; the machine did not hold still

== u64 multi n=1048576 churn: ordered vs hashed
A 390.4 per op, B 318.9 per op
difference -22.41% [-27.64%, -19.82%] at 95% confidence
noise floor 1.498%, autocorrelation +0.173
resolved: A is slower than B
  warning: candidate A drifted during the run, shifting -11.38% from its first half to its second; the machine did not hold still

== u64 multi n=1048576 churn: ordered vs btree-sets
A 429 per op, B 1287 per op
difference +66.67% [+66.12%, +67.35%] at 95% confidence
noise floor 0.924%, autocorrelation +0.535, resampled in blocks of 5
resolved: A is faster than B
  warning: candidate A drifted during the run, shifting -1.10% from its first half to its second; the machine did not hold still
  warning: candidate B drifted during the run, shifting -1.21% from its first half to its second; the machine did not hold still

== u64 multi n=1048576 churn: ordered vs map-sets
A 428.1 per op, B 438.3 per op
difference +2.33% [-1.74%, +5.69%] at 95% confidence
noise floor 1.252%, autocorrelation +0.212, resampled in blocks of 5
not resolved: this run did not establish a difference
  warning: the interval [-1.74%, 5.69%] includes zero, so a difference in either direction is consistent with these measurements
  warning: candidate A drifted during the run, shifting -11.34% from its first half to its second; the machine did not hold still

checksum 15722658754045170861
