== str n=1048576 valuesFor: ordered vs hashed
A 367.9 per op, B 208.6 per op
difference -76.42% [-83.10%, -70.02%] at 95% confidence
noise floor 0.672%, autocorrelation +0.442, resampled in blocks of 5
resolved: A is slower than B
  warning: candidate A drifted during the run, shifting +4.76% from its first half to its second; the machine did not hold still
  warning: candidate B drifted during the run, shifting +7.61% from its first half to its second; the machine did not hold still

== str n=1048576 valuesFor: ordered vs btree-sets
A 410.9 per op, B 1160 per op
difference +64.58% [+64.16%, +65.21%] at 95% confidence
noise floor 0.535%, autocorrelation +0.520, resampled in blocks of 5
resolved: A is faster than B

== str n=1048576 valuesFor: ordered vs map-sets
A 359.2 per op, B 412.8 per op
difference +12.98% [+12.08%, +13.85%] at 95% confidence
noise floor 0.677%, autocorrelation +0.519, resampled in blocks of 5
resolved: A is faster than B
  warning: candidate A drifted during the run, shifting -1.99% from its first half to its second; the machine did not hold still

== str n=1048576 valuesFor: hashed vs map-sets
A 202 per op, B 405.2 per op
difference +50.14% [+49.73%, +50.64%] at 95% confidence
noise floor 0.619%, autocorrelation +0.292, resampled in blocks of 5
resolved: A is faster than B

== str n=1048576 valuesBetween: ordered vs btree-sets
A 9427 per op, B 2.068e+04 per op
difference +54.42% [+54.09%, +54.79%] at 95% confidence
noise floor 0.748%, autocorrelation +0.164
resolved: A is faster than B

== str n=1048576 addRemove: ordered vs hashed
A 584.8 per op, B 313.1 per op
difference -86.79% [-89.24%, -85.43%] at 95% confidence
noise floor 0.498%, autocorrelation +0.642, resampled in blocks of 5
resolved: A is slower than B
  warning: candidate A drifted during the run, shifting -2.29% from its first half to its second; the machine did not hold still
  warning: candidate B drifted during the run, shifting -1.19% from its first half to its second; the machine did not hold still

== str n=1048576 addRemove: ordered vs btree-sets
A 644.9 per op, B 1221 per op
difference +47.20% [+46.80%, +48.07%] at 95% confidence
noise floor 0.505%, autocorrelation +0.619, resampled in blocks of 5
resolved: A is faster than B
  warning: candidate B drifted during the run, shifting -0.56% from its first half to its second; the machine did not hold still

== str n=1048576 addRemove: ordered vs map-sets
A 588.4 per op, B 500.6 per op
difference -17.54% [-18.49%, -16.91%] at 95% confidence
noise floor 0.424%, autocorrelation +0.608, resampled in blocks of 5
resolved: A is slower than B
  warning: candidate A drifted during the run, shifting -0.55% from its first half to its second; the machine did not hold still

== str n=1048576 addRemove: hashed vs map-sets
A 308.8 per op, B 494.7 per op
difference +37.57% [+37.12%, +37.93%] at 95% confidence
noise floor 0.368%, autocorrelation +0.580, resampled in blocks of 5
resolved: A is faster than B
  warning: candidate A drifted during the run, shifting -1.18% from its first half to its second; the machine did not hold still

checksum 12508441654572914577
