== u64 n=1048576 valuesFor: ordered vs hashed
A 173.1 per op, B 175.8 per op
difference +1.53% [+0.02%, +3.14%] at 95% confidence
noise floor 0.553%, autocorrelation +0.352, resampled in blocks of 5
resolved: A is faster than B
  warning: candidate A drifted during the run, shifting -3.86% from its first half to its second; the machine did not hold still

== u64 n=1048576 valuesFor: ordered vs btree-sets
A 182 per op, B 1035 per op
difference +82.41% [+82.18%, +82.68%] at 95% confidence
noise floor 0.649%, autocorrelation +0.519, resampled in blocks of 5
resolved: A is faster than B

== u64 n=1048576 valuesFor: ordered vs map-sets
A 175.8 per op, B 379.5 per op
difference +53.69% [+53.09%, +54.10%] at 95% confidence
noise floor 0.626%, autocorrelation +0.360, resampled in blocks of 5
resolved: A is faster than B
  warning: candidate A drifted during the run, shifting -0.83% from its first half to its second; the machine did not hold still

== u64 n=1048576 valuesFor: hashed vs map-sets
A 177.5 per op, B 382.5 per op
difference +53.60% [+53.33%, +53.99%] at 95% confidence
noise floor 0.646%, autocorrelation +0.290, resampled in blocks of 5
resolved: A is faster than B
  warning: candidate A drifted during the run, shifting -0.87% from its first half to its second; the machine did not hold still
  warning: candidate B drifted during the run, shifting +0.72% from its first half to its second; the machine did not hold still

== u64 n=1048576 valuesBetween: ordered vs btree-sets
A 7258 per op, B 2.025e+04 per op
difference +64.16% [+63.71%, +64.42%] at 95% confidence
noise floor 0.826%, autocorrelation +0.149
resolved: A is faster than B
  warning: candidate B drifted during the run, shifting -0.91% from its first half to its second; the machine did not hold still

== u64 n=1048576 addRemove: ordered vs hashed
A 319.1 per op, B 286.2 per op
difference -11.49% [-13.07%, -10.03%] at 95% confidence
noise floor 0.705%, autocorrelation +0.749, resampled in blocks of 5
resolved: A is slower than B
  warning: candidate A drifted during the run, shifting -0.79% from its first half to its second; the machine did not hold still
  warning: candidate B drifted during the run, shifting -2.56% from its first half to its second; the machine did not hold still

== u64 n=1048576 addRemove: ordered vs btree-sets
A 348.2 per op, B 1115 per op
difference +68.78% [+68.43%, +69.73%] at 95% confidence
noise floor 0.524%, autocorrelation +0.730, resampled in blocks of 5
resolved: A is faster than B
  warning: candidate A drifted during the run, shifting -1.70% from its first half to its second; the machine did not hold still
  warning: candidate B drifted during the run, shifting -1.12% from its first half to its second; the machine did not hold still

== u64 n=1048576 addRemove: ordered vs map-sets
A 322.4 per op, B 489.7 per op
difference +34.16% [+33.58%, +34.75%] at 95% confidence
noise floor 0.479%, autocorrelation +0.767, resampled in blocks of 5
resolved: A is faster than B
  warning: candidate A drifted during the run, shifting -0.02% from its first half to its second; the machine did not hold still

== u64 n=1048576 addRemove: hashed vs map-sets
A 347.5 per op, B 596.7 per op
difference +41.77% [+31.14%, +45.44%] at 95% confidence
noise floor 0.390%, autocorrelation +0.617, resampled in blocks of 5
resolved: A is faster than B
  warning: candidate A drifted during the run, shifting -23.18% from its first half to its second; the machine did not hold still
  warning: candidate B drifted during the run, shifting -8.14% from its first half to its second; the machine did not hold still

checksum 3782802938328806105
