== str multi n=1048576 valuesFor: ordered vs hashed
A 402.4 per op, B 207.8 per op
difference -93.63% [-97.36%, -89.84%] at 95% confidence
noise floor 0.970%, autocorrelation +0.413, resampled in blocks of 5
resolved: A is slower than B

== str multi n=1048576 valuesFor: ordered vs btree-sets
A 492.9 per op, B 1165 per op
difference +57.68% [+54.76%, +58.84%] at 95% confidence
noise floor 0.910%, autocorrelation +0.459, resampled in blocks of 5
resolved: A is faster than B
  warning: candidate A drifted during the run, shifting -13.88% from its first half to its second; the machine did not hold still
  warning: candidate B drifted during the run, shifting -2.46% from its first half to its second; the machine did not hold still

== str multi n=1048576 valuesFor: ordered vs map-sets
A 461.9 per op, B 469.6 per op
difference +1.63% [-1.24%, +5.88%] at 95% confidence
noise floor 1.347%, autocorrelation +0.180
not resolved: this run did not establish a difference
  warning: the interval [-1.24%, 5.88%] includes zero, so a difference in either direction is consistent with these measurements
  warning: candidate A drifted during the run, shifting -13.03% from its first half to its second; the machine did not hold still

== str multi n=1048576 valuesBetween: ordered vs btree-sets
A 9352 per op, B 3.006e+04 per op
difference +68.89% [+68.51%, +69.52%] at 95% confidence
noise floor 1.221%, autocorrelation +0.081
resolved: A is faster than B
  warning: candidate A drifted during the run, shifting -10.84% from its first half to its second; the machine did not hold still

== str multi n=1048576 churn: ordered vs hashed
A 593.3 per op, B 363.1 per op
difference -63.42% [-65.64%, -60.75%] at 95% confidence
noise floor 1.167%, autocorrelation +0.135
resolved: A is slower than B
  warning: candidate A drifted during the run, shifting -7.63% from its first half to its second; the machine did not hold still
  warning: candidate B drifted during the run, shifting -2.28% from its first half to its second; the machine did not hold still

== str multi n=1048576 churn: ordered vs btree-sets
A 934.6 per op, B 1347 per op
difference +30.62% [+27.25%, +32.81%] at 95% confidence
noise floor 1.022%, autocorrelation +0.225, resampled in blocks of 5
resolved: A is faster than B
  warning: candidate A drifted during the run, shifting -11.50% from its first half to its second; the machine did not hold still

== str multi n=1048576 churn: ordered vs map-sets
A 787.5 per op, B 459.8 per op
difference -71.29% [-74.00%, -68.16%] at 95% confidence
noise floor 1.078%, autocorrelation +0.175
resolved: A is slower than B
  warning: candidate A drifted during the run, shifting -8.30% from its first half to its second; the machine did not hold still

checksum 6034347339095657240
