== str unique n=1048576 valuesFor: ordered vs btree-map
A 356.9 per op, B 786.6 per op
difference +54.62% [+53.41%, +55.81%] at 95% confidence
noise floor 1.462%, autocorrelation +0.714, resampled in blocks of 5
resolved: A is faster than B
  warning: candidate A drifted during the run, shifting -4.60% from its first half to its second; the machine did not hold still
  warning: candidate B drifted during the run, shifting -1.20% from its first half to its second; the machine did not hold still

== str unique n=1048576 valuesBetween: ordered vs btree-map
A 3004 per op, B 3536 per op
difference +15.04% [+13.85%, +15.87%] at 95% confidence
noise floor 1.110%, autocorrelation +0.529, resampled in blocks of 5
resolved: A is faster than B
  warning: candidate A drifted during the run, shifting -1.84% from its first half to its second; the machine did not hold still
  warning: candidate B drifted during the run, shifting -2.22% from its first half to its second; the machine did not hold still

== str unique n=1048576 churn: ordered vs btree-map
A 826.4 per op, B 1098 per op
difference +24.71% [+22.76%, +26.87%] at 95% confidence
noise floor 1.075%, autocorrelation +0.280, resampled in blocks of 5
resolved: A is faster than B
  warning: candidate A drifted during the run, shifting -6.14% from its first half to its second; the machine did not hold still
  warning: candidate B drifted during the run, shifting +3.64% from its first half to its second; the machine did not hold still

checksum 3922837472361667165
