== str unique n=1048576 valuesFor: ordered vs btree-map
A 361.1 per op, B 755.3 per op
difference +52.20% [+50.54%, +53.76%] at 95% confidence
noise floor 1.129%, autocorrelation +0.748, resampled in blocks of 5
resolved: A is faster than B
  warning: candidate A drifted during the run, shifting -11.81% from its first half to its second; the machine did not hold still
  warning: candidate B drifted during the run, shifting -4.11% from its first half to its second; the machine did not hold still

== str unique n=1048576 valuesBetween: ordered vs btree-map
A 3102 per op, B 3513 per op
difference +11.70% [+9.64%, +13.75%] at 95% confidence
noise floor 1.164%, autocorrelation +0.457, resampled in blocks of 5
resolved: A is faster than B
  warning: candidate A drifted during the run, shifting -7.69% from its first half to its second; the machine did not hold still

== str unique n=1048576 churn: ordered vs btree-map
A 758.2 per op, B 1007 per op
difference +24.67% [+23.57%, +26.33%] at 95% confidence
noise floor 1.134%, autocorrelation +0.405, resampled in blocks of 5
resolved: A is faster than B
  warning: candidate A drifted during the run, shifting -3.24% from its first half to its second; the machine did not hold still
  warning: candidate B drifted during the run, shifting -3.81% from its first half to its second; the machine did not hold still

checksum 11539162847131903220
