== uuid unique n=1048576 valuesFor: ordered vs btree-map
A 378.1 per op, B 810.5 per op
difference +53.35% [+52.52%, +53.98%] at 95% confidence
noise floor 0.476%, autocorrelation +0.121
resolved: A is faster than B
  warning: the program holds 637 MB of live data, more than the caches of many machines; for data that size, where it lies in memory can shift the result by several points in ways the interval does not cover, and differently in the next process; run the comparison in several processes with the multiproc package
  warning: candidate B drifted during the run, shifting +1.87% from its first half to its second; the machine did not hold still

== uuid unique n=1048576 valuesBetween: ordered vs btree-map
A 7328 per op, B 4027 per op
difference -81.96% [-86.55%, -79.37%] at 95% confidence
noise floor 2.183%, autocorrelation +0.014
resolved: A is slower than B
  warning: the program holds 637 MB of live data, more than the caches of many machines; for data that size, where it lies in memory can shift the result by several points in ways the interval does not cover, and differently in the next process; run the comparison in several processes with the multiproc package
  warning: in 50% of A/A runs this setup reported a difference between identical code, well above the 10% expected; treat any confidence from it with suspicion

== uuid unique n=1048576 prefix: ordered vs btree-map
A 1394 per op, B 1381 per op
difference -0.99% [-3.14%, +1.09%] at 95% confidence
noise floor 1.215%, autocorrelation +0.068
not resolved: this run did not establish a difference
  warning: the difference of -0.99% does not clear the 1.22% noise floor, which is what this setup reports between two runs of identical code
  warning: the interval [-3.14%, 1.09%] includes zero, so a difference in either direction is consistent with these measurements
  warning: the program holds 637 MB of live data, more than the caches of many machines; for data that size, where it lies in memory can shift the result by several points in ways the interval does not cover, and differently in the next process; run the comparison in several processes with the multiproc package
  warning: candidate A drifted during the run, shifting -3.14% from its first half to its second; the machine did not hold still

== uuid unique n=1048576 churn and build: ordered vs btree-map
steady state, per insertion or deletion in a structure of 1048576 elements (cycle of 2097152 operations, first pass untimed):
  A 576.5 per op, B 1057 per op
  difference +45.47% [+44.74%, +46.33%] at 95% confidence
  noise floor 0.619%, autocorrelation +0.767, resampled in blocks of 3
  resolved: A is faster than B
    warning: the program holds 952 MB of live data, more than the caches of many machines; for data that size, where it lies in memory can shift the result by several points in ways the interval does not cover, and differently in the next process; run the comparison in several processes with the multiproc package

checksum 6143610398999907266
== uuid unique n=1048576 valuesFor: ordered vs btree-map
A 368.5 per op, B 793.1 per op
difference +53.53% [+52.92%, +54.23%] at 95% confidence
noise floor 2.282%, autocorrelation +0.480, resampled in blocks of 3
resolved: A is faster than B
  warning: the program holds 535 MB of live data, more than the caches of many machines; for data that size, where it lies in memory can shift the result by several points in ways the interval does not cover, and differently in the next process; run the comparison in several processes with the multiproc package

== uuid unique n=1048576 valuesBetween: ordered vs btree-map
A 7318 per op, B 4049 per op
difference -80.71% [-82.76%, -79.24%] at 95% confidence
noise floor 1.095%, autocorrelation +0.287, resampled in blocks of 3
resolved: A is slower than B
  warning: the program holds 535 MB of live data, more than the caches of many machines; for data that size, where it lies in memory can shift the result by several points in ways the interval does not cover, and differently in the next process; run the comparison in several processes with the multiproc package

== uuid unique n=1048576 prefix: ordered vs btree-map
A 1380 per op, B 1334 per op
difference -3.43% [-4.49%, -1.70%] at 95% confidence
noise floor 3.283%, autocorrelation +0.418, resampled in blocks of 3
resolved: A is slower than B
  warning: the program holds 697 MB of live data, more than the caches of many machines; for data that size, where it lies in memory can shift the result by several points in ways the interval does not cover, and differently in the next process; run the comparison in several processes with the multiproc package

== uuid unique n=1048576 churn and build: ordered vs btree-map
steady state, per insertion or deletion in a structure of 1048576 elements (cycle of 2097152 operations, first pass untimed):
  A 598 per op, B 1092 per op
  difference +45.25% [+43.17%, +47.05%] at 95% confidence
  noise floor 1.441%, autocorrelation +0.503, resampled in blocks of 3
  resolved: A is faster than B
    warning: the program holds 961 MB of live data, more than the caches of many machines; for data that size, where it lies in memory can shift the result by several points in ways the interval does not cover, and differently in the next process; run the comparison in several processes with the multiproc package
    warning: candidate A drifted during the run, shifting +6.04% from its first half to its second; the machine did not hold still
    warning: candidate B drifted during the run, shifting +6.45% from its first half to its second; the machine did not hold still

checksum 5924928702023250981
== uuid unique n=1048576 valuesFor: ordered vs btree-map
A 366.6 per op, B 796.3 per op
difference +53.96% [+53.39%, +55.06%] at 95% confidence
noise floor 0.897%, autocorrelation +0.300, resampled in blocks of 3
resolved: A is faster than B
  warning: the program holds 532 MB of live data, more than the caches of many machines; for data that size, where it lies in memory can shift the result by several points in ways the interval does not cover, and differently in the next process; run the comparison in several processes with the multiproc package

== uuid unique n=1048576 valuesBetween: ordered vs btree-map
A 7262 per op, B 3929 per op
difference -84.84% [-87.07%, -82.42%] at 95% confidence
noise floor 1.146%, autocorrelation +0.045
resolved: A is slower than B
  warning: the program holds 532 MB of live data, more than the caches of many machines; for data that size, where it lies in memory can shift the result by several points in ways the interval does not cover, and differently in the next process; run the comparison in several processes with the multiproc package

== uuid unique n=1048576 prefix: ordered vs btree-map
A 1361 per op, B 1333 per op
difference -2.07% [-3.87%, -0.74%] at 95% confidence
noise floor 2.676%, autocorrelation +0.318, resampled in blocks of 3
not resolved: this run did not establish a difference
  warning: the difference of -2.07% does not clear the 2.68% noise floor, which is what this setup reports between two runs of identical code
  warning: the program holds 532 MB of live data, more than the caches of many machines; for data that size, where it lies in memory can shift the result by several points in ways the interval does not cover, and differently in the next process; run the comparison in several processes with the multiproc package

== uuid unique n=1048576 churn and build: ordered vs btree-map
steady state, per insertion or deletion in a structure of 1048576 elements (cycle of 2097152 operations, first pass untimed):
  A 578.6 per op, B 1088 per op
  difference +46.82% [+45.77%, +48.29%] at 95% confidence
  noise floor 1.323%, autocorrelation +0.496, resampled in blocks of 3
  resolved: A is faster than B
    warning: the program holds 960 MB of live data, more than the caches of many machines; for data that size, where it lies in memory can shift the result by several points in ways the interval does not cover, and differently in the next process; run the comparison in several processes with the multiproc package
    warning: candidate A drifted during the run, shifting +2.49% from its first half to its second; the machine did not hold still
    warning: candidate B drifted during the run, shifting +4.25% from its first half to its second; the machine did not hold still

checksum 6708540784742958420
== uuid unique n=1048576 valuesFor: ordered vs btree-map
A 370.4 per op, B 813.5 per op
difference +54.46% [+53.47%, +55.33%] at 95% confidence
noise floor 0.357%, autocorrelation +0.151
resolved: A is faster than B
  warning: the program holds 646 MB of live data, more than the caches of many machines; for data that size, where it lies in memory can shift the result by several points in ways the interval does not cover, and differently in the next process; run the comparison in several processes with the multiproc package
  warning: candidate A drifted during the run, shifting +4.23% from its first half to its second; the machine did not hold still
  warning: candidate B drifted during the run, shifting +4.31% from its first half to its second; the machine did not hold still

== uuid unique n=1048576 valuesBetween: ordered vs btree-map
A 7286 per op, B 3922 per op
difference -85.78% [-87.75%, -82.86%] at 95% confidence
noise floor 1.276%, autocorrelation +0.265, resampled in blocks of 3
resolved: A is slower than B
  warning: the program holds 646 MB of live data, more than the caches of many machines; for data that size, where it lies in memory can shift the result by several points in ways the interval does not cover, and differently in the next process; run the comparison in several processes with the multiproc package

== uuid unique n=1048576 prefix: ordered vs btree-map
A 1377 per op, B 1340 per op
difference -2.76% [-4.48%, -1.69%] at 95% confidence
noise floor 1.318%, autocorrelation +0.486, resampled in blocks of 3
resolved: A is slower than B
  warning: the program holds 646 MB of live data, more than the caches of many machines; for data that size, where it lies in memory can shift the result by several points in ways the interval does not cover, and differently in the next process; run the comparison in several processes with the multiproc package

== uuid unique n=1048576 churn and build: ordered vs btree-map
steady state, per insertion or deletion in a structure of 1048576 elements (cycle of 2097152 operations, first pass untimed):
  A 624.7 per op, B 1072 per op
  difference +41.75% [+40.93%, +42.61%] at 95% confidence
  noise floor 0.714%, autocorrelation +0.646, resampled in blocks of 3
  resolved: A is faster than B
    warning: the program holds 920 MB of live data, more than the caches of many machines; for data that size, where it lies in memory can shift the result by several points in ways the interval does not cover, and differently in the next process; run the comparison in several processes with the multiproc package

checksum 10016305596136469429
== uuid unique n=1048576 valuesFor: ordered vs btree-map
A 370.9 per op, B 808.5 per op
difference +54.13% [+53.60%, +54.80%] at 95% confidence
noise floor 0.938%, autocorrelation +0.151
resolved: A is faster than B
  warning: the program holds 501 MB of live data, more than the caches of many machines; for data that size, where it lies in memory can shift the result by several points in ways the interval does not cover, and differently in the next process; run the comparison in several processes with the multiproc package

== uuid unique n=1048576 valuesBetween: ordered vs btree-map
A 7281 per op, B 4138 per op
difference -75.94% [-80.50%, -73.31%] at 95% confidence
noise floor 0.863%, autocorrelation -0.053
resolved: A is slower than B
  warning: the program holds 501 MB of live data, more than the caches of many machines; for data that size, where it lies in memory can shift the result by several points in ways the interval does not cover, and differently in the next process; run the comparison in several processes with the multiproc package
  warning: candidate B drifted during the run, shifting +5.61% from its first half to its second; the machine did not hold still
  warning: the ratio B/A shifted +4.64% from the first half of the run to the second, so the candidates had not reached a steady state and the difference depends on how long the run was; a common cause is a head start for whichever candidate ran alone last before the comparison or had its data built last, which a longer CollectOptions.WarmupDuration removes

== uuid unique n=1048576 prefix: ordered vs btree-map
A 1395 per op, B 1383 per op
difference -0.89% [-2.07%, +0.90%] at 95% confidence
noise floor 0.983%, autocorrelation -0.042
not resolved: this run did not establish a difference
  warning: the difference of -0.89% does not clear the 0.98% noise floor, which is what this setup reports between two runs of identical code
  warning: the interval [-2.07%, 0.90%] includes zero, so a difference in either direction is consistent with these measurements
  warning: the program holds 501 MB of live data, more than the caches of many machines; for data that size, where it lies in memory can shift the result by several points in ways the interval does not cover, and differently in the next process; run the comparison in several processes with the multiproc package

== uuid unique n=1048576 churn and build: ordered vs btree-map
steady state, per insertion or deletion in a structure of 1048576 elements (cycle of 2097152 operations, first pass untimed):
  A 577 per op, B 1065 per op
  difference +45.80% [+44.68%, +46.40%] at 95% confidence
  noise floor 0.924%, autocorrelation +0.348, resampled in blocks of 3
  resolved: A is faster than B
    warning: the program holds 959 MB of live data, more than the caches of many machines; for data that size, where it lies in memory can shift the result by several points in ways the interval does not cover, and differently in the next process; run the comparison in several processes with the multiproc package

checksum 4327768576372537545
== uuid unique n=1048576 valuesFor: ordered vs btree-map
A 399.3 per op, B 905.2 per op
difference +55.89% [+54.96%, +56.40%] at 95% confidence
noise floor 0.942%, autocorrelation +0.073
resolved: A is faster than B
  warning: the program holds 651 MB of live data, more than the caches of many machines; for data that size, where it lies in memory can shift the result by several points in ways the interval does not cover, and differently in the next process; run the comparison in several processes with the multiproc package
  warning: candidate A drifted during the run, shifting -5.38% from its first half to its second; the machine did not hold still
  warning: candidate B drifted during the run, shifting -4.35% from its first half to its second; the machine did not hold still

== uuid unique n=1048576 valuesBetween: ordered vs btree-map
A 7258 per op, B 3973 per op
difference -82.66% [-85.56%, -77.76%] at 95% confidence
noise floor 1.360%, autocorrelation +0.160
resolved: A is slower than B
  warning: the program holds 651 MB of live data, more than the caches of many machines; for data that size, where it lies in memory can shift the result by several points in ways the interval does not cover, and differently in the next process; run the comparison in several processes with the multiproc package

== uuid unique n=1048576 prefix: ordered vs btree-map
A 1369 per op, B 1345 per op
difference -1.78% [-3.09%, -0.41%] at 95% confidence
noise floor 1.382%, autocorrelation +0.318, resampled in blocks of 3
resolved: A is slower than B
  warning: the program holds 651 MB of live data, more than the caches of many machines; for data that size, where it lies in memory can shift the result by several points in ways the interval does not cover, and differently in the next process; run the comparison in several processes with the multiproc package

== uuid unique n=1048576 churn and build: ordered vs btree-map
steady state, per insertion or deletion in a structure of 1048576 elements (cycle of 2097152 operations, first pass untimed):
  A 618.9 per op, B 1118 per op
  difference +44.64% [+43.50%, +45.30%] at 95% confidence
  noise floor 1.279%, autocorrelation +0.397, resampled in blocks of 3
  resolved: A is faster than B
    warning: the program holds 953 MB of live data, more than the caches of many machines; for data that size, where it lies in memory can shift the result by several points in ways the interval does not cover, and differently in the next process; run the comparison in several processes with the multiproc package

checksum 4896935335300623725
