== str multi n=1048576 valuesFor: ordered vs hashed
A 397 per op, B 207.8 per op
difference -91.04% [-97.80%, -87.13%] at 95% confidence
noise floor 1.010%, autocorrelation +0.434, resampled in blocks of 5
resolved: A is slower than B
  warning: candidate A drifted during the run, shifting -8.04% from its first half to its second; the machine did not hold still
  warning: candidate B drifted during the run, shifting -2.95% from its first half to its second; the machine did not hold still

== str multi n=1048576 valuesFor: ordered vs btree-sets
A 479.6 per op, B 1176 per op
difference +59.23% [+58.02%, +60.18%] at 95% confidence
noise floor 0.838%, autocorrelation +0.402, resampled in blocks of 5
resolved: A is faster than B
  warning: candidate A drifted during the run, shifting -3.40% from its first half to its second; the machine did not hold still

== str multi n=1048576 valuesFor: ordered vs map-sets
A 487.7 per op, B 477.9 per op
difference -2.04% [-5.87%, -0.01%] at 95% confidence
noise floor 1.283%, autocorrelation +0.115
resolved: A is slower than B
  warning: candidate A drifted during the run, shifting -14.11% from its first half to its second; the machine did not hold still

== str multi n=1048576 valuesBetween: ordered vs btree-sets
A 9384 per op, B 3.119e+04 per op
difference +69.92% [+69.45%, +70.39%] at 95% confidence
noise floor 1.414%, autocorrelation +0.166
resolved: A is faster than B
  warning: candidate A drifted during the run, shifting -5.75% from its first half to its second; the machine did not hold still

== str multi n=1048576 churn: ordered vs hashed
A 622.7 per op, B 366.6 per op
difference -69.89% [-73.27%, -66.84%] at 95% confidence
noise floor 1.528%, autocorrelation +0.179
resolved: A is slower than B
  warning: candidate A drifted during the run, shifting -2.27% from its first half to its second; the machine did not hold still
  warning: candidate B drifted during the run, shifting +0.33% from its first half to its second; the machine did not hold still

== str multi n=1048576 churn: ordered vs btree-sets
A 901.6 per op, B 1385 per op
difference +34.92% [+33.61%, +35.81%] at 95% confidence
noise floor 0.956%, autocorrelation +0.316, resampled in blocks of 5
resolved: A is faster than B
  warning: candidate A drifted during the run, shifting -5.89% from its first half to its second; the machine did not hold still
  warning: candidate B drifted during the run, shifting -1.40% from its first half to its second; the machine did not hold still

== str multi n=1048576 churn: ordered vs map-sets
A 861.8 per op, B 465.3 per op
difference -85.23% [-89.31%, -80.00%] at 95% confidence
noise floor 0.925%, autocorrelation +0.103
resolved: A is slower than B
  warning: candidate A drifted during the run, shifting -12.02% from its first half to its second; the machine did not hold still

checksum 13487743377541820668
