== u64 n=1048576 valuesFor: ordered vs hashed
A 171.5 per op, B 173.6 per op
difference +1.24% [+0.09%, +2.33%] at 95% confidence
noise floor 0.736%, autocorrelation +0.409, resampled in blocks of 5
resolved: A is faster than B
  warning: candidate A drifted during the run, shifting -2.54% from its first half to its second; the machine did not hold still

== u64 n=1048576 valuesFor: ordered vs btree-sets
A 184.1 per op, B 1029 per op
difference +82.11% [+81.87%, +82.33%] at 95% confidence
noise floor 0.778%, autocorrelation +0.421, resampled in blocks of 5
resolved: A is faster than B

== u64 n=1048576 valuesFor: ordered vs map-sets
A 177.2 per op, B 382.6 per op
difference +53.69% [+53.24%, +54.20%] at 95% confidence
noise floor 0.812%, autocorrelation +0.377, resampled in blocks of 5
resolved: A is faster than B
  warning: candidate B drifted during the run, shifting +0.86% from its first half to its second; the machine did not hold still

== u64 n=1048576 valuesFor: hashed vs map-sets
A 175 per op, B 379.4 per op
difference +53.87% [+53.51%, +54.22%] at 95% confidence
noise floor 0.597%, autocorrelation +0.319, resampled in blocks of 5
resolved: A is faster than B
  warning: candidate A drifted during the run, shifting -1.45% from its first half to its second; the machine did not hold still
  warning: candidate B drifted during the run, shifting -0.54% from its first half to its second; the machine did not hold still

== u64 n=1048576 valuesBetween: ordered vs btree-sets
A 7333 per op, B 2.041e+04 per op
difference +64.06% [+63.63%, +64.31%] at 95% confidence
noise floor 0.911%, autocorrelation +0.179
resolved: A is faster than B

== u64 n=1048576 addRemove: ordered vs hashed
A 316.2 per op, B 280.3 per op
difference -12.79% [-14.07%, -11.69%] at 95% confidence
noise floor 0.433%, autocorrelation +0.752, resampled in blocks of 5
resolved: A is slower than B
  warning: candidate A drifted during the run, shifting -1.39% from its first half to its second; the machine did not hold still

== u64 n=1048576 addRemove: ordered vs btree-sets
A 356 per op, B 1103 per op
difference +67.73% [+67.19%, +68.50%] at 95% confidence
noise floor 0.376%, autocorrelation +0.738, resampled in blocks of 5
resolved: A is faster than B
  warning: candidate A drifted during the run, shifting +3.21% from its first half to its second; the machine did not hold still
  warning: candidate B drifted during the run, shifting +4.95% from its first half to its second; the machine did not hold still

== u64 n=1048576 addRemove: ordered vs map-sets
A 320.2 per op, B 505.3 per op
difference +36.63% [+36.07%, +37.23%] at 95% confidence
noise floor 0.488%, autocorrelation +0.757, resampled in blocks of 5
resolved: A is faster than B
  warning: candidate A drifted during the run, shifting -1.86% from its first half to its second; the machine did not hold still
  warning: candidate B drifted during the run, shifting -1.15% from its first half to its second; the machine did not hold still

== u64 n=1048576 addRemove: hashed vs map-sets
A 283.7 per op, B 487 per op
difference +41.75% [+41.22%, +42.06%] at 95% confidence
noise floor 0.509%, autocorrelation +0.641, resampled in blocks of 5
resolved: A is faster than B
  warning: candidate A drifted during the run, shifting -2.01% from its first half to its second; the machine did not hold still
  warning: candidate B drifted during the run, shifting -0.90% from its first half to its second; the machine did not hold still

checksum 16197903146852390431
