== str n=1048576 valuesFor: ordered vs hashed
A 357.2 per op, B 200.3 per op
difference -78.34% [-80.49%, -76.95%] at 95% confidence
noise floor 0.542%, autocorrelation +0.496, resampled in blocks of 5
resolved: A is slower than B
  warning: candidate A drifted during the run, shifting -0.97% from its first half to its second; the machine did not hold still

== str n=1048576 valuesFor: ordered vs btree-sets
A 417.3 per op, B 1172 per op
difference +64.38% [+63.76%, +65.03%] at 95% confidence
noise floor 0.529%, autocorrelation +0.538, resampled in blocks of 5
resolved: A is faster than B
  warning: candidate A drifted during the run, shifting +2.15% from its first half to its second; the machine did not hold still
  warning: candidate B drifted during the run, shifting +3.59% from its first half to its second; the machine did not hold still

== str n=1048576 valuesFor: ordered vs map-sets
A 367.5 per op, B 406.3 per op
difference +9.56% [+8.36%, +10.13%] at 95% confidence
noise floor 0.690%, autocorrelation +0.553, resampled in blocks of 5
resolved: A is faster than B
  warning: candidate A drifted during the run, shifting -0.92% from its first half to its second; the machine did not hold still

== str n=1048576 valuesFor: hashed vs map-sets
A 200.4 per op, B 405.5 per op
difference +50.59% [+50.16%, +50.82%] at 95% confidence
noise floor 0.535%, autocorrelation +0.350, resampled in blocks of 5
resolved: A is faster than B

== str n=1048576 valuesBetween: ordered vs btree-sets
A 9478 per op, B 2.083e+04 per op
difference +54.49% [+54.12%, +54.79%] at 95% confidence
noise floor 0.825%, autocorrelation +0.151
resolved: A is faster than B

== str n=1048576 addRemove: ordered vs hashed
A 578.5 per op, B 310.3 per op
difference -86.41% [-87.74%, -85.86%] at 95% confidence
noise floor 0.430%, autocorrelation +0.575, resampled in blocks of 5
resolved: A is slower than B
  warning: candidate A drifted during the run, shifting -0.50% from its first half to its second; the machine did not hold still
  warning: candidate B drifted during the run, shifting -0.87% from its first half to its second; the machine did not hold still

== str n=1048576 addRemove: ordered vs btree-sets
A 658.1 per op, B 1234 per op
difference +46.68% [+45.89%, +48.08%] at 95% confidence
noise floor 0.666%, autocorrelation +0.664, resampled in blocks of 5
resolved: A is faster than B
  warning: candidate A drifted during the run, shifting +2.41% from its first half to its second; the machine did not hold still
  warning: candidate B drifted during the run, shifting +4.53% from its first half to its second; the machine did not hold still

== str n=1048576 addRemove: ordered vs map-sets
A 590.5 per op, B 502.3 per op
difference -17.57% [-18.23%, -16.82%] at 95% confidence
noise floor 0.432%, autocorrelation +0.601, resampled in blocks of 5
resolved: A is slower than B
  warning: candidate A drifted during the run, shifting -0.62% from its first half to its second; the machine did not hold still
  warning: candidate B drifted during the run, shifting -0.36% from its first half to its second; the machine did not hold still

== str n=1048576 addRemove: hashed vs map-sets
A 310.2 per op, B 495.5 per op
difference +37.40% [+37.02%, +37.75%] at 95% confidence
noise floor 0.340%, autocorrelation +0.546, resampled in blocks of 5
resolved: A is faster than B
  warning: candidate A drifted during the run, shifting -1.61% from its first half to its second; the machine did not hold still
  warning: candidate B drifted during the run, shifting -0.74% from its first half to its second; the machine did not hold still

checksum 15790726382557680520
