== str multi n=4096 valuesFor: ordered vs hashed
A 80.17 per op, B 39.17 per op
difference -104.67% [-107.62%, -101.99%] at 95% confidence
noise floor 2.684%, autocorrelation +0.086
resolved: A is slower than B

== str multi n=4096 valuesFor: ordered vs btree-sets
A 81.21 per op, B 175.9 per op
difference +53.83% [+53.57%, +54.10%] at 95% confidence
noise floor 0.692%, autocorrelation +0.027
resolved: A is faster than B

== str multi n=4096 valuesFor: ordered vs map-sets
A 81.07 per op, B 94.91 per op
difference +14.59% [+13.65%, +15.53%] at 95% confidence
noise floor 0.808%, autocorrelation +0.052
resolved: A is faster than B

== str multi n=4096 valuesBetween: ordered vs hashed
A 3175 per op, B 5.372e+04 per op
difference +94.09% [+94.03%, +94.30%] at 95% confidence
noise floor 1.129%, autocorrelation +0.058
resolved: A is faster than B

== str multi n=4096 valuesBetween: ordered vs btree-sets
A 3051 per op, B 7252 per op
difference +57.92% [+57.40%, +59.07%] at 95% confidence
noise floor 1.080%, autocorrelation +0.018
resolved: A is faster than B

== str multi n=4096 valuesBetween: ordered vs map-sets
A 3092 per op, B 5.406e+04 per op
difference +94.28% [+94.21%, +94.44%] at 95% confidence
noise floor 1.325%, autocorrelation +0.032
resolved: A is faster than B

== str multi n=4096 churn: ordered vs hashed
A 143.1 per op, B 49.72 per op
difference -187.86% [-191.20%, -184.36%] at 95% confidence
noise floor 1.287%, autocorrelation -0.003
resolved: A is slower than B

== str multi n=4096 churn: ordered vs btree-sets
A 148.9 per op, B 173.7 per op
difference +14.26% [+13.23%, +15.68%] at 95% confidence
noise floor 0.914%, autocorrelation +0.168
resolved: A is faster than B

== str multi n=4096 churn: ordered vs map-sets
A 145 per op, B 56.23 per op
difference -157.80% [-162.91%, -153.96%] at 95% confidence
noise floor 0.978%, autocorrelation +0.144
resolved: A is slower than B

== str multi n=4096 build: ordered vs hashed
A 1.448e+07 per op, B 4.236e+06 per op
difference -241.92% [-243.35%, -239.93%] at 95% confidence
noise floor 0.552%, autocorrelation +0.063
resolved: A is slower than B

== str multi n=4096 build: ordered vs btree-sets
A 1.452e+07 per op, B 1.414e+07 per op
difference -2.67% [-3.25%, -2.26%] at 95% confidence
noise floor 0.236%, autocorrelation +0.108
resolved: A is slower than B

== str multi n=4096 build: ordered vs map-sets
A 1.469e+07 per op, B 5.015e+06 per op
difference -192.90% [-195.19%, -189.23%] at 95% confidence
noise floor 0.464%, autocorrelation +0.117
resolved: A is slower than B
  warning: candidate A drifted during the run, shifting -1.16% from its first half to its second; the machine did not hold still

checksum 2841295255884105015
