== u64 multi n=1048576 valuesFor: ordered vs hashed
A 262.6 per op, B 210.7 per op
difference -24.64% [-30.96%, -19.03%] at 95% confidence
noise floor 1.417%, autocorrelation +0.413, resampled in blocks of 5
resolved: A is slower than B
  warning: candidate A drifted during the run, shifting -10.14% from its first half to its second; the machine did not hold still
  warning: candidate B drifted during the run, shifting -4.37% from its first half to its second; the machine did not hold still

== u64 multi n=1048576 valuesFor: ordered vs btree-sets
A 265.5 per op, B 980.1 per op
difference +72.91% [+72.21%, +73.44%] at 95% confidence
noise floor 1.141%, autocorrelation +0.623, resampled in blocks of 5
resolved: A is faster than B
  warning: candidate A drifted during the run, shifting -2.50% from its first half to its second; the machine did not hold still
  warning: candidate B drifted during the run, shifting -2.08% from its first half to its second; the machine did not hold still

== u64 multi n=1048576 valuesFor: ordered vs map-sets
A 273.8 per op, B 461 per op
difference +40.60% [+36.13%, +44.14%] at 95% confidence
noise floor 1.628%, autocorrelation +0.226, resampled in blocks of 5
resolved: A is faster than B
  warning: candidate A drifted during the run, shifting -18.09% from its first half to its second; the machine did not hold still

== u64 multi n=1048576 valuesBetween: ordered vs btree-sets
A 8426 per op, B 2.95e+04 per op
difference +71.44% [+70.86%, +71.78%] at 95% confidence
noise floor 0.962%, autocorrelation +0.251, resampled in blocks of 5
resolved: A is faster than B
  warning: candidate A drifted during the run, shifting -3.60% from its first half to its second; the machine did not hold still
  warning: candidate B drifted during the run, shifting -2.85% from its first half to its second; the machine did not hold still

== u64 multi n=1048576 churn: ordered vs hashed
A 535.4 per op, B 341.1 per op
difference -56.96% [-63.08%, -53.79%] at 95% confidence
noise floor 1.439%, autocorrelation +0.227, resampled in blocks of 5
resolved: A is slower than B
  warning: candidate A drifted during the run, shifting -8.62% from its first half to its second; the machine did not hold still

== u64 multi n=1048576 churn: ordered vs btree-sets
A 637 per op, B 1289 per op
difference +50.59% [+46.61%, +54.23%] at 95% confidence
noise floor 0.989%, autocorrelation +0.454, resampled in blocks of 5
resolved: A is faster than B
  warning: candidate A drifted during the run, shifting -12.44% from its first half to its second; the machine did not hold still
  warning: candidate B drifted during the run, shifting -12.87% from its first half to its second; the machine did not hold still

== u64 multi n=1048576 churn: ordered vs map-sets
A 628.8 per op, B 409.5 per op
difference -53.58% [-60.76%, -49.58%] at 95% confidence
noise floor 1.052%, autocorrelation +0.236, resampled in blocks of 5
resolved: A is slower than B
  warning: candidate A drifted during the run, shifting -11.93% from its first half to its second; the machine did not hold still

checksum 602070470208774057
