== u64 multi n=1048576 valuesFor: ordered vs hashed
A 258 per op, B 208.1 per op
difference -23.98% [-30.00%, -19.87%] at 95% confidence
noise floor 1.359%, autocorrelation +0.423, resampled in blocks of 5
resolved: A is slower than B
  warning: candidate A drifted during the run, shifting -11.14% from its first half to its second; the machine did not hold still
  warning: candidate B drifted during the run, shifting -4.52% from its first half to its second; the machine did not hold still

== u64 multi n=1048576 valuesFor: ordered vs btree-sets
A 281.6 per op, B 996 per op
difference +71.73% [+70.61%, +72.67%] at 95% confidence
noise floor 0.889%, autocorrelation +0.646, resampled in blocks of 5
resolved: A is faster than B
  warning: candidate A drifted during the run, shifting -7.05% from its first half to its second; the machine did not hold still
  warning: candidate B drifted during the run, shifting -2.15% from its first half to its second; the machine did not hold still

== u64 multi n=1048576 valuesFor: ordered vs map-sets
A 258.5 per op, B 471.2 per op
difference +45.14% [+41.97%, +46.53%] at 95% confidence
noise floor 1.433%, autocorrelation +0.267, resampled in blocks of 5
resolved: A is faster than B
  warning: candidate A drifted during the run, shifting -13.08% from its first half to its second; the machine did not hold still

== u64 multi n=1048576 valuesBetween: ordered vs btree-sets
A 9195 per op, B 2.858e+04 per op
difference +67.83% [+67.07%, +68.43%] at 95% confidence
noise floor 0.963%, autocorrelation +0.151
resolved: A is faster than B
  warning: candidate A drifted during the run, shifting -9.79% from its first half to its second; the machine did not hold still
  warning: candidate B drifted during the run, shifting -0.33% from its first half to its second; the machine did not hold still

== u64 multi n=1048576 churn: ordered vs hashed
A 444.3 per op, B 341.3 per op
difference -30.16% [-37.71%, -27.37%] at 95% confidence
noise floor 1.391%, autocorrelation +0.280, resampled in blocks of 5
resolved: A is slower than B
  warning: candidate B drifted during the run, shifting -1.73% from its first half to its second; the machine did not hold still

== u64 multi n=1048576 churn: ordered vs btree-sets
A 672.8 per op, B 1214 per op
difference +44.57% [+42.85%, +45.84%] at 95% confidence
noise floor 0.779%, autocorrelation +0.473, resampled in blocks of 5
resolved: A is faster than B
  warning: candidate A drifted during the run, shifting -5.13% from its first half to its second; the machine did not hold still
  warning: candidate B drifted during the run, shifting +2.63% from its first half to its second; the machine did not hold still

== u64 multi n=1048576 churn: ordered vs map-sets
A 571.5 per op, B 422.6 per op
difference -35.22% [-36.17%, -33.40%] at 95% confidence
noise floor 1.157%, autocorrelation +0.122
resolved: A is slower than B
  warning: candidate A drifted during the run, shifting -6.28% from its first half to its second; the machine did not hold still
  warning: candidate B drifted during the run, shifting -2.09% from its first half to its second; the machine did not hold still

checksum 15945289219619164212
