== u64 n=1048576 valuesFor: ordered vs hashed
A 170.1 per op, B 173.5 per op
difference +1.98% [+1.24%, +3.32%] at 95% confidence
noise floor 0.570%, autocorrelation +0.347, resampled in blocks of 5
resolved: A is faster than B

== u64 n=1048576 valuesFor: ordered vs btree-sets
A 184.3 per op, B 1035 per op
difference +82.20% [+81.88%, +82.43%] at 95% confidence
noise floor 0.402%, autocorrelation +0.609, resampled in blocks of 5
resolved: A is faster than B
  warning: candidate A drifted during the run, shifting -4.06% from its first half to its second; the machine did not hold still
  warning: candidate B drifted during the run, shifting -2.18% from its first half to its second; the machine did not hold still

== u64 n=1048576 valuesFor: ordered vs map-sets
A 174.1 per op, B 381.6 per op
difference +54.39% [+54.20%, +54.76%] at 95% confidence
noise floor 0.581%, autocorrelation +0.380, resampled in blocks of 5
resolved: A is faster than B

== u64 n=1048576 valuesFor: hashed vs map-sets
A 181.9 per op, B 387.4 per op
difference +53.04% [+52.25%, +53.91%] at 95% confidence
noise floor 0.672%, autocorrelation +0.339, resampled in blocks of 5
resolved: A is faster than B
  warning: candidate A drifted during the run, shifting -1.76% from its first half to its second; the machine did not hold still
  warning: candidate B drifted during the run, shifting -3.46% from its first half to its second; the machine did not hold still

== u64 n=1048576 valuesBetween: ordered vs btree-sets
A 7293 per op, B 2.036e+04 per op
difference +64.18% [+63.80%, +64.53%] at 95% confidence
noise floor 0.742%, autocorrelation +0.154
resolved: A is faster than B

== u64 n=1048576 addRemove: ordered vs hashed
A 339.8 per op, B 306.1 per op
difference -11.01% [-13.70%, -8.93%] at 95% confidence
noise floor 0.738%, autocorrelation +0.751, resampled in blocks of 5
resolved: A is slower than B
  warning: candidate A drifted during the run, shifting -4.45% from its first half to its second; the machine did not hold still

== u64 n=1048576 addRemove: ordered vs btree-sets
A 347.8 per op, B 1088 per op
difference +68.05% [+67.79%, +69.07%] at 95% confidence
noise floor 0.643%, autocorrelation +0.760, resampled in blocks of 5
resolved: A is faster than B

== u64 n=1048576 addRemove: ordered vs map-sets
A 317.9 per op, B 489.6 per op
difference +35.07% [+34.60%, +35.46%] at 95% confidence
noise floor 0.713%, autocorrelation +0.763, resampled in blocks of 5
resolved: A is faster than B
  warning: candidate A drifted during the run, shifting -0.39% from its first half to its second; the machine did not hold still
  warning: candidate B drifted during the run, shifting -0.37% from its first half to its second; the machine did not hold still

== u64 n=1048576 addRemove: hashed vs map-sets
A 282.1 per op, B 489.4 per op
difference +42.35% [+41.99%, +42.61%] at 95% confidence
noise floor 0.483%, autocorrelation +0.627, resampled in blocks of 5
resolved: A is faster than B
  warning: candidate A drifted during the run, shifting -0.77% from its first half to its second; the machine did not hold still

checksum 16053293913942584332
