== u64 multi n=1048576 valuesFor: ordered vs hashed
A 264.5 per op, B 205.1 per op
difference -28.96% [-36.67%, -23.47%] at 95% confidence
noise floor 1.372%, autocorrelation +0.513, resampled in blocks of 5
resolved: A is slower than B
  warning: candidate A drifted during the run, shifting -15.75% from its first half to its second; the machine did not hold still

== u64 multi n=1048576 valuesFor: ordered vs btree-sets
A 317.3 per op, B 1057 per op
difference +69.97% [+68.78%, +70.95%] at 95% confidence
noise floor 1.291%, autocorrelation +0.635, resampled in blocks of 5
resolved: A is faster than B

== u64 multi n=1048576 valuesFor: ordered vs map-sets
A 262.3 per op, B 489.9 per op
difference +46.45% [+44.26%, +47.61%] at 95% confidence
noise floor 1.228%, autocorrelation +0.505, resampled in blocks of 5
resolved: A is faster than B
  warning: candidate A drifted during the run, shifting -10.89% from its first half to its second; the machine did not hold still
  warning: candidate B drifted during the run, shifting -2.13% from its first half to its second; the machine did not hold still

== u64 multi n=1048576 valuesBetween: ordered vs btree-sets
A 1.013e+04 per op, B 3.115e+04 per op
difference +67.50% [+66.03%, +68.24%] at 95% confidence
noise floor 1.295%, autocorrelation +0.269, resampled in blocks of 5
resolved: A is faster than B
  warning: candidate A drifted during the run, shifting +7.13% from its first half to its second; the machine did not hold still
  warning: candidate B drifted during the run, shifting +4.98% from its first half to its second; the machine did not hold still

== u64 multi n=1048576 churn: ordered vs hashed
A 713.1 per op, B 502.7 per op
difference -41.86% [-48.11%, -35.28%] at 95% confidence
noise floor 1.537%, autocorrelation +0.576, resampled in blocks of 5
resolved: A is slower than B
  warning: candidate A drifted during the run, shifting -8.70% from its first half to its second; the machine did not hold still
  warning: candidate B drifted during the run, shifting -22.55% from its first half to its second; the machine did not hold still

== u64 multi n=1048576 churn: ordered vs btree-sets
A 647.2 per op, B 1194 per op
difference +45.81% [+43.34%, +47.52%] at 95% confidence
noise floor 1.479%, autocorrelation +0.605, resampled in blocks of 5
resolved: A is faster than B
  warning: candidate A drifted during the run, shifting -7.71% from its first half to its second; the machine did not hold still
  warning: candidate B drifted during the run, shifting -4.50% from its first half to its second; the machine did not hold still

== u64 multi n=1048576 churn: ordered vs map-sets
A 620.4 per op, B 467.8 per op
difference -32.61% [-36.59%, -31.07%] at 95% confidence
noise floor 1.490%, autocorrelation +0.453, resampled in blocks of 5
resolved: A is slower than B
  warning: candidate A drifted during the run, shifting -5.85% from its first half to its second; the machine did not hold still

checksum 4667262965430310954
