== u64 multi n=1048576 valuesFor: ordered vs hashed
A 258.2 per op, B 199.1 per op
difference -29.70% [-42.80%, -23.24%] at 95% confidence
noise floor 1.545%, autocorrelation +0.253, resampled in blocks of 5
resolved: A is slower than B
  warning: candidate A drifted during the run, shifting -20.05% from its first half to its second; the machine did not hold still

== u64 multi n=1048576 valuesFor: ordered vs btree-sets
A 310.2 per op, B 1145 per op
difference +72.90% [+71.55%, +74.32%] at 95% confidence
noise floor 1.299%, autocorrelation +0.593, resampled in blocks of 5
resolved: A is faster than B
  warning: candidate A drifted during the run, shifting -7.05% from its first half to its second; the machine did not hold still
  warning: candidate B drifted during the run, shifting -4.38% from its first half to its second; the machine did not hold still

== u64 multi n=1048576 valuesFor: ordered vs map-sets
A 259.7 per op, B 470.6 per op
difference +44.80% [+43.77%, +47.17%] at 95% confidence
noise floor 1.323%, autocorrelation +0.187
resolved: A is faster than B
  warning: candidate A drifted during the run, shifting -11.18% from its first half to its second; the machine did not hold still
  warning: candidate B drifted during the run, shifting -2.65% from its first half to its second; the machine did not hold still

== u64 multi n=1048576 valuesBetween: ordered vs btree-sets
A 8418 per op, B 3.009e+04 per op
difference +72.03% [+71.49%, +72.72%] at 95% confidence
noise floor 1.436%, autocorrelation +0.294, resampled in blocks of 5
resolved: A is faster than B
  warning: candidate A drifted during the run, shifting -3.24% from its first half to its second; the machine did not hold still
  warning: candidate B drifted during the run, shifting -3.42% from its first half to its second; the machine did not hold still

== u64 multi n=1048576 churn: ordered vs hashed
A 466.7 per op, B 326.9 per op
difference -42.76% [-45.09%, -39.13%] at 95% confidence
noise floor 1.505%, autocorrelation +0.174
resolved: A is slower than B
  warning: candidate B drifted during the run, shifting -0.85% from its first half to its second; the machine did not hold still
  warning: in 35% of A/A runs this setup reported a difference between identical code, well above the 10% expected; treat any confidence from it with suspicion

== u64 multi n=1048576 churn: ordered vs btree-sets
A 621.5 per op, B 1125 per op
difference +44.73% [+43.02%, +46.32%] at 95% confidence
noise floor 1.081%, autocorrelation +0.344, resampled in blocks of 5
resolved: A is faster than B
  warning: candidate A drifted during the run, shifting -8.90% from its first half to its second; the machine did not hold still

== u64 multi n=1048576 churn: ordered vs map-sets
A 625.1 per op, B 449.7 per op
difference -38.98% [-51.84%, -28.62%] at 95% confidence
noise floor 1.080%, autocorrelation +0.298, resampled in blocks of 5
resolved: A is slower than B
  warning: candidate A drifted during the run, shifting -17.19% from its first half to its second; the machine did not hold still
  warning: candidate B drifted during the run, shifting -11.73% from its first half to its second; the machine did not hold still

checksum 8104631607958521681
