== u64 unique n=1048576 valuesFor: ordered vs btree-map
A 139.3 per op, B 490.7 per op
difference +71.61% [+70.60%, +72.80%] at 95% confidence
noise floor 1.528%, autocorrelation +0.796, resampled in blocks of 5
resolved: A is faster than B

== u64 unique n=1048576 valuesBetween: ordered vs btree-map
A 1110 per op, B 1778 per op
difference +37.59% [+35.66%, +40.04%] at 95% confidence
noise floor 1.978%, autocorrelation +0.805, resampled in blocks of 5
resolved: A is faster than B
  warning: candidate A drifted during the run, shifting -5.43% from its first half to its second; the machine did not hold still
  warning: candidate B drifted during the run, shifting +1.76% from its first half to its second; the machine did not hold still

== u64 unique n=1048576 churn: ordered vs btree-map
A 428.6 per op, B 866.5 per op
difference +50.54% [+47.60%, +53.61%] at 95% confidence
noise floor 1.771%, autocorrelation +0.684, resampled in blocks of 5
resolved: A is faster than B
  warning: candidate A drifted during the run, shifting -10.19% from its first half to its second; the machine did not hold still
  warning: candidate B drifted during the run, shifting -12.64% from its first half to its second; the machine did not hold still

checksum 7765079477227339564
