== u64 multi n=1048576 valuesFor: ordered vs hashed
A 228.8 per op, B 222.3 per op
difference -2.95% [-4.69%, -1.33%] at 95% confidence
noise floor 1.934%, autocorrelation +0.115
resolved: A is slower than B
  warning: candidate A drifted during the run, shifting -3.31% from its first half to its second; the machine did not hold still

== u64 multi n=1048576 valuesFor: ordered vs btree-sets
A 239.6 per op, B 1001 per op
difference +76.05% [+75.24%, +76.60%] at 95% confidence
noise floor 1.082%, autocorrelation +0.758, resampled in blocks of 5
resolved: A is faster than B
  warning: candidate A drifted during the run, shifting -8.18% from its first half to its second; the machine did not hold still

== u64 multi n=1048576 valuesFor: ordered vs map-sets
A 220.6 per op, B 509.6 per op
difference +56.71% [+56.25%, +57.26%] at 95% confidence
noise floor 1.270%, autocorrelation +0.147
resolved: A is faster than B
  warning: candidate A drifted during the run, shifting -1.06% from its first half to its second; the machine did not hold still
  warning: candidate B drifted during the run, shifting -1.00% from its first half to its second; the machine did not hold still

== u64 multi n=1048576 valuesBetween: ordered vs btree-sets
A 8765 per op, B 3.155e+04 per op
difference +72.22% [+71.59%, +72.53%] at 95% confidence
noise floor 1.098%, autocorrelation +0.183
resolved: A is faster than B
  warning: candidate A drifted during the run, shifting -5.15% from its first half to its second; the machine did not hold still

== u64 multi n=1048576 churn: ordered vs hashed
A 310.1 per op, B 380.4 per op
difference +18.47% [+16.44%, +20.67%] at 95% confidence
noise floor 1.114%, autocorrelation +0.139
resolved: A is faster than B
  warning: candidate A drifted during the run, shifting -5.84% from its first half to its second; the machine did not hold still
  warning: candidate B drifted during the run, shifting -3.09% from its first half to its second; the machine did not hold still

== u64 multi n=1048576 churn: ordered vs btree-sets
A 452.1 per op, B 1252 per op
difference +63.90% [+62.53%, +64.84%] at 95% confidence
noise floor 1.572%, autocorrelation +0.627, resampled in blocks of 5
resolved: A is faster than B
  warning: candidate A drifted during the run, shifting -6.73% from its first half to its second; the machine did not hold still

== u64 multi n=1048576 churn: ordered vs map-sets
A 470 per op, B 453.6 per op
difference -3.61% [-6.67%, -2.15%] at 95% confidence
noise floor 1.404%, autocorrelation +0.203, resampled in blocks of 5
resolved: A is slower than B
  warning: candidate A drifted during the run, shifting -5.10% from its first half to its second; the machine did not hold still
  warning: candidate B drifted during the run, shifting -1.72% from its first half to its second; the machine did not hold still

checksum 9735959458019620583
