== u64 unique n=1048576 valuesFor: ordered vs btree-map
A 140.3 per op, B 489.6 per op
difference +71.35% [+69.96%, +72.83%] at 95% confidence
noise floor 1.910%, autocorrelation +0.807, resampled in blocks of 5
resolved: A is faster than B
  warning: candidate A drifted during the run, shifting -14.45% from its first half to its second; the machine did not hold still
  warning: candidate B drifted during the run, shifting -13.17% from its first half to its second; the machine did not hold still

== u64 unique n=1048576 valuesBetween: ordered vs btree-map
A 1072 per op, B 1778 per op
difference +39.74% [+38.41%, +42.77%] at 95% confidence
noise floor 2.299%, autocorrelation +0.790, resampled in blocks of 5
resolved: A is faster than B
  warning: candidate A drifted during the run, shifting -2.09% from its first half to its second; the machine did not hold still
  warning: candidate B drifted during the run, shifting -10.60% from its first half to its second; the machine did not hold still

== u64 unique n=1048576 churn: ordered vs btree-map
A 445.4 per op, B 845.9 per op
difference +47.35% [+44.56%, +49.66%] at 95% confidence
noise floor 1.862%, autocorrelation +0.670, resampled in blocks of 5
resolved: A is faster than B
  warning: candidate A drifted during the run, shifting -12.35% from its first half to its second; the machine did not hold still
  warning: candidate B drifted during the run, shifting -5.22% from its first half to its second; the machine did not hold still

checksum 11904693359694545091
