== email unique n=1048576 valuesFor: ordered vs btree-map
A 397.3 per op, B 755.1 per op
difference +47.39% [+46.51%, +47.96%] at 95% confidence
noise floor 0.639%, autocorrelation +0.583, resampled in blocks of 3
resolved: A is faster than B
  warning: the program holds 601 MB of live data, more than the caches of many machines; for data that size, where it lies in memory can shift the result by several points in ways the interval does not cover, and differently in the next process; run the comparison in several processes with the multiproc package
  warning: candidate A drifted during the run, shifting -3.12% from its first half to its second; the machine did not hold still
  warning: candidate B drifted during the run, shifting -0.88% from its first half to its second; the machine did not hold still

== email unique n=1048576 valuesBetween: ordered vs btree-map
A 6872 per op, B 3743 per op
difference -83.62% [-85.98%, -80.71%] at 95% confidence
noise floor 1.418%, autocorrelation +0.031
resolved: A is slower than B
  warning: the program holds 601 MB of live data, more than the caches of many machines; for data that size, where it lies in memory can shift the result by several points in ways the interval does not cover, and differently in the next process; run the comparison in several processes with the multiproc package
  warning: in 50% of A/A runs this setup reported a difference between identical code, well above the 10% expected; treat any confidence from it with suspicion

== email unique n=1048576 prefix: ordered vs btree-map
A 522.6 per op, B 847 per op
difference +38.30% [+37.57%, +39.07%] at 95% confidence
noise floor 1.704%, autocorrelation +0.434, resampled in blocks of 3
resolved: A is faster than B
  warning: the program holds 601 MB of live data, more than the caches of many machines; for data that size, where it lies in memory can shift the result by several points in ways the interval does not cover, and differently in the next process; run the comparison in several processes with the multiproc package

== email unique n=1048576 churn and build: ordered vs btree-map
steady state, per insertion or deletion in a structure of 1048576 elements (cycle of 2097152 operations, first pass untimed):
  A 558.9 per op, B 1006 per op
  difference +44.43% [+43.28%, +45.07%] at 95% confidence
  noise floor 0.903%, autocorrelation +0.361, resampled in blocks of 3
  resolved: A is faster than B
    warning: the program holds 828 MB of live data, more than the caches of many machines; for data that size, where it lies in memory can shift the result by several points in ways the interval does not cover, and differently in the next process; run the comparison in several processes with the multiproc package
    warning: candidate B drifted during the run, shifting +1.82% from its first half to its second; the machine did not hold still

checksum 565325244312682591
== email unique n=1048576 valuesFor: ordered vs btree-map
A 396.8 per op, B 751.7 per op
difference +47.20% [+46.34%, +48.13%] at 95% confidence
noise floor 0.730%, autocorrelation +0.044
resolved: A is faster than B
  warning: the program holds 454 MB of live data, more than the caches of many machines; for data that size, where it lies in memory can shift the result by several points in ways the interval does not cover, and differently in the next process; run the comparison in several processes with the multiproc package

== email unique n=1048576 valuesBetween: ordered vs btree-map
A 6915 per op, B 3829 per op
difference -80.62% [-82.38%, -76.50%] at 95% confidence
noise floor 0.549%, autocorrelation +0.057
resolved: A is slower than B
  warning: the program holds 454 MB of live data, more than the caches of many machines; for data that size, where it lies in memory can shift the result by several points in ways the interval does not cover, and differently in the next process; run the comparison in several processes with the multiproc package
  warning: candidate B drifted during the run, shifting -3.29% from its first half to its second; the machine did not hold still

== email unique n=1048576 prefix: ordered vs btree-map
A 551.4 per op, B 905.1 per op
difference +39.08% [+38.08%, +40.28%] at 95% confidence
noise floor 0.794%, autocorrelation +0.397, resampled in blocks of 3
resolved: A is faster than B
  warning: the program holds 454 MB of live data, more than the caches of many machines; for data that size, where it lies in memory can shift the result by several points in ways the interval does not cover, and differently in the next process; run the comparison in several processes with the multiproc package
  warning: candidate B drifted during the run, shifting -2.03% from its first half to its second; the machine did not hold still

== email unique n=1048576 churn and build: ordered vs btree-map
steady state, per insertion or deletion in a structure of 1048576 elements (cycle of 2097152 operations, first pass untimed):
  A 604.3 per op, B 1052 per op
  difference +42.58% [+41.50%, +44.17%] at 95% confidence
  noise floor 1.657%, autocorrelation +0.426, resampled in blocks of 3
  resolved: A is faster than B
    warning: the program holds 830 MB of live data, more than the caches of many machines; for data that size, where it lies in memory can shift the result by several points in ways the interval does not cover, and differently in the next process; run the comparison in several processes with the multiproc package
    warning: candidate A drifted during the run, shifting -3.77% from its first half to its second; the machine did not hold still
    warning: candidate B drifted during the run, shifting -2.35% from its first half to its second; the machine did not hold still
    warning: in 50% of A/A runs this setup reported a difference between identical code, well above the 10% expected; treat any confidence from it with suspicion

checksum 14655268393081664056
== email unique n=1048576 valuesFor: ordered vs btree-map
A 405.3 per op, B 772.2 per op
difference +47.52% [+46.99%, +48.41%] at 95% confidence
noise floor 0.767%, autocorrelation +0.313, resampled in blocks of 3
resolved: A is faster than B
  warning: the program holds 557 MB of live data, more than the caches of many machines; for data that size, where it lies in memory can shift the result by several points in ways the interval does not cover, and differently in the next process; run the comparison in several processes with the multiproc package
  warning: candidate B drifted during the run, shifting -1.99% from its first half to its second; the machine did not hold still

== email unique n=1048576 valuesBetween: ordered vs btree-map
A 6939 per op, B 3813 per op
difference -81.96% [-84.86%, -77.42%] at 95% confidence
noise floor 1.272%, autocorrelation -0.006
resolved: A is slower than B
  warning: the program holds 557 MB of live data, more than the caches of many machines; for data that size, where it lies in memory can shift the result by several points in ways the interval does not cover, and differently in the next process; run the comparison in several processes with the multiproc package
  warning: in 50% of A/A runs this setup reported a difference between identical code, well above the 10% expected; treat any confidence from it with suspicion

== email unique n=1048576 prefix: ordered vs btree-map
A 544.4 per op, B 900.9 per op
difference +39.58% [+38.67%, +41.33%] at 95% confidence
noise floor 1.299%, autocorrelation +0.661, resampled in blocks of 3
resolved: A is faster than B
  warning: the program holds 557 MB of live data, more than the caches of many machines; for data that size, where it lies in memory can shift the result by several points in ways the interval does not cover, and differently in the next process; run the comparison in several processes with the multiproc package

== email unique n=1048576 churn and build: ordered vs btree-map
steady state, per insertion or deletion in a structure of 1048576 elements (cycle of 2097152 operations, first pass untimed):
  A 626.2 per op, B 1064 per op
  difference +41.14% [+39.51%, +41.88%] at 95% confidence
  noise floor 1.271%, autocorrelation +0.341, resampled in blocks of 3
  resolved: A is faster than B
    warning: the program holds 765 MB of live data, more than the caches of many machines; for data that size, where it lies in memory can shift the result by several points in ways the interval does not cover, and differently in the next process; run the comparison in several processes with the multiproc package
    warning: candidate B drifted during the run, shifting +3.60% from its first half to its second; the machine did not hold still
    warning: the ratio B/A shifted +3.52% from the first half of the run to the second, so the candidates had not reached a steady state and the difference depends on how long the run was; a common cause is a head start for whichever candidate ran alone last before the comparison or had its data built last, which a longer CollectOptions.WarmupDuration removes

checksum 17126758086435469609
== email unique n=1048576 valuesFor: ordered vs btree-map
A 397.1 per op, B 753.7 per op
difference +47.32% [+46.67%, +48.55%] at 95% confidence
noise floor 2.818%, autocorrelation -0.031
resolved: A is faster than B
  warning: the program holds 436 MB of live data, more than the caches of many machines; for data that size, where it lies in memory can shift the result by several points in ways the interval does not cover, and differently in the next process; run the comparison in several processes with the multiproc package

== email unique n=1048576 valuesBetween: ordered vs btree-map
A 6966 per op, B 3749 per op
difference -85.79% [-88.59%, -84.47%] at 95% confidence
noise floor 1.525%, autocorrelation +0.407, resampled in blocks of 3
resolved: A is slower than B
  warning: the program holds 436 MB of live data, more than the caches of many machines; for data that size, where it lies in memory can shift the result by several points in ways the interval does not cover, and differently in the next process; run the comparison in several processes with the multiproc package

== email unique n=1048576 prefix: ordered vs btree-map
A 513.8 per op, B 830.3 per op
difference +38.11% [+37.38%, +39.63%] at 95% confidence
noise floor 0.446%, autocorrelation +0.056
resolved: A is faster than B
  warning: the program holds 603 MB of live data, more than the caches of many machines; for data that size, where it lies in memory can shift the result by several points in ways the interval does not cover, and differently in the next process; run the comparison in several processes with the multiproc package

== email unique n=1048576 churn and build: ordered vs btree-map
steady state, per insertion or deletion in a structure of 1048576 elements (cycle of 2097152 operations, first pass untimed):
  A 581.9 per op, B 1057 per op
  difference +44.96% [+44.23%, +45.76%] at 95% confidence
  noise floor 0.642%, autocorrelation +0.515, resampled in blocks of 3
  resolved: A is faster than B
    warning: the program holds 825 MB of live data, more than the caches of many machines; for data that size, where it lies in memory can shift the result by several points in ways the interval does not cover, and differently in the next process; run the comparison in several processes with the multiproc package

checksum 4507389912104521381
== email unique n=1048576 valuesFor: ordered vs btree-map
A 392.2 per op, B 749.2 per op
difference +47.65% [+46.84%, +48.15%] at 95% confidence
noise floor 1.085%, autocorrelation +0.102
resolved: A is faster than B
  warning: the program holds 533 MB of live data, more than the caches of many machines; for data that size, where it lies in memory can shift the result by several points in ways the interval does not cover, and differently in the next process; run the comparison in several processes with the multiproc package
  warning: candidate A drifted during the run, shifting -1.58% from its first half to its second; the machine did not hold still
  warning: in 50% of A/A runs this setup reported a difference between identical code, well above the 10% expected; treat any confidence from it with suspicion

== email unique n=1048576 valuesBetween: ordered vs btree-map
A 6968 per op, B 3873 per op
difference -79.91% [-85.76%, -74.71%] at 95% confidence
noise floor 1.570%, autocorrelation +0.351, resampled in blocks of 3
resolved: A is slower than B
  warning: the program holds 533 MB of live data, more than the caches of many machines; for data that size, where it lies in memory can shift the result by several points in ways the interval does not cover, and differently in the next process; run the comparison in several processes with the multiproc package
  warning: the ratio B/A shifted -5.96% from the first half of the run to the second, so the candidates had not reached a steady state and the difference depends on how long the run was; a common cause is a head start for whichever candidate ran alone last before the comparison or had its data built last, which a longer CollectOptions.WarmupDuration removes

== email unique n=1048576 prefix: ordered vs btree-map
A 539.3 per op, B 882.4 per op
difference +38.89% [+36.88%, +40.26%] at 95% confidence
noise floor 1.004%, autocorrelation +0.146
resolved: A is faster than B
  warning: the program holds 533 MB of live data, more than the caches of many machines; for data that size, where it lies in memory can shift the result by several points in ways the interval does not cover, and differently in the next process; run the comparison in several processes with the multiproc package

== email unique n=1048576 churn and build: ordered vs btree-map
steady state, per insertion or deletion in a structure of 1048576 elements (cycle of 2097152 operations, first pass untimed):
  A 631.3 per op, B 1066 per op
  difference +40.81% [+39.20%, +41.79%] at 95% confidence
  noise floor 1.218%, autocorrelation +0.079
  resolved: A is faster than B
    warning: the program holds 753 MB of live data, more than the caches of many machines; for data that size, where it lies in memory can shift the result by several points in ways the interval does not cover, and differently in the next process; run the comparison in several processes with the multiproc package
    warning: candidate B drifted during the run, shifting +3.26% from its first half to its second; the machine did not hold still

checksum 8998260189955358831
== email unique n=1048576 valuesFor: ordered vs btree-map
A 385.5 per op, B 747 per op
difference +48.39% [+47.71%, +49.03%] at 95% confidence
noise floor 0.535%, autocorrelation +0.276, resampled in blocks of 3
resolved: A is faster than B
  warning: the program holds 560 MB of live data, more than the caches of many machines; for data that size, where it lies in memory can shift the result by several points in ways the interval does not cover, and differently in the next process; run the comparison in several processes with the multiproc package

== email unique n=1048576 valuesBetween: ordered vs btree-map
A 7051 per op, B 3955 per op
difference -78.27% [-81.19%, -74.99%] at 95% confidence
noise floor 0.953%, autocorrelation -0.063
resolved: A is slower than B
  warning: the program holds 560 MB of live data, more than the caches of many machines; for data that size, where it lies in memory can shift the result by several points in ways the interval does not cover, and differently in the next process; run the comparison in several processes with the multiproc package
  warning: in 50% of A/A runs this setup reported a difference between identical code, well above the 10% expected; treat any confidence from it with suspicion

== email unique n=1048576 prefix: ordered vs btree-map
A 524.7 per op, B 874.5 per op
difference +40.00% [+38.77%, +41.25%] at 95% confidence
noise floor 1.248%, autocorrelation +0.367, resampled in blocks of 3
resolved: A is faster than B
  warning: the program holds 560 MB of live data, more than the caches of many machines; for data that size, where it lies in memory can shift the result by several points in ways the interval does not cover, and differently in the next process; run the comparison in several processes with the multiproc package

== email unique n=1048576 churn and build: ordered vs btree-map
steady state, per insertion or deletion in a structure of 1048576 elements (cycle of 2097152 operations, first pass untimed):
  A 610.2 per op, B 1079 per op
  difference +43.46% [+42.31%, +45.19%] at 95% confidence
  noise floor 1.389%, autocorrelation +0.432, resampled in blocks of 3
  resolved: A is faster than B
    warning: the program holds 817 MB of live data, more than the caches of many machines; for data that size, where it lies in memory can shift the result by several points in ways the interval does not cover, and differently in the next process; run the comparison in several processes with the multiproc package
    warning: candidate A drifted during the run, shifting +2.38% from its first half to its second; the machine did not hold still
    warning: candidate B drifted during the run, shifting +3.23% from its first half to its second; the machine did not hold still

checksum 14514761409202465884
