== str unique n=4096 valuesFor: ordered vs btree-map
A 60.47 per op, B 102.3 per op
difference +40.88% [+40.61%, +41.25%] at 95% confidence
noise floor 0.739%, autocorrelation +0.143
resolved: A is faster than B

== str unique n=4096 valuesBetween: ordered vs btree-map
A 1232 per op, B 434 per op
difference -183.92% [-185.48%, -182.32%] at 95% confidence
noise floor 0.858%, autocorrelation -0.009
resolved: A is slower than B

== str unique n=4096 churn: ordered vs btree-map
A 177 per op, B 143.2 per op
difference -23.59% [-25.02%, -22.66%] at 95% confidence
noise floor 0.833%, autocorrelation +0.038
resolved: A is slower than B

== str unique n=4096 build: ordered vs btree-map
A 2.786e+06 per op, B 1.644e+06 per op
difference -69.42% [-72.43%, -65.43%] at 95% confidence
noise floor 1.757%, autocorrelation -0.007
resolved: A is slower than B

checksum 16878465856014286394
