== str n=1048576 valuesFor: ordered vs hashed
A 357 per op, B 197.6 per op
difference -80.67% [-81.65%, -79.39%] at 95% confidence
noise floor 0.605%, autocorrelation +0.419, resampled in blocks of 5
resolved: A is slower than B

== str n=1048576 valuesFor: ordered vs btree-sets
A 405.6 per op, B 1160 per op
difference +65.04% [+64.72%, +65.39%] at 95% confidence
noise floor 0.552%, autocorrelation +0.506, resampled in blocks of 5
resolved: A is faster than B
  warning: candidate B drifted during the run, shifting -0.57% from its first half to its second; the machine did not hold still

== str n=1048576 valuesFor: ordered vs map-sets
A 381.2 per op, B 415.4 per op
difference +8.23% [+6.26%, +11.66%] at 95% confidence
noise floor 0.644%, autocorrelation +0.507, resampled in blocks of 5
resolved: A is faster than B
  warning: candidate A drifted during the run, shifting +7.53% from its first half to its second; the machine did not hold still
  warning: candidate B drifted during the run, shifting +2.89% from its first half to its second; the machine did not hold still

== str n=1048576 valuesFor: hashed vs map-sets
A 200 per op, B 401.6 per op
difference +50.20% [+49.75%, +50.85%] at 95% confidence
noise floor 0.619%, autocorrelation +0.303, resampled in blocks of 5
resolved: A is faster than B
  warning: candidate A drifted during the run, shifting +1.17% from its first half to its second; the machine did not hold still
  warning: candidate B drifted during the run, shifting +0.60% from its first half to its second; the machine did not hold still

== str n=1048576 valuesBetween: ordered vs btree-sets
A 9640 per op, B 2.127e+04 per op
difference +54.68% [+54.12%, +55.40%] at 95% confidence
noise floor 0.601%, autocorrelation +0.304, resampled in blocks of 5
resolved: A is faster than B
  warning: candidate A drifted during the run, shifting -1.96% from its first half to its second; the machine did not hold still
  warning: candidate B drifted during the run, shifting -2.12% from its first half to its second; the machine did not hold still

== str n=1048576 addRemove: ordered vs hashed
A 579.6 per op, B 308.5 per op
difference -87.92% [-89.04%, -86.99%] at 95% confidence
noise floor 0.407%, autocorrelation +0.569, resampled in blocks of 5
resolved: A is slower than B
  warning: candidate A drifted during the run, shifting -0.35% from its first half to its second; the machine did not hold still
  warning: candidate B drifted during the run, shifting -0.52% from its first half to its second; the machine did not hold still

== str n=1048576 addRemove: ordered vs btree-sets
A 892.8 per op, B 1268 per op
difference +29.61% [+8.18%, +37.07%] at 95% confidence
noise floor 0.899%, autocorrelation +0.652, resampled in blocks of 5
resolved: A is faster than B
  warning: candidate A drifted during the run, shifting -47.69% from its first half to its second; the machine did not hold still
  warning: candidate B drifted during the run, shifting -4.01% from its first half to its second; the machine did not hold still

== str n=1048576 addRemove: ordered vs map-sets
A 590.9 per op, B 499.8 per op
difference -18.22% [-18.86%, -17.62%] at 95% confidence
noise floor 0.995%, autocorrelation +0.634, resampled in blocks of 5
resolved: A is slower than B
  warning: candidate A drifted during the run, shifting -0.72% from its first half to its second; the machine did not hold still
  warning: candidate B drifted during the run, shifting -0.10% from its first half to its second; the machine did not hold still

== str n=1048576 addRemove: hashed vs map-sets
A 312.6 per op, B 495.2 per op
difference +36.87% [+36.55%, +37.21%] at 95% confidence
noise floor 0.574%, autocorrelation +0.556, resampled in blocks of 5
resolved: A is faster than B
  warning: candidate A drifted during the run, shifting -0.59% from its first half to its second; the machine did not hold still
  warning: candidate B drifted during the run, shifting -0.79% from its first half to its second; the machine did not hold still

checksum 7074204951036027660
