== u64 multi n=4096 valuesFor: ordered vs hashed
A 44.39 per op, B 36.19 per op
difference -22.66% [-24.42%, -20.44%] at 95% confidence
noise floor 3.754%, autocorrelation +0.135
resolved: A is slower than B

== u64 multi n=4096 valuesFor: ordered vs btree-sets
A 43.59 per op, B 160.6 per op
difference +72.86% [+72.42%, +73.05%] at 95% confidence
noise floor 1.960%, autocorrelation +0.091
resolved: A is faster than B

== u64 multi n=4096 valuesFor: ordered vs map-sets
A 44.24 per op, B 91.84 per op
difference +51.83% [+51.36%, +52.36%] at 95% confidence
noise floor 2.564%, autocorrelation +0.161
resolved: A is faster than B

== u64 multi n=4096 valuesBetween: ordered vs hashed
A 2911 per op, B 5.304e+04 per op
difference +94.51% [+94.46%, +94.74%] at 95% confidence
noise floor 1.128%, autocorrelation +0.063
resolved: A is faster than B

== u64 multi n=4096 valuesBetween: ordered vs btree-sets
A 2837 per op, B 7036 per op
difference +59.68% [+59.10%, +61.59%] at 95% confidence
noise floor 1.393%, autocorrelation +0.089
resolved: A is faster than B
  warning: in 30% of A/A runs this setup reported a difference between identical code, well above the 10% expected; treat any confidence from it with suspicion

== u64 multi n=4096 valuesBetween: ordered vs map-sets
A 2832 per op, B 5.349e+04 per op
difference +94.71% [+94.59%, +94.88%] at 95% confidence
noise floor 1.322%, autocorrelation +0.082
resolved: A is faster than B

== u64 multi n=4096 churn: ordered vs hashed
A 62.62 per op, B 43.98 per op
difference -42.39% [-44.61%, -40.36%] at 95% confidence
noise floor 1.569%, autocorrelation +0.052
resolved: A is slower than B

== u64 multi n=4096 churn: ordered vs btree-sets
A 64.04 per op, B 150.1 per op
difference +57.34% [+56.76%, +58.18%] at 95% confidence
noise floor 1.107%, autocorrelation +0.027
resolved: A is faster than B

== u64 multi n=4096 churn: ordered vs map-sets
A 63.21 per op, B 48.16 per op
difference -31.23% [-32.80%, -29.31%] at 95% confidence
noise floor 1.318%, autocorrelation +0.245, resampled in blocks of 5
resolved: A is slower than B

== u64 multi n=4096 build: ordered vs hashed
A 5.762e+06 per op, B 3.9e+06 per op
difference -47.76% [-48.52%, -46.28%] at 95% confidence
noise floor 0.544%, autocorrelation +0.024
resolved: A is slower than B

== u64 multi n=4096 build: ordered vs btree-sets
A 5.825e+06 per op, B 1.268e+07 per op
difference +54.06% [+53.75%, +54.46%] at 95% confidence
noise floor 0.460%, autocorrelation +0.056
resolved: A is faster than B

== u64 multi n=4096 build: ordered vs map-sets
A 5.862e+06 per op, B 4.576e+06 per op
difference -28.09% [-28.96%, -26.83%] at 95% confidence
noise floor 0.670%, autocorrelation +0.037
resolved: A is slower than B
  warning: candidate A drifted during the run, shifting +0.56% from its first half to its second; the machine did not hold still
  warning: candidate B drifted during the run, shifting +0.49% from its first half to its second; the machine did not hold still

checksum 18336925809279411959
