== str multi n=4096 valuesFor: ordered vs hashed
A 80.8 per op, B 38.33 per op
difference -110.82% [-113.32%, -108.07%] at 95% confidence
noise floor 3.320%, autocorrelation +0.037
resolved: A is slower than B
  warning: in 45% of A/A runs this setup reported a difference between identical code, well above the 10% expected; treat any confidence from it with suspicion

== str multi n=4096 valuesFor: ordered vs btree-sets
A 82.05 per op, B 174.5 per op
difference +52.97% [+52.72%, +53.23%] at 95% confidence
noise floor 0.456%, autocorrelation +0.024
resolved: A is faster than B

== str multi n=4096 valuesFor: ordered vs map-sets
A 81.65 per op, B 93.95 per op
difference +13.09% [+12.54%, +14.48%] at 95% confidence
noise floor 0.924%, autocorrelation +0.002
resolved: A is faster than B

== str multi n=4096 valuesBetween: ordered vs hashed
A 3190 per op, B 5.351e+04 per op
difference +94.04% [+93.96%, +94.21%] at 95% confidence
noise floor 1.404%, autocorrelation +0.073
resolved: A is faster than B

== str multi n=4096 valuesBetween: ordered vs btree-sets
A 3110 per op, B 7289 per op
difference +57.33% [+56.53%, +58.16%] at 95% confidence
noise floor 1.448%, autocorrelation +0.073
resolved: A is faster than B

== str multi n=4096 valuesBetween: ordered vs map-sets
A 3092 per op, B 5.463e+04 per op
difference +94.34% [+94.25%, +94.47%] at 95% confidence
noise floor 1.424%, autocorrelation +0.030
resolved: A is faster than B

== str multi n=4096 churn: ordered vs hashed
A 145.5 per op, B 51.19 per op
difference -184.15% [-188.04%, -179.66%] at 95% confidence
noise floor 1.091%, autocorrelation +0.028
resolved: A is slower than B

== str multi n=4096 churn: ordered vs btree-sets
A 148.1 per op, B 173.5 per op
difference +14.63% [+13.30%, +16.19%] at 95% confidence
noise floor 1.003%, autocorrelation +0.191
resolved: A is faster than B

== str multi n=4096 churn: ordered vs map-sets
A 146 per op, B 60.61 per op
difference -140.91% [-145.59%, -136.96%] at 95% confidence
noise floor 3.780%, autocorrelation +0.184
resolved: A is slower than B
  warning: in 75% of A/A runs this setup reported a difference between identical code, well above the 10% expected; treat any confidence from it with suspicion

== str multi n=4096 build: ordered vs hashed
A 1.459e+07 per op, B 4.279e+06 per op
difference -241.03% [-243.27%, -238.63%] at 95% confidence
noise floor 0.518%, autocorrelation +0.055
resolved: A is slower than B

== str multi n=4096 build: ordered vs btree-sets
A 1.451e+07 per op, B 1.411e+07 per op
difference -2.88% [-3.38%, -2.24%] at 95% confidence
noise floor 0.251%, autocorrelation +0.072
resolved: A is slower than B
  warning: candidate B drifted during the run, shifting +0.44% from its first half to its second; the machine did not hold still

== str multi n=4096 build: ordered vs map-sets
A 1.457e+07 per op, B 4.991e+06 per op
difference -191.94% [-194.81%, -190.00%] at 95% confidence
noise floor 0.502%, autocorrelation +0.063
resolved: A is slower than B
  warning: candidate A drifted during the run, shifting +1.12% from its first half to its second; the machine did not hold still

checksum 15674253683484393684
