== uuid multi n=262144 valuesFor: ordered vs hashed
A 273.4 per op, B 201.4 per op
difference -35.79% [-38.81%, -33.41%] at 95% confidence
noise floor 0.945%, autocorrelation +0.141
resolved: A is slower than B
  warning: the program holds 504 MB of live data, more than the caches of many machines; for data that size, where it lies in memory can shift the result by several points in ways the interval does not cover, and differently in the next process; run the comparison in several processes with the multiproc package

== uuid multi n=262144 valuesFor: ordered vs btree-sets
A 337.1 per op, B 757.7 per op
difference +55.51% [+55.21%, +56.41%] at 95% confidence
noise floor 1.804%, autocorrelation +0.788, resampled in blocks of 3
resolved: A is faster than B
  warning: the program holds 504 MB of live data, more than the caches of many machines; for data that size, where it lies in memory can shift the result by several points in ways the interval does not cover, and differently in the next process; run the comparison in several processes with the multiproc package
  warning: candidate B drifted during the run, shifting +1.99% from its first half to its second; the machine did not hold still
  warning: the ratio B/A shifted +4.69% from the first half of the run to the second, so the candidates had not reached a steady state and the difference depends on how long the run was; a common cause is a head start for whichever candidate ran alone last before the comparison or had its data built last, which a longer CollectOptions.WarmupDuration removes

== uuid multi n=262144 valuesFor: ordered vs map-sets
A 290.4 per op, B 430.2 per op
difference +32.50% [+31.17%, +33.68%] at 95% confidence
noise floor 1.856%, autocorrelation +0.006
resolved: A is faster than B
  warning: the program holds 504 MB of live data, more than the caches of many machines; for data that size, where it lies in memory can shift the result by several points in ways the interval does not cover, and differently in the next process; run the comparison in several processes with the multiproc package
  warning: in 50% of A/A runs this setup reported a difference between identical code, well above the 10% expected; treat any confidence from it with suspicion

== uuid multi n=262144 valuesBetween: ordered vs btree-sets
A 1.195e+04 per op, B 2.875e+04 per op
difference +58.45% [+57.40%, +59.52%] at 95% confidence
noise floor 1.070%, autocorrelation +0.336, resampled in blocks of 3
resolved: A is faster than B
  warning: the program holds 702 MB of live data, more than the caches of many machines; for data that size, where it lies in memory can shift the result by several points in ways the interval does not cover, and differently in the next process; run the comparison in several processes with the multiproc package

== uuid multi n=262144 prefix: ordered vs btree-sets
A 783.5 per op, B 2029 per op
difference +61.39% [+60.71%, +62.07%] at 95% confidence
noise floor 2.229%, autocorrelation +0.335, resampled in blocks of 3
resolved: A is faster than B
  warning: the program holds 702 MB of live data, more than the caches of many machines; for data that size, where it lies in memory can shift the result by several points in ways the interval does not cover, and differently in the next process; run the comparison in several processes with the multiproc package
  warning: in 100% of A/A runs this setup reported a difference between identical code, well above the 10% expected; treat any confidence from it with suspicion

== uuid multi n=262144 churn and build: ordered vs hashed
steady state, per insertion or deletion in a structure of 1587806 elements (cycle of 3175612 operations, first pass untimed):
  A 461.8 per op, B 387.7 per op
  difference -19.12% [-24.44%, -13.12%] at 95% confidence
  noise floor 1.217%, autocorrelation -0.306
  resolved: A is slower than B
    warning: the program holds 923 MB of live data, more than the caches of many machines; for data that size, where it lies in memory can shift the result by several points in ways the interval does not cover, and differently in the next process; run the comparison in several processes with the multiproc package

== uuid multi n=262144 churn and build: ordered vs btree-sets
steady state, per insertion or deletion in a structure of 1587806 elements (cycle of 3175612 operations, first pass untimed):
  A 590.3 per op, B 1040 per op
  difference +43.25% [+42.51%, +44.14%] at 95% confidence
  noise floor 0.847%, autocorrelation +0.163
  resolved: A is faster than B
    warning: the program holds 987 MB of live data, more than the caches of many machines; for data that size, where it lies in memory can shift the result by several points in ways the interval does not cover, and differently in the next process; run the comparison in several processes with the multiproc package

== uuid multi n=262144 churn and build: ordered vs map-sets
steady state, per insertion or deletion in a structure of 1587806 elements (cycle of 3175612 operations, first pass untimed):
  A 526 per op, B 496.5 per op
  difference -5.95% [-7.24%, -3.94%] at 95% confidence
  noise floor 3.430%, autocorrelation +0.691, resampled in blocks of 3
  resolved: A is slower than B
    warning: the program holds 989 MB of live data, more than the caches of many machines; for data that size, where it lies in memory can shift the result by several points in ways the interval does not cover, and differently in the next process; run the comparison in several processes with the multiproc package

checksum 17273804708446636288
== uuid multi n=262144 valuesFor: ordered vs hashed
A 279.8 per op, B 200 per op
difference -39.89% [-41.93%, -37.59%] at 95% confidence
noise floor 1.820%, autocorrelation +0.742, resampled in blocks of 3
resolved: A is slower than B
  warning: the program holds 554 MB of live data, more than the caches of many machines; for data that size, where it lies in memory can shift the result by several points in ways the interval does not cover, and differently in the next process; run the comparison in several processes with the multiproc package
  warning: in 50% of A/A runs this setup reported a difference between identical code, well above the 10% expected; treat any confidence from it with suspicion

== uuid multi n=262144 valuesFor: ordered vs btree-sets
A 342.6 per op, B 820.3 per op
difference +58.24% [+57.06%, +59.20%] at 95% confidence
noise floor 0.694%, autocorrelation +0.814, resampled in blocks of 3
resolved: A is faster than B
  warning: the program holds 554 MB of live data, more than the caches of many machines; for data that size, where it lies in memory can shift the result by several points in ways the interval does not cover, and differently in the next process; run the comparison in several processes with the multiproc package

== uuid multi n=262144 valuesFor: ordered vs map-sets
A 325.9 per op, B 451.7 per op
difference +27.84% [+25.96%, +30.52%] at 95% confidence
noise floor 0.775%, autocorrelation +0.066
resolved: A is faster than B
  warning: the program holds 554 MB of live data, more than the caches of many machines; for data that size, where it lies in memory can shift the result by several points in ways the interval does not cover, and differently in the next process; run the comparison in several processes with the multiproc package
  warning: candidate A drifted during the run, shifting +3.82% from its first half to its second; the machine did not hold still

== uuid multi n=262144 valuesBetween: ordered vs btree-sets
A 1.127e+04 per op, B 2.758e+04 per op
difference +59.13% [+58.19%, +60.27%] at 95% confidence
noise floor 2.228%, autocorrelation +0.212, resampled in blocks of 3
resolved: A is faster than B
  warning: the program holds 554 MB of live data, more than the caches of many machines; for data that size, where it lies in memory can shift the result by several points in ways the interval does not cover, and differently in the next process; run the comparison in several processes with the multiproc package
  warning: in 50% of A/A runs this setup reported a difference between identical code, well above the 10% expected; treat any confidence from it with suspicion

== uuid multi n=262144 prefix: ordered vs btree-sets
A 786.4 per op, B 2052 per op
difference +61.68% [+60.56%, +62.62%] at 95% confidence
noise floor 0.551%, autocorrelation +0.295, resampled in blocks of 3
resolved: A is faster than B
  warning: the program holds 706 MB of live data, more than the caches of many machines; for data that size, where it lies in memory can shift the result by several points in ways the interval does not cover, and differently in the next process; run the comparison in several processes with the multiproc package
  warning: candidate A drifted during the run, shifting +2.16% from its first half to its second; the machine did not hold still
  warning: candidate B drifted during the run, shifting +5.54% from its first half to its second; the machine did not hold still

== uuid multi n=262144 churn and build: ordered vs hashed
steady state, per insertion or deletion in a structure of 1587806 elements (cycle of 3175612 operations, first pass untimed):
  A 468 per op, B 405.3 per op
  difference -15.46% [-18.27%, -13.07%] at 95% confidence
  noise floor 2.796%, autocorrelation +0.553, resampled in blocks of 3
  resolved: A is slower than B
    warning: the program holds 943 MB of live data, more than the caches of many machines; for data that size, where it lies in memory can shift the result by several points in ways the interval does not cover, and differently in the next process; run the comparison in several processes with the multiproc package
    warning: candidate A drifted during the run, shifting +3.32% from its first half to its second; the machine did not hold still

== uuid multi n=262144 churn and build: ordered vs btree-sets
steady state, per insertion or deletion in a structure of 1587806 elements (cycle of 3175612 operations, first pass untimed):
  A 690.6 per op, B 1296 per op
  difference +46.72% [+36.73%, +57.17%] at 95% confidence
  noise floor 1.959%, autocorrelation +0.373, resampled in blocks of 3
  resolved: A is faster than B
    warning: the program holds 991 MB of live data, more than the caches of many machines; for data that size, where it lies in memory can shift the result by several points in ways the interval does not cover, and differently in the next process; run the comparison in several processes with the multiproc package
    warning: candidate A drifted during the run, shifting +21.81% from its first half to its second; the machine did not hold still
    warning: candidate B drifted during the run, shifting +30.90% from its first half to its second; the machine did not hold still
    warning: in 50% of A/A runs this setup reported a difference between identical code, well above the 10% expected; treat any confidence from it with suspicion

== uuid multi n=262144 churn and build: ordered vs map-sets
steady state, per insertion or deletion in a structure of 1587806 elements (cycle of 3175612 operations, first pass untimed):
  A 581 per op, B 533.2 per op
  difference -8.95% [-14.86%, -5.28%] at 95% confidence
  noise floor 1.695%, autocorrelation -0.193
  resolved: A is slower than B
    warning: the program holds 993 MB of live data, more than the caches of many machines; for data that size, where it lies in memory can shift the result by several points in ways the interval does not cover, and differently in the next process; run the comparison in several processes with the multiproc package
    warning: candidate A drifted during the run, shifting +10.48% from its first half to its second; the machine did not hold still
    warning: candidate B drifted during the run, shifting +7.45% from its first half to its second; the machine did not hold still

checksum 12992532512394399664
== uuid multi n=262144 valuesFor: ordered vs hashed
A 296.1 per op, B 209.2 per op
difference -41.55% [-44.99%, -39.89%] at 95% confidence
noise floor 1.769%, autocorrelation +0.011
resolved: A is slower than B
  warning: the program holds 538 MB of live data, more than the caches of many machines; for data that size, where it lies in memory can shift the result by several points in ways the interval does not cover, and differently in the next process; run the comparison in several processes with the multiproc package

== uuid multi n=262144 valuesFor: ordered vs btree-sets
A 381.4 per op, B 924.8 per op
difference +58.76% [+53.97%, +62.06%] at 95% confidence
noise floor 1.720%, autocorrelation +0.238, resampled in blocks of 3
resolved: A is faster than B
  warning: the program holds 538 MB of live data, more than the caches of many machines; for data that size, where it lies in memory can shift the result by several points in ways the interval does not cover, and differently in the next process; run the comparison in several processes with the multiproc package
  warning: candidate A drifted during the run, shifting -8.49% from its first half to its second; the machine did not hold still
  warning: candidate B drifted during the run, shifting -16.01% from its first half to its second; the machine did not hold still
  warning: the ratio B/A shifted -5.93% from the first half of the run to the second, so the candidates had not reached a steady state and the difference depends on how long the run was; a common cause is a head start for whichever candidate ran alone last before the comparison or had its data built last, which a longer CollectOptions.WarmupDuration removes

== uuid multi n=262144 valuesFor: ordered vs map-sets
A 327.1 per op, B 449.1 per op
difference +27.17% [+26.08%, +28.30%] at 95% confidence
noise floor 1.401%, autocorrelation +0.356, resampled in blocks of 3
resolved: A is faster than B
  warning: the program holds 709 MB of live data, more than the caches of many machines; for data that size, where it lies in memory can shift the result by several points in ways the interval does not cover, and differently in the next process; run the comparison in several processes with the multiproc package

== uuid multi n=262144 valuesBetween: ordered vs btree-sets
A 1.199e+04 per op, B 2.836e+04 per op
difference +57.74% [+56.83%, +58.83%] at 95% confidence
noise floor 1.008%, autocorrelation +0.011
resolved: A is faster than B
  warning: the program holds 709 MB of live data, more than the caches of many machines; for data that size, where it lies in memory can shift the result by several points in ways the interval does not cover, and differently in the next process; run the comparison in several processes with the multiproc package

== uuid multi n=262144 prefix: ordered vs btree-sets
A 843.5 per op, B 2160 per op
difference +60.94% [+59.55%, +62.54%] at 95% confidence
noise floor 0.873%, autocorrelation +0.285, resampled in blocks of 3
resolved: A is faster than B
  warning: the program holds 709 MB of live data, more than the caches of many machines; for data that size, where it lies in memory can shift the result by several points in ways the interval does not cover, and differently in the next process; run the comparison in several processes with the multiproc package
  warning: candidate A drifted during the run, shifting +5.60% from its first half to its second; the machine did not hold still
  warning: candidate B drifted during the run, shifting +6.15% from its first half to its second; the machine did not hold still

== uuid multi n=262144 churn and build: ordered vs hashed
steady state, per insertion or deletion in a structure of 1587806 elements (cycle of 3175612 operations, first pass untimed):
  A 500.3 per op, B 418.3 per op
  difference -19.61% [-24.38%, -16.39%] at 95% confidence
  noise floor 1.465%, autocorrelation +0.087
  resolved: A is slower than B
    warning: the program holds 934 MB of live data, more than the caches of many machines; for data that size, where it lies in memory can shift the result by several points in ways the interval does not cover, and differently in the next process; run the comparison in several processes with the multiproc package
    warning: candidate A drifted during the run, shifting -4.16% from its first half to its second; the machine did not hold still

== uuid multi n=262144 churn and build: ordered vs btree-sets
steady state, per insertion or deletion in a structure of 1587806 elements (cycle of 3175612 operations, first pass untimed):
  A 592.2 per op, B 1044 per op
  difference +43.29% [+42.82%, +44.62%] at 95% confidence
  noise floor 1.412%, autocorrelation +0.596, resampled in blocks of 3
  resolved: A is faster than B
    warning: the program holds 993 MB of live data, more than the caches of many machines; for data that size, where it lies in memory can shift the result by several points in ways the interval does not cover, and differently in the next process; run the comparison in several processes with the multiproc package

== uuid multi n=262144 churn and build: ordered vs map-sets
steady state, per insertion or deletion in a structure of 1587806 elements (cycle of 3175612 operations, first pass untimed):
  A 571.5 per op, B 530.8 per op
  difference -7.67% [-10.98%, -4.40%] at 95% confidence
  noise floor 0.859%, autocorrelation +0.055
  resolved: A is slower than B
    warning: the program holds 996 MB of live data, more than the caches of many machines; for data that size, where it lies in memory can shift the result by several points in ways the interval does not cover, and differently in the next process; run the comparison in several processes with the multiproc package

checksum 16138657632466395568
== uuid multi n=262144 valuesFor: ordered vs hashed
A 281.1 per op, B 201.2 per op
difference -39.71% [-41.62%, -37.09%] at 95% confidence
noise floor 0.916%, autocorrelation +0.117
resolved: A is slower than B
  warning: the program holds 700 MB of live data, more than the caches of many machines; for data that size, where it lies in memory can shift the result by several points in ways the interval does not cover, and differently in the next process; run the comparison in several processes with the multiproc package

== uuid multi n=262144 valuesFor: ordered vs btree-sets
A 343.9 per op, B 781.4 per op
difference +55.99% [+55.00%, +56.81%] at 95% confidence
noise floor 1.800%, autocorrelation +0.335, resampled in blocks of 3
resolved: A is faster than B
  warning: the program holds 700 MB of live data, more than the caches of many machines; for data that size, where it lies in memory can shift the result by several points in ways the interval does not cover, and differently in the next process; run the comparison in several processes with the multiproc package
  warning: candidate B drifted during the run, shifting -3.07% from its first half to its second; the machine did not hold still

== uuid multi n=262144 valuesFor: ordered vs map-sets
A 311.6 per op, B 442.2 per op
difference +29.55% [+28.33%, +30.68%] at 95% confidence
noise floor 1.745%, autocorrelation +0.107
resolved: A is faster than B
  warning: the program holds 700 MB of live data, more than the caches of many machines; for data that size, where it lies in memory can shift the result by several points in ways the interval does not cover, and differently in the next process; run the comparison in several processes with the multiproc package
  warning: in 50% of A/A runs this setup reported a difference between identical code, well above the 10% expected; treat any confidence from it with suspicion

== uuid multi n=262144 valuesBetween: ordered vs btree-sets
A 1.184e+04 per op, B 2.818e+04 per op
difference +57.99% [+56.80%, +59.71%] at 95% confidence
noise floor 2.044%, autocorrelation +0.320, resampled in blocks of 3
resolved: A is faster than B
  warning: the program holds 700 MB of live data, more than the caches of many machines; for data that size, where it lies in memory can shift the result by several points in ways the interval does not cover, and differently in the next process; run the comparison in several processes with the multiproc package
  warning: candidate A drifted during the run, shifting -4.65% from its first half to its second; the machine did not hold still
  warning: in 50% of A/A runs this setup reported a difference between identical code, well above the 10% expected; treat any confidence from it with suspicion

== uuid multi n=262144 prefix: ordered vs btree-sets
A 793.2 per op, B 2013 per op
difference +60.60% [+59.42%, +61.22%] at 95% confidence
noise floor 1.180%, autocorrelation -0.003
resolved: A is faster than B
  warning: the program holds 700 MB of live data, more than the caches of many machines; for data that size, where it lies in memory can shift the result by several points in ways the interval does not cover, and differently in the next process; run the comparison in several processes with the multiproc package

== uuid multi n=262144 churn and build: ordered vs hashed
steady state, per insertion or deletion in a structure of 1587806 elements (cycle of 3175612 operations, first pass untimed):
  A 475 per op, B 393.6 per op
  difference -20.69% [-27.95%, -14.69%] at 95% confidence
  noise floor 1.849%, autocorrelation -0.030
  resolved: A is slower than B
    warning: the program holds 934 MB of live data, more than the caches of many machines; for data that size, where it lies in memory can shift the result by several points in ways the interval does not cover, and differently in the next process; run the comparison in several processes with the multiproc package

== uuid multi n=262144 churn and build: ordered vs btree-sets
steady state, per insertion or deletion in a structure of 1587806 elements (cycle of 3175612 operations, first pass untimed):
  A 621.5 per op, B 1143 per op
  difference +45.62% [+43.53%, +47.84%] at 95% confidence
  noise floor 2.277%, autocorrelation +0.307, resampled in blocks of 3
  resolved: A is faster than B
    warning: the program holds 972 MB of live data, more than the caches of many machines; for data that size, where it lies in memory can shift the result by several points in ways the interval does not cover, and differently in the next process; run the comparison in several processes with the multiproc package
    warning: candidate A drifted during the run, shifting -7.27% from its first half to its second; the machine did not hold still
    warning: candidate B drifted during the run, shifting -5.64% from its first half to its second; the machine did not hold still
    warning: in 50% of A/A runs this setup reported a difference between identical code, well above the 10% expected; treat any confidence from it with suspicion

== uuid multi n=262144 churn and build: ordered vs map-sets
steady state, per insertion or deletion in a structure of 1587806 elements (cycle of 3175612 operations, first pass untimed):
  A 537.5 per op, B 481 per op
  difference -11.76% [-14.01%, -8.43%] at 95% confidence
  noise floor 1.291%, autocorrelation -0.160
  resolved: A is slower than B
    warning: the program holds 992 MB of live data, more than the caches of many machines; for data that size, where it lies in memory can shift the result by several points in ways the interval does not cover, and differently in the next process; run the comparison in several processes with the multiproc package

checksum 18146249234753672048
== uuid multi n=262144 valuesFor: ordered vs hashed
A 285.7 per op, B 203.6 per op
difference -40.30% [-42.58%, -36.80%] at 95% confidence
noise floor 1.060%, autocorrelation +0.007
resolved: A is slower than B
  warning: the program holds 571 MB of live data, more than the caches of many machines; for data that size, where it lies in memory can shift the result by several points in ways the interval does not cover, and differently in the next process; run the comparison in several processes with the multiproc package

== uuid multi n=262144 valuesFor: ordered vs btree-sets
A 337.3 per op, B 800.3 per op
difference +57.86% [+56.46%, +59.10%] at 95% confidence
noise floor 0.863%, autocorrelation +0.663, resampled in blocks of 3
resolved: A is faster than B
  warning: the program holds 571 MB of live data, more than the caches of many machines; for data that size, where it lies in memory can shift the result by several points in ways the interval does not cover, and differently in the next process; run the comparison in several processes with the multiproc package
  warning: candidate A drifted during the run, shifting +6.20% from its first half to its second; the machine did not hold still
  warning: candidate B drifted during the run, shifting +5.05% from its first half to its second; the machine did not hold still

== uuid multi n=262144 valuesFor: ordered vs map-sets
A 344.2 per op, B 473.6 per op
difference +27.33% [+24.75%, +29.01%] at 95% confidence
noise floor 1.145%, autocorrelation +0.256, resampled in blocks of 3
resolved: A is faster than B
  warning: the program holds 571 MB of live data, more than the caches of many machines; for data that size, where it lies in memory can shift the result by several points in ways the interval does not cover, and differently in the next process; run the comparison in several processes with the multiproc package
  warning: candidate A drifted during the run, shifting -5.53% from its first half to its second; the machine did not hold still
  warning: the ratio B/A shifted +4.77% from the first half of the run to the second, so the candidates had not reached a steady state and the difference depends on how long the run was; a common cause is a head start for whichever candidate ran alone last before the comparison or had its data built last, which a longer CollectOptions.WarmupDuration removes

== uuid multi n=262144 valuesBetween: ordered vs btree-sets
A 1.172e+04 per op, B 2.911e+04 per op
difference +59.73% [+59.27%, +61.17%] at 95% confidence
noise floor 1.883%, autocorrelation +0.134
resolved: A is faster than B
  warning: the program holds 571 MB of live data, more than the caches of many machines; for data that size, where it lies in memory can shift the result by several points in ways the interval does not cover, and differently in the next process; run the comparison in several processes with the multiproc package
  warning: candidate B drifted during the run, shifting +2.54% from its first half to its second; the machine did not hold still

== uuid multi n=262144 prefix: ordered vs btree-sets
A 793.5 per op, B 2094 per op
difference +62.10% [+61.29%, +62.68%] at 95% confidence
noise floor 2.505%, autocorrelation +0.065
resolved: A is faster than B
  warning: the program holds 571 MB of live data, more than the caches of many machines; for data that size, where it lies in memory can shift the result by several points in ways the interval does not cover, and differently in the next process; run the comparison in several processes with the multiproc package

== uuid multi n=262144 churn and build: ordered vs hashed
steady state, per insertion or deletion in a structure of 1587806 elements (cycle of 3175612 operations, first pass untimed):
  A 456.9 per op, B 422 per op
  difference -8.27% [-10.30%, -4.89%] at 95% confidence
  noise floor 2.321%, autocorrelation +0.124
  resolved: A is slower than B
    warning: the program holds 775 MB of live data, more than the caches of many machines; for data that size, where it lies in memory can shift the result by several points in ways the interval does not cover, and differently in the next process; run the comparison in several processes with the multiproc package

== uuid multi n=262144 churn and build: ordered vs btree-sets
steady state, per insertion or deletion in a structure of 1587806 elements (cycle of 3175612 operations, first pass untimed):
  A 598.7 per op, B 1017 per op
  difference +41.13% [+39.92%, +42.11%] at 95% confidence
  noise floor 1.044%, autocorrelation +0.504, resampled in blocks of 3
  resolved: A is faster than B
    warning: the program holds 983 MB of live data, more than the caches of many machines; for data that size, where it lies in memory can shift the result by several points in ways the interval does not cover, and differently in the next process; run the comparison in several processes with the multiproc package

== uuid multi n=262144 churn and build: ordered vs map-sets
steady state, per insertion or deletion in a structure of 1587806 elements (cycle of 3175612 operations, first pass untimed):
  A 545.1 per op, B 481.6 per op
  difference -13.18% [-17.32%, -8.49%] at 95% confidence
  noise floor 1.959%, autocorrelation -0.147
  resolved: A is slower than B
    warning: the program holds 994 MB of live data, more than the caches of many machines; for data that size, where it lies in memory can shift the result by several points in ways the interval does not cover, and differently in the next process; run the comparison in several processes with the multiproc package

checksum 7800184797202506848
== uuid multi n=262144 valuesFor: ordered vs hashed
A 317.8 per op, B 212.4 per op
difference -49.60% [-55.36%, -46.89%] at 95% confidence
noise floor 0.869%, autocorrelation +0.008
resolved: A is slower than B
  warning: the program holds 524 MB of live data, more than the caches of many machines; for data that size, where it lies in memory can shift the result by several points in ways the interval does not cover, and differently in the next process; run the comparison in several processes with the multiproc package
  warning: candidate A drifted during the run, shifting -5.93% from its first half to its second; the machine did not hold still

== uuid multi n=262144 valuesFor: ordered vs btree-sets
A 328.4 per op, B 775.1 per op
difference +57.64% [+56.96%, +58.23%] at 95% confidence
noise floor 2.147%, autocorrelation +0.611, resampled in blocks of 3
resolved: A is faster than B
  warning: the program holds 524 MB of live data, more than the caches of many machines; for data that size, where it lies in memory can shift the result by several points in ways the interval does not cover, and differently in the next process; run the comparison in several processes with the multiproc package

== uuid multi n=262144 valuesFor: ordered vs map-sets
A 294.6 per op, B 433.2 per op
difference +32.00% [+30.22%, +33.99%] at 95% confidence
noise floor 0.901%, autocorrelation +0.036
resolved: A is faster than B
  warning: the program holds 524 MB of live data, more than the caches of many machines; for data that size, where it lies in memory can shift the result by several points in ways the interval does not cover, and differently in the next process; run the comparison in several processes with the multiproc package

== uuid multi n=262144 valuesBetween: ordered vs btree-sets
A 1.164e+04 per op, B 2.949e+04 per op
difference +60.51% [+59.75%, +61.18%] at 95% confidence
noise floor 1.501%, autocorrelation +0.127
resolved: A is faster than B
  warning: the program holds 703 MB of live data, more than the caches of many machines; for data that size, where it lies in memory can shift the result by several points in ways the interval does not cover, and differently in the next process; run the comparison in several processes with the multiproc package
  warning: candidate B drifted during the run, shifting +2.19% from its first half to its second; the machine did not hold still

== uuid multi n=262144 prefix: ordered vs btree-sets
A 770.8 per op, B 2014 per op
difference +61.73% [+60.34%, +62.71%] at 95% confidence
noise floor 1.380%, autocorrelation +0.220, resampled in blocks of 3
resolved: A is faster than B
  warning: the program holds 703 MB of live data, more than the caches of many machines; for data that size, where it lies in memory can shift the result by several points in ways the interval does not cover, and differently in the next process; run the comparison in several processes with the multiproc package

== uuid multi n=262144 churn and build: ordered vs hashed
steady state, per insertion or deletion in a structure of 1587806 elements (cycle of 3175612 operations, first pass untimed):
  A 475.3 per op, B 396.3 per op
  difference -19.94% [-30.55%, -14.71%] at 95% confidence
  noise floor 2.448%, autocorrelation -0.453
  resolved: A is slower than B
    warning: the program holds 933 MB of live data, more than the caches of many machines; for data that size, where it lies in memory can shift the result by several points in ways the interval does not cover, and differently in the next process; run the comparison in several processes with the multiproc package

== uuid multi n=262144 churn and build: ordered vs btree-sets
steady state, per insertion or deletion in a structure of 1587806 elements (cycle of 3175612 operations, first pass untimed):
  A 592.8 per op, B 1071 per op
  difference +44.63% [+43.12%, +45.30%] at 95% confidence
  noise floor 1.501%, autocorrelation +0.582, resampled in blocks of 3
  resolved: A is faster than B
    warning: the program holds 992 MB of live data, more than the caches of many machines; for data that size, where it lies in memory can shift the result by several points in ways the interval does not cover, and differently in the next process; run the comparison in several processes with the multiproc package
    warning: in 50% of A/A runs this setup reported a difference between identical code, well above the 10% expected; treat any confidence from it with suspicion

== uuid multi n=262144 churn and build: ordered vs map-sets
steady state, per insertion or deletion in a structure of 1587806 elements (cycle of 3175612 operations, first pass untimed):
  A 540 per op, B 499.8 per op
  difference -8.05% [-9.44%, -6.90%] at 95% confidence
  noise floor 2.508%, autocorrelation +0.445, resampled in blocks of 3
  resolved: A is slower than B
    warning: the program holds 994 MB of live data, more than the caches of many machines; for data that size, where it lies in memory can shift the result by several points in ways the interval does not cover, and differently in the next process; run the comparison in several processes with the multiproc package

checksum 9882029259660653696
