== email unique n=262144 valuesFor: ordered vs btree-map
A 235.5 per op, B 313.1 per op
difference +24.78% [+22.98%, +25.74%] at 95% confidence
noise floor 1.513%, autocorrelation +0.673, resampled in blocks of 3
resolved: A is faster than B
  warning: the program holds 189 MB of live data, more than the caches of many machines; for data that size, where it lies in memory can shift the result by several points in ways the interval does not cover, and differently in the next process; run the comparison in several processes with the multiproc package
  warning: candidate B drifted during the run, shifting -2.44% from its first half to its second; the machine did not hold still

== email unique n=262144 valuesBetween: ordered vs btree-map
A 5484 per op, B 2261 per op
difference -142.54% [-149.69%, -136.97%] at 95% confidence
noise floor 1.602%, autocorrelation +0.697, resampled in blocks of 3
resolved: A is slower than B
  warning: the program holds 189 MB of live data, more than the caches of many machines; for data that size, where it lies in memory can shift the result by several points in ways the interval does not cover, and differently in the next process; run the comparison in several processes with the multiproc package

== email unique n=262144 prefix: ordered vs btree-map
A 312.4 per op, B 354.7 per op
difference +11.91% [+9.07%, +13.99%] at 95% confidence
noise floor 3.194%, autocorrelation +0.810, resampled in blocks of 3
resolved: A is faster than B
  warning: the program holds 218 MB of live data, more than the caches of many machines; for data that size, where it lies in memory can shift the result by several points in ways the interval does not cover, and differently in the next process; run the comparison in several processes with the multiproc package
  warning: candidate B drifted during the run, shifting +3.51% from its first half to its second; the machine did not hold still

== email unique n=262144 churn and build: ordered vs btree-map
steady state, per insertion or deletion in a structure of 262144 elements (cycle of 524288 operations, first pass untimed):
  A 408.6 per op, B 637.5 per op
  difference +35.90% [+33.57%, +39.08%] at 95% confidence
  noise floor 1.500%, autocorrelation +0.756, resampled in blocks of 3
  resolved: A is faster than B
    warning: the program holds 286 MB of live data, more than the caches of many machines; for data that size, where it lies in memory can shift the result by several points in ways the interval does not cover, and differently in the next process; run the comparison in several processes with the multiproc package
    warning: candidate B drifted during the run, shifting -5.18% from its first half to its second; the machine did not hold still
    warning: the ratio B/A shifted -5.17% from the first half of the run to the second, so the candidates had not reached a steady state and the difference depends on how long the run was; a common cause is a head start for whichever candidate ran alone last before the comparison or had its data built last, which a longer CollectOptions.WarmupDuration removes

checksum 12787074332081570240
== email unique n=262144 valuesFor: ordered vs btree-map
A 274 per op, B 372.5 per op
difference +26.44% [+21.45%, +31.82%] at 95% confidence
noise floor 1.390%, autocorrelation +0.692, resampled in blocks of 3
resolved: A is faster than B
  warning: the program holds 222 MB of live data, more than the caches of many machines; for data that size, where it lies in memory can shift the result by several points in ways the interval does not cover, and differently in the next process; run the comparison in several processes with the multiproc package
  warning: candidate A drifted during the run, shifting +11.39% from its first half to its second; the machine did not hold still
  warning: candidate B drifted during the run, shifting +15.22% from its first half to its second; the machine did not hold still

== email unique n=262144 valuesBetween: ordered vs btree-map
A 5369 per op, B 2268 per op
difference -136.75% [-141.04%, -130.23%] at 95% confidence
noise floor 1.947%, autocorrelation +0.493, resampled in blocks of 3
resolved: A is slower than B
  warning: the program holds 222 MB of live data, more than the caches of many machines; for data that size, where it lies in memory can shift the result by several points in ways the interval does not cover, and differently in the next process; run the comparison in several processes with the multiproc package

== email unique n=262144 prefix: ordered vs btree-map
A 327.9 per op, B 374.4 per op
difference +12.41% [+9.19%, +14.85%] at 95% confidence
noise floor 1.147%, autocorrelation +0.643, resampled in blocks of 3
resolved: A is faster than B
  warning: the program holds 222 MB of live data, more than the caches of many machines; for data that size, where it lies in memory can shift the result by several points in ways the interval does not cover, and differently in the next process; run the comparison in several processes with the multiproc package
  warning: candidate A drifted during the run, shifting -5.18% from its first half to its second; the machine did not hold still
  warning: candidate B drifted during the run, shifting -7.22% from its first half to its second; the machine did not hold still

== email unique n=262144 churn and build: ordered vs btree-map
steady state, per insertion or deletion in a structure of 262144 elements (cycle of 524288 operations, first pass untimed):
  A 456.5 per op, B 690.8 per op
  difference +33.91% [+29.20%, +38.70%] at 95% confidence
  noise floor 3.441%, autocorrelation +0.844, resampled in blocks of 3
  resolved: A is faster than B
    warning: the program holds 285 MB of live data, more than the caches of many machines; for data that size, where it lies in memory can shift the result by several points in ways the interval does not cover, and differently in the next process; run the comparison in several processes with the multiproc package
    warning: candidate B drifted during the run, shifting -7.80% from its first half to its second; the machine did not hold still
    warning: the ratio B/A shifted -7.33% from the first half of the run to the second, so the candidates had not reached a steady state and the difference depends on how long the run was; a common cause is a head start for whichever candidate ran alone last before the comparison or had its data built last, which a longer CollectOptions.WarmupDuration removes

checksum 16099084265075714384
== email unique n=262144 valuesFor: ordered vs btree-map
A 247.7 per op, B 308.7 per op
difference +19.76% [+18.21%, +20.86%] at 95% confidence
noise floor 2.526%, autocorrelation +0.544, resampled in blocks of 3
resolved: A is faster than B
  warning: the program holds 211 MB of live data, more than the caches of many machines; for data that size, where it lies in memory can shift the result by several points in ways the interval does not cover, and differently in the next process; run the comparison in several processes with the multiproc package

== email unique n=262144 valuesBetween: ordered vs btree-map
A 5787 per op, B 2258 per op
difference -156.29% [-165.61%, -150.79%] at 95% confidence
noise floor 2.128%, autocorrelation +0.518, resampled in blocks of 3
resolved: A is slower than B
  warning: the program holds 211 MB of live data, more than the caches of many machines; for data that size, where it lies in memory can shift the result by several points in ways the interval does not cover, and differently in the next process; run the comparison in several processes with the multiproc package

== email unique n=262144 prefix: ordered vs btree-map
A 319.4 per op, B 350.7 per op
difference +8.93% [+6.91%, +9.94%] at 95% confidence
noise floor 1.379%, autocorrelation +0.187
resolved: A is faster than B
  warning: the program holds 211 MB of live data, more than the caches of many machines; for data that size, where it lies in memory can shift the result by several points in ways the interval does not cover, and differently in the next process; run the comparison in several processes with the multiproc package

== email unique n=262144 churn and build: ordered vs btree-map
steady state, per insertion or deletion in a structure of 262144 elements (cycle of 524288 operations, first pass untimed):
  A 398.6 per op, B 627.2 per op
  difference +36.46% [+20.01%, +39.25%] at 95% confidence
  noise floor 1.720%, autocorrelation +0.784, resampled in blocks of 3
  resolved: A is faster than B
    warning: the program holds 300 MB of live data, more than the caches of many machines; for data that size, where it lies in memory can shift the result by several points in ways the interval does not cover, and differently in the next process; run the comparison in several processes with the multiproc package

checksum 7428598908096231408
== email unique n=262144 valuesFor: ordered vs btree-map
A 247.5 per op, B 321.3 per op
difference +22.98% [+21.41%, +25.73%] at 95% confidence
noise floor 2.784%, autocorrelation +0.353, resampled in blocks of 3
resolved: A is faster than B
  warning: the program holds 223 MB of live data, more than the caches of many machines; for data that size, where it lies in memory can shift the result by several points in ways the interval does not cover, and differently in the next process; run the comparison in several processes with the multiproc package

== email unique n=262144 valuesBetween: ordered vs btree-map
A 5708 per op, B 2395 per op
difference -138.33% [-146.20%, -131.74%] at 95% confidence
noise floor 1.623%, autocorrelation -0.020
resolved: A is slower than B
  warning: the program holds 223 MB of live data, more than the caches of many machines; for data that size, where it lies in memory can shift the result by several points in ways the interval does not cover, and differently in the next process; run the comparison in several processes with the multiproc package

== email unique n=262144 prefix: ordered vs btree-map
A 312.5 per op, B 349.9 per op
difference +10.68% [+9.61%, +11.97%] at 95% confidence
noise floor 1.538%, autocorrelation +0.268, resampled in blocks of 3
resolved: A is faster than B
  warning: the program holds 223 MB of live data, more than the caches of many machines; for data that size, where it lies in memory can shift the result by several points in ways the interval does not cover, and differently in the next process; run the comparison in several processes with the multiproc package

== email unique n=262144 churn and build: ordered vs btree-map
steady state, per insertion or deletion in a structure of 262144 elements (cycle of 524288 operations, first pass untimed):
  A 412.8 per op, B 600.4 per op
  difference +31.25% [+19.87%, +35.67%] at 95% confidence
  noise floor 0.505%, autocorrelation +0.686, resampled in blocks of 3
  resolved: A is faster than B
    warning: the program holds 287 MB of live data, more than the caches of many machines; for data that size, where it lies in memory can shift the result by several points in ways the interval does not cover, and differently in the next process; run the comparison in several processes with the multiproc package

checksum 10091875931319746608
== email unique n=262144 valuesFor: ordered vs btree-map
A 240.3 per op, B 307.5 per op
difference +21.86% [+20.38%, +23.64%] at 95% confidence
noise floor 3.945%, autocorrelation +0.751, resampled in blocks of 3
resolved: A is faster than B
  warning: the program holds 232 MB of live data, more than the caches of many machines; for data that size, where it lies in memory can shift the result by several points in ways the interval does not cover, and differently in the next process; run the comparison in several processes with the multiproc package

== email unique n=262144 valuesBetween: ordered vs btree-map
A 5533 per op, B 2322 per op
difference -138.28% [-143.53%, -130.71%] at 95% confidence
noise floor 0.726%, autocorrelation +0.065
resolved: A is slower than B
  warning: the program holds 232 MB of live data, more than the caches of many machines; for data that size, where it lies in memory can shift the result by several points in ways the interval does not cover, and differently in the next process; run the comparison in several processes with the multiproc package

== email unique n=262144 prefix: ordered vs btree-map
A 348.8 per op, B 398.8 per op
difference +12.54% [+7.88%, +15.57%] at 95% confidence
noise floor 1.318%, autocorrelation +0.528, resampled in blocks of 3
resolved: A is faster than B
  warning: the program holds 232 MB of live data, more than the caches of many machines; for data that size, where it lies in memory can shift the result by several points in ways the interval does not cover, and differently in the next process; run the comparison in several processes with the multiproc package
  warning: candidate A drifted during the run, shifting -5.29% from its first half to its second; the machine did not hold still
  warning: candidate B drifted during the run, shifting -9.09% from its first half to its second; the machine did not hold still
  warning: the ratio B/A shifted -7.23% from the first half of the run to the second, so the candidates had not reached a steady state and the difference depends on how long the run was; a common cause is a head start for whichever candidate ran alone last before the comparison or had its data built last, which a longer CollectOptions.WarmupDuration removes

== email unique n=262144 churn and build: ordered vs btree-map
steady state, per insertion or deletion in a structure of 262144 elements (cycle of 524288 operations, first pass untimed):
  A 425.2 per op, B 626.6 per op
  difference +32.14% [+21.31%, +36.47%] at 95% confidence
  noise floor 2.108%, autocorrelation +0.629, resampled in blocks of 3
  resolved: A is faster than B
    warning: the program holds 286 MB of live data, more than the caches of many machines; for data that size, where it lies in memory can shift the result by several points in ways the interval does not cover, and differently in the next process; run the comparison in several processes with the multiproc package

checksum 15418236595004734672
== email unique n=262144 valuesFor: ordered vs btree-map
A 270.6 per op, B 340.2 per op
difference +20.47% [+17.80%, +28.52%] at 95% confidence
noise floor 1.325%, autocorrelation +0.219, resampled in blocks of 3
resolved: A is faster than B
  warning: the program holds 178 MB of live data, more than the caches of many machines; for data that size, where it lies in memory can shift the result by several points in ways the interval does not cover, and differently in the next process; run the comparison in several processes with the multiproc package
  warning: candidate A drifted during the run, shifting -7.74% from its first half to its second; the machine did not hold still
  warning: candidate B drifted during the run, shifting -13.72% from its first half to its second; the machine did not hold still
  warning: the ratio B/A shifted -5.89% from the first half of the run to the second, so the candidates had not reached a steady state and the difference depends on how long the run was; a common cause is a head start for whichever candidate ran alone last before the comparison or had its data built last, which a longer CollectOptions.WarmupDuration removes

== email unique n=262144 valuesBetween: ordered vs btree-map
A 5969 per op, B 2334 per op
difference -155.70% [-163.71%, -144.83%] at 95% confidence
noise floor 0.778%, autocorrelation +0.186
resolved: A is slower than B
  warning: the program holds 224 MB of live data, more than the caches of many machines; for data that size, where it lies in memory can shift the result by several points in ways the interval does not cover, and differently in the next process; run the comparison in several processes with the multiproc package

== email unique n=262144 prefix: ordered vs btree-map
A 325.9 per op, B 358.3 per op
difference +9.05% [+7.09%, +11.98%] at 95% confidence
noise floor 3.464%, autocorrelation +0.816, resampled in blocks of 3
resolved: A is faster than B
  warning: the program holds 224 MB of live data, more than the caches of many machines; for data that size, where it lies in memory can shift the result by several points in ways the interval does not cover, and differently in the next process; run the comparison in several processes with the multiproc package

== email unique n=262144 churn and build: ordered vs btree-map
steady state, per insertion or deletion in a structure of 262144 elements (cycle of 524288 operations, first pass untimed):
  A 417.5 per op, B 657.8 per op
  difference +36.53% [+34.83%, +37.26%] at 95% confidence
  noise floor 2.475%, autocorrelation +0.887, resampled in blocks of 3
  resolved: A is faster than B
    warning: the program holds 291 MB of live data, more than the caches of many machines; for data that size, where it lies in memory can shift the result by several points in ways the interval does not cover, and differently in the next process; run the comparison in several processes with the multiproc package

checksum 12005960447499362352
