== email unique n=16384 valuesFor: ordered vs btree-map
A 41.58 per op, B 140 per op
difference +70.31% [+70.16%, +70.69%] at 95% confidence
noise floor 0.461%, autocorrelation -0.026
resolved: A is faster than B
  warning: the program holds 31 MB of live data, more than the caches of many machines; for data that size, where it lies in memory can shift the result by several points in ways the interval does not cover, and differently in the next process; run the comparison in several processes with the multiproc package

== email unique n=16384 valuesBetween: ordered vs btree-map
A 1780 per op, B 559.8 per op
difference -217.91% [-225.03%, -213.18%] at 95% confidence
noise floor 1.812%, autocorrelation -0.025
resolved: A is slower than B
  warning: the program holds 31 MB of live data, more than the caches of many machines; for data that size, where it lies in memory can shift the result by several points in ways the interval does not cover, and differently in the next process; run the comparison in several processes with the multiproc package

== email unique n=16384 prefix: ordered vs btree-map
A 72.07 per op, B 141.6 per op
difference +49.11% [+48.50%, +49.83%] at 95% confidence
noise floor 0.556%, autocorrelation -0.094
resolved: A is faster than B
  warning: the program holds 31 MB of live data, more than the caches of many machines; for data that size, where it lies in memory can shift the result by several points in ways the interval does not cover, and differently in the next process; run the comparison in several processes with the multiproc package

== email unique n=16384 churn and build: ordered vs btree-map
steady state, per insertion or deletion in a structure of 16384 elements (cycle of 32768 operations, first pass untimed):
  A 95.57 per op, B 206.3 per op
  difference +53.66% [+53.05%, +55.17%] at 95% confidence
  noise floor 3.302%, autocorrelation +0.431, resampled in blocks of 3
  resolved: A is faster than B
    warning: the program holds 35 MB of live data, more than the caches of many machines; for data that size, where it lies in memory can shift the result by several points in ways the interval does not cover, and differently in the next process; run the comparison in several processes with the multiproc package

build from empty to 16384 elements, per whole build (49152 operations):
  A 4.591e+06 per op, B 9.248e+06 per op
  difference +50.36% [+49.14%, +50.98%] at 95% confidence
  noise floor 1.535%, autocorrelation +0.262, resampled in blocks of 3
  resolved: A is faster than B
    warning: the program holds 31 MB of live data, more than the caches of many machines; for data that size, where it lies in memory can shift the result by several points in ways the interval does not cover, and differently in the next process; run the comparison in several processes with the multiproc package

checksum 5739503887055232560
== email unique n=16384 valuesFor: ordered vs btree-map
A 40.97 per op, B 140.3 per op
difference +70.79% [+70.60%, +71.07%] at 95% confidence
noise floor 0.594%, autocorrelation +0.079
resolved: A is faster than B
  warning: the program holds 35 MB of live data, more than the caches of many machines; for data that size, where it lies in memory can shift the result by several points in ways the interval does not cover, and differently in the next process; run the comparison in several processes with the multiproc package

== email unique n=16384 valuesBetween: ordered vs btree-map
A 1797 per op, B 561.8 per op
difference -219.93% [-225.14%, -214.24%] at 95% confidence
noise floor 0.520%, autocorrelation +0.326, resampled in blocks of 3
resolved: A is slower than B
  warning: the program holds 35 MB of live data, more than the caches of many machines; for data that size, where it lies in memory can shift the result by several points in ways the interval does not cover, and differently in the next process; run the comparison in several processes with the multiproc package

== email unique n=16384 prefix: ordered vs btree-map
A 71.68 per op, B 141.5 per op
difference +49.33% [+48.88%, +50.00%] at 95% confidence
noise floor 1.126%, autocorrelation +0.534, resampled in blocks of 3
resolved: A is faster than B
  warning: the program holds 35 MB of live data, more than the caches of many machines; for data that size, where it lies in memory can shift the result by several points in ways the interval does not cover, and differently in the next process; run the comparison in several processes with the multiproc package
  warning: in 50% of A/A runs this setup reported a difference between identical code, well above the 10% expected; treat any confidence from it with suspicion

== email unique n=16384 churn and build: ordered vs btree-map
steady state, per insertion or deletion in a structure of 16384 elements (cycle of 32768 operations, first pass untimed):
  A 103.3 per op, B 208.7 per op
  difference +50.48% [+49.58%, +53.72%] at 95% confidence
  noise floor 1.762%, autocorrelation +0.115
  resolved: A is faster than B
    warning: the program holds 39 MB of live data, more than the caches of many machines; for data that size, where it lies in memory can shift the result by several points in ways the interval does not cover, and differently in the next process; run the comparison in several processes with the multiproc package
    warning: candidate A drifted during the run, shifting +7.31% from its first half to its second; the machine did not hold still
    warning: the ratio B/A shifted -3.65% from the first half of the run to the second, so the candidates had not reached a steady state and the difference depends on how long the run was; a common cause is a head start for whichever candidate ran alone last before the comparison or had its data built last, which a longer CollectOptions.WarmupDuration removes

build from empty to 16384 elements, per whole build (49152 operations):
  A 4.602e+06 per op, B 9.204e+06 per op
  difference +50.00% [+48.41%, +50.59%] at 95% confidence
  noise floor 1.016%, autocorrelation +0.132
  resolved: A is faster than B
    warning: the program holds 35 MB of live data, more than the caches of many machines; for data that size, where it lies in memory can shift the result by several points in ways the interval does not cover, and differently in the next process; run the comparison in several processes with the multiproc package

checksum 11563598308245497504
== email unique n=16384 valuesFor: ordered vs btree-map
A 41.32 per op, B 139.8 per op
difference +70.44% [+69.61%, +70.88%] at 95% confidence
noise floor 1.152%, autocorrelation +0.002
resolved: A is faster than B
  warning: the program holds 39 MB of live data, more than the caches of many machines; for data that size, where it lies in memory can shift the result by several points in ways the interval does not cover, and differently in the next process; run the comparison in several processes with the multiproc package

== email unique n=16384 valuesBetween: ordered vs btree-map
A 1785 per op, B 563.9 per op
difference -216.57% [-222.42%, -213.26%] at 95% confidence
noise floor 0.853%, autocorrelation -0.066
resolved: A is slower than B
  warning: the program holds 39 MB of live data, more than the caches of many machines; for data that size, where it lies in memory can shift the result by several points in ways the interval does not cover, and differently in the next process; run the comparison in several processes with the multiproc package

== email unique n=16384 prefix: ordered vs btree-map
A 71.54 per op, B 144 per op
difference +50.32% [+49.55%, +50.84%] at 95% confidence
noise floor 0.635%, autocorrelation -0.153
resolved: A is faster than B
  warning: the program holds 39 MB of live data, more than the caches of many machines; for data that size, where it lies in memory can shift the result by several points in ways the interval does not cover, and differently in the next process; run the comparison in several processes with the multiproc package

== email unique n=16384 churn and build: ordered vs btree-map
steady state, per insertion or deletion in a structure of 16384 elements (cycle of 32768 operations, first pass untimed):
  A 94.48 per op, B 208 per op
  difference +54.58% [+53.84%, +55.31%] at 95% confidence
  noise floor 1.662%, autocorrelation +0.204, resampled in blocks of 3
  resolved: A is faster than B
    warning: the program holds 44 MB of live data, more than the caches of many machines; for data that size, where it lies in memory can shift the result by several points in ways the interval does not cover, and differently in the next process; run the comparison in several processes with the multiproc package

build from empty to 16384 elements, per whole build (49152 operations):
  A 4.606e+06 per op, B 9.257e+06 per op
  difference +50.24% [+49.35%, +50.65%] at 95% confidence
  noise floor 0.775%, autocorrelation +0.167
  resolved: A is faster than B
    warning: the program holds 39 MB of live data, more than the caches of many machines; for data that size, where it lies in memory can shift the result by several points in ways the interval does not cover, and differently in the next process; run the comparison in several processes with the multiproc package

checksum 7443472470935727568
== email unique n=16384 valuesFor: ordered vs btree-map
A 41.02 per op, B 136.4 per op
difference +69.93% [+69.56%, +70.20%] at 95% confidence
noise floor 0.518%, autocorrelation -0.023
resolved: A is faster than B
  warning: the program holds 43 MB of live data, more than the caches of many machines; for data that size, where it lies in memory can shift the result by several points in ways the interval does not cover, and differently in the next process; run the comparison in several processes with the multiproc package

== email unique n=16384 valuesBetween: ordered vs btree-map
A 1791 per op, B 556.4 per op
difference -221.84% [-225.48%, -217.61%] at 95% confidence
noise floor 0.484%, autocorrelation +0.021
resolved: A is slower than B
  warning: the program holds 37 MB of live data, more than the caches of many machines; for data that size, where it lies in memory can shift the result by several points in ways the interval does not cover, and differently in the next process; run the comparison in several processes with the multiproc package

== email unique n=16384 prefix: ordered vs btree-map
A 71.75 per op, B 140.7 per op
difference +49.02% [+48.34%, +49.77%] at 95% confidence
noise floor 0.745%, autocorrelation -0.014
resolved: A is faster than B
  warning: the program holds 37 MB of live data, more than the caches of many machines; for data that size, where it lies in memory can shift the result by several points in ways the interval does not cover, and differently in the next process; run the comparison in several processes with the multiproc package

== email unique n=16384 churn and build: ordered vs btree-map
steady state, per insertion or deletion in a structure of 16384 elements (cycle of 32768 operations, first pass untimed):
  A 94.66 per op, B 207.9 per op
  difference +54.47% [+53.78%, +55.92%] at 95% confidence
  noise floor 0.668%, autocorrelation +0.076
  resolved: A is faster than B
    warning: the program holds 41 MB of live data, more than the caches of many machines; for data that size, where it lies in memory can shift the result by several points in ways the interval does not cover, and differently in the next process; run the comparison in several processes with the multiproc package

build from empty to 16384 elements, per whole build (49152 operations):
  A 4.584e+06 per op, B 9.304e+06 per op
  difference +50.74% [+49.04%, +51.48%] at 95% confidence
  noise floor 1.608%, autocorrelation +0.122
  resolved: A is faster than B
    warning: the program holds 37 MB of live data, more than the caches of many machines; for data that size, where it lies in memory can shift the result by several points in ways the interval does not cover, and differently in the next process; run the comparison in several processes with the multiproc package
    warning: candidate B drifted during the run, shifting +3.87% from its first half to its second; the machine did not hold still

checksum 16970474166835090480
