== url unique n=16384 valuesFor: ordered vs btree-map
A 101.8 per op, B 172.4 per op
difference +40.98% [+40.35%, +41.52%] at 95% confidence
noise floor 1.368%, autocorrelation +0.576, resampled in blocks of 3
resolved: A is faster than B
  warning: the program holds 52 MB of live data, more than the caches of many machines; for data that size, where it lies in memory can shift the result by several points in ways the interval does not cover, and differently in the next process; run the comparison in several processes with the multiproc package

== url unique n=16384 valuesBetween: ordered vs btree-map
A 3027 per op, B 754.7 per op
difference -301.14% [-308.74%, -288.26%] at 95% confidence
noise floor 0.569%, autocorrelation -0.023
resolved: A is slower than B
  warning: the program holds 52 MB of live data, more than the caches of many machines; for data that size, where it lies in memory can shift the result by several points in ways the interval does not cover, and differently in the next process; run the comparison in several processes with the multiproc package

== url unique n=16384 prefix: ordered vs btree-map
A 236.2 per op, B 210.3 per op
difference -12.29% [-17.00%, -9.01%] at 95% confidence
noise floor 1.047%, autocorrelation +0.143
resolved: A is slower than B
  warning: the program holds 52 MB of live data, more than the caches of many machines; for data that size, where it lies in memory can shift the result by several points in ways the interval does not cover, and differently in the next process; run the comparison in several processes with the multiproc package

== url unique n=16384 churn and build: ordered vs btree-map
steady state, per insertion or deletion in a structure of 16384 elements (cycle of 32768 operations, first pass untimed):
  A 246.5 per op, B 258.8 per op
  difference +4.76% [+1.37%, +12.06%] at 95% confidence
  noise floor 1.944%, autocorrelation +0.294, resampled in blocks of 3
  resolved: A is faster than B
    warning: the program holds 58 MB of live data, more than the caches of many machines; for data that size, where it lies in memory can shift the result by several points in ways the interval does not cover, and differently in the next process; run the comparison in several processes with the multiproc package

build from empty to 16384 elements, per whole build (49152 operations):
  A 9.612e+06 per op, B 1.16e+07 per op
  difference +17.16% [+15.38%, +18.40%] at 95% confidence
  noise floor 1.712%, autocorrelation +0.152
  resolved: A is faster than B
    warning: the program holds 52 MB of live data, more than the caches of many machines; for data that size, where it lies in memory can shift the result by several points in ways the interval does not cover, and differently in the next process; run the comparison in several processes with the multiproc package

checksum 13412668046909177248
== url unique n=16384 valuesFor: ordered vs btree-map
A 98.04 per op, B 170.9 per op
difference +42.65% [+41.80%, +43.89%] at 95% confidence
noise floor 0.847%, autocorrelation +0.690, resampled in blocks of 3
resolved: A is faster than B
  warning: the program holds 54 MB of live data, more than the caches of many machines; for data that size, where it lies in memory can shift the result by several points in ways the interval does not cover, and differently in the next process; run the comparison in several processes with the multiproc package

== url unique n=16384 valuesBetween: ordered vs btree-map
A 2988 per op, B 739 per op
difference -304.30% [-309.83%, -297.82%] at 95% confidence
noise floor 1.281%, autocorrelation -0.026
resolved: A is slower than B
  warning: the program holds 55 MB of live data, more than the caches of many machines; for data that size, where it lies in memory can shift the result by several points in ways the interval does not cover, and differently in the next process; run the comparison in several processes with the multiproc package

== url unique n=16384 prefix: ordered vs btree-map
A 235.8 per op, B 211.4 per op
difference -11.56% [-13.93%, -8.09%] at 95% confidence
noise floor 0.881%, autocorrelation +0.405, resampled in blocks of 3
resolved: A is slower than B
  warning: the program holds 55 MB of live data, more than the caches of many machines; for data that size, where it lies in memory can shift the result by several points in ways the interval does not cover, and differently in the next process; run the comparison in several processes with the multiproc package

== url unique n=16384 churn and build: ordered vs btree-map
steady state, per insertion or deletion in a structure of 16384 elements (cycle of 32768 operations, first pass untimed):
  A 246 per op, B 264.3 per op
  difference +6.96% [+1.39%, +10.28%] at 95% confidence
  noise floor 3.430%, autocorrelation -0.036
  resolved: A is faster than B
    warning: the program holds 61 MB of live data, more than the caches of many machines; for data that size, where it lies in memory can shift the result by several points in ways the interval does not cover, and differently in the next process; run the comparison in several processes with the multiproc package

build from empty to 16384 elements, per whole build (49152 operations):
  A 9.97e+06 per op, B 1.153e+07 per op
  difference +13.50% [+12.54%, +15.46%] at 95% confidence
  noise floor 3.949%, autocorrelation +0.318, resampled in blocks of 3
  resolved: A is faster than B
    warning: the program holds 55 MB of live data, more than the caches of many machines; for data that size, where it lies in memory can shift the result by several points in ways the interval does not cover, and differently in the next process; run the comparison in several processes with the multiproc package
    warning: in 50% of A/A runs this setup reported a difference between identical code, well above the 10% expected; treat any confidence from it with suspicion

checksum 12850535654531947600
== url unique n=16384 valuesFor: ordered vs btree-map
A 102.2 per op, B 171.7 per op
difference +40.47% [+39.87%, +41.80%] at 95% confidence
noise floor 0.708%, autocorrelation +0.753, resampled in blocks of 3
resolved: A is faster than B
  warning: the program holds 65 MB of live data, more than the caches of many machines; for data that size, where it lies in memory can shift the result by several points in ways the interval does not cover, and differently in the next process; run the comparison in several processes with the multiproc package
  warning: in 50% of A/A runs this setup reported a difference between identical code, well above the 10% expected; treat any confidence from it with suspicion

== url unique n=16384 valuesBetween: ordered vs btree-map
A 3011 per op, B 744.8 per op
difference -304.27% [-309.31%, -300.83%] at 95% confidence
noise floor 1.419%, autocorrelation +0.312, resampled in blocks of 3
resolved: A is slower than B
  warning: the program holds 60 MB of live data, more than the caches of many machines; for data that size, where it lies in memory can shift the result by several points in ways the interval does not cover, and differently in the next process; run the comparison in several processes with the multiproc package

== url unique n=16384 prefix: ordered vs btree-map
A 243.6 per op, B 211.3 per op
difference -15.32% [-18.09%, -10.25%] at 95% confidence
noise floor 1.096%, autocorrelation -0.394
resolved: A is slower than B
  warning: the program holds 60 MB of live data, more than the caches of many machines; for data that size, where it lies in memory can shift the result by several points in ways the interval does not cover, and differently in the next process; run the comparison in several processes with the multiproc package

== url unique n=16384 churn and build: ordered vs btree-map
steady state, per insertion or deletion in a structure of 16384 elements (cycle of 32768 operations, first pass untimed):
  A 233.9 per op, B 259.8 per op
  difference +9.97% [+7.73%, +11.67%] at 95% confidence
  noise floor 1.838%, autocorrelation +0.166
  resolved: A is faster than B
    warning: the program holds 66 MB of live data, more than the caches of many machines; for data that size, where it lies in memory can shift the result by several points in ways the interval does not cover, and differently in the next process; run the comparison in several processes with the multiproc package

build from empty to 16384 elements, per whole build (49152 operations):
  A 9.66e+06 per op, B 1.146e+07 per op
  difference +15.74% [+13.94%, +16.54%] at 95% confidence
  noise floor 1.547%, autocorrelation +0.349, resampled in blocks of 3
  resolved: A is faster than B
    warning: the program holds 60 MB of live data, more than the caches of many machines; for data that size, where it lies in memory can shift the result by several points in ways the interval does not cover, and differently in the next process; run the comparison in several processes with the multiproc package

checksum 17058348243604891776
== url unique n=16384 valuesFor: ordered vs btree-map
A 99.1 per op, B 171.2 per op
difference +42.11% [+40.78%, +43.36%] at 95% confidence
noise floor 1.055%, autocorrelation -0.095
resolved: A is faster than B
  warning: the program holds 62 MB of live data, more than the caches of many machines; for data that size, where it lies in memory can shift the result by several points in ways the interval does not cover, and differently in the next process; run the comparison in several processes with the multiproc package

== url unique n=16384 valuesBetween: ordered vs btree-map
A 3006 per op, B 739.9 per op
difference -306.27% [-313.11%, -296.68%] at 95% confidence
noise floor 1.057%, autocorrelation +0.014
resolved: A is slower than B
  warning: the program holds 57 MB of live data, more than the caches of many machines; for data that size, where it lies in memory can shift the result by several points in ways the interval does not cover, and differently in the next process; run the comparison in several processes with the multiproc package

== url unique n=16384 prefix: ordered vs btree-map
A 228.8 per op, B 205 per op
difference -11.62% [-14.57%, -8.86%] at 95% confidence
noise floor 0.963%, autocorrelation +0.112
resolved: A is slower than B
  warning: the program holds 57 MB of live data, more than the caches of many machines; for data that size, where it lies in memory can shift the result by several points in ways the interval does not cover, and differently in the next process; run the comparison in several processes with the multiproc package

== url unique n=16384 churn and build: ordered vs btree-map
steady state, per insertion or deletion in a structure of 16384 elements (cycle of 32768 operations, first pass untimed):
  A 235.1 per op, B 259 per op
  difference +9.21% [+6.12%, +12.35%] at 95% confidence
  noise floor 1.895%, autocorrelation -0.077
  resolved: A is faster than B
    warning: the program holds 63 MB of live data, more than the caches of many machines; for data that size, where it lies in memory can shift the result by several points in ways the interval does not cover, and differently in the next process; run the comparison in several processes with the multiproc package

build from empty to 16384 elements, per whole build (49152 operations):
  A 9.943e+06 per op, B 1.191e+07 per op
  difference +16.51% [+11.55%, +19.07%] at 95% confidence
  noise floor 1.098%, autocorrelation +0.326, resampled in blocks of 3
  resolved: A is faster than B
    warning: the program holds 57 MB of live data, more than the caches of many machines; for data that size, where it lies in memory can shift the result by several points in ways the interval does not cover, and differently in the next process; run the comparison in several processes with the multiproc package

checksum 2795847734956996000
== url unique n=16384 valuesFor: ordered vs btree-map
A 101.2 per op, B 172.8 per op
difference +41.45% [+40.14%, +43.16%] at 95% confidence
noise floor 1.290%, autocorrelation +0.124
resolved: A is faster than B
  warning: the program holds 67 MB of live data, more than the caches of many machines; for data that size, where it lies in memory can shift the result by several points in ways the interval does not cover, and differently in the next process; run the comparison in several processes with the multiproc package

== url unique n=16384 valuesBetween: ordered vs btree-map
A 3055 per op, B 768.6 per op
difference -297.42% [-305.36%, -290.57%] at 95% confidence
noise floor 1.589%, autocorrelation -0.047
resolved: A is slower than B
  warning: the program holds 62 MB of live data, more than the caches of many machines; for data that size, where it lies in memory can shift the result by several points in ways the interval does not cover, and differently in the next process; run the comparison in several processes with the multiproc package
  warning: in 50% of A/A runs this setup reported a difference between identical code, well above the 10% expected; treat any confidence from it with suspicion

== url unique n=16384 prefix: ordered vs btree-map
A 231 per op, B 208.6 per op
difference -10.72% [-13.16%, -8.93%] at 95% confidence
noise floor 1.263%, autocorrelation +0.692, resampled in blocks of 3
resolved: A is slower than B
  warning: the program holds 62 MB of live data, more than the caches of many machines; for data that size, where it lies in memory can shift the result by several points in ways the interval does not cover, and differently in the next process; run the comparison in several processes with the multiproc package

== url unique n=16384 churn and build: ordered vs btree-map
steady state, per insertion or deletion in a structure of 16384 elements (cycle of 32768 operations, first pass untimed):
  A 237.5 per op, B 261.9 per op
  difference +9.30% [+4.60%, +13.89%] at 95% confidence
  noise floor 3.760%, autocorrelation -0.038
  resolved: A is faster than B
    warning: the program holds 68 MB of live data, more than the caches of many machines; for data that size, where it lies in memory can shift the result by several points in ways the interval does not cover, and differently in the next process; run the comparison in several processes with the multiproc package
    warning: in 50% of A/A runs this setup reported a difference between identical code, well above the 10% expected; treat any confidence from it with suspicion

build from empty to 16384 elements, per whole build (49152 operations):
  A 9.787e+06 per op, B 1.154e+07 per op
  difference +15.19% [+8.59%, +18.73%] at 95% confidence
  noise floor 2.991%, autocorrelation +0.285, resampled in blocks of 3
  resolved: A is faster than B
    warning: the program holds 62 MB of live data, more than the caches of many machines; for data that size, where it lies in memory can shift the result by several points in ways the interval does not cover, and differently in the next process; run the comparison in several processes with the multiproc package
    warning: in 50% of A/A runs this setup reported a difference between identical code, well above the 10% expected; treat any confidence from it with suspicion

checksum 2700973515886525008
== url unique n=16384 valuesFor: ordered vs btree-map
A 98.82 per op, B 171.5 per op
difference +42.38% [+41.52%, +43.21%] at 95% confidence
noise floor 1.214%, autocorrelation -0.022
resolved: A is faster than B
  warning: the program holds 57 MB of live data, more than the caches of many machines; for data that size, where it lies in memory can shift the result by several points in ways the interval does not cover, and differently in the next process; run the comparison in several processes with the multiproc package

== url unique n=16384 valuesBetween: ordered vs btree-map
A 3033 per op, B 789.2 per op
difference -284.31% [-293.53%, -278.45%] at 95% confidence
noise floor 0.614%, autocorrelation -0.108
resolved: A is slower than B
  warning: the program holds 57 MB of live data, more than the caches of many machines; for data that size, where it lies in memory can shift the result by several points in ways the interval does not cover, and differently in the next process; run the comparison in several processes with the multiproc package

== url unique n=16384 prefix: ordered vs btree-map
A 233.1 per op, B 207.1 per op
difference -12.57% [-15.55%, -7.50%] at 95% confidence
noise floor 1.006%, autocorrelation -0.041
resolved: A is slower than B
  warning: the program holds 57 MB of live data, more than the caches of many machines; for data that size, where it lies in memory can shift the result by several points in ways the interval does not cover, and differently in the next process; run the comparison in several processes with the multiproc package

== url unique n=16384 churn and build: ordered vs btree-map
steady state, per insertion or deletion in a structure of 16384 elements (cycle of 32768 operations, first pass untimed):
  A 248 per op, B 267.6 per op
  difference +7.31% [-1.43%, +9.88%] at 95% confidence
  noise floor 4.284%, autocorrelation +0.359, resampled in blocks of 3
  not resolved: this run did not establish a difference
    warning: the interval [-1.43%, 9.88%] includes zero, so a difference in either direction is consistent with these measurements
    warning: the program holds 63 MB of live data, more than the caches of many machines; for data that size, where it lies in memory can shift the result by several points in ways the interval does not cover, and differently in the next process; run the comparison in several processes with the multiproc package
    warning: candidate A drifted during the run, shifting +16.83% from its first half to its second; the machine did not hold still

build from empty to 16384 elements, per whole build (49152 operations):
  A 9.826e+06 per op, B 1.153e+07 per op
  difference +14.81% [+12.70%, +17.38%] at 95% confidence
  noise floor 1.650%, autocorrelation +0.222, resampled in blocks of 3
  resolved: A is faster than B
    warning: the program holds 57 MB of live data, more than the caches of many machines; for data that size, where it lies in memory can shift the result by several points in ways the interval does not cover, and differently in the next process; run the comparison in several processes with the multiproc package
    warning: in 50% of A/A runs this setup reported a difference between identical code, well above the 10% expected; treat any confidence from it with suspicion

checksum 10514842965462927776
