== u64 multi n=1048576 valuesFor: ordered vs hashed
A 209.4 per op, B 210.4 per op
difference +0.50% [-1.73%, +1.99%] at 95% confidence
noise floor 1.168%, autocorrelation +0.066
not resolved: this run did not establish a difference
  warning: the difference of 0.50% does not clear the 1.17% noise floor, which is what this setup reports between two runs of identical code
  warning: the interval [-1.73%, 1.99%] includes zero, so a difference in either direction is consistent with these measurements
  warning: the program holds 1909 MB of live data, more than the caches of many machines; for data that size, where it lies in memory can shift the result by several points in ways the interval does not cover, and differently in the next process; run the comparison in several processes with the multiproc package

== u64 multi n=1048576 valuesFor: ordered vs btree-sets
A 252 per op, B 1021 per op
difference +75.32% [+72.33%, +77.43%] at 95% confidence
noise floor 1.154%, autocorrelation +0.360, resampled in blocks of 3
resolved: A is faster than B
  warning: the program holds 1909 MB of live data, more than the caches of many machines; for data that size, where it lies in memory can shift the result by several points in ways the interval does not cover, and differently in the next process; run the comparison in several processes with the multiproc package
  warning: candidate A drifted during the run, shifting -17.93% from its first half to its second; the machine did not hold still
  warning: candidate B drifted during the run, shifting -9.54% from its first half to its second; the machine did not hold still
  warning: the ratio B/A shifted +7.17% from the first half of the run to the second, so the candidates had not reached a steady state and the difference depends on how long the run was; a common cause is a head start for whichever candidate ran alone last before the comparison or had its data built last, which a longer CollectOptions.WarmupDuration removes

== u64 multi n=1048576 valuesFor: ordered vs map-sets
A 222.5 per op, B 485.1 per op
difference +54.14% [+53.05%, +55.34%] at 95% confidence
noise floor 1.049%, autocorrelation +0.007
resolved: A is faster than B
  warning: the program holds 1909 MB of live data, more than the caches of many machines; for data that size, where it lies in memory can shift the result by several points in ways the interval does not cover, and differently in the next process; run the comparison in several processes with the multiproc package

== u64 multi n=1048576 valuesBetween: ordered vs btree-sets
A 9517 per op, B 3.154e+04 per op
difference +69.82% [+69.15%, +70.28%] at 95% confidence
noise floor 0.871%, autocorrelation -0.010
resolved: A is faster than B
  warning: the program holds 1909 MB of live data, more than the caches of many machines; for data that size, where it lies in memory can shift the result by several points in ways the interval does not cover, and differently in the next process; run the comparison in several processes with the multiproc package

== u64 multi n=1048576 churn and build: ordered vs hashed
steady state, per insertion or deletion in a structure of 6351293 elements (cycle of 12702586 operations, first pass untimed):
  A 446.1 per op, B 431.3 per op
  difference -3.42% [-13.88%, +14.15%] at 95% confidence
  noise floor 1.833%, autocorrelation +0.018
  not resolved: this run did not establish a difference
    warning: the interval [-13.88%, 14.15%] includes zero, so a difference in either direction is consistent with these measurements
    warning: the program holds 2931 MB of live data, more than the caches of many machines; for data that size, where it lies in memory can shift the result by several points in ways the interval does not cover, and differently in the next process; run the comparison in several processes with the multiproc package

== u64 multi n=1048576 churn and build: ordered vs btree-sets
steady state, per insertion or deletion in a structure of 6351293 elements (cycle of 12702586 operations, first pass untimed):
  A 525.5 per op, B 1380 per op
  difference +61.91% [+61.29%, +62.51%] at 95% confidence
  noise floor 1.051%, autocorrelation +0.545, resampled in blocks of 3
  resolved: A is faster than B
    warning: the program holds 3172 MB of live data, more than the caches of many machines; for data that size, where it lies in memory can shift the result by several points in ways the interval does not cover, and differently in the next process; run the comparison in several processes with the multiproc package

== u64 multi n=1048576 churn and build: ordered vs map-sets
steady state, per insertion or deletion in a structure of 6351293 elements (cycle of 12702586 operations, first pass untimed):
  A 481.4 per op, B 474.1 per op
  difference -1.53% [-4.07%, +2.74%] at 95% confidence
  noise floor 1.448%, autocorrelation -0.104
  not resolved: this run did not establish a difference
    warning: the interval [-4.07%, 2.74%] includes zero, so a difference in either direction is consistent with these measurements
    warning: the program holds 3123 MB of live data, more than the caches of many machines; for data that size, where it lies in memory can shift the result by several points in ways the interval does not cover, and differently in the next process; run the comparison in several processes with the multiproc package

checksum 7393730488336552336
== u64 multi n=1048576 valuesFor: ordered vs hashed
A 225 per op, B 221 per op
difference -1.77% [-3.84%, +1.58%] at 95% confidence
noise floor 1.300%, autocorrelation +0.091
not resolved: this run did not establish a difference
  warning: the interval [-3.84%, 1.58%] includes zero, so a difference in either direction is consistent with these measurements
  warning: the program holds 2199 MB of live data, more than the caches of many machines; for data that size, where it lies in memory can shift the result by several points in ways the interval does not cover, and differently in the next process; run the comparison in several processes with the multiproc package

== u64 multi n=1048576 valuesFor: ordered vs btree-sets
A 242.2 per op, B 1013 per op
difference +76.09% [+75.15%, +77.50%] at 95% confidence
noise floor 1.737%, autocorrelation +0.616, resampled in blocks of 3
resolved: A is faster than B
  warning: the program holds 2199 MB of live data, more than the caches of many machines; for data that size, where it lies in memory can shift the result by several points in ways the interval does not cover, and differently in the next process; run the comparison in several processes with the multiproc package
  warning: candidate A drifted during the run, shifting +4.99% from its first half to its second; the machine did not hold still
  warning: candidate B drifted during the run, shifting +5.69% from its first half to its second; the machine did not hold still

== u64 multi n=1048576 valuesFor: ordered vs map-sets
A 209.7 per op, B 481.8 per op
difference +56.48% [+55.69%, +57.34%] at 95% confidence
noise floor 0.712%, autocorrelation +0.190
resolved: A is faster than B
  warning: the program holds 2199 MB of live data, more than the caches of many machines; for data that size, where it lies in memory can shift the result by several points in ways the interval does not cover, and differently in the next process; run the comparison in several processes with the multiproc package

== u64 multi n=1048576 valuesBetween: ordered vs btree-sets
A 8872 per op, B 3.05e+04 per op
difference +70.91% [+70.42%, +71.53%] at 95% confidence
noise floor 0.784%, autocorrelation +0.464, resampled in blocks of 3
resolved: A is faster than B
  warning: the program holds 2199 MB of live data, more than the caches of many machines; for data that size, where it lies in memory can shift the result by several points in ways the interval does not cover, and differently in the next process; run the comparison in several processes with the multiproc package

== u64 multi n=1048576 churn and build: ordered vs hashed
steady state, per insertion or deletion in a structure of 6351293 elements (cycle of 12702586 operations, first pass untimed):
  A 461.4 per op, B 443.2 per op
  difference -4.11% [-12.81%, +7.00%] at 95% confidence
  noise floor 7.143%, autocorrelation -0.402
  not resolved: this run did not establish a difference
    warning: the difference of -4.11% does not clear the 7.14% noise floor, which is what this setup reports between two runs of identical code
    warning: the interval [-12.81%, 7.00%] includes zero, so a difference in either direction is consistent with these measurements
    warning: the program holds 2956 MB of live data, more than the caches of many machines; for data that size, where it lies in memory can shift the result by several points in ways the interval does not cover, and differently in the next process; run the comparison in several processes with the multiproc package

== u64 multi n=1048576 churn and build: ordered vs btree-sets
steady state, per insertion or deletion in a structure of 6351293 elements (cycle of 12702586 operations, first pass untimed):
  A 534.2 per op, B 1427 per op
  difference +62.56% [+61.82%, +63.03%] at 95% confidence
  noise floor 1.872%, autocorrelation +0.722, resampled in blocks of 3
  resolved: A is faster than B
    warning: the program holds 3221 MB of live data, more than the caches of many machines; for data that size, where it lies in memory can shift the result by several points in ways the interval does not cover, and differently in the next process; run the comparison in several processes with the multiproc package

== u64 multi n=1048576 churn and build: ordered vs map-sets
steady state, per insertion or deletion in a structure of 6351293 elements (cycle of 12702586 operations, first pass untimed):
  A 447 per op, B 508.6 per op
  difference +12.12% [+9.86%, +14.69%] at 95% confidence
  noise floor 0.703%, autocorrelation +0.292, resampled in blocks of 3
  resolved: A is faster than B
    warning: the program holds 3208 MB of live data, more than the caches of many machines; for data that size, where it lies in memory can shift the result by several points in ways the interval does not cover, and differently in the next process; run the comparison in several processes with the multiproc package
    warning: candidate A drifted during the run, shifting -5.17% from its first half to its second; the machine did not hold still
    warning: candidate B drifted during the run, shifting -3.84% from its first half to its second; the machine did not hold still

checksum 14369074674283286128
== u64 multi n=1048576 valuesFor: ordered vs hashed
A 211.7 per op, B 209.9 per op
difference -0.83% [-2.11%, +1.21%] at 95% confidence
noise floor 1.165%, autocorrelation +0.351, resampled in blocks of 3
not resolved: this run did not establish a difference
  warning: the difference of -0.83% does not clear the 1.17% noise floor, which is what this setup reports between two runs of identical code
  warning: the interval [-2.11%, 1.21%] includes zero, so a difference in either direction is consistent with these measurements
  warning: the program holds 1569 MB of live data, more than the caches of many machines; for data that size, where it lies in memory can shift the result by several points in ways the interval does not cover, and differently in the next process; run the comparison in several processes with the multiproc package

== u64 multi n=1048576 valuesFor: ordered vs btree-sets
A 241.7 per op, B 993.5 per op
difference +75.67% [+74.92%, +76.05%] at 95% confidence
noise floor 1.848%, autocorrelation +0.675, resampled in blocks of 3
resolved: A is faster than B
  warning: the program holds 1569 MB of live data, more than the caches of many machines; for data that size, where it lies in memory can shift the result by several points in ways the interval does not cover, and differently in the next process; run the comparison in several processes with the multiproc package
  warning: candidate B drifted during the run, shifting -3.79% from its first half to its second; the machine did not hold still

== u64 multi n=1048576 valuesFor: ordered vs map-sets
A 216.3 per op, B 482.5 per op
difference +55.17% [+54.54%, +56.16%] at 95% confidence
noise floor 0.777%, autocorrelation +0.674, resampled in blocks of 3
resolved: A is faster than B
  warning: the program holds 1569 MB of live data, more than the caches of many machines; for data that size, where it lies in memory can shift the result by several points in ways the interval does not cover, and differently in the next process; run the comparison in several processes with the multiproc package

== u64 multi n=1048576 valuesBetween: ordered vs btree-sets
A 1.047e+04 per op, B 3.306e+04 per op
difference +68.32% [+66.81%, +70.49%] at 95% confidence
noise floor 1.169%, autocorrelation +0.103
resolved: A is faster than B
  warning: the program holds 1569 MB of live data, more than the caches of many machines; for data that size, where it lies in memory can shift the result by several points in ways the interval does not cover, and differently in the next process; run the comparison in several processes with the multiproc package
  warning: candidate A drifted during the run, shifting -8.98% from its first half to its second; the machine did not hold still
  warning: candidate B drifted during the run, shifting -9.45% from its first half to its second; the machine did not hold still

== u64 multi n=1048576 churn and build: ordered vs hashed
steady state, per insertion or deletion in a structure of 6351293 elements (cycle of 12702586 operations, first pass untimed):
  A 504.4 per op, B 486.1 per op
  difference -3.77% [-7.63%, +1.07%] at 95% confidence
  noise floor 2.682%, autocorrelation -0.222
  not resolved: this run did not establish a difference
    warning: the interval [-7.63%, 1.07%] includes zero, so a difference in either direction is consistent with these measurements
    warning: the program holds 2400 MB of live data, more than the caches of many machines; for data that size, where it lies in memory can shift the result by several points in ways the interval does not cover, and differently in the next process; run the comparison in several processes with the multiproc package
    warning: candidate A drifted during the run, shifting -9.31% from its first half to its second; the machine did not hold still

== u64 multi n=1048576 churn and build: ordered vs btree-sets
steady state, per insertion or deletion in a structure of 6351293 elements (cycle of 12702586 operations, first pass untimed):
  A 555.4 per op, B 1428 per op
  difference +61.11% [+60.34%, +62.15%] at 95% confidence
  noise floor 0.582%, autocorrelation +0.636, resampled in blocks of 3
  resolved: A is faster than B
    warning: the program holds 3351 MB of live data, more than the caches of many machines; for data that size, where it lies in memory can shift the result by several points in ways the interval does not cover, and differently in the next process; run the comparison in several processes with the multiproc package
    warning: candidate B drifted during the run, shifting -1.97% from its first half to its second; the machine did not hold still

== u64 multi n=1048576 churn and build: ordered vs map-sets
steady state, per insertion or deletion in a structure of 6351293 elements (cycle of 12702586 operations, first pass untimed):
  A 538.2 per op, B 509 per op
  difference -5.75% [-9.25%, -0.67%] at 95% confidence
  noise floor 1.727%, autocorrelation -0.094
  resolved: A is slower than B
    warning: the program holds 3365 MB of live data, more than the caches of many machines; for data that size, where it lies in memory can shift the result by several points in ways the interval does not cover, and differently in the next process; run the comparison in several processes with the multiproc package

checksum 2361044934729278576
== u64 multi n=1048576 valuesFor: ordered vs hashed
A 209.9 per op, B 211.1 per op
difference +0.55% [-1.69%, +3.86%] at 95% confidence
noise floor 2.310%, autocorrelation +0.053
not resolved: this run did not establish a difference
  warning: the difference of 0.55% does not clear the 2.31% noise floor, which is what this setup reports between two runs of identical code
  warning: the interval [-1.69%, 3.86%] includes zero, so a difference in either direction is consistent with these measurements
  warning: the program holds 1528 MB of live data, more than the caches of many machines; for data that size, where it lies in memory can shift the result by several points in ways the interval does not cover, and differently in the next process; run the comparison in several processes with the multiproc package

== u64 multi n=1048576 valuesFor: ordered vs btree-sets
A 234.2 per op, B 968.6 per op
difference +75.82% [+75.09%, +76.08%] at 95% confidence
noise floor 1.283%, autocorrelation +0.338, resampled in blocks of 3
resolved: A is faster than B
  warning: the program holds 1528 MB of live data, more than the caches of many machines; for data that size, where it lies in memory can shift the result by several points in ways the interval does not cover, and differently in the next process; run the comparison in several processes with the multiproc package

== u64 multi n=1048576 valuesFor: ordered vs map-sets
A 219.4 per op, B 495.2 per op
difference +55.69% [+54.87%, +56.29%] at 95% confidence
noise floor 1.581%, autocorrelation +0.216, resampled in blocks of 3
resolved: A is faster than B
  warning: the program holds 1528 MB of live data, more than the caches of many machines; for data that size, where it lies in memory can shift the result by several points in ways the interval does not cover, and differently in the next process; run the comparison in several processes with the multiproc package

== u64 multi n=1048576 valuesBetween: ordered vs btree-sets
A 8915 per op, B 2.992e+04 per op
difference +70.20% [+69.69%, +70.54%] at 95% confidence
noise floor 1.268%, autocorrelation +0.183
resolved: A is faster than B
  warning: the program holds 1528 MB of live data, more than the caches of many machines; for data that size, where it lies in memory can shift the result by several points in ways the interval does not cover, and differently in the next process; run the comparison in several processes with the multiproc package

== u64 multi n=1048576 churn and build: ordered vs hashed
steady state, per insertion or deletion in a structure of 6351293 elements (cycle of 12702586 operations, first pass untimed):
  A 487.3 per op, B 444.5 per op
  difference -9.65% [-20.68%, -0.53%] at 95% confidence
  noise floor 2.959%, autocorrelation -0.348
  resolved: A is slower than B
    warning: the program holds 2397 MB of live data, more than the caches of many machines; for data that size, where it lies in memory can shift the result by several points in ways the interval does not cover, and differently in the next process; run the comparison in several processes with the multiproc package

== u64 multi n=1048576 churn and build: ordered vs btree-sets
steady state, per insertion or deletion in a structure of 6351293 elements (cycle of 12702586 operations, first pass untimed):
  A 551.3 per op, B 1430 per op
  difference +61.44% [+61.03%, +61.85%] at 95% confidence
  noise floor 1.488%, autocorrelation +0.395, resampled in blocks of 3
  resolved: A is faster than B
    warning: the program holds 3339 MB of live data, more than the caches of many machines; for data that size, where it lies in memory can shift the result by several points in ways the interval does not cover, and differently in the next process; run the comparison in several processes with the multiproc package

== u64 multi n=1048576 churn and build: ordered vs map-sets
steady state, per insertion or deletion in a structure of 6351293 elements (cycle of 12702586 operations, first pass untimed):
  A 572.7 per op, B 532.6 per op
  difference -7.51% [-10.83%, -5.22%] at 95% confidence
  noise floor 1.688%, autocorrelation -0.187
  resolved: A is slower than B
    warning: the program holds 3337 MB of live data, more than the caches of many machines; for data that size, where it lies in memory can shift the result by several points in ways the interval does not cover, and differently in the next process; run the comparison in several processes with the multiproc package
    warning: candidate A drifted during the run, shifting -4.81% from its first half to its second; the machine did not hold still
    warning: in 50% of A/A runs this setup reported a difference between identical code, well above the 10% expected; treat any confidence from it with suspicion

checksum 9079579361591788160
== u64 multi n=1048576 valuesFor: ordered vs hashed
A 209.5 per op, B 211.3 per op
difference +0.84% [-1.53%, +2.47%] at 95% confidence
noise floor 2.041%, autocorrelation +0.115
not resolved: this run did not establish a difference
  warning: the difference of 0.84% does not clear the 2.04% noise floor, which is what this setup reports between two runs of identical code
  warning: the interval [-1.53%, 2.47%] includes zero, so a difference in either direction is consistent with these measurements
  warning: the program holds 1553 MB of live data, more than the caches of many machines; for data that size, where it lies in memory can shift the result by several points in ways the interval does not cover, and differently in the next process; run the comparison in several processes with the multiproc package

== u64 multi n=1048576 valuesFor: ordered vs btree-sets
A 246.6 per op, B 1007 per op
difference +75.50% [+74.87%, +75.91%] at 95% confidence
noise floor 1.526%, autocorrelation +0.156
resolved: A is faster than B
  warning: the program holds 1553 MB of live data, more than the caches of many machines; for data that size, where it lies in memory can shift the result by several points in ways the interval does not cover, and differently in the next process; run the comparison in several processes with the multiproc package
  warning: candidate A drifted during the run, shifting +2.66% from its first half to its second; the machine did not hold still
  warning: candidate B drifted during the run, shifting +4.46% from its first half to its second; the machine did not hold still

== u64 multi n=1048576 valuesFor: ordered vs map-sets
A 325.1 per op, B 677.2 per op
difference +52.00% [+50.25%, +53.38%] at 95% confidence
noise floor 1.483%, autocorrelation +0.864, resampled in blocks of 3
resolved: A is faster than B
  warning: the program holds 2297 MB of live data, more than the caches of many machines; for data that size, where it lies in memory can shift the result by several points in ways the interval does not cover, and differently in the next process; run the comparison in several processes with the multiproc package

== u64 multi n=1048576 valuesBetween: ordered vs btree-sets
A 9034 per op, B 3.013e+04 per op
difference +70.01% [+69.39%, +70.47%] at 95% confidence
noise floor 2.608%, autocorrelation +0.320, resampled in blocks of 3
resolved: A is faster than B
  warning: the program holds 2297 MB of live data, more than the caches of many machines; for data that size, where it lies in memory can shift the result by several points in ways the interval does not cover, and differently in the next process; run the comparison in several processes with the multiproc package

== u64 multi n=1048576 churn and build: ordered vs hashed
steady state, per insertion or deletion in a structure of 6351293 elements (cycle of 12702586 operations, first pass untimed):
  A 467.4 per op, B 394.9 per op
  difference -18.37% [-24.70%, -11.25%] at 95% confidence
  noise floor 1.018%, autocorrelation -0.409
  resolved: A is slower than B
    warning: the program holds 3113 MB of live data, more than the caches of many machines; for data that size, where it lies in memory can shift the result by several points in ways the interval does not cover, and differently in the next process; run the comparison in several processes with the multiproc package

== u64 multi n=1048576 churn and build: ordered vs btree-sets
steady state, per insertion or deletion in a structure of 6351293 elements (cycle of 12702586 operations, first pass untimed):
  A 606.9 per op, B 1477 per op
  difference +58.91% [+58.14%, +59.50%] at 95% confidence
  noise floor 1.462%, autocorrelation +0.768, resampled in blocks of 3
  resolved: A is faster than B
    warning: the program holds 3353 MB of live data, more than the caches of many machines; for data that size, where it lies in memory can shift the result by several points in ways the interval does not cover, and differently in the next process; run the comparison in several processes with the multiproc package

== u64 multi n=1048576 churn and build: ordered vs map-sets
steady state, per insertion or deletion in a structure of 6351293 elements (cycle of 12702586 operations, first pass untimed):
  A 621.5 per op, B 582 per op
  difference -6.78% [-11.81%, -0.97%] at 95% confidence
  noise floor 2.755%, autocorrelation -0.096
  resolved: A is slower than B
    warning: the program holds 3370 MB of live data, more than the caches of many machines; for data that size, where it lies in memory can shift the result by several points in ways the interval does not cover, and differently in the next process; run the comparison in several processes with the multiproc package
    warning: candidate A drifted during the run, shifting -9.97% from its first half to its second; the machine did not hold still
    warning: candidate B drifted during the run, shifting -9.06% from its first half to its second; the machine did not hold still
    warning: in 50% of A/A runs this setup reported a difference between identical code, well above the 10% expected; treat any confidence from it with suspicion

checksum 980116017102635712
== u64 multi n=1048576 valuesFor: ordered vs hashed
A 206.5 per op, B 211.3 per op
difference +2.28% [+0.68%, +4.10%] at 95% confidence
noise floor 1.587%, autocorrelation +0.419, resampled in blocks of 3
resolved: A is faster than B
  warning: the program holds 2104 MB of live data, more than the caches of many machines; for data that size, where it lies in memory can shift the result by several points in ways the interval does not cover, and differently in the next process; run the comparison in several processes with the multiproc package

== u64 multi n=1048576 valuesFor: ordered vs btree-sets
A 237 per op, B 1005 per op
difference +76.43% [+76.13%, +76.77%] at 95% confidence
noise floor 0.380%, autocorrelation +0.712, resampled in blocks of 3
resolved: A is faster than B
  warning: the program holds 2104 MB of live data, more than the caches of many machines; for data that size, where it lies in memory can shift the result by several points in ways the interval does not cover, and differently in the next process; run the comparison in several processes with the multiproc package
  warning: candidate A drifted during the run, shifting -0.80% from its first half to its second; the machine did not hold still
  warning: the ratio B/A shifted +2.20% from the first half of the run to the second, so the candidates had not reached a steady state and the difference depends on how long the run was; a common cause is a head start for whichever candidate ran alone last before the comparison or had its data built last, which a longer CollectOptions.WarmupDuration removes

== u64 multi n=1048576 valuesFor: ordered vs map-sets
A 208.6 per op, B 482.3 per op
difference +56.74% [+55.60%, +57.62%] at 95% confidence
noise floor 0.972%, autocorrelation +0.029
resolved: A is faster than B
  warning: the program holds 2104 MB of live data, more than the caches of many machines; for data that size, where it lies in memory can shift the result by several points in ways the interval does not cover, and differently in the next process; run the comparison in several processes with the multiproc package
  warning: in 50% of A/A runs this setup reported a difference between identical code, well above the 10% expected; treat any confidence from it with suspicion

== u64 multi n=1048576 valuesBetween: ordered vs btree-sets
A 8842 per op, B 3.001e+04 per op
difference +70.53% [+70.09%, +70.97%] at 95% confidence
noise floor 1.127%, autocorrelation +0.236, resampled in blocks of 3
resolved: A is faster than B
  warning: the program holds 2104 MB of live data, more than the caches of many machines; for data that size, where it lies in memory can shift the result by several points in ways the interval does not cover, and differently in the next process; run the comparison in several processes with the multiproc package

== u64 multi n=1048576 churn and build: ordered vs hashed
steady state, per insertion or deletion in a structure of 6351293 elements (cycle of 12702586 operations, first pass untimed):
  A 460.5 per op, B 421.1 per op
  difference -9.34% [-25.92%, +8.32%] at 95% confidence
  noise floor 4.955%, autocorrelation -0.478
  not resolved: this run did not establish a difference
    warning: the interval [-25.92%, 8.32%] includes zero, so a difference in either direction is consistent with these measurements
    warning: the program holds 3084 MB of live data, more than the caches of many machines; for data that size, where it lies in memory can shift the result by several points in ways the interval does not cover, and differently in the next process; run the comparison in several processes with the multiproc package

== u64 multi n=1048576 churn and build: ordered vs btree-sets
steady state, per insertion or deletion in a structure of 6351293 elements (cycle of 12702586 operations, first pass untimed):
  A 524.6 per op, B 1403 per op
  difference +62.61% [+61.84%, +62.94%] at 95% confidence
  noise floor 0.663%, autocorrelation +0.431, resampled in blocks of 3
  resolved: A is faster than B
    warning: the program holds 3373 MB of live data, more than the caches of many machines; for data that size, where it lies in memory can shift the result by several points in ways the interval does not cover, and differently in the next process; run the comparison in several processes with the multiproc package

== u64 multi n=1048576 churn and build: ordered vs map-sets
steady state, per insertion or deletion in a structure of 6351293 elements (cycle of 12702586 operations, first pass untimed):
  A 518 per op, B 508.7 per op
  difference -1.83% [-4.30%, +4.09%] at 95% confidence
  noise floor 1.631%, autocorrelation -0.011
  not resolved: this run did not establish a difference
    warning: the interval [-4.30%, 4.09%] includes zero, so a difference in either direction is consistent with these measurements
    warning: the program holds 3311 MB of live data, more than the caches of many machines; for data that size, where it lies in memory can shift the result by several points in ways the interval does not cover, and differently in the next process; run the comparison in several processes with the multiproc package

checksum 3397024496910699840
