== url multi n=1048576 valuesFor: ordered vs hashed
A 685.1 per op, B 247.2 per op
difference -177.13% [-179.45%, -170.29%] at 95% confidence
noise floor 1.240%, autocorrelation +0.423, resampled in blocks of 3
resolved: A is slower than B
  warning: the program holds 2029 MB of live data, more than the caches of many machines; for data that size, where it lies in memory can shift the result by several points in ways the interval does not cover, and differently in the next process; run the comparison in several processes with the multiproc package
  warning: in 50% of A/A runs this setup reported a difference between identical code, well above the 10% expected; treat any confidence from it with suspicion

== url multi n=1048576 valuesFor: ordered vs btree-sets
A 942.4 per op, B 1490 per op
difference +36.77% [+33.42%, +39.82%] at 95% confidence
noise floor 1.108%, autocorrelation +0.532, resampled in blocks of 3
resolved: A is faster than B
  warning: the program holds 2029 MB of live data, more than the caches of many machines; for data that size, where it lies in memory can shift the result by several points in ways the interval does not cover, and differently in the next process; run the comparison in several processes with the multiproc package

== url multi n=1048576 valuesFor: ordered vs map-sets
A 764.5 per op, B 526.3 per op
difference -45.28% [-48.94%, -41.15%] at 95% confidence
noise floor 1.208%, autocorrelation +0.350, resampled in blocks of 3
resolved: A is slower than B
  warning: the program holds 2029 MB of live data, more than the caches of many machines; for data that size, where it lies in memory can shift the result by several points in ways the interval does not cover, and differently in the next process; run the comparison in several processes with the multiproc package

== url multi n=1048576 valuesBetween: ordered vs btree-sets
A 1.627e+04 per op, B 3.27e+04 per op
difference +50.25% [+49.34%, +51.02%] at 95% confidence
noise floor 0.960%, autocorrelation +0.021
resolved: A is faster than B
  warning: the program holds 2029 MB of live data, more than the caches of many machines; for data that size, where it lies in memory can shift the result by several points in ways the interval does not cover, and differently in the next process; run the comparison in several processes with the multiproc package

== url multi n=1048576 prefix: ordered vs btree-sets
A 1.391e+04 per op, B 2.93e+04 per op
difference +52.52% [+39.13%, +63.10%] at 95% confidence
noise floor 5.535%, autocorrelation +0.115
resolved: A is faster than B
  warning: the program holds 2029 MB of live data, more than the caches of many machines; for data that size, where it lies in memory can shift the result by several points in ways the interval does not cover, and differently in the next process; run the comparison in several processes with the multiproc package

== url multi n=1048576 churn and build: ordered vs hashed
steady state, per insertion or deletion in a structure of 6351293 elements (cycle of 12702586 operations, first pass untimed):
  A 1061 per op, B 555.7 per op
  difference -91.00% [-95.45%, -77.55%] at 95% confidence
  noise floor 1.772%, autocorrelation +0.529, resampled in blocks of 3
  resolved: A is slower than B
    warning: the program holds 3169 MB of live data, more than the caches of many machines; for data that size, where it lies in memory can shift the result by several points in ways the interval does not cover, and differently in the next process; run the comparison in several processes with the multiproc package
    warning: in 50% of A/A runs this setup reported a difference between identical code, well above the 10% expected; treat any confidence from it with suspicion

== url multi n=1048576 churn and build: ordered vs btree-sets
steady state, per insertion or deletion in a structure of 6351293 elements (cycle of 12702586 operations, first pass untimed):
  A 1233 per op, B 1709 per op
  difference +27.88% [+25.33%, +28.64%] at 95% confidence
  noise floor 2.130%, autocorrelation +0.239, resampled in blocks of 3
  resolved: A is faster than B
    warning: the program holds 4124 MB of live data, more than the caches of many machines; for data that size, where it lies in memory can shift the result by several points in ways the interval does not cover, and differently in the next process; run the comparison in several processes with the multiproc package

== url multi n=1048576 churn and build: ordered vs map-sets
steady state, per insertion or deletion in a structure of 6351293 elements (cycle of 12702586 operations, first pass untimed):
  A 1427 per op, B 716.1 per op
  difference -99.28% [-105.66%, -94.58%] at 95% confidence
  noise floor 1.153%, autocorrelation +0.354, resampled in blocks of 3
  resolved: A is slower than B
    warning: the program holds 4136 MB of live data, more than the caches of many machines; for data that size, where it lies in memory can shift the result by several points in ways the interval does not cover, and differently in the next process; run the comparison in several processes with the multiproc package

checksum 12059674875720826160
== url multi n=1048576 valuesFor: ordered vs hashed
A 720.5 per op, B 249 per op
difference -189.33% [-195.64%, -186.16%] at 95% confidence
noise floor 2.104%, autocorrelation +0.617, resampled in blocks of 3
resolved: A is slower than B
  warning: the program holds 2401 MB of live data, more than the caches of many machines; for data that size, where it lies in memory can shift the result by several points in ways the interval does not cover, and differently in the next process; run the comparison in several processes with the multiproc package
  warning: in 50% of A/A runs this setup reported a difference between identical code, well above the 10% expected; treat any confidence from it with suspicion

== url multi n=1048576 valuesFor: ordered vs btree-sets
A 831.4 per op, B 1380 per op
difference +39.76% [+39.11%, +40.74%] at 95% confidence
noise floor 0.873%, autocorrelation +0.008
resolved: A is faster than B
  warning: the program holds 2401 MB of live data, more than the caches of many machines; for data that size, where it lies in memory can shift the result by several points in ways the interval does not cover, and differently in the next process; run the comparison in several processes with the multiproc package

== url multi n=1048576 valuesFor: ordered vs map-sets
A 737.2 per op, B 520.7 per op
difference -41.59% [-45.02%, -37.30%] at 95% confidence
noise floor 1.753%, autocorrelation +0.145
resolved: A is slower than B
  warning: the program holds 2401 MB of live data, more than the caches of many machines; for data that size, where it lies in memory can shift the result by several points in ways the interval does not cover, and differently in the next process; run the comparison in several processes with the multiproc package
  warning: in 50% of A/A runs this setup reported a difference between identical code, well above the 10% expected; treat any confidence from it with suspicion

== url multi n=1048576 valuesBetween: ordered vs btree-sets
A 1.872e+04 per op, B 3.67e+04 per op
difference +48.99% [+44.75%, +53.00%] at 95% confidence
noise floor 1.092%, autocorrelation +0.828, resampled in blocks of 3
resolved: A is faster than B
  warning: the program holds 2401 MB of live data, more than the caches of many machines; for data that size, where it lies in memory can shift the result by several points in ways the interval does not cover, and differently in the next process; run the comparison in several processes with the multiproc package
  warning: candidate A drifted during the run, shifting +16.00% from its first half to its second; the machine did not hold still
  warning: candidate B drifted during the run, shifting +10.19% from its first half to its second; the machine did not hold still

== url multi n=1048576 prefix: ordered vs btree-sets
A 1.726e+04 per op, B 3.517e+04 per op
difference +50.93% [+40.26%, +61.69%] at 95% confidence
noise floor 10.380%, autocorrelation +0.163
resolved: A is faster than B
  warning: the program holds 2401 MB of live data, more than the caches of many machines; for data that size, where it lies in memory can shift the result by several points in ways the interval does not cover, and differently in the next process; run the comparison in several processes with the multiproc package

== url multi n=1048576 churn and build: ordered vs hashed
steady state, per insertion or deletion in a structure of 6351293 elements (cycle of 12702586 operations, first pass untimed):
  A 987.4 per op, B 561.4 per op
  difference -75.89% [-84.54%, -70.85%] at 95% confidence
  noise floor 3.254%, autocorrelation +0.325, resampled in blocks of 3
  resolved: A is slower than B
    warning: the program holds 3580 MB of live data, more than the caches of many machines; for data that size, where it lies in memory can shift the result by several points in ways the interval does not cover, and differently in the next process; run the comparison in several processes with the multiproc package
    warning: in 50% of A/A runs this setup reported a difference between identical code, well above the 10% expected; treat any confidence from it with suspicion

== url multi n=1048576 churn and build: ordered vs btree-sets
steady state, per insertion or deletion in a structure of 6351293 elements (cycle of 12702586 operations, first pass untimed):
  A 1168 per op, B 1691 per op
  difference +30.90% [+29.49%, +32.24%] at 95% confidence
  noise floor 1.167%, autocorrelation +0.289, resampled in blocks of 3
  resolved: A is faster than B
    warning: the program holds 3789 MB of live data, more than the caches of many machines; for data that size, where it lies in memory can shift the result by several points in ways the interval does not cover, and differently in the next process; run the comparison in several processes with the multiproc package
    warning: candidate B drifted during the run, shifting -2.33% from its first half to its second; the machine did not hold still

== url multi n=1048576 churn and build: ordered vs map-sets
steady state, per insertion or deletion in a structure of 6351293 elements (cycle of 12702586 operations, first pass untimed):
  A 1132 per op, B 638.9 per op
  difference -77.16% [-79.69%, -74.04%] at 95% confidence
  noise floor 1.673%, autocorrelation +0.578, resampled in blocks of 3
  resolved: A is slower than B
    warning: the program holds 3676 MB of live data, more than the caches of many machines; for data that size, where it lies in memory can shift the result by several points in ways the interval does not cover, and differently in the next process; run the comparison in several processes with the multiproc package

checksum 16580803090970932432
== url multi n=1048576 valuesFor: ordered vs hashed
A 690.7 per op, B 246.7 per op
difference -179.98% [-184.00%, -171.96%] at 95% confidence
noise floor 1.966%, autocorrelation +0.803, resampled in blocks of 3
resolved: A is slower than B
  warning: the program holds 2901 MB of live data, more than the caches of many machines; for data that size, where it lies in memory can shift the result by several points in ways the interval does not cover, and differently in the next process; run the comparison in several processes with the multiproc package

== url multi n=1048576 valuesFor: ordered vs btree-sets
A 842.9 per op, B 1378 per op
difference +38.83% [+37.56%, +40.50%] at 95% confidence
noise floor 1.209%, autocorrelation +0.186
resolved: A is faster than B
  warning: the program holds 2901 MB of live data, more than the caches of many machines; for data that size, where it lies in memory can shift the result by several points in ways the interval does not cover, and differently in the next process; run the comparison in several processes with the multiproc package

== url multi n=1048576 valuesFor: ordered vs map-sets
A 726.6 per op, B 512.1 per op
difference -41.88% [-46.23%, -38.98%] at 95% confidence
noise floor 1.326%, autocorrelation +0.179
resolved: A is slower than B
  warning: the program holds 2901 MB of live data, more than the caches of many machines; for data that size, where it lies in memory can shift the result by several points in ways the interval does not cover, and differently in the next process; run the comparison in several processes with the multiproc package

== url multi n=1048576 valuesBetween: ordered vs btree-sets
A 1.654e+04 per op, B 3.305e+04 per op
difference +49.94% [+48.90%, +50.91%] at 95% confidence
noise floor 0.926%, autocorrelation +0.244, resampled in blocks of 3
resolved: A is faster than B
  warning: the program holds 2901 MB of live data, more than the caches of many machines; for data that size, where it lies in memory can shift the result by several points in ways the interval does not cover, and differently in the next process; run the comparison in several processes with the multiproc package

== url multi n=1048576 prefix: ordered vs btree-sets
A 1.627e+04 per op, B 3.322e+04 per op
difference +51.04% [+41.63%, +63.06%] at 95% confidence
noise floor 7.872%, autocorrelation +0.168
resolved: A is faster than B
  warning: the program holds 2901 MB of live data, more than the caches of many machines; for data that size, where it lies in memory can shift the result by several points in ways the interval does not cover, and differently in the next process; run the comparison in several processes with the multiproc package

== url multi n=1048576 churn and build: ordered vs hashed
steady state, per insertion or deletion in a structure of 6351293 elements (cycle of 12702586 operations, first pass untimed):
  A 1056 per op, B 519.3 per op
  difference -103.33% [-107.93%, -97.84%] at 95% confidence
  noise floor 1.364%, autocorrelation +0.164
  resolved: A is slower than B
    warning: the program holds 3884 MB of live data, more than the caches of many machines; for data that size, where it lies in memory can shift the result by several points in ways the interval does not cover, and differently in the next process; run the comparison in several processes with the multiproc package

== url multi n=1048576 churn and build: ordered vs btree-sets
steady state, per insertion or deletion in a structure of 6351293 elements (cycle of 12702586 operations, first pass untimed):
  A 1327 per op, B 1805 per op
  difference +26.46% [+25.05%, +27.66%] at 95% confidence
  noise floor 0.905%, autocorrelation +0.056
  resolved: A is faster than B
    warning: the program holds 4122 MB of live data, more than the caches of many machines; for data that size, where it lies in memory can shift the result by several points in ways the interval does not cover, and differently in the next process; run the comparison in several processes with the multiproc package

== url multi n=1048576 churn and build: ordered vs map-sets
steady state, per insertion or deletion in a structure of 6351293 elements (cycle of 12702586 operations, first pass untimed):
  A 1320 per op, B 725.5 per op
  difference -81.96% [-86.19%, -78.13%] at 95% confidence
  noise floor 1.673%, autocorrelation +0.583, resampled in blocks of 3
  resolved: A is slower than B
    warning: the program holds 4140 MB of live data, more than the caches of many machines; for data that size, where it lies in memory can shift the result by several points in ways the interval does not cover, and differently in the next process; run the comparison in several processes with the multiproc package
    warning: in 50% of A/A runs this setup reported a difference between identical code, well above the 10% expected; treat any confidence from it with suspicion

checksum 8943780209244287168
== url multi n=1048576 valuesFor: ordered vs hashed
A 804.2 per op, B 262.4 per op
difference -206.47% [-212.52%, -203.02%] at 95% confidence
noise floor 0.523%, autocorrelation +0.205, resampled in blocks of 3
resolved: A is slower than B
  warning: the program holds 2566 MB of live data, more than the caches of many machines; for data that size, where it lies in memory can shift the result by several points in ways the interval does not cover, and differently in the next process; run the comparison in several processes with the multiproc package

== url multi n=1048576 valuesFor: ordered vs btree-sets
A 1048 per op, B 1509 per op
difference +30.57% [+29.35%, +32.11%] at 95% confidence
noise floor 1.126%, autocorrelation +0.066
resolved: A is faster than B
  warning: the program holds 2566 MB of live data, more than the caches of many machines; for data that size, where it lies in memory can shift the result by several points in ways the interval does not cover, and differently in the next process; run the comparison in several processes with the multiproc package

== url multi n=1048576 valuesFor: ordered vs map-sets
A 774.9 per op, B 523.7 per op
difference -47.97% [-51.72%, -45.34%] at 95% confidence
noise floor 2.004%, autocorrelation +0.571, resampled in blocks of 3
resolved: A is slower than B
  warning: the program holds 2566 MB of live data, more than the caches of many machines; for data that size, where it lies in memory can shift the result by several points in ways the interval does not cover, and differently in the next process; run the comparison in several processes with the multiproc package

== url multi n=1048576 valuesBetween: ordered vs btree-sets
A 1.642e+04 per op, B 3.137e+04 per op
difference +47.65% [+46.35%, +48.79%] at 95% confidence
noise floor 1.583%, autocorrelation +0.137
resolved: A is faster than B
  warning: the program holds 2566 MB of live data, more than the caches of many machines; for data that size, where it lies in memory can shift the result by several points in ways the interval does not cover, and differently in the next process; run the comparison in several processes with the multiproc package

== url multi n=1048576 prefix: ordered vs btree-sets
A 1.553e+04 per op, B 3.052e+04 per op
difference +49.11% [+32.72%, +61.94%] at 95% confidence
noise floor 10.754%, autocorrelation +0.137
resolved: A is faster than B
  warning: the program holds 2566 MB of live data, more than the caches of many machines; for data that size, where it lies in memory can shift the result by several points in ways the interval does not cover, and differently in the next process; run the comparison in several processes with the multiproc package

== url multi n=1048576 churn and build: ordered vs hashed
steady state, per insertion or deletion in a structure of 6351293 elements (cycle of 12702586 operations, first pass untimed):
  A 936.3 per op, B 527.7 per op
  difference -77.42% [-81.74%, -73.95%] at 95% confidence
  noise floor 2.129%, autocorrelation +0.607, resampled in blocks of 3
  resolved: A is slower than B
    warning: the program holds 3807 MB of live data, more than the caches of many machines; for data that size, where it lies in memory can shift the result by several points in ways the interval does not cover, and differently in the next process; run the comparison in several processes with the multiproc package

== url multi n=1048576 churn and build: ordered vs btree-sets
steady state, per insertion or deletion in a structure of 6351293 elements (cycle of 12702586 operations, first pass untimed):
  A 1326 per op, B 1801 per op
  difference +26.37% [+24.62%, +30.20%] at 95% confidence
  noise floor 1.552%, autocorrelation +0.491, resampled in blocks of 3
  resolved: A is faster than B
    warning: the program holds 4100 MB of live data, more than the caches of many machines; for data that size, where it lies in memory can shift the result by several points in ways the interval does not cover, and differently in the next process; run the comparison in several processes with the multiproc package
    warning: candidate A drifted during the run, shifting +4.33% from its first half to its second; the machine did not hold still
    warning: candidate B drifted during the run, shifting +4.84% from its first half to its second; the machine did not hold still

== url multi n=1048576 churn and build: ordered vs map-sets
steady state, per insertion or deletion in a structure of 6351293 elements (cycle of 12702586 operations, first pass untimed):
  A 1286 per op, B 689.6 per op
  difference -86.49% [-90.17%, -81.85%] at 95% confidence
  noise floor 0.883%, autocorrelation +0.306, resampled in blocks of 3
  resolved: A is slower than B
    warning: the program holds 4144 MB of live data, more than the caches of many machines; for data that size, where it lies in memory can shift the result by several points in ways the interval does not cover, and differently in the next process; run the comparison in several processes with the multiproc package

checksum 11587925404099835936
== url multi n=1048576 valuesFor: ordered vs hashed
A 713.4 per op, B 244 per op
difference -192.33% [-197.21%, -187.93%] at 95% confidence
noise floor 1.198%, autocorrelation +0.480, resampled in blocks of 3
resolved: A is slower than B
  warning: the program holds 1905 MB of live data, more than the caches of many machines; for data that size, where it lies in memory can shift the result by several points in ways the interval does not cover, and differently in the next process; run the comparison in several processes with the multiproc package

== url multi n=1048576 valuesFor: ordered vs btree-sets
A 846.1 per op, B 1390 per op
difference +39.12% [+38.25%, +40.55%] at 95% confidence
noise floor 3.236%, autocorrelation +0.674, resampled in blocks of 3
resolved: A is faster than B
  warning: the program holds 2909 MB of live data, more than the caches of many machines; for data that size, where it lies in memory can shift the result by several points in ways the interval does not cover, and differently in the next process; run the comparison in several processes with the multiproc package

== url multi n=1048576 valuesFor: ordered vs map-sets
A 1160 per op, B 809.7 per op
difference -43.31% [-49.50%, -38.28%] at 95% confidence
noise floor 1.127%, autocorrelation +0.488, resampled in blocks of 3
resolved: A is slower than B
  warning: the program holds 2909 MB of live data, more than the caches of many machines; for data that size, where it lies in memory can shift the result by several points in ways the interval does not cover, and differently in the next process; run the comparison in several processes with the multiproc package

== url multi n=1048576 valuesBetween: ordered vs btree-sets
A 1.712e+04 per op, B 3.474e+04 per op
difference +50.73% [+49.10%, +51.48%] at 95% confidence
noise floor 1.792%, autocorrelation +0.240, resampled in blocks of 3
resolved: A is faster than B
  warning: the program holds 2909 MB of live data, more than the caches of many machines; for data that size, where it lies in memory can shift the result by several points in ways the interval does not cover, and differently in the next process; run the comparison in several processes with the multiproc package
  warning: in 50% of A/A runs this setup reported a difference between identical code, well above the 10% expected; treat any confidence from it with suspicion

== url multi n=1048576 prefix: ordered vs btree-sets
A 1.491e+04 per op, B 3.091e+04 per op
difference +51.78% [+37.57%, +63.38%] at 95% confidence
noise floor 11.830%, autocorrelation +0.044
resolved: A is faster than B
  warning: the program holds 2909 MB of live data, more than the caches of many machines; for data that size, where it lies in memory can shift the result by several points in ways the interval does not cover, and differently in the next process; run the comparison in several processes with the multiproc package

== url multi n=1048576 churn and build: ordered vs hashed
steady state, per insertion or deletion in a structure of 6351293 elements (cycle of 12702586 operations, first pass untimed):
  A 1023 per op, B 552.2 per op
  difference -85.35% [-90.77%, -78.85%] at 95% confidence
  noise floor 1.451%, autocorrelation -0.025
  resolved: A is slower than B
    warning: the program holds 3985 MB of live data, more than the caches of many machines; for data that size, where it lies in memory can shift the result by several points in ways the interval does not cover, and differently in the next process; run the comparison in several processes with the multiproc package
    warning: candidate B drifted during the run, shifting -6.03% from its first half to its second; the machine did not hold still

== url multi n=1048576 churn and build: ordered vs btree-sets
steady state, per insertion or deletion in a structure of 6351293 elements (cycle of 12702586 operations, first pass untimed):
  A 1414 per op, B 1919 per op
  difference +26.28% [+22.65%, +27.29%] at 95% confidence
  noise floor 2.338%, autocorrelation +0.642, resampled in blocks of 3
  resolved: A is faster than B
    warning: the program holds 4131 MB of live data, more than the caches of many machines; for data that size, where it lies in memory can shift the result by several points in ways the interval does not cover, and differently in the next process; run the comparison in several processes with the multiproc package

== url multi n=1048576 churn and build: ordered vs map-sets
steady state, per insertion or deletion in a structure of 6351293 elements (cycle of 12702586 operations, first pass untimed):
  A 1285 per op, B 704.5 per op
  difference -82.44% [-84.37%, -78.24%] at 95% confidence
  noise floor 1.222%, autocorrelation +0.205, resampled in blocks of 3
  resolved: A is slower than B
    warning: the program holds 4143 MB of live data, more than the caches of many machines; for data that size, where it lies in memory can shift the result by several points in ways the interval does not cover, and differently in the next process; run the comparison in several processes with the multiproc package
    warning: candidate A drifted during the run, shifting -3.40% from its first half to its second; the machine did not hold still

checksum 6510170913118688320
== url multi n=1048576 valuesFor: ordered vs hashed
A 716.1 per op, B 250.2 per op
difference -186.15% [-189.05%, -181.89%] at 95% confidence
noise floor 1.588%, autocorrelation +0.364, resampled in blocks of 3
resolved: A is slower than B
  warning: the program holds 1946 MB of live data, more than the caches of many machines; for data that size, where it lies in memory can shift the result by several points in ways the interval does not cover, and differently in the next process; run the comparison in several processes with the multiproc package

== url multi n=1048576 valuesFor: ordered vs btree-sets
A 830.7 per op, B 1380 per op
difference +39.79% [+37.91%, +41.43%] at 95% confidence
noise floor 0.949%, autocorrelation +0.011
resolved: A is faster than B
  warning: the program holds 1946 MB of live data, more than the caches of many machines; for data that size, where it lies in memory can shift the result by several points in ways the interval does not cover, and differently in the next process; run the comparison in several processes with the multiproc package

== url multi n=1048576 valuesFor: ordered vs map-sets
A 741.6 per op, B 518.9 per op
difference -42.90% [-47.13%, -40.22%] at 95% confidence
noise floor 1.572%, autocorrelation -0.006
resolved: A is slower than B
  warning: the program holds 1946 MB of live data, more than the caches of many machines; for data that size, where it lies in memory can shift the result by several points in ways the interval does not cover, and differently in the next process; run the comparison in several processes with the multiproc package

== url multi n=1048576 valuesBetween: ordered vs btree-sets
A 1.833e+04 per op, B 3.702e+04 per op
difference +50.48% [+48.82%, +52.05%] at 95% confidence
noise floor 1.283%, autocorrelation +0.019
resolved: A is faster than B
  warning: the program holds 1946 MB of live data, more than the caches of many machines; for data that size, where it lies in memory can shift the result by several points in ways the interval does not cover, and differently in the next process; run the comparison in several processes with the multiproc package
  warning: candidate A drifted during the run, shifting +6.86% from its first half to its second; the machine did not hold still
  warning: candidate B drifted during the run, shifting +5.97% from its first half to its second; the machine did not hold still

== url multi n=1048576 prefix: ordered vs btree-sets
A 1.485e+04 per op, B 3.081e+04 per op
difference +51.82% [+40.64%, +61.22%] at 95% confidence
noise floor 5.465%, autocorrelation +0.148
resolved: A is faster than B
  warning: the program holds 1946 MB of live data, more than the caches of many machines; for data that size, where it lies in memory can shift the result by several points in ways the interval does not cover, and differently in the next process; run the comparison in several processes with the multiproc package

== url multi n=1048576 churn and build: ordered vs hashed
steady state, per insertion or deletion in a structure of 6351293 elements (cycle of 12702586 operations, first pass untimed):
  A 1013 per op, B 576.3 per op
  difference -75.81% [-79.41%, -71.25%] at 95% confidence
  noise floor 1.325%, autocorrelation +0.430, resampled in blocks of 3
  resolved: A is slower than B
    warning: the program holds 3011 MB of live data, more than the caches of many machines; for data that size, where it lies in memory can shift the result by several points in ways the interval does not cover, and differently in the next process; run the comparison in several processes with the multiproc package

== url multi n=1048576 churn and build: ordered vs btree-sets
steady state, per insertion or deletion in a structure of 6351293 elements (cycle of 12702586 operations, first pass untimed):
  A 1259 per op, B 1782 per op
  difference +29.34% [+27.79%, +30.39%] at 95% confidence
  noise floor 1.387%, autocorrelation +0.272, resampled in blocks of 3
  resolved: A is faster than B
    warning: the program holds 4078 MB of live data, more than the caches of many machines; for data that size, where it lies in memory can shift the result by several points in ways the interval does not cover, and differently in the next process; run the comparison in several processes with the multiproc package

== url multi n=1048576 churn and build: ordered vs map-sets
steady state, per insertion or deletion in a structure of 6351293 elements (cycle of 12702586 operations, first pass untimed):
  A 1163 per op, B 659.9 per op
  difference -76.22% [-80.09%, -71.66%] at 95% confidence
  noise floor 2.126%, autocorrelation +0.208, resampled in blocks of 3
  resolved: A is slower than B
    warning: the program holds 4094 MB of live data, more than the caches of many machines; for data that size, where it lies in memory can shift the result by several points in ways the interval does not cover, and differently in the next process; run the comparison in several processes with the multiproc package
    warning: in 100% of A/A runs this setup reported a difference between identical code, well above the 10% expected; treat any confidence from it with suspicion

checksum 7640926375044999040
