== str unique n=16384 valuesFor: ordered vs btree-map
A 50.91 per op, B 139.2 per op
difference +63.42% [+62.27%, +64.04%] at 95% confidence
noise floor 1.131%, autocorrelation -0.059
resolved: A is faster than B
  warning: the program holds 31 MB of live data, more than the caches of many machines; for data that size, where it lies in memory can shift the result by several points in ways the interval does not cover, and differently in the next process; run the comparison in several processes with the multiproc package

== str unique n=16384 valuesBetween: ordered vs btree-map
A 1877 per op, B 538.9 per op
difference -248.40% [-252.33%, -244.63%] at 95% confidence
noise floor 1.741%, autocorrelation +0.064
resolved: A is slower than B
  warning: the program holds 31 MB of live data, more than the caches of many machines; for data that size, where it lies in memory can shift the result by several points in ways the interval does not cover, and differently in the next process; run the comparison in several processes with the multiproc package

== str unique n=16384 prefix: ordered vs btree-map
A 1.627e+04 per op, B 3728 per op
difference -336.54% [-344.50%, -329.57%] at 95% confidence
noise floor 1.283%, autocorrelation -0.028
resolved: A is slower than B
  warning: the program holds 31 MB of live data, more than the caches of many machines; for data that size, where it lies in memory can shift the result by several points in ways the interval does not cover, and differently in the next process; run the comparison in several processes with the multiproc package

== str unique n=16384 churn and build: ordered vs btree-map
steady state, per insertion or deletion in a structure of 16384 elements (cycle of 32768 operations, first pass untimed):
  A 122.6 per op, B 208 per op
  difference +41.07% [+38.00%, +43.94%] at 95% confidence
  noise floor 5.586%, autocorrelation +0.152
  resolved: A is faster than B
    warning: the program holds 36 MB of live data, more than the caches of many machines; for data that size, where it lies in memory can shift the result by several points in ways the interval does not cover, and differently in the next process; run the comparison in several processes with the multiproc package
    warning: in 50% of A/A runs this setup reported a difference between identical code, well above the 10% expected; treat any confidence from it with suspicion

build from empty to 16384 elements, per whole build (49152 operations):
  A 5.361e+06 per op, B 9.199e+06 per op
  difference +41.72% [+40.81%, +42.40%] at 95% confidence
  noise floor 1.488%, autocorrelation +0.336, resampled in blocks of 3
  resolved: A is faster than B
    warning: the program holds 31 MB of live data, more than the caches of many machines; for data that size, where it lies in memory can shift the result by several points in ways the interval does not cover, and differently in the next process; run the comparison in several processes with the multiproc package
    warning: in 50% of A/A runs this setup reported a difference between identical code, well above the 10% expected; treat any confidence from it with suspicion

checksum 17246672909727257008
== str unique n=16384 valuesFor: ordered vs btree-map
A 50.58 per op, B 139.6 per op
difference +63.76% [+62.96%, +64.08%] at 95% confidence
noise floor 0.864%, autocorrelation -0.062
resolved: A is faster than B
  warning: the program holds 35 MB of live data, more than the caches of many machines; for data that size, where it lies in memory can shift the result by several points in ways the interval does not cover, and differently in the next process; run the comparison in several processes with the multiproc package

== str unique n=16384 valuesBetween: ordered vs btree-map
A 1881 per op, B 541.9 per op
difference -247.09% [-251.39%, -242.08%] at 95% confidence
noise floor 1.463%, autocorrelation +0.030
resolved: A is slower than B
  warning: the program holds 35 MB of live data, more than the caches of many machines; for data that size, where it lies in memory can shift the result by several points in ways the interval does not cover, and differently in the next process; run the comparison in several processes with the multiproc package

== str unique n=16384 prefix: ordered vs btree-map
A 1.591e+04 per op, B 3746 per op
difference -324.90% [-330.49%, -316.53%] at 95% confidence
noise floor 1.683%, autocorrelation +0.018
resolved: A is slower than B
  warning: the program holds 35 MB of live data, more than the caches of many machines; for data that size, where it lies in memory can shift the result by several points in ways the interval does not cover, and differently in the next process; run the comparison in several processes with the multiproc package
  warning: in 50% of A/A runs this setup reported a difference between identical code, well above the 10% expected; treat any confidence from it with suspicion

== str unique n=16384 churn and build: ordered vs btree-map
steady state, per insertion or deletion in a structure of 16384 elements (cycle of 32768 operations, first pass untimed):
  A 115.8 per op, B 204.9 per op
  difference +43.48% [+41.67%, +45.00%] at 95% confidence
  noise floor 2.891%, autocorrelation +0.272, resampled in blocks of 3
  resolved: A is faster than B
    warning: the program holds 39 MB of live data, more than the caches of many machines; for data that size, where it lies in memory can shift the result by several points in ways the interval does not cover, and differently in the next process; run the comparison in several processes with the multiproc package
    warning: candidate A drifted during the run, shifting +6.39% from its first half to its second; the machine did not hold still
    warning: the ratio B/A shifted -6.13% from the first half of the run to the second, so the candidates had not reached a steady state and the difference depends on how long the run was; a common cause is a head start for whichever candidate ran alone last before the comparison or had its data built last, which a longer CollectOptions.WarmupDuration removes

build from empty to 16384 elements, per whole build (49152 operations):
  A 5.402e+06 per op, B 9.157e+06 per op
  difference +41.00% [+39.32%, +42.44%] at 95% confidence
  noise floor 2.115%, autocorrelation +0.132
  resolved: A is faster than B
    warning: the program holds 35 MB of live data, more than the caches of many machines; for data that size, where it lies in memory can shift the result by several points in ways the interval does not cover, and differently in the next process; run the comparison in several processes with the multiproc package
    warning: the ratio B/A shifted -2.16% from the first half of the run to the second, so the candidates had not reached a steady state and the difference depends on how long the run was; a common cause is a head start for whichever candidate ran alone last before the comparison or had its data built last, which a longer CollectOptions.WarmupDuration removes

checksum 12918428213291381968
== str unique n=16384 valuesFor: ordered vs btree-map
A 51.32 per op, B 140.9 per op
difference +63.57% [+62.91%, +64.10%] at 95% confidence
noise floor 0.223%, autocorrelation +0.026
resolved: A is faster than B
  warning: the program holds 39 MB of live data, more than the caches of many machines; for data that size, where it lies in memory can shift the result by several points in ways the interval does not cover, and differently in the next process; run the comparison in several processes with the multiproc package

== str unique n=16384 valuesBetween: ordered vs btree-map
A 1859 per op, B 553 per op
difference -236.20% [-242.39%, -230.85%] at 95% confidence
noise floor 0.372%, autocorrelation +0.150
resolved: A is slower than B
  warning: the program holds 39 MB of live data, more than the caches of many machines; for data that size, where it lies in memory can shift the result by several points in ways the interval does not cover, and differently in the next process; run the comparison in several processes with the multiproc package

== str unique n=16384 prefix: ordered vs btree-map
A 1.581e+04 per op, B 3780 per op
difference -318.14% [-326.54%, -309.40%] at 95% confidence
noise floor 1.085%, autocorrelation +0.106
resolved: A is slower than B
  warning: the program holds 39 MB of live data, more than the caches of many machines; for data that size, where it lies in memory can shift the result by several points in ways the interval does not cover, and differently in the next process; run the comparison in several processes with the multiproc package
  warning: in 50% of A/A runs this setup reported a difference between identical code, well above the 10% expected; treat any confidence from it with suspicion

== str unique n=16384 churn and build: ordered vs btree-map
steady state, per insertion or deletion in a structure of 16384 elements (cycle of 32768 operations, first pass untimed):
  A 115.3 per op, B 206.5 per op
  difference +44.17% [+43.63%, +45.01%] at 95% confidence
  noise floor 1.500%, autocorrelation +0.376, resampled in blocks of 3
  resolved: A is faster than B
    warning: the program holds 44 MB of live data, more than the caches of many machines; for data that size, where it lies in memory can shift the result by several points in ways the interval does not cover, and differently in the next process; run the comparison in several processes with the multiproc package

build from empty to 16384 elements, per whole build (49152 operations):
  A 5.44e+06 per op, B 9.16e+06 per op
  difference +40.61% [+39.91%, +41.79%] at 95% confidence
  noise floor 0.500%, autocorrelation -0.048
  resolved: A is faster than B
    warning: the program holds 39 MB of live data, more than the caches of many machines; for data that size, where it lies in memory can shift the result by several points in ways the interval does not cover, and differently in the next process; run the comparison in several processes with the multiproc package

checksum 12181994629953058544
== str unique n=16384 valuesFor: ordered vs btree-map
A 50.49 per op, B 139.6 per op
difference +63.84% [+63.50%, +64.32%] at 95% confidence
noise floor 0.616%, autocorrelation +0.010
resolved: A is faster than B
  warning: the program holds 36 MB of live data, more than the caches of many machines; for data that size, where it lies in memory can shift the result by several points in ways the interval does not cover, and differently in the next process; run the comparison in several processes with the multiproc package

== str unique n=16384 valuesBetween: ordered vs btree-map
A 1878 per op, B 552.9 per op
difference -239.62% [-243.68%, -233.75%] at 95% confidence
noise floor 1.976%, autocorrelation +0.266, resampled in blocks of 3
resolved: A is slower than B
  warning: the program holds 36 MB of live data, more than the caches of many machines; for data that size, where it lies in memory can shift the result by several points in ways the interval does not cover, and differently in the next process; run the comparison in several processes with the multiproc package
  warning: in 50% of A/A runs this setup reported a difference between identical code, well above the 10% expected; treat any confidence from it with suspicion

== str unique n=16384 prefix: ordered vs btree-map
A 1.607e+04 per op, B 3820 per op
difference -320.66% [-326.46%, -316.37%] at 95% confidence
noise floor 0.793%, autocorrelation -0.079
resolved: A is slower than B
  warning: the program holds 36 MB of live data, more than the caches of many machines; for data that size, where it lies in memory can shift the result by several points in ways the interval does not cover, and differently in the next process; run the comparison in several processes with the multiproc package
  warning: in 50% of A/A runs this setup reported a difference between identical code, well above the 10% expected; treat any confidence from it with suspicion

== str unique n=16384 churn and build: ordered vs btree-map
steady state, per insertion or deletion in a structure of 16384 elements (cycle of 32768 operations, first pass untimed):
  A 115.3 per op, B 207 per op
  difference +44.29% [+43.15%, +46.07%] at 95% confidence
  noise floor 4.370%, autocorrelation +0.371, resampled in blocks of 3
  resolved: A is faster than B
    warning: the program holds 40 MB of live data, more than the caches of many machines; for data that size, where it lies in memory can shift the result by several points in ways the interval does not cover, and differently in the next process; run the comparison in several processes with the multiproc package

build from empty to 16384 elements, per whole build (49152 operations):
  A 5.501e+06 per op, B 9.165e+06 per op
  difference +39.97% [+38.84%, +41.30%] at 95% confidence
  noise floor 1.035%, autocorrelation +0.359, resampled in blocks of 3
  resolved: A is faster than B
    warning: the program holds 36 MB of live data, more than the caches of many machines; for data that size, where it lies in memory can shift the result by several points in ways the interval does not cover, and differently in the next process; run the comparison in several processes with the multiproc package

checksum 7252577204728676480
