== path unique n=16384 valuesFor: ordered vs btree-map
A 124.3 per op, B 179.4 per op
difference +30.69% [+29.76%, +33.08%] at 95% confidence
noise floor 0.913%, autocorrelation +0.531, resampled in blocks of 3
resolved: A is faster than B
  warning: the program holds 97 MB of live data, more than the caches of many machines; for data that size, where it lies in memory can shift the result by several points in ways the interval does not cover, and differently in the next process; run the comparison in several processes with the multiproc package

== path unique n=16384 valuesBetween: ordered vs btree-map
A 3163 per op, B 770.6 per op
difference -310.48% [-318.88%, -302.28%] at 95% confidence
noise floor 3.040%, autocorrelation +0.059
resolved: A is slower than B
  warning: the program holds 97 MB of live data, more than the caches of many machines; for data that size, where it lies in memory can shift the result by several points in ways the interval does not cover, and differently in the next process; run the comparison in several processes with the multiproc package
  warning: in 50% of A/A runs this setup reported a difference between identical code, well above the 10% expected; treat any confidence from it with suspicion

== path unique n=16384 prefix: ordered vs btree-map
A 480.5 per op, B 281.7 per op
difference -70.59% [-83.59%, -57.75%] at 95% confidence
noise floor 8.023%, autocorrelation -0.027
resolved: A is slower than B
  warning: the program holds 91 MB of live data, more than the caches of many machines; for data that size, where it lies in memory can shift the result by several points in ways the interval does not cover, and differently in the next process; run the comparison in several processes with the multiproc package
  warning: in 50% of A/A runs this setup reported a difference between identical code, well above the 10% expected; treat any confidence from it with suspicion

== path unique n=16384 churn and build: ordered vs btree-map
steady state, per insertion or deletion in a structure of 16384 elements (cycle of 32768 operations, first pass untimed):
  A 318.4 per op, B 275 per op
  difference -15.77% [-20.87%, -11.33%] at 95% confidence
  noise floor 1.177%, autocorrelation -0.037
  resolved: A is slower than B
    warning: the program holds 97 MB of live data, more than the caches of many machines; for data that size, where it lies in memory can shift the result by several points in ways the interval does not cover, and differently in the next process; run the comparison in several processes with the multiproc package

build from empty to 16384 elements, per whole build (49152 operations):
  A 1.225e+07 per op, B 1.227e+07 per op
  difference +0.18% [-4.84%, +2.52%] at 95% confidence
  noise floor 2.387%, autocorrelation +0.326, resampled in blocks of 3
  not resolved: this run did not establish a difference
    warning: the difference of 0.18% does not clear the 2.39% noise floor, which is what this setup reports between two runs of identical code
    warning: the interval [-4.84%, 2.52%] includes zero, so a difference in either direction is consistent with these measurements
    warning: the program holds 91 MB of live data, more than the caches of many machines; for data that size, where it lies in memory can shift the result by several points in ways the interval does not cover, and differently in the next process; run the comparison in several processes with the multiproc package
    warning: candidate A drifted during the run, shifting +5.30% from its first half to its second; the machine did not hold still
    warning: in 50% of A/A runs this setup reported a difference between identical code, well above the 10% expected; treat any confidence from it with suspicion

checksum 10086920145549059408
== path unique n=16384 valuesFor: ordered vs btree-map
A 123.4 per op, B 181.7 per op
difference +32.08% [+29.25%, +34.08%] at 95% confidence
noise floor 1.480%, autocorrelation +0.080
resolved: A is faster than B
  warning: the program holds 82 MB of live data, more than the caches of many machines; for data that size, where it lies in memory can shift the result by several points in ways the interval does not cover, and differently in the next process; run the comparison in several processes with the multiproc package

== path unique n=16384 valuesBetween: ordered vs btree-map
A 3205 per op, B 802.5 per op
difference -299.35% [-306.98%, -295.85%] at 95% confidence
noise floor 0.917%, autocorrelation -0.115
resolved: A is slower than B
  warning: the program holds 94 MB of live data, more than the caches of many machines; for data that size, where it lies in memory can shift the result by several points in ways the interval does not cover, and differently in the next process; run the comparison in several processes with the multiproc package

== path unique n=16384 prefix: ordered vs btree-map
A 474.5 per op, B 274.1 per op
difference -73.09% [-83.08%, -60.04%] at 95% confidence
noise floor 4.595%, autocorrelation -0.217
resolved: A is slower than B
  warning: the program holds 94 MB of live data, more than the caches of many machines; for data that size, where it lies in memory can shift the result by several points in ways the interval does not cover, and differently in the next process; run the comparison in several processes with the multiproc package

== path unique n=16384 churn and build: ordered vs btree-map
steady state, per insertion or deletion in a structure of 16384 elements (cycle of 32768 operations, first pass untimed):
  A 279.2 per op, B 269.8 per op
  difference -3.47% [-7.39%, -0.01%] at 95% confidence
  noise floor 2.689%, autocorrelation -0.015
  resolved: A is slower than B
    warning: the program holds 100 MB of live data, more than the caches of many machines; for data that size, where it lies in memory can shift the result by several points in ways the interval does not cover, and differently in the next process; run the comparison in several processes with the multiproc package

build from empty to 16384 elements, per whole build (49152 operations):
  A 1.204e+07 per op, B 1.195e+07 per op
  difference -0.71% [-2.88%, +0.80%] at 95% confidence
  noise floor 1.889%, autocorrelation +0.326, resampled in blocks of 3
  not resolved: this run did not establish a difference
    warning: the difference of -0.71% does not clear the 1.89% noise floor, which is what this setup reports between two runs of identical code
    warning: the interval [-2.88%, 0.80%] includes zero, so a difference in either direction is consistent with these measurements
    warning: the program holds 94 MB of live data, more than the caches of many machines; for data that size, where it lies in memory can shift the result by several points in ways the interval does not cover, and differently in the next process; run the comparison in several processes with the multiproc package

checksum 3424629966613659920
== path unique n=16384 valuesFor: ordered vs btree-map
A 123.8 per op, B 178.2 per op
difference +30.54% [+28.01%, +32.01%] at 95% confidence
noise floor 1.723%, autocorrelation -0.102
resolved: A is faster than B
  warning: the program holds 104 MB of live data, more than the caches of many machines; for data that size, where it lies in memory can shift the result by several points in ways the interval does not cover, and differently in the next process; run the comparison in several processes with the multiproc package

== path unique n=16384 valuesBetween: ordered vs btree-map
A 3176 per op, B 775.4 per op
difference -309.55% [-317.63%, -305.45%] at 95% confidence
noise floor 0.863%, autocorrelation -0.153
resolved: A is slower than B
  warning: the program holds 104 MB of live data, more than the caches of many machines; for data that size, where it lies in memory can shift the result by several points in ways the interval does not cover, and differently in the next process; run the comparison in several processes with the multiproc package

== path unique n=16384 prefix: ordered vs btree-map
A 486.1 per op, B 303.4 per op
difference -60.24% [-75.68%, -52.57%] at 95% confidence
noise floor 4.719%, autocorrelation -0.113
resolved: A is slower than B
  warning: the program holds 99 MB of live data, more than the caches of many machines; for data that size, where it lies in memory can shift the result by several points in ways the interval does not cover, and differently in the next process; run the comparison in several processes with the multiproc package
  warning: candidate B drifted during the run, shifting +13.68% from its first half to its second; the machine did not hold still

== path unique n=16384 churn and build: ordered vs btree-map
steady state, per insertion or deletion in a structure of 16384 elements (cycle of 32768 operations, first pass untimed):
  A 310.6 per op, B 274.4 per op
  difference -13.19% [-17.97%, -8.80%] at 95% confidence
  noise floor 2.353%, autocorrelation +0.008
  resolved: A is slower than B
    warning: the program holds 105 MB of live data, more than the caches of many machines; for data that size, where it lies in memory can shift the result by several points in ways the interval does not cover, and differently in the next process; run the comparison in several processes with the multiproc package

build from empty to 16384 elements, per whole build (49152 operations):
  A 1.205e+07 per op, B 1.227e+07 per op
  difference +1.78% [-1.81%, +3.85%] at 95% confidence
  noise floor 1.040%, autocorrelation +0.297, resampled in blocks of 3
  not resolved: this run did not establish a difference
    warning: the interval [-1.81%, 3.85%] includes zero, so a difference in either direction is consistent with these measurements
    warning: the program holds 99 MB of live data, more than the caches of many machines; for data that size, where it lies in memory can shift the result by several points in ways the interval does not cover, and differently in the next process; run the comparison in several processes with the multiproc package

checksum 17545450632367110144
== path unique n=16384 valuesFor: ordered vs btree-map
A 123.8 per op, B 179.5 per op
difference +31.00% [+29.71%, +32.37%] at 95% confidence
noise floor 0.291%, autocorrelation +0.451, resampled in blocks of 3
resolved: A is faster than B
  warning: the program holds 85 MB of live data, more than the caches of many machines; for data that size, where it lies in memory can shift the result by several points in ways the interval does not cover, and differently in the next process; run the comparison in several processes with the multiproc package

== path unique n=16384 valuesBetween: ordered vs btree-map
A 3145 per op, B 784.1 per op
difference -301.07% [-309.85%, -291.77%] at 95% confidence
noise floor 0.496%, autocorrelation -0.103
resolved: A is slower than B
  warning: the program holds 96 MB of live data, more than the caches of many machines; for data that size, where it lies in memory can shift the result by several points in ways the interval does not cover, and differently in the next process; run the comparison in several processes with the multiproc package

== path unique n=16384 prefix: ordered vs btree-map
A 465.6 per op, B 272.8 per op
difference -70.65% [-94.86%, -62.84%] at 95% confidence
noise floor 3.255%, autocorrelation +0.478, resampled in blocks of 3
resolved: A is slower than B
  warning: the program holds 96 MB of live data, more than the caches of many machines; for data that size, where it lies in memory can shift the result by several points in ways the interval does not cover, and differently in the next process; run the comparison in several processes with the multiproc package

== path unique n=16384 churn and build: ordered vs btree-map
steady state, per insertion or deletion in a structure of 16384 elements (cycle of 32768 operations, first pass untimed):
  A 302.8 per op, B 271.8 per op
  difference -11.40% [-16.05%, -7.70%] at 95% confidence
  noise floor 2.048%, autocorrelation +0.006
  resolved: A is slower than B
    warning: the program holds 101 MB of live data, more than the caches of many machines; for data that size, where it lies in memory can shift the result by several points in ways the interval does not cover, and differently in the next process; run the comparison in several processes with the multiproc package

build from empty to 16384 elements, per whole build (49152 operations):
  A 1.199e+07 per op, B 1.217e+07 per op
  difference +1.47% [-1.39%, +3.69%] at 95% confidence
  noise floor 1.208%, autocorrelation +0.239, resampled in blocks of 3
  not resolved: this run did not establish a difference
    warning: the interval [-1.39%, 3.69%] includes zero, so a difference in either direction is consistent with these measurements
    warning: the program holds 96 MB of live data, more than the caches of many machines; for data that size, where it lies in memory can shift the result by several points in ways the interval does not cover, and differently in the next process; run the comparison in several processes with the multiproc package

checksum 11225569023243432176
== path unique n=16384 valuesFor: ordered vs btree-map
A 122.6 per op, B 176.5 per op
difference +30.54% [+29.57%, +31.83%] at 95% confidence
noise floor 0.829%, autocorrelation -0.223
resolved: A is faster than B
  warning: the program holds 101 MB of live data, more than the caches of many machines; for data that size, where it lies in memory can shift the result by several points in ways the interval does not cover, and differently in the next process; run the comparison in several processes with the multiproc package

== path unique n=16384 valuesBetween: ordered vs btree-map
A 3149 per op, B 774.2 per op
difference -306.70% [-315.74%, -296.18%] at 95% confidence
noise floor 0.652%, autocorrelation -0.021
resolved: A is slower than B
  warning: the program holds 101 MB of live data, more than the caches of many machines; for data that size, where it lies in memory can shift the result by several points in ways the interval does not cover, and differently in the next process; run the comparison in several processes with the multiproc package

== path unique n=16384 prefix: ordered vs btree-map
A 496.4 per op, B 282.8 per op
difference -75.52% [-85.36%, -60.92%] at 95% confidence
noise floor 1.977%, autocorrelation -0.059
resolved: A is slower than B
  warning: the program holds 101 MB of live data, more than the caches of many machines; for data that size, where it lies in memory can shift the result by several points in ways the interval does not cover, and differently in the next process; run the comparison in several processes with the multiproc package

== path unique n=16384 churn and build: ordered vs btree-map
steady state, per insertion or deletion in a structure of 16384 elements (cycle of 32768 operations, first pass untimed):
  A 285.3 per op, B 273.1 per op
  difference -4.49% [-9.48%, -0.86%] at 95% confidence
  noise floor 1.522%, autocorrelation -0.062
  resolved: A is slower than B
    warning: the program holds 107 MB of live data, more than the caches of many machines; for data that size, where it lies in memory can shift the result by several points in ways the interval does not cover, and differently in the next process; run the comparison in several processes with the multiproc package

build from empty to 16384 elements, per whole build (49152 operations):
  A 1.206e+07 per op, B 1.216e+07 per op
  difference +0.86% [-4.40%, +2.52%] at 95% confidence
  noise floor 0.647%, autocorrelation +0.247, resampled in blocks of 3
  not resolved: this run did not establish a difference
    warning: the interval [-4.40%, 2.52%] includes zero, so a difference in either direction is consistent with these measurements
    warning: the program holds 101 MB of live data, more than the caches of many machines; for data that size, where it lies in memory can shift the result by several points in ways the interval does not cover, and differently in the next process; run the comparison in several processes with the multiproc package

checksum 13424731123639852064
== path unique n=16384 valuesFor: ordered vs btree-map
A 127.4 per op, B 180.2 per op
difference +29.27% [+27.22%, +30.94%] at 95% confidence
noise floor 1.229%, autocorrelation +0.124
resolved: A is faster than B
  warning: the program holds 86 MB of live data, more than the caches of many machines; for data that size, where it lies in memory can shift the result by several points in ways the interval does not cover, and differently in the next process; run the comparison in several processes with the multiproc package

== path unique n=16384 valuesBetween: ordered vs btree-map
A 3148 per op, B 770.8 per op
difference -308.38% [-314.63%, -301.03%] at 95% confidence
noise floor 1.689%, autocorrelation -0.108
resolved: A is slower than B
  warning: the program holds 96 MB of live data, more than the caches of many machines; for data that size, where it lies in memory can shift the result by several points in ways the interval does not cover, and differently in the next process; run the comparison in several processes with the multiproc package

== path unique n=16384 prefix: ordered vs btree-map
A 494.4 per op, B 305.5 per op
difference -61.85% [-74.29%, -50.28%] at 95% confidence
noise floor 4.932%, autocorrelation -0.108
resolved: A is slower than B
  warning: the program holds 96 MB of live data, more than the caches of many machines; for data that size, where it lies in memory can shift the result by several points in ways the interval does not cover, and differently in the next process; run the comparison in several processes with the multiproc package

== path unique n=16384 churn and build: ordered vs btree-map
steady state, per insertion or deletion in a structure of 16384 elements (cycle of 32768 operations, first pass untimed):
  A 289.2 per op, B 271.1 per op
  difference -6.69% [-11.12%, -2.93%] at 95% confidence
  noise floor 2.927%, autocorrelation +0.095
  resolved: A is slower than B
    warning: the program holds 102 MB of live data, more than the caches of many machines; for data that size, where it lies in memory can shift the result by several points in ways the interval does not cover, and differently in the next process; run the comparison in several processes with the multiproc package
    warning: in 50% of A/A runs this setup reported a difference between identical code, well above the 10% expected; treat any confidence from it with suspicion

build from empty to 16384 elements, per whole build (49152 operations):
  A 1.204e+07 per op, B 1.213e+07 per op
  difference +0.71% [-0.50%, +3.42%] at 95% confidence
  noise floor 3.333%, autocorrelation +0.107
  not resolved: this run did not establish a difference
    warning: the difference of 0.71% does not clear the 3.33% noise floor, which is what this setup reports between two runs of identical code
    warning: the interval [-0.50%, 3.42%] includes zero, so a difference in either direction is consistent with these measurements
    warning: the program holds 96 MB of live data, more than the caches of many machines; for data that size, where it lies in memory can shift the result by several points in ways the interval does not cover, and differently in the next process; run the comparison in several processes with the multiproc package
    warning: in 50% of A/A runs this setup reported a difference between identical code, well above the 10% expected; treat any confidence from it with suspicion

checksum 8258482691888656640
