== str multi n=4096 valuesFor: ordered vs hashed
A 63.97 per op, B 43.08 per op
difference -48.52% [-50.97%, -45.19%] at 95% confidence
noise floor 0.790%, autocorrelation -0.119
resolved: A is slower than B
  warning: the program holds 22 MB of live data, more than the caches of many machines; for data that size, where it lies in memory can shift the result by several points in ways the interval does not cover, and differently in the next process; run the comparison in several processes with the multiproc package

== str multi n=4096 valuesFor: ordered vs btree-sets
A 65.12 per op, B 179.5 per op
difference +63.71% [+63.28%, +64.19%] at 95% confidence
noise floor 0.457%, autocorrelation +0.148
resolved: A is faster than B
  warning: the program holds 22 MB of live data, more than the caches of many machines; for data that size, where it lies in memory can shift the result by several points in ways the interval does not cover, and differently in the next process; run the comparison in several processes with the multiproc package

== str multi n=4096 valuesFor: ordered vs map-sets
A 63.6 per op, B 95.61 per op
difference +33.48% [+32.69%, +33.93%] at 95% confidence
noise floor 1.768%, autocorrelation +0.824, resampled in blocks of 3
resolved: A is faster than B
  warning: the program holds 22 MB of live data, more than the caches of many machines; for data that size, where it lies in memory can shift the result by several points in ways the interval does not cover, and differently in the next process; run the comparison in several processes with the multiproc package

== str multi n=4096 valuesBetween: ordered vs hashed
A 4083 per op, B 5.53e+04 per op
difference +92.62% [+92.41%, +92.90%] at 95% confidence
noise floor 4.902%, autocorrelation +0.042
resolved: A is faster than B
  warning: the program holds 22 MB of live data, more than the caches of many machines; for data that size, where it lies in memory can shift the result by several points in ways the interval does not cover, and differently in the next process; run the comparison in several processes with the multiproc package
  warning: in 50% of A/A runs this setup reported a difference between identical code, well above the 10% expected; treat any confidence from it with suspicion

== str multi n=4096 valuesBetween: ordered vs btree-sets
A 3893 per op, B 7518 per op
difference +48.22% [+47.26%, +49.23%] at 95% confidence
noise floor 1.014%, autocorrelation -0.055
resolved: A is faster than B
  warning: the program holds 22 MB of live data, more than the caches of many machines; for data that size, where it lies in memory can shift the result by several points in ways the interval does not cover, and differently in the next process; run the comparison in several processes with the multiproc package
  warning: candidate B drifted during the run, shifting +1.94% from its first half to its second; the machine did not hold still

== str multi n=4096 valuesBetween: ordered vs map-sets
A 3972 per op, B 5.585e+04 per op
difference +92.89% [+92.80%, +93.11%] at 95% confidence
noise floor 2.061%, autocorrelation +0.431, resampled in blocks of 3
resolved: A is faster than B
  warning: the program holds 22 MB of live data, more than the caches of many machines; for data that size, where it lies in memory can shift the result by several points in ways the interval does not cover, and differently in the next process; run the comparison in several processes with the multiproc package

== str multi n=4096 prefix: ordered vs hashed
A 8906 per op, B 5.622e+04 per op
difference +84.16% [+83.68%, +84.71%] at 95% confidence
noise floor 1.437%, autocorrelation +0.129
resolved: A is faster than B
  warning: the program holds 22 MB of live data, more than the caches of many machines; for data that size, where it lies in memory can shift the result by several points in ways the interval does not cover, and differently in the next process; run the comparison in several processes with the multiproc package
  warning: in 50% of A/A runs this setup reported a difference between identical code, well above the 10% expected; treat any confidence from it with suspicion

== str multi n=4096 prefix: ordered vs btree-sets
A 8898 per op, B 1.867e+04 per op
difference +52.34% [+50.99%, +53.94%] at 95% confidence
noise floor 0.353%, autocorrelation -0.201
resolved: A is faster than B
  warning: the program holds 22 MB of live data, more than the caches of many machines; for data that size, where it lies in memory can shift the result by several points in ways the interval does not cover, and differently in the next process; run the comparison in several processes with the multiproc package

== str multi n=4096 prefix: ordered vs map-sets
A 9040 per op, B 6.544e+04 per op
difference +86.19% [+86.01%, +86.71%] at 95% confidence
noise floor 2.020%, autocorrelation +0.074
resolved: A is faster than B
  warning: the program holds 22 MB of live data, more than the caches of many machines; for data that size, where it lies in memory can shift the result by several points in ways the interval does not cover, and differently in the next process; run the comparison in several processes with the multiproc package
  warning: in 50% of A/A runs this setup reported a difference between identical code, well above the 10% expected; treat any confidence from it with suspicion

== str multi n=4096 churn and build: ordered vs hashed
steady state, per insertion or deletion in a structure of 25123 elements (cycle of 50246 operations, first pass untimed):
  A 95.42 per op, B 66.25 per op
  difference -44.02% [-46.29%, -42.01%] at 95% confidence
  noise floor 1.959%, autocorrelation +0.240, resampled in blocks of 3
  resolved: A is slower than B
    warning: the program holds 26 MB of live data, more than the caches of many machines; for data that size, where it lies in memory can shift the result by several points in ways the interval does not cover, and differently in the next process; run the comparison in several processes with the multiproc package

build from empty to 25123 elements, per whole build (75369 operations):
  A 8.037e+06 per op, B 5.937e+06 per op
  difference -35.37% [-39.26%, -33.06%] at 95% confidence
  noise floor 0.711%, autocorrelation +0.001
  resolved: A is slower than B
    warning: the program holds 22 MB of live data, more than the caches of many machines; for data that size, where it lies in memory can shift the result by several points in ways the interval does not cover, and differently in the next process; run the comparison in several processes with the multiproc package

== str multi n=4096 churn and build: ordered vs btree-sets
steady state, per insertion or deletion in a structure of 25123 elements (cycle of 50246 operations, first pass untimed):
  A 102.5 per op, B 205.4 per op
  difference +50.08% [+48.60%, +51.58%] at 95% confidence
  noise floor 2.079%, autocorrelation +0.053
  resolved: A is faster than B
    warning: the program holds 27 MB of live data, more than the caches of many machines; for data that size, where it lies in memory can shift the result by several points in ways the interval does not cover, and differently in the next process; run the comparison in several processes with the multiproc package

build from empty to 25123 elements, per whole build (75369 operations):
  A 8.172e+06 per op, B 1.512e+07 per op
  difference +45.96% [+44.46%, +47.82%] at 95% confidence
  noise floor 1.365%, autocorrelation +0.047
  resolved: A is faster than B
    warning: the program holds 22 MB of live data, more than the caches of many machines; for data that size, where it lies in memory can shift the result by several points in ways the interval does not cover, and differently in the next process; run the comparison in several processes with the multiproc package

== str multi n=4096 churn and build: ordered vs map-sets
steady state, per insertion or deletion in a structure of 25123 elements (cycle of 50246 operations, first pass untimed):
  A 95.13 per op, B 69.25 per op
  difference -37.39% [-41.28%, -32.40%] at 95% confidence
  noise floor 2.149%, autocorrelation +0.061
  resolved: A is slower than B
    warning: the program holds 27 MB of live data, more than the caches of many machines; for data that size, where it lies in memory can shift the result by several points in ways the interval does not cover, and differently in the next process; run the comparison in several processes with the multiproc package

build from empty to 25123 elements, per whole build (75369 operations):
  A 8.378e+06 per op, B 6.037e+06 per op
  difference -38.78% [-41.39%, -32.35%] at 95% confidence
  noise floor 1.091%, autocorrelation +0.119
  resolved: A is slower than B
    warning: the program holds 22 MB of live data, more than the caches of many machines; for data that size, where it lies in memory can shift the result by several points in ways the interval does not cover, and differently in the next process; run the comparison in several processes with the multiproc package

checksum 3519491048466891792
== str multi n=4096 valuesFor: ordered vs hashed
A 64.02 per op, B 43.01 per op
difference -48.86% [-50.54%, -47.54%] at 95% confidence
noise floor 1.361%, autocorrelation +0.769, resampled in blocks of 3
resolved: A is slower than B
  warning: the program holds 26 MB of live data, more than the caches of many machines; for data that size, where it lies in memory can shift the result by several points in ways the interval does not cover, and differently in the next process; run the comparison in several processes with the multiproc package

== str multi n=4096 valuesFor: ordered vs btree-sets
A 64.67 per op, B 177.8 per op
difference +63.62% [+63.19%, +64.22%] at 95% confidence
noise floor 0.278%, autocorrelation +0.100
resolved: A is faster than B
  warning: the program holds 26 MB of live data, more than the caches of many machines; for data that size, where it lies in memory can shift the result by several points in ways the interval does not cover, and differently in the next process; run the comparison in several processes with the multiproc package

== str multi n=4096 valuesFor: ordered vs map-sets
A 64.09 per op, B 95.64 per op
difference +32.99% [+32.28%, +33.70%] at 95% confidence
noise floor 0.355%, autocorrelation +0.222, resampled in blocks of 3
resolved: A is faster than B
  warning: the program holds 26 MB of live data, more than the caches of many machines; for data that size, where it lies in memory can shift the result by several points in ways the interval does not cover, and differently in the next process; run the comparison in several processes with the multiproc package

== str multi n=4096 valuesBetween: ordered vs hashed
A 3971 per op, B 5.493e+04 per op
difference +92.77% [+92.60%, +93.15%] at 95% confidence
noise floor 2.138%, autocorrelation +0.016
resolved: A is faster than B
  warning: the program holds 26 MB of live data, more than the caches of many machines; for data that size, where it lies in memory can shift the result by several points in ways the interval does not cover, and differently in the next process; run the comparison in several processes with the multiproc package

== str multi n=4096 valuesBetween: ordered vs btree-sets
A 3812 per op, B 7464 per op
difference +48.93% [+47.69%, +49.72%] at 95% confidence
noise floor 1.639%, autocorrelation +0.348, resampled in blocks of 3
resolved: A is faster than B
  warning: the program holds 26 MB of live data, more than the caches of many machines; for data that size, where it lies in memory can shift the result by several points in ways the interval does not cover, and differently in the next process; run the comparison in several processes with the multiproc package

== str multi n=4096 valuesBetween: ordered vs map-sets
A 3903 per op, B 5.65e+04 per op
difference +93.09% [+92.95%, +93.37%] at 95% confidence
noise floor 0.643%, autocorrelation -0.019
resolved: A is faster than B
  warning: the program holds 26 MB of live data, more than the caches of many machines; for data that size, where it lies in memory can shift the result by several points in ways the interval does not cover, and differently in the next process; run the comparison in several processes with the multiproc package

== str multi n=4096 prefix: ordered vs hashed
A 9222 per op, B 5.659e+04 per op
difference +83.70% [+83.27%, +84.51%] at 95% confidence
noise floor 1.267%, autocorrelation -0.075
resolved: A is faster than B
  warning: the program holds 26 MB of live data, more than the caches of many machines; for data that size, where it lies in memory can shift the result by several points in ways the interval does not cover, and differently in the next process; run the comparison in several processes with the multiproc package

== str multi n=4096 prefix: ordered vs btree-sets
A 8844 per op, B 1.864e+04 per op
difference +52.54% [+51.75%, +53.96%] at 95% confidence
noise floor 1.973%, autocorrelation -0.110
resolved: A is faster than B
  warning: the program holds 26 MB of live data, more than the caches of many machines; for data that size, where it lies in memory can shift the result by several points in ways the interval does not cover, and differently in the next process; run the comparison in several processes with the multiproc package
  warning: candidate B drifted during the run, shifting -2.65% from its first half to its second; the machine did not hold still

== str multi n=4096 prefix: ordered vs map-sets
A 8647 per op, B 6.565e+04 per op
difference +86.83% [+86.23%, +87.06%] at 95% confidence
noise floor 2.965%, autocorrelation +0.408, resampled in blocks of 3
resolved: A is faster than B
  warning: the program holds 26 MB of live data, more than the caches of many machines; for data that size, where it lies in memory can shift the result by several points in ways the interval does not cover, and differently in the next process; run the comparison in several processes with the multiproc package

== str multi n=4096 churn and build: ordered vs hashed
steady state, per insertion or deletion in a structure of 25123 elements (cycle of 50246 operations, first pass untimed):
  A 98.7 per op, B 65.91 per op
  difference -49.75% [-53.46%, -45.86%] at 95% confidence
  noise floor 1.183%, autocorrelation -0.001
  resolved: A is slower than B
    warning: the program holds 29 MB of live data, more than the caches of many machines; for data that size, where it lies in memory can shift the result by several points in ways the interval does not cover, and differently in the next process; run the comparison in several processes with the multiproc package
    warning: in 50% of A/A runs this setup reported a difference between identical code, well above the 10% expected; treat any confidence from it with suspicion

build from empty to 25123 elements, per whole build (75369 operations):
  A 8.034e+06 per op, B 5.864e+06 per op
  difference -36.99% [-38.70%, -33.72%] at 95% confidence
  noise floor 0.496%, autocorrelation +0.101
  resolved: A is slower than B
    warning: the program holds 26 MB of live data, more than the caches of many machines; for data that size, where it lies in memory can shift the result by several points in ways the interval does not cover, and differently in the next process; run the comparison in several processes with the multiproc package

== str multi n=4096 churn and build: ordered vs btree-sets
steady state, per insertion or deletion in a structure of 25123 elements (cycle of 50246 operations, first pass untimed):
  A 99.42 per op, B 197.6 per op
  difference +49.68% [+48.97%, +50.98%] at 95% confidence
  noise floor 1.073%, autocorrelation +0.036
  resolved: A is faster than B
    warning: the program holds 30 MB of live data, more than the caches of many machines; for data that size, where it lies in memory can shift the result by several points in ways the interval does not cover, and differently in the next process; run the comparison in several processes with the multiproc package

build from empty to 25123 elements, per whole build (75369 operations):
  A 8.095e+06 per op, B 1.499e+07 per op
  difference +46.01% [+45.56%, +47.27%] at 95% confidence
  noise floor 1.293%, autocorrelation +0.153
  resolved: A is faster than B
    warning: the program holds 26 MB of live data, more than the caches of many machines; for data that size, where it lies in memory can shift the result by several points in ways the interval does not cover, and differently in the next process; run the comparison in several processes with the multiproc package

== str multi n=4096 churn and build: ordered vs map-sets
steady state, per insertion or deletion in a structure of 25123 elements (cycle of 50246 operations, first pass untimed):
  A 96.93 per op, B 72.49 per op
  difference -33.71% [-39.87%, -30.92%] at 95% confidence
  noise floor 2.840%, autocorrelation +0.097
  resolved: A is slower than B
    warning: the program holds 30 MB of live data, more than the caches of many machines; for data that size, where it lies in memory can shift the result by several points in ways the interval does not cover, and differently in the next process; run the comparison in several processes with the multiproc package
    warning: in 50% of A/A runs this setup reported a difference between identical code, well above the 10% expected; treat any confidence from it with suspicion

build from empty to 25123 elements, per whole build (75369 operations):
  A 8.129e+06 per op, B 5.858e+06 per op
  difference -38.76% [-44.17%, -34.37%] at 95% confidence
  noise floor 1.631%, autocorrelation +0.047
  resolved: A is slower than B
    warning: the program holds 26 MB of live data, more than the caches of many machines; for data that size, where it lies in memory can shift the result by several points in ways the interval does not cover, and differently in the next process; run the comparison in several processes with the multiproc package

checksum 14203486883711384672
== str multi n=4096 valuesFor: ordered vs hashed
A 63.32 per op, B 42.79 per op
difference -47.98% [-52.21%, -44.74%] at 95% confidence
noise floor 0.849%, autocorrelation -0.218
resolved: A is slower than B
  warning: the program holds 30 MB of live data, more than the caches of many machines; for data that size, where it lies in memory can shift the result by several points in ways the interval does not cover, and differently in the next process; run the comparison in several processes with the multiproc package

== str multi n=4096 valuesFor: ordered vs btree-sets
A 63.84 per op, B 176.1 per op
difference +63.74% [+63.43%, +64.14%] at 95% confidence
noise floor 0.754%, autocorrelation +0.037
resolved: A is faster than B
  warning: the program holds 30 MB of live data, more than the caches of many machines; for data that size, where it lies in memory can shift the result by several points in ways the interval does not cover, and differently in the next process; run the comparison in several processes with the multiproc package

== str multi n=4096 valuesFor: ordered vs map-sets
A 63.34 per op, B 93.78 per op
difference +32.46% [+31.84%, +33.19%] at 95% confidence
noise floor 0.728%, autocorrelation +0.210, resampled in blocks of 3
resolved: A is faster than B
  warning: the program holds 30 MB of live data, more than the caches of many machines; for data that size, where it lies in memory can shift the result by several points in ways the interval does not cover, and differently in the next process; run the comparison in several processes with the multiproc package

== str multi n=4096 valuesBetween: ordered vs hashed
A 3937 per op, B 5.453e+04 per op
difference +92.78% [+92.64%, +93.00%] at 95% confidence
noise floor 0.532%, autocorrelation +0.035
resolved: A is faster than B
  warning: the program holds 30 MB of live data, more than the caches of many machines; for data that size, where it lies in memory can shift the result by several points in ways the interval does not cover, and differently in the next process; run the comparison in several processes with the multiproc package

== str multi n=4096 valuesBetween: ordered vs btree-sets
A 3841 per op, B 7462 per op
difference +48.52% [+47.45%, +49.64%] at 95% confidence
noise floor 1.168%, autocorrelation -0.153
resolved: A is faster than B
  warning: the program holds 30 MB of live data, more than the caches of many machines; for data that size, where it lies in memory can shift the result by several points in ways the interval does not cover, and differently in the next process; run the comparison in several processes with the multiproc package

== str multi n=4096 valuesBetween: ordered vs map-sets
A 3892 per op, B 5.7e+04 per op
difference +93.17% [+92.91%, +93.30%] at 95% confidence
noise floor 0.497%, autocorrelation +0.144
resolved: A is faster than B
  warning: the program holds 30 MB of live data, more than the caches of many machines; for data that size, where it lies in memory can shift the result by several points in ways the interval does not cover, and differently in the next process; run the comparison in several processes with the multiproc package

== str multi n=4096 prefix: ordered vs hashed
A 8894 per op, B 5.672e+04 per op
difference +84.32% [+83.46%, +84.63%] at 95% confidence
noise floor 2.792%, autocorrelation -0.021
resolved: A is faster than B
  warning: the program holds 30 MB of live data, more than the caches of many machines; for data that size, where it lies in memory can shift the result by several points in ways the interval does not cover, and differently in the next process; run the comparison in several processes with the multiproc package

== str multi n=4096 prefix: ordered vs btree-sets
A 8612 per op, B 1.831e+04 per op
difference +52.98% [+51.74%, +54.50%] at 95% confidence
noise floor 1.197%, autocorrelation -0.010
resolved: A is faster than B
  warning: the program holds 30 MB of live data, more than the caches of many machines; for data that size, where it lies in memory can shift the result by several points in ways the interval does not cover, and differently in the next process; run the comparison in several processes with the multiproc package

== str multi n=4096 prefix: ordered vs map-sets
A 9311 per op, B 6.658e+04 per op
difference +86.02% [+80.28%, +88.49%] at 95% confidence
noise floor 1.156%, autocorrelation +0.026
resolved: A is faster than B
  warning: the program holds 30 MB of live data, more than the caches of many machines; for data that size, where it lies in memory can shift the result by several points in ways the interval does not cover, and differently in the next process; run the comparison in several processes with the multiproc package
  warning: candidate A drifted during the run, shifting -38.12% from its first half to its second; the machine did not hold still
  warning: candidate B drifted during the run, shifting -34.88% from its first half to its second; the machine did not hold still
  warning: the ratio B/A shifted +6.88% from the first half of the run to the second, so the candidates had not reached a steady state and the difference depends on how long the run was; a common cause is a head start for whichever candidate ran alone last before the comparison or had its data built last, which a longer CollectOptions.WarmupDuration removes

== str multi n=4096 churn and build: ordered vs hashed
steady state, per insertion or deletion in a structure of 25123 elements (cycle of 50246 operations, first pass untimed):
  A 99.22 per op, B 69.84 per op
  difference -42.08% [-46.64%, -39.11%] at 95% confidence
  noise floor 0.396%, autocorrelation +0.042
  resolved: A is slower than B
    warning: the program holds 34 MB of live data, more than the caches of many machines; for data that size, where it lies in memory can shift the result by several points in ways the interval does not cover, and differently in the next process; run the comparison in several processes with the multiproc package
    warning: candidate B drifted during the run, shifting -7.13% from its first half to its second; the machine did not hold still
    warning: the ratio B/A shifted -7.39% from the first half of the run to the second, so the candidates had not reached a steady state and the difference depends on how long the run was; a common cause is a head start for whichever candidate ran alone last before the comparison or had its data built last, which a longer CollectOptions.WarmupDuration removes

build from empty to 25123 elements, per whole build (75369 operations):
  A 7.969e+06 per op, B 5.863e+06 per op
  difference -35.93% [-39.89%, -35.03%] at 95% confidence
  noise floor 1.015%, autocorrelation +0.387, resampled in blocks of 3
  resolved: A is slower than B
    warning: the program holds 31 MB of live data, more than the caches of many machines; for data that size, where it lies in memory can shift the result by several points in ways the interval does not cover, and differently in the next process; run the comparison in several processes with the multiproc package

== str multi n=4096 churn and build: ordered vs btree-sets
steady state, per insertion or deletion in a structure of 25123 elements (cycle of 50246 operations, first pass untimed):
  A 99.55 per op, B 198.3 per op
  difference +49.81% [+48.36%, +51.94%] at 95% confidence
  noise floor 2.184%, autocorrelation +0.061
  resolved: A is faster than B
    warning: the program holds 35 MB of live data, more than the caches of many machines; for data that size, where it lies in memory can shift the result by several points in ways the interval does not cover, and differently in the next process; run the comparison in several processes with the multiproc package

build from empty to 25123 elements, per whole build (75369 operations):
  A 8.088e+06 per op, B 1.495e+07 per op
  difference +45.90% [+45.43%, +46.65%] at 95% confidence
  noise floor 1.203%, autocorrelation +0.050
  resolved: A is faster than B
    warning: the program holds 31 MB of live data, more than the caches of many machines; for data that size, where it lies in memory can shift the result by several points in ways the interval does not cover, and differently in the next process; run the comparison in several processes with the multiproc package

== str multi n=4096 churn and build: ordered vs map-sets
steady state, per insertion or deletion in a structure of 25123 elements (cycle of 50246 operations, first pass untimed):
  A 98.97 per op, B 74.5 per op
  difference -32.85% [-37.92%, -27.80%] at 95% confidence
  noise floor 0.944%, autocorrelation +0.140
  resolved: A is slower than B
    warning: the program holds 35 MB of live data, more than the caches of many machines; for data that size, where it lies in memory can shift the result by several points in ways the interval does not cover, and differently in the next process; run the comparison in several processes with the multiproc package

build from empty to 25123 elements, per whole build (75369 operations):
  A 8.027e+06 per op, B 5.9e+06 per op
  difference -36.05% [-41.46%, -32.79%] at 95% confidence
  noise floor 1.885%, autocorrelation -0.046
  resolved: A is slower than B
    warning: the program holds 31 MB of live data, more than the caches of many machines; for data that size, where it lies in memory can shift the result by several points in ways the interval does not cover, and differently in the next process; run the comparison in several processes with the multiproc package

checksum 3312773016598362416
== str multi n=4096 valuesFor: ordered vs hashed
A 63.69 per op, B 43.08 per op
difference -47.84% [-51.06%, -45.91%] at 95% confidence
noise floor 1.029%, autocorrelation -0.116
resolved: A is slower than B
  warning: the program holds 27 MB of live data, more than the caches of many machines; for data that size, where it lies in memory can shift the result by several points in ways the interval does not cover, and differently in the next process; run the comparison in several processes with the multiproc package

== str multi n=4096 valuesFor: ordered vs btree-sets
A 65.45 per op, B 179.6 per op
difference +63.55% [+63.28%, +64.29%] at 95% confidence
noise floor 1.277%, autocorrelation -0.058
resolved: A is faster than B
  warning: the program holds 27 MB of live data, more than the caches of many machines; for data that size, where it lies in memory can shift the result by several points in ways the interval does not cover, and differently in the next process; run the comparison in several processes with the multiproc package
  warning: in 50% of A/A runs this setup reported a difference between identical code, well above the 10% expected; treat any confidence from it with suspicion

== str multi n=4096 valuesFor: ordered vs map-sets
A 63.04 per op, B 95.3 per op
difference +33.85% [+32.85%, +35.21%] at 95% confidence
noise floor 0.711%, autocorrelation -0.177
resolved: A is faster than B
  warning: the program holds 27 MB of live data, more than the caches of many machines; for data that size, where it lies in memory can shift the result by several points in ways the interval does not cover, and differently in the next process; run the comparison in several processes with the multiproc package

== str multi n=4096 valuesBetween: ordered vs hashed
A 3951 per op, B 5.485e+04 per op
difference +92.80% [+92.66%, +92.95%] at 95% confidence
noise floor 0.287%, autocorrelation +0.107
resolved: A is faster than B
  warning: the program holds 27 MB of live data, more than the caches of many machines; for data that size, where it lies in memory can shift the result by several points in ways the interval does not cover, and differently in the next process; run the comparison in several processes with the multiproc package

== str multi n=4096 valuesBetween: ordered vs btree-sets
A 3830 per op, B 7431 per op
difference +48.46% [+47.30%, +49.51%] at 95% confidence
noise floor 1.803%, autocorrelation -0.101
resolved: A is faster than B
  warning: the program holds 27 MB of live data, more than the caches of many machines; for data that size, where it lies in memory can shift the result by several points in ways the interval does not cover, and differently in the next process; run the comparison in several processes with the multiproc package

== str multi n=4096 valuesBetween: ordered vs map-sets
A 3842 per op, B 5.604e+04 per op
difference +93.14% [+92.88%, +93.42%] at 95% confidence
noise floor 2.695%, autocorrelation -0.014
resolved: A is faster than B
  warning: the program holds 27 MB of live data, more than the caches of many machines; for data that size, where it lies in memory can shift the result by several points in ways the interval does not cover, and differently in the next process; run the comparison in several processes with the multiproc package

== str multi n=4096 prefix: ordered vs hashed
A 9143 per op, B 5.691e+04 per op
difference +83.94% [+83.56%, +84.17%] at 95% confidence
noise floor 0.877%, autocorrelation +0.015
resolved: A is faster than B
  warning: the program holds 27 MB of live data, more than the caches of many machines; for data that size, where it lies in memory can shift the result by several points in ways the interval does not cover, and differently in the next process; run the comparison in several processes with the multiproc package

== str multi n=4096 prefix: ordered vs btree-sets
A 8622 per op, B 1.842e+04 per op
difference +53.20% [+51.76%, +55.27%] at 95% confidence
noise floor 1.171%, autocorrelation -0.213
resolved: A is faster than B
  warning: the program holds 27 MB of live data, more than the caches of many machines; for data that size, where it lies in memory can shift the result by several points in ways the interval does not cover, and differently in the next process; run the comparison in several processes with the multiproc package

== str multi n=4096 prefix: ordered vs map-sets
A 8561 per op, B 6.52e+04 per op
difference +86.87% [+86.40%, +87.20%] at 95% confidence
noise floor 0.973%, autocorrelation -0.187
resolved: A is faster than B
  warning: the program holds 27 MB of live data, more than the caches of many machines; for data that size, where it lies in memory can shift the result by several points in ways the interval does not cover, and differently in the next process; run the comparison in several processes with the multiproc package

== str multi n=4096 churn and build: ordered vs hashed
steady state, per insertion or deletion in a structure of 25123 elements (cycle of 50246 operations, first pass untimed):
  A 97.6 per op, B 67.66 per op
  difference -44.26% [-51.26%, -41.08%] at 95% confidence
  noise floor 2.777%, autocorrelation +0.314, resampled in blocks of 3
  resolved: A is slower than B
    warning: the program holds 31 MB of live data, more than the caches of many machines; for data that size, where it lies in memory can shift the result by several points in ways the interval does not cover, and differently in the next process; run the comparison in several processes with the multiproc package
    warning: in 50% of A/A runs this setup reported a difference between identical code, well above the 10% expected; treat any confidence from it with suspicion

build from empty to 25123 elements, per whole build (75369 operations):
  A 7.949e+06 per op, B 5.891e+06 per op
  difference -34.94% [-37.18%, -33.04%] at 95% confidence
  noise floor 0.597%, autocorrelation +0.013
  resolved: A is slower than B
    warning: the program holds 28 MB of live data, more than the caches of many machines; for data that size, where it lies in memory can shift the result by several points in ways the interval does not cover, and differently in the next process; run the comparison in several processes with the multiproc package

== str multi n=4096 churn and build: ordered vs btree-sets
steady state, per insertion or deletion in a structure of 25123 elements (cycle of 50246 operations, first pass untimed):
  A 101.1 per op, B 199.5 per op
  difference +49.32% [+47.93%, +51.09%] at 95% confidence
  noise floor 3.384%, autocorrelation -0.052
  resolved: A is faster than B
    warning: the program holds 32 MB of live data, more than the caches of many machines; for data that size, where it lies in memory can shift the result by several points in ways the interval does not cover, and differently in the next process; run the comparison in several processes with the multiproc package
    warning: candidate B drifted during the run, shifting +5.12% from its first half to its second; the machine did not hold still
    warning: in 50% of A/A runs this setup reported a difference between identical code, well above the 10% expected; treat any confidence from it with suspicion

build from empty to 25123 elements, per whole build (75369 operations):
  A 8.075e+06 per op, B 1.482e+07 per op
  difference +45.51% [+44.70%, +46.76%] at 95% confidence
  noise floor 0.834%, autocorrelation +0.008
  resolved: A is faster than B
    warning: the program holds 28 MB of live data, more than the caches of many machines; for data that size, where it lies in memory can shift the result by several points in ways the interval does not cover, and differently in the next process; run the comparison in several processes with the multiproc package

== str multi n=4096 churn and build: ordered vs map-sets
steady state, per insertion or deletion in a structure of 25123 elements (cycle of 50246 operations, first pass untimed):
  A 100.3 per op, B 75.4 per op
  difference -32.99% [-37.41%, -27.31%] at 95% confidence
  noise floor 1.387%, autocorrelation +0.030
  resolved: A is slower than B
    warning: the program holds 32 MB of live data, more than the caches of many machines; for data that size, where it lies in memory can shift the result by several points in ways the interval does not cover, and differently in the next process; run the comparison in several processes with the multiproc package

build from empty to 25123 elements, per whole build (75369 operations):
  A 8.098e+06 per op, B 6.172e+06 per op
  difference -31.19% [-39.79%, -28.47%] at 95% confidence
  noise floor 0.938%, autocorrelation -0.031
  resolved: A is slower than B
    warning: the program holds 28 MB of live data, more than the caches of many machines; for data that size, where it lies in memory can shift the result by several points in ways the interval does not cover, and differently in the next process; run the comparison in several processes with the multiproc package

checksum 10563004425435660976
== str multi n=4096 valuesFor: ordered vs hashed
A 63.6 per op, B 42.97 per op
difference -47.99% [-51.28%, -45.52%] at 95% confidence
noise floor 1.528%, autocorrelation +0.373, resampled in blocks of 3
resolved: A is slower than B
  warning: the program holds 32 MB of live data, more than the caches of many machines; for data that size, where it lies in memory can shift the result by several points in ways the interval does not cover, and differently in the next process; run the comparison in several processes with the multiproc package
  warning: in 50% of A/A runs this setup reported a difference between identical code, well above the 10% expected; treat any confidence from it with suspicion

== str multi n=4096 valuesFor: ordered vs btree-sets
A 64.5 per op, B 178 per op
difference +63.76% [+63.18%, +64.14%] at 95% confidence
noise floor 1.349%, autocorrelation -0.004
resolved: A is faster than B
  warning: the program holds 32 MB of live data, more than the caches of many machines; for data that size, where it lies in memory can shift the result by several points in ways the interval does not cover, and differently in the next process; run the comparison in several processes with the multiproc package
  warning: in 50% of A/A runs this setup reported a difference between identical code, well above the 10% expected; treat any confidence from it with suspicion

== str multi n=4096 valuesFor: ordered vs map-sets
A 65.12 per op, B 94.24 per op
difference +30.90% [+30.23%, +32.71%] at 95% confidence
noise floor 1.062%, autocorrelation +0.015
resolved: A is faster than B
  warning: the program holds 32 MB of live data, more than the caches of many machines; for data that size, where it lies in memory can shift the result by several points in ways the interval does not cover, and differently in the next process; run the comparison in several processes with the multiproc package

== str multi n=4096 valuesBetween: ordered vs hashed
A 3957 per op, B 5.429e+04 per op
difference +92.71% [+92.57%, +93.00%] at 95% confidence
noise floor 1.319%, autocorrelation +0.135
resolved: A is faster than B
  warning: the program holds 32 MB of live data, more than the caches of many machines; for data that size, where it lies in memory can shift the result by several points in ways the interval does not cover, and differently in the next process; run the comparison in several processes with the multiproc package

== str multi n=4096 valuesBetween: ordered vs btree-sets
A 3844 per op, B 7417 per op
difference +48.17% [+47.13%, +49.62%] at 95% confidence
noise floor 3.053%, autocorrelation -0.025
resolved: A is faster than B
  warning: the program holds 32 MB of live data, more than the caches of many machines; for data that size, where it lies in memory can shift the result by several points in ways the interval does not cover, and differently in the next process; run the comparison in several processes with the multiproc package
  warning: candidate A drifted during the run, shifting -4.19% from its first half to its second; the machine did not hold still
  warning: the ratio B/A shifted +4.74% from the first half of the run to the second, so the candidates had not reached a steady state and the difference depends on how long the run was; a common cause is a head start for whichever candidate ran alone last before the comparison or had its data built last, which a longer CollectOptions.WarmupDuration removes
  warning: in 50% of A/A runs this setup reported a difference between identical code, well above the 10% expected; treat any confidence from it with suspicion

== str multi n=4096 valuesBetween: ordered vs map-sets
A 3918 per op, B 5.596e+04 per op
difference +93.00% [+92.75%, +93.18%] at 95% confidence
noise floor 1.082%, autocorrelation +0.081
resolved: A is faster than B
  warning: the program holds 32 MB of live data, more than the caches of many machines; for data that size, where it lies in memory can shift the result by several points in ways the interval does not cover, and differently in the next process; run the comparison in several processes with the multiproc package

== str multi n=4096 prefix: ordered vs hashed
A 9025 per op, B 5.629e+04 per op
difference +83.97% [+83.56%, +84.67%] at 95% confidence
noise floor 1.804%, autocorrelation +0.034
resolved: A is faster than B
  warning: the program holds 32 MB of live data, more than the caches of many machines; for data that size, where it lies in memory can shift the result by several points in ways the interval does not cover, and differently in the next process; run the comparison in several processes with the multiproc package

== str multi n=4096 prefix: ordered vs btree-sets
A 8739 per op, B 1.861e+04 per op
difference +53.03% [+50.95%, +54.95%] at 95% confidence
noise floor 1.921%, autocorrelation +0.019
resolved: A is faster than B
  warning: the program holds 32 MB of live data, more than the caches of many machines; for data that size, where it lies in memory can shift the result by several points in ways the interval does not cover, and differently in the next process; run the comparison in several processes with the multiproc package

== str multi n=4096 prefix: ordered vs map-sets
A 8736 per op, B 6.527e+04 per op
difference +86.62% [+86.38%, +87.22%] at 95% confidence
noise floor 2.067%, autocorrelation -0.095
resolved: A is faster than B
  warning: the program holds 32 MB of live data, more than the caches of many machines; for data that size, where it lies in memory can shift the result by several points in ways the interval does not cover, and differently in the next process; run the comparison in several processes with the multiproc package

== str multi n=4096 churn and build: ordered vs hashed
steady state, per insertion or deletion in a structure of 25123 elements (cycle of 50246 operations, first pass untimed):
  A 96.75 per op, B 64.81 per op
  difference -49.28% [-51.10%, -44.14%] at 95% confidence
  noise floor 1.532%, autocorrelation +0.197
  resolved: A is slower than B
    warning: the program holds 36 MB of live data, more than the caches of many machines; for data that size, where it lies in memory can shift the result by several points in ways the interval does not cover, and differently in the next process; run the comparison in several processes with the multiproc package

build from empty to 25123 elements, per whole build (75369 operations):
  A 7.999e+06 per op, B 5.837e+06 per op
  difference -37.03% [-37.91%, -33.92%] at 95% confidence
  noise floor 0.847%, autocorrelation +0.210, resampled in blocks of 3
  resolved: A is slower than B
    warning: the program holds 33 MB of live data, more than the caches of many machines; for data that size, where it lies in memory can shift the result by several points in ways the interval does not cover, and differently in the next process; run the comparison in several processes with the multiproc package

== str multi n=4096 churn and build: ordered vs btree-sets
steady state, per insertion or deletion in a structure of 25123 elements (cycle of 50246 operations, first pass untimed):
  A 100.9 per op, B 197.3 per op
  difference +48.89% [+48.20%, +50.79%] at 95% confidence
  noise floor 1.616%, autocorrelation +0.002
  resolved: A is faster than B
    warning: the program holds 37 MB of live data, more than the caches of many machines; for data that size, where it lies in memory can shift the result by several points in ways the interval does not cover, and differently in the next process; run the comparison in several processes with the multiproc package
    warning: the ratio B/A shifted +4.98% from the first half of the run to the second, so the candidates had not reached a steady state and the difference depends on how long the run was; a common cause is a head start for whichever candidate ran alone last before the comparison or had its data built last, which a longer CollectOptions.WarmupDuration removes

build from empty to 25123 elements, per whole build (75369 operations):
  A 8.141e+06 per op, B 1.501e+07 per op
  difference +45.75% [+45.54%, +46.46%] at 95% confidence
  noise floor 0.654%, autocorrelation +0.213, resampled in blocks of 3
  resolved: A is faster than B
    warning: the program holds 33 MB of live data, more than the caches of many machines; for data that size, where it lies in memory can shift the result by several points in ways the interval does not cover, and differently in the next process; run the comparison in several processes with the multiproc package

== str multi n=4096 churn and build: ordered vs map-sets
steady state, per insertion or deletion in a structure of 25123 elements (cycle of 50246 operations, first pass untimed):
  A 97.91 per op, B 70.66 per op
  difference -38.56% [-45.77%, -33.10%] at 95% confidence
  noise floor 3.655%, autocorrelation -0.052
  resolved: A is slower than B
    warning: the program holds 37 MB of live data, more than the caches of many machines; for data that size, where it lies in memory can shift the result by several points in ways the interval does not cover, and differently in the next process; run the comparison in several processes with the multiproc package
    warning: candidate B drifted during the run, shifting +10.09% from its first half to its second; the machine did not hold still

build from empty to 25123 elements, per whole build (75369 operations):
  A 8.003e+06 per op, B 5.814e+06 per op
  difference -37.64% [-40.66%, -36.39%] at 95% confidence
  noise floor 1.034%, autocorrelation -0.103
  resolved: A is slower than B
    warning: the program holds 33 MB of live data, more than the caches of many machines; for data that size, where it lies in memory can shift the result by several points in ways the interval does not cover, and differently in the next process; run the comparison in several processes with the multiproc package

checksum 16986037451373444480
== str multi n=4096 valuesFor: ordered vs hashed
A 63.99 per op, B 42.4 per op
difference -50.94% [-53.60%, -47.75%] at 95% confidence
noise floor 1.366%, autocorrelation -0.183
resolved: A is slower than B
  warning: the program holds 27 MB of live data, more than the caches of many machines; for data that size, where it lies in memory can shift the result by several points in ways the interval does not cover, and differently in the next process; run the comparison in several processes with the multiproc package

== str multi n=4096 valuesFor: ordered vs btree-sets
A 64.46 per op, B 176.7 per op
difference +63.51% [+63.17%, +63.69%] at 95% confidence
noise floor 0.935%, autocorrelation +0.431, resampled in blocks of 3
resolved: A is faster than B
  warning: the program holds 27 MB of live data, more than the caches of many machines; for data that size, where it lies in memory can shift the result by several points in ways the interval does not cover, and differently in the next process; run the comparison in several processes with the multiproc package

== str multi n=4096 valuesFor: ordered vs map-sets
A 63.87 per op, B 95.61 per op
difference +33.20% [+32.24%, +34.39%] at 95% confidence
noise floor 1.030%, autocorrelation -0.006
resolved: A is faster than B
  warning: the program holds 27 MB of live data, more than the caches of many machines; for data that size, where it lies in memory can shift the result by several points in ways the interval does not cover, and differently in the next process; run the comparison in several processes with the multiproc package

== str multi n=4096 valuesBetween: ordered vs hashed
A 4039 per op, B 5.499e+04 per op
difference +92.66% [+92.51%, +92.99%] at 95% confidence
noise floor 1.255%, autocorrelation -0.008
resolved: A is faster than B
  warning: the program holds 27 MB of live data, more than the caches of many machines; for data that size, where it lies in memory can shift the result by several points in ways the interval does not cover, and differently in the next process; run the comparison in several processes with the multiproc package

== str multi n=4096 valuesBetween: ordered vs btree-sets
A 3829 per op, B 7542 per op
difference +49.22% [+47.34%, +50.41%] at 95% confidence
noise floor 1.973%, autocorrelation -0.134
resolved: A is faster than B
  warning: the program holds 27 MB of live data, more than the caches of many machines; for data that size, where it lies in memory can shift the result by several points in ways the interval does not cover, and differently in the next process; run the comparison in several processes with the multiproc package

== str multi n=4096 valuesBetween: ordered vs map-sets
A 3885 per op, B 5.599e+04 per op
difference +93.06% [+92.92%, +93.12%] at 95% confidence
noise floor 1.583%, autocorrelation +0.107
resolved: A is faster than B
  warning: the program holds 27 MB of live data, more than the caches of many machines; for data that size, where it lies in memory can shift the result by several points in ways the interval does not cover, and differently in the next process; run the comparison in several processes with the multiproc package

== str multi n=4096 prefix: ordered vs hashed
A 9067 per op, B 5.644e+04 per op
difference +83.93% [+83.54%, +84.59%] at 95% confidence
noise floor 0.604%, autocorrelation -0.232
resolved: A is faster than B
  warning: the program holds 27 MB of live data, more than the caches of many machines; for data that size, where it lies in memory can shift the result by several points in ways the interval does not cover, and differently in the next process; run the comparison in several processes with the multiproc package
  warning: in 50% of A/A runs this setup reported a difference between identical code, well above the 10% expected; treat any confidence from it with suspicion

== str multi n=4096 prefix: ordered vs btree-sets
A 8835 per op, B 1.851e+04 per op
difference +52.28% [+51.56%, +53.52%] at 95% confidence
noise floor 3.853%, autocorrelation -0.036
resolved: A is faster than B
  warning: the program holds 27 MB of live data, more than the caches of many machines; for data that size, where it lies in memory can shift the result by several points in ways the interval does not cover, and differently in the next process; run the comparison in several processes with the multiproc package
  warning: in 100% of A/A runs this setup reported a difference between identical code, well above the 10% expected; treat any confidence from it with suspicion

== str multi n=4096 prefix: ordered vs map-sets
A 8914 per op, B 6.499e+04 per op
difference +86.28% [+86.13%, +86.88%] at 95% confidence
noise floor 0.860%, autocorrelation -0.086
resolved: A is faster than B
  warning: the program holds 27 MB of live data, more than the caches of many machines; for data that size, where it lies in memory can shift the result by several points in ways the interval does not cover, and differently in the next process; run the comparison in several processes with the multiproc package

== str multi n=4096 churn and build: ordered vs hashed
steady state, per insertion or deletion in a structure of 25123 elements (cycle of 50246 operations, first pass untimed):
  A 95.08 per op, B 65.03 per op
  difference -46.21% [-47.89%, -43.47%] at 95% confidence
  noise floor 0.379%, autocorrelation -0.249
  resolved: A is slower than B
    warning: the program holds 31 MB of live data, more than the caches of many machines; for data that size, where it lies in memory can shift the result by several points in ways the interval does not cover, and differently in the next process; run the comparison in several processes with the multiproc package

build from empty to 25123 elements, per whole build (75369 operations):
  A 7.948e+06 per op, B 5.87e+06 per op
  difference -35.41% [-38.20%, -34.64%] at 95% confidence
  noise floor 1.107%, autocorrelation +0.034
  resolved: A is slower than B
    warning: the program holds 28 MB of live data, more than the caches of many machines; for data that size, where it lies in memory can shift the result by several points in ways the interval does not cover, and differently in the next process; run the comparison in several processes with the multiproc package

== str multi n=4096 churn and build: ordered vs btree-sets
steady state, per insertion or deletion in a structure of 25123 elements (cycle of 50246 operations, first pass untimed):
  A 97.81 per op, B 195.6 per op
  difference +50.00% [+48.68%, +51.37%] at 95% confidence
  noise floor 1.561%, autocorrelation +0.012
  resolved: A is faster than B
    warning: the program holds 32 MB of live data, more than the caches of many machines; for data that size, where it lies in memory can shift the result by several points in ways the interval does not cover, and differently in the next process; run the comparison in several processes with the multiproc package

build from empty to 25123 elements, per whole build (75369 operations):
  A 8.002e+06 per op, B 1.498e+07 per op
  difference +46.59% [+45.64%, +46.90%] at 95% confidence
  noise floor 0.678%, autocorrelation +0.010
  resolved: A is faster than B
    warning: the program holds 28 MB of live data, more than the caches of many machines; for data that size, where it lies in memory can shift the result by several points in ways the interval does not cover, and differently in the next process; run the comparison in several processes with the multiproc package

== str multi n=4096 churn and build: ordered vs map-sets
steady state, per insertion or deletion in a structure of 25123 elements (cycle of 50246 operations, first pass untimed):
  A 97.62 per op, B 71.86 per op
  difference -35.84% [-41.21%, -30.45%] at 95% confidence
  noise floor 1.788%, autocorrelation +0.116
  resolved: A is slower than B
    warning: the program holds 32 MB of live data, more than the caches of many machines; for data that size, where it lies in memory can shift the result by several points in ways the interval does not cover, and differently in the next process; run the comparison in several processes with the multiproc package

build from empty to 25123 elements, per whole build (75369 operations):
  A 8.013e+06 per op, B 5.998e+06 per op
  difference -33.60% [-36.82%, -28.47%] at 95% confidence
  noise floor 1.251%, autocorrelation -0.218
  resolved: A is slower than B
    warning: the program holds 28 MB of live data, more than the caches of many machines; for data that size, where it lies in memory can shift the result by several points in ways the interval does not cover, and differently in the next process; run the comparison in several processes with the multiproc package
    warning: in 50% of A/A runs this setup reported a difference between identical code, well above the 10% expected; treat any confidence from it with suspicion

checksum 5843349287429898720
