== path unique n=4096 valuesFor: ordered vs btree-map
A 90.62 per op, B 127.4 per op
difference +28.86% [+26.78%, +30.55%] at 95% confidence
noise floor 1.362%, autocorrelation +0.113
resolved: A is faster than B
  warning: the program holds 68 MB of live data, more than the caches of many machines; for data that size, where it lies in memory can shift the result by several points in ways the interval does not cover, and differently in the next process; run the comparison in several processes with the multiproc package

== path unique n=4096 valuesBetween: ordered vs btree-map
A 2541 per op, B 616.9 per op
difference -311.92% [-330.35%, -305.13%] at 95% confidence
noise floor 1.317%, autocorrelation -0.145
resolved: A is slower than B
  warning: the program holds 69 MB of live data, more than the caches of many machines; for data that size, where it lies in memory can shift the result by several points in ways the interval does not cover, and differently in the next process; run the comparison in several processes with the multiproc package

== path unique n=4096 prefix: ordered vs btree-map
A 265.7 per op, B 168 per op
difference -58.13% [-64.11%, -52.54%] at 95% confidence
noise floor 0.850%, autocorrelation -0.276
resolved: A is slower than B
  warning: the program holds 69 MB of live data, more than the caches of many machines; for data that size, where it lies in memory can shift the result by several points in ways the interval does not cover, and differently in the next process; run the comparison in several processes with the multiproc package

== path unique n=4096 churn and build: ordered vs btree-map
steady state, per insertion or deletion in a structure of 4096 elements (cycle of 8192 operations, first pass untimed):
  A 209.6 per op, B 192.5 per op
  difference -8.90% [-11.43%, -3.85%] at 95% confidence
  noise floor 1.939%, autocorrelation -0.107
  resolved: A is slower than B
    warning: the program holds 70 MB of live data, more than the caches of many machines; for data that size, where it lies in memory can shift the result by several points in ways the interval does not cover, and differently in the next process; run the comparison in several processes with the multiproc package

build from empty to 4096 elements, per whole build (12288 operations):
  A 2.251e+06 per op, B 2.265e+06 per op
  difference +0.58% [-2.22%, +2.38%] at 95% confidence
  noise floor 4.496%, autocorrelation +0.045
  not resolved: this run did not establish a difference
    warning: the difference of 0.58% does not clear the 4.50% noise floor, which is what this setup reports between two runs of identical code
    warning: the interval [-2.22%, 2.38%] includes zero, so a difference in either direction is consistent with these measurements
    warning: the program holds 69 MB of live data, more than the caches of many machines; for data that size, where it lies in memory can shift the result by several points in ways the interval does not cover, and differently in the next process; run the comparison in several processes with the multiproc package
    warning: in 50% of A/A runs this setup reported a difference between identical code, well above the 10% expected; treat any confidence from it with suspicion

checksum 2145577254192771472
== path unique n=4096 valuesFor: ordered vs btree-map
A 93.07 per op, B 126.1 per op
difference +26.17% [+23.50%, +28.14%] at 95% confidence
noise floor 1.559%, autocorrelation -0.297
resolved: A is faster than B
  warning: the program holds 74 MB of live data, more than the caches of many machines; for data that size, where it lies in memory can shift the result by several points in ways the interval does not cover, and differently in the next process; run the comparison in several processes with the multiproc package
  warning: in 50% of A/A runs this setup reported a difference between identical code, well above the 10% expected; treat any confidence from it with suspicion

== path unique n=4096 valuesBetween: ordered vs btree-map
A 2560 per op, B 617.6 per op
difference -314.50% [-327.30%, -305.95%] at 95% confidence
noise floor 0.606%, autocorrelation -0.194
resolved: A is slower than B
  warning: the program holds 74 MB of live data, more than the caches of many machines; for data that size, where it lies in memory can shift the result by several points in ways the interval does not cover, and differently in the next process; run the comparison in several processes with the multiproc package

== path unique n=4096 prefix: ordered vs btree-map
A 267.3 per op, B 170.5 per op
difference -56.81% [-67.49%, -51.77%] at 95% confidence
noise floor 3.383%, autocorrelation +0.106
resolved: A is slower than B
  warning: the program holds 73 MB of live data, more than the caches of many machines; for data that size, where it lies in memory can shift the result by several points in ways the interval does not cover, and differently in the next process; run the comparison in several processes with the multiproc package

== path unique n=4096 churn and build: ordered vs btree-map
steady state, per insertion or deletion in a structure of 4096 elements (cycle of 8192 operations, first pass untimed):
  A 212.5 per op, B 196.6 per op
  difference -8.07% [-11.92%, -4.20%] at 95% confidence
  noise floor 3.051%, autocorrelation +0.034
  resolved: A is slower than B
    warning: the program holds 74 MB of live data, more than the caches of many machines; for data that size, where it lies in memory can shift the result by several points in ways the interval does not cover, and differently in the next process; run the comparison in several processes with the multiproc package
    warning: candidate A drifted during the run, shifting -3.91% from its first half to its second; the machine did not hold still

build from empty to 4096 elements, per whole build (12288 operations):
  A 2.238e+06 per op, B 2.249e+06 per op
  difference +0.49% [-2.86%, +3.42%] at 95% confidence
  noise floor 1.572%, autocorrelation +0.162
  not resolved: this run did not establish a difference
    warning: the difference of 0.49% does not clear the 1.57% noise floor, which is what this setup reports between two runs of identical code
    warning: the interval [-2.86%, 3.42%] includes zero, so a difference in either direction is consistent with these measurements
    warning: the program holds 72 MB of live data, more than the caches of many machines; for data that size, where it lies in memory can shift the result by several points in ways the interval does not cover, and differently in the next process; run the comparison in several processes with the multiproc package
    warning: in 50% of A/A runs this setup reported a difference between identical code, well above the 10% expected; treat any confidence from it with suspicion

checksum 11122038006109069952
== path unique n=4096 valuesFor: ordered vs btree-map
A 91.89 per op, B 126.6 per op
difference +27.44% [+26.10%, +29.95%] at 95% confidence
noise floor 0.785%, autocorrelation -0.243
resolved: A is faster than B
  warning: the program holds 76 MB of live data, more than the caches of many machines; for data that size, where it lies in memory can shift the result by several points in ways the interval does not cover, and differently in the next process; run the comparison in several processes with the multiproc package

== path unique n=4096 valuesBetween: ordered vs btree-map
A 2546 per op, B 624.4 per op
difference -307.76% [-334.22%, -298.86%] at 95% confidence
noise floor 1.760%, autocorrelation +0.009
resolved: A is slower than B
  warning: the program holds 77 MB of live data, more than the caches of many machines; for data that size, where it lies in memory can shift the result by several points in ways the interval does not cover, and differently in the next process; run the comparison in several processes with the multiproc package
  warning: in 100% of A/A runs this setup reported a difference between identical code, well above the 10% expected; treat any confidence from it with suspicion

== path unique n=4096 prefix: ordered vs btree-map
A 265.9 per op, B 166.9 per op
difference -59.30% [-75.70%, -56.59%] at 95% confidence
noise floor 4.352%, autocorrelation +0.371, resampled in blocks of 3
resolved: A is slower than B
  warning: the program holds 77 MB of live data, more than the caches of many machines; for data that size, where it lies in memory can shift the result by several points in ways the interval does not cover, and differently in the next process; run the comparison in several processes with the multiproc package

== path unique n=4096 churn and build: ordered vs btree-map
steady state, per insertion or deletion in a structure of 4096 elements (cycle of 8192 operations, first pass untimed):
  A 205.2 per op, B 193.9 per op
  difference -5.82% [-10.61%, -1.68%] at 95% confidence
  noise floor 0.371%, autocorrelation +0.409, resampled in blocks of 3
  resolved: A is slower than B
    warning: the program holds 79 MB of live data, more than the caches of many machines; for data that size, where it lies in memory can shift the result by several points in ways the interval does not cover, and differently in the next process; run the comparison in several processes with the multiproc package

build from empty to 4096 elements, per whole build (12288 operations):
  A 2.28e+06 per op, B 2.259e+06 per op
  difference -0.90% [-2.87%, +1.68%] at 95% confidence
  noise floor 1.593%, autocorrelation -0.010
  not resolved: this run did not establish a difference
    warning: the difference of -0.90% does not clear the 1.59% noise floor, which is what this setup reports between two runs of identical code
    warning: the interval [-2.87%, 1.68%] includes zero, so a difference in either direction is consistent with these measurements
    warning: the program holds 77 MB of live data, more than the caches of many machines; for data that size, where it lies in memory can shift the result by several points in ways the interval does not cover, and differently in the next process; run the comparison in several processes with the multiproc package
    warning: candidate A drifted during the run, shifting -2.87% from its first half to its second; the machine did not hold still

checksum 12213293059896784208
== path unique n=4096 valuesFor: ordered vs btree-map
A 91.43 per op, B 126.9 per op
difference +27.93% [+26.36%, +30.07%] at 95% confidence
noise floor 0.995%, autocorrelation -0.141
resolved: A is faster than B
  warning: the program holds 74 MB of live data, more than the caches of many machines; for data that size, where it lies in memory can shift the result by several points in ways the interval does not cover, and differently in the next process; run the comparison in several processes with the multiproc package
  warning: candidate A drifted during the run, shifting -3.73% from its first half to its second; the machine did not hold still

== path unique n=4096 valuesBetween: ordered vs btree-map
A 2524 per op, B 615 per op
difference -310.40% [-335.09%, -302.57%] at 95% confidence
noise floor 2.025%, autocorrelation +0.010
resolved: A is slower than B
  warning: the program holds 74 MB of live data, more than the caches of many machines; for data that size, where it lies in memory can shift the result by several points in ways the interval does not cover, and differently in the next process; run the comparison in several processes with the multiproc package
  warning: in 50% of A/A runs this setup reported a difference between identical code, well above the 10% expected; treat any confidence from it with suspicion

== path unique n=4096 prefix: ordered vs btree-map
A 261.8 per op, B 167.6 per op
difference -56.18% [-62.84%, -53.47%] at 95% confidence
noise floor 2.781%, autocorrelation +0.030
resolved: A is slower than B
  warning: the program holds 74 MB of live data, more than the caches of many machines; for data that size, where it lies in memory can shift the result by several points in ways the interval does not cover, and differently in the next process; run the comparison in several processes with the multiproc package

== path unique n=4096 churn and build: ordered vs btree-map
steady state, per insertion or deletion in a structure of 4096 elements (cycle of 8192 operations, first pass untimed):
  A 212.2 per op, B 192.6 per op
  difference -10.17% [-12.05%, -6.23%] at 95% confidence
  noise floor 3.839%, autocorrelation -0.211
  resolved: A is slower than B
    warning: the program holds 76 MB of live data, more than the caches of many machines; for data that size, where it lies in memory can shift the result by several points in ways the interval does not cover, and differently in the next process; run the comparison in several processes with the multiproc package
    warning: candidate A drifted during the run, shifting -4.16% from its first half to its second; the machine did not hold still
    warning: the ratio B/A shifted +5.35% from the first half of the run to the second, so the candidates had not reached a steady state and the difference depends on how long the run was; a common cause is a head start for whichever candidate ran alone last before the comparison or had its data built last, which a longer CollectOptions.WarmupDuration removes
    warning: in 50% of A/A runs this setup reported a difference between identical code, well above the 10% expected; treat any confidence from it with suspicion

build from empty to 4096 elements, per whole build (12288 operations):
  A 2.257e+06 per op, B 2.223e+06 per op
  difference -1.51% [-3.86%, +1.02%] at 95% confidence
  noise floor 2.985%, autocorrelation +0.319, resampled in blocks of 3
  not resolved: this run did not establish a difference
    warning: the difference of -1.51% does not clear the 2.98% noise floor, which is what this setup reports between two runs of identical code
    warning: the interval [-3.86%, 1.02%] includes zero, so a difference in either direction is consistent with these measurements
    warning: the program holds 74 MB of live data, more than the caches of many machines; for data that size, where it lies in memory can shift the result by several points in ways the interval does not cover, and differently in the next process; run the comparison in several processes with the multiproc package
    warning: in 100% of A/A runs this setup reported a difference between identical code, well above the 10% expected; treat any confidence from it with suspicion

checksum 7159416890951916960
== path unique n=4096 valuesFor: ordered vs btree-map
A 92.76 per op, B 126.6 per op
difference +26.75% [+25.83%, +27.68%] at 95% confidence
noise floor 1.054%, autocorrelation +0.509, resampled in blocks of 3
resolved: A is faster than B
  warning: the program holds 70 MB of live data, more than the caches of many machines; for data that size, where it lies in memory can shift the result by several points in ways the interval does not cover, and differently in the next process; run the comparison in several processes with the multiproc package

== path unique n=4096 valuesBetween: ordered vs btree-map
A 2528 per op, B 614.5 per op
difference -311.43% [-337.97%, -301.31%] at 95% confidence
noise floor 0.824%, autocorrelation -0.170
resolved: A is slower than B
  warning: the program holds 79 MB of live data, more than the caches of many machines; for data that size, where it lies in memory can shift the result by several points in ways the interval does not cover, and differently in the next process; run the comparison in several processes with the multiproc package

== path unique n=4096 prefix: ordered vs btree-map
A 265.5 per op, B 167.3 per op
difference -58.67% [-67.85%, -52.91%] at 95% confidence
noise floor 4.422%, autocorrelation -0.412
resolved: A is slower than B
  warning: the program holds 79 MB of live data, more than the caches of many machines; for data that size, where it lies in memory can shift the result by several points in ways the interval does not cover, and differently in the next process; run the comparison in several processes with the multiproc package
  warning: in 50% of A/A runs this setup reported a difference between identical code, well above the 10% expected; treat any confidence from it with suspicion

== path unique n=4096 churn and build: ordered vs btree-map
steady state, per insertion or deletion in a structure of 4096 elements (cycle of 8192 operations, first pass untimed):
  A 209.6 per op, B 195 per op
  difference -7.49% [-9.40%, -4.31%] at 95% confidence
  noise floor 1.387%, autocorrelation -0.129
  resolved: A is slower than B
    warning: the program holds 81 MB of live data, more than the caches of many machines; for data that size, where it lies in memory can shift the result by several points in ways the interval does not cover, and differently in the next process; run the comparison in several processes with the multiproc package

build from empty to 4096 elements, per whole build (12288 operations):
  A 2.315e+06 per op, B 2.308e+06 per op
  difference -0.31% [-3.12%, +1.91%] at 95% confidence
  noise floor 1.783%, autocorrelation +0.133
  not resolved: this run did not establish a difference
    warning: the difference of -0.31% does not clear the 1.78% noise floor, which is what this setup reports between two runs of identical code
    warning: the interval [-3.12%, 1.91%] includes zero, so a difference in either direction is consistent with these measurements
    warning: the program holds 79 MB of live data, more than the caches of many machines; for data that size, where it lies in memory can shift the result by several points in ways the interval does not cover, and differently in the next process; run the comparison in several processes with the multiproc package
    warning: in 50% of A/A runs this setup reported a difference between identical code, well above the 10% expected; treat any confidence from it with suspicion

checksum 7670111152972043360
== path unique n=4096 valuesFor: ordered vs btree-map
A 91.4 per op, B 126.1 per op
difference +27.49% [+26.55%, +28.71%] at 95% confidence
noise floor 0.796%, autocorrelation -0.062
resolved: A is faster than B
  warning: the program holds 74 MB of live data, more than the caches of many machines; for data that size, where it lies in memory can shift the result by several points in ways the interval does not cover, and differently in the next process; run the comparison in several processes with the multiproc package

== path unique n=4096 valuesBetween: ordered vs btree-map
A 2472 per op, B 617.5 per op
difference -300.33% [-319.42%, -289.30%] at 95% confidence
noise floor 0.760%, autocorrelation -0.213
resolved: A is slower than B
  warning: the program holds 74 MB of live data, more than the caches of many machines; for data that size, where it lies in memory can shift the result by several points in ways the interval does not cover, and differently in the next process; run the comparison in several processes with the multiproc package

== path unique n=4096 prefix: ordered vs btree-map
A 271 per op, B 171.3 per op
difference -58.15% [-62.02%, -52.41%] at 95% confidence
noise floor 0.971%, autocorrelation -0.273
resolved: A is slower than B
  warning: the program holds 74 MB of live data, more than the caches of many machines; for data that size, where it lies in memory can shift the result by several points in ways the interval does not cover, and differently in the next process; run the comparison in several processes with the multiproc package

== path unique n=4096 churn and build: ordered vs btree-map
steady state, per insertion or deletion in a structure of 4096 elements (cycle of 8192 operations, first pass untimed):
  A 208.1 per op, B 194.4 per op
  difference -7.07% [-12.31%, -3.62%] at 95% confidence
  noise floor 1.914%, autocorrelation -0.110
  resolved: A is slower than B
    warning: the program holds 75 MB of live data, more than the caches of many machines; for data that size, where it lies in memory can shift the result by several points in ways the interval does not cover, and differently in the next process; run the comparison in several processes with the multiproc package

build from empty to 4096 elements, per whole build (12288 operations):
  A 2.267e+06 per op, B 2.269e+06 per op
  difference +0.07% [-3.02%, +2.52%] at 95% confidence
  noise floor 1.177%, autocorrelation +0.054
  not resolved: this run did not establish a difference
    warning: the difference of 0.07% does not clear the 1.18% noise floor, which is what this setup reports between two runs of identical code
    warning: the interval [-3.02%, 2.52%] includes zero, so a difference in either direction is consistent with these measurements
    warning: the program holds 74 MB of live data, more than the caches of many machines; for data that size, where it lies in memory can shift the result by several points in ways the interval does not cover, and differently in the next process; run the comparison in several processes with the multiproc package
    warning: candidate A drifted during the run, shifting -2.96% from its first half to its second; the machine did not hold still

checksum 9674997177245080624
