== str unique n=262144 valuesFor: ordered vs btree-map
A 269.2 per op, B 309.4 per op
difference +12.97% [+10.45%, +14.73%] at 95% confidence
noise floor 1.827%, autocorrelation +0.331, resampled in blocks of 3
resolved: A is faster than B
  warning: the program holds 198 MB of live data, more than the caches of many machines; for data that size, where it lies in memory can shift the result by several points in ways the interval does not cover, and differently in the next process; run the comparison in several processes with the multiproc package

== str unique n=262144 valuesBetween: ordered vs btree-map
A 6614 per op, B 2427 per op
difference -172.47% [-189.99%, -150.00%] at 95% confidence
noise floor 1.573%, autocorrelation +0.634, resampled in blocks of 3
resolved: A is slower than B
  warning: the program holds 198 MB of live data, more than the caches of many machines; for data that size, where it lies in memory can shift the result by several points in ways the interval does not cover, and differently in the next process; run the comparison in several processes with the multiproc package

== str unique n=262144 prefix: ordered vs btree-map
A 9.989e+05 per op, B 2.932e+05 per op
difference -240.68% [-259.19%, -219.69%] at 95% confidence
noise floor 7.959%, autocorrelation +0.365, resampled in blocks of 3
resolved: A is slower than B
  warning: the program holds 198 MB of live data, more than the caches of many machines; for data that size, where it lies in memory can shift the result by several points in ways the interval does not cover, and differently in the next process; run the comparison in several processes with the multiproc package

== str unique n=262144 churn and build: ordered vs btree-map
steady state, per insertion or deletion in a structure of 262144 elements (cycle of 524288 operations, first pass untimed):
  A 421.1 per op, B 588.6 per op
  difference +28.46% [+26.00%, +32.08%] at 95% confidence
  noise floor 1.502%, autocorrelation +0.400, resampled in blocks of 3
  resolved: A is faster than B
    warning: the program holds 281 MB of live data, more than the caches of many machines; for data that size, where it lies in memory can shift the result by several points in ways the interval does not cover, and differently in the next process; run the comparison in several processes with the multiproc package
    warning: candidate A drifted during the run, shifting +7.54% from its first half to its second; the machine did not hold still
    warning: candidate B drifted during the run, shifting +7.43% from its first half to its second; the machine did not hold still

checksum 6406620065408339040
== str unique n=262144 valuesFor: ordered vs btree-map
A 315.9 per op, B 365.7 per op
difference +13.63% [+9.81%, +19.84%] at 95% confidence
noise floor 1.912%, autocorrelation +0.808, resampled in blocks of 3
resolved: A is faster than B
  warning: the program holds 201 MB of live data, more than the caches of many machines; for data that size, where it lies in memory can shift the result by several points in ways the interval does not cover, and differently in the next process; run the comparison in several processes with the multiproc package
  warning: candidate B drifted during the run, shifting -12.22% from its first half to its second; the machine did not hold still

== str unique n=262144 valuesBetween: ordered vs btree-map
A 6457 per op, B 2214 per op
difference -191.60% [-200.33%, -183.82%] at 95% confidence
noise floor 0.741%, autocorrelation +0.531, resampled in blocks of 3
resolved: A is slower than B
  warning: the program holds 201 MB of live data, more than the caches of many machines; for data that size, where it lies in memory can shift the result by several points in ways the interval does not cover, and differently in the next process; run the comparison in several processes with the multiproc package

== str unique n=262144 prefix: ordered vs btree-map
A 9.914e+05 per op, B 2.723e+05 per op
difference -264.04% [-282.13%, -241.96%] at 95% confidence
noise floor 3.551%, autocorrelation +0.197
resolved: A is slower than B
  warning: the program holds 201 MB of live data, more than the caches of many machines; for data that size, where it lies in memory can shift the result by several points in ways the interval does not cover, and differently in the next process; run the comparison in several processes with the multiproc package

== str unique n=262144 churn and build: ordered vs btree-map
steady state, per insertion or deletion in a structure of 262144 elements (cycle of 524288 operations, first pass untimed):
  A 463.1 per op, B 675.1 per op
  difference +31.40% [+27.40%, +34.30%] at 95% confidence
  noise floor 0.927%, autocorrelation +0.712, resampled in blocks of 3
  resolved: A is faster than B
    warning: the program holds 290 MB of live data, more than the caches of many machines; for data that size, where it lies in memory can shift the result by several points in ways the interval does not cover, and differently in the next process; run the comparison in several processes with the multiproc package
    warning: candidate A drifted during the run, shifting -7.75% from its first half to its second; the machine did not hold still
    warning: candidate B drifted during the run, shifting -7.21% from its first half to its second; the machine did not hold still

checksum 3087131933914146816
== str unique n=262144 valuesFor: ordered vs btree-map
A 270.5 per op, B 307.6 per op
difference +12.06% [+9.88%, +13.71%] at 95% confidence
noise floor 1.217%, autocorrelation +0.396, resampled in blocks of 3
resolved: A is faster than B
  warning: the program holds 210 MB of live data, more than the caches of many machines; for data that size, where it lies in memory can shift the result by several points in ways the interval does not cover, and differently in the next process; run the comparison in several processes with the multiproc package

== str unique n=262144 valuesBetween: ordered vs btree-map
A 6158 per op, B 2287 per op
difference -169.20% [-180.96%, -162.83%] at 95% confidence
noise floor 3.581%, autocorrelation +0.382, resampled in blocks of 3
resolved: A is slower than B
  warning: the program holds 210 MB of live data, more than the caches of many machines; for data that size, where it lies in memory can shift the result by several points in ways the interval does not cover, and differently in the next process; run the comparison in several processes with the multiproc package

== str unique n=262144 prefix: ordered vs btree-map
A 1.043e+06 per op, B 3.142e+05 per op
difference -231.80% [-290.71%, -196.40%] at 95% confidence
noise floor 11.946%, autocorrelation +0.381, resampled in blocks of 3
resolved: A is slower than B
  warning: the program holds 210 MB of live data, more than the caches of many machines; for data that size, where it lies in memory can shift the result by several points in ways the interval does not cover, and differently in the next process; run the comparison in several processes with the multiproc package

== str unique n=262144 churn and build: ordered vs btree-map
steady state, per insertion or deletion in a structure of 262144 elements (cycle of 524288 operations, first pass untimed):
  A 424 per op, B 601.6 per op
  difference +29.52% [+25.73%, +33.71%] at 95% confidence
  noise floor 3.394%, autocorrelation +0.394, resampled in blocks of 3
  resolved: A is faster than B
    warning: the program holds 293 MB of live data, more than the caches of many machines; for data that size, where it lies in memory can shift the result by several points in ways the interval does not cover, and differently in the next process; run the comparison in several processes with the multiproc package
    warning: candidate A drifted during the run, shifting -8.15% from its first half to its second; the machine did not hold still
    warning: candidate B drifted during the run, shifting -8.75% from its first half to its second; the machine did not hold still

checksum 14601809720973607984
== str unique n=262144 valuesFor: ordered vs btree-map
A 276.5 per op, B 315.6 per op
difference +12.38% [+10.16%, +14.98%] at 95% confidence
noise floor 1.862%, autocorrelation +0.593, resampled in blocks of 3
resolved: A is faster than B
  warning: the program holds 208 MB of live data, more than the caches of many machines; for data that size, where it lies in memory can shift the result by several points in ways the interval does not cover, and differently in the next process; run the comparison in several processes with the multiproc package
  warning: in 50% of A/A runs this setup reported a difference between identical code, well above the 10% expected; treat any confidence from it with suspicion

== str unique n=262144 valuesBetween: ordered vs btree-map
A 6361 per op, B 2440 per op
difference -160.74% [-171.49%, -143.19%] at 95% confidence
noise floor 2.105%, autocorrelation +0.069
resolved: A is slower than B
  warning: the program holds 208 MB of live data, more than the caches of many machines; for data that size, where it lies in memory can shift the result by several points in ways the interval does not cover, and differently in the next process; run the comparison in several processes with the multiproc package
  warning: candidate B drifted during the run, shifting +24.81% from its first half to its second; the machine did not hold still

== str unique n=262144 prefix: ordered vs btree-map
A 1.017e+06 per op, B 3.115e+05 per op
difference -226.58% [-265.62%, -186.83%] at 95% confidence
noise floor 10.494%, autocorrelation +0.147
resolved: A is slower than B
  warning: the program holds 208 MB of live data, more than the caches of many machines; for data that size, where it lies in memory can shift the result by several points in ways the interval does not cover, and differently in the next process; run the comparison in several processes with the multiproc package

== str unique n=262144 churn and build: ordered vs btree-map
steady state, per insertion or deletion in a structure of 262144 elements (cycle of 524288 operations, first pass untimed):
  A 486.7 per op, B 749.4 per op
  difference +35.06% [+33.48%, +37.27%] at 95% confidence
  noise floor 3.906%, autocorrelation +0.798, resampled in blocks of 3
  resolved: A is faster than B
    warning: the program holds 292 MB of live data, more than the caches of many machines; for data that size, where it lies in memory can shift the result by several points in ways the interval does not cover, and differently in the next process; run the comparison in several processes with the multiproc package

checksum 12026470587998163360
== str unique n=262144 valuesFor: ordered vs btree-map
A 283.3 per op, B 321.4 per op
difference +11.85% [+10.35%, +13.67%] at 95% confidence
noise floor 0.867%, autocorrelation +0.765, resampled in blocks of 3
resolved: A is faster than B
  warning: the program holds 180 MB of live data, more than the caches of many machines; for data that size, where it lies in memory can shift the result by several points in ways the interval does not cover, and differently in the next process; run the comparison in several processes with the multiproc package

== str unique n=262144 valuesBetween: ordered vs btree-map
A 6615 per op, B 2452 per op
difference -169.77% [-173.47%, -162.37%] at 95% confidence
noise floor 3.267%, autocorrelation +0.719, resampled in blocks of 3
resolved: A is slower than B
  warning: the program holds 226 MB of live data, more than the caches of many machines; for data that size, where it lies in memory can shift the result by several points in ways the interval does not cover, and differently in the next process; run the comparison in several processes with the multiproc package
  warning: in 50% of A/A runs this setup reported a difference between identical code, well above the 10% expected; treat any confidence from it with suspicion

== str unique n=262144 prefix: ordered vs btree-map
A 9.941e+05 per op, B 2.831e+05 per op
difference -251.15% [-276.69%, -237.46%] at 95% confidence
noise floor 8.423%, autocorrelation +0.347, resampled in blocks of 3
resolved: A is slower than B
  warning: the program holds 226 MB of live data, more than the caches of many machines; for data that size, where it lies in memory can shift the result by several points in ways the interval does not cover, and differently in the next process; run the comparison in several processes with the multiproc package
  warning: in 50% of A/A runs this setup reported a difference between identical code, well above the 10% expected; treat any confidence from it with suspicion

== str unique n=262144 churn and build: ordered vs btree-map
steady state, per insertion or deletion in a structure of 262144 elements (cycle of 524288 operations, first pass untimed):
  A 451.8 per op, B 653.4 per op
  difference +30.85% [+28.09%, +32.70%] at 95% confidence
  noise floor 1.063%, autocorrelation +0.824, resampled in blocks of 3
  resolved: A is faster than B
    warning: the program holds 294 MB of live data, more than the caches of many machines; for data that size, where it lies in memory can shift the result by several points in ways the interval does not cover, and differently in the next process; run the comparison in several processes with the multiproc package
    warning: candidate B drifted during the run, shifting -7.82% from its first half to its second; the machine did not hold still
    warning: the ratio B/A shifted -6.78% from the first half of the run to the second, so the candidates had not reached a steady state and the difference depends on how long the run was; a common cause is a head start for whichever candidate ran alone last before the comparison or had its data built last, which a longer CollectOptions.WarmupDuration removes

checksum 8083485133227962816
== str unique n=262144 valuesFor: ordered vs btree-map
A 286.1 per op, B 321.8 per op
difference +11.10% [+1.85%, +27.84%] at 95% confidence
noise floor 1.898%, autocorrelation +0.679, resampled in blocks of 3
resolved: A is faster than B
  warning: the program holds 207 MB of live data, more than the caches of many machines; for data that size, where it lies in memory can shift the result by several points in ways the interval does not cover, and differently in the next process; run the comparison in several processes with the multiproc package
  warning: candidate A drifted during the run, shifting +18.86% from its first half to its second; the machine did not hold still
  warning: candidate B drifted during the run, shifting +35.31% from its first half to its second; the machine did not hold still
  warning: the ratio B/A shifted +13.04% from the first half of the run to the second, so the candidates had not reached a steady state and the difference depends on how long the run was; a common cause is a head start for whichever candidate ran alone last before the comparison or had its data built last, which a longer CollectOptions.WarmupDuration removes

== str unique n=262144 valuesBetween: ordered vs btree-map
A 6417 per op, B 2448 per op
difference -162.08% [-172.16%, -145.38%] at 95% confidence
noise floor 1.874%, autocorrelation +0.106
resolved: A is slower than B
  warning: the program holds 207 MB of live data, more than the caches of many machines; for data that size, where it lies in memory can shift the result by several points in ways the interval does not cover, and differently in the next process; run the comparison in several processes with the multiproc package

== str unique n=262144 prefix: ordered vs btree-map
A 1.038e+06 per op, B 3.236e+05 per op
difference -220.68% [-312.55%, -175.42%] at 95% confidence
noise floor 11.639%, autocorrelation +0.137
resolved: A is slower than B
  warning: the program holds 207 MB of live data, more than the caches of many machines; for data that size, where it lies in memory can shift the result by several points in ways the interval does not cover, and differently in the next process; run the comparison in several processes with the multiproc package
  warning: in 50% of A/A runs this setup reported a difference between identical code, well above the 10% expected; treat any confidence from it with suspicion

== str unique n=262144 churn and build: ordered vs btree-map
steady state, per insertion or deletion in a structure of 262144 elements (cycle of 524288 operations, first pass untimed):
  A 429 per op, B 640.2 per op
  difference +32.99% [+31.96%, +34.94%] at 95% confidence
  noise floor 3.584%, autocorrelation +0.773, resampled in blocks of 3
  resolved: A is faster than B
    warning: the program holds 291 MB of live data, more than the caches of many machines; for data that size, where it lies in memory can shift the result by several points in ways the interval does not cover, and differently in the next process; run the comparison in several processes with the multiproc package

checksum 16509779399912426288
