== u64 unique n=1048576 valuesFor: ordered vs btree-map
A 163.4 per op, B 520.5 per op
difference +68.60% [+68.02%, +68.83%] at 95% confidence
noise floor 2.321%, autocorrelation +0.766, resampled in blocks of 3
resolved: A is faster than B
  warning: the program holds 443 MB of live data, more than the caches of many machines; for data that size, where it lies in memory can shift the result by several points in ways the interval does not cover, and differently in the next process; run the comparison in several processes with the multiproc package

== u64 unique n=1048576 valuesBetween: ordered vs btree-map
A 3850 per op, B 2878 per op
difference -33.75% [-36.68%, -31.40%] at 95% confidence
noise floor 0.958%, autocorrelation +0.778, resampled in blocks of 3
resolved: A is slower than B
  warning: the program holds 443 MB of live data, more than the caches of many machines; for data that size, where it lies in memory can shift the result by several points in ways the interval does not cover, and differently in the next process; run the comparison in several processes with the multiproc package

== u64 unique n=1048576 churn and build: ordered vs btree-map
steady state, per insertion or deletion in a structure of 1048576 elements (cycle of 2097152 operations, first pass untimed):
  A 478.2 per op, B 1016 per op
  difference +52.94% [+51.47%, +55.33%] at 95% confidence
  noise floor 0.785%, autocorrelation +0.616, resampled in blocks of 3
  resolved: A is faster than B
    warning: the program holds 645 MB of live data, more than the caches of many machines; for data that size, where it lies in memory can shift the result by several points in ways the interval does not cover, and differently in the next process; run the comparison in several processes with the multiproc package
    warning: candidate A drifted during the run, shifting +7.14% from its first half to its second; the machine did not hold still
    warning: candidate B drifted during the run, shifting +8.35% from its first half to its second; the machine did not hold still

checksum 6967908992138278800
== u64 unique n=1048576 valuesFor: ordered vs btree-map
A 172 per op, B 540.3 per op
difference +68.17% [+67.45%, +68.78%] at 95% confidence
noise floor 1.439%, autocorrelation +0.796, resampled in blocks of 3
resolved: A is faster than B
  warning: the program holds 396 MB of live data, more than the caches of many machines; for data that size, where it lies in memory can shift the result by several points in ways the interval does not cover, and differently in the next process; run the comparison in several processes with the multiproc package

== u64 unique n=1048576 valuesBetween: ordered vs btree-map
A 3782 per op, B 2324 per op
difference -62.74% [-66.61%, -59.12%] at 95% confidence
noise floor 5.146%, autocorrelation +0.556, resampled in blocks of 3
resolved: A is slower than B
  warning: the program holds 396 MB of live data, more than the caches of many machines; for data that size, where it lies in memory can shift the result by several points in ways the interval does not cover, and differently in the next process; run the comparison in several processes with the multiproc package
  warning: the ratio B/A shifted +5.69% from the first half of the run to the second, so the candidates had not reached a steady state and the difference depends on how long the run was; a common cause is a head start for whichever candidate ran alone last before the comparison or had its data built last, which a longer CollectOptions.WarmupDuration removes
  warning: in 50% of A/A runs this setup reported a difference between identical code, well above the 10% expected; treat any confidence from it with suspicion

== u64 unique n=1048576 churn and build: ordered vs btree-map
steady state, per insertion or deletion in a structure of 1048576 elements (cycle of 2097152 operations, first pass untimed):
  A 401 per op, B 956.6 per op
  difference +58.08% [+56.94%, +58.49%] at 95% confidence
  noise floor 0.612%, autocorrelation +0.252, resampled in blocks of 3
  resolved: A is faster than B
    warning: the program holds 761 MB of live data, more than the caches of many machines; for data that size, where it lies in memory can shift the result by several points in ways the interval does not cover, and differently in the next process; run the comparison in several processes with the multiproc package

checksum 9094496536241438624
== u64 unique n=1048576 valuesFor: ordered vs btree-map
A 172.1 per op, B 526.7 per op
difference +67.32% [+66.83%, +67.89%] at 95% confidence
noise floor 0.669%, autocorrelation +0.568, resampled in blocks of 3
resolved: A is faster than B
  warning: the program holds 489 MB of live data, more than the caches of many machines; for data that size, where it lies in memory can shift the result by several points in ways the interval does not cover, and differently in the next process; run the comparison in several processes with the multiproc package

== u64 unique n=1048576 valuesBetween: ordered vs btree-map
A 3799 per op, B 2299 per op
difference -65.21% [-69.51%, -62.05%] at 95% confidence
noise floor 1.333%, autocorrelation +0.503, resampled in blocks of 3
resolved: A is slower than B
  warning: the program holds 489 MB of live data, more than the caches of many machines; for data that size, where it lies in memory can shift the result by several points in ways the interval does not cover, and differently in the next process; run the comparison in several processes with the multiproc package

== u64 unique n=1048576 churn and build: ordered vs btree-map
steady state, per insertion or deletion in a structure of 1048576 elements (cycle of 2097152 operations, first pass untimed):
  A 457.4 per op, B 1002 per op
  difference +54.35% [+53.70%, +54.97%] at 95% confidence
  noise floor 1.350%, autocorrelation +0.771, resampled in blocks of 3
  resolved: A is faster than B
    warning: the program holds 665 MB of live data, more than the caches of many machines; for data that size, where it lies in memory can shift the result by several points in ways the interval does not cover, and differently in the next process; run the comparison in several processes with the multiproc package
    warning: candidate A drifted during the run, shifting -1.60% from its first half to its second; the machine did not hold still

checksum 4124112208496728512
== u64 unique n=1048576 valuesFor: ordered vs btree-map
A 173.6 per op, B 555.2 per op
difference +68.73% [+68.10%, +69.45%] at 95% confidence
noise floor 0.935%, autocorrelation +0.831, resampled in blocks of 3
resolved: A is faster than B
  warning: the program holds 456 MB of live data, more than the caches of many machines; for data that size, where it lies in memory can shift the result by several points in ways the interval does not cover, and differently in the next process; run the comparison in several processes with the multiproc package
  warning: candidate B drifted during the run, shifting -3.52% from its first half to its second; the machine did not hold still

== u64 unique n=1048576 valuesBetween: ordered vs btree-map
A 3830 per op, B 2419 per op
difference -58.34% [-61.65%, -54.16%] at 95% confidence
noise floor 2.007%, autocorrelation +0.458, resampled in blocks of 3
resolved: A is slower than B
  warning: the program holds 456 MB of live data, more than the caches of many machines; for data that size, where it lies in memory can shift the result by several points in ways the interval does not cover, and differently in the next process; run the comparison in several processes with the multiproc package
  warning: in 50% of A/A runs this setup reported a difference between identical code, well above the 10% expected; treat any confidence from it with suspicion

== u64 unique n=1048576 churn and build: ordered vs btree-map
steady state, per insertion or deletion in a structure of 1048576 elements (cycle of 2097152 operations, first pass untimed):
  A 447.3 per op, B 1074 per op
  difference +58.34% [+54.22%, +61.39%] at 95% confidence
  noise floor 1.453%, autocorrelation +0.841, resampled in blocks of 3
  resolved: A is faster than B
    warning: the program holds 762 MB of live data, more than the caches of many machines; for data that size, where it lies in memory can shift the result by several points in ways the interval does not cover, and differently in the next process; run the comparison in several processes with the multiproc package
    warning: candidate A drifted during the run, shifting +13.85% from its first half to its second; the machine did not hold still
    warning: candidate B drifted during the run, shifting +10.98% from its first half to its second; the machine did not hold still

checksum 13790094123951408016
== u64 unique n=1048576 valuesFor: ordered vs btree-map
A 171 per op, B 536.5 per op
difference +68.12% [+67.51%, +68.80%] at 95% confidence
noise floor 2.232%, autocorrelation +0.803, resampled in blocks of 3
resolved: A is faster than B
  warning: the program holds 573 MB of live data, more than the caches of many machines; for data that size, where it lies in memory can shift the result by several points in ways the interval does not cover, and differently in the next process; run the comparison in several processes with the multiproc package
  warning: candidate B drifted during the run, shifting -3.94% from its first half to its second; the machine did not hold still
  warning: the ratio B/A shifted -4.14% from the first half of the run to the second, so the candidates had not reached a steady state and the difference depends on how long the run was; a common cause is a head start for whichever candidate ran alone last before the comparison or had its data built last, which a longer CollectOptions.WarmupDuration removes

== u64 unique n=1048576 valuesBetween: ordered vs btree-map
A 3845 per op, B 2394 per op
difference -60.56% [-62.54%, -57.55%] at 95% confidence
noise floor 1.288%, autocorrelation +0.230, resampled in blocks of 3
resolved: A is slower than B
  warning: the program holds 573 MB of live data, more than the caches of many machines; for data that size, where it lies in memory can shift the result by several points in ways the interval does not cover, and differently in the next process; run the comparison in several processes with the multiproc package

== u64 unique n=1048576 churn and build: ordered vs btree-map
steady state, per insertion or deletion in a structure of 1048576 elements (cycle of 2097152 operations, first pass untimed):
  A 440.2 per op, B 983.5 per op
  difference +55.24% [+54.04%, +56.41%] at 95% confidence
  noise floor 1.945%, autocorrelation +0.709, resampled in blocks of 3
  resolved: A is faster than B
    warning: the program holds 755 MB of live data, more than the caches of many machines; for data that size, where it lies in memory can shift the result by several points in ways the interval does not cover, and differently in the next process; run the comparison in several processes with the multiproc package
    warning: candidate A drifted during the run, shifting -5.13% from its first half to its second; the machine did not hold still
    warning: candidate B drifted during the run, shifting -3.70% from its first half to its second; the machine did not hold still

checksum 388986471605610656
== u64 unique n=1048576 valuesFor: ordered vs btree-map
A 169.4 per op, B 574.7 per op
difference +70.53% [+69.76%, +71.35%] at 95% confidence
noise floor 1.122%, autocorrelation +0.574, resampled in blocks of 3
resolved: A is faster than B
  warning: the program holds 518 MB of live data, more than the caches of many machines; for data that size, where it lies in memory can shift the result by several points in ways the interval does not cover, and differently in the next process; run the comparison in several processes with the multiproc package
  warning: candidate A drifted during the run, shifting -2.16% from its first half to its second; the machine did not hold still
  warning: candidate B drifted during the run, shifting -7.38% from its first half to its second; the machine did not hold still
  warning: the ratio B/A shifted -4.47% from the first half of the run to the second, so the candidates had not reached a steady state and the difference depends on how long the run was; a common cause is a head start for whichever candidate ran alone last before the comparison or had its data built last, which a longer CollectOptions.WarmupDuration removes

== u64 unique n=1048576 valuesBetween: ordered vs btree-map
A 3778 per op, B 2438 per op
difference -54.93% [-59.54%, -53.05%] at 95% confidence
noise floor 1.310%, autocorrelation +0.776, resampled in blocks of 3
resolved: A is slower than B
  warning: the program holds 518 MB of live data, more than the caches of many machines; for data that size, where it lies in memory can shift the result by several points in ways the interval does not cover, and differently in the next process; run the comparison in several processes with the multiproc package
  warning: candidate B drifted during the run, shifting -5.21% from its first half to its second; the machine did not hold still
  warning: the ratio B/A shifted -5.22% from the first half of the run to the second, so the candidates had not reached a steady state and the difference depends on how long the run was; a common cause is a head start for whichever candidate ran alone last before the comparison or had its data built last, which a longer CollectOptions.WarmupDuration removes

== u64 unique n=1048576 churn and build: ordered vs btree-map
steady state, per insertion or deletion in a structure of 1048576 elements (cycle of 2097152 operations, first pass untimed):
  A 437.8 per op, B 989.2 per op
  difference +55.74% [+54.83%, +56.93%] at 95% confidence
  noise floor 1.855%, autocorrelation +0.737, resampled in blocks of 3
  resolved: A is faster than B
    warning: the program holds 750 MB of live data, more than the caches of many machines; for data that size, where it lies in memory can shift the result by several points in ways the interval does not cover, and differently in the next process; run the comparison in several processes with the multiproc package
    warning: candidate B drifted during the run, shifting -4.74% from its first half to its second; the machine did not hold still

checksum 264093596025456672
