== uuid multi n=4096 valuesFor: ordered vs hashed
A 56.85 per op, B 43.45 per op
difference -30.85% [-32.83%, -27.22%] at 95% confidence
noise floor 1.444%, autocorrelation -0.215
resolved: A is slower than B
  warning: the program holds 23 MB of live data, more than the caches of many machines; for data that size, where it lies in memory can shift the result by several points in ways the interval does not cover, and differently in the next process; run the comparison in several processes with the multiproc package
  warning: in 50% of A/A runs this setup reported a difference between identical code, well above the 10% expected; treat any confidence from it with suspicion

== uuid multi n=4096 valuesFor: ordered vs btree-sets
A 58.16 per op, B 177.8 per op
difference +67.28% [+67.04%, +67.66%] at 95% confidence
noise floor 0.621%, autocorrelation +0.072
resolved: A is faster than B
  warning: the program holds 23 MB of live data, more than the caches of many machines; for data that size, where it lies in memory can shift the result by several points in ways the interval does not cover, and differently in the next process; run the comparison in several processes with the multiproc package

== uuid multi n=4096 valuesFor: ordered vs map-sets
A 57.48 per op, B 96.3 per op
difference +40.31% [+39.78%, +40.99%] at 95% confidence
noise floor 1.114%, autocorrelation +0.087
resolved: A is faster than B
  warning: the program holds 23 MB of live data, more than the caches of many machines; for data that size, where it lies in memory can shift the result by several points in ways the interval does not cover, and differently in the next process; run the comparison in several processes with the multiproc package

== uuid multi n=4096 valuesBetween: ordered vs hashed
A 3850 per op, B 5.468e+04 per op
difference +92.96% [+92.40%, +93.59%] at 95% confidence
noise floor 1.704%, autocorrelation +0.078
resolved: A is faster than B
  warning: the program holds 23 MB of live data, more than the caches of many machines; for data that size, where it lies in memory can shift the result by several points in ways the interval does not cover, and differently in the next process; run the comparison in several processes with the multiproc package

== uuid multi n=4096 valuesBetween: ordered vs btree-sets
A 3516 per op, B 7445 per op
difference +52.78% [+51.73%, +53.99%] at 95% confidence
noise floor 1.058%, autocorrelation +0.033
resolved: A is faster than B
  warning: the program holds 23 MB of live data, more than the caches of many machines; for data that size, where it lies in memory can shift the result by several points in ways the interval does not cover, and differently in the next process; run the comparison in several processes with the multiproc package

== uuid multi n=4096 valuesBetween: ordered vs map-sets
A 3606 per op, B 5.666e+04 per op
difference +93.64% [+93.50%, +93.74%] at 95% confidence
noise floor 2.210%, autocorrelation +0.226, resampled in blocks of 3
resolved: A is faster than B
  warning: the program holds 23 MB of live data, more than the caches of many machines; for data that size, where it lies in memory can shift the result by several points in ways the interval does not cover, and differently in the next process; run the comparison in several processes with the multiproc package

== uuid multi n=4096 prefix: ordered vs hashed
A 129.3 per op, B 4.819e+04 per op
difference +99.73% [+99.63%, +99.80%] at 95% confidence
noise floor 26.772%, autocorrelation +0.366, resampled in blocks of 3
resolved: A is faster than B
  warning: the program holds 23 MB of live data, more than the caches of many machines; for data that size, where it lies in memory can shift the result by several points in ways the interval does not cover, and differently in the next process; run the comparison in several processes with the multiproc package

== uuid multi n=4096 prefix: ordered vs btree-sets
A 92.36 per op, B 182.7 per op
difference +49.46% [+48.91%, +49.92%] at 95% confidence
noise floor 0.800%, autocorrelation +0.138
resolved: A is faster than B
  warning: the program holds 23 MB of live data, more than the caches of many machines; for data that size, where it lies in memory can shift the result by several points in ways the interval does not cover, and differently in the next process; run the comparison in several processes with the multiproc package

== uuid multi n=4096 prefix: ordered vs map-sets
A 116 per op, B 4.508e+04 per op
difference +99.74% [+99.67%, +99.79%] at 95% confidence
noise floor 26.395%, autocorrelation +0.150
resolved: A is faster than B
  warning: the program holds 23 MB of live data, more than the caches of many machines; for data that size, where it lies in memory can shift the result by several points in ways the interval does not cover, and differently in the next process; run the comparison in several processes with the multiproc package
  warning: in 50% of A/A runs this setup reported a difference between identical code, well above the 10% expected; treat any confidence from it with suspicion

== uuid multi n=4096 churn and build: ordered vs hashed
steady state, per insertion or deletion in a structure of 25123 elements (cycle of 50246 operations, first pass untimed):
  A 89.13 per op, B 67.32 per op
  difference -32.41% [-35.07%, -29.68%] at 95% confidence
  noise floor 1.451%, autocorrelation +0.127
  resolved: A is slower than B
    warning: the program holds 23 MB of live data, more than the caches of many machines; for data that size, where it lies in memory can shift the result by several points in ways the interval does not cover, and differently in the next process; run the comparison in several processes with the multiproc package

build from empty to 25123 elements, per whole build (75369 operations):
  A 7.263e+06 per op, B 5.951e+06 per op
  difference -22.05% [-23.98%, -20.66%] at 95% confidence
  noise floor 2.138%, autocorrelation +0.090
  resolved: A is slower than B
    warning: the program holds 23 MB of live data, more than the caches of many machines; for data that size, where it lies in memory can shift the result by several points in ways the interval does not cover, and differently in the next process; run the comparison in several processes with the multiproc package

== uuid multi n=4096 churn and build: ordered vs btree-sets
steady state, per insertion or deletion in a structure of 25123 elements (cycle of 50246 operations, first pass untimed):
  A 88.52 per op, B 199 per op
  difference +55.53% [+54.08%, +56.34%] at 95% confidence
  noise floor 1.030%, autocorrelation -0.072
  resolved: A is faster than B
    warning: the program holds 27 MB of live data, more than the caches of many machines; for data that size, where it lies in memory can shift the result by several points in ways the interval does not cover, and differently in the next process; run the comparison in several processes with the multiproc package
    warning: candidate A drifted during the run, shifting -3.97% from its first half to its second; the machine did not hold still

build from empty to 25123 elements, per whole build (75369 operations):
  A 7.323e+06 per op, B 1.501e+07 per op
  difference +51.20% [+50.36%, +51.73%] at 95% confidence
  noise floor 2.155%, autocorrelation -0.055
  resolved: A is faster than B
    warning: the program holds 23 MB of live data, more than the caches of many machines; for data that size, where it lies in memory can shift the result by several points in ways the interval does not cover, and differently in the next process; run the comparison in several processes with the multiproc package
    warning: in 50% of A/A runs this setup reported a difference between identical code, well above the 10% expected; treat any confidence from it with suspicion

== uuid multi n=4096 churn and build: ordered vs map-sets
steady state, per insertion or deletion in a structure of 25123 elements (cycle of 50246 operations, first pass untimed):
  A 87.58 per op, B 72.4 per op
  difference -20.98% [-24.19%, -15.65%] at 95% confidence
  noise floor 1.082%, autocorrelation +0.047
  resolved: A is slower than B
    warning: the program holds 24 MB of live data, more than the caches of many machines; for data that size, where it lies in memory can shift the result by several points in ways the interval does not cover, and differently in the next process; run the comparison in several processes with the multiproc package

build from empty to 25123 elements, per whole build (75369 operations):
  A 7.355e+06 per op, B 6.035e+06 per op
  difference -21.88% [-23.87%, -19.78%] at 95% confidence
  noise floor 0.850%, autocorrelation +0.230, resampled in blocks of 3
  resolved: A is slower than B
    warning: the program holds 23 MB of live data, more than the caches of many machines; for data that size, where it lies in memory can shift the result by several points in ways the interval does not cover, and differently in the next process; run the comparison in several processes with the multiproc package

checksum 7262572218502762928
== uuid multi n=4096 valuesFor: ordered vs hashed
A 57.48 per op, B 44.13 per op
difference -30.26% [-32.77%, -26.89%] at 95% confidence
noise floor 0.762%, autocorrelation -0.190
resolved: A is slower than B
  warning: the program holds 26 MB of live data, more than the caches of many machines; for data that size, where it lies in memory can shift the result by several points in ways the interval does not cover, and differently in the next process; run the comparison in several processes with the multiproc package

== uuid multi n=4096 valuesFor: ordered vs btree-sets
A 57.98 per op, B 178.6 per op
difference +67.53% [+67.20%, +67.89%] at 95% confidence
noise floor 0.425%, autocorrelation +0.060
resolved: A is faster than B
  warning: the program holds 26 MB of live data, more than the caches of many machines; for data that size, where it lies in memory can shift the result by several points in ways the interval does not cover, and differently in the next process; run the comparison in several processes with the multiproc package

== uuid multi n=4096 valuesFor: ordered vs map-sets
A 57.8 per op, B 96.55 per op
difference +40.13% [+38.85%, +41.28%] at 95% confidence
noise floor 1.158%, autocorrelation -0.132
resolved: A is faster than B
  warning: the program holds 26 MB of live data, more than the caches of many machines; for data that size, where it lies in memory can shift the result by several points in ways the interval does not cover, and differently in the next process; run the comparison in several processes with the multiproc package

== uuid multi n=4096 valuesBetween: ordered vs hashed
A 3677 per op, B 5.471e+04 per op
difference +93.28% [+93.07%, +93.41%] at 95% confidence
noise floor 1.928%, autocorrelation -0.047
resolved: A is faster than B
  warning: the program holds 26 MB of live data, more than the caches of many machines; for data that size, where it lies in memory can shift the result by several points in ways the interval does not cover, and differently in the next process; run the comparison in several processes with the multiproc package
  warning: in 50% of A/A runs this setup reported a difference between identical code, well above the 10% expected; treat any confidence from it with suspicion

== uuid multi n=4096 valuesBetween: ordered vs btree-sets
A 3526 per op, B 7476 per op
difference +52.83% [+51.87%, +53.85%] at 95% confidence
noise floor 1.405%, autocorrelation -0.087
resolved: A is faster than B
  warning: the program holds 26 MB of live data, more than the caches of many machines; for data that size, where it lies in memory can shift the result by several points in ways the interval does not cover, and differently in the next process; run the comparison in several processes with the multiproc package

== uuid multi n=4096 valuesBetween: ordered vs map-sets
A 3566 per op, B 5.604e+04 per op
difference +93.64% [+93.48%, +93.89%] at 95% confidence
noise floor 0.626%, autocorrelation +0.094
resolved: A is faster than B
  warning: the program holds 26 MB of live data, more than the caches of many machines; for data that size, where it lies in memory can shift the result by several points in ways the interval does not cover, and differently in the next process; run the comparison in several processes with the multiproc package

== uuid multi n=4096 prefix: ordered vs hashed
A 103.2 per op, B 4.849e+04 per op
difference +99.79% [+99.65%, +99.81%] at 95% confidence
noise floor 22.863%, autocorrelation +0.074
resolved: A is faster than B
  warning: the program holds 26 MB of live data, more than the caches of many machines; for data that size, where it lies in memory can shift the result by several points in ways the interval does not cover, and differently in the next process; run the comparison in several processes with the multiproc package

== uuid multi n=4096 prefix: ordered vs btree-sets
A 92.09 per op, B 184.9 per op
difference +50.20% [+49.64%, +51.51%] at 95% confidence
noise floor 0.428%, autocorrelation +0.042
resolved: A is faster than B
  warning: the program holds 26 MB of live data, more than the caches of many machines; for data that size, where it lies in memory can shift the result by several points in ways the interval does not cover, and differently in the next process; run the comparison in several processes with the multiproc package

== uuid multi n=4096 prefix: ordered vs map-sets
A 154.6 per op, B 4.51e+04 per op
difference +99.66% [+99.62%, +99.78%] at 95% confidence
noise floor 25.874%, autocorrelation +0.081
resolved: A is faster than B
  warning: the program holds 26 MB of live data, more than the caches of many machines; for data that size, where it lies in memory can shift the result by several points in ways the interval does not cover, and differently in the next process; run the comparison in several processes with the multiproc package

== uuid multi n=4096 churn and build: ordered vs hashed
steady state, per insertion or deletion in a structure of 25123 elements (cycle of 50246 operations, first pass untimed):
  A 89.69 per op, B 67.62 per op
  difference -32.64% [-35.38%, -28.23%] at 95% confidence
  noise floor 1.071%, autocorrelation -0.074
  resolved: A is slower than B
    warning: the program holds 27 MB of live data, more than the caches of many machines; for data that size, where it lies in memory can shift the result by several points in ways the interval does not cover, and differently in the next process; run the comparison in several processes with the multiproc package

build from empty to 25123 elements, per whole build (75369 operations):
  A 7.278e+06 per op, B 5.984e+06 per op
  difference -21.63% [-25.44%, -19.69%] at 95% confidence
  noise floor 1.114%, autocorrelation +0.368, resampled in blocks of 3
  resolved: A is slower than B
    warning: the program holds 26 MB of live data, more than the caches of many machines; for data that size, where it lies in memory can shift the result by several points in ways the interval does not cover, and differently in the next process; run the comparison in several processes with the multiproc package
    warning: in 50% of A/A runs this setup reported a difference between identical code, well above the 10% expected; treat any confidence from it with suspicion

== uuid multi n=4096 churn and build: ordered vs btree-sets
steady state, per insertion or deletion in a structure of 25123 elements (cycle of 50246 operations, first pass untimed):
  A 94.25 per op, B 203.8 per op
  difference +53.75% [+52.46%, +56.25%] at 95% confidence
  noise floor 2.781%, autocorrelation +0.057
  resolved: A is faster than B
    warning: the program holds 27 MB of live data, more than the caches of many machines; for data that size, where it lies in memory can shift the result by several points in ways the interval does not cover, and differently in the next process; run the comparison in several processes with the multiproc package

build from empty to 25123 elements, per whole build (75369 operations):
  A 7.422e+06 per op, B 1.502e+07 per op
  difference +50.58% [+50.13%, +51.79%] at 95% confidence
  noise floor 0.432%, autocorrelation +0.202, resampled in blocks of 3
  resolved: A is faster than B
    warning: the program holds 26 MB of live data, more than the caches of many machines; for data that size, where it lies in memory can shift the result by several points in ways the interval does not cover, and differently in the next process; run the comparison in several processes with the multiproc package

== uuid multi n=4096 churn and build: ordered vs map-sets
steady state, per insertion or deletion in a structure of 25123 elements (cycle of 50246 operations, first pass untimed):
  A 90.45 per op, B 75.87 per op
  difference -19.21% [-25.68%, -15.18%] at 95% confidence
  noise floor 2.730%, autocorrelation +0.138
  resolved: A is slower than B
    warning: the program holds 31 MB of live data, more than the caches of many machines; for data that size, where it lies in memory can shift the result by several points in ways the interval does not cover, and differently in the next process; run the comparison in several processes with the multiproc package

build from empty to 25123 elements, per whole build (75369 operations):
  A 7.403e+06 per op, B 6.177e+06 per op
  difference -19.84% [-22.90%, -17.14%] at 95% confidence
  noise floor 0.557%, autocorrelation +0.129
  resolved: A is slower than B
    warning: the program holds 26 MB of live data, more than the caches of many machines; for data that size, where it lies in memory can shift the result by several points in ways the interval does not cover, and differently in the next process; run the comparison in several processes with the multiproc package

checksum 16886409825333642096
== uuid multi n=4096 valuesFor: ordered vs hashed
A 57.22 per op, B 43.32 per op
difference -32.08% [-36.03%, -29.99%] at 95% confidence
noise floor 1.175%, autocorrelation -0.143
resolved: A is slower than B
  warning: the program holds 31 MB of live data, more than the caches of many machines; for data that size, where it lies in memory can shift the result by several points in ways the interval does not cover, and differently in the next process; run the comparison in several processes with the multiproc package
  warning: in 50% of A/A runs this setup reported a difference between identical code, well above the 10% expected; treat any confidence from it with suspicion

== uuid multi n=4096 valuesFor: ordered vs btree-sets
A 58.32 per op, B 177.5 per op
difference +67.14% [+66.84%, +67.62%] at 95% confidence
noise floor 0.675%, autocorrelation -0.027
resolved: A is faster than B
  warning: the program holds 31 MB of live data, more than the caches of many machines; for data that size, where it lies in memory can shift the result by several points in ways the interval does not cover, and differently in the next process; run the comparison in several processes with the multiproc package

== uuid multi n=4096 valuesFor: ordered vs map-sets
A 57.69 per op, B 94.77 per op
difference +39.13% [+38.66%, +40.65%] at 95% confidence
noise floor 0.536%, autocorrelation -0.146
resolved: A is faster than B
  warning: the program holds 31 MB of live data, more than the caches of many machines; for data that size, where it lies in memory can shift the result by several points in ways the interval does not cover, and differently in the next process; run the comparison in several processes with the multiproc package
  warning: in 50% of A/A runs this setup reported a difference between identical code, well above the 10% expected; treat any confidence from it with suspicion

== uuid multi n=4096 valuesBetween: ordered vs hashed
A 3743 per op, B 5.511e+04 per op
difference +93.21% [+93.05%, +93.37%] at 95% confidence
noise floor 1.856%, autocorrelation -0.064
resolved: A is faster than B
  warning: the program holds 31 MB of live data, more than the caches of many machines; for data that size, where it lies in memory can shift the result by several points in ways the interval does not cover, and differently in the next process; run the comparison in several processes with the multiproc package

== uuid multi n=4096 valuesBetween: ordered vs btree-sets
A 3599 per op, B 7491 per op
difference +51.96% [+50.96%, +53.05%] at 95% confidence
noise floor 1.350%, autocorrelation -0.036
resolved: A is faster than B
  warning: the program holds 31 MB of live data, more than the caches of many machines; for data that size, where it lies in memory can shift the result by several points in ways the interval does not cover, and differently in the next process; run the comparison in several processes with the multiproc package

== uuid multi n=4096 valuesBetween: ordered vs map-sets
A 3658 per op, B 5.715e+04 per op
difference +93.60% [+93.40%, +93.77%] at 95% confidence
noise floor 1.882%, autocorrelation +0.151
resolved: A is faster than B
  warning: the program holds 31 MB of live data, more than the caches of many machines; for data that size, where it lies in memory can shift the result by several points in ways the interval does not cover, and differently in the next process; run the comparison in several processes with the multiproc package
  warning: in 50% of A/A runs this setup reported a difference between identical code, well above the 10% expected; treat any confidence from it with suspicion

== uuid multi n=4096 prefix: ordered vs hashed
A 121.5 per op, B 4.846e+04 per op
difference +99.75% [+99.61%, +99.80%] at 95% confidence
noise floor 45.208%, autocorrelation +0.083
resolved: A is faster than B
  warning: the program holds 31 MB of live data, more than the caches of many machines; for data that size, where it lies in memory can shift the result by several points in ways the interval does not cover, and differently in the next process; run the comparison in several processes with the multiproc package

== uuid multi n=4096 prefix: ordered vs btree-sets
A 92.82 per op, B 185.5 per op
difference +49.97% [+49.38%, +51.03%] at 95% confidence
noise floor 1.067%, autocorrelation -0.038
resolved: A is faster than B
  warning: the program holds 31 MB of live data, more than the caches of many machines; for data that size, where it lies in memory can shift the result by several points in ways the interval does not cover, and differently in the next process; run the comparison in several processes with the multiproc package

== uuid multi n=4096 prefix: ordered vs map-sets
A 124.8 per op, B 4.528e+04 per op
difference +99.72% [+99.64%, +99.79%] at 95% confidence
noise floor 33.685%, autocorrelation +0.136
resolved: A is faster than B
  warning: the program holds 31 MB of live data, more than the caches of many machines; for data that size, where it lies in memory can shift the result by several points in ways the interval does not cover, and differently in the next process; run the comparison in several processes with the multiproc package

== uuid multi n=4096 churn and build: ordered vs hashed
steady state, per insertion or deletion in a structure of 25123 elements (cycle of 50246 operations, first pass untimed):
  A 89.07 per op, B 67.17 per op
  difference -32.60% [-38.65%, -27.06%] at 95% confidence
  noise floor 1.194%, autocorrelation +0.243, resampled in blocks of 3
  resolved: A is slower than B
    warning: the program holds 34 MB of live data, more than the caches of many machines; for data that size, where it lies in memory can shift the result by several points in ways the interval does not cover, and differently in the next process; run the comparison in several processes with the multiproc package

build from empty to 25123 elements, per whole build (75369 operations):
  A 7.38e+06 per op, B 6.017e+06 per op
  difference -22.66% [-26.21%, -19.59%] at 95% confidence
  noise floor 0.656%, autocorrelation -0.067
  resolved: A is slower than B
    warning: the program holds 31 MB of live data, more than the caches of many machines; for data that size, where it lies in memory can shift the result by several points in ways the interval does not cover, and differently in the next process; run the comparison in several processes with the multiproc package
    warning: the ratio B/A shifted -3.53% from the first half of the run to the second, so the candidates had not reached a steady state and the difference depends on how long the run was; a common cause is a head start for whichever candidate ran alone last before the comparison or had its data built last, which a longer CollectOptions.WarmupDuration removes

== uuid multi n=4096 churn and build: ordered vs btree-sets
steady state, per insertion or deletion in a structure of 25123 elements (cycle of 50246 operations, first pass untimed):
  A 92.32 per op, B 195.9 per op
  difference +52.86% [+52.10%, +54.96%] at 95% confidence
  noise floor 2.206%, autocorrelation +0.307, resampled in blocks of 3
  resolved: A is faster than B
    warning: the program holds 35 MB of live data, more than the caches of many machines; for data that size, where it lies in memory can shift the result by several points in ways the interval does not cover, and differently in the next process; run the comparison in several processes with the multiproc package
    warning: the ratio B/A shifted -6.19% from the first half of the run to the second, so the candidates had not reached a steady state and the difference depends on how long the run was; a common cause is a head start for whichever candidate ran alone last before the comparison or had its data built last, which a longer CollectOptions.WarmupDuration removes

build from empty to 25123 elements, per whole build (75369 operations):
  A 7.415e+06 per op, B 1.501e+07 per op
  difference +50.59% [+50.17%, +51.68%] at 95% confidence
  noise floor 1.020%, autocorrelation +0.229, resampled in blocks of 3
  resolved: A is faster than B
    warning: the program holds 31 MB of live data, more than the caches of many machines; for data that size, where it lies in memory can shift the result by several points in ways the interval does not cover, and differently in the next process; run the comparison in several processes with the multiproc package

== uuid multi n=4096 churn and build: ordered vs map-sets
steady state, per insertion or deletion in a structure of 25123 elements (cycle of 50246 operations, first pass untimed):
  A 87.66 per op, B 74.35 per op
  difference -17.90% [-22.82%, -15.11%] at 95% confidence
  noise floor 1.792%, autocorrelation -0.002
  resolved: A is slower than B
    warning: the program holds 36 MB of live data, more than the caches of many machines; for data that size, where it lies in memory can shift the result by several points in ways the interval does not cover, and differently in the next process; run the comparison in several processes with the multiproc package

build from empty to 25123 elements, per whole build (75369 operations):
  A 7.311e+06 per op, B 6.03e+06 per op
  difference -21.24% [-22.58%, -19.57%] at 95% confidence
  noise floor 1.245%, autocorrelation +0.087
  resolved: A is slower than B
    warning: the program holds 31 MB of live data, more than the caches of many machines; for data that size, where it lies in memory can shift the result by several points in ways the interval does not cover, and differently in the next process; run the comparison in several processes with the multiproc package
    warning: in 50% of A/A runs this setup reported a difference between identical code, well above the 10% expected; treat any confidence from it with suspicion

checksum 8524043388929299136
== uuid multi n=4096 valuesFor: ordered vs hashed
A 57.59 per op, B 42.8 per op
difference -34.57% [-36.74%, -30.52%] at 95% confidence
noise floor 1.439%, autocorrelation +0.256, resampled in blocks of 3
resolved: A is slower than B
  warning: the program holds 28 MB of live data, more than the caches of many machines; for data that size, where it lies in memory can shift the result by several points in ways the interval does not cover, and differently in the next process; run the comparison in several processes with the multiproc package

== uuid multi n=4096 valuesFor: ordered vs btree-sets
A 58.81 per op, B 178.5 per op
difference +67.05% [+66.84%, +67.61%] at 95% confidence
noise floor 0.697%, autocorrelation -0.075
resolved: A is faster than B
  warning: the program holds 28 MB of live data, more than the caches of many machines; for data that size, where it lies in memory can shift the result by several points in ways the interval does not cover, and differently in the next process; run the comparison in several processes with the multiproc package

== uuid multi n=4096 valuesFor: ordered vs map-sets
A 58.14 per op, B 96.02 per op
difference +39.45% [+38.80%, +40.35%] at 95% confidence
noise floor 0.868%, autocorrelation +0.044
resolved: A is faster than B
  warning: the program holds 28 MB of live data, more than the caches of many machines; for data that size, where it lies in memory can shift the result by several points in ways the interval does not cover, and differently in the next process; run the comparison in several processes with the multiproc package

== uuid multi n=4096 valuesBetween: ordered vs hashed
A 3779 per op, B 6.083e+04 per op
difference +93.79% [+93.22%, +93.93%] at 95% confidence
noise floor 0.876%, autocorrelation +0.568, resampled in blocks of 3
resolved: A is faster than B
  warning: the program holds 28 MB of live data, more than the caches of many machines; for data that size, where it lies in memory can shift the result by several points in ways the interval does not cover, and differently in the next process; run the comparison in several processes with the multiproc package

== uuid multi n=4096 valuesBetween: ordered vs btree-sets
A 3533 per op, B 7423 per op
difference +52.41% [+51.02%, +53.21%] at 95% confidence
noise floor 1.874%, autocorrelation -0.022
resolved: A is faster than B
  warning: the program holds 28 MB of live data, more than the caches of many machines; for data that size, where it lies in memory can shift the result by several points in ways the interval does not cover, and differently in the next process; run the comparison in several processes with the multiproc package

== uuid multi n=4096 valuesBetween: ordered vs map-sets
A 3632 per op, B 6.117e+04 per op
difference +94.06% [+93.59%, +94.22%] at 95% confidence
noise floor 0.799%, autocorrelation +0.586, resampled in blocks of 3
resolved: A is faster than B
  warning: the program holds 28 MB of live data, more than the caches of many machines; for data that size, where it lies in memory can shift the result by several points in ways the interval does not cover, and differently in the next process; run the comparison in several processes with the multiproc package

== uuid multi n=4096 prefix: ordered vs hashed
A 119.6 per op, B 4.817e+04 per op
difference +99.75% [+99.64%, +99.79%] at 95% confidence
noise floor 17.447%, autocorrelation +0.296, resampled in blocks of 3
resolved: A is faster than B
  warning: the program holds 28 MB of live data, more than the caches of many machines; for data that size, where it lies in memory can shift the result by several points in ways the interval does not cover, and differently in the next process; run the comparison in several processes with the multiproc package

== uuid multi n=4096 prefix: ordered vs btree-sets
A 93.01 per op, B 184.8 per op
difference +49.66% [+48.13%, +50.70%] at 95% confidence
noise floor 1.324%, autocorrelation -0.058
resolved: A is faster than B
  warning: the program holds 28 MB of live data, more than the caches of many machines; for data that size, where it lies in memory can shift the result by several points in ways the interval does not cover, and differently in the next process; run the comparison in several processes with the multiproc package
  warning: in 50% of A/A runs this setup reported a difference between identical code, well above the 10% expected; treat any confidence from it with suspicion

== uuid multi n=4096 prefix: ordered vs map-sets
A 109 per op, B 4.485e+04 per op
difference +99.76% [+99.62%, +99.79%] at 95% confidence
noise floor 23.453%, autocorrelation +0.082
resolved: A is faster than B
  warning: the program holds 28 MB of live data, more than the caches of many machines; for data that size, where it lies in memory can shift the result by several points in ways the interval does not cover, and differently in the next process; run the comparison in several processes with the multiproc package

== uuid multi n=4096 churn and build: ordered vs hashed
steady state, per insertion or deletion in a structure of 25123 elements (cycle of 50246 operations, first pass untimed):
  A 87.91 per op, B 66.93 per op
  difference -31.35% [-33.92%, -28.74%] at 95% confidence
  noise floor 1.941%, autocorrelation -0.019
  resolved: A is slower than B
    warning: the program holds 32 MB of live data, more than the caches of many machines; for data that size, where it lies in memory can shift the result by several points in ways the interval does not cover, and differently in the next process; run the comparison in several processes with the multiproc package

build from empty to 25123 elements, per whole build (75369 operations):
  A 7.423e+06 per op, B 6.022e+06 per op
  difference -23.27% [-25.27%, -18.64%] at 95% confidence
  noise floor 1.357%, autocorrelation +0.202, resampled in blocks of 3
  resolved: A is slower than B
    warning: the program holds 28 MB of live data, more than the caches of many machines; for data that size, where it lies in memory can shift the result by several points in ways the interval does not cover, and differently in the next process; run the comparison in several processes with the multiproc package
    warning: in 50% of A/A runs this setup reported a difference between identical code, well above the 10% expected; treat any confidence from it with suspicion

== uuid multi n=4096 churn and build: ordered vs btree-sets
steady state, per insertion or deletion in a structure of 25123 elements (cycle of 50246 operations, first pass untimed):
  A 89.84 per op, B 197.2 per op
  difference +54.45% [+53.67%, +56.11%] at 95% confidence
  noise floor 0.622%, autocorrelation -0.050
  resolved: A is faster than B
    warning: the program holds 32 MB of live data, more than the caches of many machines; for data that size, where it lies in memory can shift the result by several points in ways the interval does not cover, and differently in the next process; run the comparison in several processes with the multiproc package

build from empty to 25123 elements, per whole build (75369 operations):
  A 7.362e+06 per op, B 1.504e+07 per op
  difference +51.04% [+50.39%, +51.54%] at 95% confidence
  noise floor 0.899%, autocorrelation -0.054
  resolved: A is faster than B
    warning: the program holds 28 MB of live data, more than the caches of many machines; for data that size, where it lies in memory can shift the result by several points in ways the interval does not cover, and differently in the next process; run the comparison in several processes with the multiproc package
    warning: candidate A drifted during the run, shifting +2.85% from its first half to its second; the machine did not hold still

== uuid multi n=4096 churn and build: ordered vs map-sets
steady state, per insertion or deletion in a structure of 25123 elements (cycle of 50246 operations, first pass untimed):
  A 90.77 per op, B 77.31 per op
  difference -17.41% [-20.96%, -12.67%] at 95% confidence
  noise floor 1.582%, autocorrelation +0.409, resampled in blocks of 3
  resolved: A is slower than B
    warning: the program holds 33 MB of live data, more than the caches of many machines; for data that size, where it lies in memory can shift the result by several points in ways the interval does not cover, and differently in the next process; run the comparison in several processes with the multiproc package

build from empty to 25123 elements, per whole build (75369 operations):
  A 7.269e+06 per op, B 6.161e+06 per op
  difference -17.99% [-20.61%, -14.47%] at 95% confidence
  noise floor 0.976%, autocorrelation +0.087
  resolved: A is slower than B
    warning: the program holds 28 MB of live data, more than the caches of many machines; for data that size, where it lies in memory can shift the result by several points in ways the interval does not cover, and differently in the next process; run the comparison in several processes with the multiproc package

checksum 2589768098653280944
== uuid multi n=4096 valuesFor: ordered vs hashed
A 57.99 per op, B 43.83 per op
difference -32.29% [-34.18%, -29.08%] at 95% confidence
noise floor 1.382%, autocorrelation -0.197
resolved: A is slower than B
  warning: the program holds 33 MB of live data, more than the caches of many machines; for data that size, where it lies in memory can shift the result by several points in ways the interval does not cover, and differently in the next process; run the comparison in several processes with the multiproc package

== uuid multi n=4096 valuesFor: ordered vs btree-sets
A 58.13 per op, B 178.6 per op
difference +67.46% [+66.92%, +67.70%] at 95% confidence
noise floor 0.664%, autocorrelation -0.141
resolved: A is faster than B
  warning: the program holds 33 MB of live data, more than the caches of many machines; for data that size, where it lies in memory can shift the result by several points in ways the interval does not cover, and differently in the next process; run the comparison in several processes with the multiproc package
  warning: in 50% of A/A runs this setup reported a difference between identical code, well above the 10% expected; treat any confidence from it with suspicion

== uuid multi n=4096 valuesFor: ordered vs map-sets
A 76.99 per op, B 132.7 per op
difference +41.99% [+39.91%, +42.70%] at 95% confidence
noise floor 1.522%, autocorrelation -0.015
resolved: A is faster than B
  warning: the program holds 33 MB of live data, more than the caches of many machines; for data that size, where it lies in memory can shift the result by several points in ways the interval does not cover, and differently in the next process; run the comparison in several processes with the multiproc package
  warning: in 50% of A/A runs this setup reported a difference between identical code, well above the 10% expected; treat any confidence from it with suspicion

== uuid multi n=4096 valuesBetween: ordered vs hashed
A 3740 per op, B 5.472e+04 per op
difference +93.16% [+93.03%, +93.48%] at 95% confidence
noise floor 1.440%, autocorrelation +0.068
resolved: A is faster than B
  warning: the program holds 33 MB of live data, more than the caches of many machines; for data that size, where it lies in memory can shift the result by several points in ways the interval does not cover, and differently in the next process; run the comparison in several processes with the multiproc package

== uuid multi n=4096 valuesBetween: ordered vs btree-sets
A 3576 per op, B 7423 per op
difference +51.83% [+50.98%, +53.28%] at 95% confidence
noise floor 1.070%, autocorrelation -0.052
resolved: A is faster than B
  warning: the program holds 33 MB of live data, more than the caches of many machines; for data that size, where it lies in memory can shift the result by several points in ways the interval does not cover, and differently in the next process; run the comparison in several processes with the multiproc package

== uuid multi n=4096 valuesBetween: ordered vs map-sets
A 3625 per op, B 5.658e+04 per op
difference +93.59% [+93.44%, +93.81%] at 95% confidence
noise floor 0.780%, autocorrelation +0.155
resolved: A is faster than B
  warning: the program holds 33 MB of live data, more than the caches of many machines; for data that size, where it lies in memory can shift the result by several points in ways the interval does not cover, and differently in the next process; run the comparison in several processes with the multiproc package

== uuid multi n=4096 prefix: ordered vs hashed
A 99.71 per op, B 4.854e+04 per op
difference +99.79% [+99.64%, +99.81%] at 95% confidence
noise floor 15.744%, autocorrelation +0.175
resolved: A is faster than B
  warning: the program holds 33 MB of live data, more than the caches of many machines; for data that size, where it lies in memory can shift the result by several points in ways the interval does not cover, and differently in the next process; run the comparison in several processes with the multiproc package

== uuid multi n=4096 prefix: ordered vs btree-sets
A 92.44 per op, B 184.3 per op
difference +49.83% [+48.62%, +50.22%] at 95% confidence
noise floor 1.125%, autocorrelation +0.045
resolved: A is faster than B
  warning: the program holds 33 MB of live data, more than the caches of many machines; for data that size, where it lies in memory can shift the result by several points in ways the interval does not cover, and differently in the next process; run the comparison in several processes with the multiproc package

== uuid multi n=4096 prefix: ordered vs map-sets
A 104.5 per op, B 4.53e+04 per op
difference +99.77% [+99.64%, +99.79%] at 95% confidence
noise floor 6.939%, autocorrelation +0.145
resolved: A is faster than B
  warning: the program holds 33 MB of live data, more than the caches of many machines; for data that size, where it lies in memory can shift the result by several points in ways the interval does not cover, and differently in the next process; run the comparison in several processes with the multiproc package

== uuid multi n=4096 churn and build: ordered vs hashed
steady state, per insertion or deletion in a structure of 25123 elements (cycle of 50246 operations, first pass untimed):
  A 87.91 per op, B 66.87 per op
  difference -31.46% [-34.02%, -29.21%] at 95% confidence
  noise floor 1.398%, autocorrelation +0.000
  resolved: A is slower than B
    warning: the program holds 37 MB of live data, more than the caches of many machines; for data that size, where it lies in memory can shift the result by several points in ways the interval does not cover, and differently in the next process; run the comparison in several processes with the multiproc package

build from empty to 25123 elements, per whole build (75369 operations):
  A 7.245e+06 per op, B 5.957e+06 per op
  difference -21.63% [-24.21%, -20.01%] at 95% confidence
  noise floor 1.940%, autocorrelation +0.018
  resolved: A is slower than B
    warning: the program holds 33 MB of live data, more than the caches of many machines; for data that size, where it lies in memory can shift the result by several points in ways the interval does not cover, and differently in the next process; run the comparison in several processes with the multiproc package
    warning: in 50% of A/A runs this setup reported a difference between identical code, well above the 10% expected; treat any confidence from it with suspicion

== uuid multi n=4096 churn and build: ordered vs btree-sets
steady state, per insertion or deletion in a structure of 25123 elements (cycle of 50246 operations, first pass untimed):
  A 91.44 per op, B 200.3 per op
  difference +54.36% [+53.65%, +56.54%] at 95% confidence
  noise floor 1.690%, autocorrelation +0.031
  resolved: A is faster than B
    warning: the program holds 37 MB of live data, more than the caches of many machines; for data that size, where it lies in memory can shift the result by several points in ways the interval does not cover, and differently in the next process; run the comparison in several processes with the multiproc package

build from empty to 25123 elements, per whole build (75369 operations):
  A 7.318e+06 per op, B 1.49e+07 per op
  difference +50.89% [+50.38%, +51.82%] at 95% confidence
  noise floor 0.440%, autocorrelation +0.097
  resolved: A is faster than B
    warning: the program holds 33 MB of live data, more than the caches of many machines; for data that size, where it lies in memory can shift the result by several points in ways the interval does not cover, and differently in the next process; run the comparison in several processes with the multiproc package

== uuid multi n=4096 churn and build: ordered vs map-sets
steady state, per insertion or deletion in a structure of 25123 elements (cycle of 50246 operations, first pass untimed):
  A 87.38 per op, B 72.95 per op
  difference -19.78% [-22.93%, -18.06%] at 95% confidence
  noise floor 0.688%, autocorrelation +0.204, resampled in blocks of 3
  resolved: A is slower than B
    warning: the program holds 38 MB of live data, more than the caches of many machines; for data that size, where it lies in memory can shift the result by several points in ways the interval does not cover, and differently in the next process; run the comparison in several processes with the multiproc package

build from empty to 25123 elements, per whole build (75369 operations):
  A 7.306e+06 per op, B 6.069e+06 per op
  difference -20.39% [-24.08%, -16.70%] at 95% confidence
  noise floor 1.255%, autocorrelation +0.068
  resolved: A is slower than B
    warning: the program holds 33 MB of live data, more than the caches of many machines; for data that size, where it lies in memory can shift the result by several points in ways the interval does not cover, and differently in the next process; run the comparison in several processes with the multiproc package
    warning: candidate B drifted during the run, shifting -6.15% from its first half to its second; the machine did not hold still
    warning: the ratio B/A shifted -4.85% from the first half of the run to the second, so the candidates had not reached a steady state and the difference depends on how long the run was; a common cause is a head start for whichever candidate ran alone last before the comparison or had its data built last, which a longer CollectOptions.WarmupDuration removes

checksum 9092844955196524944
== uuid multi n=4096 valuesFor: ordered vs hashed
A 57.03 per op, B 43.02 per op
difference -32.57% [-36.09%, -28.95%] at 95% confidence
noise floor 0.626%, autocorrelation +0.010
resolved: A is slower than B
  warning: the program holds 28 MB of live data, more than the caches of many machines; for data that size, where it lies in memory can shift the result by several points in ways the interval does not cover, and differently in the next process; run the comparison in several processes with the multiproc package

== uuid multi n=4096 valuesFor: ordered vs btree-sets
A 58.3 per op, B 179.8 per op
difference +67.57% [+66.81%, +67.94%] at 95% confidence
noise floor 1.290%, autocorrelation +0.014
resolved: A is faster than B
  warning: the program holds 28 MB of live data, more than the caches of many machines; for data that size, where it lies in memory can shift the result by several points in ways the interval does not cover, and differently in the next process; run the comparison in several processes with the multiproc package

== uuid multi n=4096 valuesFor: ordered vs map-sets
A 57.16 per op, B 96.12 per op
difference +40.53% [+39.73%, +41.33%] at 95% confidence
noise floor 0.653%, autocorrelation -0.083
resolved: A is faster than B
  warning: the program holds 28 MB of live data, more than the caches of many machines; for data that size, where it lies in memory can shift the result by several points in ways the interval does not cover, and differently in the next process; run the comparison in several processes with the multiproc package

== uuid multi n=4096 valuesBetween: ordered vs hashed
A 3674 per op, B 5.492e+04 per op
difference +93.31% [+93.15%, +93.46%] at 95% confidence
noise floor 1.925%, autocorrelation -0.017
resolved: A is faster than B
  warning: the program holds 28 MB of live data, more than the caches of many machines; for data that size, where it lies in memory can shift the result by several points in ways the interval does not cover, and differently in the next process; run the comparison in several processes with the multiproc package

== uuid multi n=4096 valuesBetween: ordered vs btree-sets
A 3571 per op, B 7416 per op
difference +51.84% [+50.67%, +54.33%] at 95% confidence
noise floor 1.572%, autocorrelation -0.092
resolved: A is faster than B
  warning: the program holds 28 MB of live data, more than the caches of many machines; for data that size, where it lies in memory can shift the result by several points in ways the interval does not cover, and differently in the next process; run the comparison in several processes with the multiproc package

== uuid multi n=4096 valuesBetween: ordered vs map-sets
A 3611 per op, B 5.631e+04 per op
difference +93.59% [+93.40%, +93.77%] at 95% confidence
noise floor 0.399%, autocorrelation -0.009
resolved: A is faster than B
  warning: the program holds 28 MB of live data, more than the caches of many machines; for data that size, where it lies in memory can shift the result by several points in ways the interval does not cover, and differently in the next process; run the comparison in several processes with the multiproc package

== uuid multi n=4096 prefix: ordered vs hashed
A 104.7 per op, B 4.866e+04 per op
difference +99.78% [+99.65%, +99.81%] at 95% confidence
noise floor 28.675%, autocorrelation +0.194
resolved: A is faster than B
  warning: the program holds 28 MB of live data, more than the caches of many machines; for data that size, where it lies in memory can shift the result by several points in ways the interval does not cover, and differently in the next process; run the comparison in several processes with the multiproc package

== uuid multi n=4096 prefix: ordered vs btree-sets
A 91.84 per op, B 184.5 per op
difference +50.23% [+49.59%, +50.52%] at 95% confidence
noise floor 0.721%, autocorrelation -0.137
resolved: A is faster than B
  warning: the program holds 28 MB of live data, more than the caches of many machines; for data that size, where it lies in memory can shift the result by several points in ways the interval does not cover, and differently in the next process; run the comparison in several processes with the multiproc package

== uuid multi n=4096 prefix: ordered vs map-sets
A 115 per op, B 4.504e+04 per op
difference +99.74% [+99.64%, +99.78%] at 95% confidence
noise floor 12.740%, autocorrelation +0.065
resolved: A is faster than B
  warning: the program holds 28 MB of live data, more than the caches of many machines; for data that size, where it lies in memory can shift the result by several points in ways the interval does not cover, and differently in the next process; run the comparison in several processes with the multiproc package

== uuid multi n=4096 churn and build: ordered vs hashed
steady state, per insertion or deletion in a structure of 25123 elements (cycle of 50246 operations, first pass untimed):
  A 89.84 per op, B 67.43 per op
  difference -33.23% [-38.67%, -30.45%] at 95% confidence
  noise floor 1.221%, autocorrelation -0.008
  resolved: A is slower than B
    warning: the program holds 29 MB of live data, more than the caches of many machines; for data that size, where it lies in memory can shift the result by several points in ways the interval does not cover, and differently in the next process; run the comparison in several processes with the multiproc package

build from empty to 25123 elements, per whole build (75369 operations):
  A 7.409e+06 per op, B 6.088e+06 per op
  difference -21.71% [-24.12%, -20.82%] at 95% confidence
  noise floor 1.331%, autocorrelation +0.340, resampled in blocks of 3
  resolved: A is slower than B
    warning: the program holds 28 MB of live data, more than the caches of many machines; for data that size, where it lies in memory can shift the result by several points in ways the interval does not cover, and differently in the next process; run the comparison in several processes with the multiproc package
    warning: in 50% of A/A runs this setup reported a difference between identical code, well above the 10% expected; treat any confidence from it with suspicion

== uuid multi n=4096 churn and build: ordered vs btree-sets
steady state, per insertion or deletion in a structure of 25123 elements (cycle of 50246 operations, first pass untimed):
  A 93.18 per op, B 197.4 per op
  difference +52.80% [+51.06%, +54.67%] at 95% confidence
  noise floor 1.969%, autocorrelation +0.110
  resolved: A is faster than B
    warning: the program holds 32 MB of live data, more than the caches of many machines; for data that size, where it lies in memory can shift the result by several points in ways the interval does not cover, and differently in the next process; run the comparison in several processes with the multiproc package

build from empty to 25123 elements, per whole build (75369 operations):
  A 7.355e+06 per op, B 1.495e+07 per op
  difference +50.80% [+50.13%, +51.46%] at 95% confidence
  noise floor 0.804%, autocorrelation +0.158
  resolved: A is faster than B
    warning: the program holds 28 MB of live data, more than the caches of many machines; for data that size, where it lies in memory can shift the result by several points in ways the interval does not cover, and differently in the next process; run the comparison in several processes with the multiproc package

== uuid multi n=4096 churn and build: ordered vs map-sets
steady state, per insertion or deletion in a structure of 25123 elements (cycle of 50246 operations, first pass untimed):
  A 91.56 per op, B 77.55 per op
  difference -18.08% [-21.37%, -14.56%] at 95% confidence
  noise floor 2.768%, autocorrelation +0.147
  resolved: A is slower than B
    warning: the program holds 33 MB of live data, more than the caches of many machines; for data that size, where it lies in memory can shift the result by several points in ways the interval does not cover, and differently in the next process; run the comparison in several processes with the multiproc package

build from empty to 25123 elements, per whole build (75369 operations):
  A 7.31e+06 per op, B 6.047e+06 per op
  difference -20.87% [-21.40%, -16.89%] at 95% confidence
  noise floor 1.699%, autocorrelation +0.235, resampled in blocks of 3
  resolved: A is slower than B
    warning: the program holds 28 MB of live data, more than the caches of many machines; for data that size, where it lies in memory can shift the result by several points in ways the interval does not cover, and differently in the next process; run the comparison in several processes with the multiproc package

checksum 12982429760359534592
