== uuid unique n=16384 valuesFor: ordered vs btree-map
A 41.36 per op, B 142.3 per op
difference +70.93% [+70.62%, +71.33%] at 95% confidence
noise floor 0.562%, autocorrelation -0.091
resolved: A is faster than B
  warning: the program holds 33 MB of live data, more than the caches of many machines; for data that size, where it lies in memory can shift the result by several points in ways the interval does not cover, and differently in the next process; run the comparison in several processes with the multiproc package

== uuid unique n=16384 valuesBetween: ordered vs btree-map
A 1776 per op, B 560.8 per op
difference -216.67% [-220.88%, -211.84%] at 95% confidence
noise floor 0.439%, autocorrelation +0.055
resolved: A is slower than B
  warning: the program holds 33 MB of live data, more than the caches of many machines; for data that size, where it lies in memory can shift the result by several points in ways the interval does not cover, and differently in the next process; run the comparison in several processes with the multiproc package

== uuid unique n=16384 prefix: ordered vs btree-map
A 86.01 per op, B 149.6 per op
difference +42.51% [+41.66%, +43.54%] at 95% confidence
noise floor 1.413%, autocorrelation +0.068
resolved: A is faster than B
  warning: the program holds 33 MB of live data, more than the caches of many machines; for data that size, where it lies in memory can shift the result by several points in ways the interval does not cover, and differently in the next process; run the comparison in several processes with the multiproc package

== uuid unique n=16384 churn and build: ordered vs btree-map
steady state, per insertion or deletion in a structure of 16384 elements (cycle of 32768 operations, first pass untimed):
  A 105.5 per op, B 199.8 per op
  difference +47.20% [+45.87%, +49.62%] at 95% confidence
  noise floor 0.797%, autocorrelation -0.053
  resolved: A is faster than B
    warning: the program holds 38 MB of live data, more than the caches of many machines; for data that size, where it lies in memory can shift the result by several points in ways the interval does not cover, and differently in the next process; run the comparison in several processes with the multiproc package

build from empty to 16384 elements, per whole build (49152 operations):
  A 4.894e+06 per op, B 9.316e+06 per op
  difference +47.47% [+46.06%, +48.31%] at 95% confidence
  noise floor 1.072%, autocorrelation +0.252, resampled in blocks of 3
  resolved: A is faster than B
    warning: the program holds 33 MB of live data, more than the caches of many machines; for data that size, where it lies in memory can shift the result by several points in ways the interval does not cover, and differently in the next process; run the comparison in several processes with the multiproc package

checksum 10762341084565797408
== uuid unique n=16384 valuesFor: ordered vs btree-map
A 42.79 per op, B 145.1 per op
difference +70.52% [+69.72%, +71.20%] at 95% confidence
noise floor 1.169%, autocorrelation -0.127
resolved: A is faster than B
  warning: the program holds 42 MB of live data, more than the caches of many machines; for data that size, where it lies in memory can shift the result by several points in ways the interval does not cover, and differently in the next process; run the comparison in several processes with the multiproc package

== uuid unique n=16384 valuesBetween: ordered vs btree-map
A 1796 per op, B 565.5 per op
difference -217.58% [-221.53%, -210.87%] at 95% confidence
noise floor 0.833%, autocorrelation +0.092
resolved: A is slower than B
  warning: the program holds 37 MB of live data, more than the caches of many machines; for data that size, where it lies in memory can shift the result by several points in ways the interval does not cover, and differently in the next process; run the comparison in several processes with the multiproc package

== uuid unique n=16384 prefix: ordered vs btree-map
A 85.58 per op, B 149.3 per op
difference +42.70% [+41.47%, +43.92%] at 95% confidence
noise floor 0.635%, autocorrelation +0.079
resolved: A is faster than B
  warning: the program holds 37 MB of live data, more than the caches of many machines; for data that size, where it lies in memory can shift the result by several points in ways the interval does not cover, and differently in the next process; run the comparison in several processes with the multiproc package

== uuid unique n=16384 churn and build: ordered vs btree-map
steady state, per insertion or deletion in a structure of 16384 elements (cycle of 32768 operations, first pass untimed):
  A 123.3 per op, B 205.9 per op
  difference +40.10% [+36.36%, +42.08%] at 95% confidence
  noise floor 4.933%, autocorrelation +0.031
  resolved: A is faster than B
    warning: the program holds 41 MB of live data, more than the caches of many machines; for data that size, where it lies in memory can shift the result by several points in ways the interval does not cover, and differently in the next process; run the comparison in several processes with the multiproc package

build from empty to 16384 elements, per whole build (49152 operations):
  A 4.832e+06 per op, B 9.191e+06 per op
  difference +47.43% [+46.49%, +47.95%] at 95% confidence
  noise floor 0.558%, autocorrelation +0.209, resampled in blocks of 3
  resolved: A is faster than B
    warning: the program holds 37 MB of live data, more than the caches of many machines; for data that size, where it lies in memory can shift the result by several points in ways the interval does not cover, and differently in the next process; run the comparison in several processes with the multiproc package

checksum 12049043402698437536
== uuid unique n=16384 valuesFor: ordered vs btree-map
A 41.63 per op, B 144.4 per op
difference +71.18% [+71.00%, +71.44%] at 95% confidence
noise floor 0.626%, autocorrelation +0.005
resolved: A is faster than B
  warning: the program holds 41 MB of live data, more than the caches of many machines; for data that size, where it lies in memory can shift the result by several points in ways the interval does not cover, and differently in the next process; run the comparison in several processes with the multiproc package

== uuid unique n=16384 valuesBetween: ordered vs btree-map
A 1771 per op, B 562.8 per op
difference -214.71% [-217.05%, -211.04%] at 95% confidence
noise floor 1.367%, autocorrelation -0.078
resolved: A is slower than B
  warning: the program holds 41 MB of live data, more than the caches of many machines; for data that size, where it lies in memory can shift the result by several points in ways the interval does not cover, and differently in the next process; run the comparison in several processes with the multiproc package
  warning: in 50% of A/A runs this setup reported a difference between identical code, well above the 10% expected; treat any confidence from it with suspicion

== uuid unique n=16384 prefix: ordered vs btree-map
A 86.23 per op, B 151.2 per op
difference +42.95% [+42.06%, +44.57%] at 95% confidence
noise floor 0.618%, autocorrelation -0.112
resolved: A is faster than B
  warning: the program holds 41 MB of live data, more than the caches of many machines; for data that size, where it lies in memory can shift the result by several points in ways the interval does not cover, and differently in the next process; run the comparison in several processes with the multiproc package

== uuid unique n=16384 churn and build: ordered vs btree-map
steady state, per insertion or deletion in a structure of 16384 elements (cycle of 32768 operations, first pass untimed):
  A 104.9 per op, B 198.8 per op
  difference +47.26% [+46.56%, +49.27%] at 95% confidence
  noise floor 2.587%, autocorrelation +0.061
  resolved: A is faster than B
    warning: the program holds 46 MB of live data, more than the caches of many machines; for data that size, where it lies in memory can shift the result by several points in ways the interval does not cover, and differently in the next process; run the comparison in several processes with the multiproc package

build from empty to 16384 elements, per whole build (49152 operations):
  A 4.884e+06 per op, B 9.314e+06 per op
  difference +47.56% [+45.66%, +48.16%] at 95% confidence
  noise floor 1.771%, autocorrelation +0.132
  resolved: A is faster than B
    warning: the program holds 41 MB of live data, more than the caches of many machines; for data that size, where it lies in memory can shift the result by several points in ways the interval does not cover, and differently in the next process; run the comparison in several processes with the multiproc package

checksum 13254434740961671952
== uuid unique n=16384 valuesFor: ordered vs btree-map
A 43.56 per op, B 144.6 per op
difference +69.88% [+69.34%, +70.25%] at 95% confidence
noise floor 0.579%, autocorrelation -0.041
resolved: A is faster than B
  warning: the program holds 38 MB of live data, more than the caches of many machines; for data that size, where it lies in memory can shift the result by several points in ways the interval does not cover, and differently in the next process; run the comparison in several processes with the multiproc package

== uuid unique n=16384 valuesBetween: ordered vs btree-map
A 1795 per op, B 577.9 per op
difference -210.55% [-216.66%, -201.88%] at 95% confidence
noise floor 1.164%, autocorrelation -0.010
resolved: A is slower than B
  warning: the program holds 38 MB of live data, more than the caches of many machines; for data that size, where it lies in memory can shift the result by several points in ways the interval does not cover, and differently in the next process; run the comparison in several processes with the multiproc package

== uuid unique n=16384 prefix: ordered vs btree-map
A 85.89 per op, B 151.9 per op
difference +43.47% [+42.56%, +45.32%] at 95% confidence
noise floor 1.172%, autocorrelation +0.079
resolved: A is faster than B
  warning: the program holds 38 MB of live data, more than the caches of many machines; for data that size, where it lies in memory can shift the result by several points in ways the interval does not cover, and differently in the next process; run the comparison in several processes with the multiproc package

== uuid unique n=16384 churn and build: ordered vs btree-map
steady state, per insertion or deletion in a structure of 16384 elements (cycle of 32768 operations, first pass untimed):
  A 103.5 per op, B 201.2 per op
  difference +48.55% [+46.05%, +50.72%] at 95% confidence
  noise floor 1.922%, autocorrelation +0.156
  resolved: A is faster than B
    warning: the program holds 43 MB of live data, more than the caches of many machines; for data that size, where it lies in memory can shift the result by several points in ways the interval does not cover, and differently in the next process; run the comparison in several processes with the multiproc package

build from empty to 16384 elements, per whole build (49152 operations):
  A 4.982e+06 per op, B 9.336e+06 per op
  difference +46.63% [+44.24%, +48.19%] at 95% confidence
  noise floor 1.513%, autocorrelation +0.258, resampled in blocks of 3
  resolved: A is faster than B
    warning: the program holds 38 MB of live data, more than the caches of many machines; for data that size, where it lies in memory can shift the result by several points in ways the interval does not cover, and differently in the next process; run the comparison in several processes with the multiproc package

checksum 2745930612637122624
== uuid unique n=16384 valuesFor: ordered vs btree-map
A 41.95 per op, B 141.5 per op
difference +70.36% [+69.92%, +70.80%] at 95% confidence
noise floor 1.219%, autocorrelation -0.059
resolved: A is faster than B
  warning: the program holds 48 MB of live data, more than the caches of many machines; for data that size, where it lies in memory can shift the result by several points in ways the interval does not cover, and differently in the next process; run the comparison in several processes with the multiproc package

== uuid unique n=16384 valuesBetween: ordered vs btree-map
A 1770 per op, B 563.5 per op
difference -214.15% [-216.06%, -208.79%] at 95% confidence
noise floor 0.907%, autocorrelation -0.018
resolved: A is slower than B
  warning: the program holds 43 MB of live data, more than the caches of many machines; for data that size, where it lies in memory can shift the result by several points in ways the interval does not cover, and differently in the next process; run the comparison in several processes with the multiproc package
  warning: in 50% of A/A runs this setup reported a difference between identical code, well above the 10% expected; treat any confidence from it with suspicion

== uuid unique n=16384 prefix: ordered vs btree-map
A 86.24 per op, B 148.8 per op
difference +42.06% [+41.33%, +43.04%] at 95% confidence
noise floor 0.991%, autocorrelation -0.127
resolved: A is faster than B
  warning: the program holds 43 MB of live data, more than the caches of many machines; for data that size, where it lies in memory can shift the result by several points in ways the interval does not cover, and differently in the next process; run the comparison in several processes with the multiproc package

== uuid unique n=16384 churn and build: ordered vs btree-map
steady state, per insertion or deletion in a structure of 16384 elements (cycle of 32768 operations, first pass untimed):
  A 106.2 per op, B 199.5 per op
  difference +46.78% [+45.38%, +49.06%] at 95% confidence
  noise floor 0.911%, autocorrelation +0.069
  resolved: A is faster than B
    warning: the program holds 48 MB of live data, more than the caches of many machines; for data that size, where it lies in memory can shift the result by several points in ways the interval does not cover, and differently in the next process; run the comparison in several processes with the multiproc package

build from empty to 16384 elements, per whole build (49152 operations):
  A 4.841e+06 per op, B 9.198e+06 per op
  difference +47.37% [+46.70%, +48.08%] at 95% confidence
  noise floor 0.605%, autocorrelation +0.012
  resolved: A is faster than B
    warning: the program holds 43 MB of live data, more than the caches of many machines; for data that size, where it lies in memory can shift the result by several points in ways the interval does not cover, and differently in the next process; run the comparison in several processes with the multiproc package

checksum 6217669493143412128
== uuid unique n=16384 valuesFor: ordered vs btree-map
A 41.78 per op, B 142.6 per op
difference +70.69% [+70.29%, +71.09%] at 95% confidence
noise floor 0.207%, autocorrelation -0.036
resolved: A is faster than B
  warning: the program holds 38 MB of live data, more than the caches of many machines; for data that size, where it lies in memory can shift the result by several points in ways the interval does not cover, and differently in the next process; run the comparison in several processes with the multiproc package

== uuid unique n=16384 valuesBetween: ordered vs btree-map
A 1767 per op, B 562.7 per op
difference -214.06% [-217.14%, -208.14%] at 95% confidence
noise floor 1.029%, autocorrelation +0.125
resolved: A is slower than B
  warning: the program holds 38 MB of live data, more than the caches of many machines; for data that size, where it lies in memory can shift the result by several points in ways the interval does not cover, and differently in the next process; run the comparison in several processes with the multiproc package

== uuid unique n=16384 prefix: ordered vs btree-map
A 85.75 per op, B 150.7 per op
difference +43.10% [+41.28%, +44.06%] at 95% confidence
noise floor 0.781%, autocorrelation -0.127
resolved: A is faster than B
  warning: the program holds 38 MB of live data, more than the caches of many machines; for data that size, where it lies in memory can shift the result by several points in ways the interval does not cover, and differently in the next process; run the comparison in several processes with the multiproc package

== uuid unique n=16384 churn and build: ordered vs btree-map
steady state, per insertion or deletion in a structure of 16384 elements (cycle of 32768 operations, first pass untimed):
  A 105.8 per op, B 202.5 per op
  difference +47.73% [+46.68%, +49.01%] at 95% confidence
  noise floor 2.508%, autocorrelation +0.475, resampled in blocks of 3
  resolved: A is faster than B
    warning: the program holds 39 MB of live data, more than the caches of many machines; for data that size, where it lies in memory can shift the result by several points in ways the interval does not cover, and differently in the next process; run the comparison in several processes with the multiproc package

build from empty to 16384 elements, per whole build (49152 operations):
  A 4.978e+06 per op, B 9.347e+06 per op
  difference +46.74% [+45.68%, +47.57%] at 95% confidence
  noise floor 3.112%, autocorrelation +0.249, resampled in blocks of 3
  resolved: A is faster than B
    warning: the program holds 38 MB of live data, more than the caches of many machines; for data that size, where it lies in memory can shift the result by several points in ways the interval does not cover, and differently in the next process; run the comparison in several processes with the multiproc package
    warning: in 50% of A/A runs this setup reported a difference between identical code, well above the 10% expected; treat any confidence from it with suspicion

checksum 14790737479365786960
