16:54:54  start: -suite dev -vs baseline -sizes 4096,16384,262144 -minprocs 6 -maxprocs 12 -memn 1048576 -memrounds 3 -out C:\temp\bench-win\c1-u64
16:55:00  u64 multi n=4096: 1 processes done; the first stage is at least 6
16:55:06  u64 multi n=4096: 2 processes done; the first stage is at least 6
16:55:11  u64 multi n=4096: 3 processes done; the first stage is at least 6
16:55:17  u64 multi n=4096: 4 processes done; the first stage is at least 6
16:55:22  u64 multi n=4096: 5 processes done; the first stage is at least 6
16:55:28  u64 multi n=4096: first stage of 6 processes done; valuesBetween ordered baseline needs 35 processes for its interval, run in whole pairs of processes (at most 12)
16:55:28  u64 multi n=4096: 6 processes done; 2 of 4 comparisons not yet within the interval asked for; widest ±4.8 pts: valuesBetween ordered baseline
16:55:33  u64 multi n=4096: 7 processes done; 2 of 4 comparisons not yet within the interval asked for; widest ±4.4 pts: valuesBetween ordered baseline
16:55:39  u64 multi n=4096: 8 processes done; 2 of 4 comparisons not yet within the interval asked for; widest ±4.2 pts: valuesBetween ordered baseline
16:55:44  u64 multi n=4096: 9 processes done; 2 of 4 comparisons not yet within the interval asked for; widest ±3.9 pts: valuesBetween ordered baseline
16:55:50  u64 multi n=4096: 10 processes done; 2 of 4 comparisons not yet within the interval asked for; widest ±3.7 pts: valuesBetween ordered baseline
16:55:56  u64 multi n=4096: 11 processes done; 2 of 4 comparisons not yet within the interval asked for; widest ±3.5 pts: valuesBetween ordered baseline
16:56:01  u64 multi n=4096: 12 processes done; 2 of 4 comparisons not yet within the interval asked for; widest ±3.4 pts: valuesBetween ordered baseline
16:56:01  warning: u64 multi n=4096 stopped after 12 processes, before every interval was as precise as asked
16:56:11  u64 multi n=16384: 1 processes done; the first stage is at least 6
16:56:21  u64 multi n=16384: 2 processes done; the first stage is at least 6
16:56:31  u64 multi n=16384: 3 processes done; the first stage is at least 6
16:56:41  u64 multi n=16384: 4 processes done; the first stage is at least 6
16:56:51  u64 multi n=16384: 5 processes done; the first stage is at least 6
16:57:01  u64 multi n=16384: first stage of 6 processes done; no comparison needs 6 processes for its interval, run in whole pairs of processes (at most 12)
16:57:01  u64 multi n=16384: 6 processes done; 0 of 4 comparisons not yet within the interval asked for
16:57:13  u64 multi n=262144: 1 processes done; the first stage is at least 6
16:57:24  u64 multi n=262144: 2 processes done; the first stage is at least 6
16:57:36  u64 multi n=262144: 3 processes done; the first stage is at least 6
16:57:48  u64 multi n=262144: 4 processes done; the first stage is at least 6
16:57:59  u64 multi n=262144: 5 processes done; the first stage is at least 6
16:58:11  u64 multi n=262144: first stage of 6 processes done; churn ordered baseline needs 31 processes for its interval, run in whole pairs of processes (at most 12)
16:58:11  u64 multi n=262144: 6 processes done; 2 of 3 comparisons not yet within the interval asked for; widest ±4.5 pts: churn ordered baseline
16:58:23  u64 multi n=262144: 7 processes done; 2 of 3 comparisons not yet within the interval asked for; widest ±4.2 pts: churn ordered baseline
16:58:34  u64 multi n=262144: 8 processes done; 2 of 3 comparisons not yet within the interval asked for; widest ±3.9 pts: churn ordered baseline
16:58:46  u64 multi n=262144: 9 processes done; 2 of 3 comparisons not yet within the interval asked for; widest ±3.7 pts: churn ordered baseline
16:58:58  u64 multi n=262144: 10 processes done; 2 of 3 comparisons not yet within the interval asked for; widest ±3.5 pts: churn ordered baseline
16:59:10  u64 multi n=262144: 11 processes done; 2 of 3 comparisons not yet within the interval asked for; widest ±3.3 pts: churn ordered baseline
16:59:21  u64 multi n=262144: 12 processes done; 2 of 3 comparisons not yet within the interval asked for; widest ±3.2 pts: churn ordered baseline
16:59:21  warning: u64 multi n=262144 stopped after 12 processes, before every interval was as precise as asked
16:59:29  str multi n=4096: 1 processes done; the first stage is at least 6
16:59:36  str multi n=4096: 2 processes done; the first stage is at least 6
16:59:44  str multi n=4096: 3 processes done; the first stage is at least 6
16:59:51  str multi n=4096: 4 processes done; the first stage is at least 6
16:59:59  str multi n=4096: 5 processes done; the first stage is at least 6
17:00:06  str multi n=4096: first stage of 6 processes done; valuesFor ordered baseline needs 46 processes for its interval, run in whole pairs of processes (at most 12)
17:00:06  str multi n=4096: 6 processes done; 3 of 5 comparisons not yet within the interval asked for; widest ±5.5 pts: valuesFor ordered baseline
17:00:14  str multi n=4096: 7 processes done; 3 of 5 comparisons not yet within the interval asked for; widest ±5.1 pts: valuesFor ordered baseline
17:00:21  str multi n=4096: 8 processes done; 3 of 5 comparisons not yet within the interval asked for; widest ±4.8 pts: valuesFor ordered baseline
17:00:29  str multi n=4096: 9 processes done; 3 of 5 comparisons not yet within the interval asked for; widest ±4.5 pts: valuesFor ordered baseline
17:00:36  str multi n=4096: 10 processes done; 3 of 5 comparisons not yet within the interval asked for; widest ±4.3 pts: valuesFor ordered baseline
17:00:44  str multi n=4096: 11 processes done; 3 of 5 comparisons not yet within the interval asked for; widest ±4.1 pts: valuesFor ordered baseline
17:00:51  str multi n=4096: 12 processes done; 3 of 5 comparisons not yet within the interval asked for; widest ±3.9 pts: valuesFor ordered baseline
17:00:51  warning: str multi n=4096 stopped after 12 processes, before every interval was as precise as asked
17:01:06  str multi n=16384: 1 processes done; the first stage is at least 6
17:01:20  str multi n=16384: 2 processes done; the first stage is at least 6
17:01:35  str multi n=16384: 3 processes done; the first stage is at least 6
17:01:50  str multi n=16384: 4 processes done; the first stage is at least 6
17:02:04  str multi n=16384: 5 processes done; the first stage is at least 6
17:02:19  str multi n=16384: first stage of 6 processes done; no comparison needs 6 processes for its interval, run in whole pairs of processes (at most 12)
17:02:19  str multi n=16384: 6 processes done; 0 of 5 comparisons not yet within the interval asked for
17:02:42  str multi n=262144: 1 processes done; the first stage is at least 6
17:03:04  str multi n=262144: 2 processes done; the first stage is at least 6
17:03:27  str multi n=262144: 3 processes done; the first stage is at least 6
17:03:50  str multi n=262144: 4 processes done; the first stage is at least 6
17:04:12  str multi n=262144: 5 processes done; the first stage is at least 6
17:04:35  str multi n=262144: first stage of 6 processes done; churn ordered baseline needs 11 processes for its interval, run in whole pairs of processes (at most 12)
17:04:35  str multi n=262144: 6 processes done; 1 of 4 comparisons not yet within the interval asked for; widest ±2.7 pts: churn ordered baseline
17:04:57  str multi n=262144: 7 processes done; 1 of 4 comparisons not yet within the interval asked for; widest ±2.5 pts: churn ordered baseline
17:05:20  str multi n=262144: 8 processes done; 1 of 4 comparisons not yet within the interval asked for; widest ±2.3 pts: churn ordered baseline
17:05:43  str multi n=262144: 9 processes done; 1 of 4 comparisons not yet within the interval asked for; widest ±2.2 pts: churn ordered baseline
17:06:05  str multi n=262144: 10 processes done; 1 of 4 comparisons not yet within the interval asked for; widest ±2.1 pts: churn ordered baseline
17:06:28  str multi n=262144: 11 processes done; 0 of 4 comparisons not yet within the interval asked for
17:06:51  str multi n=262144: 12 processes done; 0 of 4 comparisons not yet within the interval asked for
17:06:58  uuid multi n=4096: 1 processes done; the first stage is at least 6
17:07:05  uuid multi n=4096: 2 processes done; the first stage is at least 6
17:07:12  uuid multi n=4096: 3 processes done; the first stage is at least 6
17:07:20  uuid multi n=4096: 4 processes done; the first stage is at least 6
17:07:27  uuid multi n=4096: 5 processes done; the first stage is at least 6
17:07:34  uuid multi n=4096: first stage of 6 processes done; valuesBetween ordered baseline needs 23 processes for its interval, run in whole pairs of processes (at most 12)
17:07:34  uuid multi n=4096: 6 processes done; 1 of 5 comparisons not yet within the interval asked for; widest ±3.9 pts: valuesBetween ordered baseline
17:07:41  uuid multi n=4096: 7 processes done; 1 of 5 comparisons not yet within the interval asked for; widest ±3.6 pts: valuesBetween ordered baseline
17:07:48  uuid multi n=4096: 8 processes done; 1 of 5 comparisons not yet within the interval asked for; widest ±3.4 pts: valuesBetween ordered baseline
17:07:56  uuid multi n=4096: 9 processes done; 1 of 5 comparisons not yet within the interval asked for; widest ±3.2 pts: valuesBetween ordered baseline
17:08:03  uuid multi n=4096: 10 processes done; 1 of 5 comparisons not yet within the interval asked for; widest ±3.0 pts: valuesBetween ordered baseline
17:08:10  uuid multi n=4096: 11 processes done; 1 of 5 comparisons not yet within the interval asked for; widest ±2.9 pts: valuesBetween ordered baseline
17:08:17  uuid multi n=4096: 12 processes done; 1 of 5 comparisons not yet within the interval asked for; widest ±2.8 pts: valuesBetween ordered baseline
17:08:17  warning: uuid multi n=4096 stopped after 12 processes, before every interval was as precise as asked
17:08:31  uuid multi n=16384: 1 processes done; the first stage is at least 6
17:08:45  uuid multi n=16384: 2 processes done; the first stage is at least 6
17:08:59  uuid multi n=16384: 3 processes done; the first stage is at least 6
17:09:12  uuid multi n=16384: 4 processes done; the first stage is at least 6
17:09:26  uuid multi n=16384: 5 processes done; the first stage is at least 6
17:09:40  uuid multi n=16384: first stage of 6 processes done; no comparison needs 6 processes for its interval, run in whole pairs of processes (at most 12)
17:09:40  uuid multi n=16384: 6 processes done; 0 of 5 comparisons not yet within the interval asked for
17:09:57  uuid multi n=262144: 1 processes done; the first stage is at least 6
17:10:14  uuid multi n=262144: 2 processes done; the first stage is at least 6
17:10:31  uuid multi n=262144: 3 processes done; the first stage is at least 6
17:10:48  uuid multi n=262144: 4 processes done; the first stage is at least 6
17:11:05  uuid multi n=262144: 5 processes done; the first stage is at least 6
17:11:22  uuid multi n=262144: first stage of 6 processes done; churn ordered baseline needs 76 processes for its interval, run in whole pairs of processes (at most 12)
17:11:22  uuid multi n=262144: 6 processes done; 1 of 4 comparisons not yet within the interval asked for; widest ±7.1 pts: churn ordered baseline
17:11:38  uuid multi n=262144: 7 processes done; 1 of 4 comparisons not yet within the interval asked for; widest ±6.6 pts: churn ordered baseline
17:11:55  uuid multi n=262144: 8 processes done; 1 of 4 comparisons not yet within the interval asked for; widest ±6.2 pts: churn ordered baseline
17:12:12  uuid multi n=262144: 9 processes done; 1 of 4 comparisons not yet within the interval asked for; widest ±5.8 pts: churn ordered baseline
17:12:29  uuid multi n=262144: 10 processes done; 1 of 4 comparisons not yet within the interval asked for; widest ±5.5 pts: churn ordered baseline
17:12:46  uuid multi n=262144: 11 processes done; 1 of 4 comparisons not yet within the interval asked for; widest ±5.2 pts: churn ordered baseline
17:13:03  uuid multi n=262144: 12 processes done; 1 of 4 comparisons not yet within the interval asked for; widest ±5.0 pts: churn ordered baseline
17:13:03  warning: uuid multi n=262144 stopped after 12 processes, before every interval was as precise as asked
17:13:11  email multi n=4096: 1 processes done; the first stage is at least 6
17:13:18  email multi n=4096: 2 processes done; the first stage is at least 6
17:13:25  email multi n=4096: 3 processes done; the first stage is at least 6
17:13:32  email multi n=4096: 4 processes done; the first stage is at least 6
17:13:39  email multi n=4096: 5 processes done; the first stage is at least 6
17:13:46  email multi n=4096: first stage of 6 processes done; prefix ordered baseline needs 14 processes for its interval, run in whole pairs of processes (at most 12)
17:13:46  email multi n=4096: 6 processes done; 1 of 5 comparisons not yet within the interval asked for; widest ±2.9 pts: prefix ordered baseline
17:13:53  email multi n=4096: 7 processes done; 1 of 5 comparisons not yet within the interval asked for; widest ±2.7 pts: prefix ordered baseline
17:14:00  email multi n=4096: 8 processes done; 1 of 5 comparisons not yet within the interval asked for; widest ±2.6 pts: prefix ordered baseline
17:14:07  email multi n=4096: 9 processes done; 1 of 5 comparisons not yet within the interval asked for; widest ±2.4 pts: prefix ordered baseline
17:14:14  email multi n=4096: 10 processes done; 1 of 5 comparisons not yet within the interval asked for; widest ±2.3 pts: prefix ordered baseline
17:14:21  email multi n=4096: 11 processes done; 1 of 5 comparisons not yet within the interval asked for; widest ±2.2 pts: prefix ordered baseline
17:14:28  email multi n=4096: 12 processes done; 1 of 5 comparisons not yet within the interval asked for; widest ±2.1 pts: prefix ordered baseline
17:14:28  warning: email multi n=4096 stopped after 12 processes, before every interval was as precise as asked
17:14:41  email multi n=16384: 1 processes done; the first stage is at least 6
17:14:54  email multi n=16384: 2 processes done; the first stage is at least 6
17:15:08  email multi n=16384: 3 processes done; the first stage is at least 6
17:15:21  email multi n=16384: 4 processes done; the first stage is at least 6
17:15:34  email multi n=16384: 5 processes done; the first stage is at least 6
17:15:47  email multi n=16384: first stage of 6 processes done; no comparison needs 6 processes for its interval, run in whole pairs of processes (at most 12)
17:15:47  email multi n=16384: 6 processes done; 0 of 5 comparisons not yet within the interval asked for
17:16:03  email multi n=262144: 1 processes done; the first stage is at least 6
17:16:19  email multi n=262144: 2 processes done; the first stage is at least 6
17:16:35  email multi n=262144: 3 processes done; the first stage is at least 6
17:16:51  email multi n=262144: 4 processes done; the first stage is at least 6
17:17:07  email multi n=262144: 5 processes done; the first stage is at least 6
17:17:23  email multi n=262144: first stage of 6 processes done; valuesFor ordered baseline needs 40 processes for its interval, run in whole pairs of processes (at most 12)
17:17:23  email multi n=262144: 6 processes done; 2 of 4 comparisons not yet within the interval asked for; widest ±5.1 pts: valuesFor ordered baseline
17:17:39  email multi n=262144: 7 processes done; 2 of 4 comparisons not yet within the interval asked for; widest ±4.8 pts: valuesFor ordered baseline
17:17:54  email multi n=262144: 8 processes done; 2 of 4 comparisons not yet within the interval asked for; widest ±4.4 pts: valuesFor ordered baseline
17:18:10  email multi n=262144: 9 processes done; 2 of 4 comparisons not yet within the interval asked for; widest ±4.2 pts: valuesFor ordered baseline
17:18:26  email multi n=262144: 10 processes done; 2 of 4 comparisons not yet within the interval asked for; widest ±4.0 pts: valuesFor ordered baseline
17:18:42  email multi n=262144: 11 processes done; 2 of 4 comparisons not yet within the interval asked for; widest ±3.8 pts: valuesFor ordered baseline
17:18:58  email multi n=262144: 12 processes done; 1 of 4 comparisons not yet within the interval asked for; widest ±3.6 pts: valuesFor ordered baseline
17:18:58  warning: email multi n=262144 stopped after 12 processes, before every interval was as precise as asked
17:19:06  url multi n=4096: 1 processes done; the first stage is at least 6
17:19:14  url multi n=4096: 2 processes done; the first stage is at least 6
17:19:22  url multi n=4096: 3 processes done; the first stage is at least 6
17:19:30  url multi n=4096: 4 processes done; the first stage is at least 6
17:19:39  url multi n=4096: 5 processes done; the first stage is at least 6
17:19:47  url multi n=4096: first stage of 6 processes done; valuesBetween ordered baseline needs 10 processes for its interval, run in whole pairs of processes (at most 12)
17:19:47  url multi n=4096: 6 processes done; 1 of 5 comparisons not yet within the interval asked for; widest ±2.6 pts: valuesBetween ordered baseline
17:19:55  url multi n=4096: 7 processes done; 1 of 5 comparisons not yet within the interval asked for; widest ±2.4 pts: valuesBetween ordered baseline
17:20:03  url multi n=4096: 8 processes done; 1 of 5 comparisons not yet within the interval asked for; widest ±2.2 pts: valuesBetween ordered baseline
17:20:12  url multi n=4096: 9 processes done; 1 of 5 comparisons not yet within the interval asked for; widest ±2.1 pts: valuesBetween ordered baseline
17:20:20  url multi n=4096: 10 processes done; 0 of 5 comparisons not yet within the interval asked for
17:20:39  url multi n=16384: 1 processes done; the first stage is at least 6
17:20:59  url multi n=16384: 2 processes done; the first stage is at least 6
17:21:18  url multi n=16384: 3 processes done; the first stage is at least 6
17:21:38  url multi n=16384: 4 processes done; the first stage is at least 6
17:21:57  url multi n=16384: 5 processes done; the first stage is at least 6
17:22:16  url multi n=16384: first stage of 6 processes done; no comparison needs 6 processes for its interval, run in whole pairs of processes (at most 12)
17:22:16  url multi n=16384: 6 processes done; 0 of 5 comparisons not yet within the interval asked for
17:22:40  url multi n=262144: 1 processes done; the first stage is at least 6
17:23:03  url multi n=262144: 2 processes done; the first stage is at least 6
17:23:26  url multi n=262144: 3 processes done; the first stage is at least 6
17:23:50  url multi n=262144: 4 processes done; the first stage is at least 6
17:24:13  url multi n=262144: 5 processes done; the first stage is at least 6
17:24:36  url multi n=262144: first stage of 6 processes done; prefix ordered baseline needs 11 processes for its interval, run in whole pairs of processes (at most 12)
17:24:36  url multi n=262144: 6 processes done; 3 of 4 comparisons not yet within the interval asked for; widest ±2.7 pts: churn ordered baseline
17:24:59  url multi n=262144: 7 processes done; 3 of 4 comparisons not yet within the interval asked for; widest ±2.5 pts: churn ordered baseline
17:25:22  url multi n=262144: 8 processes done; 2 of 4 comparisons not yet within the interval asked for; widest ±2.3 pts: churn ordered baseline
17:25:46  url multi n=262144: 9 processes done; 2 of 4 comparisons not yet within the interval asked for; widest ±2.2 pts: churn ordered baseline
17:26:09  url multi n=262144: 10 processes done; 2 of 4 comparisons not yet within the interval asked for; widest ±2.1 pts: churn ordered baseline
17:26:32  url multi n=262144: 11 processes done; 0 of 4 comparisons not yet within the interval asked for
17:26:55  url multi n=262144: 12 processes done; 0 of 4 comparisons not yet within the interval asked for
17:27:04  path multi n=4096: 1 processes done; the first stage is at least 6
17:27:13  path multi n=4096: 2 processes done; the first stage is at least 6
17:27:22  path multi n=4096: 3 processes done; the first stage is at least 6
17:27:31  path multi n=4096: 4 processes done; the first stage is at least 6
17:27:40  path multi n=4096: 5 processes done; the first stage is at least 6
17:27:49  path multi n=4096: first stage of 6 processes done; valuesBetween ordered baseline needs 23 processes for its interval, run in whole pairs of processes (at most 12)
17:27:49  path multi n=4096: 6 processes done; 2 of 5 comparisons not yet within the interval asked for; widest ±3.9 pts: valuesBetween ordered baseline
17:27:58  path multi n=4096: 7 processes done; 1 of 5 comparisons not yet within the interval asked for; widest ±3.6 pts: valuesBetween ordered baseline
17:28:07  path multi n=4096: 8 processes done; 1 of 5 comparisons not yet within the interval asked for; widest ±3.4 pts: valuesBetween ordered baseline
17:28:16  path multi n=4096: 9 processes done; 1 of 5 comparisons not yet within the interval asked for; widest ±3.2 pts: valuesBetween ordered baseline
17:28:25  path multi n=4096: 10 processes done; 1 of 5 comparisons not yet within the interval asked for; widest ±3.0 pts: valuesBetween ordered baseline
17:28:34  path multi n=4096: 11 processes done; 1 of 5 comparisons not yet within the interval asked for; widest ±2.9 pts: valuesBetween ordered baseline
17:28:43  path multi n=4096: 12 processes done; 1 of 5 comparisons not yet within the interval asked for; widest ±2.7 pts: valuesBetween ordered baseline
17:28:43  warning: path multi n=4096 stopped after 12 processes, before every interval was as precise as asked
17:29:06  path multi n=16384: 1 processes done; the first stage is at least 6
17:29:29  path multi n=16384: 2 processes done; the first stage is at least 6
17:29:52  path multi n=16384: 3 processes done; the first stage is at least 6
17:30:14  path multi n=16384: 4 processes done; the first stage is at least 6
17:30:37  path multi n=16384: 5 processes done; the first stage is at least 6
17:31:00  path multi n=16384: first stage of 6 processes done; prefix ordered baseline needs 14 processes for its interval, run in whole pairs of processes (at most 12)
17:31:00  path multi n=16384: 6 processes done; 1 of 5 comparisons not yet within the interval asked for; widest ±3.0 pts: prefix ordered baseline
17:31:23  path multi n=16384: 7 processes done; 1 of 5 comparisons not yet within the interval asked for; widest ±2.8 pts: prefix ordered baseline
17:31:45  path multi n=16384: 8 processes done; 1 of 5 comparisons not yet within the interval asked for; widest ±2.6 pts: prefix ordered baseline
17:32:09  path multi n=16384: 9 processes done; 1 of 5 comparisons not yet within the interval asked for; widest ±2.5 pts: prefix ordered baseline
17:32:31  path multi n=16384: 10 processes done; 1 of 5 comparisons not yet within the interval asked for; widest ±2.4 pts: prefix ordered baseline
17:32:54  path multi n=16384: 11 processes done; 1 of 5 comparisons not yet within the interval asked for; widest ±2.2 pts: prefix ordered baseline
17:33:17  path multi n=16384: 12 processes done; 1 of 5 comparisons not yet within the interval asked for; widest ±2.2 pts: prefix ordered baseline
17:33:17  warning: path multi n=16384 stopped after 12 processes, before every interval was as precise as asked
17:33:42  path multi n=262144: 1 processes done; the first stage is at least 6
17:34:08  path multi n=262144: 2 processes done; the first stage is at least 6
17:34:33  path multi n=262144: 3 processes done; the first stage is at least 6
17:34:59  path multi n=262144: 4 processes done; the first stage is at least 6
17:35:25  path multi n=262144: 5 processes done; the first stage is at least 6
17:35:51  path multi n=262144: first stage of 6 processes done; prefix ordered baseline needs 30 processes for its interval, run in whole pairs of processes (at most 12)
17:35:51  path multi n=262144: 6 processes done; 2 of 4 comparisons not yet within the interval asked for; widest ±4.5 pts: prefix ordered baseline
17:36:16  path multi n=262144: 7 processes done; 2 of 4 comparisons not yet within the interval asked for; widest ±4.1 pts: prefix ordered baseline
17:36:42  path multi n=262144: 8 processes done; 2 of 4 comparisons not yet within the interval asked for; widest ±3.9 pts: prefix ordered baseline
17:37:07  path multi n=262144: 9 processes done; 2 of 4 comparisons not yet within the interval asked for; widest ±3.6 pts: prefix ordered baseline
17:37:33  path multi n=262144: 10 processes done; 2 of 4 comparisons not yet within the interval asked for; widest ±3.4 pts: prefix ordered baseline
17:37:58  path multi n=262144: 11 processes done; 2 of 4 comparisons not yet within the interval asked for; widest ±3.3 pts: prefix ordered baseline
17:38:24  path multi n=262144: 12 processes done; 2 of 4 comparisons not yet within the interval asked for; widest ±3.1 pts: prefix ordered baseline
17:38:24  warning: path multi n=262144 stopped after 12 processes, before every interval was as precise as asked
17:38:30  street multi n=4096: 1 processes done; the first stage is at least 6
17:38:37  street multi n=4096: 2 processes done; the first stage is at least 6
17:38:44  street multi n=4096: 3 processes done; the first stage is at least 6
17:38:51  street multi n=4096: 4 processes done; the first stage is at least 6
17:38:57  street multi n=4096: 5 processes done; the first stage is at least 6
17:39:04  street multi n=4096: first stage of 6 processes done; valuesBetween ordered baseline needs 13 processes for its interval, run in whole pairs of processes (at most 12)
17:39:04  street multi n=4096: 6 processes done; 3 of 5 comparisons not yet within the interval asked for; widest ±2.9 pts: valuesBetween ordered baseline
17:39:11  street multi n=4096: 7 processes done; 3 of 5 comparisons not yet within the interval asked for; widest ±2.7 pts: valuesBetween ordered baseline
17:39:18  street multi n=4096: 8 processes done; 3 of 5 comparisons not yet within the interval asked for; widest ±2.5 pts: valuesBetween ordered baseline
17:39:24  street multi n=4096: 9 processes done; 2 of 5 comparisons not yet within the interval asked for; widest ±2.4 pts: valuesBetween ordered baseline
17:39:31  street multi n=4096: 10 processes done; 1 of 5 comparisons not yet within the interval asked for; widest ±2.2 pts: valuesBetween ordered baseline
17:39:38  street multi n=4096: 11 processes done; 1 of 5 comparisons not yet within the interval asked for; widest ±2.1 pts: valuesBetween ordered baseline
17:39:44  street multi n=4096: 12 processes done; 1 of 5 comparisons not yet within the interval asked for; widest ±2.1 pts: valuesBetween ordered baseline
17:39:44  warning: street multi n=4096 stopped after 12 processes, before every interval was as precise as asked
17:39:55  street multi n=16384: 1 processes done; the first stage is at least 6
17:40:05  street multi n=16384: 2 processes done; the first stage is at least 6
17:40:16  street multi n=16384: 3 processes done; the first stage is at least 6
17:40:26  street multi n=16384: 4 processes done; the first stage is at least 6
17:40:36  street multi n=16384: 5 processes done; the first stage is at least 6
17:40:47  street multi n=16384: first stage of 6 processes done; no comparison needs 6 processes for its interval, run in whole pairs of processes (at most 12)
17:40:47  street multi n=16384: 6 processes done; 0 of 5 comparisons not yet within the interval asked for
17:40:47  street multi n=262144: skipped, the corpus holds keys for n <= 212449
17:40:51  u64 unique n=4096: 1 processes done; the first stage is at least 6
17:40:56  u64 unique n=4096: 2 processes done; the first stage is at least 6
17:41:00  u64 unique n=4096: 3 processes done; the first stage is at least 6
17:41:04  u64 unique n=4096: 4 processes done; the first stage is at least 6
17:41:09  u64 unique n=4096: 5 processes done; the first stage is at least 6
17:41:13  u64 unique n=4096: first stage of 6 processes done; no comparison needs 6 processes for its interval, run in whole pairs of processes (at most 12)
17:41:13  u64 unique n=4096: 6 processes done; 0 of 4 comparisons not yet within the interval asked for
17:41:18  u64 unique n=16384: 1 processes done; the first stage is at least 6
17:41:24  u64 unique n=16384: 2 processes done; the first stage is at least 6
17:41:29  u64 unique n=16384: 3 processes done; the first stage is at least 6
17:41:34  u64 unique n=16384: 4 processes done; the first stage is at least 6
17:41:39  u64 unique n=16384: 5 processes done; the first stage is at least 6
17:41:44  u64 unique n=16384: first stage of 6 processes done; valuesFor ordered baseline needs 9 processes for its interval, run in whole pairs of processes (at most 12)
17:41:44  u64 unique n=16384: 6 processes done; 1 of 4 comparisons not yet within the interval asked for; widest ±2.3 pts: valuesFor ordered baseline
17:41:50  u64 unique n=16384: 7 processes done; 1 of 4 comparisons not yet within the interval asked for; widest ±2.2 pts: valuesFor ordered baseline
17:41:55  u64 unique n=16384: 8 processes done; 1 of 4 comparisons not yet within the interval asked for; widest ±2.0 pts: valuesFor ordered baseline
17:42:00  u64 unique n=16384: 9 processes done; 0 of 4 comparisons not yet within the interval asked for
17:42:05  u64 unique n=16384: 10 processes done; 0 of 4 comparisons not yet within the interval asked for
17:42:11  u64 unique n=262144: 1 processes done; the first stage is at least 6
17:42:16  u64 unique n=262144: 2 processes done; the first stage is at least 6
17:42:22  u64 unique n=262144: 3 processes done; the first stage is at least 6
17:42:27  u64 unique n=262144: 4 processes done; the first stage is at least 6
17:42:32  u64 unique n=262144: 5 processes done; the first stage is at least 6
17:42:37  u64 unique n=262144: first stage of 6 processes done; churn ordered baseline needs 24 processes for its interval, run in whole pairs of processes (at most 12)
17:42:37  u64 unique n=262144: 6 processes done; 3 of 3 comparisons not yet within the interval asked for; widest ±4.0 pts: valuesFor ordered baseline
17:42:43  u64 unique n=262144: 7 processes done; 2 of 3 comparisons not yet within the interval asked for; widest ±3.7 pts: valuesFor ordered baseline
17:42:48  u64 unique n=262144: 8 processes done; 2 of 3 comparisons not yet within the interval asked for; widest ±3.5 pts: valuesFor ordered baseline
17:42:54  u64 unique n=262144: 9 processes done; 2 of 3 comparisons not yet within the interval asked for; widest ±3.3 pts: valuesFor ordered baseline
17:42:59  u64 unique n=262144: 10 processes done; 2 of 3 comparisons not yet within the interval asked for; widest ±3.1 pts: valuesFor ordered baseline
17:43:04  u64 unique n=262144: 11 processes done; 2 of 3 comparisons not yet within the interval asked for; widest ±3.0 pts: valuesFor ordered baseline
17:43:09  u64 unique n=262144: 12 processes done; 2 of 3 comparisons not yet within the interval asked for; widest ±2.8 pts: valuesFor ordered baseline
17:43:09  warning: u64 unique n=262144 stopped after 12 processes, before every interval was as precise as asked
17:43:15  str unique n=4096: 1 processes done; the first stage is at least 6
17:43:21  str unique n=4096: 2 processes done; the first stage is at least 6
17:43:27  str unique n=4096: 3 processes done; the first stage is at least 6
17:43:32  str unique n=4096: 4 processes done; the first stage is at least 6
17:43:38  str unique n=4096: 5 processes done; the first stage is at least 6
17:43:44  str unique n=4096: first stage of 6 processes done; valuesFor ordered baseline needs 22 processes for its interval, run in whole pairs of processes (at most 12)
17:43:44  str unique n=4096: 6 processes done; 1 of 5 comparisons not yet within the interval asked for; widest ±3.7 pts: valuesFor ordered baseline
17:43:50  str unique n=4096: 7 processes done; 1 of 5 comparisons not yet within the interval asked for; widest ±3.5 pts: valuesFor ordered baseline
17:43:56  str unique n=4096: 8 processes done; 1 of 5 comparisons not yet within the interval asked for; widest ±3.2 pts: valuesFor ordered baseline
17:44:01  str unique n=4096: 9 processes done; 1 of 5 comparisons not yet within the interval asked for; widest ±3.1 pts: valuesFor ordered baseline
17:44:07  str unique n=4096: 10 processes done; 1 of 5 comparisons not yet within the interval asked for; widest ±2.9 pts: valuesFor ordered baseline
17:44:13  str unique n=4096: 11 processes done; 1 of 5 comparisons not yet within the interval asked for; widest ±2.8 pts: valuesFor ordered baseline
17:44:19  str unique n=4096: 12 processes done; 1 of 5 comparisons not yet within the interval asked for; widest ±2.7 pts: valuesFor ordered baseline
17:44:19  warning: str unique n=4096 stopped after 12 processes, before every interval was as precise as asked
17:44:26  str unique n=16384: 1 processes done; the first stage is at least 6
17:44:33  str unique n=16384: 2 processes done; the first stage is at least 6
17:44:40  str unique n=16384: 3 processes done; the first stage is at least 6
17:44:47  str unique n=16384: 4 processes done; the first stage is at least 6
17:44:54  str unique n=16384: 5 processes done; the first stage is at least 6
17:45:01  str unique n=16384: first stage of 6 processes done; valuesFor ordered baseline needs 7 processes for its interval, run in whole pairs of processes (at most 12)
17:45:01  str unique n=16384: 6 processes done; 1 of 5 comparisons not yet within the interval asked for; widest ±2.0 pts: valuesFor ordered baseline
17:45:08  str unique n=16384: 7 processes done; 0 of 5 comparisons not yet within the interval asked for
17:45:15  str unique n=16384: 8 processes done; 0 of 5 comparisons not yet within the interval asked for
17:45:26  str unique n=262144: 1 processes done; the first stage is at least 6
17:45:36  str unique n=262144: 2 processes done; the first stage is at least 6
17:45:47  str unique n=262144: 3 processes done; the first stage is at least 6
17:45:57  str unique n=262144: 4 processes done; the first stage is at least 6
17:46:07  str unique n=262144: 5 processes done; the first stage is at least 6
17:46:17  str unique n=262144: first stage of 6 processes done; churn ordered baseline needs 18 processes for its interval, run in whole pairs of processes (at most 12)
17:46:17  str unique n=262144: 6 processes done; 3 of 4 comparisons not yet within the interval asked for; widest ±4.2 pts: valuesFor ordered baseline
17:46:27  str unique n=262144: 7 processes done; 3 of 4 comparisons not yet within the interval asked for; widest ±3.9 pts: valuesFor ordered baseline
17:46:37  str unique n=262144: 8 processes done; 3 of 4 comparisons not yet within the interval asked for; widest ±3.7 pts: valuesFor ordered baseline
17:46:47  str unique n=262144: 9 processes done; 3 of 4 comparisons not yet within the interval asked for; widest ±3.5 pts: valuesFor ordered baseline
17:46:57  str unique n=262144: 10 processes done; 3 of 4 comparisons not yet within the interval asked for; widest ±3.3 pts: valuesFor ordered baseline
17:47:07  str unique n=262144: 11 processes done; 3 of 4 comparisons not yet within the interval asked for; widest ±3.1 pts: valuesFor ordered baseline
17:47:17  str unique n=262144: 12 processes done; 2 of 4 comparisons not yet within the interval asked for; widest ±3.0 pts: valuesFor ordered baseline
17:47:17  warning: str unique n=262144 stopped after 12 processes, before every interval was as precise as asked
17:47:23  uuid unique n=4096: 1 processes done; the first stage is at least 6
17:47:29  uuid unique n=4096: 2 processes done; the first stage is at least 6
17:47:35  uuid unique n=4096: 3 processes done; the first stage is at least 6
17:47:40  uuid unique n=4096: 4 processes done; the first stage is at least 6
17:47:46  uuid unique n=4096: 5 processes done; the first stage is at least 6
17:47:52  uuid unique n=4096: first stage of 6 processes done; valuesBetween ordered baseline needs 9 processes for its interval, run in whole pairs of processes (at most 12)
17:47:52  uuid unique n=4096: 6 processes done; 1 of 5 comparisons not yet within the interval asked for; widest ±2.4 pts: valuesBetween ordered baseline
17:47:58  uuid unique n=4096: 7 processes done; 1 of 5 comparisons not yet within the interval asked for; widest ±2.3 pts: valuesBetween ordered baseline
17:48:03  uuid unique n=4096: 8 processes done; 1 of 5 comparisons not yet within the interval asked for; widest ±2.1 pts: valuesBetween ordered baseline
17:48:09  uuid unique n=4096: 9 processes done; 0 of 5 comparisons not yet within the interval asked for
17:48:15  uuid unique n=4096: 10 processes done; 0 of 5 comparisons not yet within the interval asked for
17:48:22  uuid unique n=16384: 1 processes done; the first stage is at least 6
17:48:29  uuid unique n=16384: 2 processes done; the first stage is at least 6
17:48:35  uuid unique n=16384: 3 processes done; the first stage is at least 6
17:48:42  uuid unique n=16384: 4 processes done; the first stage is at least 6
17:48:49  uuid unique n=16384: 5 processes done; the first stage is at least 6
17:48:56  uuid unique n=16384: first stage of 6 processes done; prefix ordered baseline needs 45 processes for its interval, run in whole pairs of processes (at most 12)
17:48:56  uuid unique n=16384: 6 processes done; 1 of 5 comparisons not yet within the interval asked for; widest ±5.5 pts: prefix ordered baseline
17:49:03  uuid unique n=16384: 7 processes done; 1 of 5 comparisons not yet within the interval asked for; widest ±5.1 pts: prefix ordered baseline
17:49:10  uuid unique n=16384: 8 processes done; 1 of 5 comparisons not yet within the interval asked for; widest ±4.7 pts: prefix ordered baseline
17:49:17  uuid unique n=16384: 9 processes done; 1 of 5 comparisons not yet within the interval asked for; widest ±4.5 pts: prefix ordered baseline
17:49:24  uuid unique n=16384: 10 processes done; 1 of 5 comparisons not yet within the interval asked for; widest ±4.2 pts: prefix ordered baseline
17:49:31  uuid unique n=16384: 11 processes done; 1 of 5 comparisons not yet within the interval asked for; widest ±4.0 pts: prefix ordered baseline
17:49:38  uuid unique n=16384: 12 processes done; 1 of 5 comparisons not yet within the interval asked for; widest ±3.9 pts: prefix ordered baseline
17:49:38  warning: uuid unique n=16384 stopped after 12 processes, before every interval was as precise as asked
17:49:46  uuid unique n=262144: 1 processes done; the first stage is at least 6
17:49:53  uuid unique n=262144: 2 processes done; the first stage is at least 6
17:50:00  uuid unique n=262144: 3 processes done; the first stage is at least 6
17:50:07  uuid unique n=262144: 4 processes done; the first stage is at least 6
17:50:14  uuid unique n=262144: 5 processes done; the first stage is at least 6
17:50:21  uuid unique n=262144: first stage of 6 processes done; prefix ordered baseline needs 17 processes for its interval, run in whole pairs of processes (at most 12)
17:50:21  uuid unique n=262144: 6 processes done; 4 of 4 comparisons not yet within the interval asked for; widest ±3.3 pts: prefix ordered baseline
17:50:28  uuid unique n=262144: 7 processes done; 4 of 4 comparisons not yet within the interval asked for; widest ±3.1 pts: prefix ordered baseline
17:50:35  uuid unique n=262144: 8 processes done; 3 of 4 comparisons not yet within the interval asked for; widest ±2.9 pts: prefix ordered baseline
17:50:42  uuid unique n=262144: 9 processes done; 2 of 4 comparisons not yet within the interval asked for; widest ±2.7 pts: prefix ordered baseline
17:50:50  uuid unique n=262144: 10 processes done; 2 of 4 comparisons not yet within the interval asked for; widest ±2.6 pts: prefix ordered baseline
17:50:57  uuid unique n=262144: 11 processes done; 2 of 4 comparisons not yet within the interval asked for; widest ±2.4 pts: prefix ordered baseline
17:51:04  uuid unique n=262144: 12 processes done; 2 of 4 comparisons not yet within the interval asked for; widest ±2.3 pts: prefix ordered baseline
17:51:04  warning: uuid unique n=262144 stopped after 12 processes, before every interval was as precise as asked
17:51:10  email unique n=4096: 1 processes done; the first stage is at least 6
17:51:15  email unique n=4096: 2 processes done; the first stage is at least 6
17:51:21  email unique n=4096: 3 processes done; the first stage is at least 6
17:51:27  email unique n=4096: 4 processes done; the first stage is at least 6
17:51:33  email unique n=4096: 5 processes done; the first stage is at least 6
17:51:38  email unique n=4096: first stage of 6 processes done; valuesFor ordered baseline needs 50 processes for its interval, run in whole pairs of processes (at most 12)
17:51:38  email unique n=4096: 6 processes done; 1 of 5 comparisons not yet within the interval asked for; widest ±5.8 pts: valuesFor ordered baseline
17:51:44  email unique n=4096: 7 processes done; 1 of 5 comparisons not yet within the interval asked for; widest ±5.3 pts: valuesFor ordered baseline
17:51:50  email unique n=4096: 8 processes done; 1 of 5 comparisons not yet within the interval asked for; widest ±5.0 pts: valuesFor ordered baseline
17:51:55  email unique n=4096: 9 processes done; 1 of 5 comparisons not yet within the interval asked for; widest ±4.7 pts: valuesFor ordered baseline
17:52:01  email unique n=4096: 10 processes done; 1 of 5 comparisons not yet within the interval asked for; widest ±4.5 pts: valuesFor ordered baseline
17:52:07  email unique n=4096: 11 processes done; 1 of 5 comparisons not yet within the interval asked for; widest ±4.3 pts: valuesFor ordered baseline
17:52:12  email unique n=4096: 12 processes done; 1 of 5 comparisons not yet within the interval asked for; widest ±4.1 pts: valuesFor ordered baseline
17:52:12  warning: email unique n=4096 stopped after 12 processes, before every interval was as precise as asked
17:52:19  email unique n=16384: 1 processes done; the first stage is at least 6
17:52:26  email unique n=16384: 2 processes done; the first stage is at least 6
17:52:33  email unique n=16384: 3 processes done; the first stage is at least 6
17:52:39  email unique n=16384: 4 processes done; the first stage is at least 6
17:52:46  email unique n=16384: 5 processes done; the first stage is at least 6
17:52:53  email unique n=16384: first stage of 6 processes done; no comparison needs 6 processes for its interval, run in whole pairs of processes (at most 12)
17:52:53  email unique n=16384: 6 processes done; 0 of 5 comparisons not yet within the interval asked for
17:53:00  email unique n=262144: 1 processes done; the first stage is at least 6
17:53:07  email unique n=262144: 2 processes done; the first stage is at least 6
17:53:14  email unique n=262144: 3 processes done; the first stage is at least 6
17:53:21  email unique n=262144: 4 processes done; the first stage is at least 6
17:53:28  email unique n=262144: 5 processes done; the first stage is at least 6
17:53:35  email unique n=262144: first stage of 6 processes done; valuesFor ordered baseline needs 33 processes for its interval, run in whole pairs of processes (at most 12)
17:53:35  email unique n=262144: 6 processes done; 3 of 4 comparisons not yet within the interval asked for; widest ±4.7 pts: valuesFor ordered baseline
17:53:42  email unique n=262144: 7 processes done; 3 of 4 comparisons not yet within the interval asked for; widest ±4.3 pts: valuesFor ordered baseline
17:53:49  email unique n=262144: 8 processes done; 2 of 4 comparisons not yet within the interval asked for; widest ±4.0 pts: valuesFor ordered baseline
17:53:57  email unique n=262144: 9 processes done; 2 of 4 comparisons not yet within the interval asked for; widest ±3.8 pts: valuesFor ordered baseline
17:54:04  email unique n=262144: 10 processes done; 2 of 4 comparisons not yet within the interval asked for; widest ±3.6 pts: valuesFor ordered baseline
17:54:11  email unique n=262144: 11 processes done; 2 of 4 comparisons not yet within the interval asked for; widest ±3.4 pts: valuesFor ordered baseline
17:54:18  email unique n=262144: 12 processes done; 1 of 4 comparisons not yet within the interval asked for; widest ±3.3 pts: valuesFor ordered baseline
17:54:18  warning: email unique n=262144 stopped after 12 processes, before every interval was as precise as asked
17:54:24  url unique n=4096: 1 processes done; the first stage is at least 6
17:54:30  url unique n=4096: 2 processes done; the first stage is at least 6
17:54:37  url unique n=4096: 3 processes done; the first stage is at least 6
17:54:43  url unique n=4096: 4 processes done; the first stage is at least 6
17:54:49  url unique n=4096: 5 processes done; the first stage is at least 6
17:54:55  url unique n=4096: first stage of 6 processes done; valuesFor ordered baseline needs 11 processes for its interval, run in whole pairs of processes (at most 12)
17:54:55  url unique n=4096: 6 processes done; 3 of 5 comparisons not yet within the interval asked for; widest ±2.6 pts: valuesFor ordered baseline
17:55:01  url unique n=4096: 7 processes done; 2 of 5 comparisons not yet within the interval asked for; widest ±2.4 pts: valuesFor ordered baseline
17:55:07  url unique n=4096: 8 processes done; 1 of 5 comparisons not yet within the interval asked for; widest ±2.3 pts: valuesFor ordered baseline
17:55:13  url unique n=4096: 9 processes done; 1 of 5 comparisons not yet within the interval asked for; widest ±2.1 pts: valuesFor ordered baseline
17:55:20  url unique n=4096: 10 processes done; 1 of 5 comparisons not yet within the interval asked for; widest ±2.0 pts: valuesFor ordered baseline
17:55:26  url unique n=4096: 11 processes done; 0 of 5 comparisons not yet within the interval asked for
17:55:32  url unique n=4096: 12 processes done; 0 of 5 comparisons not yet within the interval asked for
17:55:40  url unique n=16384: 1 processes done; the first stage is at least 6
17:55:49  url unique n=16384: 2 processes done; the first stage is at least 6
17:55:57  url unique n=16384: 3 processes done; the first stage is at least 6
17:56:05  url unique n=16384: 4 processes done; the first stage is at least 6
17:56:14  url unique n=16384: 5 processes done; the first stage is at least 6
17:56:22  url unique n=16384: first stage of 6 processes done; no comparison needs 6 processes for its interval, run in whole pairs of processes (at most 12)
17:56:22  url unique n=16384: 6 processes done; 0 of 5 comparisons not yet within the interval asked for
17:56:30  url unique n=262144: 1 processes done; the first stage is at least 6
17:56:39  url unique n=262144: 2 processes done; the first stage is at least 6
17:56:48  url unique n=262144: 3 processes done; the first stage is at least 6
17:56:56  url unique n=262144: 4 processes done; the first stage is at least 6
17:57:05  url unique n=262144: 5 processes done; the first stage is at least 6
17:57:13  url unique n=262144: first stage of 6 processes done; churn ordered baseline needs 25 processes for its interval, run in whole pairs of processes (at most 12)
17:57:13  url unique n=262144: 6 processes done; 2 of 4 comparisons not yet within the interval asked for; widest ±4.1 pts: churn ordered baseline
17:57:21  url unique n=262144: 7 processes done; 1 of 4 comparisons not yet within the interval asked for; widest ±3.8 pts: churn ordered baseline
17:57:30  url unique n=262144: 8 processes done; 1 of 4 comparisons not yet within the interval asked for; widest ±3.5 pts: churn ordered baseline
17:57:38  url unique n=262144: 9 processes done; 1 of 4 comparisons not yet within the interval asked for; widest ±3.3 pts: churn ordered baseline
17:57:47  url unique n=262144: 10 processes done; 1 of 4 comparisons not yet within the interval asked for; widest ±3.2 pts: churn ordered baseline
17:57:55  url unique n=262144: 11 processes done; 1 of 4 comparisons not yet within the interval asked for; widest ±3.0 pts: churn ordered baseline
17:58:04  url unique n=262144: 12 processes done; 1 of 4 comparisons not yet within the interval asked for; widest ±2.9 pts: churn ordered baseline
17:58:04  warning: url unique n=262144 stopped after 12 processes, before every interval was as precise as asked
17:58:10  path unique n=4096: 1 processes done; the first stage is at least 6
17:58:17  path unique n=4096: 2 processes done; the first stage is at least 6
17:58:23  path unique n=4096: 3 processes done; the first stage is at least 6
17:58:30  path unique n=4096: 4 processes done; the first stage is at least 6
17:58:36  path unique n=4096: 5 processes done; the first stage is at least 6
17:58:43  path unique n=4096: first stage of 6 processes done; valuesFor ordered baseline needs 27 processes for its interval, run in whole pairs of processes (at most 12)
17:58:43  path unique n=4096: 6 processes done; 2 of 5 comparisons not yet within the interval asked for; widest ±4.2 pts: valuesFor ordered baseline
17:58:49  path unique n=4096: 7 processes done; 2 of 5 comparisons not yet within the interval asked for; widest ±3.9 pts: valuesFor ordered baseline
17:58:55  path unique n=4096: 8 processes done; 1 of 5 comparisons not yet within the interval asked for; widest ±3.6 pts: valuesFor ordered baseline
17:59:02  path unique n=4096: 9 processes done; 1 of 5 comparisons not yet within the interval asked for; widest ±3.4 pts: valuesFor ordered baseline
17:59:08  path unique n=4096: 10 processes done; 1 of 5 comparisons not yet within the interval asked for; widest ±3.3 pts: valuesFor ordered baseline
17:59:15  path unique n=4096: 11 processes done; 1 of 5 comparisons not yet within the interval asked for; widest ±3.1 pts: valuesFor ordered baseline
17:59:21  path unique n=4096: 12 processes done; 1 of 5 comparisons not yet within the interval asked for; widest ±3.0 pts: valuesFor ordered baseline
17:59:21  warning: path unique n=4096 stopped after 12 processes, before every interval was as precise as asked
17:59:31  path unique n=16384: 1 processes done; the first stage is at least 6
17:59:40  path unique n=16384: 2 processes done; the first stage is at least 6
17:59:49  path unique n=16384: 3 processes done; the first stage is at least 6
17:59:58  path unique n=16384: 4 processes done; the first stage is at least 6
18:00:08  path unique n=16384: 5 processes done; the first stage is at least 6
18:00:17  path unique n=16384: first stage of 6 processes done; valuesFor ordered baseline needs 835 processes for its interval, run in whole pairs of processes (at most 12)
18:00:17  path unique n=16384: 6 processes done; 3 of 5 comparisons not yet within the interval asked for; widest ±23.6 pts: valuesFor ordered baseline
18:00:26  path unique n=16384: 7 processes done; 3 of 5 comparisons not yet within the interval asked for; widest ±21.8 pts: valuesFor ordered baseline
18:00:36  path unique n=16384: 8 processes done; 3 of 5 comparisons not yet within the interval asked for; widest ±20.4 pts: valuesFor ordered baseline
18:00:45  path unique n=16384: 9 processes done; 3 of 5 comparisons not yet within the interval asked for; widest ±19.3 pts: valuesFor ordered baseline
18:00:54  path unique n=16384: 10 processes done; 3 of 5 comparisons not yet within the interval asked for; widest ±18.3 pts: valuesFor ordered baseline
18:01:03  path unique n=16384: 11 processes done; 3 of 5 comparisons not yet within the interval asked for; widest ±17.4 pts: valuesFor ordered baseline
18:01:12  path unique n=16384: 12 processes done; 3 of 5 comparisons not yet within the interval asked for; widest ±16.7 pts: valuesFor ordered baseline
18:01:12  warning: path unique n=16384 stopped after 12 processes, before every interval was as precise as asked
18:01:21  path unique n=262144: 1 processes done; the first stage is at least 6
18:01:30  path unique n=262144: 2 processes done; the first stage is at least 6
18:01:39  path unique n=262144: 3 processes done; the first stage is at least 6
18:01:48  path unique n=262144: 4 processes done; the first stage is at least 6
18:01:57  path unique n=262144: 5 processes done; the first stage is at least 6
18:02:06  path unique n=262144: first stage of 6 processes done; prefix ordered baseline needs 75 processes for its interval, run in whole pairs of processes (at most 12)
18:02:06  path unique n=262144: 6 processes done; 4 of 4 comparisons not yet within the interval asked for; widest ±7.0 pts: prefix ordered baseline
18:02:15  path unique n=262144: 7 processes done; 4 of 4 comparisons not yet within the interval asked for; widest ±6.5 pts: prefix ordered baseline
18:02:24  path unique n=262144: 8 processes done; 4 of 4 comparisons not yet within the interval asked for; widest ±6.1 pts: prefix ordered baseline
18:02:33  path unique n=262144: 9 processes done; 2 of 4 comparisons not yet within the interval asked for; widest ±5.8 pts: prefix ordered baseline
18:02:42  path unique n=262144: 10 processes done; 2 of 4 comparisons not yet within the interval asked for; widest ±5.5 pts: prefix ordered baseline
18:02:51  path unique n=262144: 11 processes done; 2 of 4 comparisons not yet within the interval asked for; widest ±5.2 pts: prefix ordered baseline
18:03:00  path unique n=262144: 12 processes done; 2 of 4 comparisons not yet within the interval asked for; widest ±5.0 pts: prefix ordered baseline
18:03:00  warning: path unique n=262144 stopped after 12 processes, before every interval was as precise as asked
18:03:06  street unique n=4096: 1 processes done; the first stage is at least 6
18:03:12  street unique n=4096: 2 processes done; the first stage is at least 6
18:03:19  street unique n=4096: 3 processes done; the first stage is at least 6
18:03:25  street unique n=4096: 4 processes done; the first stage is at least 6
18:03:32  street unique n=4096: 5 processes done; the first stage is at least 6
18:03:38  street unique n=4096: first stage of 6 processes done; valuesFor ordered baseline needs 19 processes for its interval, run in whole pairs of processes (at most 12)
18:03:38  street unique n=4096: 6 processes done; 3 of 5 comparisons not yet within the interval asked for; widest ±3.5 pts: valuesFor ordered baseline
18:03:44  street unique n=4096: 7 processes done; 3 of 5 comparisons not yet within the interval asked for; widest ±3.3 pts: valuesFor ordered baseline
18:03:50  street unique n=4096: 8 processes done; 3 of 5 comparisons not yet within the interval asked for; widest ±3.1 pts: valuesFor ordered baseline
18:03:57  street unique n=4096: 9 processes done; 3 of 5 comparisons not yet within the interval asked for; widest ±2.9 pts: valuesFor ordered baseline
18:04:03  street unique n=4096: 10 processes done; 3 of 5 comparisons not yet within the interval asked for; widest ±2.7 pts: valuesFor ordered baseline
18:04:10  street unique n=4096: 11 processes done; 3 of 5 comparisons not yet within the interval asked for; widest ±2.6 pts: valuesFor ordered baseline
18:04:16  street unique n=4096: 12 processes done; 3 of 5 comparisons not yet within the interval asked for; widest ±2.5 pts: valuesFor ordered baseline
18:04:16  warning: street unique n=4096 stopped after 12 processes, before every interval was as precise as asked
18:04:24  street unique n=16384: 1 processes done; the first stage is at least 6
18:04:31  street unique n=16384: 2 processes done; the first stage is at least 6
18:04:39  street unique n=16384: 3 processes done; the first stage is at least 6
18:04:47  street unique n=16384: 4 processes done; the first stage is at least 6
18:04:55  street unique n=16384: 5 processes done; the first stage is at least 6
18:05:03  street unique n=16384: first stage of 6 processes done; no comparison needs 6 processes for its interval, run in whole pairs of processes (at most 12)
18:05:03  street unique n=16384: 6 processes done; 0 of 5 comparisons not yet within the interval asked for
18:05:03  street unique n=262144: skipped, the corpus holds keys for n <= 212449
18:06:07  memory round 1 of 3 done
18:07:11  memory round 2 of 3 done
18:08:15  memory round 3 of 3 done
18:08:15  done after 1h13m21s
