12:15:46  start: -suite dev -keys street,dirs -values natural,single-value -sizes 4096,16384,65536 -memn 262144 -memrounds 3 -vs baseline,btree-sets,btree-map -minprocs 4 -maxprocs 8 -out /var/folders/0l/vcs81wv15fz2hx942wfs7x9h0000gn/T//arm-run.hptnhx/out/bench-out
12:16:00  street natural n=4096: 1 processes done; the first stage is at least 4
12:16:14  street natural n=4096: 2 processes done; the first stage is at least 4
12:16:28  street natural n=4096: 3 processes done; the first stage is at least 4
12:16:42  street natural n=4096: first stage of 4 processes done; no comparison needs 4 processes for its interval, run in whole pairs of processes (at most 8)
12:16:42  street natural n=4096: 4 processes done; 0 of 10 comparisons not yet within the interval asked for
12:17:11  street natural n=16384: 1 processes done; the first stage is at least 4
12:17:39  street natural n=16384: 2 processes done; the first stage is at least 4
12:18:08  street natural n=16384: 3 processes done; the first stage is at least 4
12:18:37  street natural n=16384: first stage of 4 processes done; churn ordered baseline needs 76 processes for its interval, run in whole pairs of processes (at most 8)
12:18:37  street natural n=16384: 4 processes done; 3 of 10 comparisons not yet within the interval asked for; widest ±8.7 pts: churn ordered baseline
12:19:06  street natural n=16384: 5 processes done; 3 of 10 comparisons not yet within the interval asked for; widest ±7.8 pts: churn ordered baseline
12:19:35  street natural n=16384: 6 processes done; 2 of 10 comparisons not yet within the interval asked for; widest ±7.1 pts: churn ordered baseline
12:20:04  street natural n=16384: 7 processes done; 2 of 10 comparisons not yet within the interval asked for; widest ±6.6 pts: churn ordered baseline
12:20:36  street natural n=16384: 8 processes done; 2 of 10 comparisons not yet within the interval asked for; widest ±6.1 pts: churn ordered baseline
12:20:36  warning: street natural n=16384 stopped after 8 processes, before every interval was as precise as asked
12:23:12  street natural n=65536: 1 processes done; the first stage is at least 4
12:25:41  street natural n=65536: 2 processes done; the first stage is at least 4
12:27:46  street natural n=65536: 3 processes done; the first stage is at least 4
12:29:50  street natural n=65536: first stage of 4 processes done; valuesFor ordered baseline needs 106 processes for its interval, run in whole pairs of processes (at most 8)
12:29:50  street natural n=65536: 4 processes done; 6 of 10 comparisons not yet within the interval asked for; widest ±10.3 pts: valuesFor ordered baseline
12:31:55  street natural n=65536: 5 processes done; 6 of 10 comparisons not yet within the interval asked for; widest ±9.2 pts: valuesFor ordered baseline
12:34:00  street natural n=65536: 6 processes done; 6 of 10 comparisons not yet within the interval asked for; widest ±8.4 pts: valuesFor ordered baseline
12:36:05  street natural n=65536: 7 processes done; 6 of 10 comparisons not yet within the interval asked for; widest ±7.8 pts: valuesFor ordered baseline
12:38:10  street natural n=65536: 8 processes done; 6 of 10 comparisons not yet within the interval asked for; widest ±7.3 pts: valuesFor ordered baseline
12:38:10  warning: street natural n=65536 stopped after 8 processes, before every interval was as precise as asked
12:38:27  dirs natural n=4096: 1 processes done; the first stage is at least 4
12:38:44  dirs natural n=4096: 2 processes done; the first stage is at least 4
12:39:01  dirs natural n=4096: 3 processes done; the first stage is at least 4
12:39:18  dirs natural n=4096: first stage of 4 processes done; valuesFor ordered btree-sets needs 8 processes for its interval, run in whole pairs of processes (at most 8)
12:39:18  dirs natural n=4096: 4 processes done; 2 of 10 comparisons not yet within the interval asked for; widest ±2.7 pts: valuesFor ordered btree-sets
12:39:36  dirs natural n=4096: 5 processes done; 2 of 10 comparisons not yet within the interval asked for; widest ±2.5 pts: valuesFor ordered btree-sets
12:39:53  dirs natural n=4096: 6 processes done; 2 of 10 comparisons not yet within the interval asked for; widest ±2.2 pts: valuesFor ordered btree-sets
12:40:10  dirs natural n=4096: 7 processes done; 1 of 10 comparisons not yet within the interval asked for; widest ±2.1 pts: valuesFor ordered btree-sets
12:40:27  dirs natural n=4096: 8 processes done; 0 of 10 comparisons not yet within the interval asked for
12:41:13  dirs natural n=16384: 1 processes done; the first stage is at least 4
12:41:58  dirs natural n=16384: 2 processes done; the first stage is at least 4
12:42:43  dirs natural n=16384: 3 processes done; the first stage is at least 4
12:43:29  dirs natural n=16384: first stage of 4 processes done; valuesBetween ordered baseline needs 9 processes for its interval, run in whole pairs of processes (at most 8)
12:43:29  dirs natural n=16384: 4 processes done; 1 of 10 comparisons not yet within the interval asked for; widest ±3.0 pts: valuesBetween ordered baseline
12:44:15  dirs natural n=16384: 5 processes done; 1 of 10 comparisons not yet within the interval asked for; widest ±2.7 pts: valuesBetween ordered baseline
12:45:00  dirs natural n=16384: 6 processes done; 1 of 10 comparisons not yet within the interval asked for; widest ±2.4 pts: valuesBetween ordered baseline
12:45:47  dirs natural n=16384: 7 processes done; 1 of 10 comparisons not yet within the interval asked for; widest ±2.3 pts: valuesBetween ordered baseline
12:46:32  dirs natural n=16384: 8 processes done; 1 of 10 comparisons not yet within the interval asked for; widest ±2.1 pts: valuesBetween ordered baseline
12:46:32  warning: dirs natural n=16384 stopped after 8 processes, before every interval was as precise as asked
12:50:26  dirs natural n=65536: 1 processes done; the first stage is at least 4
12:54:20  dirs natural n=65536: 2 processes done; the first stage is at least 4
12:58:12  dirs natural n=65536: 3 processes done; the first stage is at least 4
13:02:05  dirs natural n=65536: first stage of 4 processes done; churn ordered baseline needs 10 processes for its interval, run in whole pairs of processes (at most 8)
13:02:05  dirs natural n=65536: 4 processes done; 3 of 10 comparisons not yet within the interval asked for; widest ±3.1 pts: churn ordered baseline
13:05:58  dirs natural n=65536: 5 processes done; 3 of 10 comparisons not yet within the interval asked for; widest ±2.8 pts: churn ordered baseline
13:10:40  dirs natural n=65536: 6 processes done; 2 of 10 comparisons not yet within the interval asked for; widest ±2.5 pts: churn ordered baseline
13:14:42  dirs natural n=65536: 7 processes done; 2 of 10 comparisons not yet within the interval asked for; widest ±2.4 pts: churn ordered baseline
13:18:34  dirs natural n=65536: 8 processes done; 1 of 10 comparisons not yet within the interval asked for; widest ±2.2 pts: churn ordered baseline
13:18:34  warning: dirs natural n=65536 stopped after 8 processes, before every interval was as precise as asked
13:18:45  street single-value n=4096: 1 processes done; the first stage is at least 4
13:18:56  street single-value n=4096: 2 processes done; the first stage is at least 4
13:19:08  street single-value n=4096: 3 processes done; the first stage is at least 4
13:19:19  street single-value n=4096: first stage of 4 processes done; prefix ordered btree-map needs 12 processes for its interval, run in whole pairs of processes (at most 8)
13:19:19  street single-value n=4096: 4 processes done; 2 of 10 comparisons not yet within the interval asked for; widest ±14.9 pts: prefix ordered btree-map
13:19:30  street single-value n=4096: 5 processes done; 2 of 10 comparisons not yet within the interval asked for; widest ±13.3 pts: prefix ordered btree-map
13:19:42  street single-value n=4096: 6 processes done; 2 of 10 comparisons not yet within the interval asked for; widest ±12.2 pts: prefix ordered btree-map
13:19:53  street single-value n=4096: 7 processes done; 2 of 10 comparisons not yet within the interval asked for; widest ±11.3 pts: prefix ordered btree-map
13:20:04  street single-value n=4096: 8 processes done; 1 of 10 comparisons not yet within the interval asked for; widest ±10.5 pts: prefix ordered btree-map
13:20:04  warning: street single-value n=4096 stopped after 8 processes, before every interval was as precise as asked
13:20:21  street single-value n=16384: 1 processes done; the first stage is at least 4
13:20:37  street single-value n=16384: 2 processes done; the first stage is at least 4
13:20:54  street single-value n=16384: 3 processes done; the first stage is at least 4
13:21:10  street single-value n=16384: first stage of 4 processes done; prefix ordered baseline needs 6 processes for its interval, run in whole pairs of processes (at most 8)
13:21:10  street single-value n=16384: 4 processes done; 2 of 10 comparisons not yet within the interval asked for; widest ±3.1 pts: prefix ordered baseline
13:21:27  street single-value n=16384: 5 processes done; 2 of 10 comparisons not yet within the interval asked for; widest ±2.8 pts: prefix ordered baseline
13:21:43  street single-value n=16384: 6 processes done; 0 of 10 comparisons not yet within the interval asked for
13:22:26  street single-value n=65536: 1 processes done; the first stage is at least 4
13:23:09  street single-value n=65536: 2 processes done; the first stage is at least 4
13:23:50  street single-value n=65536: 3 processes done; the first stage is at least 4
13:24:32  street single-value n=65536: first stage of 4 processes done; valuesFor ordered baseline needs 120 processes for its interval, run in whole pairs of processes (at most 8)
13:24:32  street single-value n=65536: 4 processes done; 3 of 10 comparisons not yet within the interval asked for; widest ±15.5 pts: valuesBetween ordered btree-map
13:25:14  street single-value n=65536: 5 processes done; 3 of 10 comparisons not yet within the interval asked for; widest ±13.9 pts: valuesBetween ordered btree-map
13:25:56  street single-value n=65536: 6 processes done; 3 of 10 comparisons not yet within the interval asked for; widest ±12.7 pts: valuesBetween ordered btree-map
13:26:39  street single-value n=65536: 7 processes done; 2 of 10 comparisons not yet within the interval asked for; widest ±11.7 pts: valuesBetween ordered btree-map
13:27:21  street single-value n=65536: 8 processes done; 2 of 10 comparisons not yet within the interval asked for; widest ±11.0 pts: valuesBetween ordered btree-map
13:27:21  warning: street single-value n=65536 stopped after 8 processes, before every interval was as precise as asked
13:27:33  dirs single-value n=4096: 1 processes done; the first stage is at least 4
13:27:46  dirs single-value n=4096: 2 processes done; the first stage is at least 4
13:27:58  dirs single-value n=4096: 3 processes done; the first stage is at least 4
13:28:11  dirs single-value n=4096: first stage of 4 processes done; valuesFor ordered btree-map needs 20 processes for its interval, run in whole pairs of processes (at most 8)
13:28:11  dirs single-value n=4096: 4 processes done; 4 of 10 comparisons not yet within the interval asked for; widest ±8.5 pts: prefix ordered btree-map
13:28:24  dirs single-value n=4096: 5 processes done; 2 of 10 comparisons not yet within the interval asked for; widest ±3.9 pts: valuesFor ordered btree-map
13:28:36  dirs single-value n=4096: 6 processes done; 1 of 10 comparisons not yet within the interval asked for; widest ±3.6 pts: valuesFor ordered btree-map
13:28:49  dirs single-value n=4096: 7 processes done; 1 of 10 comparisons not yet within the interval asked for; widest ±3.3 pts: valuesFor ordered btree-map
13:29:01  dirs single-value n=4096: 8 processes done; 1 of 10 comparisons not yet within the interval asked for; widest ±3.1 pts: valuesFor ordered btree-map
13:29:01  warning: dirs single-value n=4096 stopped after 8 processes, before every interval was as precise as asked
13:29:22  dirs single-value n=16384: 1 processes done; the first stage is at least 4
13:29:43  dirs single-value n=16384: 2 processes done; the first stage is at least 4
13:30:03  dirs single-value n=16384: 3 processes done; the first stage is at least 4
13:30:24  dirs single-value n=16384: first stage of 4 processes done; no comparison needs 4 processes for its interval, run in whole pairs of processes (at most 8)
13:30:24  dirs single-value n=16384: 4 processes done; 0 of 10 comparisons not yet within the interval asked for
13:31:30  dirs single-value n=65536: 1 processes done; the first stage is at least 4
13:32:34  dirs single-value n=65536: 2 processes done; the first stage is at least 4
13:33:39  dirs single-value n=65536: 3 processes done; the first stage is at least 4
13:34:43  dirs single-value n=65536: first stage of 4 processes done; valuesFor ordered baseline needs 74 processes for its interval, run in whole pairs of processes (at most 8)
13:34:43  dirs single-value n=65536: 4 processes done; 5 of 10 comparisons not yet within the interval asked for; widest ±8.6 pts: valuesFor ordered baseline
13:35:51  dirs single-value n=65536: 5 processes done; 4 of 10 comparisons not yet within the interval asked for; widest ±7.7 pts: valuesFor ordered baseline
13:37:07  dirs single-value n=65536: 6 processes done; 3 of 10 comparisons not yet within the interval asked for; widest ±7.0 pts: valuesFor ordered baseline
13:38:21  dirs single-value n=65536: 7 processes done; 3 of 10 comparisons not yet within the interval asked for; widest ±6.5 pts: valuesFor ordered baseline
13:39:35  dirs single-value n=65536: 8 processes done; 3 of 10 comparisons not yet within the interval asked for; widest ±6.1 pts: valuesFor ordered baseline
13:39:35  warning: dirs single-value n=65536 stopped after 8 processes, before every interval was as precise as asked
13:39:47  memory round 1 of 3 done
13:39:59  memory round 2 of 3 done
13:40:11  memory round 3 of 3 done
13:40:11  done after 1h24m25s
