08:59:18  start: -suite dev -keys dirs -values unique -sizes 4096,16384,86215 -minprocs 8 -maxprocs 24 -memn 262144 -memrounds 3 -vs ordered-lpage,ordered-lpage-zc,btree-map -out /var/folders/0l/vcs81wv15fz2hx942wfs7x9h0000gn/T//arm-run.wRh7TD/out/bench-out
08:59:37  dirs unique n=4096: 1 processes done; the first stage is at least 8
08:59:56  dirs unique n=4096: 2 processes done; the first stage is at least 8
09:00:15  dirs unique n=4096: 3 processes done; the first stage is at least 8
09:00:34  dirs unique n=4096: 4 processes done; the first stage is at least 8
09:00:53  dirs unique n=4096: 5 processes done; the first stage is at least 8
09:01:12  dirs unique n=4096: 6 processes done; the first stage is at least 8
09:01:31  dirs unique n=4096: 7 processes done; the first stage is at least 8
09:01:50  dirs unique n=4096: first stage of 8 processes done; no comparison needs 8 processes for its interval, run in whole pairs of processes (at most 24)
09:01:50  dirs unique n=4096: 8 processes done; 0 of 15 comparisons not yet within the interval asked for
09:02:21  dirs unique n=16384: 1 processes done; the first stage is at least 8
09:02:53  dirs unique n=16384: 2 processes done; the first stage is at least 8
09:03:25  dirs unique n=16384: 3 processes done; the first stage is at least 8
09:03:58  dirs unique n=16384: 4 processes done; the first stage is at least 8
09:04:31  dirs unique n=16384: 5 processes done; the first stage is at least 8
09:05:04  dirs unique n=16384: 6 processes done; the first stage is at least 8
09:05:37  dirs unique n=16384: 7 processes done; the first stage is at least 8
09:06:09  dirs unique n=16384: first stage of 8 processes done; churn ordered ordered-lpage needs 10 processes for its interval, run in whole pairs of processes (at most 24)
09:06:09  dirs unique n=16384: 8 processes done; 2 of 15 comparisons not yet within the interval asked for; widest ±2.5 pts: churn ordered ordered-lpage-zc
09:06:42  dirs unique n=16384: 9 processes done; 1 of 15 comparisons not yet within the interval asked for; widest ±2.1 pts: churn ordered ordered-lpage
09:07:15  dirs unique n=16384: 10 processes done; 0 of 15 comparisons not yet within the interval asked for
09:07:38  dirs unique n=86215: 1 processes done; the first stage is at least 8
09:08:02  dirs unique n=86215: 2 processes done; the first stage is at least 8
09:08:26  dirs unique n=86215: 3 processes done; the first stage is at least 8
09:08:50  dirs unique n=86215: 4 processes done; the first stage is at least 8
09:09:13  dirs unique n=86215: 5 processes done; the first stage is at least 8
09:09:35  dirs unique n=86215: 6 processes done; the first stage is at least 8
09:09:57  dirs unique n=86215: 7 processes done; the first stage is at least 8
09:10:20  dirs unique n=86215: first stage of 8 processes done; valuesFor ordered ordered-lpage needs 100 processes for its interval, run in whole pairs of processes (at most 24)
09:10:20  dirs unique n=86215: 8 processes done; 6 of 12 comparisons not yet within the interval asked for; widest ±7.0 pts: valuesFor ordered ordered-lpage
09:10:42  dirs unique n=86215: 9 processes done; 6 of 12 comparisons not yet within the interval asked for; widest ±6.6 pts: valuesFor ordered ordered-lpage
09:11:04  dirs unique n=86215: 10 processes done; 5 of 12 comparisons not yet within the interval asked for; widest ±6.3 pts: valuesFor ordered ordered-lpage
09:11:27  dirs unique n=86215: 11 processes done; 4 of 12 comparisons not yet within the interval asked for; widest ±6.0 pts: valuesFor ordered ordered-lpage
09:11:49  dirs unique n=86215: 12 processes done; 4 of 12 comparisons not yet within the interval asked for; widest ±5.8 pts: valuesFor ordered ordered-lpage
09:12:11  dirs unique n=86215: 13 processes done; 3 of 12 comparisons not yet within the interval asked for; widest ±5.5 pts: valuesFor ordered ordered-lpage
09:12:33  dirs unique n=86215: 14 processes done; 3 of 12 comparisons not yet within the interval asked for; widest ±5.3 pts: valuesFor ordered ordered-lpage
09:12:56  dirs unique n=86215: 15 processes done; 3 of 12 comparisons not yet within the interval asked for; widest ±5.1 pts: valuesFor ordered ordered-lpage
09:13:18  dirs unique n=86215: 16 processes done; 2 of 12 comparisons not yet within the interval asked for; widest ±5.0 pts: valuesFor ordered ordered-lpage
09:13:40  dirs unique n=86215: 17 processes done; 2 of 12 comparisons not yet within the interval asked for; widest ±4.8 pts: valuesFor ordered ordered-lpage
09:14:03  dirs unique n=86215: 18 processes done; 2 of 12 comparisons not yet within the interval asked for; widest ±4.7 pts: valuesFor ordered ordered-lpage
09:14:26  dirs unique n=86215: 19 processes done; 2 of 12 comparisons not yet within the interval asked for; widest ±4.6 pts: valuesFor ordered ordered-lpage
09:14:48  dirs unique n=86215: 20 processes done; 2 of 12 comparisons not yet within the interval asked for; widest ±4.5 pts: valuesFor ordered ordered-lpage
09:15:10  dirs unique n=86215: 21 processes done; 2 of 12 comparisons not yet within the interval asked for; widest ±4.3 pts: valuesFor ordered ordered-lpage
09:15:33  dirs unique n=86215: 22 processes done; 2 of 12 comparisons not yet within the interval asked for; widest ±4.2 pts: valuesFor ordered ordered-lpage
09:15:55  dirs unique n=86215: 23 processes done; 2 of 12 comparisons not yet within the interval asked for; widest ±4.2 pts: valuesFor ordered ordered-lpage
09:16:18  dirs unique n=86215: 24 processes done; 2 of 12 comparisons not yet within the interval asked for; widest ±4.1 pts: valuesFor ordered ordered-lpage
09:16:18  warning: dirs unique n=86215 stopped after 24 processes, before every interval was as precise as asked
09:16:21  memory round 1 of 3 done
09:16:24  memory round 2 of 3 done
09:16:27  memory round 3 of 3 done
09:16:27  done after 17m9s
