10:35:50  start: -suite dev -minprocs 6 -maxprocs 8 -memn 262144 -memrounds 3 -keys street -values single-value -sizes 4096,16384,212449 -vs baseline,btree-map -out C:\temp\bench-win\m35-x-u64-street-single
10:36:04  street single-value n=4096: 1 processes done; the first stage is at least 6
10:36:18  street single-value n=4096: 2 processes done; the first stage is at least 6
10:36:31  street single-value n=4096: 3 processes done; the first stage is at least 6
10:36:45  street single-value n=4096: 4 processes done; the first stage is at least 6
10:36:59  street single-value n=4096: 5 processes done; the first stage is at least 6
10:37:13  street single-value n=4096: first stage of 6 processes done; build ordered btree-map needs 10 processes for its interval, run in whole pairs of processes (at most 8)
10:37:13  street single-value n=4096: 6 processes done; 2 of 10 comparisons not yet within the interval asked for; widest ±2.6 pts: build ordered btree-map
10:37:27  street single-value n=4096: 7 processes done; 1 of 10 comparisons not yet within the interval asked for; widest ±2.4 pts: build ordered btree-map
10:37:40  street single-value n=4096: 8 processes done; 1 of 10 comparisons not yet within the interval asked for; widest ±2.2 pts: build ordered btree-map
10:37:40  warning: street single-value n=4096 stopped after 8 processes, before every interval was as precise as asked
10:37:58  street single-value n=16384: 1 processes done; the first stage is at least 6
10:38:16  street single-value n=16384: 2 processes done; the first stage is at least 6
10:38:34  street single-value n=16384: 3 processes done; the first stage is at least 6
10:38:52  street single-value n=16384: 4 processes done; the first stage is at least 6
10:39:10  street single-value n=16384: 5 processes done; the first stage is at least 6
10:39:28  street single-value n=16384: first stage of 6 processes done; valuesFor ordered baseline needs 28 processes for its interval, run in whole pairs of processes (at most 8)
10:39:28  street single-value n=16384: 6 processes done; 1 of 10 comparisons not yet within the interval asked for; widest ±4.3 pts: valuesFor ordered baseline
10:39:46  street single-value n=16384: 7 processes done; 1 of 10 comparisons not yet within the interval asked for; widest ±4.0 pts: valuesFor ordered baseline
10:40:04  street single-value n=16384: 8 processes done; 1 of 10 comparisons not yet within the interval asked for; widest ±3.7 pts: valuesFor ordered baseline
10:40:04  warning: street single-value n=16384 stopped after 8 processes, before every interval was as precise as asked
10:40:19  street single-value n=212449: 1 processes done; the first stage is at least 6
10:40:34  street single-value n=212449: 2 processes done; the first stage is at least 6
10:40:49  street single-value n=212449: 3 processes done; the first stage is at least 6
10:41:03  street single-value n=212449: 4 processes done; the first stage is at least 6
10:41:19  street single-value n=212449: 5 processes done; the first stage is at least 6
10:41:34  street single-value n=212449: first stage of 6 processes done; valuesFor ordered baseline needs 35 processes for its interval, run in whole pairs of processes (at most 8)
10:41:34  street single-value n=212449: 6 processes done; 6 of 8 comparisons not yet within the interval asked for; widest ±22.9 pts: valuesBetween ordered btree-map
10:41:49  street single-value n=212449: 7 processes done; 6 of 8 comparisons not yet within the interval asked for; widest ±21.2 pts: valuesBetween ordered btree-map
10:42:05  street single-value n=212449: 8 processes done; 6 of 8 comparisons not yet within the interval asked for; widest ±19.8 pts: valuesBetween ordered btree-map
10:42:05  warning: street single-value n=212449 stopped after 8 processes, before every interval was as precise as asked
10:42:07  memory round 1 of 3 done
10:42:09  memory round 2 of 3 done
10:42:11  memory round 3 of 3 done
10:42:11  done after 6m21s
