== street natural n=4096 valuesFor: ordered vs btree-sets
A: 132.5 ns per operation (median)
B: 184.5 ns per operation (median)
A needs 28.5% less time than B: B takes 1.40 times as long as A.
With 95% confidence the difference lies between 27.8% and 29.3% less time (B takes between 1.39 and 1.42 times as long as A).
Noise floor: 0.774%. Identical code measured against itself on this setup can look that different, so smaller differences mean nothing.
Neighbouring measurements are nearly independent (autocorrelation +0.07), so they were resampled one by one.

Verdict: RESOLVED. A is faster than B: the difference is real, as its interval excludes zero and it exceeds the noise floor.

Warnings:
  - the program holds 69 MB of live data, more than the caches of many machines; for data that size, where it lies in memory can shift the result by several points in ways the interval does not cover, and differently in the next process; run the comparison in several processes with the multiproc package

== street natural n=4096 valuesFor: ordered vs baseline
A: 128.3 ns per operation (median)
B: 106.4 ns per operation (median)
A needs 20.2% more time than B: B takes only 0.83 times as long as A.
With 95% confidence the difference lies between 19.4% and 22.3% more time (B takes between 0.818 and 0.84 times as long as A).
Noise floor: 1.4%. Identical code measured against itself on this setup can look that different, so smaller differences mean nothing.
Neighbouring measurements are correlated (autocorrelation +0.34), so they were resampled in blocks of 3.

Verdict: RESOLVED. A is slower than B: the difference is real, as its interval excludes zero and it exceeds the noise floor.

Warnings:
  - the program holds 69 MB of live data, more than the caches of many machines; for data that size, where it lies in memory can shift the result by several points in ways the interval does not cover, and differently in the next process; run the comparison in several processes with the multiproc package
  - in 50% of A/A runs this setup reported a difference between identical code, well above the 10% expected; treat any confidence from it with suspicion

== street natural n=4096 valuesBetween: ordered vs btree-sets
A: 5811 ns per operation (median)
B: 9106 ns per operation (median)
A needs 36.1% less time than B: B takes 1.56 times as long as A.
With 95% confidence the difference lies between 35.3% and 37.3% less time (B takes between 1.55 and 1.59 times as long as A).
Noise floor: 1.24%. Identical code measured against itself on this setup can look that different, so smaller differences mean nothing.
Neighbouring measurements are nearly independent (autocorrelation -0.01), so they were resampled one by one.

Verdict: RESOLVED. A is faster than B: the difference is real, as its interval excludes zero and it exceeds the noise floor.

Warnings:
  - the program holds 69 MB of live data, more than the caches of many machines; for data that size, where it lies in memory can shift the result by several points in ways the interval does not cover, and differently in the next process; run the comparison in several processes with the multiproc package
  - candidate A drifted during the run: its measurements were 1.29% lower in the second half than in the first, so the machine did not hold still

== street natural n=4096 valuesBetween: ordered vs baseline
A: 5793 ns per operation (median)
B: 6092 ns per operation (median)
A needs 5.15% less time than B: B takes 1.05 times as long as A.
With 95% confidence the difference lies between 2.44% and 7.25% less time (B takes between 1.02 and 1.08 times as long as A).
Noise floor: 1.22%. Identical code measured against itself on this setup can look that different, so smaller differences mean nothing.
Neighbouring measurements are nearly independent (autocorrelation +0.18), so they were resampled one by one.

Verdict: RESOLVED. A is faster than B: the difference is real, as its interval excludes zero and it exceeds the noise floor.

Warnings:
  - the program holds 70 MB of live data, more than the caches of many machines; for data that size, where it lies in memory can shift the result by several points in ways the interval does not cover, and differently in the next process; run the comparison in several processes with the multiproc package

== street natural n=4096 prefix: ordered vs btree-sets
A: 672.1 ns per operation (median)
B: 946.3 ns per operation (median)
A needs 27.6% less time than B: B takes 1.38 times as long as A.
With 95% confidence the difference lies between 27.1% and 28.8% less time (B takes between 1.37 and 1.40 times as long as A).
Noise floor: 0.619%. Identical code measured against itself on this setup can look that different, so smaller differences mean nothing.
Neighbouring measurements are nearly independent (autocorrelation +0.12), so they were resampled one by one.

Verdict: RESOLVED. A is faster than B: the difference is real, as its interval excludes zero and it exceeds the noise floor.

Warnings:
  - the program holds 69 MB of live data, more than the caches of many machines; for data that size, where it lies in memory can shift the result by several points in ways the interval does not cover, and differently in the next process; run the comparison in several processes with the multiproc package

== street natural n=4096 prefix: ordered vs baseline
A: 658 ns per operation (median)
B: 559.2 ns per operation (median)
A needs 13.5% more time than B: B takes only 0.88 times as long as A.
With 95% confidence the difference lies between 9.79% and 22.1% more time (B takes between 0.819 and 0.91 times as long as A).
Noise floor: 2.24%. Identical code measured against itself on this setup can look that different, so smaller differences mean nothing.
Neighbouring measurements are nearly independent (autocorrelation +0.11), so they were resampled one by one.

Verdict: RESOLVED. A is slower than B: the difference is real, as its interval excludes zero and it exceeds the noise floor.

Warnings:
  - the program holds 69 MB of live data, more than the caches of many machines; for data that size, where it lies in memory can shift the result by several points in ways the interval does not cover, and differently in the next process; run the comparison in several processes with the multiproc package

== street natural n=4096 churn and build: ordered vs btree-sets
steady state, per insertion or deletion in a structure of 10449 elements (cycle of 27218 operations, first pass untimed):
  A: 207.5 ns per operation (median)
  B: 250.4 ns per operation (median)
  A needs 17.1% less time than B: B takes 1.21 times as long as A.
  With 95% confidence the difference lies between 15.2% and 18.1% less time (B takes between 1.18 and 1.22 times as long as A).
  Noise floor: 1.02%. Identical code measured against itself on this setup can look that different, so smaller differences mean nothing.
  Neighbouring measurements are nearly independent (autocorrelation -0.04), so they were resampled one by one.
  
  Verdict: RESOLVED. A is faster than B: the difference is real, as its interval excludes zero and it exceeds the noise floor.
  
  Warnings:
    - the program holds 72 MB of live data, more than the caches of many machines; for data that size, where it lies in memory can shift the result by several points in ways the interval does not cover, and differently in the next process; run the comparison in several processes with the multiproc package

build from empty to 10449 elements, per whole build (37733 operations):
  A: 8.447e+06 ns per operation (median)
  B: 1.011e+07 ns per operation (median)
  A needs 16.6% less time than B: B takes 1.20 times as long as A.
  With 95% confidence the difference lies between 15.6% and 17.1% less time (B takes between 1.19 and 1.21 times as long as A).
  Noise floor: 0.318%. Identical code measured against itself on this setup can look that different, so smaller differences mean nothing.
  Neighbouring measurements are nearly independent (autocorrelation +0.02), so they were resampled one by one.
  
  Verdict: RESOLVED. A is faster than B: the difference is real, as its interval excludes zero and it exceeds the noise floor.
  
  Warnings:
    - the program holds 69 MB of live data, more than the caches of many machines; for data that size, where it lies in memory can shift the result by several points in ways the interval does not cover, and differently in the next process; run the comparison in several processes with the multiproc package

== street natural n=4096 churn and build: ordered vs baseline
steady state, per insertion or deletion in a structure of 10449 elements (cycle of 27218 operations, first pass untimed):
  A: 205.5 ns per operation (median)
  B: 150.7 ns per operation (median)
  A needs 37.4% more time than B: B takes only 0.73 times as long as A.
  With 95% confidence the difference lies between 36% and 38.5% more time (B takes between 0.722 and 0.74 times as long as A).
  Noise floor: 0.581%. Identical code measured against itself on this setup can look that different, so smaller differences mean nothing.
  Neighbouring measurements are nearly independent (autocorrelation +0.07), so they were resampled one by one.
  
  Verdict: RESOLVED. A is slower than B: the difference is real, as its interval excludes zero and it exceeds the noise floor.
  
  Warnings:
    - the program holds 71 MB of live data, more than the caches of many machines; for data that size, where it lies in memory can shift the result by several points in ways the interval does not cover, and differently in the next process; run the comparison in several processes with the multiproc package

build from empty to 10449 elements, per whole build (37733 operations):
  A: 8.414e+06 ns per operation (median)
  B: 5.711e+06 ns per operation (median)
  A needs 47.4% more time than B: B takes only 0.68 times as long as A.
  With 95% confidence the difference lies between 46.4% and 48.9% more time (B takes between 0.671 and 0.68 times as long as A).
  Noise floor: 0.447%. Identical code measured against itself on this setup can look that different, so smaller differences mean nothing.
  Neighbouring measurements are nearly independent (autocorrelation +0.16), so they were resampled one by one.
  
  Verdict: RESOLVED. A is slower than B: the difference is real, as its interval excludes zero and it exceeds the noise floor.
  
  Warnings:
    - the program holds 69 MB of live data, more than the caches of many machines; for data that size, where it lies in memory can shift the result by several points in ways the interval does not cover, and differently in the next process; run the comparison in several processes with the multiproc package

checksum 15933468735651345327
== street natural n=4096 valuesFor: ordered vs btree-sets
A: 132.4 ns per operation (median)
B: 187.8 ns per operation (median)
A needs 29.3% less time than B: B takes 1.42 times as long as A.
With 95% confidence the difference lies between 27.9% and 30.8% less time (B takes between 1.39 and 1.45 times as long as A).
Noise floor: 1.91%. Identical code measured against itself on this setup can look that different, so smaller differences mean nothing.
Neighbouring measurements are nearly independent (autocorrelation -0.21), so they were resampled one by one.

Verdict: RESOLVED. A is faster than B: the difference is real, as its interval excludes zero and it exceeds the noise floor.

Warnings:
  - the program holds 68 MB of live data, more than the caches of many machines; for data that size, where it lies in memory can shift the result by several points in ways the interval does not cover, and differently in the next process; run the comparison in several processes with the multiproc package

== street natural n=4096 valuesFor: ordered vs baseline
A: 129.8 ns per operation (median)
B: 107.1 ns per operation (median)
A needs 21.2% more time than B: B takes only 0.82 times as long as A.
With 95% confidence the difference lies between 19.7% and 23% more time (B takes between 0.813 and 0.84 times as long as A).
Noise floor: 1.16%. Identical code measured against itself on this setup can look that different, so smaller differences mean nothing.
Neighbouring measurements are nearly independent (autocorrelation -0.11), so they were resampled one by one.

Verdict: RESOLVED. A is slower than B: the difference is real, as its interval excludes zero and it exceeds the noise floor.

Warnings:
  - the program holds 69 MB of live data, more than the caches of many machines; for data that size, where it lies in memory can shift the result by several points in ways the interval does not cover, and differently in the next process; run the comparison in several processes with the multiproc package

== street natural n=4096 valuesBetween: ordered vs btree-sets
A: 5807 ns per operation (median)
B: 9157 ns per operation (median)
A needs 36.9% less time than B: B takes 1.59 times as long as A.
With 95% confidence the difference lies between 36.2% and 37.7% less time (B takes between 1.57 and 1.60 times as long as A).
Noise floor: 1.01%. Identical code measured against itself on this setup can look that different, so smaller differences mean nothing.
Neighbouring measurements are nearly independent (autocorrelation -0.05), so they were resampled one by one.

Verdict: RESOLVED. A is faster than B: the difference is real, as its interval excludes zero and it exceeds the noise floor.

Warnings:
  - the program holds 69 MB of live data, more than the caches of many machines; for data that size, where it lies in memory can shift the result by several points in ways the interval does not cover, and differently in the next process; run the comparison in several processes with the multiproc package

== street natural n=4096 valuesBetween: ordered vs baseline
A: 5841 ns per operation (median)
B: 6126 ns per operation (median)
A needs 4.13% less time than B: B takes 1.04 times as long as A.
With 95% confidence the difference lies between 1.86% and 5.65% less time (B takes between 1.02 and 1.06 times as long as A).
Noise floor: 1.59%. Identical code measured against itself on this setup can look that different, so smaller differences mean nothing.
Neighbouring measurements are nearly independent (autocorrelation +0.19), so they were resampled one by one.

Verdict: RESOLVED. A is faster than B: the difference is real, as its interval excludes zero and it exceeds the noise floor.

Warnings:
  - the program holds 69 MB of live data, more than the caches of many machines; for data that size, where it lies in memory can shift the result by several points in ways the interval does not cover, and differently in the next process; run the comparison in several processes with the multiproc package
  - candidate B drifted during the run: its measurements were 3.15% higher in the second half than in the first, so the machine did not hold still
  - in 50% of A/A runs this setup reported a difference between identical code, well above the 10% expected; treat any confidence from it with suspicion

== street natural n=4096 prefix: ordered vs btree-sets
A: 666.3 ns per operation (median)
B: 930.2 ns per operation (median)
A needs 29.2% less time than B: B takes 1.41 times as long as A.
With 95% confidence the difference lies between 27.4% and 31.7% less time (B takes between 1.38 and 1.47 times as long as A).
Noise floor: 1.26%. Identical code measured against itself on this setup can look that different, so smaller differences mean nothing.
Neighbouring measurements are nearly independent (autocorrelation -0.16), so they were resampled one by one.

Verdict: RESOLVED. A is faster than B: the difference is real, as its interval excludes zero and it exceeds the noise floor.

Warnings:
  - the program holds 69 MB of live data, more than the caches of many machines; for data that size, where it lies in memory can shift the result by several points in ways the interval does not cover, and differently in the next process; run the comparison in several processes with the multiproc package

== street natural n=4096 prefix: ordered vs baseline
A: 660 ns per operation (median)
B: 571.8 ns per operation (median)
A needs 13.8% more time than B: B takes only 0.88 times as long as A.
With 95% confidence the difference lies between 9.78% and 21.4% more time (B takes between 0.823 and 0.91 times as long as A).
Noise floor: 1.87%. Identical code measured against itself on this setup can look that different, so smaller differences mean nothing.
Neighbouring measurements are nearly independent (autocorrelation -0.51), so they were resampled one by one.

Verdict: RESOLVED. A is slower than B: the difference is real, as its interval excludes zero and it exceeds the noise floor.

Warnings:
  - the program holds 69 MB of live data, more than the caches of many machines; for data that size, where it lies in memory can shift the result by several points in ways the interval does not cover, and differently in the next process; run the comparison in several processes with the multiproc package

== street natural n=4096 churn and build: ordered vs btree-sets
steady state, per insertion or deletion in a structure of 10449 elements (cycle of 27218 operations, first pass untimed):
  A: 207.5 ns per operation (median)
  B: 249.4 ns per operation (median)
  A needs 16.7% less time than B: B takes 1.20 times as long as A.
  With 95% confidence the difference lies between 14.6% and 18.3% less time (B takes between 1.17 and 1.22 times as long as A).
  Noise floor: 1.44%. Identical code measured against itself on this setup can look that different, so smaller differences mean nothing.
  Neighbouring measurements are nearly independent (autocorrelation -0.19), so they were resampled one by one.
  
  Verdict: RESOLVED. A is faster than B: the difference is real, as its interval excludes zero and it exceeds the noise floor.
  
  Warnings:
    - the program holds 72 MB of live data, more than the caches of many machines; for data that size, where it lies in memory can shift the result by several points in ways the interval does not cover, and differently in the next process; run the comparison in several processes with the multiproc package

build from empty to 10449 elements, per whole build (37733 operations):
  A: 8.361e+06 ns per operation (median)
  B: 9.953e+06 ns per operation (median)
  A needs 15.8% less time than B: B takes 1.19 times as long as A.
  With 95% confidence the difference lies between 15.3% and 16.6% less time (B takes between 1.18 and 1.20 times as long as A).
  Noise floor: 0.46%. Identical code measured against itself on this setup can look that different, so smaller differences mean nothing.
  Neighbouring measurements are nearly independent (autocorrelation +0.19), so they were resampled one by one.
  
  Verdict: RESOLVED. A is faster than B: the difference is real, as its interval excludes zero and it exceeds the noise floor.
  
  Warnings:
    - the program holds 69 MB of live data, more than the caches of many machines; for data that size, where it lies in memory can shift the result by several points in ways the interval does not cover, and differently in the next process; run the comparison in several processes with the multiproc package

== street natural n=4096 churn and build: ordered vs baseline
steady state, per insertion or deletion in a structure of 10449 elements (cycle of 27218 operations, first pass untimed):
  A: 206.2 ns per operation (median)
  B: 150.6 ns per operation (median)
  A needs 36.8% more time than B: B takes only 0.73 times as long as A.
  With 95% confidence the difference lies between 36% and 38.7% more time (B takes between 0.721 and 0.74 times as long as A).
  Noise floor: 0.384%. Identical code measured against itself on this setup can look that different, so smaller differences mean nothing.
  Neighbouring measurements are nearly independent (autocorrelation -0.22), so they were resampled one by one.
  
  Verdict: RESOLVED. A is slower than B: the difference is real, as its interval excludes zero and it exceeds the noise floor.
  
  Warnings:
    - the program holds 71 MB of live data, more than the caches of many machines; for data that size, where it lies in memory can shift the result by several points in ways the interval does not cover, and differently in the next process; run the comparison in several processes with the multiproc package

build from empty to 10449 elements, per whole build (37733 operations):
  A: 8.323e+06 ns per operation (median)
  B: 5.703e+06 ns per operation (median)
  A needs 46% more time than B: B takes only 0.68 times as long as A.
  With 95% confidence the difference lies between 44.8% and 46.8% more time (B takes between 0.681 and 0.69 times as long as A).
  Noise floor: 0.443%. Identical code measured against itself on this setup can look that different, so smaller differences mean nothing.
  Neighbouring measurements are nearly independent (autocorrelation +0.13), so they were resampled one by one.
  
  Verdict: RESOLVED. A is slower than B: the difference is real, as its interval excludes zero and it exceeds the noise floor.
  
  Warnings:
    - the program holds 69 MB of live data, more than the caches of many machines; for data that size, where it lies in memory can shift the result by several points in ways the interval does not cover, and differently in the next process; run the comparison in several processes with the multiproc package

checksum 4368777829310889112
== street natural n=4096 valuesFor: ordered vs btree-sets
A: 129.4 ns per operation (median)
B: 189.9 ns per operation (median)
A needs 32% less time than B: B takes 1.47 times as long as A.
With 95% confidence the difference lies between 29.6% and 33.2% less time (B takes between 1.42 and 1.50 times as long as A).
Noise floor: 0.862%. Identical code measured against itself on this setup can look that different, so smaller differences mean nothing.
Neighbouring measurements are nearly independent (autocorrelation -0.31), so they were resampled one by one.

Verdict: RESOLVED. A is faster than B: the difference is real, as its interval excludes zero and it exceeds the noise floor.

Warnings:
  - the program holds 69 MB of live data, more than the caches of many machines; for data that size, where it lies in memory can shift the result by several points in ways the interval does not cover, and differently in the next process; run the comparison in several processes with the multiproc package

== street natural n=4096 valuesFor: ordered vs baseline
A: 128.9 ns per operation (median)
B: 107.1 ns per operation (median)
A needs 20.8% more time than B: B takes only 0.83 times as long as A.
With 95% confidence the difference lies between 19.3% and 22.4% more time (B takes between 0.817 and 0.84 times as long as A).
Noise floor: 0.827%. Identical code measured against itself on this setup can look that different, so smaller differences mean nothing.
Neighbouring measurements are nearly independent (autocorrelation +0.07), so they were resampled one by one.

Verdict: RESOLVED. A is slower than B: the difference is real, as its interval excludes zero and it exceeds the noise floor.

Warnings:
  - the program holds 69 MB of live data, more than the caches of many machines; for data that size, where it lies in memory can shift the result by several points in ways the interval does not cover, and differently in the next process; run the comparison in several processes with the multiproc package
  - 5.9% of bootstrap replicates tied, so the measurement is coarse relative to the question; lower CollectOptions.MaxQuantizationError to lengthen the batches

== street natural n=4096 valuesBetween: ordered vs btree-sets
A: 5919 ns per operation (median)
B: 9183 ns per operation (median)
A needs 35.4% less time than B: B takes 1.55 times as long as A.
With 95% confidence the difference lies between 33.8% and 36.8% less time (B takes between 1.51 and 1.58 times as long as A).
Noise floor: 1.25%. Identical code measured against itself on this setup can look that different, so smaller differences mean nothing.
Neighbouring measurements are nearly independent (autocorrelation +0.14), so they were resampled one by one.

Verdict: RESOLVED. A is faster than B: the difference is real, as its interval excludes zero and it exceeds the noise floor.

Warnings:
  - the program holds 69 MB of live data, more than the caches of many machines; for data that size, where it lies in memory can shift the result by several points in ways the interval does not cover, and differently in the next process; run the comparison in several processes with the multiproc package

== street natural n=4096 valuesBetween: ordered vs baseline
A: 5842 ns per operation (median)
B: 6070 ns per operation (median)
A needs 3.78% less time than B: B takes 1.04 times as long as A.
With 95% confidence the difference lies between 2.16% and 5.62% less time (B takes between 1.02 and 1.06 times as long as A).
Noise floor: 1.37%. Identical code measured against itself on this setup can look that different, so smaller differences mean nothing.
Neighbouring measurements are nearly independent (autocorrelation +0.16), so they were resampled one by one.

Verdict: RESOLVED. A is faster than B: the difference is real, as its interval excludes zero and it exceeds the noise floor.

Warnings:
  - the program holds 69 MB of live data, more than the caches of many machines; for data that size, where it lies in memory can shift the result by several points in ways the interval does not cover, and differently in the next process; run the comparison in several processes with the multiproc package

== street natural n=4096 prefix: ordered vs btree-sets
A: 657 ns per operation (median)
B: 930.2 ns per operation (median)
A needs 29.3% less time than B: B takes 1.41 times as long as A.
With 95% confidence the difference lies between 28.6% and 29.8% less time (B takes between 1.4 and 1.42 times as long as A).
Noise floor: 1.32%. Identical code measured against itself on this setup can look that different, so smaller differences mean nothing.
Neighbouring measurements are nearly independent (autocorrelation -0.36), so they were resampled one by one.

Verdict: RESOLVED. A is faster than B: the difference is real, as its interval excludes zero and it exceeds the noise floor.

Warnings:
  - the program holds 69 MB of live data, more than the caches of many machines; for data that size, where it lies in memory can shift the result by several points in ways the interval does not cover, and differently in the next process; run the comparison in several processes with the multiproc package

== street natural n=4096 prefix: ordered vs baseline
A: 662.2 ns per operation (median)
B: 571.4 ns per operation (median)
A needs 14.2% more time than B: B takes only 0.88 times as long as A.
With 95% confidence the difference lies between 12.6% and 17.1% more time (B takes between 0.854 and 0.89 times as long as A).
Noise floor: 0.977%. Identical code measured against itself on this setup can look that different, so smaller differences mean nothing.
Neighbouring measurements are nearly independent (autocorrelation -0.16), so they were resampled one by one.

Verdict: RESOLVED. A is slower than B: the difference is real, as its interval excludes zero and it exceeds the noise floor.

Warnings:
  - the program holds 70 MB of live data, more than the caches of many machines; for data that size, where it lies in memory can shift the result by several points in ways the interval does not cover, and differently in the next process; run the comparison in several processes with the multiproc package

== street natural n=4096 churn and build: ordered vs btree-sets
steady state, per insertion or deletion in a structure of 10449 elements (cycle of 27218 operations, first pass untimed):
  A: 207.1 ns per operation (median)
  B: 248.5 ns per operation (median)
  A needs 17% less time than B: B takes 1.20 times as long as A.
  With 95% confidence the difference lies between 15.4% and 18.5% less time (B takes between 1.18 and 1.23 times as long as A).
  Noise floor: 0.626%. Identical code measured against itself on this setup can look that different, so smaller differences mean nothing.
  Neighbouring measurements are nearly independent (autocorrelation -0.21), so they were resampled one by one.
  
  Verdict: RESOLVED. A is faster than B: the difference is real, as its interval excludes zero and it exceeds the noise floor.
  
  Warnings:
    - the program holds 73 MB of live data, more than the caches of many machines; for data that size, where it lies in memory can shift the result by several points in ways the interval does not cover, and differently in the next process; run the comparison in several processes with the multiproc package

build from empty to 10449 elements, per whole build (37733 operations):
  A: 8.342e+06 ns per operation (median)
  B: 9.997e+06 ns per operation (median)
  A needs 16.7% less time than B: B takes 1.20 times as long as A.
  With 95% confidence the difference lies between 15.9% and 16.9% less time (B takes between 1.19 and 1.20 times as long as A).
  Noise floor: 0.51%. Identical code measured against itself on this setup can look that different, so smaller differences mean nothing.
  Neighbouring measurements are nearly independent (autocorrelation +0.10), so they were resampled one by one.
  
  Verdict: RESOLVED. A is faster than B: the difference is real, as its interval excludes zero and it exceeds the noise floor.
  
  Warnings:
    - the program holds 69 MB of live data, more than the caches of many machines; for data that size, where it lies in memory can shift the result by several points in ways the interval does not cover, and differently in the next process; run the comparison in several processes with the multiproc package

== street natural n=4096 churn and build: ordered vs baseline
steady state, per insertion or deletion in a structure of 10449 elements (cycle of 27218 operations, first pass untimed):
  A: 207.4 ns per operation (median)
  B: 151.4 ns per operation (median)
  A needs 37% more time than B: B takes only 0.73 times as long as A.
  With 95% confidence the difference lies between 35.6% and 38% more time (B takes between 0.725 and 0.74 times as long as A).
  Noise floor: 0.355%. Identical code measured against itself on this setup can look that different, so smaller differences mean nothing.
  Neighbouring measurements are correlated (autocorrelation +0.21), so they were resampled in blocks of 3.
  
  Verdict: RESOLVED. A is slower than B: the difference is real, as its interval excludes zero and it exceeds the noise floor.
  
  Warnings:
    - the program holds 71 MB of live data, more than the caches of many machines; for data that size, where it lies in memory can shift the result by several points in ways the interval does not cover, and differently in the next process; run the comparison in several processes with the multiproc package
    - in 50% of A/A runs this setup reported a difference between identical code, well above the 10% expected; treat any confidence from it with suspicion

build from empty to 10449 elements, per whole build (37733 operations):
  A: 8.315e+06 ns per operation (median)
  B: 5.753e+06 ns per operation (median)
  A needs 45.1% more time than B: B takes only 0.69 times as long as A.
  With 95% confidence the difference lies between 44.9% and 46% more time (B takes between 0.685 and 0.69 times as long as A).
  Noise floor: 0.663%. Identical code measured against itself on this setup can look that different, so smaller differences mean nothing.
  Neighbouring measurements are nearly independent (autocorrelation -0.04), so they were resampled one by one.
  
  Verdict: RESOLVED. A is slower than B: the difference is real, as its interval excludes zero and it exceeds the noise floor.
  
  Warnings:
    - the program holds 69 MB of live data, more than the caches of many machines; for data that size, where it lies in memory can shift the result by several points in ways the interval does not cover, and differently in the next process; run the comparison in several processes with the multiproc package

checksum 9007913924656724038
== street natural n=4096 valuesFor: ordered vs btree-sets
A: 130.2 ns per operation (median)
B: 188.4 ns per operation (median)
A needs 30.9% less time than B: B takes 1.45 times as long as A.
With 95% confidence the difference lies between 29.8% and 32.7% less time (B takes between 1.42 and 1.49 times as long as A).
Noise floor: 1.6%. Identical code measured against itself on this setup can look that different, so smaller differences mean nothing.
Neighbouring measurements are nearly independent (autocorrelation -0.06), so they were resampled one by one.

Verdict: RESOLVED. A is faster than B: the difference is real, as its interval excludes zero and it exceeds the noise floor.

Warnings:
  - the program holds 69 MB of live data, more than the caches of many machines; for data that size, where it lies in memory can shift the result by several points in ways the interval does not cover, and differently in the next process; run the comparison in several processes with the multiproc package
  - 6.7% of bootstrap replicates tied, so the measurement is coarse relative to the question; lower CollectOptions.MaxQuantizationError to lengthen the batches

== street natural n=4096 valuesFor: ordered vs baseline
A: 129.2 ns per operation (median)
B: 107.8 ns per operation (median)
A needs 19.6% more time than B: B takes only 0.84 times as long as A.
With 95% confidence the difference lies between 17.9% and 20.8% more time (B takes between 0.828 and 0.85 times as long as A).
Noise floor: 0.332%. Identical code measured against itself on this setup can look that different, so smaller differences mean nothing.
Neighbouring measurements are nearly independent (autocorrelation +0.08), so they were resampled one by one.

Verdict: RESOLVED. A is slower than B: the difference is real, as its interval excludes zero and it exceeds the noise floor.

Warnings:
  - the program holds 69 MB of live data, more than the caches of many machines; for data that size, where it lies in memory can shift the result by several points in ways the interval does not cover, and differently in the next process; run the comparison in several processes with the multiproc package

== street natural n=4096 valuesBetween: ordered vs btree-sets
A: 5842 ns per operation (median)
B: 9069 ns per operation (median)
A needs 35.4% less time than B: B takes 1.55 times as long as A.
With 95% confidence the difference lies between 34.5% and 36.4% less time (B takes between 1.53 and 1.57 times as long as A).
Noise floor: 0.748%. Identical code measured against itself on this setup can look that different, so smaller differences mean nothing.
Neighbouring measurements are nearly independent (autocorrelation -0.07), so they were resampled one by one.

Verdict: RESOLVED. A is faster than B: the difference is real, as its interval excludes zero and it exceeds the noise floor.

Warnings:
  - the program holds 69 MB of live data, more than the caches of many machines; for data that size, where it lies in memory can shift the result by several points in ways the interval does not cover, and differently in the next process; run the comparison in several processes with the multiproc package

== street natural n=4096 valuesBetween: ordered vs baseline
A: 6032 ns per operation (median)
B: 6239 ns per operation (median)
A needs 2.31% less time than B: B takes 1.02 times as long as A.
With 95% confidence the difference lies between 1.22% and 5.53% less time (B takes between 1.01 and 1.06 times as long as A).
Noise floor: 0.83%. Identical code measured against itself on this setup can look that different, so smaller differences mean nothing.
Neighbouring measurements are nearly independent (autocorrelation +0.11), so they were resampled one by one.

Verdict: RESOLVED. A is faster than B: the difference is real, as its interval excludes zero and it exceeds the noise floor.

Warnings:
  - the program holds 69 MB of live data, more than the caches of many machines; for data that size, where it lies in memory can shift the result by several points in ways the interval does not cover, and differently in the next process; run the comparison in several processes with the multiproc package

== street natural n=4096 prefix: ordered vs btree-sets
A: 666.9 ns per operation (median)
B: 931.8 ns per operation (median)
A needs 28% less time than B: B takes 1.39 times as long as A.
With 95% confidence the difference lies between 26.8% and 30.2% less time (B takes between 1.37 and 1.43 times as long as A).
Noise floor: 0.9%. Identical code measured against itself on this setup can look that different, so smaller differences mean nothing.
Neighbouring measurements are nearly independent (autocorrelation -0.13), so they were resampled one by one.

Verdict: RESOLVED. A is faster than B: the difference is real, as its interval excludes zero and it exceeds the noise floor.

Warnings:
  - the program holds 69 MB of live data, more than the caches of many machines; for data that size, where it lies in memory can shift the result by several points in ways the interval does not cover, and differently in the next process; run the comparison in several processes with the multiproc package

== street natural n=4096 prefix: ordered vs baseline
A: 664.9 ns per operation (median)
B: 583.6 ns per operation (median)
A needs 12.6% more time than B: B takes only 0.89 times as long as A.
With 95% confidence the difference lies between 10.7% and 17.7% more time (B takes between 0.85 and 0.90 times as long as A).
Noise floor: 1.17%. Identical code measured against itself on this setup can look that different, so smaller differences mean nothing.
Neighbouring measurements are nearly independent (autocorrelation -0.11), so they were resampled one by one.

Verdict: RESOLVED. A is slower than B: the difference is real, as its interval excludes zero and it exceeds the noise floor.

Warnings:
  - the program holds 69 MB of live data, more than the caches of many machines; for data that size, where it lies in memory can shift the result by several points in ways the interval does not cover, and differently in the next process; run the comparison in several processes with the multiproc package

== street natural n=4096 churn and build: ordered vs btree-sets
steady state, per insertion or deletion in a structure of 10449 elements (cycle of 27218 operations, first pass untimed):
  A: 213.2 ns per operation (median)
  B: 259.3 ns per operation (median)
  A needs 17.8% less time than B: B takes 1.22 times as long as A.
  With 95% confidence the difference lies between 15.7% and 19.1% less time (B takes between 1.19 and 1.24 times as long as A).
  Noise floor: 1.7%. Identical code measured against itself on this setup can look that different, so smaller differences mean nothing.
  Neighbouring measurements are nearly independent (autocorrelation +0.05), so they were resampled one by one.
  
  Verdict: RESOLVED. A is faster than B: the difference is real, as its interval excludes zero and it exceeds the noise floor.
  
  Warnings:
    - the program holds 72 MB of live data, more than the caches of many machines; for data that size, where it lies in memory can shift the result by several points in ways the interval does not cover, and differently in the next process; run the comparison in several processes with the multiproc package

build from empty to 10449 elements, per whole build (37733 operations):
  A: 8.423e+06 ns per operation (median)
  B: 9.924e+06 ns per operation (median)
  A needs 15.4% less time than B: B takes 1.18 times as long as A.
  With 95% confidence the difference lies between 14.5% and 16% less time (B takes between 1.17 and 1.19 times as long as A).
  Noise floor: 0.5%. Identical code measured against itself on this setup can look that different, so smaller differences mean nothing.
  Neighbouring measurements are nearly independent (autocorrelation -0.11), so they were resampled one by one.
  
  Verdict: RESOLVED. A is faster than B: the difference is real, as its interval excludes zero and it exceeds the noise floor.
  
  Warnings:
    - the program holds 69 MB of live data, more than the caches of many machines; for data that size, where it lies in memory can shift the result by several points in ways the interval does not cover, and differently in the next process; run the comparison in several processes with the multiproc package

== street natural n=4096 churn and build: ordered vs baseline
steady state, per insertion or deletion in a structure of 10449 elements (cycle of 27218 operations, first pass untimed):
  A: 206.1 ns per operation (median)
  B: 150.7 ns per operation (median)
  A needs 37.1% more time than B: B takes only 0.73 times as long as A.
  With 95% confidence the difference lies between 36.2% and 38.5% more time (B takes between 0.722 and 0.73 times as long as A).
  Noise floor: 0.794%. Identical code measured against itself on this setup can look that different, so smaller differences mean nothing.
  Neighbouring measurements are nearly independent (autocorrelation +0.14), so they were resampled one by one.
  
  Verdict: RESOLVED. A is slower than B: the difference is real, as its interval excludes zero and it exceeds the noise floor.
  
  Warnings:
    - the program holds 71 MB of live data, more than the caches of many machines; for data that size, where it lies in memory can shift the result by several points in ways the interval does not cover, and differently in the next process; run the comparison in several processes with the multiproc package

build from empty to 10449 elements, per whole build (37733 operations):
  A: 8.32e+06 ns per operation (median)
  B: 5.715e+06 ns per operation (median)
  A needs 45.5% more time than B: B takes only 0.69 times as long as A.
  With 95% confidence the difference lies between 45% and 46.2% more time (B takes between 0.684 and 0.69 times as long as A).
  Noise floor: 0.43%. Identical code measured against itself on this setup can look that different, so smaller differences mean nothing.
  Neighbouring measurements are correlated (autocorrelation +0.35), so they were resampled in blocks of 3.
  
  Verdict: RESOLVED. A is slower than B: the difference is real, as its interval excludes zero and it exceeds the noise floor.
  
  Warnings:
    - the program holds 69 MB of live data, more than the caches of many machines; for data that size, where it lies in memory can shift the result by several points in ways the interval does not cover, and differently in the next process; run the comparison in several processes with the multiproc package

checksum 9354362710436116387
