== street natural n=65536 valuesFor: ordered vs btree-sets
A: 241 ns per operation (median)
B: 536.4 ns per operation (median)
A needs 56.5% less time than B: B takes 2.30 times as long as A.
With 95% confidence the difference lies between 53.1% and 57.7% less time (B takes between 2.13 and 2.37 times as long as A).
Noise floor: 6.93%. Identical code measured against itself on this setup can look that different, so smaller differences mean nothing.
Neighbouring measurements are correlated (autocorrelation +0.60), so they were resampled in blocks of 3.

Verdict: RESOLVED. A is faster than B: the difference is real, as its interval excludes zero and it exceeds the noise floor.

Warnings:
  - the program holds 173 MB of live data, more than the caches of many machines; for data that size, where it lies in memory can shift the result by several points in ways the interval does not cover, and differently in the next process; run the comparison in several processes with the multiproc package
  - candidate B drifted during the run: its measurements were 10.6% higher in the second half than in the first, so the machine did not hold still

== street natural n=65536 valuesFor: ordered vs baseline
A: 230.5 ns per operation (median)
B: 274.1 ns per operation (median)
A needs 16.9% less time than B: B takes 1.20 times as long as A.
With 95% confidence the difference lies between 13.6% and 21.7% less time (B takes between 1.16 and 1.28 times as long as A).
Noise floor: 2.72%. Identical code measured against itself on this setup can look that different, so smaller differences mean nothing.
Neighbouring measurements are correlated (autocorrelation +0.43), so they were resampled in blocks of 3.

Verdict: RESOLVED. A is faster than B: the difference is real, as its interval excludes zero and it exceeds the noise floor.

Warnings:
  - the program holds 173 MB of live data, more than the caches of many machines; for data that size, where it lies in memory can shift the result by several points in ways the interval does not cover, and differently in the next process; run the comparison in several processes with the multiproc package

== street natural n=65536 valuesBetween: ordered vs btree-sets
A: 7247 ns per operation (median)
B: 1.84e+04 ns per operation (median)
A needs 61% less time than B: B takes 2.57 times as long as A.
With 95% confidence the difference lies between 59.5% and 62.4% less time (B takes between 2.47 and 2.66 times as long as A).
Noise floor: 1.38%. Identical code measured against itself on this setup can look that different, so smaller differences mean nothing.
Neighbouring measurements are nearly independent (autocorrelation +0.07), so they were resampled one by one.

Verdict: RESOLVED. A is faster than B: the difference is real, as its interval excludes zero and it exceeds the noise floor.

Warnings:
  - the program holds 173 MB of live data, more than the caches of many machines; for data that size, where it lies in memory can shift the result by several points in ways the interval does not cover, and differently in the next process; run the comparison in several processes with the multiproc package
  - candidate B drifted during the run: its measurements were 4.25% higher in the second half than in the first, so the machine did not hold still

== street natural n=65536 valuesBetween: ordered vs baseline
A: 7101 ns per operation (median)
B: 8417 ns per operation (median)
A needs 16.5% less time than B: B takes 1.20 times as long as A.
With 95% confidence the difference lies between 13.4% and 19.1% less time (B takes between 1.15 and 1.24 times as long as A).
Noise floor: 1.34%. Identical code measured against itself on this setup can look that different, so smaller differences mean nothing.
Neighbouring measurements are nearly independent (autocorrelation +0.07), so they were resampled one by one.

Verdict: RESOLVED. A is faster than B: the difference is real, as its interval excludes zero and it exceeds the noise floor.

Warnings:
  - the program holds 175 MB of live data, more than the caches of many machines; for data that size, where it lies in memory can shift the result by several points in ways the interval does not cover, and differently in the next process; run the comparison in several processes with the multiproc package

== street natural n=65536 prefix: ordered vs btree-sets
A: 9220 ns per operation (median)
B: 2.211e+04 ns per operation (median)
A needs 59.6% less time than B: B takes 2.47 times as long as A.
With 95% confidence the difference lies between 57.2% and 60.8% less time (B takes between 2.33 and 2.55 times as long as A).
Noise floor: 1.72%. Identical code measured against itself on this setup can look that different, so smaller differences mean nothing.
Neighbouring measurements are nearly independent (autocorrelation +0.12), so they were resampled one by one.

Verdict: RESOLVED. A is faster than B: the difference is real, as its interval excludes zero and it exceeds the noise floor.

Warnings:
  - the program holds 173 MB of live data, more than the caches of many machines; for data that size, where it lies in memory can shift the result by several points in ways the interval does not cover, and differently in the next process; run the comparison in several processes with the multiproc package

== street natural n=65536 prefix: ordered vs baseline
A: 7687 ns per operation (median)
B: 9320 ns per operation (median)
A needs 18% less time than B: B takes 1.22 times as long as A.
With 95% confidence the difference lies between 16.2% and 18.7% less time (B takes between 1.19 and 1.23 times as long as A).
Noise floor: 6.58%. Identical code measured against itself on this setup can look that different, so smaller differences mean nothing.
Neighbouring measurements are nearly independent (autocorrelation +0.04), so they were resampled one by one.

Verdict: RESOLVED. A is faster than B: the difference is real, as its interval excludes zero and it exceeds the noise floor.

Warnings:
  - the program holds 175 MB of live data, more than the caches of many machines; for data that size, where it lies in memory can shift the result by several points in ways the interval does not cover, and differently in the next process; run the comparison in several processes with the multiproc package
  - in 50% of A/A runs this setup reported a difference between identical code, well above the 10% expected; treat any confidence from it with suspicion

== street natural n=65536 churn and build: ordered vs btree-sets
steady state, per insertion or deletion in a structure of 185027 elements (cycle of 483790 operations, first pass untimed):
  A: 513.9 ns per operation (median)
  B: 703.4 ns per operation (median)
  A needs 24.8% less time than B: B takes 1.33 times as long as A.
  With 95% confidence the difference lies between 24.2% and 25.9% less time (B takes between 1.32 and 1.35 times as long as A).
  Noise floor: 2.54%. Identical code measured against itself on this setup can look that different, so smaller differences mean nothing.
  Neighbouring measurements are correlated (autocorrelation +0.43), so they were resampled in blocks of 3.
  
  Verdict: RESOLVED. A is faster than B: the difference is real, as its interval excludes zero and it exceeds the noise floor.
  
  Warnings:
    - the program holds 225 MB of live data, more than the caches of many machines; for data that size, where it lies in memory can shift the result by several points in ways the interval does not cover, and differently in the next process; run the comparison in several processes with the multiproc package
    - candidate A drifted during the run: its measurements were 6.84% higher in the second half than in the first, so the machine did not hold still
    - candidate B drifted during the run: its measurements were 6.38% higher in the second half than in the first, so the machine did not hold still

build from empty to 185027 elements, per whole build (663737 operations):
  A: 2.754e+08 ns per operation (median)
  B: 4.029e+08 ns per operation (median)
  A needs 31.4% less time than B: B takes 1.46 times as long as A.
  With 95% confidence the difference lies between 30.2% and 32.5% less time (B takes between 1.43 and 1.48 times as long as A).
  Noise floor: 0.906%. Identical code measured against itself on this setup can look that different, so smaller differences mean nothing.
  Neighbouring measurements are nearly independent (autocorrelation +0.18), so they were resampled one by one.
  
  Verdict: RESOLVED. A is faster than B: the difference is real, as its interval excludes zero and it exceeds the noise floor.
  
  Warnings:
    - the program holds 184 MB of live data, more than the caches of many machines; for data that size, where it lies in memory can shift the result by several points in ways the interval does not cover, and differently in the next process; run the comparison in several processes with the multiproc package

== street natural n=65536 churn and build: ordered vs baseline
steady state, per insertion or deletion in a structure of 185027 elements (cycle of 483790 operations, first pass untimed):
  A: 505.3 ns per operation (median)
  B: 556.9 ns per operation (median)
  A needs 1.38% more time than B: B takes only 0.99 times as long as A.
  With 95% confidence the difference lies between 7.77% more time and 25.8% less time (B takes between 0.928 and 1.35 times as long as A).
  Noise floor: 8.24%. Identical code measured against itself on this setup can look that different, so smaller differences mean nothing.
  Neighbouring measurements are nearly independent (autocorrelation -0.18), so they were resampled one by one.
  
  Verdict: NOT RESOLVED. This run did not establish which candidate is faster. That is not the same as "equally fast": the warnings below say what is missing.
  
  Warnings:
    - the difference of -1.38% does not clear the 8.24% noise floor, which is what this setup reports between two runs of identical code
    - the interval [-7.77%, 25.83%] includes zero, so a difference in either direction is consistent with these measurements
    - the program holds 209 MB of live data, more than the caches of many machines; for data that size, where it lies in memory can shift the result by several points in ways the interval does not cover, and differently in the next process; run the comparison in several processes with the multiproc package

build from empty to 185027 elements, per whole build (663737 operations):
  A: 2.742e+08 ns per operation (median)
  B: 2.669e+08 ns per operation (median)
  A needs 4.05% more time than B: B takes only 0.96 times as long as A.
  With 95% confidence the difference lies between 1.84% and 6.79% more time (B takes between 0.936 and 0.98 times as long as A).
  Noise floor: 2.02%. Identical code measured against itself on this setup can look that different, so smaller differences mean nothing.
  Neighbouring measurements are nearly independent (autocorrelation +0.04), so they were resampled one by one.
  
  Verdict: RESOLVED. A is slower than B: the difference is real, as its interval excludes zero and it exceeds the noise floor.
  
  Warnings:
    - the program holds 184 MB of live data, more than the caches of many machines; for data that size, where it lies in memory can shift the result by several points in ways the interval does not cover, and differently in the next process; run the comparison in several processes with the multiproc package
    - in 50% of A/A runs this setup reported a difference between identical code, well above the 10% expected; treat any confidence from it with suspicion

checksum 8804489006830952465
== street natural n=65536 valuesFor: ordered vs btree-sets
A: 255.5 ns per operation (median)
B: 546 ns per operation (median)
A needs 55.6% less time than B: B takes 2.25 times as long as A.
With 95% confidence the difference lies between 51.3% and 57.7% less time (B takes between 2.05 and 2.36 times as long as A).
Noise floor: 2.75%. Identical code measured against itself on this setup can look that different, so smaller differences mean nothing.
Neighbouring measurements are nearly independent (autocorrelation -0.28), so they were resampled one by one.

Verdict: RESOLVED. A is faster than B: the difference is real, as its interval excludes zero and it exceeds the noise floor.

Warnings:
  - the program holds 195 MB of live data, more than the caches of many machines; for data that size, where it lies in memory can shift the result by several points in ways the interval does not cover, and differently in the next process; run the comparison in several processes with the multiproc package

== street natural n=65536 valuesFor: ordered vs baseline
A: 229.2 ns per operation (median)
B: 291.2 ns per operation (median)
A needs 23.6% less time than B: B takes 1.31 times as long as A.
With 95% confidence the difference lies between 19% and 25.7% less time (B takes between 1.24 and 1.35 times as long as A).
Noise floor: 3.21%. Identical code measured against itself on this setup can look that different, so smaller differences mean nothing.
Neighbouring measurements are nearly independent (autocorrelation +0.04), so they were resampled one by one.

Verdict: RESOLVED. A is faster than B: the difference is real, as its interval excludes zero and it exceeds the noise floor.

Warnings:
  - the program holds 173 MB of live data, more than the caches of many machines; for data that size, where it lies in memory can shift the result by several points in ways the interval does not cover, and differently in the next process; run the comparison in several processes with the multiproc package
  - candidate B drifted during the run: its measurements were 24.5% higher in the second half than in the first, so the machine did not hold still

== street natural n=65536 valuesBetween: ordered vs btree-sets
A: 7383 ns per operation (median)
B: 1.838e+04 ns per operation (median)
A needs 59.8% less time than B: B takes 2.49 times as long as A.
With 95% confidence the difference lies between 58.1% and 60.9% less time (B takes between 2.39 and 2.55 times as long as A).
Noise floor: 2.59%. Identical code measured against itself on this setup can look that different, so smaller differences mean nothing.
Neighbouring measurements are nearly independent (autocorrelation +0.02), so they were resampled one by one.

Verdict: RESOLVED. A is faster than B: the difference is real, as its interval excludes zero and it exceeds the noise floor.

Warnings:
  - the program holds 173 MB of live data, more than the caches of many machines; for data that size, where it lies in memory can shift the result by several points in ways the interval does not cover, and differently in the next process; run the comparison in several processes with the multiproc package

== street natural n=65536 valuesBetween: ordered vs baseline
A: 7144 ns per operation (median)
B: 8533 ns per operation (median)
A needs 18.2% less time than B: B takes 1.22 times as long as A.
With 95% confidence the difference lies between 16.1% and 21.4% less time (B takes between 1.19 and 1.27 times as long as A).
Noise floor: 1.72%. Identical code measured against itself on this setup can look that different, so smaller differences mean nothing.
Neighbouring measurements are nearly independent (autocorrelation -0.12), so they were resampled one by one.

Verdict: RESOLVED. A is faster than B: the difference is real, as its interval excludes zero and it exceeds the noise floor.

Warnings:
  - the program holds 174 MB of live data, more than the caches of many machines; for data that size, where it lies in memory can shift the result by several points in ways the interval does not cover, and differently in the next process; run the comparison in several processes with the multiproc package
  - candidate B drifted during the run: its measurements were 5.72% higher in the second half than in the first, so the machine did not hold still
  - in 50% of A/A runs this setup reported a difference between identical code, well above the 10% expected; treat any confidence from it with suspicion

== street natural n=65536 prefix: ordered vs btree-sets
A: 8771 ns per operation (median)
B: 2.19e+04 ns per operation (median)
A needs 58.8% less time than B: B takes 2.43 times as long as A.
With 95% confidence the difference lies between 57.8% and 61.3% less time (B takes between 2.37 and 2.58 times as long as A).
Noise floor: 3.61%. Identical code measured against itself on this setup can look that different, so smaller differences mean nothing.
Neighbouring measurements are nearly independent (autocorrelation +0.06), so they were resampled one by one.

Verdict: RESOLVED. A is faster than B: the difference is real, as its interval excludes zero and it exceeds the noise floor.

Warnings:
  - the program holds 173 MB of live data, more than the caches of many machines; for data that size, where it lies in memory can shift the result by several points in ways the interval does not cover, and differently in the next process; run the comparison in several processes with the multiproc package

== street natural n=65536 prefix: ordered vs baseline
A: 8088 ns per operation (median)
B: 1.004e+04 ns per operation (median)
A needs 19.7% less time than B: B takes 1.25 times as long as A.
With 95% confidence the difference lies between 18.4% and 23.2% less time (B takes between 1.23 and 1.30 times as long as A).
Noise floor: 4.88%. Identical code measured against itself on this setup can look that different, so smaller differences mean nothing.
Neighbouring measurements are nearly independent (autocorrelation +0.05), so they were resampled one by one.

Verdict: RESOLVED. A is faster than B: the difference is real, as its interval excludes zero and it exceeds the noise floor.

Warnings:
  - the program holds 174 MB of live data, more than the caches of many machines; for data that size, where it lies in memory can shift the result by several points in ways the interval does not cover, and differently in the next process; run the comparison in several processes with the multiproc package

== street natural n=65536 churn and build: ordered vs btree-sets
steady state, per insertion or deletion in a structure of 185027 elements (cycle of 483790 operations, first pass untimed):
  A: 576.8 ns per operation (median)
  B: 763.8 ns per operation (median)
  A needs 26.2% less time than B: B takes 1.36 times as long as A.
  With 95% confidence the difference lies between 23.5% and 27.2% less time (B takes between 1.31 and 1.37 times as long as A).
  Noise floor: 3.33%. Identical code measured against itself on this setup can look that different, so smaller differences mean nothing.
  Neighbouring measurements are correlated (autocorrelation +0.21), so they were resampled in blocks of 3.
  
  Verdict: RESOLVED. A is faster than B: the difference is real, as its interval excludes zero and it exceeds the noise floor.
  
  Warnings:
    - the program holds 225 MB of live data, more than the caches of many machines; for data that size, where it lies in memory can shift the result by several points in ways the interval does not cover, and differently in the next process; run the comparison in several processes with the multiproc package

build from empty to 185027 elements, per whole build (663737 operations):
  A: 2.61e+08 ns per operation (median)
  B: 3.891e+08 ns per operation (median)
  A needs 33% less time than B: B takes 1.49 times as long as A.
  With 95% confidence the difference lies between 30.6% and 35.1% less time (B takes between 1.44 and 1.54 times as long as A).
  Noise floor: 1.96%. Identical code measured against itself on this setup can look that different, so smaller differences mean nothing.
  Neighbouring measurements are nearly independent (autocorrelation +0.08), so they were resampled one by one.
  
  Verdict: RESOLVED. A is faster than B: the difference is real, as its interval excludes zero and it exceeds the noise floor.
  
  Warnings:
    - the program holds 183 MB of live data, more than the caches of many machines; for data that size, where it lies in memory can shift the result by several points in ways the interval does not cover, and differently in the next process; run the comparison in several processes with the multiproc package
    - candidate B drifted during the run: its measurements were 4.77% lower in the second half than in the first, so the machine did not hold still
    - in 50% of A/A runs this setup reported a difference between identical code, well above the 10% expected; treat any confidence from it with suspicion

== street natural n=65536 churn and build: ordered vs baseline
steady state, per insertion or deletion in a structure of 185027 elements (cycle of 483790 operations, first pass untimed):
  A: 449.6 ns per operation (median)
  B: 456.1 ns per operation (median)
  A needs 5.96% more time than B: B takes only 0.94 times as long as A.
  With 95% confidence the difference lies between 8.49% more time and 25.4% less time (B takes between 0.922 and 1.34 times as long as A).
  Noise floor: 13.2%. Identical code measured against itself on this setup can look that different, so smaller differences mean nothing.
  Neighbouring measurements are nearly independent (autocorrelation -0.18), so they were resampled one by one.
  
  Verdict: NOT RESOLVED. This run did not establish which candidate is faster. That is not the same as "equally fast": the warnings below say what is missing.
  
  Warnings:
    - the difference of -5.96% does not clear the 13.24% noise floor, which is what this setup reports between two runs of identical code
    - the interval [-8.49%, 25.40%] includes zero, so a difference in either direction is consistent with these measurements
    - the program holds 209 MB of live data, more than the caches of many machines; for data that size, where it lies in memory can shift the result by several points in ways the interval does not cover, and differently in the next process; run the comparison in several processes with the multiproc package

build from empty to 185027 elements, per whole build (663737 operations):
  A: 2.195e+08 ns per operation (median)
  B: 1.974e+08 ns per operation (median)
  A needs 11.3% more time than B: B takes only 0.90 times as long as A.
  With 95% confidence the difference lies between 7.95% and 12.3% more time (B takes between 0.89 and 0.93 times as long as A).
  Noise floor: 2.7%. Identical code measured against itself on this setup can look that different, so smaller differences mean nothing.
  Neighbouring measurements are correlated (autocorrelation +0.38), so they were resampled in blocks of 3.
  
  Verdict: RESOLVED. A is slower than B: the difference is real, as its interval excludes zero and it exceeds the noise floor.
  
  Warnings:
    - the program holds 183 MB of live data, more than the caches of many machines; for data that size, where it lies in memory can shift the result by several points in ways the interval does not cover, and differently in the next process; run the comparison in several processes with the multiproc package

checksum 6394833279273133883
== street natural n=65536 valuesFor: ordered vs btree-sets
A: 215.8 ns per operation (median)
B: 436.3 ns per operation (median)
A needs 51.2% less time than B: B takes 2.05 times as long as A.
With 95% confidence the difference lies between 48.6% and 52.8% less time (B takes between 1.95 and 2.12 times as long as A).
Noise floor: 3.57%. Identical code measured against itself on this setup can look that different, so smaller differences mean nothing.
Neighbouring measurements are nearly independent (autocorrelation -0.27), so they were resampled one by one.

Verdict: RESOLVED. A is faster than B: the difference is real, as its interval excludes zero and it exceeds the noise floor.

Warnings:
  - the program holds 180 MB of live data, more than the caches of many machines; for data that size, where it lies in memory can shift the result by several points in ways the interval does not cover, and differently in the next process; run the comparison in several processes with the multiproc package

== street natural n=65536 valuesFor: ordered vs baseline
A: 192.3 ns per operation (median)
B: 213.3 ns per operation (median)
A needs 11.1% less time than B: B takes 1.13 times as long as A.
With 95% confidence the difference lies between 6.2% and 12.2% less time (B takes between 1.07 and 1.14 times as long as A).
Noise floor: 1.84%. Identical code measured against itself on this setup can look that different, so smaller differences mean nothing.
Neighbouring measurements are nearly independent (autocorrelation -0.03), so they were resampled one by one.

Verdict: RESOLVED. A is faster than B: the difference is real, as its interval excludes zero and it exceeds the noise floor.

Warnings:
  - the program holds 174 MB of live data, more than the caches of many machines; for data that size, where it lies in memory can shift the result by several points in ways the interval does not cover, and differently in the next process; run the comparison in several processes with the multiproc package

== street natural n=65536 valuesBetween: ordered vs btree-sets
A: 6824 ns per operation (median)
B: 1.542e+04 ns per operation (median)
A needs 55.2% less time than B: B takes 2.23 times as long as A.
With 95% confidence the difference lies between 54.5% and 56.9% less time (B takes between 2.2 and 2.32 times as long as A).
Noise floor: 0.65%. Identical code measured against itself on this setup can look that different, so smaller differences mean nothing.
Neighbouring measurements are nearly independent (autocorrelation +0.04), so they were resampled one by one.

Verdict: RESOLVED. A is faster than B: the difference is real, as its interval excludes zero and it exceeds the noise floor.

Warnings:
  - the program holds 174 MB of live data, more than the caches of many machines; for data that size, where it lies in memory can shift the result by several points in ways the interval does not cover, and differently in the next process; run the comparison in several processes with the multiproc package

== street natural n=65536 valuesBetween: ordered vs baseline
A: 6534 ns per operation (median)
B: 7502 ns per operation (median)
A needs 11.9% less time than B: B takes 1.13 times as long as A.
With 95% confidence the difference lies between 10.7% and 14.2% less time (B takes between 1.12 and 1.17 times as long as A).
Noise floor: 1.8%. Identical code measured against itself on this setup can look that different, so smaller differences mean nothing.
Neighbouring measurements are nearly independent (autocorrelation +0.12), so they were resampled one by one.

Verdict: RESOLVED. A is faster than B: the difference is real, as its interval excludes zero and it exceeds the noise floor.

Warnings:
  - the program holds 175 MB of live data, more than the caches of many machines; for data that size, where it lies in memory can shift the result by several points in ways the interval does not cover, and differently in the next process; run the comparison in several processes with the multiproc package

== street natural n=65536 prefix: ordered vs btree-sets
A: 8206 ns per operation (median)
B: 1.774e+04 ns per operation (median)
A needs 54.9% less time than B: B takes 2.22 times as long as A.
With 95% confidence the difference lies between 54% and 55.6% less time (B takes between 2.17 and 2.25 times as long as A).
Noise floor: 6.05%. Identical code measured against itself on this setup can look that different, so smaller differences mean nothing.
Neighbouring measurements are nearly independent (autocorrelation +0.08), so they were resampled one by one.

Verdict: RESOLVED. A is faster than B: the difference is real, as its interval excludes zero and it exceeds the noise floor.

Warnings:
  - the program holds 173 MB of live data, more than the caches of many machines; for data that size, where it lies in memory can shift the result by several points in ways the interval does not cover, and differently in the next process; run the comparison in several processes with the multiproc package

== street natural n=65536 prefix: ordered vs baseline
A: 8177 ns per operation (median)
B: 9656 ns per operation (median)
A needs 15.1% less time than B: B takes 1.18 times as long as A.
With 95% confidence the difference lies between 14.6% and 16.9% less time (B takes between 1.17 and 1.20 times as long as A).
Noise floor: 3.28%. Identical code measured against itself on this setup can look that different, so smaller differences mean nothing.
Neighbouring measurements are nearly independent (autocorrelation +0.14), so they were resampled one by one.

Verdict: RESOLVED. A is faster than B: the difference is real, as its interval excludes zero and it exceeds the noise floor.

Warnings:
  - the program holds 175 MB of live data, more than the caches of many machines; for data that size, where it lies in memory can shift the result by several points in ways the interval does not cover, and differently in the next process; run the comparison in several processes with the multiproc package

== street natural n=65536 churn and build: ordered vs btree-sets
steady state, per insertion or deletion in a structure of 185027 elements (cycle of 483790 operations, first pass untimed):
  A: 382.7 ns per operation (median)
  B: 551.1 ns per operation (median)
  A needs 30.7% less time than B: B takes 1.44 times as long as A.
  With 95% confidence the difference lies between 26.6% and 32.4% less time (B takes between 1.36 and 1.48 times as long as A).
  Noise floor: 1.58%. Identical code measured against itself on this setup can look that different, so smaller differences mean nothing.
  Neighbouring measurements are correlated (autocorrelation +0.44), so they were resampled in blocks of 3.
  
  Verdict: RESOLVED. A is faster than B: the difference is real, as its interval excludes zero and it exceeds the noise floor.
  
  Warnings:
    - the program holds 225 MB of live data, more than the caches of many machines; for data that size, where it lies in memory can shift the result by several points in ways the interval does not cover, and differently in the next process; run the comparison in several processes with the multiproc package
    - candidate A drifted during the run: its measurements were 7.79% lower in the second half than in the first, so the machine did not hold still
    - the ratio B/A was 9.8% higher in the second half of the run than in the first, so the candidates had not reached a steady state and the difference depends on how long the run was; a common cause is a head start for whichever candidate ran alone last before the comparison or had its data built last, which a longer CollectOptions.WarmupDuration removes

build from empty to 185027 elements, per whole build (663737 operations):
  A: 2.17e+08 ns per operation (median)
  B: 3.173e+08 ns per operation (median)
  A needs 31.4% less time than B: B takes 1.46 times as long as A.
  With 95% confidence the difference lies between 31.2% and 32.4% less time (B takes between 1.45 and 1.48 times as long as A).
  Noise floor: 0.659%. Identical code measured against itself on this setup can look that different, so smaller differences mean nothing.
  Neighbouring measurements are nearly independent (autocorrelation +0.16), so they were resampled one by one.
  
  Verdict: RESOLVED. A is faster than B: the difference is real, as its interval excludes zero and it exceeds the noise floor.
  
  Warnings:
    - the program holds 184 MB of live data, more than the caches of many machines; for data that size, where it lies in memory can shift the result by several points in ways the interval does not cover, and differently in the next process; run the comparison in several processes with the multiproc package
    - in 50% of A/A runs this setup reported a difference between identical code, well above the 10% expected; treat any confidence from it with suspicion

== street natural n=65536 churn and build: ordered vs baseline
steady state, per insertion or deletion in a structure of 185027 elements (cycle of 483790 operations, first pass untimed):
  A: 378.8 ns per operation (median)
  B: 384.7 ns per operation (median)
  A needs 2.91% more time than B: B takes only 0.97 times as long as A.
  With 95% confidence the difference lies between 7.6% more time and 11.8% less time (B takes between 0.929 and 1.13 times as long as A).
  Noise floor: 9.37%. Identical code measured against itself on this setup can look that different, so smaller differences mean nothing.
  Neighbouring measurements are nearly independent (autocorrelation -0.40), so they were resampled one by one.
  
  Verdict: NOT RESOLVED. This run did not establish which candidate is faster. That is not the same as "equally fast": the warnings below say what is missing.
  
  Warnings:
    - the difference of -2.91% does not clear the 9.37% noise floor, which is what this setup reports between two runs of identical code
    - the interval [-7.60%, 11.77%] includes zero, so a difference in either direction is consistent with these measurements
    - the program holds 209 MB of live data, more than the caches of many machines; for data that size, where it lies in memory can shift the result by several points in ways the interval does not cover, and differently in the next process; run the comparison in several processes with the multiproc package
    - candidate A drifted during the run: its measurements were 12.1% lower in the second half than in the first, so the machine did not hold still
    - candidate B drifted during the run: its measurements were 11.7% lower in the second half than in the first, so the machine did not hold still

build from empty to 185027 elements, per whole build (663737 operations):
  A: 2.17e+08 ns per operation (median)
  B: 1.929e+08 ns per operation (median)
  A needs 12.3% more time than B: B takes only 0.89 times as long as A.
  With 95% confidence the difference lies between 12.1% and 12.8% more time (B takes between 0.887 and 0.89 times as long as A).
  Noise floor: 0.245%. Identical code measured against itself on this setup can look that different, so smaller differences mean nothing.
  Neighbouring measurements are nearly independent (autocorrelation -0.13), so they were resampled one by one.
  
  Verdict: RESOLVED. A is slower than B: the difference is real, as its interval excludes zero and it exceeds the noise floor.
  
  Warnings:
    - the program holds 184 MB of live data, more than the caches of many machines; for data that size, where it lies in memory can shift the result by several points in ways the interval does not cover, and differently in the next process; run the comparison in several processes with the multiproc package

checksum 16950625485885353048
== street natural n=65536 valuesFor: ordered vs btree-sets
A: 225 ns per operation (median)
B: 485.2 ns per operation (median)
A needs 53% less time than B: B takes 2.13 times as long as A.
With 95% confidence the difference lies between 52% and 55.6% less time (B takes between 2.09 and 2.25 times as long as A).
Noise floor: 1.92%. Identical code measured against itself on this setup can look that different, so smaller differences mean nothing.
Neighbouring measurements are nearly independent (autocorrelation +0.17), so they were resampled one by one.

Verdict: RESOLVED. A is faster than B: the difference is real, as its interval excludes zero and it exceeds the noise floor.

Warnings:
  - the program holds 173 MB of live data, more than the caches of many machines; for data that size, where it lies in memory can shift the result by several points in ways the interval does not cover, and differently in the next process; run the comparison in several processes with the multiproc package
  - candidate B drifted during the run: its measurements were 12.5% higher in the second half than in the first, so the machine did not hold still
  - the ratio B/A was 9.22% higher in the second half of the run than in the first, so the candidates had not reached a steady state and the difference depends on how long the run was; a common cause is a head start for whichever candidate ran alone last before the comparison or had its data built last, which a longer CollectOptions.WarmupDuration removes

== street natural n=65536 valuesFor: ordered vs baseline
A: 188 ns per operation (median)
B: 203.9 ns per operation (median)
A needs 9.31% less time than B: B takes 1.10 times as long as A.
With 95% confidence the difference lies between 4.14% and 12.9% less time (B takes between 1.04 and 1.15 times as long as A).
Noise floor: 2.16%. Identical code measured against itself on this setup can look that different, so smaller differences mean nothing.
Neighbouring measurements are nearly independent (autocorrelation -0.02), so they were resampled one by one.

Verdict: RESOLVED. A is faster than B: the difference is real, as its interval excludes zero and it exceeds the noise floor.

Warnings:
  - the program holds 173 MB of live data, more than the caches of many machines; for data that size, where it lies in memory can shift the result by several points in ways the interval does not cover, and differently in the next process; run the comparison in several processes with the multiproc package

== street natural n=65536 valuesBetween: ordered vs btree-sets
A: 6895 ns per operation (median)
B: 1.591e+04 ns per operation (median)
A needs 57.2% less time than B: B takes 2.34 times as long as A.
With 95% confidence the difference lies between 56.2% and 58.6% less time (B takes between 2.28 and 2.41 times as long as A).
Noise floor: 1.31%. Identical code measured against itself on this setup can look that different, so smaller differences mean nothing.
Neighbouring measurements are nearly independent (autocorrelation -0.05), so they were resampled one by one.

Verdict: RESOLVED. A is faster than B: the difference is real, as its interval excludes zero and it exceeds the noise floor.

Warnings:
  - the program holds 173 MB of live data, more than the caches of many machines; for data that size, where it lies in memory can shift the result by several points in ways the interval does not cover, and differently in the next process; run the comparison in several processes with the multiproc package

== street natural n=65536 valuesBetween: ordered vs baseline
A: 6591 ns per operation (median)
B: 7661 ns per operation (median)
A needs 12.8% less time than B: B takes 1.15 times as long as A.
With 95% confidence the difference lies between 11.6% and 13.2% less time (B takes between 1.13 and 1.15 times as long as A).
Noise floor: 2.01%. Identical code measured against itself on this setup can look that different, so smaller differences mean nothing.
Neighbouring measurements are correlated (autocorrelation +0.33), so they were resampled in blocks of 3.

Verdict: RESOLVED. A is faster than B: the difference is real, as its interval excludes zero and it exceeds the noise floor.

Warnings:
  - the program holds 175 MB of live data, more than the caches of many machines; for data that size, where it lies in memory can shift the result by several points in ways the interval does not cover, and differently in the next process; run the comparison in several processes with the multiproc package

== street natural n=65536 prefix: ordered vs btree-sets
A: 7894 ns per operation (median)
B: 1.771e+04 ns per operation (median)
A needs 54.4% less time than B: B takes 2.19 times as long as A.
With 95% confidence the difference lies between 53.8% and 55.6% less time (B takes between 2.17 and 2.25 times as long as A).
Noise floor: 1.92%. Identical code measured against itself on this setup can look that different, so smaller differences mean nothing.
Neighbouring measurements are nearly independent (autocorrelation +0.06), so they were resampled one by one.

Verdict: RESOLVED. A is faster than B: the difference is real, as its interval excludes zero and it exceeds the noise floor.

Warnings:
  - the program holds 173 MB of live data, more than the caches of many machines; for data that size, where it lies in memory can shift the result by several points in ways the interval does not cover, and differently in the next process; run the comparison in several processes with the multiproc package

== street natural n=65536 prefix: ordered vs baseline
A: 8089 ns per operation (median)
B: 9602 ns per operation (median)
A needs 15.8% less time than B: B takes 1.19 times as long as A.
With 95% confidence the difference lies between 14.4% and 17.7% less time (B takes between 1.17 and 1.22 times as long as A).
Noise floor: 2.43%. Identical code measured against itself on this setup can look that different, so smaller differences mean nothing.
Neighbouring measurements are nearly independent (autocorrelation +0.13), so they were resampled one by one.

Verdict: RESOLVED. A is faster than B: the difference is real, as its interval excludes zero and it exceeds the noise floor.

Warnings:
  - the program holds 175 MB of live data, more than the caches of many machines; for data that size, where it lies in memory can shift the result by several points in ways the interval does not cover, and differently in the next process; run the comparison in several processes with the multiproc package

== street natural n=65536 churn and build: ordered vs btree-sets
steady state, per insertion or deletion in a structure of 185027 elements (cycle of 483790 operations, first pass untimed):
  A: 380 ns per operation (median)
  B: 550 ns per operation (median)
  A needs 30.6% less time than B: B takes 1.44 times as long as A.
  With 95% confidence the difference lies between 26.4% and 32.9% less time (B takes between 1.36 and 1.49 times as long as A).
  Noise floor: 0.881%. Identical code measured against itself on this setup can look that different, so smaller differences mean nothing.
  Neighbouring measurements are correlated (autocorrelation +0.71), so they were resampled in blocks of 3.
  
  Verdict: RESOLVED. A is faster than B: the difference is real, as its interval excludes zero and it exceeds the noise floor.
  
  Warnings:
    - the program holds 219 MB of live data, more than the caches of many machines; for data that size, where it lies in memory can shift the result by several points in ways the interval does not cover, and differently in the next process; run the comparison in several processes with the multiproc package
    - candidate A drifted during the run: its measurements were 8.09% lower in the second half than in the first, so the machine did not hold still
    - the ratio B/A was 10.3% higher in the second half of the run than in the first, so the candidates had not reached a steady state and the difference depends on how long the run was; a common cause is a head start for whichever candidate ran alone last before the comparison or had its data built last, which a longer CollectOptions.WarmupDuration removes

build from empty to 185027 elements, per whole build (663737 operations):
  A: 2.172e+08 ns per operation (median)
  B: 3.104e+08 ns per operation (median)
  A needs 29.9% less time than B: B takes 1.43 times as long as A.
  With 95% confidence the difference lies between 29.4% and 30% less time (B takes between 1.42 and 1.43 times as long as A).
  Noise floor: 0.84%. Identical code measured against itself on this setup can look that different, so smaller differences mean nothing.
  Neighbouring measurements are correlated (autocorrelation +0.40), so they were resampled in blocks of 3.
  
  Verdict: RESOLVED. A is faster than B: the difference is real, as its interval excludes zero and it exceeds the noise floor.
  
  Warnings:
    - the program holds 184 MB of live data, more than the caches of many machines; for data that size, where it lies in memory can shift the result by several points in ways the interval does not cover, and differently in the next process; run the comparison in several processes with the multiproc package
    - in 50% of A/A runs this setup reported a difference between identical code, well above the 10% expected; treat any confidence from it with suspicion

== street natural n=65536 churn and build: ordered vs baseline
steady state, per insertion or deletion in a structure of 185027 elements (cycle of 483790 operations, first pass untimed):
  A: 368.2 ns per operation (median)
  B: 359.1 ns per operation (median)
  A needs 6.04% more time than B: B takes only 0.94 times as long as A.
  With 95% confidence the difference lies between 8.3% more time and 12.6% less time (B takes between 0.923 and 1.14 times as long as A).
  Noise floor: 7.33%. Identical code measured against itself on this setup can look that different, so smaller differences mean nothing.
  Neighbouring measurements are nearly independent (autocorrelation -0.37), so they were resampled one by one.
  
  Verdict: NOT RESOLVED. This run did not establish which candidate is faster. That is not the same as "equally fast": the warnings below say what is missing.
  
  Warnings:
    - the difference of -6.04% does not clear the 7.33% noise floor, which is what this setup reports between two runs of identical code
    - the interval [-8.30%, 12.58%] includes zero, so a difference in either direction is consistent with these measurements
    - the program holds 209 MB of live data, more than the caches of many machines; for data that size, where it lies in memory can shift the result by several points in ways the interval does not cover, and differently in the next process; run the comparison in several processes with the multiproc package

build from empty to 185027 elements, per whole build (663737 operations):
  A: 2.17e+08 ns per operation (median)
  B: 1.934e+08 ns per operation (median)
  A needs 12.4% more time than B: B takes only 0.89 times as long as A.
  With 95% confidence the difference lies between 12.1% and 12.7% more time (B takes between 0.887 and 0.89 times as long as A).
  Noise floor: 0.147%. Identical code measured against itself on this setup can look that different, so smaller differences mean nothing.
  Neighbouring measurements are nearly independent (autocorrelation +0.00), so they were resampled one by one.
  
  Verdict: RESOLVED. A is slower than B: the difference is real, as its interval excludes zero and it exceeds the noise floor.
  
  Warnings:
    - the program holds 184 MB of live data, more than the caches of many machines; for data that size, where it lies in memory can shift the result by several points in ways the interval does not cover, and differently in the next process; run the comparison in several processes with the multiproc package

checksum 6290865560465308176
== street natural n=65536 valuesFor: ordered vs btree-sets
A: 207.3 ns per operation (median)
B: 422.6 ns per operation (median)
A needs 51.2% less time than B: B takes 2.05 times as long as A.
With 95% confidence the difference lies between 47.8% and 53.1% less time (B takes between 1.92 and 2.13 times as long as A).
Noise floor: 1.59%. Identical code measured against itself on this setup can look that different, so smaller differences mean nothing.
Neighbouring measurements are nearly independent (autocorrelation -0.53), so they were resampled one by one.

Verdict: RESOLVED. A is faster than B: the difference is real, as its interval excludes zero and it exceeds the noise floor.

Warnings:
  - the program holds 169 MB of live data, more than the caches of many machines; for data that size, where it lies in memory can shift the result by several points in ways the interval does not cover, and differently in the next process; run the comparison in several processes with the multiproc package

== street natural n=65536 valuesFor: ordered vs baseline
A: 191 ns per operation (median)
B: 210.5 ns per operation (median)
A needs 10.1% less time than B: B takes 1.11 times as long as A.
With 95% confidence the difference lies between 5.43% and 12.7% less time (B takes between 1.06 and 1.15 times as long as A).
Noise floor: 2.37%. Identical code measured against itself on this setup can look that different, so smaller differences mean nothing.
Neighbouring measurements are nearly independent (autocorrelation +0.08), so they were resampled one by one.

Verdict: RESOLVED. A is faster than B: the difference is real, as its interval excludes zero and it exceeds the noise floor.

Warnings:
  - the program holds 174 MB of live data, more than the caches of many machines; for data that size, where it lies in memory can shift the result by several points in ways the interval does not cover, and differently in the next process; run the comparison in several processes with the multiproc package

== street natural n=65536 valuesBetween: ordered vs btree-sets
A: 6735 ns per operation (median)
B: 1.535e+04 ns per operation (median)
A needs 55.8% less time than B: B takes 2.26 times as long as A.
With 95% confidence the difference lies between 54.7% and 57.1% less time (B takes between 2.21 and 2.33 times as long as A).
Noise floor: 2.95%. Identical code measured against itself on this setup can look that different, so smaller differences mean nothing.
Neighbouring measurements are nearly independent (autocorrelation -0.01), so they were resampled one by one.

Verdict: RESOLVED. A is faster than B: the difference is real, as its interval excludes zero and it exceeds the noise floor.

Warnings:
  - the program holds 173 MB of live data, more than the caches of many machines; for data that size, where it lies in memory can shift the result by several points in ways the interval does not cover, and differently in the next process; run the comparison in several processes with the multiproc package
  - in 50% of A/A runs this setup reported a difference between identical code, well above the 10% expected; treat any confidence from it with suspicion

== street natural n=65536 valuesBetween: ordered vs baseline
A: 6900 ns per operation (median)
B: 8010 ns per operation (median)
A needs 14.4% less time than B: B takes 1.17 times as long as A.
With 95% confidence the difference lies between 11.7% and 16% less time (B takes between 1.13 and 1.19 times as long as A).
Noise floor: 0.584%. Identical code measured against itself on this setup can look that different, so smaller differences mean nothing.
Neighbouring measurements are nearly independent (autocorrelation +0.19), so they were resampled one by one.

Verdict: RESOLVED. A is faster than B: the difference is real, as its interval excludes zero and it exceeds the noise floor.

Warnings:
  - the program holds 175 MB of live data, more than the caches of many machines; for data that size, where it lies in memory can shift the result by several points in ways the interval does not cover, and differently in the next process; run the comparison in several processes with the multiproc package
  - candidate B drifted during the run: its measurements were 2.87% lower in the second half than in the first, so the machine did not hold still

== street natural n=65536 prefix: ordered vs btree-sets
A: 8086 ns per operation (median)
B: 1.796e+04 ns per operation (median)
A needs 54.8% less time than B: B takes 2.21 times as long as A.
With 95% confidence the difference lies between 53.9% and 55.2% less time (B takes between 2.17 and 2.23 times as long as A).
Noise floor: 5.62%. Identical code measured against itself on this setup can look that different, so smaller differences mean nothing.
Neighbouring measurements are nearly independent (autocorrelation +0.11), so they were resampled one by one.

Verdict: RESOLVED. A is faster than B: the difference is real, as its interval excludes zero and it exceeds the noise floor.

Warnings:
  - the program holds 174 MB of live data, more than the caches of many machines; for data that size, where it lies in memory can shift the result by several points in ways the interval does not cover, and differently in the next process; run the comparison in several processes with the multiproc package

== street natural n=65536 prefix: ordered vs baseline
A: 8920 ns per operation (median)
B: 1.055e+04 ns per operation (median)
A needs 15.8% less time than B: B takes 1.19 times as long as A.
With 95% confidence the difference lies between 15.1% and 19% less time (B takes between 1.18 and 1.23 times as long as A).
Noise floor: 2.3%. Identical code measured against itself on this setup can look that different, so smaller differences mean nothing.
Neighbouring measurements are correlated (autocorrelation +0.27), so they were resampled in blocks of 3.

Verdict: RESOLVED. A is faster than B: the difference is real, as its interval excludes zero and it exceeds the noise floor.

Warnings:
  - the program holds 175 MB of live data, more than the caches of many machines; for data that size, where it lies in memory can shift the result by several points in ways the interval does not cover, and differently in the next process; run the comparison in several processes with the multiproc package
  - candidate A drifted during the run: its measurements were 20.2% higher in the second half than in the first, so the machine did not hold still
  - candidate B drifted during the run: its measurements were 27.5% higher in the second half than in the first, so the machine did not hold still
  - the ratio B/A was 4.85% higher in the second half of the run than in the first, so the candidates had not reached a steady state and the difference depends on how long the run was; a common cause is a head start for whichever candidate ran alone last before the comparison or had its data built last, which a longer CollectOptions.WarmupDuration removes

== street natural n=65536 churn and build: ordered vs btree-sets
steady state, per insertion or deletion in a structure of 185027 elements (cycle of 483790 operations, first pass untimed):
  A: 405.6 ns per operation (median)
  B: 566.1 ns per operation (median)
  A needs 26.9% less time than B: B takes 1.37 times as long as A.
  With 95% confidence the difference lies between 25.7% and 28.2% less time (B takes between 1.35 and 1.39 times as long as A).
  Noise floor: 0.312%. Identical code measured against itself on this setup can look that different, so smaller differences mean nothing.
  Neighbouring measurements are correlated (autocorrelation +0.31), so they were resampled in blocks of 3.
  
  Verdict: RESOLVED. A is faster than B: the difference is real, as its interval excludes zero and it exceeds the noise floor.
  
  Warnings:
    - the program holds 226 MB of live data, more than the caches of many machines; for data that size, where it lies in memory can shift the result by several points in ways the interval does not cover, and differently in the next process; run the comparison in several processes with the multiproc package
    - the ratio B/A was 3.13% lower in the second half of the run than in the first, so the candidates had not reached a steady state and the difference depends on how long the run was; a common cause is a head start for whichever candidate ran alone last before the comparison or had its data built last, which a longer CollectOptions.WarmupDuration removes

build from empty to 185027 elements, per whole build (663737 operations):
  A: 2.256e+08 ns per operation (median)
  B: 3.194e+08 ns per operation (median)
  A needs 30.4% less time than B: B takes 1.44 times as long as A.
  With 95% confidence the difference lies between 29.5% and 31.1% less time (B takes between 1.42 and 1.45 times as long as A).
  Noise floor: 0.708%. Identical code measured against itself on this setup can look that different, so smaller differences mean nothing.
  Neighbouring measurements are nearly independent (autocorrelation +0.12), so they were resampled one by one.
  
  Verdict: RESOLVED. A is faster than B: the difference is real, as its interval excludes zero and it exceeds the noise floor.
  
  Warnings:
    - the program holds 184 MB of live data, more than the caches of many machines; for data that size, where it lies in memory can shift the result by several points in ways the interval does not cover, and differently in the next process; run the comparison in several processes with the multiproc package
    - candidate A drifted during the run: its measurements were 5.86% lower in the second half than in the first, so the machine did not hold still
    - candidate B drifted during the run: its measurements were 5.49% lower in the second half than in the first, so the machine did not hold still
    - in 100% of A/A runs this setup reported a difference between identical code, well above the 10% expected; treat any confidence from it with suspicion

== street natural n=65536 churn and build: ordered vs baseline
steady state, per insertion or deletion in a structure of 185027 elements (cycle of 483790 operations, first pass untimed):
  A: 365.3 ns per operation (median)
  B: 366.4 ns per operation (median)
  A needs 3.1% more time than B: B takes only 0.97 times as long as A.
  With 95% confidence the difference lies between 7.98% more time and 12.6% less time (B takes between 0.926 and 1.14 times as long as A).
  Noise floor: 7.42%. Identical code measured against itself on this setup can look that different, so smaller differences mean nothing.
  Neighbouring measurements are nearly independent (autocorrelation -0.40), so they were resampled one by one.
  
  Verdict: NOT RESOLVED. This run did not establish which candidate is faster. That is not the same as "equally fast": the warnings below say what is missing.
  
  Warnings:
    - the difference of -3.10% does not clear the 7.42% noise floor, which is what this setup reports between two runs of identical code
    - the interval [-7.98%, 12.56%] includes zero, so a difference in either direction is consistent with these measurements
    - the program holds 208 MB of live data, more than the caches of many machines; for data that size, where it lies in memory can shift the result by several points in ways the interval does not cover, and differently in the next process; run the comparison in several processes with the multiproc package

build from empty to 185027 elements, per whole build (663737 operations):
  A: 2.16e+08 ns per operation (median)
  B: 1.911e+08 ns per operation (median)
  A needs 13.1% more time than B: B takes only 0.88 times as long as A.
  With 95% confidence the difference lies between 12.7% and 13.8% more time (B takes between 0.879 and 0.89 times as long as A).
  Noise floor: 0.568%. Identical code measured against itself on this setup can look that different, so smaller differences mean nothing.
  Neighbouring measurements are nearly independent (autocorrelation -0.05), so they were resampled one by one.
  
  Verdict: RESOLVED. A is slower than B: the difference is real, as its interval excludes zero and it exceeds the noise floor.
  
  Warnings:
    - the program holds 184 MB of live data, more than the caches of many machines; for data that size, where it lies in memory can shift the result by several points in ways the interval does not cover, and differently in the next process; run the comparison in several processes with the multiproc package

checksum 7610577698901010638
== street natural n=65536 valuesFor: ordered vs btree-sets
A: 211.7 ns per operation (median)
B: 438.9 ns per operation (median)
A needs 52.1% less time than B: B takes 2.09 times as long as A.
With 95% confidence the difference lies between 49.8% and 54.1% less time (B takes between 1.99 and 2.18 times as long as A).
Noise floor: 1.85%. Identical code measured against itself on this setup can look that different, so smaller differences mean nothing.
Neighbouring measurements are nearly independent (autocorrelation -0.39), so they were resampled one by one.

Verdict: RESOLVED. A is faster than B: the difference is real, as its interval excludes zero and it exceeds the noise floor.

Warnings:
  - the program holds 168 MB of live data, more than the caches of many machines; for data that size, where it lies in memory can shift the result by several points in ways the interval does not cover, and differently in the next process; run the comparison in several processes with the multiproc package

== street natural n=65536 valuesFor: ordered vs baseline
A: 191.3 ns per operation (median)
B: 205.5 ns per operation (median)
A needs 8.27% less time than B: B takes 1.09 times as long as A.
With 95% confidence the difference lies between 3.37% and 10.5% less time (B takes between 1.03 and 1.12 times as long as A).
Noise floor: 2.53%. Identical code measured against itself on this setup can look that different, so smaller differences mean nothing.
Neighbouring measurements are nearly independent (autocorrelation +0.19), so they were resampled one by one.

Verdict: RESOLVED. A is faster than B: the difference is real, as its interval excludes zero and it exceeds the noise floor.

Warnings:
  - the program holds 173 MB of live data, more than the caches of many machines; for data that size, where it lies in memory can shift the result by several points in ways the interval does not cover, and differently in the next process; run the comparison in several processes with the multiproc package

== street natural n=65536 valuesBetween: ordered vs btree-sets
A: 7433 ns per operation (median)
B: 1.761e+04 ns per operation (median)
A needs 57.2% less time than B: B takes 2.34 times as long as A.
With 95% confidence the difference lies between 55.6% and 60.2% less time (B takes between 2.25 and 2.51 times as long as A).
Noise floor: 1.08%. Identical code measured against itself on this setup can look that different, so smaller differences mean nothing.
Neighbouring measurements are nearly independent (autocorrelation -0.22), so they were resampled one by one.

Verdict: RESOLVED. A is faster than B: the difference is real, as its interval excludes zero and it exceeds the noise floor.

Warnings:
  - the program holds 173 MB of live data, more than the caches of many machines; for data that size, where it lies in memory can shift the result by several points in ways the interval does not cover, and differently in the next process; run the comparison in several processes with the multiproc package

== street natural n=65536 valuesBetween: ordered vs baseline
A: 6600 ns per operation (median)
B: 7683 ns per operation (median)
A needs 12.7% less time than B: B takes 1.15 times as long as A.
With 95% confidence the difference lies between 11.2% and 15.1% less time (B takes between 1.13 and 1.18 times as long as A).
Noise floor: 1.06%. Identical code measured against itself on this setup can look that different, so smaller differences mean nothing.
Neighbouring measurements are correlated (autocorrelation +0.64), so they were resampled in blocks of 3.

Verdict: RESOLVED. A is faster than B: the difference is real, as its interval excludes zero and it exceeds the noise floor.

Warnings:
  - the program holds 175 MB of live data, more than the caches of many machines; for data that size, where it lies in memory can shift the result by several points in ways the interval does not cover, and differently in the next process; run the comparison in several processes with the multiproc package
  - candidate A drifted during the run: its measurements were 8.14% higher in the second half than in the first, so the machine did not hold still
  - candidate B drifted during the run: its measurements were 11.9% higher in the second half than in the first, so the machine did not hold still
  - in 50% of A/A runs this setup reported a difference between identical code, well above the 10% expected; treat any confidence from it with suspicion

== street natural n=65536 prefix: ordered vs btree-sets
A: 8458 ns per operation (median)
B: 1.771e+04 ns per operation (median)
A needs 53.1% less time than B: B takes 2.13 times as long as A.
With 95% confidence the difference lies between 52.4% and 53.7% less time (B takes between 2.1 and 2.16 times as long as A).
Noise floor: 2.68%. Identical code measured against itself on this setup can look that different, so smaller differences mean nothing.
Neighbouring measurements are nearly independent (autocorrelation +0.01), so they were resampled one by one.

Verdict: RESOLVED. A is faster than B: the difference is real, as its interval excludes zero and it exceeds the noise floor.

Warnings:
  - the program holds 175 MB of live data, more than the caches of many machines; for data that size, where it lies in memory can shift the result by several points in ways the interval does not cover, and differently in the next process; run the comparison in several processes with the multiproc package

== street natural n=65536 prefix: ordered vs baseline
A: 8146 ns per operation (median)
B: 9619 ns per operation (median)
A needs 15.3% less time than B: B takes 1.18 times as long as A.
With 95% confidence the difference lies between 13.5% and 16.9% less time (B takes between 1.16 and 1.20 times as long as A).
Noise floor: 2.4%. Identical code measured against itself on this setup can look that different, so smaller differences mean nothing.
Neighbouring measurements are nearly independent (autocorrelation +0.17), so they were resampled one by one.

Verdict: RESOLVED. A is faster than B: the difference is real, as its interval excludes zero and it exceeds the noise floor.

Warnings:
  - the program holds 175 MB of live data, more than the caches of many machines; for data that size, where it lies in memory can shift the result by several points in ways the interval does not cover, and differently in the next process; run the comparison in several processes with the multiproc package
  - candidate A drifted during the run: its measurements were 10.5% higher in the second half than in the first, so the machine did not hold still
  - candidate B drifted during the run: its measurements were 8.47% higher in the second half than in the first, so the machine did not hold still

== street natural n=65536 churn and build: ordered vs btree-sets
steady state, per insertion or deletion in a structure of 185027 elements (cycle of 483790 operations, first pass untimed):
  A: 374 ns per operation (median)
  B: 545.2 ns per operation (median)
  A needs 30.5% less time than B: B takes 1.44 times as long as A.
  With 95% confidence the difference lies between 27% and 33.2% less time (B takes between 1.37 and 1.50 times as long as A).
  Noise floor: 1.06%. Identical code measured against itself on this setup can look that different, so smaller differences mean nothing.
  Neighbouring measurements are correlated (autocorrelation +0.53), so they were resampled in blocks of 3.
  
  Verdict: RESOLVED. A is faster than B: the difference is real, as its interval excludes zero and it exceeds the noise floor.
  
  Warnings:
    - the program holds 213 MB of live data, more than the caches of many machines; for data that size, where it lies in memory can shift the result by several points in ways the interval does not cover, and differently in the next process; run the comparison in several processes with the multiproc package

build from empty to 185027 elements, per whole build (663737 operations):
  A: 2.173e+08 ns per operation (median)
  B: 3.122e+08 ns per operation (median)
  A needs 30.1% less time than B: B takes 1.43 times as long as A.
  With 95% confidence the difference lies between 30% and 31.5% less time (B takes between 1.43 and 1.46 times as long as A).
  Noise floor: 0.261%. Identical code measured against itself on this setup can look that different, so smaller differences mean nothing.
  Neighbouring measurements are nearly independent (autocorrelation +0.06), so they were resampled one by one.
  
  Verdict: RESOLVED. A is faster than B: the difference is real, as its interval excludes zero and it exceeds the noise floor.
  
  Warnings:
    - the program holds 184 MB of live data, more than the caches of many machines; for data that size, where it lies in memory can shift the result by several points in ways the interval does not cover, and differently in the next process; run the comparison in several processes with the multiproc package

== street natural n=65536 churn and build: ordered vs baseline
steady state, per insertion or deletion in a structure of 185027 elements (cycle of 483790 operations, first pass untimed):
  A: 373 ns per operation (median)
  B: 383.3 ns per operation (median)
  A needs 0.0915% more time than B: B takes only 1.00 times as long as A.
  With 95% confidence the difference lies between 2.97% more time and 15.8% less time (B takes between 0.971 and 1.19 times as long as A).
  Noise floor: 9.04%. Identical code measured against itself on this setup can look that different, so smaller differences mean nothing.
  Neighbouring measurements are nearly independent (autocorrelation -0.45), so they were resampled one by one.
  
  Verdict: NOT RESOLVED. This run did not establish which candidate is faster. That is not the same as "equally fast": the warnings below say what is missing.
  
  Warnings:
    - the difference of -0.09% does not clear the 9.04% noise floor, which is what this setup reports between two runs of identical code
    - the interval [-2.97%, 15.84%] includes zero, so a difference in either direction is consistent with these measurements
    - the program holds 209 MB of live data, more than the caches of many machines; for data that size, where it lies in memory can shift the result by several points in ways the interval does not cover, and differently in the next process; run the comparison in several processes with the multiproc package

build from empty to 185027 elements, per whole build (663737 operations):
  A: 2.176e+08 ns per operation (median)
  B: 1.941e+08 ns per operation (median)
  A needs 12% more time than B: B takes only 0.89 times as long as A.
  With 95% confidence the difference lies between 11.6% and 13.4% more time (B takes between 0.882 and 0.90 times as long as A).
  Noise floor: 0.329%. Identical code measured against itself on this setup can look that different, so smaller differences mean nothing.
  Neighbouring measurements are nearly independent (autocorrelation -0.09), so they were resampled one by one.
  
  Verdict: RESOLVED. A is slower than B: the difference is real, as its interval excludes zero and it exceeds the noise floor.
  
  Warnings:
    - the program holds 184 MB of live data, more than the caches of many machines; for data that size, where it lies in memory can shift the result by several points in ways the interval does not cover, and differently in the next process; run the comparison in several processes with the multiproc package

checksum 17721776148976579631
== street natural n=65536 valuesFor: ordered vs btree-sets
A: 209 ns per operation (median)
B: 422.3 ns per operation (median)
A needs 50% less time than B: B takes 2.00 times as long as A.
With 95% confidence the difference lies between 47.9% and 53.2% less time (B takes between 1.92 and 2.14 times as long as A).
Noise floor: 1.85%. Identical code measured against itself on this setup can look that different, so smaller differences mean nothing.
Neighbouring measurements are nearly independent (autocorrelation -0.57), so they were resampled one by one.

Verdict: RESOLVED. A is faster than B: the difference is real, as its interval excludes zero and it exceeds the noise floor.

Warnings:
  - the program holds 173 MB of live data, more than the caches of many machines; for data that size, where it lies in memory can shift the result by several points in ways the interval does not cover, and differently in the next process; run the comparison in several processes with the multiproc package

== street natural n=65536 valuesFor: ordered vs baseline
A: 197.5 ns per operation (median)
B: 221.1 ns per operation (median)
A needs 11.7% less time than B: B takes 1.13 times as long as A.
With 95% confidence the difference lies between 8.15% and 14% less time (B takes between 1.09 and 1.16 times as long as A).
Noise floor: 3.26%. Identical code measured against itself on this setup can look that different, so smaller differences mean nothing.
Neighbouring measurements are nearly independent (autocorrelation +0.18), so they were resampled one by one.

Verdict: RESOLVED. A is faster than B: the difference is real, as its interval excludes zero and it exceeds the noise floor.

Warnings:
  - the program holds 173 MB of live data, more than the caches of many machines; for data that size, where it lies in memory can shift the result by several points in ways the interval does not cover, and differently in the next process; run the comparison in several processes with the multiproc package

== street natural n=65536 valuesBetween: ordered vs btree-sets
A: 6769 ns per operation (median)
B: 1.532e+04 ns per operation (median)
A needs 55.8% less time than B: B takes 2.26 times as long as A.
With 95% confidence the difference lies between 54.9% and 56.8% less time (B takes between 2.22 and 2.31 times as long as A).
Noise floor: 1.75%. Identical code measured against itself on this setup can look that different, so smaller differences mean nothing.
Neighbouring measurements are nearly independent (autocorrelation -0.22), so they were resampled one by one.

Verdict: RESOLVED. A is faster than B: the difference is real, as its interval excludes zero and it exceeds the noise floor.

Warnings:
  - the program holds 173 MB of live data, more than the caches of many machines; for data that size, where it lies in memory can shift the result by several points in ways the interval does not cover, and differently in the next process; run the comparison in several processes with the multiproc package

== street natural n=65536 valuesBetween: ordered vs baseline
A: 6516 ns per operation (median)
B: 7498 ns per operation (median)
A needs 11.9% less time than B: B takes 1.13 times as long as A.
With 95% confidence the difference lies between 10.2% and 14.8% less time (B takes between 1.11 and 1.17 times as long as A).
Noise floor: 1.43%. Identical code measured against itself on this setup can look that different, so smaller differences mean nothing.
Neighbouring measurements are nearly independent (autocorrelation +0.20), so they were resampled one by one.

Verdict: RESOLVED. A is faster than B: the difference is real, as its interval excludes zero and it exceeds the noise floor.

Warnings:
  - the program holds 175 MB of live data, more than the caches of many machines; for data that size, where it lies in memory can shift the result by several points in ways the interval does not cover, and differently in the next process; run the comparison in several processes with the multiproc package
  - candidate A drifted during the run: its measurements were 2.42% lower in the second half than in the first, so the machine did not hold still

== street natural n=65536 prefix: ordered vs btree-sets
A: 7923 ns per operation (median)
B: 1.783e+04 ns per operation (median)
A needs 55.2% less time than B: B takes 2.23 times as long as A.
With 95% confidence the difference lies between 54.6% and 55.8% less time (B takes between 2.2 and 2.26 times as long as A).
Noise floor: 1.95%. Identical code measured against itself on this setup can look that different, so smaller differences mean nothing.
Neighbouring measurements are nearly independent (autocorrelation +0.06), so they were resampled one by one.

Verdict: RESOLVED. A is faster than B: the difference is real, as its interval excludes zero and it exceeds the noise floor.

Warnings:
  - the program holds 173 MB of live data, more than the caches of many machines; for data that size, where it lies in memory can shift the result by several points in ways the interval does not cover, and differently in the next process; run the comparison in several processes with the multiproc package

== street natural n=65536 prefix: ordered vs baseline
A: 8097 ns per operation (median)
B: 9711 ns per operation (median)
A needs 16.4% less time than B: B takes 1.20 times as long as A.
With 95% confidence the difference lies between 14.7% and 17.4% less time (B takes between 1.17 and 1.21 times as long as A).
Noise floor: 4.46%. Identical code measured against itself on this setup can look that different, so smaller differences mean nothing.
Neighbouring measurements are nearly independent (autocorrelation +0.11), so they were resampled one by one.

Verdict: RESOLVED. A is faster than B: the difference is real, as its interval excludes zero and it exceeds the noise floor.

Warnings:
  - the program holds 175 MB of live data, more than the caches of many machines; for data that size, where it lies in memory can shift the result by several points in ways the interval does not cover, and differently in the next process; run the comparison in several processes with the multiproc package

== street natural n=65536 churn and build: ordered vs btree-sets
steady state, per insertion or deletion in a structure of 185027 elements (cycle of 483790 operations, first pass untimed):
  A: 426 ns per operation (median)
  B: 584.2 ns per operation (median)
  A needs 28.5% less time than B: B takes 1.40 times as long as A.
  With 95% confidence the difference lies between 26% and 28.9% less time (B takes between 1.35 and 1.41 times as long as A).
  Noise floor: 1.67%. Identical code measured against itself on this setup can look that different, so smaller differences mean nothing.
  Neighbouring measurements are correlated (autocorrelation +0.52), so they were resampled in blocks of 3.
  
  Verdict: RESOLVED. A is faster than B: the difference is real, as its interval excludes zero and it exceeds the noise floor.
  
  Warnings:
    - the program holds 219 MB of live data, more than the caches of many machines; for data that size, where it lies in memory can shift the result by several points in ways the interval does not cover, and differently in the next process; run the comparison in several processes with the multiproc package
    - candidate A drifted during the run: its measurements were 8.47% lower in the second half than in the first, so the machine did not hold still
    - candidate B drifted during the run: its measurements were 8.38% lower in the second half than in the first, so the machine did not hold still

build from empty to 185027 elements, per whole build (663737 operations):
  A: 2.217e+08 ns per operation (median)
  B: 3.193e+08 ns per operation (median)
  A needs 31.2% less time than B: B takes 1.45 times as long as A.
  With 95% confidence the difference lies between 30.4% and 32.3% less time (B takes between 1.44 and 1.48 times as long as A).
  Noise floor: 0.486%. Identical code measured against itself on this setup can look that different, so smaller differences mean nothing.
  Neighbouring measurements are correlated (autocorrelation +0.30), so they were resampled in blocks of 3.
  
  Verdict: RESOLVED. A is faster than B: the difference is real, as its interval excludes zero and it exceeds the noise floor.
  
  Warnings:
    - the program holds 184 MB of live data, more than the caches of many machines; for data that size, where it lies in memory can shift the result by several points in ways the interval does not cover, and differently in the next process; run the comparison in several processes with the multiproc package

== street natural n=65536 churn and build: ordered vs baseline
steady state, per insertion or deletion in a structure of 185027 elements (cycle of 483790 operations, first pass untimed):
  A: 366.4 ns per operation (median)
  B: 357.5 ns per operation (median)
  A needs 5.61% more time than B: B takes only 0.95 times as long as A.
  With 95% confidence the difference lies between 8.59% more time and 11.8% less time (B takes between 0.921 and 1.13 times as long as A).
  Noise floor: 8.99%. Identical code measured against itself on this setup can look that different, so smaller differences mean nothing.
  Neighbouring measurements are nearly independent (autocorrelation -0.36), so they were resampled one by one.
  
  Verdict: NOT RESOLVED. This run did not establish which candidate is faster. That is not the same as "equally fast": the warnings below say what is missing.
  
  Warnings:
    - the difference of -5.61% does not clear the 8.99% noise floor, which is what this setup reports between two runs of identical code
    - the interval [-8.59%, 11.83%] includes zero, so a difference in either direction is consistent with these measurements
    - the program holds 208 MB of live data, more than the caches of many machines; for data that size, where it lies in memory can shift the result by several points in ways the interval does not cover, and differently in the next process; run the comparison in several processes with the multiproc package

build from empty to 185027 elements, per whole build (663737 operations):
  A: 2.231e+08 ns per operation (median)
  B: 1.978e+08 ns per operation (median)
  A needs 11.9% more time than B: B takes only 0.89 times as long as A.
  With 95% confidence the difference lies between 10.8% and 12.5% more time (B takes between 0.889 and 0.90 times as long as A).
  Noise floor: 0.242%. Identical code measured against itself on this setup can look that different, so smaller differences mean nothing.
  Neighbouring measurements are correlated (autocorrelation +0.20), so they were resampled in blocks of 3.
  
  Verdict: RESOLVED. A is slower than B: the difference is real, as its interval excludes zero and it exceeds the noise floor.
  
  Warnings:
    - the program holds 184 MB of live data, more than the caches of many machines; for data that size, where it lies in memory can shift the result by several points in ways the interval does not cover, and differently in the next process; run the comparison in several processes with the multiproc package
    - candidate B drifted during the run: its measurements were 3.94% lower in the second half than in the first, so the machine did not hold still

checksum 12785943105684717993
== street natural n=65536 valuesFor: ordered vs btree-sets
A: 211.5 ns per operation (median)
B: 433.8 ns per operation (median)
A needs 51.3% less time than B: B takes 2.05 times as long as A.
With 95% confidence the difference lies between 48.7% and 53.2% less time (B takes between 1.95 and 2.14 times as long as A).
Noise floor: 1.6%. Identical code measured against itself on this setup can look that different, so smaller differences mean nothing.
Neighbouring measurements are nearly independent (autocorrelation -0.47), so they were resampled one by one.

Verdict: RESOLVED. A is faster than B: the difference is real, as its interval excludes zero and it exceeds the noise floor.

Warnings:
  - the program holds 195 MB of live data, more than the caches of many machines; for data that size, where it lies in memory can shift the result by several points in ways the interval does not cover, and differently in the next process; run the comparison in several processes with the multiproc package

== street natural n=65536 valuesFor: ordered vs baseline
A: 190.8 ns per operation (median)
B: 217.2 ns per operation (median)
A needs 11.5% less time than B: B takes 1.13 times as long as A.
With 95% confidence the difference lies between 8.88% and 15% less time (B takes between 1.1 and 1.18 times as long as A).
Noise floor: 2.43%. Identical code measured against itself on this setup can look that different, so smaller differences mean nothing.
Neighbouring measurements are correlated (autocorrelation +0.53), so they were resampled in blocks of 3.

Verdict: RESOLVED. A is faster than B: the difference is real, as its interval excludes zero and it exceeds the noise floor.

Warnings:
  - the program holds 173 MB of live data, more than the caches of many machines; for data that size, where it lies in memory can shift the result by several points in ways the interval does not cover, and differently in the next process; run the comparison in several processes with the multiproc package
  - candidate A drifted during the run: its measurements were 4.7% lower in the second half than in the first, so the machine did not hold still
  - candidate B drifted during the run: its measurements were 7.73% lower in the second half than in the first, so the machine did not hold still
  - the ratio B/A was 4.33% lower in the second half of the run than in the first, so the candidates had not reached a steady state and the difference depends on how long the run was; a common cause is a head start for whichever candidate ran alone last before the comparison or had its data built last, which a longer CollectOptions.WarmupDuration removes

== street natural n=65536 valuesBetween: ordered vs btree-sets
A: 6712 ns per operation (median)
B: 1.526e+04 ns per operation (median)
A needs 55.9% less time than B: B takes 2.27 times as long as A.
With 95% confidence the difference lies between 55% and 57% less time (B takes between 2.22 and 2.32 times as long as A).
Noise floor: 1.17%. Identical code measured against itself on this setup can look that different, so smaller differences mean nothing.
Neighbouring measurements are nearly independent (autocorrelation -0.04), so they were resampled one by one.

Verdict: RESOLVED. A is faster than B: the difference is real, as its interval excludes zero and it exceeds the noise floor.

Warnings:
  - the program holds 173 MB of live data, more than the caches of many machines; for data that size, where it lies in memory can shift the result by several points in ways the interval does not cover, and differently in the next process; run the comparison in several processes with the multiproc package

== street natural n=65536 valuesBetween: ordered vs baseline
A: 6578 ns per operation (median)
B: 7414 ns per operation (median)
A needs 12.1% less time than B: B takes 1.14 times as long as A.
With 95% confidence the difference lies between 9.37% and 13.6% less time (B takes between 1.1 and 1.16 times as long as A).
Noise floor: 0.901%. Identical code measured against itself on this setup can look that different, so smaller differences mean nothing.
Neighbouring measurements are nearly independent (autocorrelation -0.20), so they were resampled one by one.

Verdict: RESOLVED. A is faster than B: the difference is real, as its interval excludes zero and it exceeds the noise floor.

Warnings:
  - the program holds 174 MB of live data, more than the caches of many machines; for data that size, where it lies in memory can shift the result by several points in ways the interval does not cover, and differently in the next process; run the comparison in several processes with the multiproc package

== street natural n=65536 prefix: ordered vs btree-sets
A: 7993 ns per operation (median)
B: 1.772e+04 ns per operation (median)
A needs 55.2% less time than B: B takes 2.23 times as long as A.
With 95% confidence the difference lies between 54% and 56.1% less time (B takes between 2.17 and 2.28 times as long as A).
Noise floor: 2.87%. Identical code measured against itself on this setup can look that different, so smaller differences mean nothing.
Neighbouring measurements are nearly independent (autocorrelation +0.09), so they were resampled one by one.

Verdict: RESOLVED. A is faster than B: the difference is real, as its interval excludes zero and it exceeds the noise floor.

Warnings:
  - the program holds 173 MB of live data, more than the caches of many machines; for data that size, where it lies in memory can shift the result by several points in ways the interval does not cover, and differently in the next process; run the comparison in several processes with the multiproc package

== street natural n=65536 prefix: ordered vs baseline
A: 7976 ns per operation (median)
B: 9586 ns per operation (median)
A needs 15.4% less time than B: B takes 1.18 times as long as A.
With 95% confidence the difference lies between 14.6% and 16.3% less time (B takes between 1.17 and 1.20 times as long as A).
Noise floor: 2.36%. Identical code measured against itself on this setup can look that different, so smaller differences mean nothing.
Neighbouring measurements are nearly independent (autocorrelation +0.14), so they were resampled one by one.

Verdict: RESOLVED. A is faster than B: the difference is real, as its interval excludes zero and it exceeds the noise floor.

Warnings:
  - the program holds 175 MB of live data, more than the caches of many machines; for data that size, where it lies in memory can shift the result by several points in ways the interval does not cover, and differently in the next process; run the comparison in several processes with the multiproc package
  - candidate A drifted during the run: its measurements were 6.43% higher in the second half than in the first, so the machine did not hold still
  - candidate B drifted during the run: its measurements were 4.98% higher in the second half than in the first, so the machine did not hold still

== street natural n=65536 churn and build: ordered vs btree-sets
steady state, per insertion or deletion in a structure of 185027 elements (cycle of 483790 operations, first pass untimed):
  A: 390.7 ns per operation (median)
  B: 555 ns per operation (median)
  A needs 30.2% less time than B: B takes 1.43 times as long as A.
  With 95% confidence the difference lies between 26.7% and 32.8% less time (B takes between 1.36 and 1.49 times as long as A).
  Noise floor: 1.35%. Identical code measured against itself on this setup can look that different, so smaller differences mean nothing.
  Neighbouring measurements are correlated (autocorrelation +0.38), so they were resampled in blocks of 3.
  
  Verdict: RESOLVED. A is faster than B: the difference is real, as its interval excludes zero and it exceeds the noise floor.
  
  Warnings:
    - the program holds 224 MB of live data, more than the caches of many machines; for data that size, where it lies in memory can shift the result by several points in ways the interval does not cover, and differently in the next process; run the comparison in several processes with the multiproc package
    - the ratio B/A was 4.26% higher in the second half of the run than in the first, so the candidates had not reached a steady state and the difference depends on how long the run was; a common cause is a head start for whichever candidate ran alone last before the comparison or had its data built last, which a longer CollectOptions.WarmupDuration removes

build from empty to 185027 elements, per whole build (663737 operations):
  A: 2.164e+08 ns per operation (median)
  B: 3.111e+08 ns per operation (median)
  A needs 30.3% less time than B: B takes 1.44 times as long as A.
  With 95% confidence the difference lies between 30.1% and 30.9% less time (B takes between 1.43 and 1.45 times as long as A).
  Noise floor: 0.342%. Identical code measured against itself on this setup can look that different, so smaller differences mean nothing.
  Neighbouring measurements are nearly independent (autocorrelation +0.09), so they were resampled one by one.
  
  Verdict: RESOLVED. A is faster than B: the difference is real, as its interval excludes zero and it exceeds the noise floor.
  
  Warnings:
    - the program holds 183 MB of live data, more than the caches of many machines; for data that size, where it lies in memory can shift the result by several points in ways the interval does not cover, and differently in the next process; run the comparison in several processes with the multiproc package
    - candidate A drifted during the run: its measurements were 0.614% lower in the second half than in the first, so the machine did not hold still
    - the ratio B/A was 0.477% higher in the second half of the run than in the first, so the candidates had not reached a steady state and the difference depends on how long the run was; a common cause is a head start for whichever candidate ran alone last before the comparison or had its data built last, which a longer CollectOptions.WarmupDuration removes

== street natural n=65536 churn and build: ordered vs baseline
steady state, per insertion or deletion in a structure of 185027 elements (cycle of 483790 operations, first pass untimed):
  A: 367 ns per operation (median)
  B: 350.9 ns per operation (median)
  A needs 8.12% more time than B: B takes only 0.92 times as long as A.
  With 95% confidence the difference lies between 8.87% more time and 12.7% less time (B takes between 0.919 and 1.15 times as long as A).
  Noise floor: 6.3%. Identical code measured against itself on this setup can look that different, so smaller differences mean nothing.
  Neighbouring measurements are nearly independent (autocorrelation -0.36), so they were resampled one by one.
  
  Verdict: NOT RESOLVED. This run did not establish which candidate is faster. That is not the same as "equally fast": the warnings below say what is missing.
  
  Warnings:
    - the interval [-8.87%, 12.68%] includes zero, so a difference in either direction is consistent with these measurements
    - the program holds 209 MB of live data, more than the caches of many machines; for data that size, where it lies in memory can shift the result by several points in ways the interval does not cover, and differently in the next process; run the comparison in several processes with the multiproc package

build from empty to 185027 elements, per whole build (663737 operations):
  A: 2.166e+08 ns per operation (median)
  B: 1.916e+08 ns per operation (median)
  A needs 12.6% more time than B: B takes only 0.89 times as long as A.
  With 95% confidence the difference lies between 12% and 13.1% more time (B takes between 0.884 and 0.89 times as long as A).
  Noise floor: 0.279%. Identical code measured against itself on this setup can look that different, so smaller differences mean nothing.
  Neighbouring measurements are nearly independent (autocorrelation -0.07), so they were resampled one by one.
  
  Verdict: RESOLVED. A is slower than B: the difference is real, as its interval excludes zero and it exceeds the noise floor.
  
  Warnings:
    - the program holds 183 MB of live data, more than the caches of many machines; for data that size, where it lies in memory can shift the result by several points in ways the interval does not cover, and differently in the next process; run the comparison in several processes with the multiproc package

checksum 4659160576550194204
