== street natural n=16384 valuesFor: ordered vs btree-sets
A: 159.3 ns per operation (median)
B: 249 ns per operation (median)
A needs 35.8% less time than B: B takes 1.56 times as long as A.
With 95% confidence the difference lies between 34.8% and 37.7% less time (B takes between 1.53 and 1.60 times as long as A).
Noise floor: 0.411%. Identical code measured against itself on this setup can look that different, so smaller differences mean nothing.
Neighbouring measurements are nearly independent (autocorrelation -0.24), so they were resampled one by one.

Verdict: RESOLVED. A is faster than B: the difference is real, as its interval excludes zero and it exceeds the noise floor.

Warnings:
  - the program holds 89 MB of live data, more than the caches of many machines; for data that size, where it lies in memory can shift the result by several points in ways the interval does not cover, and differently in the next process; run the comparison in several processes with the multiproc package

== street natural n=16384 valuesFor: ordered vs baseline
A: 150.7 ns per operation (median)
B: 131.8 ns per operation (median)
A needs 14.5% more time than B: B takes only 0.87 times as long as A.
With 95% confidence the difference lies between 13.6% and 15.3% more time (B takes between 0.867 and 0.88 times as long as A).
Noise floor: 1.04%. Identical code measured against itself on this setup can look that different, so smaller differences mean nothing.
Neighbouring measurements are nearly independent (autocorrelation +0.16), so they were resampled one by one.

Verdict: RESOLVED. A is slower than B: the difference is real, as its interval excludes zero and it exceeds the noise floor.

Warnings:
  - the program holds 89 MB of live data, more than the caches of many machines; for data that size, where it lies in memory can shift the result by several points in ways the interval does not cover, and differently in the next process; run the comparison in several processes with the multiproc package
  - candidate A drifted during the run: its measurements were 1.13% higher in the second half than in the first, so the machine did not hold still
  - in 50% of A/A runs this setup reported a difference between identical code, well above the 10% expected; treat any confidence from it with suspicion

== street natural n=16384 valuesBetween: ordered vs btree-sets
A: 6130 ns per operation (median)
B: 1.011e+04 ns per operation (median)
A needs 38.4% less time than B: B takes 1.62 times as long as A.
With 95% confidence the difference lies between 37.2% and 40% less time (B takes between 1.59 and 1.67 times as long as A).
Noise floor: 1.47%. Identical code measured against itself on this setup can look that different, so smaller differences mean nothing.
Neighbouring measurements are nearly independent (autocorrelation +0.15), so they were resampled one by one.

Verdict: RESOLVED. A is faster than B: the difference is real, as its interval excludes zero and it exceeds the noise floor.

Warnings:
  - the program holds 89 MB of live data, more than the caches of many machines; for data that size, where it lies in memory can shift the result by several points in ways the interval does not cover, and differently in the next process; run the comparison in several processes with the multiproc package

== street natural n=16384 valuesBetween: ordered vs baseline
A: 6108 ns per operation (median)
B: 6437 ns per operation (median)
A needs 5.37% less time than B: B takes 1.06 times as long as A.
With 95% confidence the difference lies between 4.64% and 6.75% less time (B takes between 1.05 and 1.07 times as long as A).
Noise floor: 1.42%. Identical code measured against itself on this setup can look that different, so smaller differences mean nothing.
Neighbouring measurements are nearly independent (autocorrelation +0.07), so they were resampled one by one.

Verdict: RESOLVED. A is faster than B: the difference is real, as its interval excludes zero and it exceeds the noise floor.

Warnings:
  - the program holds 90 MB of live data, more than the caches of many machines; for data that size, where it lies in memory can shift the result by several points in ways the interval does not cover, and differently in the next process; run the comparison in several processes with the multiproc package

== street natural n=16384 prefix: ordered vs btree-sets
A: 2245 ns per operation (median)
B: 3834 ns per operation (median)
A needs 43.4% less time than B: B takes 1.77 times as long as A.
With 95% confidence the difference lies between 39.6% and 47.7% less time (B takes between 1.66 and 1.91 times as long as A).
Noise floor: 3.35%. Identical code measured against itself on this setup can look that different, so smaller differences mean nothing.
Neighbouring measurements are nearly independent (autocorrelation -0.03), so they were resampled one by one.

Verdict: RESOLVED. A is faster than B: the difference is real, as its interval excludes zero and it exceeds the noise floor.

Warnings:
  - the program holds 89 MB of live data, more than the caches of many machines; for data that size, where it lies in memory can shift the result by several points in ways the interval does not cover, and differently in the next process; run the comparison in several processes with the multiproc package
  - candidate B drifted during the run: its measurements were 6.85% higher in the second half than in the first, so the machine did not hold still
  - the ratio B/A was 11.4% higher in the second half of the run than in the first, so the candidates had not reached a steady state and the difference depends on how long the run was; a common cause is a head start for whichever candidate ran alone last before the comparison or had its data built last, which a longer CollectOptions.WarmupDuration removes
  - in 50% of A/A runs this setup reported a difference between identical code, well above the 10% expected; treat any confidence from it with suspicion

== street natural n=16384 prefix: ordered vs baseline
A: 2156 ns per operation (median)
B: 2225 ns per operation (median)
A needs 3.85% less time than B: B takes 1.04 times as long as A.
With 95% confidence the difference lies between 1.83% and 8.42% less time (B takes between 1.02 and 1.09 times as long as A).
Noise floor: 5.76%. Identical code measured against itself on this setup can look that different, so smaller differences mean nothing.
Neighbouring measurements are correlated (autocorrelation +0.22), so they were resampled in blocks of 3.

Verdict: NOT RESOLVED. This run did not establish which candidate is faster. That is not the same as "equally fast": the warnings below say what is missing.

Warnings:
  - the difference of 3.85% does not clear the 5.76% noise floor, which is what this setup reports between two runs of identical code
  - the program holds 90 MB of live data, more than the caches of many machines; for data that size, where it lies in memory can shift the result by several points in ways the interval does not cover, and differently in the next process; run the comparison in several processes with the multiproc package
  - in 50% of A/A runs this setup reported a difference between identical code, well above the 10% expected; treat any confidence from it with suspicion

== street natural n=16384 churn and build: ordered vs btree-sets
steady state, per insertion or deletion in a structure of 42299 elements (cycle of 111004 operations, first pass untimed):
  A: 255 ns per operation (median)
  B: 330.1 ns per operation (median)
  A needs 23.1% less time than B: B takes 1.30 times as long as A.
  With 95% confidence the difference lies between 21.9% and 24.1% less time (B takes between 1.28 and 1.32 times as long as A).
  Noise floor: 2.09%. Identical code measured against itself on this setup can look that different, so smaller differences mean nothing.
  Neighbouring measurements are correlated (autocorrelation +0.21), so they were resampled in blocks of 3.
  
  Verdict: RESOLVED. A is faster than B: the difference is real, as its interval excludes zero and it exceeds the noise floor.
  
  Warnings:
    - the program holds 101 MB of live data, more than the caches of many machines; for data that size, where it lies in memory can shift the result by several points in ways the interval does not cover, and differently in the next process; run the comparison in several processes with the multiproc package
    - candidate A drifted during the run: its measurements were 5.03% higher in the second half than in the first, so the machine did not hold still
    - candidate B drifted during the run: its measurements were 4.25% higher in the second half than in the first, so the machine did not hold still

build from empty to 42299 elements, per whole build (151987 operations):
  A: 3.84e+07 ns per operation (median)
  B: 5.03e+07 ns per operation (median)
  A needs 23.6% less time than B: B takes 1.31 times as long as A.
  With 95% confidence the difference lies between 23.4% and 23.7% less time (B takes between 1.31 and 1.31 times as long as A).
  Noise floor: 0.294%. Identical code measured against itself on this setup can look that different, so smaller differences mean nothing.
  Neighbouring measurements are nearly independent (autocorrelation +0.08), so they were resampled one by one.
  
  Verdict: RESOLVED. A is faster than B: the difference is real, as its interval excludes zero and it exceeds the noise floor.
  
  Warnings:
    - the program holds 91 MB of live data, more than the caches of many machines; for data that size, where it lies in memory can shift the result by several points in ways the interval does not cover, and differently in the next process; run the comparison in several processes with the multiproc package

== street natural n=16384 churn and build: ordered vs baseline
steady state, per insertion or deletion in a structure of 42299 elements (cycle of 111004 operations, first pass untimed):
  A: 280 ns per operation (median)
  B: 245.5 ns per operation (median)
  A needs 10.5% more time than B: B takes only 0.90 times as long as A.
  With 95% confidence the difference lies between 6.72% and 16% more time (B takes between 0.862 and 0.94 times as long as A).
  Noise floor: 0.711%. Identical code measured against itself on this setup can look that different, so smaller differences mean nothing.
  Neighbouring measurements are correlated (autocorrelation +0.44), so they were resampled in blocks of 3.
  
  Verdict: RESOLVED. A is slower than B: the difference is real, as its interval excludes zero and it exceeds the noise floor.
  
  Warnings:
    - the program holds 98 MB of live data, more than the caches of many machines; for data that size, where it lies in memory can shift the result by several points in ways the interval does not cover, and differently in the next process; run the comparison in several processes with the multiproc package
    - candidate B drifted during the run: its measurements were 5.51% lower in the second half than in the first, so the machine did not hold still
    - the ratio B/A was 7.51% lower in the second half of the run than in the first, so the candidates had not reached a steady state and the difference depends on how long the run was; a common cause is a head start for whichever candidate ran alone last before the comparison or had its data built last, which a longer CollectOptions.WarmupDuration removes

build from empty to 42299 elements, per whole build (151987 operations):
  A: 3.827e+07 ns per operation (median)
  B: 2.845e+07 ns per operation (median)
  A needs 34.7% more time than B: B takes only 0.74 times as long as A.
  With 95% confidence the difference lies between 33.9% and 35.5% more time (B takes between 0.738 and 0.75 times as long as A).
  Noise floor: 0.287%. Identical code measured against itself on this setup can look that different, so smaller differences mean nothing.
  Neighbouring measurements are nearly independent (autocorrelation +0.01), so they were resampled one by one.
  
  Verdict: RESOLVED. A is slower than B: the difference is real, as its interval excludes zero and it exceeds the noise floor.
  
  Warnings:
    - the program holds 91 MB of live data, more than the caches of many machines; for data that size, where it lies in memory can shift the result by several points in ways the interval does not cover, and differently in the next process; run the comparison in several processes with the multiproc package

checksum 13438815895487758569
== street natural n=16384 valuesFor: ordered vs btree-sets
A: 152.4 ns per operation (median)
B: 242.9 ns per operation (median)
A needs 37.6% less time than B: B takes 1.60 times as long as A.
With 95% confidence the difference lies between 36.9% and 38.3% less time (B takes between 1.59 and 1.62 times as long as A).
Noise floor: 2.54%. Identical code measured against itself on this setup can look that different, so smaller differences mean nothing.
Neighbouring measurements are correlated (autocorrelation +0.62), so they were resampled in blocks of 3.

Verdict: RESOLVED. A is faster than B: the difference is real, as its interval excludes zero and it exceeds the noise floor.

Warnings:
  - the program holds 89 MB of live data, more than the caches of many machines; for data that size, where it lies in memory can shift the result by several points in ways the interval does not cover, and differently in the next process; run the comparison in several processes with the multiproc package
  - in 50% of A/A runs this setup reported a difference between identical code, well above the 10% expected; treat any confidence from it with suspicion

== street natural n=16384 valuesFor: ordered vs baseline
A: 149 ns per operation (median)
B: 131.7 ns per operation (median)
A needs 13.4% more time than B: B takes only 0.88 times as long as A.
With 95% confidence the difference lies between 12.5% and 14.2% more time (B takes between 0.875 and 0.89 times as long as A).
Noise floor: 0.648%. Identical code measured against itself on this setup can look that different, so smaller differences mean nothing.
Neighbouring measurements are correlated (autocorrelation +0.57), so they were resampled in blocks of 3.

Verdict: RESOLVED. A is slower than B: the difference is real, as its interval excludes zero and it exceeds the noise floor.

Warnings:
  - the program holds 89 MB of live data, more than the caches of many machines; for data that size, where it lies in memory can shift the result by several points in ways the interval does not cover, and differently in the next process; run the comparison in several processes with the multiproc package
  - 5.8% of bootstrap replicates tied, so the measurement is coarse relative to the question; lower CollectOptions.MaxQuantizationError to lengthen the batches

== street natural n=16384 valuesBetween: ordered vs btree-sets
A: 6320 ns per operation (median)
B: 1.055e+04 ns per operation (median)
A needs 41.8% less time than B: B takes 1.72 times as long as A.
With 95% confidence the difference lies between 38.3% and 43.8% less time (B takes between 1.62 and 1.78 times as long as A).
Noise floor: 0.68%. Identical code measured against itself on this setup can look that different, so smaller differences mean nothing.
Neighbouring measurements are nearly independent (autocorrelation -0.11), so they were resampled one by one.

Verdict: RESOLVED. A is faster than B: the difference is real, as its interval excludes zero and it exceeds the noise floor.

Warnings:
  - the program holds 89 MB of live data, more than the caches of many machines; for data that size, where it lies in memory can shift the result by several points in ways the interval does not cover, and differently in the next process; run the comparison in several processes with the multiproc package
  - candidate A drifted during the run: its measurements were 5.33% higher in the second half than in the first, so the machine did not hold still
  - candidate B drifted during the run: its measurements were 25.1% higher in the second half than in the first, so the machine did not hold still
  - the ratio B/A was 15.5% higher in the second half of the run than in the first, so the candidates had not reached a steady state and the difference depends on how long the run was; a common cause is a head start for whichever candidate ran alone last before the comparison or had its data built last, which a longer CollectOptions.WarmupDuration removes

== street natural n=16384 valuesBetween: ordered vs baseline
A: 6113 ns per operation (median)
B: 6462 ns per operation (median)
A needs 5.97% less time than B: B takes 1.06 times as long as A.
With 95% confidence the difference lies between 4.3% and 7.4% less time (B takes between 1.04 and 1.08 times as long as A).
Noise floor: 1.59%. Identical code measured against itself on this setup can look that different, so smaller differences mean nothing.
Neighbouring measurements are nearly independent (autocorrelation +0.18), so they were resampled one by one.

Verdict: RESOLVED. A is faster than B: the difference is real, as its interval excludes zero and it exceeds the noise floor.

Warnings:
  - the program holds 90 MB of live data, more than the caches of many machines; for data that size, where it lies in memory can shift the result by several points in ways the interval does not cover, and differently in the next process; run the comparison in several processes with the multiproc package

== street natural n=16384 prefix: ordered vs btree-sets
A: 2208 ns per operation (median)
B: 3773 ns per operation (median)
A needs 43.6% less time than B: B takes 1.77 times as long as A.
With 95% confidence the difference lies between 42% and 46.2% less time (B takes between 1.73 and 1.86 times as long as A).
Noise floor: 4%. Identical code measured against itself on this setup can look that different, so smaller differences mean nothing.
Neighbouring measurements are nearly independent (autocorrelation -0.00), so they were resampled one by one.

Verdict: RESOLVED. A is faster than B: the difference is real, as its interval excludes zero and it exceeds the noise floor.

Warnings:
  - the program holds 89 MB of live data, more than the caches of many machines; for data that size, where it lies in memory can shift the result by several points in ways the interval does not cover, and differently in the next process; run the comparison in several processes with the multiproc package

== street natural n=16384 prefix: ordered vs baseline
A: 2134 ns per operation (median)
B: 2220 ns per operation (median)
A needs 5.67% less time than B: B takes 1.06 times as long as A.
With 95% confidence the difference lies between 3.14% and 8.54% less time (B takes between 1.03 and 1.09 times as long as A).
Noise floor: 5.39%. Identical code measured against itself on this setup can look that different, so smaller differences mean nothing.
Neighbouring measurements are nearly independent (autocorrelation -0.02), so they were resampled one by one.

Verdict: RESOLVED. A is faster than B: the difference is real, as its interval excludes zero and it exceeds the noise floor.

Warnings:
  - the program holds 90 MB of live data, more than the caches of many machines; for data that size, where it lies in memory can shift the result by several points in ways the interval does not cover, and differently in the next process; run the comparison in several processes with the multiproc package

== street natural n=16384 churn and build: ordered vs btree-sets
steady state, per insertion or deletion in a structure of 42299 elements (cycle of 111004 operations, first pass untimed):
  A: 267.1 ns per operation (median)
  B: 361.1 ns per operation (median)
  A needs 25.4% less time than B: B takes 1.34 times as long as A.
  With 95% confidence the difference lies between 24.2% and 26.4% less time (B takes between 1.32 and 1.36 times as long as A).
  Noise floor: 1.82%. Identical code measured against itself on this setup can look that different, so smaller differences mean nothing.
  Neighbouring measurements are nearly independent (autocorrelation -0.02), so they were resampled one by one.
  
  Verdict: RESOLVED. A is faster than B: the difference is real, as its interval excludes zero and it exceeds the noise floor.
  
  Warnings:
    - the program holds 101 MB of live data, more than the caches of many machines; for data that size, where it lies in memory can shift the result by several points in ways the interval does not cover, and differently in the next process; run the comparison in several processes with the multiproc package
    - candidate B drifted during the run: its measurements were 7.27% higher in the second half than in the first, so the machine did not hold still
    - the ratio B/A was 3.5% higher in the second half of the run than in the first, so the candidates had not reached a steady state and the difference depends on how long the run was; a common cause is a head start for whichever candidate ran alone last before the comparison or had its data built last, which a longer CollectOptions.WarmupDuration removes
    - 6.2% of bootstrap replicates tied, so the measurement is coarse relative to the question; lower CollectOptions.MaxQuantizationError to lengthen the batches

build from empty to 42299 elements, per whole build (151987 operations):
  A: 3.829e+07 ns per operation (median)
  B: 4.99e+07 ns per operation (median)
  A needs 23.2% less time than B: B takes 1.30 times as long as A.
  With 95% confidence the difference lies between 23% and 23.7% less time (B takes between 1.3 and 1.31 times as long as A).
  Noise floor: 0.541%. Identical code measured against itself on this setup can look that different, so smaller differences mean nothing.
  Neighbouring measurements are nearly independent (autocorrelation +0.01), so they were resampled one by one.
  
  Verdict: RESOLVED. A is faster than B: the difference is real, as its interval excludes zero and it exceeds the noise floor.
  
  Warnings:
    - the program holds 91 MB of live data, more than the caches of many machines; for data that size, where it lies in memory can shift the result by several points in ways the interval does not cover, and differently in the next process; run the comparison in several processes with the multiproc package

== street natural n=16384 churn and build: ordered vs baseline
steady state, per insertion or deletion in a structure of 42299 elements (cycle of 111004 operations, first pass untimed):
  A: 242 ns per operation (median)
  B: 200.5 ns per operation (median)
  A needs 21.1% more time than B: B takes only 0.83 times as long as A.
  With 95% confidence the difference lies between 20.1% and 22.1% more time (B takes between 0.819 and 0.83 times as long as A).
  Noise floor: 1.08%. Identical code measured against itself on this setup can look that different, so smaller differences mean nothing.
  Neighbouring measurements are correlated (autocorrelation +0.47), so they were resampled in blocks of 3.
  
  Verdict: RESOLVED. A is slower than B: the difference is real, as its interval excludes zero and it exceeds the noise floor.
  
  Warnings:
    - the program holds 98 MB of live data, more than the caches of many machines; for data that size, where it lies in memory can shift the result by several points in ways the interval does not cover, and differently in the next process; run the comparison in several processes with the multiproc package
    - candidate A drifted during the run: its measurements were 1.69% higher in the second half than in the first, so the machine did not hold still
    - candidate B drifted during the run: its measurements were 2.11% higher in the second half than in the first, so the machine did not hold still
    - in 50% of A/A runs this setup reported a difference between identical code, well above the 10% expected; treat any confidence from it with suspicion

build from empty to 42299 elements, per whole build (151987 operations):
  A: 3.827e+07 ns per operation (median)
  B: 2.84e+07 ns per operation (median)
  A needs 34.7% more time than B: B takes only 0.74 times as long as A.
  With 95% confidence the difference lies between 34.5% and 35% more time (B takes between 0.741 and 0.74 times as long as A).
  Noise floor: 0.275%. Identical code measured against itself on this setup can look that different, so smaller differences mean nothing.
  Neighbouring measurements are nearly independent (autocorrelation +0.10), so they were resampled one by one.
  
  Verdict: RESOLVED. A is slower than B: the difference is real, as its interval excludes zero and it exceeds the noise floor.
  
  Warnings:
    - the program holds 91 MB of live data, more than the caches of many machines; for data that size, where it lies in memory can shift the result by several points in ways the interval does not cover, and differently in the next process; run the comparison in several processes with the multiproc package

checksum 3993598787716758379
== street natural n=16384 valuesFor: ordered vs btree-sets
A: 151.3 ns per operation (median)
B: 239.8 ns per operation (median)
A needs 36.9% less time than B: B takes 1.59 times as long as A.
With 95% confidence the difference lies between 36.2% and 38.1% less time (B takes between 1.57 and 1.61 times as long as A).
Noise floor: 0.486%. Identical code measured against itself on this setup can look that different, so smaller differences mean nothing.
Neighbouring measurements are nearly independent (autocorrelation -0.02), so they were resampled one by one.

Verdict: RESOLVED. A is faster than B: the difference is real, as its interval excludes zero and it exceeds the noise floor.

Warnings:
  - the program holds 89 MB of live data, more than the caches of many machines; for data that size, where it lies in memory can shift the result by several points in ways the interval does not cover, and differently in the next process; run the comparison in several processes with the multiproc package

== street natural n=16384 valuesFor: ordered vs baseline
A: 149.3 ns per operation (median)
B: 127.4 ns per operation (median)
A needs 17.4% more time than B: B takes only 0.85 times as long as A.
With 95% confidence the difference lies between 16% and 18.2% more time (B takes between 0.846 and 0.86 times as long as A).
Noise floor: 0.178%. Identical code measured against itself on this setup can look that different, so smaller differences mean nothing.
Neighbouring measurements are correlated (autocorrelation +0.49), so they were resampled in blocks of 3.

Verdict: RESOLVED. A is slower than B: the difference is real, as its interval excludes zero and it exceeds the noise floor.

Warnings:
  - the program holds 90 MB of live data, more than the caches of many machines; for data that size, where it lies in memory can shift the result by several points in ways the interval does not cover, and differently in the next process; run the comparison in several processes with the multiproc package

== street natural n=16384 valuesBetween: ordered vs btree-sets
A: 6256 ns per operation (median)
B: 1.031e+04 ns per operation (median)
A needs 40% less time than B: B takes 1.67 times as long as A.
With 95% confidence the difference lies between 37.5% and 41.5% less time (B takes between 1.6 and 1.71 times as long as A).
Noise floor: 2.14%. Identical code measured against itself on this setup can look that different, so smaller differences mean nothing.
Neighbouring measurements are correlated (autocorrelation +0.23), so they were resampled in blocks of 3.

Verdict: RESOLVED. A is faster than B: the difference is real, as its interval excludes zero and it exceeds the noise floor.

Warnings:
  - the program holds 89 MB of live data, more than the caches of many machines; for data that size, where it lies in memory can shift the result by several points in ways the interval does not cover, and differently in the next process; run the comparison in several processes with the multiproc package
  - candidate B drifted during the run: its measurements were 6.18% higher in the second half than in the first, so the machine did not hold still
  - the ratio B/A was 6.32% higher in the second half of the run than in the first, so the candidates had not reached a steady state and the difference depends on how long the run was; a common cause is a head start for whichever candidate ran alone last before the comparison or had its data built last, which a longer CollectOptions.WarmupDuration removes

== street natural n=16384 valuesBetween: ordered vs baseline
A: 6139 ns per operation (median)
B: 6412 ns per operation (median)
A needs 4.18% less time than B: B takes 1.04 times as long as A.
With 95% confidence the difference lies between 3.29% and 6.6% less time (B takes between 1.03 and 1.07 times as long as A).
Noise floor: 1.28%. Identical code measured against itself on this setup can look that different, so smaller differences mean nothing.
Neighbouring measurements are correlated (autocorrelation +0.30), so they were resampled in blocks of 3.

Verdict: RESOLVED. A is faster than B: the difference is real, as its interval excludes zero and it exceeds the noise floor.

Warnings:
  - the program holds 90 MB of live data, more than the caches of many machines; for data that size, where it lies in memory can shift the result by several points in ways the interval does not cover, and differently in the next process; run the comparison in several processes with the multiproc package

== street natural n=16384 prefix: ordered vs btree-sets
A: 2128 ns per operation (median)
B: 3619 ns per operation (median)
A needs 42.3% less time than B: B takes 1.73 times as long as A.
With 95% confidence the difference lies between 39.5% and 45.5% less time (B takes between 1.65 and 1.83 times as long as A).
Noise floor: 3.63%. Identical code measured against itself on this setup can look that different, so smaller differences mean nothing.
Neighbouring measurements are nearly independent (autocorrelation -0.08), so they were resampled one by one.

Verdict: RESOLVED. A is faster than B: the difference is real, as its interval excludes zero and it exceeds the noise floor.

Warnings:
  - the program holds 89 MB of live data, more than the caches of many machines; for data that size, where it lies in memory can shift the result by several points in ways the interval does not cover, and differently in the next process; run the comparison in several processes with the multiproc package

== street natural n=16384 prefix: ordered vs baseline
A: 2197 ns per operation (median)
B: 2231 ns per operation (median)
A needs 4.5% less time than B: B takes 1.05 times as long as A.
With 95% confidence the difference lies between 1.96% and 8.18% less time (B takes between 1.02 and 1.09 times as long as A).
Noise floor: 3.08%. Identical code measured against itself on this setup can look that different, so smaller differences mean nothing.
Neighbouring measurements are nearly independent (autocorrelation +0.02), so they were resampled one by one.

Verdict: RESOLVED. A is faster than B: the difference is real, as its interval excludes zero and it exceeds the noise floor.

Warnings:
  - the program holds 90 MB of live data, more than the caches of many machines; for data that size, where it lies in memory can shift the result by several points in ways the interval does not cover, and differently in the next process; run the comparison in several processes with the multiproc package
  - in 50% of A/A runs this setup reported a difference between identical code, well above the 10% expected; treat any confidence from it with suspicion

== street natural n=16384 churn and build: ordered vs btree-sets
steady state, per insertion or deletion in a structure of 42299 elements (cycle of 111004 operations, first pass untimed):
  A: 252.6 ns per operation (median)
  B: 322.8 ns per operation (median)
  A needs 22.4% less time than B: B takes 1.29 times as long as A.
  With 95% confidence the difference lies between 19.4% and 23.7% less time (B takes between 1.24 and 1.31 times as long as A).
  Noise floor: 1.45%. Identical code measured against itself on this setup can look that different, so smaller differences mean nothing.
  Neighbouring measurements are correlated (autocorrelation +0.29), so they were resampled in blocks of 3.
  
  Verdict: RESOLVED. A is faster than B: the difference is real, as its interval excludes zero and it exceeds the noise floor.
  
  Warnings:
    - the program holds 102 MB of live data, more than the caches of many machines; for data that size, where it lies in memory can shift the result by several points in ways the interval does not cover, and differently in the next process; run the comparison in several processes with the multiproc package
    - the ratio B/A was 2.15% higher in the second half of the run than in the first, so the candidates had not reached a steady state and the difference depends on how long the run was; a common cause is a head start for whichever candidate ran alone last before the comparison or had its data built last, which a longer CollectOptions.WarmupDuration removes

build from empty to 42299 elements, per whole build (151987 operations):
  A: 3.852e+07 ns per operation (median)
  B: 4.971e+07 ns per operation (median)
  A needs 22.6% less time than B: B takes 1.29 times as long as A.
  With 95% confidence the difference lies between 22.4% and 22.9% less time (B takes between 1.29 and 1.30 times as long as A).
  Noise floor: 0.331%. Identical code measured against itself on this setup can look that different, so smaller differences mean nothing.
  Neighbouring measurements are correlated (autocorrelation +0.21), so they were resampled in blocks of 3.
  
  Verdict: RESOLVED. A is faster than B: the difference is real, as its interval excludes zero and it exceeds the noise floor.
  
  Warnings:
    - the program holds 92 MB of live data, more than the caches of many machines; for data that size, where it lies in memory can shift the result by several points in ways the interval does not cover, and differently in the next process; run the comparison in several processes with the multiproc package

== street natural n=16384 churn and build: ordered vs baseline
steady state, per insertion or deletion in a structure of 42299 elements (cycle of 111004 operations, first pass untimed):
  A: 242.6 ns per operation (median)
  B: 200 ns per operation (median)
  A needs 21.6% more time than B: B takes only 0.82 times as long as A.
  With 95% confidence the difference lies between 20.9% and 22.5% more time (B takes between 0.816 and 0.83 times as long as A).
  Noise floor: 1.04%. Identical code measured against itself on this setup can look that different, so smaller differences mean nothing.
  Neighbouring measurements are correlated (autocorrelation +0.40), so they were resampled in blocks of 3.
  
  Verdict: RESOLVED. A is slower than B: the difference is real, as its interval excludes zero and it exceeds the noise floor.
  
  Warnings:
    - the program holds 98 MB of live data, more than the caches of many machines; for data that size, where it lies in memory can shift the result by several points in ways the interval does not cover, and differently in the next process; run the comparison in several processes with the multiproc package

build from empty to 42299 elements, per whole build (151987 operations):
  A: 3.843e+07 ns per operation (median)
  B: 2.846e+07 ns per operation (median)
  A needs 34.9% more time than B: B takes only 0.74 times as long as A.
  With 95% confidence the difference lies between 34% and 35.4% more time (B takes between 0.738 and 0.75 times as long as A).
  Noise floor: 0.285%. Identical code measured against itself on this setup can look that different, so smaller differences mean nothing.
  Neighbouring measurements are correlated (autocorrelation +0.21), so they were resampled in blocks of 3.
  
  Verdict: RESOLVED. A is slower than B: the difference is real, as its interval excludes zero and it exceeds the noise floor.
  
  Warnings:
    - the program holds 92 MB of live data, more than the caches of many machines; for data that size, where it lies in memory can shift the result by several points in ways the interval does not cover, and differently in the next process; run the comparison in several processes with the multiproc package
    - candidate B drifted during the run: its measurements were 1.54% lower in the second half than in the first, so the machine did not hold still

checksum 9768170351800705441
== street natural n=16384 valuesFor: ordered vs btree-sets
A: 155.9 ns per operation (median)
B: 247.4 ns per operation (median)
A needs 36.4% less time than B: B takes 1.57 times as long as A.
With 95% confidence the difference lies between 34.9% and 38% less time (B takes between 1.54 and 1.61 times as long as A).
Noise floor: 3.05%. Identical code measured against itself on this setup can look that different, so smaller differences mean nothing.
Neighbouring measurements are nearly independent (autocorrelation -0.04), so they were resampled one by one.

Verdict: RESOLVED. A is faster than B: the difference is real, as its interval excludes zero and it exceeds the noise floor.

Warnings:
  - the program holds 90 MB of live data, more than the caches of many machines; for data that size, where it lies in memory can shift the result by several points in ways the interval does not cover, and differently in the next process; run the comparison in several processes with the multiproc package

== street natural n=16384 valuesFor: ordered vs baseline
A: 149.3 ns per operation (median)
B: 131.3 ns per operation (median)
A needs 13.7% more time than B: B takes only 0.88 times as long as A.
With 95% confidence the difference lies between 12.4% and 14.7% more time (B takes between 0.872 and 0.89 times as long as A).
Noise floor: 1.99%. Identical code measured against itself on this setup can look that different, so smaller differences mean nothing.
Neighbouring measurements are correlated (autocorrelation +0.50), so they were resampled in blocks of 3.

Verdict: RESOLVED. A is slower than B: the difference is real, as its interval excludes zero and it exceeds the noise floor.

Warnings:
  - the program holds 89 MB of live data, more than the caches of many machines; for data that size, where it lies in memory can shift the result by several points in ways the interval does not cover, and differently in the next process; run the comparison in several processes with the multiproc package

== street natural n=16384 valuesBetween: ordered vs btree-sets
A: 6156 ns per operation (median)
B: 9948 ns per operation (median)
A needs 38.2% less time than B: B takes 1.62 times as long as A.
With 95% confidence the difference lies between 37% and 39.2% less time (B takes between 1.59 and 1.64 times as long as A).
Noise floor: 1.76%. Identical code measured against itself on this setup can look that different, so smaller differences mean nothing.
Neighbouring measurements are nearly independent (autocorrelation -0.05), so they were resampled one by one.

Verdict: RESOLVED. A is faster than B: the difference is real, as its interval excludes zero and it exceeds the noise floor.

Warnings:
  - the program holds 89 MB of live data, more than the caches of many machines; for data that size, where it lies in memory can shift the result by several points in ways the interval does not cover, and differently in the next process; run the comparison in several processes with the multiproc package

== street natural n=16384 valuesBetween: ordered vs baseline
A: 6117 ns per operation (median)
B: 6525 ns per operation (median)
A needs 5.53% less time than B: B takes 1.06 times as long as A.
With 95% confidence the difference lies between 4.92% and 6.55% less time (B takes between 1.05 and 1.07 times as long as A).
Noise floor: 0.449%. Identical code measured against itself on this setup can look that different, so smaller differences mean nothing.
Neighbouring measurements are correlated (autocorrelation +0.33), so they were resampled in blocks of 3.

Verdict: RESOLVED. A is faster than B: the difference is real, as its interval excludes zero and it exceeds the noise floor.

Warnings:
  - the program holds 90 MB of live data, more than the caches of many machines; for data that size, where it lies in memory can shift the result by several points in ways the interval does not cover, and differently in the next process; run the comparison in several processes with the multiproc package

== street natural n=16384 prefix: ordered vs btree-sets
A: 2198 ns per operation (median)
B: 3751 ns per operation (median)
A needs 42.2% less time than B: B takes 1.73 times as long as A.
With 95% confidence the difference lies between 37.8% and 45.4% less time (B takes between 1.61 and 1.83 times as long as A).
Noise floor: 5.93%. Identical code measured against itself on this setup can look that different, so smaller differences mean nothing.
Neighbouring measurements are nearly independent (autocorrelation +0.08), so they were resampled one by one.

Verdict: RESOLVED. A is faster than B: the difference is real, as its interval excludes zero and it exceeds the noise floor.

Warnings:
  - the program holds 89 MB of live data, more than the caches of many machines; for data that size, where it lies in memory can shift the result by several points in ways the interval does not cover, and differently in the next process; run the comparison in several processes with the multiproc package
  - in 50% of A/A runs this setup reported a difference between identical code, well above the 10% expected; treat any confidence from it with suspicion

== street natural n=16384 prefix: ordered vs baseline
A: 2132 ns per operation (median)
B: 2240 ns per operation (median)
A needs 2.08% less time than B: B takes 1.02 times as long as A.
With 95% confidence the difference lies between 0.645% more time and 6.57% less time (B takes between 0.994 and 1.07 times as long as A).
Noise floor: 7.06%. Identical code measured against itself on this setup can look that different, so smaller differences mean nothing.
Neighbouring measurements are nearly independent (autocorrelation +0.12), so they were resampled one by one.

Verdict: NOT RESOLVED. This run did not establish which candidate is faster. That is not the same as "equally fast": the warnings below say what is missing.

Warnings:
  - the difference of 2.08% does not clear the 7.06% noise floor, which is what this setup reports between two runs of identical code
  - the interval [-0.64%, 6.57%] includes zero, so a difference in either direction is consistent with these measurements
  - the program holds 90 MB of live data, more than the caches of many machines; for data that size, where it lies in memory can shift the result by several points in ways the interval does not cover, and differently in the next process; run the comparison in several processes with the multiproc package
  - in 50% of A/A runs this setup reported a difference between identical code, well above the 10% expected; treat any confidence from it with suspicion

== street natural n=16384 churn and build: ordered vs btree-sets
steady state, per insertion or deletion in a structure of 42299 elements (cycle of 111004 operations, first pass untimed):
  A: 258.1 ns per operation (median)
  B: 341.3 ns per operation (median)
  A needs 24.1% less time than B: B takes 1.32 times as long as A.
  With 95% confidence the difference lies between 21.9% and 25.5% less time (B takes between 1.28 and 1.34 times as long as A).
  Noise floor: 2.53%. Identical code measured against itself on this setup can look that different, so smaller differences mean nothing.
  Neighbouring measurements are correlated (autocorrelation +0.38), so they were resampled in blocks of 3.
  
  Verdict: RESOLVED. A is faster than B: the difference is real, as its interval excludes zero and it exceeds the noise floor.
  
  Warnings:
    - the program holds 101 MB of live data, more than the caches of many machines; for data that size, where it lies in memory can shift the result by several points in ways the interval does not cover, and differently in the next process; run the comparison in several processes with the multiproc package
    - candidate A drifted during the run: its measurements were 4.95% lower in the second half than in the first, so the machine did not hold still
    - candidate B drifted during the run: its measurements were 4.15% lower in the second half than in the first, so the machine did not hold still

build from empty to 42299 elements, per whole build (151987 operations):
  A: 3.849e+07 ns per operation (median)
  B: 5.008e+07 ns per operation (median)
  A needs 23.3% less time than B: B takes 1.30 times as long as A.
  With 95% confidence the difference lies between 23% and 24.4% less time (B takes between 1.3 and 1.32 times as long as A).
  Noise floor: 0.264%. Identical code measured against itself on this setup can look that different, so smaller differences mean nothing.
  Neighbouring measurements are nearly independent (autocorrelation -0.06), so they were resampled one by one.
  
  Verdict: RESOLVED. A is faster than B: the difference is real, as its interval excludes zero and it exceeds the noise floor.
  
  Warnings:
    - the program holds 91 MB of live data, more than the caches of many machines; for data that size, where it lies in memory can shift the result by several points in ways the interval does not cover, and differently in the next process; run the comparison in several processes with the multiproc package
    - candidate A drifted during the run: its measurements were 1.07% lower in the second half than in the first, so the machine did not hold still
    - candidate B drifted during the run: its measurements were 4.5% lower in the second half than in the first, so the machine did not hold still

== street natural n=16384 churn and build: ordered vs baseline
steady state, per insertion or deletion in a structure of 42299 elements (cycle of 111004 operations, first pass untimed):
  A: 241 ns per operation (median)
  B: 198.6 ns per operation (median)
  A needs 21.6% more time than B: B takes only 0.82 times as long as A.
  With 95% confidence the difference lies between 21% and 22.4% more time (B takes between 0.817 and 0.83 times as long as A).
  Noise floor: 0.718%. Identical code measured against itself on this setup can look that different, so smaller differences mean nothing.
  Neighbouring measurements are correlated (autocorrelation +0.55), so they were resampled in blocks of 3.
  
  Verdict: RESOLVED. A is slower than B: the difference is real, as its interval excludes zero and it exceeds the noise floor.
  
  Warnings:
    - the program holds 99 MB of live data, more than the caches of many machines; for data that size, where it lies in memory can shift the result by several points in ways the interval does not cover, and differently in the next process; run the comparison in several processes with the multiproc package

build from empty to 42299 elements, per whole build (151987 operations):
  A: 3.859e+07 ns per operation (median)
  B: 2.839e+07 ns per operation (median)
  A needs 34.9% more time than B: B takes only 0.74 times as long as A.
  With 95% confidence the difference lies between 33.4% and 35.5% more time (B takes between 0.738 and 0.75 times as long as A).
  Noise floor: 0.187%. Identical code measured against itself on this setup can look that different, so smaller differences mean nothing.
  Neighbouring measurements are nearly independent (autocorrelation -0.06), so they were resampled one by one.
  
  Verdict: RESOLVED. A is slower than B: the difference is real, as its interval excludes zero and it exceeds the noise floor.
  
  Warnings:
    - the program holds 91 MB of live data, more than the caches of many machines; for data that size, where it lies in memory can shift the result by several points in ways the interval does not cover, and differently in the next process; run the comparison in several processes with the multiproc package
    - in 50% of A/A runs this setup reported a difference between identical code, well above the 10% expected; treat any confidence from it with suspicion

checksum 7955951561754096964
== street natural n=16384 valuesFor: ordered vs btree-sets
A: 151 ns per operation (median)
B: 234.7 ns per operation (median)
A needs 35.6% less time than B: B takes 1.55 times as long as A.
With 95% confidence the difference lies between 35.2% and 36% less time (B takes between 1.54 and 1.56 times as long as A).
Noise floor: 0.493%. Identical code measured against itself on this setup can look that different, so smaller differences mean nothing.
Neighbouring measurements are nearly independent (autocorrelation -0.22), so they were resampled one by one.

Verdict: RESOLVED. A is faster than B: the difference is real, as its interval excludes zero and it exceeds the noise floor.

Warnings:
  - the program holds 89 MB of live data, more than the caches of many machines; for data that size, where it lies in memory can shift the result by several points in ways the interval does not cover, and differently in the next process; run the comparison in several processes with the multiproc package

== street natural n=16384 valuesFor: ordered vs baseline
A: 150.8 ns per operation (median)
B: 134.4 ns per operation (median)
A needs 12.8% more time than B: B takes only 0.89 times as long as A.
With 95% confidence the difference lies between 11.1% and 13.9% more time (B takes between 0.878 and 0.90 times as long as A).
Noise floor: 1.34%. Identical code measured against itself on this setup can look that different, so smaller differences mean nothing.
Neighbouring measurements are correlated (autocorrelation +0.56), so they were resampled in blocks of 3.

Verdict: RESOLVED. A is slower than B: the difference is real, as its interval excludes zero and it exceeds the noise floor.

Warnings:
  - the program holds 90 MB of live data, more than the caches of many machines; for data that size, where it lies in memory can shift the result by several points in ways the interval does not cover, and differently in the next process; run the comparison in several processes with the multiproc package
  - in 50% of A/A runs this setup reported a difference between identical code, well above the 10% expected; treat any confidence from it with suspicion

== street natural n=16384 valuesBetween: ordered vs btree-sets
A: 6175 ns per operation (median)
B: 1.011e+04 ns per operation (median)
A needs 38.1% less time than B: B takes 1.61 times as long as A.
With 95% confidence the difference lies between 37% and 39.5% less time (B takes between 1.59 and 1.65 times as long as A).
Noise floor: 0.733%. Identical code measured against itself on this setup can look that different, so smaller differences mean nothing.
Neighbouring measurements are nearly independent (autocorrelation +0.06), so they were resampled one by one.

Verdict: RESOLVED. A is faster than B: the difference is real, as its interval excludes zero and it exceeds the noise floor.

Warnings:
  - the program holds 89 MB of live data, more than the caches of many machines; for data that size, where it lies in memory can shift the result by several points in ways the interval does not cover, and differently in the next process; run the comparison in several processes with the multiproc package

== street natural n=16384 valuesBetween: ordered vs baseline
A: 6077 ns per operation (median)
B: 6423 ns per operation (median)
A needs 5.41% less time than B: B takes 1.06 times as long as A.
With 95% confidence the difference lies between 4.79% and 6.44% less time (B takes between 1.05 and 1.07 times as long as A).
Noise floor: 0.715%. Identical code measured against itself on this setup can look that different, so smaller differences mean nothing.
Neighbouring measurements are correlated (autocorrelation +0.35), so they were resampled in blocks of 3.

Verdict: RESOLVED. A is faster than B: the difference is real, as its interval excludes zero and it exceeds the noise floor.

Warnings:
  - the program holds 90 MB of live data, more than the caches of many machines; for data that size, where it lies in memory can shift the result by several points in ways the interval does not cover, and differently in the next process; run the comparison in several processes with the multiproc package

== street natural n=16384 prefix: ordered vs btree-sets
A: 2224 ns per operation (median)
B: 3680 ns per operation (median)
A needs 40.4% less time than B: B takes 1.68 times as long as A.
With 95% confidence the difference lies between 37.9% and 42.8% less time (B takes between 1.61 and 1.75 times as long as A).
Noise floor: 5.81%. Identical code measured against itself on this setup can look that different, so smaller differences mean nothing.
Neighbouring measurements are correlated (autocorrelation +0.21), so they were resampled in blocks of 3.

Verdict: RESOLVED. A is faster than B: the difference is real, as its interval excludes zero and it exceeds the noise floor.

Warnings:
  - the program holds 89 MB of live data, more than the caches of many machines; for data that size, where it lies in memory can shift the result by several points in ways the interval does not cover, and differently in the next process; run the comparison in several processes with the multiproc package
  - in 50% of A/A runs this setup reported a difference between identical code, well above the 10% expected; treat any confidence from it with suspicion

== street natural n=16384 prefix: ordered vs baseline
A: 2130 ns per operation (median)
B: 2189 ns per operation (median)
A needs 2.78% less time than B: B takes 1.03 times as long as A.
With 95% confidence the difference lies between 0.362% and 7.23% less time (B takes between 1 and 1.08 times as long as A).
Noise floor: 3.18%. Identical code measured against itself on this setup can look that different, so smaller differences mean nothing.
Neighbouring measurements are nearly independent (autocorrelation +0.20), so they were resampled one by one.

Verdict: NOT RESOLVED. This run did not establish which candidate is faster. That is not the same as "equally fast": the warnings below say what is missing.

Warnings:
  - the difference of 2.78% does not clear the 3.18% noise floor, which is what this setup reports between two runs of identical code
  - the program holds 90 MB of live data, more than the caches of many machines; for data that size, where it lies in memory can shift the result by several points in ways the interval does not cover, and differently in the next process; run the comparison in several processes with the multiproc package
  - in 50% of A/A runs this setup reported a difference between identical code, well above the 10% expected; treat any confidence from it with suspicion

== street natural n=16384 churn and build: ordered vs btree-sets
steady state, per insertion or deletion in a structure of 42299 elements (cycle of 111004 operations, first pass untimed):
  A: 252.5 ns per operation (median)
  B: 323.8 ns per operation (median)
  A needs 22.6% less time than B: B takes 1.29 times as long as A.
  With 95% confidence the difference lies between 21.1% and 23.7% less time (B takes between 1.27 and 1.31 times as long as A).
  Noise floor: 2%. Identical code measured against itself on this setup can look that different, so smaller differences mean nothing.
  Neighbouring measurements are correlated (autocorrelation +0.53), so they were resampled in blocks of 3.
  
  Verdict: RESOLVED. A is faster than B: the difference is real, as its interval excludes zero and it exceeds the noise floor.
  
  Warnings:
    - the program holds 102 MB of live data, more than the caches of many machines; for data that size, where it lies in memory can shift the result by several points in ways the interval does not cover, and differently in the next process; run the comparison in several processes with the multiproc package

build from empty to 42299 elements, per whole build (151987 operations):
  A: 3.829e+07 ns per operation (median)
  B: 4.962e+07 ns per operation (median)
  A needs 22.8% less time than B: B takes 1.29 times as long as A.
  With 95% confidence the difference lies between 22.6% and 23.5% less time (B takes between 1.29 and 1.31 times as long as A).
  Noise floor: 0.386%. Identical code measured against itself on this setup can look that different, so smaller differences mean nothing.
  Neighbouring measurements are correlated (autocorrelation +0.31), so they were resampled in blocks of 3.
  
  Verdict: RESOLVED. A is faster than B: the difference is real, as its interval excludes zero and it exceeds the noise floor.
  
  Warnings:
    - the program holds 92 MB of live data, more than the caches of many machines; for data that size, where it lies in memory can shift the result by several points in ways the interval does not cover, and differently in the next process; run the comparison in several processes with the multiproc package

== street natural n=16384 churn and build: ordered vs baseline
steady state, per insertion or deletion in a structure of 42299 elements (cycle of 111004 operations, first pass untimed):
  A: 263.4 ns per operation (median)
  B: 227.1 ns per operation (median)
  A needs 16% more time than B: B takes only 0.86 times as long as A.
  With 95% confidence the difference lies between 14.7% and 17.5% more time (B takes between 0.851 and 0.87 times as long as A).
  Noise floor: 1.19%. Identical code measured against itself on this setup can look that different, so smaller differences mean nothing.
  Neighbouring measurements are correlated (autocorrelation +0.57), so they were resampled in blocks of 3.
  
  Verdict: RESOLVED. A is slower than B: the difference is real, as its interval excludes zero and it exceeds the noise floor.
  
  Warnings:
    - the program holds 98 MB of live data, more than the caches of many machines; for data that size, where it lies in memory can shift the result by several points in ways the interval does not cover, and differently in the next process; run the comparison in several processes with the multiproc package
    - candidate A drifted during the run: its measurements were 3.54% higher in the second half than in the first, so the machine did not hold still
    - candidate B drifted during the run: its measurements were 4.23% higher in the second half than in the first, so the machine did not hold still
    - in 50% of A/A runs this setup reported a difference between identical code, well above the 10% expected; treat any confidence from it with suspicion

build from empty to 42299 elements, per whole build (151987 operations):
  A: 3.822e+07 ns per operation (median)
  B: 2.873e+07 ns per operation (median)
  A needs 33.5% more time than B: B takes only 0.75 times as long as A.
  With 95% confidence the difference lies between 32.4% and 34.1% more time (B takes between 0.745 and 0.76 times as long as A).
  Noise floor: 0.318%. Identical code measured against itself on this setup can look that different, so smaller differences mean nothing.
  Neighbouring measurements are nearly independent (autocorrelation +0.05), so they were resampled one by one.
  
  Verdict: RESOLVED. A is slower than B: the difference is real, as its interval excludes zero and it exceeds the noise floor.
  
  Warnings:
    - the program holds 92 MB of live data, more than the caches of many machines; for data that size, where it lies in memory can shift the result by several points in ways the interval does not cover, and differently in the next process; run the comparison in several processes with the multiproc package

checksum 17849345888913482296
== street natural n=16384 valuesFor: ordered vs btree-sets
A: 171.3 ns per operation (median)
B: 283.3 ns per operation (median)
A needs 40.5% less time than B: B takes 1.68 times as long as A.
With 95% confidence the difference lies between 38.3% and 41.8% less time (B takes between 1.62 and 1.72 times as long as A).
Noise floor: 0.916%. Identical code measured against itself on this setup can look that different, so smaller differences mean nothing.
Neighbouring measurements are nearly independent (autocorrelation -0.00), so they were resampled one by one.

Verdict: RESOLVED. A is faster than B: the difference is real, as its interval excludes zero and it exceeds the noise floor.

Warnings:
  - the program holds 89 MB of live data, more than the caches of many machines; for data that size, where it lies in memory can shift the result by several points in ways the interval does not cover, and differently in the next process; run the comparison in several processes with the multiproc package
  - candidate A drifted during the run: its measurements were 4.83% higher in the second half than in the first, so the machine did not hold still
  - candidate B drifted during the run: its measurements were 6.11% higher in the second half than in the first, so the machine did not hold still

== street natural n=16384 valuesFor: ordered vs baseline
A: 148.9 ns per operation (median)
B: 131.9 ns per operation (median)
A needs 12.8% more time than B: B takes only 0.89 times as long as A.
With 95% confidence the difference lies between 12.3% and 14.6% more time (B takes between 0.873 and 0.89 times as long as A).
Noise floor: 2%. Identical code measured against itself on this setup can look that different, so smaller differences mean nothing.
Neighbouring measurements are correlated (autocorrelation +0.53), so they were resampled in blocks of 3.

Verdict: RESOLVED. A is slower than B: the difference is real, as its interval excludes zero and it exceeds the noise floor.

Warnings:
  - the program holds 89 MB of live data, more than the caches of many machines; for data that size, where it lies in memory can shift the result by several points in ways the interval does not cover, and differently in the next process; run the comparison in several processes with the multiproc package

== street natural n=16384 valuesBetween: ordered vs btree-sets
A: 6193 ns per operation (median)
B: 9870 ns per operation (median)
A needs 38.1% less time than B: B takes 1.61 times as long as A.
With 95% confidence the difference lies between 36.3% and 38.3% less time (B takes between 1.57 and 1.62 times as long as A).
Noise floor: 1.68%. Identical code measured against itself on this setup can look that different, so smaller differences mean nothing.
Neighbouring measurements are nearly independent (autocorrelation -0.05), so they were resampled one by one.

Verdict: RESOLVED. A is faster than B: the difference is real, as its interval excludes zero and it exceeds the noise floor.

Warnings:
  - the program holds 89 MB of live data, more than the caches of many machines; for data that size, where it lies in memory can shift the result by several points in ways the interval does not cover, and differently in the next process; run the comparison in several processes with the multiproc package
  - in 50% of A/A runs this setup reported a difference between identical code, well above the 10% expected; treat any confidence from it with suspicion

== street natural n=16384 valuesBetween: ordered vs baseline
A: 6189 ns per operation (median)
B: 6539 ns per operation (median)
A needs 5.49% less time than B: B takes 1.06 times as long as A.
With 95% confidence the difference lies between 4.26% and 7.91% less time (B takes between 1.04 and 1.09 times as long as A).
Noise floor: 0.26%. Identical code measured against itself on this setup can look that different, so smaller differences mean nothing.
Neighbouring measurements are nearly independent (autocorrelation -0.17), so they were resampled one by one.

Verdict: RESOLVED. A is faster than B: the difference is real, as its interval excludes zero and it exceeds the noise floor.

Warnings:
  - the program holds 90 MB of live data, more than the caches of many machines; for data that size, where it lies in memory can shift the result by several points in ways the interval does not cover, and differently in the next process; run the comparison in several processes with the multiproc package
  - 5.0% of bootstrap replicates tied, so the measurement is coarse relative to the question; lower CollectOptions.MaxQuantizationError to lengthen the batches

== street natural n=16384 prefix: ordered vs btree-sets
A: 2180 ns per operation (median)
B: 3683 ns per operation (median)
A needs 42.9% less time than B: B takes 1.75 times as long as A.
With 95% confidence the difference lies between 37.1% and 44.7% less time (B takes between 1.59 and 1.81 times as long as A).
Noise floor: 4.98%. Identical code measured against itself on this setup can look that different, so smaller differences mean nothing.
Neighbouring measurements are nearly independent (autocorrelation +0.10), so they were resampled one by one.

Verdict: RESOLVED. A is faster than B: the difference is real, as its interval excludes zero and it exceeds the noise floor.

Warnings:
  - the program holds 89 MB of live data, more than the caches of many machines; for data that size, where it lies in memory can shift the result by several points in ways the interval does not cover, and differently in the next process; run the comparison in several processes with the multiproc package
  - in 50% of A/A runs this setup reported a difference between identical code, well above the 10% expected; treat any confidence from it with suspicion

== street natural n=16384 prefix: ordered vs baseline
A: 2076 ns per operation (median)
B: 2219 ns per operation (median)
A needs 1.09% less time than B: B takes 1.01 times as long as A.
With 95% confidence the difference lies between 5.46% more time and 9.63% less time (B takes between 0.948 and 1.11 times as long as A).
Noise floor: 4.94%. Identical code measured against itself on this setup can look that different, so smaller differences mean nothing.
Neighbouring measurements are nearly independent (autocorrelation +0.11), so they were resampled one by one.

Verdict: NOT RESOLVED. This run did not establish which candidate is faster. That is not the same as "equally fast": the warnings below say what is missing.

Warnings:
  - the difference of 1.09% does not clear the 4.94% noise floor, which is what this setup reports between two runs of identical code
  - the interval [-5.46%, 9.63%] includes zero, so a difference in either direction is consistent with these measurements
  - the program holds 90 MB of live data, more than the caches of many machines; for data that size, where it lies in memory can shift the result by several points in ways the interval does not cover, and differently in the next process; run the comparison in several processes with the multiproc package
  - in 50% of A/A runs this setup reported a difference between identical code, well above the 10% expected; treat any confidence from it with suspicion

== street natural n=16384 churn and build: ordered vs btree-sets
steady state, per insertion or deletion in a structure of 42299 elements (cycle of 111004 operations, first pass untimed):
  A: 254.3 ns per operation (median)
  B: 328.8 ns per operation (median)
  A needs 23% less time than B: B takes 1.30 times as long as A.
  With 95% confidence the difference lies between 20.2% and 24.7% less time (B takes between 1.25 and 1.33 times as long as A).
  Noise floor: 1.93%. Identical code measured against itself on this setup can look that different, so smaller differences mean nothing.
  Neighbouring measurements are nearly independent (autocorrelation -0.12), so they were resampled one by one.
  
  Verdict: RESOLVED. A is faster than B: the difference is real, as its interval excludes zero and it exceeds the noise floor.
  
  Warnings:
    - the program holds 101 MB of live data, more than the caches of many machines; for data that size, where it lies in memory can shift the result by several points in ways the interval does not cover, and differently in the next process; run the comparison in several processes with the multiproc package

build from empty to 42299 elements, per whole build (151987 operations):
  A: 3.835e+07 ns per operation (median)
  B: 4.988e+07 ns per operation (median)
  A needs 23.2% less time than B: B takes 1.30 times as long as A.
  With 95% confidence the difference lies between 22.9% and 23.3% less time (B takes between 1.3 and 1.30 times as long as A).
  Noise floor: 0.205%. Identical code measured against itself on this setup can look that different, so smaller differences mean nothing.
  Neighbouring measurements are nearly independent (autocorrelation +0.01), so they were resampled one by one.
  
  Verdict: RESOLVED. A is faster than B: the difference is real, as its interval excludes zero and it exceeds the noise floor.
  
  Warnings:
    - the program holds 91 MB of live data, more than the caches of many machines; for data that size, where it lies in memory can shift the result by several points in ways the interval does not cover, and differently in the next process; run the comparison in several processes with the multiproc package

== street natural n=16384 churn and build: ordered vs baseline
steady state, per insertion or deletion in a structure of 42299 elements (cycle of 111004 operations, first pass untimed):
  A: 242.7 ns per operation (median)
  B: 199.2 ns per operation (median)
  A needs 21.5% more time than B: B takes only 0.82 times as long as A.
  With 95% confidence the difference lies between 21.2% and 22.1% more time (B takes between 0.819 and 0.83 times as long as A).
  Noise floor: 0.404%. Identical code measured against itself on this setup can look that different, so smaller differences mean nothing.
  Neighbouring measurements are correlated (autocorrelation +0.39), so they were resampled in blocks of 3.
  
  Verdict: RESOLVED. A is slower than B: the difference is real, as its interval excludes zero and it exceeds the noise floor.
  
  Warnings:
    - the program holds 100 MB of live data, more than the caches of many machines; for data that size, where it lies in memory can shift the result by several points in ways the interval does not cover, and differently in the next process; run the comparison in several processes with the multiproc package
    - candidate B drifted during the run: its measurements were 2.51% higher in the second half than in the first, so the machine did not hold still

build from empty to 42299 elements, per whole build (151987 operations):
  A: 3.835e+07 ns per operation (median)
  B: 2.847e+07 ns per operation (median)
  A needs 34.8% more time than B: B takes only 0.74 times as long as A.
  With 95% confidence the difference lies between 34% and 35.2% more time (B takes between 0.74 and 0.75 times as long as A).
  Noise floor: 0.268%. Identical code measured against itself on this setup can look that different, so smaller differences mean nothing.
  Neighbouring measurements are correlated (autocorrelation +0.21), so they were resampled in blocks of 3.
  
  Verdict: RESOLVED. A is slower than B: the difference is real, as its interval excludes zero and it exceeds the noise floor.
  
  Warnings:
    - the program holds 91 MB of live data, more than the caches of many machines; for data that size, where it lies in memory can shift the result by several points in ways the interval does not cover, and differently in the next process; run the comparison in several processes with the multiproc package

checksum 17535586050626670058
== street natural n=16384 valuesFor: ordered vs btree-sets
A: 153.9 ns per operation (median)
B: 242.3 ns per operation (median)
A needs 36.6% less time than B: B takes 1.58 times as long as A.
With 95% confidence the difference lies between 35.7% and 37.4% less time (B takes between 1.56 and 1.60 times as long as A).
Noise floor: 0.167%. Identical code measured against itself on this setup can look that different, so smaller differences mean nothing.
Neighbouring measurements are nearly independent (autocorrelation -0.11), so they were resampled one by one.

Verdict: RESOLVED. A is faster than B: the difference is real, as its interval excludes zero and it exceeds the noise floor.

Warnings:
  - the program holds 89 MB of live data, more than the caches of many machines; for data that size, where it lies in memory can shift the result by several points in ways the interval does not cover, and differently in the next process; run the comparison in several processes with the multiproc package
  - 6.4% of bootstrap replicates tied, so the measurement is coarse relative to the question; lower CollectOptions.MaxQuantizationError to lengthen the batches

== street natural n=16384 valuesFor: ordered vs baseline
A: 150 ns per operation (median)
B: 135.4 ns per operation (median)
A needs 11% more time than B: B takes only 0.90 times as long as A.
With 95% confidence the difference lies between 9.66% and 11.9% more time (B takes between 0.894 and 0.91 times as long as A).
Noise floor: 1.23%. Identical code measured against itself on this setup can look that different, so smaller differences mean nothing.
Neighbouring measurements are correlated (autocorrelation +0.64), so they were resampled in blocks of 3.

Verdict: RESOLVED. A is slower than B: the difference is real, as its interval excludes zero and it exceeds the noise floor.

Warnings:
  - the program holds 89 MB of live data, more than the caches of many machines; for data that size, where it lies in memory can shift the result by several points in ways the interval does not cover, and differently in the next process; run the comparison in several processes with the multiproc package
  - candidate B drifted during the run: its measurements were 2.05% lower in the second half than in the first, so the machine did not hold still

== street natural n=16384 valuesBetween: ordered vs btree-sets
A: 6171 ns per operation (median)
B: 9835 ns per operation (median)
A needs 37.1% less time than B: B takes 1.59 times as long as A.
With 95% confidence the difference lies between 36.1% and 38.1% less time (B takes between 1.56 and 1.62 times as long as A).
Noise floor: 1.7%. Identical code measured against itself on this setup can look that different, so smaller differences mean nothing.
Neighbouring measurements are nearly independent (autocorrelation +0.20), so they were resampled one by one.

Verdict: RESOLVED. A is faster than B: the difference is real, as its interval excludes zero and it exceeds the noise floor.

Warnings:
  - the program holds 89 MB of live data, more than the caches of many machines; for data that size, where it lies in memory can shift the result by several points in ways the interval does not cover, and differently in the next process; run the comparison in several processes with the multiproc package

== street natural n=16384 valuesBetween: ordered vs baseline
A: 6153 ns per operation (median)
B: 6502 ns per operation (median)
A needs 6.48% less time than B: B takes 1.07 times as long as A.
With 95% confidence the difference lies between 5.03% and 7.09% less time (B takes between 1.05 and 1.08 times as long as A).
Noise floor: 0.942%. Identical code measured against itself on this setup can look that different, so smaller differences mean nothing.
Neighbouring measurements are nearly independent (autocorrelation +0.13), so they were resampled one by one.

Verdict: RESOLVED. A is faster than B: the difference is real, as its interval excludes zero and it exceeds the noise floor.

Warnings:
  - the program holds 90 MB of live data, more than the caches of many machines; for data that size, where it lies in memory can shift the result by several points in ways the interval does not cover, and differently in the next process; run the comparison in several processes with the multiproc package

== street natural n=16384 prefix: ordered vs btree-sets
A: 2143 ns per operation (median)
B: 3739 ns per operation (median)
A needs 43.8% less time than B: B takes 1.78 times as long as A.
With 95% confidence the difference lies between 40.7% and 46.2% less time (B takes between 1.69 and 1.86 times as long as A).
Noise floor: 3.19%. Identical code measured against itself on this setup can look that different, so smaller differences mean nothing.
Neighbouring measurements are nearly independent (autocorrelation -0.01), so they were resampled one by one.

Verdict: RESOLVED. A is faster than B: the difference is real, as its interval excludes zero and it exceeds the noise floor.

Warnings:
  - the program holds 89 MB of live data, more than the caches of many machines; for data that size, where it lies in memory can shift the result by several points in ways the interval does not cover, and differently in the next process; run the comparison in several processes with the multiproc package

== street natural n=16384 prefix: ordered vs baseline
A: 2125 ns per operation (median)
B: 2262 ns per operation (median)
A needs 2.89% less time than B: B takes 1.03 times as long as A.
With 95% confidence the difference lies between 1.57% and 5.92% less time (B takes between 1.02 and 1.06 times as long as A).
Noise floor: 3.65%. Identical code measured against itself on this setup can look that different, so smaller differences mean nothing.
Neighbouring measurements are nearly independent (autocorrelation +0.15), so they were resampled one by one.

Verdict: NOT RESOLVED. This run did not establish which candidate is faster. That is not the same as "equally fast": the warnings below say what is missing.

Warnings:
  - the difference of 2.89% does not clear the 3.65% noise floor, which is what this setup reports between two runs of identical code
  - the program holds 90 MB of live data, more than the caches of many machines; for data that size, where it lies in memory can shift the result by several points in ways the interval does not cover, and differently in the next process; run the comparison in several processes with the multiproc package
  - in 50% of A/A runs this setup reported a difference between identical code, well above the 10% expected; treat any confidence from it with suspicion

== street natural n=16384 churn and build: ordered vs btree-sets
steady state, per insertion or deletion in a structure of 42299 elements (cycle of 111004 operations, first pass untimed):
  A: 252.7 ns per operation (median)
  B: 324.6 ns per operation (median)
  A needs 21.8% less time than B: B takes 1.28 times as long as A.
  With 95% confidence the difference lies between 20.1% and 23.3% less time (B takes between 1.25 and 1.30 times as long as A).
  Noise floor: 1.84%. Identical code measured against itself on this setup can look that different, so smaller differences mean nothing.
  Neighbouring measurements are correlated (autocorrelation +0.28), so they were resampled in blocks of 3.
  
  Verdict: RESOLVED. A is faster than B: the difference is real, as its interval excludes zero and it exceeds the noise floor.
  
  Warnings:
    - the program holds 103 MB of live data, more than the caches of many machines; for data that size, where it lies in memory can shift the result by several points in ways the interval does not cover, and differently in the next process; run the comparison in several processes with the multiproc package

build from empty to 42299 elements, per whole build (151987 operations):
  A: 3.851e+07 ns per operation (median)
  B: 5.025e+07 ns per operation (median)
  A needs 23.3% less time than B: B takes 1.30 times as long as A.
  With 95% confidence the difference lies between 23% and 23.4% less time (B takes between 1.3 and 1.31 times as long as A).
  Noise floor: 0.302%. Identical code measured against itself on this setup can look that different, so smaller differences mean nothing.
  Neighbouring measurements are correlated (autocorrelation +0.27), so they were resampled in blocks of 3.
  
  Verdict: RESOLVED. A is faster than B: the difference is real, as its interval excludes zero and it exceeds the noise floor.
  
  Warnings:
    - the program holds 91 MB of live data, more than the caches of many machines; for data that size, where it lies in memory can shift the result by several points in ways the interval does not cover, and differently in the next process; run the comparison in several processes with the multiproc package

== street natural n=16384 churn and build: ordered vs baseline
steady state, per insertion or deletion in a structure of 42299 elements (cycle of 111004 operations, first pass untimed):
  A: 243.2 ns per operation (median)
  B: 198.4 ns per operation (median)
  A needs 22.2% more time than B: B takes only 0.82 times as long as A.
  With 95% confidence the difference lies between 21.3% and 23.9% more time (B takes between 0.807 and 0.82 times as long as A).
  Noise floor: 0.545%. Identical code measured against itself on this setup can look that different, so smaller differences mean nothing.
  Neighbouring measurements are correlated (autocorrelation +0.62), so they were resampled in blocks of 3.
  
  Verdict: RESOLVED. A is slower than B: the difference is real, as its interval excludes zero and it exceeds the noise floor.
  
  Warnings:
    - the program holds 98 MB of live data, more than the caches of many machines; for data that size, where it lies in memory can shift the result by several points in ways the interval does not cover, and differently in the next process; run the comparison in several processes with the multiproc package
    - the ratio B/A was 1.95% lower in the second half of the run than in the first, so the candidates had not reached a steady state and the difference depends on how long the run was; a common cause is a head start for whichever candidate ran alone last before the comparison or had its data built last, which a longer CollectOptions.WarmupDuration removes

build from empty to 42299 elements, per whole build (151987 operations):
  A: 3.835e+07 ns per operation (median)
  B: 2.849e+07 ns per operation (median)
  A needs 34.6% more time than B: B takes only 0.74 times as long as A.
  With 95% confidence the difference lies between 33.9% and 35.3% more time (B takes between 0.739 and 0.75 times as long as A).
  Noise floor: 0.187%. Identical code measured against itself on this setup can look that different, so smaller differences mean nothing.
  Neighbouring measurements are correlated (autocorrelation +0.24), so they were resampled in blocks of 3.
  
  Verdict: RESOLVED. A is slower than B: the difference is real, as its interval excludes zero and it exceeds the noise floor.
  
  Warnings:
    - the program holds 91 MB of live data, more than the caches of many machines; for data that size, where it lies in memory can shift the result by several points in ways the interval does not cover, and differently in the next process; run the comparison in several processes with the multiproc package

checksum 16668698856197559354
== street natural n=16384 valuesFor: ordered vs btree-sets
A: 149.9 ns per operation (median)
B: 237.2 ns per operation (median)
A needs 36.9% less time than B: B takes 1.59 times as long as A.
With 95% confidence the difference lies between 35.9% and 37.6% less time (B takes between 1.56 and 1.60 times as long as A).
Noise floor: 0.499%. Identical code measured against itself on this setup can look that different, so smaller differences mean nothing.
Neighbouring measurements are nearly independent (autocorrelation +0.15), so they were resampled one by one.

Verdict: RESOLVED. A is faster than B: the difference is real, as its interval excludes zero and it exceeds the noise floor.

Warnings:
  - the program holds 89 MB of live data, more than the caches of many machines; for data that size, where it lies in memory can shift the result by several points in ways the interval does not cover, and differently in the next process; run the comparison in several processes with the multiproc package
  - in 50% of A/A runs this setup reported a difference between identical code, well above the 10% expected; treat any confidence from it with suspicion

== street natural n=16384 valuesFor: ordered vs baseline
A: 148 ns per operation (median)
B: 130.6 ns per operation (median)
A needs 13.7% more time than B: B takes only 0.88 times as long as A.
With 95% confidence the difference lies between 11.9% and 14% more time (B takes between 0.877 and 0.89 times as long as A).
Noise floor: 0.51%. Identical code measured against itself on this setup can look that different, so smaller differences mean nothing.
Neighbouring measurements are correlated (autocorrelation +0.56), so they were resampled in blocks of 3.

Verdict: RESOLVED. A is slower than B: the difference is real, as its interval excludes zero and it exceeds the noise floor.

Warnings:
  - the program holds 89 MB of live data, more than the caches of many machines; for data that size, where it lies in memory can shift the result by several points in ways the interval does not cover, and differently in the next process; run the comparison in several processes with the multiproc package

== street natural n=16384 valuesBetween: ordered vs btree-sets
A: 6163 ns per operation (median)
B: 9856 ns per operation (median)
A needs 37.2% less time than B: B takes 1.59 times as long as A.
With 95% confidence the difference lies between 36% and 38.6% less time (B takes between 1.56 and 1.63 times as long as A).
Noise floor: 1.48%. Identical code measured against itself on this setup can look that different, so smaller differences mean nothing.
Neighbouring measurements are correlated (autocorrelation +0.22), so they were resampled in blocks of 3.

Verdict: RESOLVED. A is faster than B: the difference is real, as its interval excludes zero and it exceeds the noise floor.

Warnings:
  - the program holds 89 MB of live data, more than the caches of many machines; for data that size, where it lies in memory can shift the result by several points in ways the interval does not cover, and differently in the next process; run the comparison in several processes with the multiproc package
  - candidate A drifted during the run: its measurements were 2.67% lower in the second half than in the first, so the machine did not hold still

== street natural n=16384 valuesBetween: ordered vs baseline
A: 6121 ns per operation (median)
B: 6535 ns per operation (median)
A needs 6.77% less time than B: B takes 1.07 times as long as A.
With 95% confidence the difference lies between 5.56% and 7.14% less time (B takes between 1.06 and 1.08 times as long as A).
Noise floor: 1.1%. Identical code measured against itself on this setup can look that different, so smaller differences mean nothing.
Neighbouring measurements are correlated (autocorrelation +0.32), so they were resampled in blocks of 3.

Verdict: RESOLVED. A is faster than B: the difference is real, as its interval excludes zero and it exceeds the noise floor.

Warnings:
  - the program holds 90 MB of live data, more than the caches of many machines; for data that size, where it lies in memory can shift the result by several points in ways the interval does not cover, and differently in the next process; run the comparison in several processes with the multiproc package

== street natural n=16384 prefix: ordered vs btree-sets
A: 2136 ns per operation (median)
B: 3667 ns per operation (median)
A needs 41.9% less time than B: B takes 1.72 times as long as A.
With 95% confidence the difference lies between 40% and 45.2% less time (B takes between 1.67 and 1.82 times as long as A).
Noise floor: 5.42%. Identical code measured against itself on this setup can look that different, so smaller differences mean nothing.
Neighbouring measurements are nearly independent (autocorrelation -0.00), so they were resampled one by one.

Verdict: RESOLVED. A is faster than B: the difference is real, as its interval excludes zero and it exceeds the noise floor.

Warnings:
  - the program holds 90 MB of live data, more than the caches of many machines; for data that size, where it lies in memory can shift the result by several points in ways the interval does not cover, and differently in the next process; run the comparison in several processes with the multiproc package
  - in 50% of A/A runs this setup reported a difference between identical code, well above the 10% expected; treat any confidence from it with suspicion

== street natural n=16384 prefix: ordered vs baseline
A: 2105 ns per operation (median)
B: 2191 ns per operation (median)
A needs 4.76% less time than B: B takes 1.05 times as long as A.
With 95% confidence the difference lies between 2.45% and 7.45% less time (B takes between 1.03 and 1.08 times as long as A).
Noise floor: 5.15%. Identical code measured against itself on this setup can look that different, so smaller differences mean nothing.
Neighbouring measurements are correlated (autocorrelation +0.22), so they were resampled in blocks of 3.

Verdict: NOT RESOLVED. This run did not establish which candidate is faster. That is not the same as "equally fast": the warnings below say what is missing.

Warnings:
  - the difference of 4.76% does not clear the 5.15% noise floor, which is what this setup reports between two runs of identical code
  - the program holds 90 MB of live data, more than the caches of many machines; for data that size, where it lies in memory can shift the result by several points in ways the interval does not cover, and differently in the next process; run the comparison in several processes with the multiproc package
  - in 50% of A/A runs this setup reported a difference between identical code, well above the 10% expected; treat any confidence from it with suspicion

== street natural n=16384 churn and build: ordered vs btree-sets
steady state, per insertion or deletion in a structure of 42299 elements (cycle of 111004 operations, first pass untimed):
  A: 325.9 ns per operation (median)
  B: 433 ns per operation (median)
  A needs 27% less time than B: B takes 1.37 times as long as A.
  With 95% confidence the difference lies between 24.7% and 29.5% less time (B takes between 1.33 and 1.42 times as long as A).
  Noise floor: 2.16%. Identical code measured against itself on this setup can look that different, so smaller differences mean nothing.
  Neighbouring measurements are nearly independent (autocorrelation +0.17), so they were resampled one by one.
  
  Verdict: RESOLVED. A is faster than B: the difference is real, as its interval excludes zero and it exceeds the noise floor.
  
  Warnings:
    - the program holds 101 MB of live data, more than the caches of many machines; for data that size, where it lies in memory can shift the result by several points in ways the interval does not cover, and differently in the next process; run the comparison in several processes with the multiproc package

build from empty to 42299 elements, per whole build (151987 operations):
  A: 4.108e+07 ns per operation (median)
  B: 5.463e+07 ns per operation (median)
  A needs 24.3% less time than B: B takes 1.32 times as long as A.
  With 95% confidence the difference lies between 22.4% and 25.3% less time (B takes between 1.29 and 1.34 times as long as A).
  Noise floor: 2.29%. Identical code measured against itself on this setup can look that different, so smaller differences mean nothing.
  Neighbouring measurements are nearly independent (autocorrelation +0.08), so they were resampled one by one.
  
  Verdict: RESOLVED. A is faster than B: the difference is real, as its interval excludes zero and it exceeds the noise floor.
  
  Warnings:
    - the program holds 91 MB of live data, more than the caches of many machines; for data that size, where it lies in memory can shift the result by several points in ways the interval does not cover, and differently in the next process; run the comparison in several processes with the multiproc package

== street natural n=16384 churn and build: ordered vs baseline
steady state, per insertion or deletion in a structure of 42299 elements (cycle of 111004 operations, first pass untimed):
  A: 265.3 ns per operation (median)
  B: 243.2 ns per operation (median)
  A needs 10.5% more time than B: B takes only 0.90 times as long as A.
  With 95% confidence the difference lies between 8% and 12.8% more time (B takes between 0.886 and 0.93 times as long as A).
  Noise floor: 2.47%. Identical code measured against itself on this setup can look that different, so smaller differences mean nothing.
  Neighbouring measurements are correlated (autocorrelation +0.36), so they were resampled in blocks of 3.
  
  Verdict: RESOLVED. A is slower than B: the difference is real, as its interval excludes zero and it exceeds the noise floor.
  
  Warnings:
    - the program holds 98 MB of live data, more than the caches of many machines; for data that size, where it lies in memory can shift the result by several points in ways the interval does not cover, and differently in the next process; run the comparison in several processes with the multiproc package
    - the ratio B/A was 2.61% higher in the second half of the run than in the first, so the candidates had not reached a steady state and the difference depends on how long the run was; a common cause is a head start for whichever candidate ran alone last before the comparison or had its data built last, which a longer CollectOptions.WarmupDuration removes

build from empty to 42299 elements, per whole build (151987 operations):
  A: 4.069e+07 ns per operation (median)
  B: 3.248e+07 ns per operation (median)
  A needs 26.5% more time than B: B takes only 0.79 times as long as A.
  With 95% confidence the difference lies between 23.8% and 29.3% more time (B takes between 0.773 and 0.81 times as long as A).
  Noise floor: 3.08%. Identical code measured against itself on this setup can look that different, so smaller differences mean nothing.
  Neighbouring measurements are nearly independent (autocorrelation +0.20), so they were resampled one by one.
  
  Verdict: RESOLVED. A is slower than B: the difference is real, as its interval excludes zero and it exceeds the noise floor.
  
  Warnings:
    - the program holds 91 MB of live data, more than the caches of many machines; for data that size, where it lies in memory can shift the result by several points in ways the interval does not cover, and differently in the next process; run the comparison in several processes with the multiproc package
    - in 50% of A/A runs this setup reported a difference between identical code, well above the 10% expected; treat any confidence from it with suspicion

checksum 12075612339582539572
