== dirs natural n=16384 valuesFor: ordered vs btree-sets
A: 232 ns per operation (median)
B: 314.5 ns per operation (median)
A needs 26.9% less time than B: B takes 1.37 times as long as A.
With 95% confidence the difference lies between 23% and 29.4% less time (B takes between 1.3 and 1.42 times as long as A).
Noise floor: 2.2%. Identical code measured against itself on this setup can look that different, so smaller differences mean nothing.
Neighbouring measurements are nearly independent (autocorrelation -0.53), so they were resampled one by one.

Verdict: RESOLVED. A is faster than B: the difference is real, as its interval excludes zero and it exceeds the noise floor.

Warnings:
  - the program holds 141 MB of live data, more than the caches of many machines; for data that size, where it lies in memory can shift the result by several points in ways the interval does not cover, and differently in the next process; run the comparison in several processes with the multiproc package

== dirs natural n=16384 valuesFor: ordered vs baseline
A: 222.3 ns per operation (median)
B: 210.4 ns per operation (median)
A needs 5.33% more time than B: B takes only 0.95 times as long as A.
With 95% confidence the difference lies between 4.3% and 6.57% more time (B takes between 0.938 and 0.96 times as long as A).
Noise floor: 1.43%. Identical code measured against itself on this setup can look that different, so smaller differences mean nothing.
Neighbouring measurements are nearly independent (autocorrelation -0.08), so they were resampled one by one.

Verdict: RESOLVED. A is slower than B: the difference is real, as its interval excludes zero and it exceeds the noise floor.

Warnings:
  - the program holds 140 MB of live data, more than the caches of many machines; for data that size, where it lies in memory can shift the result by several points in ways the interval does not cover, and differently in the next process; run the comparison in several processes with the multiproc package
  - in 50% of A/A runs this setup reported a difference between identical code, well above the 10% expected; treat any confidence from it with suspicion

== dirs natural n=16384 valuesBetween: ordered vs btree-sets
A: 8511 ns per operation (median)
B: 1.542e+04 ns per operation (median)
A needs 45.6% less time than B: B takes 1.84 times as long as A.
With 95% confidence the difference lies between 44.4% and 48.2% less time (B takes between 1.8 and 1.93 times as long as A).
Noise floor: 0.997%. Identical code measured against itself on this setup can look that different, so smaller differences mean nothing.
Neighbouring measurements are nearly independent (autocorrelation +0.01), so they were resampled one by one.

Verdict: RESOLVED. A is faster than B: the difference is real, as its interval excludes zero and it exceeds the noise floor.

Warnings:
  - the program holds 140 MB of live data, more than the caches of many machines; for data that size, where it lies in memory can shift the result by several points in ways the interval does not cover, and differently in the next process; run the comparison in several processes with the multiproc package
  - candidate A drifted during the run: its measurements were 5.88% higher in the second half than in the first, so the machine did not hold still
  - candidate B drifted during the run: its measurements were 3.39% higher in the second half than in the first, so the machine did not hold still

== dirs natural n=16384 valuesBetween: ordered vs baseline
A: 7859 ns per operation (median)
B: 8132 ns per operation (median)
A needs 4.07% less time than B: B takes 1.04 times as long as A.
With 95% confidence the difference lies between 1.1% and 4.6% less time (B takes between 1.01 and 1.05 times as long as A).
Noise floor: 1.9%. Identical code measured against itself on this setup can look that different, so smaller differences mean nothing.
Neighbouring measurements are nearly independent (autocorrelation -0.17), so they were resampled one by one.

Verdict: RESOLVED. A is faster than B: the difference is real, as its interval excludes zero and it exceeds the noise floor.

Warnings:
  - the program holds 141 MB of live data, more than the caches of many machines; for data that size, where it lies in memory can shift the result by several points in ways the interval does not cover, and differently in the next process; run the comparison in several processes with the multiproc package
  - in 50% of A/A runs this setup reported a difference between identical code, well above the 10% expected; treat any confidence from it with suspicion

== dirs natural n=16384 prefix: ordered vs btree-sets
A: 3.397e+04 ns per operation (median)
B: 7.111e+04 ns per operation (median)
A needs 50.5% less time than B: B takes 2.02 times as long as A.
With 95% confidence the difference lies between 48.5% and 51.2% less time (B takes between 1.94 and 2.05 times as long as A).
Noise floor: 15.9%. Identical code measured against itself on this setup can look that different, so smaller differences mean nothing.
Neighbouring measurements are nearly independent (autocorrelation +0.03), so they were resampled one by one.

Verdict: RESOLVED. A is faster than B: the difference is real, as its interval excludes zero and it exceeds the noise floor.

Warnings:
  - the program holds 142 MB of live data, more than the caches of many machines; for data that size, where it lies in memory can shift the result by several points in ways the interval does not cover, and differently in the next process; run the comparison in several processes with the multiproc package
  - in 50% of A/A runs this setup reported a difference between identical code, well above the 10% expected; treat any confidence from it with suspicion

== dirs natural n=16384 prefix: ordered vs baseline
A: 3.741e+04 ns per operation (median)
B: 3.982e+04 ns per operation (median)
A needs 7.08% less time than B: B takes 1.08 times as long as A.
With 95% confidence the difference lies between 5.23% and 9.39% less time (B takes between 1.06 and 1.10 times as long as A).
Noise floor: 17.4%. Identical code measured against itself on this setup can look that different, so smaller differences mean nothing.
Neighbouring measurements are nearly independent (autocorrelation -0.04), so they were resampled one by one.

Verdict: NOT RESOLVED. This run did not establish which candidate is faster. That is not the same as "equally fast": the warnings below say what is missing.

Warnings:
  - the difference of 7.08% does not clear the 17.39% noise floor, which is what this setup reports between two runs of identical code
  - the program holds 142 MB of live data, more than the caches of many machines; for data that size, where it lies in memory can shift the result by several points in ways the interval does not cover, and differently in the next process; run the comparison in several processes with the multiproc package
  - in 50% of A/A runs this setup reported a difference between identical code, well above the 10% expected; treat any confidence from it with suspicion

== dirs natural n=16384 churn and build: ordered vs btree-sets
steady state, per insertion or deletion in a structure of 52542 elements (cycle of 137396 operations, first pass untimed):
  A: 357.2 ns per operation (median)
  B: 410 ns per operation (median)
  A needs 12.6% less time than B: B takes 1.14 times as long as A.
  With 95% confidence the difference lies between 10.7% and 13.9% less time (B takes between 1.12 and 1.16 times as long as A).
  Noise floor: 1.34%. Identical code measured against itself on this setup can look that different, so smaller differences mean nothing.
  Neighbouring measurements are nearly independent (autocorrelation +0.19), so they were resampled one by one.
  
  Verdict: RESOLVED. A is faster than B: the difference is real, as its interval excludes zero and it exceeds the noise floor.
  
  Warnings:
    - the program holds 155 MB of live data, more than the caches of many machines; for data that size, where it lies in memory can shift the result by several points in ways the interval does not cover, and differently in the next process; run the comparison in several processes with the multiproc package

build from empty to 52542 elements, per whole build (188700 operations):
  A: 6.56e+07 ns per operation (median)
  B: 7.299e+07 ns per operation (median)
  A needs 10.5% less time than B: B takes 1.12 times as long as A.
  With 95% confidence the difference lies between 9.74% and 11.8% less time (B takes between 1.11 and 1.13 times as long as A).
  Noise floor: 0.503%. Identical code measured against itself on this setup can look that different, so smaller differences mean nothing.
  Neighbouring measurements are correlated (autocorrelation +0.32), so they were resampled in blocks of 3.
  
  Verdict: RESOLVED. A is faster than B: the difference is real, as its interval excludes zero and it exceeds the noise floor.
  
  Warnings:
    - the program holds 143 MB of live data, more than the caches of many machines; for data that size, where it lies in memory can shift the result by several points in ways the interval does not cover, and differently in the next process; run the comparison in several processes with the multiproc package
    - candidate B drifted during the run: its measurements were 4.67% higher in the second half than in the first, so the machine did not hold still
    - the ratio B/A was 1.94% higher in the second half of the run than in the first, so the candidates had not reached a steady state and the difference depends on how long the run was; a common cause is a head start for whichever candidate ran alone last before the comparison or had its data built last, which a longer CollectOptions.WarmupDuration removes

== dirs natural n=16384 churn and build: ordered vs baseline
steady state, per insertion or deletion in a structure of 52542 elements (cycle of 137396 operations, first pass untimed):
  A: 340.7 ns per operation (median)
  B: 305.7 ns per operation (median)
  A needs 10.9% more time than B: B takes only 0.90 times as long as A.
  With 95% confidence the difference lies between 10.2% and 13% more time (B takes between 0.885 and 0.91 times as long as A).
  Noise floor: 0.462%. Identical code measured against itself on this setup can look that different, so smaller differences mean nothing.
  Neighbouring measurements are correlated (autocorrelation +0.48), so they were resampled in blocks of 3.
  
  Verdict: RESOLVED. A is slower than B: the difference is real, as its interval excludes zero and it exceeds the noise floor.
  
  Warnings:
    - the program holds 152 MB of live data, more than the caches of many machines; for data that size, where it lies in memory can shift the result by several points in ways the interval does not cover, and differently in the next process; run the comparison in several processes with the multiproc package
    - candidate A drifted during the run: its measurements were 3.42% lower in the second half than in the first, so the machine did not hold still
    - candidate B drifted during the run: its measurements were 4.62% lower in the second half than in the first, so the machine did not hold still

build from empty to 52542 elements, per whole build (188700 operations):
  A: 6.531e+07 ns per operation (median)
  B: 5.394e+07 ns per operation (median)
  A needs 20.9% more time than B: B takes only 0.83 times as long as A.
  With 95% confidence the difference lies between 20.4% and 21.5% more time (B takes between 0.823 and 0.83 times as long as A).
  Noise floor: 0.865%. Identical code measured against itself on this setup can look that different, so smaller differences mean nothing.
  Neighbouring measurements are nearly independent (autocorrelation +0.08), so they were resampled one by one.
  
  Verdict: RESOLVED. A is slower than B: the difference is real, as its interval excludes zero and it exceeds the noise floor.
  
  Warnings:
    - the program holds 143 MB of live data, more than the caches of many machines; for data that size, where it lies in memory can shift the result by several points in ways the interval does not cover, and differently in the next process; run the comparison in several processes with the multiproc package
    - in 50% of A/A runs this setup reported a difference between identical code, well above the 10% expected; treat any confidence from it with suspicion

checksum 15276300982166250141
== dirs natural n=16384 valuesFor: ordered vs btree-sets
A: 232.9 ns per operation (median)
B: 316 ns per operation (median)
A needs 26.7% less time than B: B takes 1.36 times as long as A.
With 95% confidence the difference lies between 22.8% and 29.5% less time (B takes between 1.29 and 1.42 times as long as A).
Noise floor: 2.17%. Identical code measured against itself on this setup can look that different, so smaller differences mean nothing.
Neighbouring measurements are nearly independent (autocorrelation -0.54), so they were resampled one by one.

Verdict: RESOLVED. A is faster than B: the difference is real, as its interval excludes zero and it exceeds the noise floor.

Warnings:
  - the program holds 140 MB of live data, more than the caches of many machines; for data that size, where it lies in memory can shift the result by several points in ways the interval does not cover, and differently in the next process; run the comparison in several processes with the multiproc package

== dirs natural n=16384 valuesFor: ordered vs baseline
A: 223 ns per operation (median)
B: 214 ns per operation (median)
A needs 3.42% more time than B: B takes only 0.97 times as long as A.
With 95% confidence the difference lies between 2.26% and 5.61% more time (B takes between 0.947 and 0.98 times as long as A).
Noise floor: 0.623%. Identical code measured against itself on this setup can look that different, so smaller differences mean nothing.
Neighbouring measurements are correlated (autocorrelation +0.56), so they were resampled in blocks of 3.

Verdict: RESOLVED. A is slower than B: the difference is real, as its interval excludes zero and it exceeds the noise floor.

Warnings:
  - the program holds 140 MB of live data, more than the caches of many machines; for data that size, where it lies in memory can shift the result by several points in ways the interval does not cover, and differently in the next process; run the comparison in several processes with the multiproc package

== dirs natural n=16384 valuesBetween: ordered vs btree-sets
A: 8086 ns per operation (median)
B: 1.536e+04 ns per operation (median)
A needs 46.3% less time than B: B takes 1.86 times as long as A.
With 95% confidence the difference lies between 44.1% and 48.4% less time (B takes between 1.79 and 1.94 times as long as A).
Noise floor: 2.62%. Identical code measured against itself on this setup can look that different, so smaller differences mean nothing.
Neighbouring measurements are nearly independent (autocorrelation -0.14), so they were resampled one by one.

Verdict: RESOLVED. A is faster than B: the difference is real, as its interval excludes zero and it exceeds the noise floor.

Warnings:
  - the program holds 140 MB of live data, more than the caches of many machines; for data that size, where it lies in memory can shift the result by several points in ways the interval does not cover, and differently in the next process; run the comparison in several processes with the multiproc package

== dirs natural n=16384 valuesBetween: ordered vs baseline
A: 8120 ns per operation (median)
B: 8656 ns per operation (median)
A needs 7.42% less time than B: B takes 1.08 times as long as A.
With 95% confidence the difference lies between 4.67% and 9.56% less time (B takes between 1.05 and 1.11 times as long as A).
Noise floor: 1.24%. Identical code measured against itself on this setup can look that different, so smaller differences mean nothing.
Neighbouring measurements are nearly independent (autocorrelation -0.18), so they were resampled one by one.

Verdict: RESOLVED. A is faster than B: the difference is real, as its interval excludes zero and it exceeds the noise floor.

Warnings:
  - the program holds 141 MB of live data, more than the caches of many machines; for data that size, where it lies in memory can shift the result by several points in ways the interval does not cover, and differently in the next process; run the comparison in several processes with the multiproc package

== dirs natural n=16384 prefix: ordered vs btree-sets
A: 3.209e+04 ns per operation (median)
B: 6.546e+04 ns per operation (median)
A needs 49.6% less time than B: B takes 1.99 times as long as A.
With 95% confidence the difference lies between 48.1% and 51% less time (B takes between 1.93 and 2.04 times as long as A).
Noise floor: 15.9%. Identical code measured against itself on this setup can look that different, so smaller differences mean nothing.
Neighbouring measurements are nearly independent (autocorrelation +0.09), so they were resampled one by one.

Verdict: RESOLVED. A is faster than B: the difference is real, as its interval excludes zero and it exceeds the noise floor.

Warnings:
  - the program holds 141 MB of live data, more than the caches of many machines; for data that size, where it lies in memory can shift the result by several points in ways the interval does not cover, and differently in the next process; run the comparison in several processes with the multiproc package
  - in 50% of A/A runs this setup reported a difference between identical code, well above the 10% expected; treat any confidence from it with suspicion

== dirs natural n=16384 prefix: ordered vs baseline
A: 3.576e+04 ns per operation (median)
B: 3.885e+04 ns per operation (median)
A needs 7.22% less time than B: B takes 1.08 times as long as A.
With 95% confidence the difference lies between 5.06% and 8.77% less time (B takes between 1.05 and 1.10 times as long as A).
Noise floor: 22.9%. Identical code measured against itself on this setup can look that different, so smaller differences mean nothing.
Neighbouring measurements are nearly independent (autocorrelation -0.00), so they were resampled one by one.

Verdict: NOT RESOLVED. This run did not establish which candidate is faster. That is not the same as "equally fast": the warnings below say what is missing.

Warnings:
  - the difference of 7.22% does not clear the 22.89% noise floor, which is what this setup reports between two runs of identical code
  - the program holds 142 MB of live data, more than the caches of many machines; for data that size, where it lies in memory can shift the result by several points in ways the interval does not cover, and differently in the next process; run the comparison in several processes with the multiproc package
  - in 50% of A/A runs this setup reported a difference between identical code, well above the 10% expected; treat any confidence from it with suspicion

== dirs natural n=16384 churn and build: ordered vs btree-sets
steady state, per insertion or deletion in a structure of 52542 elements (cycle of 137396 operations, first pass untimed):
  A: 360.5 ns per operation (median)
  B: 409.5 ns per operation (median)
  A needs 11.2% less time than B: B takes 1.13 times as long as A.
  With 95% confidence the difference lies between 10.2% and 13.9% less time (B takes between 1.11 and 1.16 times as long as A).
  Noise floor: 0.559%. Identical code measured against itself on this setup can look that different, so smaller differences mean nothing.
  Neighbouring measurements are correlated (autocorrelation +0.51), so they were resampled in blocks of 3.
  
  Verdict: RESOLVED. A is faster than B: the difference is real, as its interval excludes zero and it exceeds the noise floor.
  
  Warnings:
    - the program holds 155 MB of live data, more than the caches of many machines; for data that size, where it lies in memory can shift the result by several points in ways the interval does not cover, and differently in the next process; run the comparison in several processes with the multiproc package
    - candidate B drifted during the run: its measurements were 2.86% higher in the second half than in the first, so the machine did not hold still
    - the ratio B/A was 4.28% higher in the second half of the run than in the first, so the candidates had not reached a steady state and the difference depends on how long the run was; a common cause is a head start for whichever candidate ran alone last before the comparison or had its data built last, which a longer CollectOptions.WarmupDuration removes

build from empty to 52542 elements, per whole build (188700 operations):
  A: 6.533e+07 ns per operation (median)
  B: 7.305e+07 ns per operation (median)
  A needs 10.5% less time than B: B takes 1.12 times as long as A.
  With 95% confidence the difference lies between 10.3% and 10.8% less time (B takes between 1.11 and 1.12 times as long as A).
  Noise floor: 0.203%. Identical code measured against itself on this setup can look that different, so smaller differences mean nothing.
  Neighbouring measurements are nearly independent (autocorrelation +0.06), so they were resampled one by one.
  
  Verdict: RESOLVED. A is faster than B: the difference is real, as its interval excludes zero and it exceeds the noise floor.
  
  Warnings:
    - the program holds 143 MB of live data, more than the caches of many machines; for data that size, where it lies in memory can shift the result by several points in ways the interval does not cover, and differently in the next process; run the comparison in several processes with the multiproc package

== dirs natural n=16384 churn and build: ordered vs baseline
steady state, per insertion or deletion in a structure of 52542 elements (cycle of 137396 operations, first pass untimed):
  A: 336 ns per operation (median)
  B: 300.3 ns per operation (median)
  A needs 12.4% more time than B: B takes only 0.89 times as long as A.
  With 95% confidence the difference lies between 10.8% and 13.3% more time (B takes between 0.883 and 0.90 times as long as A).
  Noise floor: 0.687%. Identical code measured against itself on this setup can look that different, so smaller differences mean nothing.
  Neighbouring measurements are correlated (autocorrelation +0.24), so they were resampled in blocks of 3.
  
  Verdict: RESOLVED. A is slower than B: the difference is real, as its interval excludes zero and it exceeds the noise floor.
  
  Warnings:
    - the program holds 152 MB of live data, more than the caches of many machines; for data that size, where it lies in memory can shift the result by several points in ways the interval does not cover, and differently in the next process; run the comparison in several processes with the multiproc package
    - candidate B drifted during the run: its measurements were 3.01% higher in the second half than in the first, so the machine did not hold still
    - the ratio B/A was 2.54% higher in the second half of the run than in the first, so the candidates had not reached a steady state and the difference depends on how long the run was; a common cause is a head start for whichever candidate ran alone last before the comparison or had its data built last, which a longer CollectOptions.WarmupDuration removes

build from empty to 52542 elements, per whole build (188700 operations):
  A: 6.545e+07 ns per operation (median)
  B: 5.367e+07 ns per operation (median)
  A needs 22% more time than B: B takes only 0.82 times as long as A.
  With 95% confidence the difference lies between 21.4% and 22.3% more time (B takes between 0.817 and 0.82 times as long as A).
  Noise floor: 0.895%. Identical code measured against itself on this setup can look that different, so smaller differences mean nothing.
  Neighbouring measurements are correlated (autocorrelation +0.28), so they were resampled in blocks of 3.
  
  Verdict: RESOLVED. A is slower than B: the difference is real, as its interval excludes zero and it exceeds the noise floor.
  
  Warnings:
    - the program holds 143 MB of live data, more than the caches of many machines; for data that size, where it lies in memory can shift the result by several points in ways the interval does not cover, and differently in the next process; run the comparison in several processes with the multiproc package

checksum 968344395105781047
== dirs natural n=16384 valuesFor: ordered vs btree-sets
A: 239 ns per operation (median)
B: 323.2 ns per operation (median)
A needs 26.4% less time than B: B takes 1.36 times as long as A.
With 95% confidence the difference lies between 23.3% and 27.6% less time (B takes between 1.3 and 1.38 times as long as A).
Noise floor: 2.39%. Identical code measured against itself on this setup can look that different, so smaller differences mean nothing.
Neighbouring measurements are correlated (autocorrelation +0.32), so they were resampled in blocks of 3.

Verdict: RESOLVED. A is faster than B: the difference is real, as its interval excludes zero and it exceeds the noise floor.

Warnings:
  - the program holds 140 MB of live data, more than the caches of many machines; for data that size, where it lies in memory can shift the result by several points in ways the interval does not cover, and differently in the next process; run the comparison in several processes with the multiproc package

== dirs natural n=16384 valuesFor: ordered vs baseline
A: 223.8 ns per operation (median)
B: 214.1 ns per operation (median)
A needs 4.76% more time than B: B takes only 0.95 times as long as A.
With 95% confidence the difference lies between 3.67% and 6.25% more time (B takes between 0.941 and 0.96 times as long as A).
Noise floor: 1.14%. Identical code measured against itself on this setup can look that different, so smaller differences mean nothing.
Neighbouring measurements are nearly independent (autocorrelation -0.15), so they were resampled one by one.

Verdict: RESOLVED. A is slower than B: the difference is real, as its interval excludes zero and it exceeds the noise floor.

Warnings:
  - the program holds 140 MB of live data, more than the caches of many machines; for data that size, where it lies in memory can shift the result by several points in ways the interval does not cover, and differently in the next process; run the comparison in several processes with the multiproc package

== dirs natural n=16384 valuesBetween: ordered vs btree-sets
A: 8090 ns per operation (median)
B: 1.573e+04 ns per operation (median)
A needs 47.5% less time than B: B takes 1.90 times as long as A.
With 95% confidence the difference lies between 47.1% and 49.1% less time (B takes between 1.89 and 1.97 times as long as A).
Noise floor: 1.36%. Identical code measured against itself on this setup can look that different, so smaller differences mean nothing.
Neighbouring measurements are correlated (autocorrelation +0.20), so they were resampled in blocks of 3.

Verdict: RESOLVED. A is faster than B: the difference is real, as its interval excludes zero and it exceeds the noise floor.

Warnings:
  - the program holds 140 MB of live data, more than the caches of many machines; for data that size, where it lies in memory can shift the result by several points in ways the interval does not cover, and differently in the next process; run the comparison in several processes with the multiproc package

== dirs natural n=16384 valuesBetween: ordered vs baseline
A: 7962 ns per operation (median)
B: 8228 ns per operation (median)
A needs 3.46% less time than B: B takes 1.04 times as long as A.
With 95% confidence the difference lies between 2.16% and 4.29% less time (B takes between 1.02 and 1.04 times as long as A).
Noise floor: 0.912%. Identical code measured against itself on this setup can look that different, so smaller differences mean nothing.
Neighbouring measurements are correlated (autocorrelation +0.28), so they were resampled in blocks of 3.

Verdict: RESOLVED. A is faster than B: the difference is real, as its interval excludes zero and it exceeds the noise floor.

Warnings:
  - the program holds 141 MB of live data, more than the caches of many machines; for data that size, where it lies in memory can shift the result by several points in ways the interval does not cover, and differently in the next process; run the comparison in several processes with the multiproc package

== dirs natural n=16384 prefix: ordered vs btree-sets
A: 3.44e+04 ns per operation (median)
B: 6.856e+04 ns per operation (median)
A needs 51.4% less time than B: B takes 2.06 times as long as A.
With 95% confidence the difference lies between 48.5% and 52% less time (B takes between 1.94 and 2.08 times as long as A).
Noise floor: 15.6%. Identical code measured against itself on this setup can look that different, so smaller differences mean nothing.
Neighbouring measurements are nearly independent (autocorrelation +0.05), so they were resampled one by one.

Verdict: RESOLVED. A is faster than B: the difference is real, as its interval excludes zero and it exceeds the noise floor.

Warnings:
  - the program holds 142 MB of live data, more than the caches of many machines; for data that size, where it lies in memory can shift the result by several points in ways the interval does not cover, and differently in the next process; run the comparison in several processes with the multiproc package
  - in 50% of A/A runs this setup reported a difference between identical code, well above the 10% expected; treat any confidence from it with suspicion

== dirs natural n=16384 prefix: ordered vs baseline
A: 3.404e+04 ns per operation (median)
B: 3.72e+04 ns per operation (median)
A needs 8.07% less time than B: B takes 1.09 times as long as A.
With 95% confidence the difference lies between 4.83% and 8.84% less time (B takes between 1.05 and 1.10 times as long as A).
Noise floor: 13.6%. Identical code measured against itself on this setup can look that different, so smaller differences mean nothing.
Neighbouring measurements are nearly independent (autocorrelation +0.03), so they were resampled one by one.

Verdict: NOT RESOLVED. This run did not establish which candidate is faster. That is not the same as "equally fast": the warnings below say what is missing.

Warnings:
  - the difference of 8.07% does not clear the 13.56% noise floor, which is what this setup reports between two runs of identical code
  - the program holds 142 MB of live data, more than the caches of many machines; for data that size, where it lies in memory can shift the result by several points in ways the interval does not cover, and differently in the next process; run the comparison in several processes with the multiproc package
  - in 50% of A/A runs this setup reported a difference between identical code, well above the 10% expected; treat any confidence from it with suspicion

== dirs natural n=16384 churn and build: ordered vs btree-sets
steady state, per insertion or deletion in a structure of 52542 elements (cycle of 137396 operations, first pass untimed):
  A: 358.2 ns per operation (median)
  B: 411.2 ns per operation (median)
  A needs 12.4% less time than B: B takes 1.14 times as long as A.
  With 95% confidence the difference lies between 11.6% and 13.8% less time (B takes between 1.13 and 1.16 times as long as A).
  Noise floor: 0.807%. Identical code measured against itself on this setup can look that different, so smaller differences mean nothing.
  Neighbouring measurements are nearly independent (autocorrelation -0.01), so they were resampled one by one.
  
  Verdict: RESOLVED. A is faster than B: the difference is real, as its interval excludes zero and it exceeds the noise floor.
  
  Warnings:
    - the program holds 148 MB of live data, more than the caches of many machines; for data that size, where it lies in memory can shift the result by several points in ways the interval does not cover, and differently in the next process; run the comparison in several processes with the multiproc package

build from empty to 52542 elements, per whole build (188700 operations):
  A: 6.606e+07 ns per operation (median)
  B: 7.292e+07 ns per operation (median)
  A needs 9.62% less time than B: B takes 1.11 times as long as A.
  With 95% confidence the difference lies between 9.12% and 10.3% less time (B takes between 1.1 and 1.11 times as long as A).
  Noise floor: 0.316%. Identical code measured against itself on this setup can look that different, so smaller differences mean nothing.
  Neighbouring measurements are nearly independent (autocorrelation +0.02), so they were resampled one by one.
  
  Verdict: RESOLVED. A is faster than B: the difference is real, as its interval excludes zero and it exceeds the noise floor.
  
  Warnings:
    - the program holds 143 MB of live data, more than the caches of many machines; for data that size, where it lies in memory can shift the result by several points in ways the interval does not cover, and differently in the next process; run the comparison in several processes with the multiproc package

== dirs natural n=16384 churn and build: ordered vs baseline
steady state, per insertion or deletion in a structure of 52542 elements (cycle of 137396 operations, first pass untimed):
  A: 335.6 ns per operation (median)
  B: 298.7 ns per operation (median)
  A needs 12.6% more time than B: B takes only 0.89 times as long as A.
  With 95% confidence the difference lies between 10.6% and 13.3% more time (B takes between 0.883 and 0.90 times as long as A).
  Noise floor: 1.24%. Identical code measured against itself on this setup can look that different, so smaller differences mean nothing.
  Neighbouring measurements are correlated (autocorrelation +0.27), so they were resampled in blocks of 3.
  
  Verdict: RESOLVED. A is slower than B: the difference is real, as its interval excludes zero and it exceeds the noise floor.
  
  Warnings:
    - the program holds 152 MB of live data, more than the caches of many machines; for data that size, where it lies in memory can shift the result by several points in ways the interval does not cover, and differently in the next process; run the comparison in several processes with the multiproc package
    - candidate B drifted during the run: its measurements were 2.37% lower in the second half than in the first, so the machine did not hold still
    - in 50% of A/A runs this setup reported a difference between identical code, well above the 10% expected; treat any confidence from it with suspicion

build from empty to 52542 elements, per whole build (188700 operations):
  A: 6.509e+07 ns per operation (median)
  B: 5.384e+07 ns per operation (median)
  A needs 21.2% more time than B: B takes only 0.83 times as long as A.
  With 95% confidence the difference lies between 19.9% and 21.8% more time (B takes between 0.821 and 0.83 times as long as A).
  Noise floor: 0.229%. Identical code measured against itself on this setup can look that different, so smaller differences mean nothing.
  Neighbouring measurements are correlated (autocorrelation +0.42), so they were resampled in blocks of 3.
  
  Verdict: RESOLVED. A is slower than B: the difference is real, as its interval excludes zero and it exceeds the noise floor.
  
  Warnings:
    - the program holds 143 MB of live data, more than the caches of many machines; for data that size, where it lies in memory can shift the result by several points in ways the interval does not cover, and differently in the next process; run the comparison in several processes with the multiproc package
    - in 50% of A/A runs this setup reported a difference between identical code, well above the 10% expected; treat any confidence from it with suspicion

checksum 11708502857043527403
== dirs natural n=16384 valuesFor: ordered vs btree-sets
A: 233.8 ns per operation (median)
B: 315.5 ns per operation (median)
A needs 26.3% less time than B: B takes 1.36 times as long as A.
With 95% confidence the difference lies between 23.5% and 27.8% less time (B takes between 1.31 and 1.39 times as long as A).
Noise floor: 2.16%. Identical code measured against itself on this setup can look that different, so smaller differences mean nothing.
Neighbouring measurements are nearly independent (autocorrelation -0.63), so they were resampled one by one.

Verdict: RESOLVED. A is faster than B: the difference is real, as its interval excludes zero and it exceeds the noise floor.

Warnings:
  - the program holds 140 MB of live data, more than the caches of many machines; for data that size, where it lies in memory can shift the result by several points in ways the interval does not cover, and differently in the next process; run the comparison in several processes with the multiproc package

== dirs natural n=16384 valuesFor: ordered vs baseline
A: 221.5 ns per operation (median)
B: 211.2 ns per operation (median)
A needs 5.16% more time than B: B takes only 0.95 times as long as A.
With 95% confidence the difference lies between 3.56% and 7.27% more time (B takes between 0.932 and 0.97 times as long as A).
Noise floor: 0.813%. Identical code measured against itself on this setup can look that different, so smaller differences mean nothing.
Neighbouring measurements are nearly independent (autocorrelation -0.23), so they were resampled one by one.

Verdict: RESOLVED. A is slower than B: the difference is real, as its interval excludes zero and it exceeds the noise floor.

Warnings:
  - the program holds 140 MB of live data, more than the caches of many machines; for data that size, where it lies in memory can shift the result by several points in ways the interval does not cover, and differently in the next process; run the comparison in several processes with the multiproc package

== dirs natural n=16384 valuesBetween: ordered vs btree-sets
A: 8292 ns per operation (median)
B: 1.571e+04 ns per operation (median)
A needs 48.1% less time than B: B takes 1.93 times as long as A.
With 95% confidence the difference lies between 45.9% and 50.1% less time (B takes between 1.85 and 2.00 times as long as A).
Noise floor: 0.824%. Identical code measured against itself on this setup can look that different, so smaller differences mean nothing.
Neighbouring measurements are nearly independent (autocorrelation -0.07), so they were resampled one by one.

Verdict: RESOLVED. A is faster than B: the difference is real, as its interval excludes zero and it exceeds the noise floor.

Warnings:
  - the program holds 140 MB of live data, more than the caches of many machines; for data that size, where it lies in memory can shift the result by several points in ways the interval does not cover, and differently in the next process; run the comparison in several processes with the multiproc package
  - candidate A drifted during the run: its measurements were 4.45% lower in the second half than in the first, so the machine did not hold still
  - candidate B drifted during the run: its measurements were 2.35% lower in the second half than in the first, so the machine did not hold still

== dirs natural n=16384 valuesBetween: ordered vs baseline
A: 7872 ns per operation (median)
B: 8119 ns per operation (median)
A needs 3.57% less time than B: B takes 1.04 times as long as A.
With 95% confidence the difference lies between 2.65% and 5.09% less time (B takes between 1.03 and 1.05 times as long as A).
Noise floor: 2.21%. Identical code measured against itself on this setup can look that different, so smaller differences mean nothing.
Neighbouring measurements are nearly independent (autocorrelation +0.02), so they were resampled one by one.

Verdict: RESOLVED. A is faster than B: the difference is real, as its interval excludes zero and it exceeds the noise floor.

Warnings:
  - the program holds 141 MB of live data, more than the caches of many machines; for data that size, where it lies in memory can shift the result by several points in ways the interval does not cover, and differently in the next process; run the comparison in several processes with the multiproc package
  - in 50% of A/A runs this setup reported a difference between identical code, well above the 10% expected; treat any confidence from it with suspicion

== dirs natural n=16384 prefix: ordered vs btree-sets
A: 3.27e+04 ns per operation (median)
B: 6.654e+04 ns per operation (median)
A needs 50.2% less time than B: B takes 2.01 times as long as A.
With 95% confidence the difference lies between 48.6% and 51.7% less time (B takes between 1.95 and 2.07 times as long as A).
Noise floor: 18.8%. Identical code measured against itself on this setup can look that different, so smaller differences mean nothing.
Neighbouring measurements are nearly independent (autocorrelation +0.04), so they were resampled one by one.

Verdict: RESOLVED. A is faster than B: the difference is real, as its interval excludes zero and it exceeds the noise floor.

Warnings:
  - the program holds 140 MB of live data, more than the caches of many machines; for data that size, where it lies in memory can shift the result by several points in ways the interval does not cover, and differently in the next process; run the comparison in several processes with the multiproc package
  - in 50% of A/A runs this setup reported a difference between identical code, well above the 10% expected; treat any confidence from it with suspicion

== dirs natural n=16384 prefix: ordered vs baseline
A: 3.556e+04 ns per operation (median)
B: 3.858e+04 ns per operation (median)
A needs 6.42% less time than B: B takes 1.07 times as long as A.
With 95% confidence the difference lies between 4.63% and 8.21% less time (B takes between 1.05 and 1.09 times as long as A).
Noise floor: 18.1%. Identical code measured against itself on this setup can look that different, so smaller differences mean nothing.
Neighbouring measurements are nearly independent (autocorrelation +0.06), so they were resampled one by one.

Verdict: NOT RESOLVED. This run did not establish which candidate is faster. That is not the same as "equally fast": the warnings below say what is missing.

Warnings:
  - the difference of 6.42% does not clear the 18.07% noise floor, which is what this setup reports between two runs of identical code
  - the program holds 142 MB of live data, more than the caches of many machines; for data that size, where it lies in memory can shift the result by several points in ways the interval does not cover, and differently in the next process; run the comparison in several processes with the multiproc package
  - in 50% of A/A runs this setup reported a difference between identical code, well above the 10% expected; treat any confidence from it with suspicion

== dirs natural n=16384 churn and build: ordered vs btree-sets
steady state, per insertion or deletion in a structure of 52542 elements (cycle of 137396 operations, first pass untimed):
  A: 359.2 ns per operation (median)
  B: 423.5 ns per operation (median)
  A needs 14% less time than B: B takes 1.16 times as long as A.
  With 95% confidence the difference lies between 13% and 15.3% less time (B takes between 1.15 and 1.18 times as long as A).
  Noise floor: 0.752%. Identical code measured against itself on this setup can look that different, so smaller differences mean nothing.
  Neighbouring measurements are correlated (autocorrelation +0.22), so they were resampled in blocks of 3.
  
  Verdict: RESOLVED. A is faster than B: the difference is real, as its interval excludes zero and it exceeds the noise floor.
  
  Warnings:
    - the program holds 149 MB of live data, more than the caches of many machines; for data that size, where it lies in memory can shift the result by several points in ways the interval does not cover, and differently in the next process; run the comparison in several processes with the multiproc package
    - candidate B drifted during the run: its measurements were 1.37% higher in the second half than in the first, so the machine did not hold still

build from empty to 52542 elements, per whole build (188700 operations):
  A: 6.509e+07 ns per operation (median)
  B: 7.284e+07 ns per operation (median)
  A needs 10.7% less time than B: B takes 1.12 times as long as A.
  With 95% confidence the difference lies between 10.2% and 11% less time (B takes between 1.11 and 1.12 times as long as A).
  Noise floor: 0.292%. Identical code measured against itself on this setup can look that different, so smaller differences mean nothing.
  Neighbouring measurements are nearly independent (autocorrelation -0.08), so they were resampled one by one.
  
  Verdict: RESOLVED. A is faster than B: the difference is real, as its interval excludes zero and it exceeds the noise floor.
  
  Warnings:
    - the program holds 143 MB of live data, more than the caches of many machines; for data that size, where it lies in memory can shift the result by several points in ways the interval does not cover, and differently in the next process; run the comparison in several processes with the multiproc package
    - candidate A drifted during the run: its measurements were 0.802% lower in the second half than in the first, so the machine did not hold still

== dirs natural n=16384 churn and build: ordered vs baseline
steady state, per insertion or deletion in a structure of 52542 elements (cycle of 137396 operations, first pass untimed):
  A: 339.5 ns per operation (median)
  B: 304.2 ns per operation (median)
  A needs 11.5% more time than B: B takes only 0.90 times as long as A.
  With 95% confidence the difference lies between 10.1% and 12.4% more time (B takes between 0.889 and 0.91 times as long as A).
  Noise floor: 0.204%. Identical code measured against itself on this setup can look that different, so smaller differences mean nothing.
  Neighbouring measurements are correlated (autocorrelation +0.28), so they were resampled in blocks of 3.
  
  Verdict: RESOLVED. A is slower than B: the difference is real, as its interval excludes zero and it exceeds the noise floor.
  
  Warnings:
    - the program holds 152 MB of live data, more than the caches of many machines; for data that size, where it lies in memory can shift the result by several points in ways the interval does not cover, and differently in the next process; run the comparison in several processes with the multiproc package
    - candidate B drifted during the run: its measurements were 6.02% higher in the second half than in the first, so the machine did not hold still
    - the ratio B/A was 2.15% higher in the second half of the run than in the first, so the candidates had not reached a steady state and the difference depends on how long the run was; a common cause is a head start for whichever candidate ran alone last before the comparison or had its data built last, which a longer CollectOptions.WarmupDuration removes

build from empty to 52542 elements, per whole build (188700 operations):
  A: 6.489e+07 ns per operation (median)
  B: 5.357e+07 ns per operation (median)
  A needs 21.1% more time than B: B takes only 0.83 times as long as A.
  With 95% confidence the difference lies between 20.1% and 22% more time (B takes between 0.82 and 0.83 times as long as A).
  Noise floor: 0.296%. Identical code measured against itself on this setup can look that different, so smaller differences mean nothing.
  Neighbouring measurements are nearly independent (autocorrelation +0.03), so they were resampled one by one.
  
  Verdict: RESOLVED. A is slower than B: the difference is real, as its interval excludes zero and it exceeds the noise floor.
  
  Warnings:
    - the program holds 143 MB of live data, more than the caches of many machines; for data that size, where it lies in memory can shift the result by several points in ways the interval does not cover, and differently in the next process; run the comparison in several processes with the multiproc package

checksum 17914499775776776412
== dirs natural n=16384 valuesFor: ordered vs btree-sets
A: 242 ns per operation (median)
B: 343 ns per operation (median)
A needs 29.2% less time than B: B takes 1.41 times as long as A.
With 95% confidence the difference lies between 26% and 31.5% less time (B takes between 1.35 and 1.46 times as long as A).
Noise floor: 3.81%. Identical code measured against itself on this setup can look that different, so smaller differences mean nothing.
Neighbouring measurements are nearly independent (autocorrelation -0.40), so they were resampled one by one.

Verdict: RESOLVED. A is faster than B: the difference is real, as its interval excludes zero and it exceeds the noise floor.

Warnings:
  - the program holds 140 MB of live data, more than the caches of many machines; for data that size, where it lies in memory can shift the result by several points in ways the interval does not cover, and differently in the next process; run the comparison in several processes with the multiproc package
  - candidate B drifted during the run: its measurements were 4.23% lower in the second half than in the first, so the machine did not hold still

== dirs natural n=16384 valuesFor: ordered vs baseline
A: 230 ns per operation (median)
B: 219.2 ns per operation (median)
A needs 3.4% more time than B: B takes only 0.97 times as long as A.
With 95% confidence the difference lies between 5.2% more time and 0.861% less time (B takes between 0.951 and 1.01 times as long as A).
Noise floor: 1.04%. Identical code measured against itself on this setup can look that different, so smaller differences mean nothing.
Neighbouring measurements are nearly independent (autocorrelation -0.21), so they were resampled one by one.

Verdict: NOT RESOLVED. This run did not establish which candidate is faster. That is not the same as "equally fast": the warnings below say what is missing.

Warnings:
  - the interval [-5.20%, 0.86%] includes zero, so a difference in either direction is consistent with these measurements
  - the program holds 141 MB of live data, more than the caches of many machines; for data that size, where it lies in memory can shift the result by several points in ways the interval does not cover, and differently in the next process; run the comparison in several processes with the multiproc package
  - candidate A drifted during the run: its measurements were 14.8% higher in the second half than in the first, so the machine did not hold still
  - candidate B drifted during the run: its measurements were 19.9% higher in the second half than in the first, so the machine did not hold still
  - the ratio B/A was 7.96% higher in the second half of the run than in the first, so the candidates had not reached a steady state and the difference depends on how long the run was; a common cause is a head start for whichever candidate ran alone last before the comparison or had its data built last, which a longer CollectOptions.WarmupDuration removes

== dirs natural n=16384 valuesBetween: ordered vs btree-sets
A: 8082 ns per operation (median)
B: 1.546e+04 ns per operation (median)
A needs 48.1% less time than B: B takes 1.93 times as long as A.
With 95% confidence the difference lies between 45.3% and 49.2% less time (B takes between 1.83 and 1.97 times as long as A).
Noise floor: 2.85%. Identical code measured against itself on this setup can look that different, so smaller differences mean nothing.
Neighbouring measurements are correlated (autocorrelation +0.25), so they were resampled in blocks of 3.

Verdict: RESOLVED. A is faster than B: the difference is real, as its interval excludes zero and it exceeds the noise floor.

Warnings:
  - the program holds 140 MB of live data, more than the caches of many machines; for data that size, where it lies in memory can shift the result by several points in ways the interval does not cover, and differently in the next process; run the comparison in several processes with the multiproc package
  - in 50% of A/A runs this setup reported a difference between identical code, well above the 10% expected; treat any confidence from it with suspicion

== dirs natural n=16384 valuesBetween: ordered vs baseline
A: 7926 ns per operation (median)
B: 8180 ns per operation (median)
A needs 2.84% less time than B: B takes 1.03 times as long as A.
With 95% confidence the difference lies between 1.19% and 4.44% less time (B takes between 1.01 and 1.05 times as long as A).
Noise floor: 0.879%. Identical code measured against itself on this setup can look that different, so smaller differences mean nothing.
Neighbouring measurements are nearly independent (autocorrelation -0.16), so they were resampled one by one.

Verdict: RESOLVED. A is faster than B: the difference is real, as its interval excludes zero and it exceeds the noise floor.

Warnings:
  - the program holds 141 MB of live data, more than the caches of many machines; for data that size, where it lies in memory can shift the result by several points in ways the interval does not cover, and differently in the next process; run the comparison in several processes with the multiproc package

== dirs natural n=16384 prefix: ordered vs btree-sets
A: 3.297e+04 ns per operation (median)
B: 6.67e+04 ns per operation (median)
A needs 50.2% less time than B: B takes 2.01 times as long as A.
With 95% confidence the difference lies between 48.5% and 51.9% less time (B takes between 1.94 and 2.08 times as long as A).
Noise floor: 13.5%. Identical code measured against itself on this setup can look that different, so smaller differences mean nothing.
Neighbouring measurements are nearly independent (autocorrelation +0.05), so they were resampled one by one.

Verdict: RESOLVED. A is faster than B: the difference is real, as its interval excludes zero and it exceeds the noise floor.

Warnings:
  - the program holds 142 MB of live data, more than the caches of many machines; for data that size, where it lies in memory can shift the result by several points in ways the interval does not cover, and differently in the next process; run the comparison in several processes with the multiproc package
  - in 50% of A/A runs this setup reported a difference between identical code, well above the 10% expected; treat any confidence from it with suspicion

== dirs natural n=16384 prefix: ordered vs baseline
A: 3.518e+04 ns per operation (median)
B: 3.994e+04 ns per operation (median)
A needs 8.01% less time than B: B takes 1.09 times as long as A.
With 95% confidence the difference lies between 5.51% and 9.06% less time (B takes between 1.06 and 1.10 times as long as A).
Noise floor: 21.2%. Identical code measured against itself on this setup can look that different, so smaller differences mean nothing.
Neighbouring measurements are nearly independent (autocorrelation +0.09), so they were resampled one by one.

Verdict: NOT RESOLVED. This run did not establish which candidate is faster. That is not the same as "equally fast": the warnings below say what is missing.

Warnings:
  - the difference of 8.01% does not clear the 21.22% noise floor, which is what this setup reports between two runs of identical code
  - the program holds 142 MB of live data, more than the caches of many machines; for data that size, where it lies in memory can shift the result by several points in ways the interval does not cover, and differently in the next process; run the comparison in several processes with the multiproc package
  - in 50% of A/A runs this setup reported a difference between identical code, well above the 10% expected; treat any confidence from it with suspicion

== dirs natural n=16384 churn and build: ordered vs btree-sets
steady state, per insertion or deletion in a structure of 52542 elements (cycle of 137396 operations, first pass untimed):
  A: 357.5 ns per operation (median)
  B: 408.7 ns per operation (median)
  A needs 11.5% less time than B: B takes 1.13 times as long as A.
  With 95% confidence the difference lies between 10.9% and 13.5% less time (B takes between 1.12 and 1.16 times as long as A).
  Noise floor: 1.55%. Identical code measured against itself on this setup can look that different, so smaller differences mean nothing.
  Neighbouring measurements are nearly independent (autocorrelation -0.07), so they were resampled one by one.
  
  Verdict: RESOLVED. A is faster than B: the difference is real, as its interval excludes zero and it exceeds the noise floor.
  
  Warnings:
    - the program holds 156 MB of live data, more than the caches of many machines; for data that size, where it lies in memory can shift the result by several points in ways the interval does not cover, and differently in the next process; run the comparison in several processes with the multiproc package

build from empty to 52542 elements, per whole build (188700 operations):
  A: 6.536e+07 ns per operation (median)
  B: 7.329e+07 ns per operation (median)
  A needs 10.7% less time than B: B takes 1.12 times as long as A.
  With 95% confidence the difference lies between 10.3% and 11.3% less time (B takes between 1.11 and 1.13 times as long as A).
  Noise floor: 0.513%. Identical code measured against itself on this setup can look that different, so smaller differences mean nothing.
  Neighbouring measurements are nearly independent (autocorrelation +0.12), so they were resampled one by one.
  
  Verdict: RESOLVED. A is faster than B: the difference is real, as its interval excludes zero and it exceeds the noise floor.
  
  Warnings:
    - the program holds 143 MB of live data, more than the caches of many machines; for data that size, where it lies in memory can shift the result by several points in ways the interval does not cover, and differently in the next process; run the comparison in several processes with the multiproc package
    - in 50% of A/A runs this setup reported a difference between identical code, well above the 10% expected; treat any confidence from it with suspicion

== dirs natural n=16384 churn and build: ordered vs baseline
steady state, per insertion or deletion in a structure of 52542 elements (cycle of 137396 operations, first pass untimed):
  A: 339.7 ns per operation (median)
  B: 309.8 ns per operation (median)
  A needs 10.6% more time than B: B takes only 0.90 times as long as A.
  With 95% confidence the difference lies between 9.99% and 11.4% more time (B takes between 0.898 and 0.91 times as long as A).
  Noise floor: 0.82%. Identical code measured against itself on this setup can look that different, so smaller differences mean nothing.
  Neighbouring measurements are correlated (autocorrelation +0.37), so they were resampled in blocks of 3.
  
  Verdict: RESOLVED. A is slower than B: the difference is real, as its interval excludes zero and it exceeds the noise floor.
  
  Warnings:
    - the program holds 152 MB of live data, more than the caches of many machines; for data that size, where it lies in memory can shift the result by several points in ways the interval does not cover, and differently in the next process; run the comparison in several processes with the multiproc package
    - candidate A drifted during the run: its measurements were 1.72% higher in the second half than in the first, so the machine did not hold still
    - candidate B drifted during the run: its measurements were 1.93% higher in the second half than in the first, so the machine did not hold still

build from empty to 52542 elements, per whole build (188700 operations):
  A: 7.079e+07 ns per operation (median)
  B: 6.357e+07 ns per operation (median)
  A needs 18.6% more time than B: B takes only 0.84 times as long as A.
  With 95% confidence the difference lies between 16.4% and 24.7% more time (B takes between 0.802 and 0.86 times as long as A).
  Noise floor: 0.659%. Identical code measured against itself on this setup can look that different, so smaller differences mean nothing.
  Neighbouring measurements are correlated (autocorrelation +0.37), so they were resampled in blocks of 3.
  
  Verdict: RESOLVED. A is slower than B: the difference is real, as its interval excludes zero and it exceeds the noise floor.
  
  Warnings:
    - the program holds 143 MB of live data, more than the caches of many machines; for data that size, where it lies in memory can shift the result by several points in ways the interval does not cover, and differently in the next process; run the comparison in several processes with the multiproc package
    - candidate A drifted during the run: its measurements were 33.7% higher in the second half than in the first, so the machine did not hold still
    - candidate B drifted during the run: its measurements were 8.61% higher in the second half than in the first, so the machine did not hold still
    - in 100% of A/A runs this setup reported a difference between identical code, well above the 10% expected; treat any confidence from it with suspicion

checksum 11413158107117238958
== dirs natural n=16384 valuesFor: ordered vs btree-sets
A: 236.9 ns per operation (median)
B: 319.9 ns per operation (median)
A needs 25.2% less time than B: B takes 1.34 times as long as A.
With 95% confidence the difference lies between 22.8% and 27.7% less time (B takes between 1.3 and 1.38 times as long as A).
Noise floor: 0.93%. Identical code measured against itself on this setup can look that different, so smaller differences mean nothing.
Neighbouring measurements are correlated (autocorrelation +0.40), so they were resampled in blocks of 3.

Verdict: RESOLVED. A is faster than B: the difference is real, as its interval excludes zero and it exceeds the noise floor.

Warnings:
  - the program holds 140 MB of live data, more than the caches of many machines; for data that size, where it lies in memory can shift the result by several points in ways the interval does not cover, and differently in the next process; run the comparison in several processes with the multiproc package

== dirs natural n=16384 valuesFor: ordered vs baseline
A: 223 ns per operation (median)
B: 212 ns per operation (median)
A needs 5.41% more time than B: B takes only 0.95 times as long as A.
With 95% confidence the difference lies between 3.93% and 6.3% more time (B takes between 0.941 and 0.96 times as long as A).
Noise floor: 1.64%. Identical code measured against itself on this setup can look that different, so smaller differences mean nothing.
Neighbouring measurements are correlated (autocorrelation +0.43), so they were resampled in blocks of 3.

Verdict: RESOLVED. A is slower than B: the difference is real, as its interval excludes zero and it exceeds the noise floor.

Warnings:
  - the program holds 140 MB of live data, more than the caches of many machines; for data that size, where it lies in memory can shift the result by several points in ways the interval does not cover, and differently in the next process; run the comparison in several processes with the multiproc package

== dirs natural n=16384 valuesBetween: ordered vs btree-sets
A: 8541 ns per operation (median)
B: 1.585e+04 ns per operation (median)
A needs 47.6% less time than B: B takes 1.91 times as long as A.
With 95% confidence the difference lies between 45.4% and 48.9% less time (B takes between 1.83 and 1.96 times as long as A).
Noise floor: 1.8%. Identical code measured against itself on this setup can look that different, so smaller differences mean nothing.
Neighbouring measurements are nearly independent (autocorrelation +0.20), so they were resampled one by one.

Verdict: RESOLVED. A is faster than B: the difference is real, as its interval excludes zero and it exceeds the noise floor.

Warnings:
  - the program holds 140 MB of live data, more than the caches of many machines; for data that size, where it lies in memory can shift the result by several points in ways the interval does not cover, and differently in the next process; run the comparison in several processes with the multiproc package
  - in 50% of A/A runs this setup reported a difference between identical code, well above the 10% expected; treat any confidence from it with suspicion

== dirs natural n=16384 valuesBetween: ordered vs baseline
A: 7926 ns per operation (median)
B: 8184 ns per operation (median)
A needs 3.55% less time than B: B takes 1.04 times as long as A.
With 95% confidence the difference lies between 1.03% more time and 5.87% less time (B takes between 0.99 and 1.06 times as long as A).
Noise floor: 2.14%. Identical code measured against itself on this setup can look that different, so smaller differences mean nothing.
Neighbouring measurements are nearly independent (autocorrelation -0.07), so they were resampled one by one.

Verdict: NOT RESOLVED. This run did not establish which candidate is faster. That is not the same as "equally fast": the warnings below say what is missing.

Warnings:
  - the interval [-1.03%, 5.87%] includes zero, so a difference in either direction is consistent with these measurements
  - the program holds 141 MB of live data, more than the caches of many machines; for data that size, where it lies in memory can shift the result by several points in ways the interval does not cover, and differently in the next process; run the comparison in several processes with the multiproc package

== dirs natural n=16384 prefix: ordered vs btree-sets
A: 3.242e+04 ns per operation (median)
B: 6.807e+04 ns per operation (median)
A needs 50.6% less time than B: B takes 2.03 times as long as A.
With 95% confidence the difference lies between 48% and 51.5% less time (B takes between 1.92 and 2.06 times as long as A).
Noise floor: 14%. Identical code measured against itself on this setup can look that different, so smaller differences mean nothing.
Neighbouring measurements are nearly independent (autocorrelation +0.02), so they were resampled one by one.

Verdict: RESOLVED. A is faster than B: the difference is real, as its interval excludes zero and it exceeds the noise floor.

Warnings:
  - the program holds 140 MB of live data, more than the caches of many machines; for data that size, where it lies in memory can shift the result by several points in ways the interval does not cover, and differently in the next process; run the comparison in several processes with the multiproc package
  - in 50% of A/A runs this setup reported a difference between identical code, well above the 10% expected; treat any confidence from it with suspicion

== dirs natural n=16384 prefix: ordered vs baseline
A: 3.551e+04 ns per operation (median)
B: 3.812e+04 ns per operation (median)
A needs 6.04% less time than B: B takes 1.06 times as long as A.
With 95% confidence the difference lies between 3.65% and 7.92% less time (B takes between 1.04 and 1.09 times as long as A).
Noise floor: 20.6%. Identical code measured against itself on this setup can look that different, so smaller differences mean nothing.
Neighbouring measurements are nearly independent (autocorrelation +0.06), so they were resampled one by one.

Verdict: NOT RESOLVED. This run did not establish which candidate is faster. That is not the same as "equally fast": the warnings below say what is missing.

Warnings:
  - the difference of 6.04% does not clear the 20.59% noise floor, which is what this setup reports between two runs of identical code
  - the program holds 142 MB of live data, more than the caches of many machines; for data that size, where it lies in memory can shift the result by several points in ways the interval does not cover, and differently in the next process; run the comparison in several processes with the multiproc package
  - in 50% of A/A runs this setup reported a difference between identical code, well above the 10% expected; treat any confidence from it with suspicion

== dirs natural n=16384 churn and build: ordered vs btree-sets
steady state, per insertion or deletion in a structure of 52542 elements (cycle of 137396 operations, first pass untimed):
  A: 367.2 ns per operation (median)
  B: 429.4 ns per operation (median)
  A needs 14.3% less time than B: B takes 1.17 times as long as A.
  With 95% confidence the difference lies between 12.5% and 16% less time (B takes between 1.14 and 1.19 times as long as A).
  Noise floor: 1.28%. Identical code measured against itself on this setup can look that different, so smaller differences mean nothing.
  Neighbouring measurements are nearly independent (autocorrelation +0.08), so they were resampled one by one.
  
  Verdict: RESOLVED. A is faster than B: the difference is real, as its interval excludes zero and it exceeds the noise floor.
  
  Warnings:
    - the program holds 150 MB of live data, more than the caches of many machines; for data that size, where it lies in memory can shift the result by several points in ways the interval does not cover, and differently in the next process; run the comparison in several processes with the multiproc package
    - 6.2% of bootstrap replicates tied, so the measurement is coarse relative to the question; lower CollectOptions.MaxQuantizationError to lengthen the batches

build from empty to 52542 elements, per whole build (188700 operations):
  A: 6.532e+07 ns per operation (median)
  B: 7.358e+07 ns per operation (median)
  A needs 11.1% less time than B: B takes 1.13 times as long as A.
  With 95% confidence the difference lies between 10.6% and 11.4% less time (B takes between 1.12 and 1.13 times as long as A).
  Noise floor: 0.253%. Identical code measured against itself on this setup can look that different, so smaller differences mean nothing.
  Neighbouring measurements are nearly independent (autocorrelation +0.09), so they were resampled one by one.
  
  Verdict: RESOLVED. A is faster than B: the difference is real, as its interval excludes zero and it exceeds the noise floor.
  
  Warnings:
    - the program holds 143 MB of live data, more than the caches of many machines; for data that size, where it lies in memory can shift the result by several points in ways the interval does not cover, and differently in the next process; run the comparison in several processes with the multiproc package

== dirs natural n=16384 churn and build: ordered vs baseline
steady state, per insertion or deletion in a structure of 52542 elements (cycle of 137396 operations, first pass untimed):
  A: 341.7 ns per operation (median)
  B: 310 ns per operation (median)
  A needs 10.5% more time than B: B takes only 0.91 times as long as A.
  With 95% confidence the difference lies between 9.53% and 11.7% more time (B takes between 0.895 and 0.91 times as long as A).
  Noise floor: 0.685%. Identical code measured against itself on this setup can look that different, so smaller differences mean nothing.
  Neighbouring measurements are correlated (autocorrelation +0.44), so they were resampled in blocks of 3.
  
  Verdict: RESOLVED. A is slower than B: the difference is real, as its interval excludes zero and it exceeds the noise floor.
  
  Warnings:
    - the program holds 151 MB of live data, more than the caches of many machines; for data that size, where it lies in memory can shift the result by several points in ways the interval does not cover, and differently in the next process; run the comparison in several processes with the multiproc package
    - candidate A drifted during the run: its measurements were 2.93% lower in the second half than in the first, so the machine did not hold still
    - candidate B drifted during the run: its measurements were 5% lower in the second half than in the first, so the machine did not hold still

build from empty to 52542 elements, per whole build (188700 operations):
  A: 6.561e+07 ns per operation (median)
  B: 5.406e+07 ns per operation (median)
  A needs 21.4% more time than B: B takes only 0.82 times as long as A.
  With 95% confidence the difference lies between 21.1% and 22.1% more time (B takes between 0.819 and 0.83 times as long as A).
  Noise floor: 0.634%. Identical code measured against itself on this setup can look that different, so smaller differences mean nothing.
  Neighbouring measurements are nearly independent (autocorrelation -0.01), so they were resampled one by one.
  
  Verdict: RESOLVED. A is slower than B: the difference is real, as its interval excludes zero and it exceeds the noise floor.
  
  Warnings:
    - the program holds 143 MB of live data, more than the caches of many machines; for data that size, where it lies in memory can shift the result by several points in ways the interval does not cover, and differently in the next process; run the comparison in several processes with the multiproc package

checksum 4245609171561938439
== dirs natural n=16384 valuesFor: ordered vs btree-sets
A: 231 ns per operation (median)
B: 307.7 ns per operation (median)
A needs 24% less time than B: B takes 1.32 times as long as A.
With 95% confidence the difference lies between 23% and 27.2% less time (B takes between 1.3 and 1.37 times as long as A).
Noise floor: 2.9%. Identical code measured against itself on this setup can look that different, so smaller differences mean nothing.
Neighbouring measurements are nearly independent (autocorrelation +0.13), so they were resampled one by one.

Verdict: RESOLVED. A is faster than B: the difference is real, as its interval excludes zero and it exceeds the noise floor.

Warnings:
  - the program holds 140 MB of live data, more than the caches of many machines; for data that size, where it lies in memory can shift the result by several points in ways the interval does not cover, and differently in the next process; run the comparison in several processes with the multiproc package

== dirs natural n=16384 valuesFor: ordered vs baseline
A: 223.4 ns per operation (median)
B: 211.8 ns per operation (median)
A needs 5.03% more time than B: B takes only 0.95 times as long as A.
With 95% confidence the difference lies between 3.89% and 6.57% more time (B takes between 0.938 and 0.96 times as long as A).
Noise floor: 0.898%. Identical code measured against itself on this setup can look that different, so smaller differences mean nothing.
Neighbouring measurements are nearly independent (autocorrelation +0.16), so they were resampled one by one.

Verdict: RESOLVED. A is slower than B: the difference is real, as its interval excludes zero and it exceeds the noise floor.

Warnings:
  - the program holds 140 MB of live data, more than the caches of many machines; for data that size, where it lies in memory can shift the result by several points in ways the interval does not cover, and differently in the next process; run the comparison in several processes with the multiproc package

== dirs natural n=16384 valuesBetween: ordered vs btree-sets
A: 8082 ns per operation (median)
B: 1.531e+04 ns per operation (median)
A needs 47.7% less time than B: B takes 1.91 times as long as A.
With 95% confidence the difference lies between 46% and 49% less time (B takes between 1.85 and 1.96 times as long as A).
Noise floor: 2.54%. Identical code measured against itself on this setup can look that different, so smaller differences mean nothing.
Neighbouring measurements are nearly independent (autocorrelation +0.20), so they were resampled one by one.

Verdict: RESOLVED. A is faster than B: the difference is real, as its interval excludes zero and it exceeds the noise floor.

Warnings:
  - the program holds 140 MB of live data, more than the caches of many machines; for data that size, where it lies in memory can shift the result by several points in ways the interval does not cover, and differently in the next process; run the comparison in several processes with the multiproc package

== dirs natural n=16384 valuesBetween: ordered vs baseline
A: 7893 ns per operation (median)
B: 8139 ns per operation (median)
A needs 4.1% less time than B: B takes 1.04 times as long as A.
With 95% confidence the difference lies between 2.17% and 5.36% less time (B takes between 1.02 and 1.06 times as long as A).
Noise floor: 0.801%. Identical code measured against itself on this setup can look that different, so smaller differences mean nothing.
Neighbouring measurements are correlated (autocorrelation +0.37), so they were resampled in blocks of 3.

Verdict: RESOLVED. A is faster than B: the difference is real, as its interval excludes zero and it exceeds the noise floor.

Warnings:
  - the program holds 141 MB of live data, more than the caches of many machines; for data that size, where it lies in memory can shift the result by several points in ways the interval does not cover, and differently in the next process; run the comparison in several processes with the multiproc package

== dirs natural n=16384 prefix: ordered vs btree-sets
A: 3.21e+04 ns per operation (median)
B: 6.614e+04 ns per operation (median)
A needs 50.9% less time than B: B takes 2.04 times as long as A.
With 95% confidence the difference lies between 48.6% and 51.8% less time (B takes between 1.95 and 2.08 times as long as A).
Noise floor: 15.9%. Identical code measured against itself on this setup can look that different, so smaller differences mean nothing.
Neighbouring measurements are nearly independent (autocorrelation +0.07), so they were resampled one by one.

Verdict: RESOLVED. A is faster than B: the difference is real, as its interval excludes zero and it exceeds the noise floor.

Warnings:
  - the program holds 142 MB of live data, more than the caches of many machines; for data that size, where it lies in memory can shift the result by several points in ways the interval does not cover, and differently in the next process; run the comparison in several processes with the multiproc package
  - in 50% of A/A runs this setup reported a difference between identical code, well above the 10% expected; treat any confidence from it with suspicion

== dirs natural n=16384 prefix: ordered vs baseline
A: 3.558e+04 ns per operation (median)
B: 3.998e+04 ns per operation (median)
A needs 9.95% less time than B: B takes 1.11 times as long as A.
With 95% confidence the difference lies between 6.34% and 11% less time (B takes between 1.07 and 1.12 times as long as A).
Noise floor: 17.9%. Identical code measured against itself on this setup can look that different, so smaller differences mean nothing.
Neighbouring measurements are nearly independent (autocorrelation +0.06), so they were resampled one by one.

Verdict: NOT RESOLVED. This run did not establish which candidate is faster. That is not the same as "equally fast": the warnings below say what is missing.

Warnings:
  - the difference of 9.95% does not clear the 17.89% noise floor, which is what this setup reports between two runs of identical code
  - the program holds 142 MB of live data, more than the caches of many machines; for data that size, where it lies in memory can shift the result by several points in ways the interval does not cover, and differently in the next process; run the comparison in several processes with the multiproc package
  - in 50% of A/A runs this setup reported a difference between identical code, well above the 10% expected; treat any confidence from it with suspicion

== dirs natural n=16384 churn and build: ordered vs btree-sets
steady state, per insertion or deletion in a structure of 52542 elements (cycle of 137396 operations, first pass untimed):
  A: 359.1 ns per operation (median)
  B: 410.8 ns per operation (median)
  A needs 12.9% less time than B: B takes 1.15 times as long as A.
  With 95% confidence the difference lies between 11.3% and 14.6% less time (B takes between 1.13 and 1.17 times as long as A).
  Noise floor: 0.789%. Identical code measured against itself on this setup can look that different, so smaller differences mean nothing.
  Neighbouring measurements are correlated (autocorrelation +0.33), so they were resampled in blocks of 3.
  
  Verdict: RESOLVED. A is faster than B: the difference is real, as its interval excludes zero and it exceeds the noise floor.
  
  Warnings:
    - the program holds 155 MB of live data, more than the caches of many machines; for data that size, where it lies in memory can shift the result by several points in ways the interval does not cover, and differently in the next process; run the comparison in several processes with the multiproc package

build from empty to 52542 elements, per whole build (188700 operations):
  A: 6.532e+07 ns per operation (median)
  B: 7.334e+07 ns per operation (median)
  A needs 11% less time than B: B takes 1.12 times as long as A.
  With 95% confidence the difference lies between 9.84% and 11% less time (B takes between 1.11 and 1.12 times as long as A).
  Noise floor: 0.281%. Identical code measured against itself on this setup can look that different, so smaller differences mean nothing.
  Neighbouring measurements are correlated (autocorrelation +0.49), so they were resampled in blocks of 3.
  
  Verdict: RESOLVED. A is faster than B: the difference is real, as its interval excludes zero and it exceeds the noise floor.
  
  Warnings:
    - the program holds 143 MB of live data, more than the caches of many machines; for data that size, where it lies in memory can shift the result by several points in ways the interval does not cover, and differently in the next process; run the comparison in several processes with the multiproc package

== dirs natural n=16384 churn and build: ordered vs baseline
steady state, per insertion or deletion in a structure of 52542 elements (cycle of 137396 operations, first pass untimed):
  A: 342.4 ns per operation (median)
  B: 317.5 ns per operation (median)
  A needs 8.14% more time than B: B takes only 0.92 times as long as A.
  With 95% confidence the difference lies between 7.48% and 9.59% more time (B takes between 0.912 and 0.93 times as long as A).
  Noise floor: 0.29%. Identical code measured against itself on this setup can look that different, so smaller differences mean nothing.
  Neighbouring measurements are correlated (autocorrelation +0.47), so they were resampled in blocks of 3.
  
  Verdict: RESOLVED. A is slower than B: the difference is real, as its interval excludes zero and it exceeds the noise floor.
  
  Warnings:
    - the program holds 151 MB of live data, more than the caches of many machines; for data that size, where it lies in memory can shift the result by several points in ways the interval does not cover, and differently in the next process; run the comparison in several processes with the multiproc package
    - the ratio B/A was 1.67% higher in the second half of the run than in the first, so the candidates had not reached a steady state and the difference depends on how long the run was; a common cause is a head start for whichever candidate ran alone last before the comparison or had its data built last, which a longer CollectOptions.WarmupDuration removes

build from empty to 52542 elements, per whole build (188700 operations):
  A: 6.508e+07 ns per operation (median)
  B: 5.366e+07 ns per operation (median)
  A needs 21.5% more time than B: B takes only 0.82 times as long as A.
  With 95% confidence the difference lies between 20.9% and 22.1% more time (B takes between 0.819 and 0.83 times as long as A).
  Noise floor: 0.257%. Identical code measured against itself on this setup can look that different, so smaller differences mean nothing.
  Neighbouring measurements are nearly independent (autocorrelation -0.01), so they were resampled one by one.
  
  Verdict: RESOLVED. A is slower than B: the difference is real, as its interval excludes zero and it exceeds the noise floor.
  
  Warnings:
    - the program holds 143 MB of live data, more than the caches of many machines; for data that size, where it lies in memory can shift the result by several points in ways the interval does not cover, and differently in the next process; run the comparison in several processes with the multiproc package

checksum 4999913824225366066
== dirs natural n=16384 valuesFor: ordered vs btree-sets
A: 250.2 ns per operation (median)
B: 374.6 ns per operation (median)
A needs 34.5% less time than B: B takes 1.53 times as long as A.
With 95% confidence the difference lies between 31.6% and 36.2% less time (B takes between 1.46 and 1.57 times as long as A).
Noise floor: 2.7%. Identical code measured against itself on this setup can look that different, so smaller differences mean nothing.
Neighbouring measurements are correlated (autocorrelation +0.40), so they were resampled in blocks of 3.

Verdict: RESOLVED. A is faster than B: the difference is real, as its interval excludes zero and it exceeds the noise floor.

Warnings:
  - the program holds 140 MB of live data, more than the caches of many machines; for data that size, where it lies in memory can shift the result by several points in ways the interval does not cover, and differently in the next process; run the comparison in several processes with the multiproc package

== dirs natural n=16384 valuesFor: ordered vs baseline
A: 222.7 ns per operation (median)
B: 211.7 ns per operation (median)
A needs 5.14% more time than B: B takes only 0.95 times as long as A.
With 95% confidence the difference lies between 4.17% and 6.22% more time (B takes between 0.941 and 0.96 times as long as A).
Noise floor: 0.923%. Identical code measured against itself on this setup can look that different, so smaller differences mean nothing.
Neighbouring measurements are nearly independent (autocorrelation -0.02), so they were resampled one by one.

Verdict: RESOLVED. A is slower than B: the difference is real, as its interval excludes zero and it exceeds the noise floor.

Warnings:
  - the program holds 140 MB of live data, more than the caches of many machines; for data that size, where it lies in memory can shift the result by several points in ways the interval does not cover, and differently in the next process; run the comparison in several processes with the multiproc package

== dirs natural n=16384 valuesBetween: ordered vs btree-sets
A: 8185 ns per operation (median)
B: 1.552e+04 ns per operation (median)
A needs 47.3% less time than B: B takes 1.90 times as long as A.
With 95% confidence the difference lies between 45.3% and 49.2% less time (B takes between 1.83 and 1.97 times as long as A).
Noise floor: 2.08%. Identical code measured against itself on this setup can look that different, so smaller differences mean nothing.
Neighbouring measurements are nearly independent (autocorrelation -0.08), so they were resampled one by one.

Verdict: RESOLVED. A is faster than B: the difference is real, as its interval excludes zero and it exceeds the noise floor.

Warnings:
  - the program holds 140 MB of live data, more than the caches of many machines; for data that size, where it lies in memory can shift the result by several points in ways the interval does not cover, and differently in the next process; run the comparison in several processes with the multiproc package

== dirs natural n=16384 valuesBetween: ordered vs baseline
A: 7858 ns per operation (median)
B: 8225 ns per operation (median)
A needs 3.68% less time than B: B takes 1.04 times as long as A.
With 95% confidence the difference lies between 1.92% and 5.74% less time (B takes between 1.02 and 1.06 times as long as A).
Noise floor: 1.27%. Identical code measured against itself on this setup can look that different, so smaller differences mean nothing.
Neighbouring measurements are nearly independent (autocorrelation -0.15), so they were resampled one by one.

Verdict: RESOLVED. A is faster than B: the difference is real, as its interval excludes zero and it exceeds the noise floor.

Warnings:
  - the program holds 141 MB of live data, more than the caches of many machines; for data that size, where it lies in memory can shift the result by several points in ways the interval does not cover, and differently in the next process; run the comparison in several processes with the multiproc package

== dirs natural n=16384 prefix: ordered vs btree-sets
A: 3.212e+04 ns per operation (median)
B: 6.659e+04 ns per operation (median)
A needs 50.2% less time than B: B takes 2.01 times as long as A.
With 95% confidence the difference lies between 48.4% and 51.7% less time (B takes between 1.94 and 2.07 times as long as A).
Noise floor: 14%. Identical code measured against itself on this setup can look that different, so smaller differences mean nothing.
Neighbouring measurements are nearly independent (autocorrelation +0.06), so they were resampled one by one.

Verdict: RESOLVED. A is faster than B: the difference is real, as its interval excludes zero and it exceeds the noise floor.

Warnings:
  - the program holds 141 MB of live data, more than the caches of many machines; for data that size, where it lies in memory can shift the result by several points in ways the interval does not cover, and differently in the next process; run the comparison in several processes with the multiproc package
  - in 50% of A/A runs this setup reported a difference between identical code, well above the 10% expected; treat any confidence from it with suspicion

== dirs natural n=16384 prefix: ordered vs baseline
A: 3.542e+04 ns per operation (median)
B: 3.863e+04 ns per operation (median)
A needs 7.13% less time than B: B takes 1.08 times as long as A.
With 95% confidence the difference lies between 4.75% and 8.06% less time (B takes between 1.05 and 1.09 times as long as A).
Noise floor: 21%. Identical code measured against itself on this setup can look that different, so smaller differences mean nothing.
Neighbouring measurements are nearly independent (autocorrelation +0.03), so they were resampled one by one.

Verdict: NOT RESOLVED. This run did not establish which candidate is faster. That is not the same as "equally fast": the warnings below say what is missing.

Warnings:
  - the difference of 7.13% does not clear the 21.03% noise floor, which is what this setup reports between two runs of identical code
  - the program holds 142 MB of live data, more than the caches of many machines; for data that size, where it lies in memory can shift the result by several points in ways the interval does not cover, and differently in the next process; run the comparison in several processes with the multiproc package
  - in 50% of A/A runs this setup reported a difference between identical code, well above the 10% expected; treat any confidence from it with suspicion

== dirs natural n=16384 churn and build: ordered vs btree-sets
steady state, per insertion or deletion in a structure of 52542 elements (cycle of 137396 operations, first pass untimed):
  A: 372.1 ns per operation (median)
  B: 429.3 ns per operation (median)
  A needs 13.6% less time than B: B takes 1.16 times as long as A.
  With 95% confidence the difference lies between 12.4% and 15.4% less time (B takes between 1.14 and 1.18 times as long as A).
  Noise floor: 0.777%. Identical code measured against itself on this setup can look that different, so smaller differences mean nothing.
  Neighbouring measurements are correlated (autocorrelation +0.65), so they were resampled in blocks of 3.
  
  Verdict: RESOLVED. A is faster than B: the difference is real, as its interval excludes zero and it exceeds the noise floor.
  
  Warnings:
    - the program holds 155 MB of live data, more than the caches of many machines; for data that size, where it lies in memory can shift the result by several points in ways the interval does not cover, and differently in the next process; run the comparison in several processes with the multiproc package

build from empty to 52542 elements, per whole build (188700 operations):
  A: 6.517e+07 ns per operation (median)
  B: 7.29e+07 ns per operation (median)
  A needs 10.6% less time than B: B takes 1.12 times as long as A.
  With 95% confidence the difference lies between 10.2% and 10.8% less time (B takes between 1.11 and 1.12 times as long as A).
  Noise floor: 0.942%. Identical code measured against itself on this setup can look that different, so smaller differences mean nothing.
  Neighbouring measurements are correlated (autocorrelation +0.21), so they were resampled in blocks of 3.
  
  Verdict: RESOLVED. A is faster than B: the difference is real, as its interval excludes zero and it exceeds the noise floor.
  
  Warnings:
    - the program holds 143 MB of live data, more than the caches of many machines; for data that size, where it lies in memory can shift the result by several points in ways the interval does not cover, and differently in the next process; run the comparison in several processes with the multiproc package
    - in 50% of A/A runs this setup reported a difference between identical code, well above the 10% expected; treat any confidence from it with suspicion

== dirs natural n=16384 churn and build: ordered vs baseline
steady state, per insertion or deletion in a structure of 52542 elements (cycle of 137396 operations, first pass untimed):
  A: 344.4 ns per operation (median)
  B: 312.9 ns per operation (median)
  A needs 11.5% more time than B: B takes only 0.90 times as long as A.
  With 95% confidence the difference lies between 9.07% and 13.1% more time (B takes between 0.884 and 0.92 times as long as A).
  Noise floor: 0.53%. Identical code measured against itself on this setup can look that different, so smaller differences mean nothing.
  Neighbouring measurements are correlated (autocorrelation +0.22), so they were resampled in blocks of 3.
  
  Verdict: RESOLVED. A is slower than B: the difference is real, as its interval excludes zero and it exceeds the noise floor.
  
  Warnings:
    - the program holds 151 MB of live data, more than the caches of many machines; for data that size, where it lies in memory can shift the result by several points in ways the interval does not cover, and differently in the next process; run the comparison in several processes with the multiproc package
    - candidate A drifted during the run: its measurements were 4.65% higher in the second half than in the first, so the machine did not hold still
    - candidate B drifted during the run: its measurements were 7.3% higher in the second half than in the first, so the machine did not hold still
    - the ratio B/A was 4.46% higher in the second half of the run than in the first, so the candidates had not reached a steady state and the difference depends on how long the run was; a common cause is a head start for whichever candidate ran alone last before the comparison or had its data built last, which a longer CollectOptions.WarmupDuration removes

build from empty to 52542 elements, per whole build (188700 operations):
  A: 6.487e+07 ns per operation (median)
  B: 5.337e+07 ns per operation (median)
  A needs 21% more time than B: B takes only 0.83 times as long as A.
  With 95% confidence the difference lies between 20.3% and 22.2% more time (B takes between 0.818 and 0.83 times as long as A).
  Noise floor: 0.6%. Identical code measured against itself on this setup can look that different, so smaller differences mean nothing.
  Neighbouring measurements are correlated (autocorrelation +0.28), so they were resampled in blocks of 3.
  
  Verdict: RESOLVED. A is slower than B: the difference is real, as its interval excludes zero and it exceeds the noise floor.
  
  Warnings:
    - the program holds 143 MB of live data, more than the caches of many machines; for data that size, where it lies in memory can shift the result by several points in ways the interval does not cover, and differently in the next process; run the comparison in several processes with the multiproc package
    - in 50% of A/A runs this setup reported a difference between identical code, well above the 10% expected; treat any confidence from it with suspicion

checksum 15380788969920472489
