== dirs single-value n=65536 valuesFor: ordered vs btree-map
A: 236.5 ns per operation (median)
B: 311.7 ns per operation (median)
A needs 24.5% less time than B: B takes 1.32 times as long as A.
With 95% confidence the difference lies between 20.2% and 28.5% less time (B takes between 1.25 and 1.40 times as long as A).
Noise floor: 2.37%. Identical code measured against itself on this setup can look that different, so smaller differences mean nothing.
Neighbouring measurements are nearly independent (autocorrelation -0.35), so they were resampled one by one.

Verdict: RESOLVED. A is faster than B: the difference is real, as its interval excludes zero and it exceeds the noise floor.

Warnings:
  - the program holds 209 MB of live data, more than the caches of many machines; for data that size, where it lies in memory can shift the result by several points in ways the interval does not cover, and differently in the next process; run the comparison in several processes with the multiproc package

== dirs single-value n=65536 valuesFor: ordered vs baseline
A: 225.6 ns per operation (median)
B: 270.2 ns per operation (median)
A needs 15.3% less time than B: B takes 1.18 times as long as A.
With 95% confidence the difference lies between 13.8% and 18.8% less time (B takes between 1.16 and 1.23 times as long as A).
Noise floor: 1.38%. Identical code measured against itself on this setup can look that different, so smaller differences mean nothing.
Neighbouring measurements are nearly independent (autocorrelation -0.10), so they were resampled one by one.

Verdict: RESOLVED. A is faster than B: the difference is real, as its interval excludes zero and it exceeds the noise floor.

Warnings:
  - the program holds 209 MB of live data, more than the caches of many machines; for data that size, where it lies in memory can shift the result by several points in ways the interval does not cover, and differently in the next process; run the comparison in several processes with the multiproc package

== dirs single-value n=65536 valuesBetween: ordered vs btree-map
A: 4289 ns per operation (median)
B: 3016 ns per operation (median)
A needs 40.8% more time than B: B takes only 0.71 times as long as A.
With 95% confidence the difference lies between 38.4% and 50.8% more time (B takes between 0.663 and 0.72 times as long as A).
Noise floor: 2.41%. Identical code measured against itself on this setup can look that different, so smaller differences mean nothing.
Neighbouring measurements are nearly independent (autocorrelation -0.47), so they were resampled one by one.

Verdict: RESOLVED. A is slower than B: the difference is real, as its interval excludes zero and it exceeds the noise floor.

Warnings:
  - the program holds 210 MB of live data, more than the caches of many machines; for data that size, where it lies in memory can shift the result by several points in ways the interval does not cover, and differently in the next process; run the comparison in several processes with the multiproc package

== dirs single-value n=65536 valuesBetween: ordered vs baseline
A: 4327 ns per operation (median)
B: 6416 ns per operation (median)
A needs 32.6% less time than B: B takes 1.48 times as long as A.
With 95% confidence the difference lies between 30.7% and 33.2% less time (B takes between 1.44 and 1.50 times as long as A).
Noise floor: 0.577%. Identical code measured against itself on this setup can look that different, so smaller differences mean nothing.
Neighbouring measurements are nearly independent (autocorrelation +0.05), so they were resampled one by one.

Verdict: RESOLVED. A is faster than B: the difference is real, as its interval excludes zero and it exceeds the noise floor.

Warnings:
  - the program holds 211 MB of live data, more than the caches of many machines; for data that size, where it lies in memory can shift the result by several points in ways the interval does not cover, and differently in the next process; run the comparison in several processes with the multiproc package

== dirs single-value n=65536 prefix: ordered vs btree-map
A: 7.251e+04 ns per operation (median)
B: 4.339e+04 ns per operation (median)
A needs 66.3% more time than B: B takes only 0.60 times as long as A.
With 95% confidence the difference lies between 59.7% and 75.2% more time (B takes between 0.571 and 0.63 times as long as A).
Noise floor: 8.15%. Identical code measured against itself on this setup can look that different, so smaller differences mean nothing.
Neighbouring measurements are nearly independent (autocorrelation +0.07), so they were resampled one by one.

Verdict: RESOLVED. A is slower than B: the difference is real, as its interval excludes zero and it exceeds the noise floor.

Warnings:
  - the program holds 211 MB of live data, more than the caches of many machines; for data that size, where it lies in memory can shift the result by several points in ways the interval does not cover, and differently in the next process; run the comparison in several processes with the multiproc package

== dirs single-value n=65536 prefix: ordered vs baseline
A: 7.346e+04 ns per operation (median)
B: 1.208e+05 ns per operation (median)
A needs 39.6% less time than B: B takes 1.66 times as long as A.
With 95% confidence the difference lies between 38.3% and 40.6% less time (B takes between 1.62 and 1.68 times as long as A).
Noise floor: 8.04%. Identical code measured against itself on this setup can look that different, so smaller differences mean nothing.
Neighbouring measurements are correlated (autocorrelation +0.23), so they were resampled in blocks of 3.

Verdict: RESOLVED. A is faster than B: the difference is real, as its interval excludes zero and it exceeds the noise floor.

Warnings:
  - the program holds 212 MB of live data, more than the caches of many machines; for data that size, where it lies in memory can shift the result by several points in ways the interval does not cover, and differently in the next process; run the comparison in several processes with the multiproc package
  - candidate A drifted during the run: its measurements were 10.1% lower in the second half than in the first, so the machine did not hold still
  - candidate B drifted during the run: its measurements were 8.79% lower in the second half than in the first, so the machine did not hold still

== dirs single-value n=65536 churn and build: ordered vs btree-map
steady state, per insertion or deletion in a structure of 65536 elements (cycle of 171410 operations, first pass untimed):
  A: 492.7 ns per operation (median)
  B: 534.6 ns per operation (median)
  A needs 6.67% less time than B: B takes 1.07 times as long as A.
  With 95% confidence the difference lies between 6.08% and 7.89% less time (B takes between 1.06 and 1.09 times as long as A).
  Noise floor: 0.279%. Identical code measured against itself on this setup can look that different, so smaller differences mean nothing.
  Neighbouring measurements are correlated (autocorrelation +0.53), so they were resampled in blocks of 3.
  
  Verdict: RESOLVED. A is faster than B: the difference is real, as its interval excludes zero and it exceeds the noise floor.
  
  Warnings:
    - the program holds 227 MB of live data, more than the caches of many machines; for data that size, where it lies in memory can shift the result by several points in ways the interval does not cover, and differently in the next process; run the comparison in several processes with the multiproc package
    - candidate A drifted during the run: its measurements were 7.01% higher in the second half than in the first, so the machine did not hold still
    - candidate B drifted during the run: its measurements were 4.74% higher in the second half than in the first, so the machine did not hold still
    - the ratio B/A was 1.32% lower in the second half of the run than in the first, so the candidates had not reached a steady state and the difference depends on how long the run was; a common cause is a head start for whichever candidate ran alone last before the comparison or had its data built last, which a longer CollectOptions.WarmupDuration removes

build from empty to 65536 elements, per whole build (235116 operations):
  A: 9.961e+07 ns per operation (median)
  B: 9.172e+07 ns per operation (median)
  A needs 8.28% more time than B: B takes only 0.92 times as long as A.
  With 95% confidence the difference lies between 3.23% and 8.49% more time (B takes between 0.922 and 0.97 times as long as A).
  Noise floor: 0.442%. Identical code measured against itself on this setup can look that different, so smaller differences mean nothing.
  Neighbouring measurements are correlated (autocorrelation +0.32), so they were resampled in blocks of 3.
  
  Verdict: RESOLVED. A is slower than B: the difference is real, as its interval excludes zero and it exceeds the noise floor.
  
  Warnings:
    - the program holds 213 MB of live data, more than the caches of many machines; for data that size, where it lies in memory can shift the result by several points in ways the interval does not cover, and differently in the next process; run the comparison in several processes with the multiproc package

== dirs single-value n=65536 churn and build: ordered vs baseline
steady state, per insertion or deletion in a structure of 65536 elements (cycle of 171410 operations, first pass untimed):
  A: 451.1 ns per operation (median)
  B: 507.2 ns per operation (median)
  A needs 10.3% less time than B: B takes 1.11 times as long as A.
  With 95% confidence the difference lies between 7.85% and 17.6% less time (B takes between 1.09 and 1.21 times as long as A).
  Noise floor: 1.84%. Identical code measured against itself on this setup can look that different, so smaller differences mean nothing.
  Neighbouring measurements are correlated (autocorrelation +0.29), so they were resampled in blocks of 3.
  
  Verdict: RESOLVED. A is faster than B: the difference is real, as its interval excludes zero and it exceeds the noise floor.
  
  Warnings:
    - the program holds 226 MB of live data, more than the caches of many machines; for data that size, where it lies in memory can shift the result by several points in ways the interval does not cover, and differently in the next process; run the comparison in several processes with the multiproc package

build from empty to 65536 elements, per whole build (235116 operations):
  A: 9.917e+07 ns per operation (median)
  B: 9.533e+07 ns per operation (median)
  A needs 3.9% more time than B: B takes only 0.96 times as long as A.
  With 95% confidence the difference lies between 3.48% and 4.38% more time (B takes between 0.958 and 0.97 times as long as A).
  Noise floor: 0.89%. Identical code measured against itself on this setup can look that different, so smaller differences mean nothing.
  Neighbouring measurements are nearly independent (autocorrelation +0.06), so they were resampled one by one.
  
  Verdict: RESOLVED. A is slower than B: the difference is real, as its interval excludes zero and it exceeds the noise floor.
  
  Warnings:
    - the program holds 213 MB of live data, more than the caches of many machines; for data that size, where it lies in memory can shift the result by several points in ways the interval does not cover, and differently in the next process; run the comparison in several processes with the multiproc package
    - in 50% of A/A runs this setup reported a difference between identical code, well above the 10% expected; treat any confidence from it with suspicion

checksum 16550853996940443730
== dirs single-value n=65536 valuesFor: ordered vs btree-map
A: 243 ns per operation (median)
B: 327.2 ns per operation (median)
A needs 27.4% less time than B: B takes 1.38 times as long as A.
With 95% confidence the difference lies between 21.9% and 31.6% less time (B takes between 1.28 and 1.46 times as long as A).
Noise floor: 5.72%. Identical code measured against itself on this setup can look that different, so smaller differences mean nothing.
Neighbouring measurements are nearly independent (autocorrelation -0.44), so they were resampled one by one.

Verdict: RESOLVED. A is faster than B: the difference is real, as its interval excludes zero and it exceeds the noise floor.

Warnings:
  - the program holds 209 MB of live data, more than the caches of many machines; for data that size, where it lies in memory can shift the result by several points in ways the interval does not cover, and differently in the next process; run the comparison in several processes with the multiproc package

== dirs single-value n=65536 valuesFor: ordered vs baseline
A: 261 ns per operation (median)
B: 348.8 ns per operation (median)
A needs 26% less time than B: B takes 1.35 times as long as A.
With 95% confidence the difference lies between 22.1% and 28.2% less time (B takes between 1.28 and 1.39 times as long as A).
Noise floor: 2.85%. Identical code measured against itself on this setup can look that different, so smaller differences mean nothing.
Neighbouring measurements are nearly independent (autocorrelation -0.38), so they were resampled one by one.

Verdict: RESOLVED. A is faster than B: the difference is real, as its interval excludes zero and it exceeds the noise floor.

Warnings:
  - the program holds 209 MB of live data, more than the caches of many machines; for data that size, where it lies in memory can shift the result by several points in ways the interval does not cover, and differently in the next process; run the comparison in several processes with the multiproc package
  - candidate A drifted during the run: its measurements were 6.82% lower in the second half than in the first, so the machine did not hold still
  - candidate B drifted during the run: its measurements were 12.3% lower in the second half than in the first, so the machine did not hold still
  - the ratio B/A was 5.82% lower in the second half of the run than in the first, so the candidates had not reached a steady state and the difference depends on how long the run was; a common cause is a head start for whichever candidate ran alone last before the comparison or had its data built last, which a longer CollectOptions.WarmupDuration removes

== dirs single-value n=65536 valuesBetween: ordered vs btree-map
A: 4338 ns per operation (median)
B: 3028 ns per operation (median)
A needs 45.8% more time than B: B takes only 0.69 times as long as A.
With 95% confidence the difference lies between 40.4% and 49.1% more time (B takes between 0.671 and 0.71 times as long as A).
Noise floor: 2.14%. Identical code measured against itself on this setup can look that different, so smaller differences mean nothing.
Neighbouring measurements are nearly independent (autocorrelation +0.13), so they were resampled one by one.

Verdict: RESOLVED. A is slower than B: the difference is real, as its interval excludes zero and it exceeds the noise floor.

Warnings:
  - the program holds 210 MB of live data, more than the caches of many machines; for data that size, where it lies in memory can shift the result by several points in ways the interval does not cover, and differently in the next process; run the comparison in several processes with the multiproc package

== dirs single-value n=65536 valuesBetween: ordered vs baseline
A: 4670 ns per operation (median)
B: 6997 ns per operation (median)
A needs 33.6% less time than B: B takes 1.51 times as long as A.
With 95% confidence the difference lies between 31.9% and 34.4% less time (B takes between 1.47 and 1.52 times as long as A).
Noise floor: 1.08%. Identical code measured against itself on this setup can look that different, so smaller differences mean nothing.
Neighbouring measurements are nearly independent (autocorrelation -0.28), so they were resampled one by one.

Verdict: RESOLVED. A is faster than B: the difference is real, as its interval excludes zero and it exceeds the noise floor.

Warnings:
  - the program holds 210 MB of live data, more than the caches of many machines; for data that size, where it lies in memory can shift the result by several points in ways the interval does not cover, and differently in the next process; run the comparison in several processes with the multiproc package
  - candidate A drifted during the run: its measurements were 1.47% lower in the second half than in the first, so the machine did not hold still
  - candidate B drifted during the run: its measurements were 3.79% lower in the second half than in the first, so the machine did not hold still

== dirs single-value n=65536 prefix: ordered vs btree-map
A: 6.934e+04 ns per operation (median)
B: 4.061e+04 ns per operation (median)
A needs 73.7% more time than B: B takes only 0.58 times as long as A.
With 95% confidence the difference lies between 69.6% and 78% more time (B takes between 0.562 and 0.59 times as long as A).
Noise floor: 7.95%. Identical code measured against itself on this setup can look that different, so smaller differences mean nothing.
Neighbouring measurements are nearly independent (autocorrelation +0.12), so they were resampled one by one.

Verdict: RESOLVED. A is slower than B: the difference is real, as its interval excludes zero and it exceeds the noise floor.

Warnings:
  - the program holds 211 MB of live data, more than the caches of many machines; for data that size, where it lies in memory can shift the result by several points in ways the interval does not cover, and differently in the next process; run the comparison in several processes with the multiproc package

== dirs single-value n=65536 prefix: ordered vs baseline
A: 7.268e+04 ns per operation (median)
B: 1.152e+05 ns per operation (median)
A needs 39.6% less time than B: B takes 1.66 times as long as A.
With 95% confidence the difference lies between 37.8% and 40.2% less time (B takes between 1.61 and 1.67 times as long as A).
Noise floor: 9.54%. Identical code measured against itself on this setup can look that different, so smaller differences mean nothing.
Neighbouring measurements are nearly independent (autocorrelation +0.09), so they were resampled one by one.

Verdict: RESOLVED. A is faster than B: the difference is real, as its interval excludes zero and it exceeds the noise floor.

Warnings:
  - the program holds 211 MB of live data, more than the caches of many machines; for data that size, where it lies in memory can shift the result by several points in ways the interval does not cover, and differently in the next process; run the comparison in several processes with the multiproc package
  - candidate A drifted during the run: its measurements were 15.1% lower in the second half than in the first, so the machine did not hold still
  - candidate B drifted during the run: its measurements were 14.8% lower in the second half than in the first, so the machine did not hold still

== dirs single-value n=65536 churn and build: ordered vs btree-map
steady state, per insertion or deletion in a structure of 65536 elements (cycle of 171410 operations, first pass untimed):
  A: 476.4 ns per operation (median)
  B: 519.5 ns per operation (median)
  A needs 7.44% less time than B: B takes 1.08 times as long as A.
  With 95% confidence the difference lies between 6.18% and 8.09% less time (B takes between 1.07 and 1.09 times as long as A).
  Noise floor: 0.678%. Identical code measured against itself on this setup can look that different, so smaller differences mean nothing.
  Neighbouring measurements are correlated (autocorrelation +0.59), so they were resampled in blocks of 3.
  
  Verdict: RESOLVED. A is faster than B: the difference is real, as its interval excludes zero and it exceeds the noise floor.
  
  Warnings:
    - the program holds 218 MB of live data, more than the caches of many machines; for data that size, where it lies in memory can shift the result by several points in ways the interval does not cover, and differently in the next process; run the comparison in several processes with the multiproc package
    - candidate A drifted during the run: its measurements were 2% higher in the second half than in the first, so the machine did not hold still
    - candidate B drifted during the run: its measurements were 2.6% higher in the second half than in the first, so the machine did not hold still

build from empty to 65536 elements, per whole build (235116 operations):
  A: 9.954e+07 ns per operation (median)
  B: 9.513e+07 ns per operation (median)
  A needs 4.71% more time than B: B takes only 0.96 times as long as A.
  With 95% confidence the difference lies between 3.51% and 5.29% more time (B takes between 0.95 and 0.97 times as long as A).
  Noise floor: 0.756%. Identical code measured against itself on this setup can look that different, so smaller differences mean nothing.
  Neighbouring measurements are nearly independent (autocorrelation +0.04), so they were resampled one by one.
  
  Verdict: RESOLVED. A is slower than B: the difference is real, as its interval excludes zero and it exceeds the noise floor.
  
  Warnings:
    - the program holds 213 MB of live data, more than the caches of many machines; for data that size, where it lies in memory can shift the result by several points in ways the interval does not cover, and differently in the next process; run the comparison in several processes with the multiproc package
    - in 50% of A/A runs this setup reported a difference between identical code, well above the 10% expected; treat any confidence from it with suspicion

== dirs single-value n=65536 churn and build: ordered vs baseline
steady state, per insertion or deletion in a structure of 65536 elements (cycle of 171410 operations, first pass untimed):
  A: 458.4 ns per operation (median)
  B: 513.3 ns per operation (median)
  A needs 8.58% less time than B: B takes 1.09 times as long as A.
  With 95% confidence the difference lies between 5.42% and 16.3% less time (B takes between 1.06 and 1.19 times as long as A).
  Noise floor: 3.41%. Identical code measured against itself on this setup can look that different, so smaller differences mean nothing.
  Neighbouring measurements are correlated (autocorrelation +0.23), so they were resampled in blocks of 3.
  
  Verdict: RESOLVED. A is faster than B: the difference is real, as its interval excludes zero and it exceeds the noise floor.
  
  Warnings:
    - the program holds 226 MB of live data, more than the caches of many machines; for data that size, where it lies in memory can shift the result by several points in ways the interval does not cover, and differently in the next process; run the comparison in several processes with the multiproc package

build from empty to 65536 elements, per whole build (235116 operations):
  A: 9.916e+07 ns per operation (median)
  B: 9.517e+07 ns per operation (median)
  A needs 4.06% more time than B: B takes only 0.96 times as long as A.
  With 95% confidence the difference lies between 3.46% and 5.1% more time (B takes between 0.951 and 0.97 times as long as A).
  Noise floor: 0.759%. Identical code measured against itself on this setup can look that different, so smaller differences mean nothing.
  Neighbouring measurements are nearly independent (autocorrelation +0.20), so they were resampled one by one.
  
  Verdict: RESOLVED. A is slower than B: the difference is real, as its interval excludes zero and it exceeds the noise floor.
  
  Warnings:
    - the program holds 213 MB of live data, more than the caches of many machines; for data that size, where it lies in memory can shift the result by several points in ways the interval does not cover, and differently in the next process; run the comparison in several processes with the multiproc package

checksum 17128928070060312598
== dirs single-value n=65536 valuesFor: ordered vs btree-map
A: 238.8 ns per operation (median)
B: 306.3 ns per operation (median)
A needs 26.1% less time than B: B takes 1.35 times as long as A.
With 95% confidence the difference lies between 18.9% and 27.5% less time (B takes between 1.23 and 1.38 times as long as A).
Noise floor: 3.54%. Identical code measured against itself on this setup can look that different, so smaller differences mean nothing.
Neighbouring measurements are nearly independent (autocorrelation -0.28), so they were resampled one by one.

Verdict: RESOLVED. A is faster than B: the difference is real, as its interval excludes zero and it exceeds the noise floor.

Warnings:
  - the program holds 210 MB of live data, more than the caches of many machines; for data that size, where it lies in memory can shift the result by several points in ways the interval does not cover, and differently in the next process; run the comparison in several processes with the multiproc package
  - candidate B drifted during the run: its measurements were 4.69% higher in the second half than in the first, so the machine did not hold still

== dirs single-value n=65536 valuesFor: ordered vs baseline
A: 252.1 ns per operation (median)
B: 300.2 ns per operation (median)
A needs 14.6% less time than B: B takes 1.17 times as long as A.
With 95% confidence the difference lies between 13.1% and 16.7% less time (B takes between 1.15 and 1.20 times as long as A).
Noise floor: 2.83%. Identical code measured against itself on this setup can look that different, so smaller differences mean nothing.
Neighbouring measurements are correlated (autocorrelation +0.20), so they were resampled in blocks of 3.

Verdict: RESOLVED. A is faster than B: the difference is real, as its interval excludes zero and it exceeds the noise floor.

Warnings:
  - the program holds 210 MB of live data, more than the caches of many machines; for data that size, where it lies in memory can shift the result by several points in ways the interval does not cover, and differently in the next process; run the comparison in several processes with the multiproc package
  - candidate A drifted during the run: its measurements were 5.46% lower in the second half than in the first, so the machine did not hold still
  - candidate B drifted during the run: its measurements were 5.66% lower in the second half than in the first, so the machine did not hold still

== dirs single-value n=65536 valuesBetween: ordered vs btree-map
A: 4300 ns per operation (median)
B: 2906 ns per operation (median)
A needs 47.5% more time than B: B takes only 0.68 times as long as A.
With 95% confidence the difference lies between 46% and 54.5% more time (B takes between 0.647 and 0.69 times as long as A).
Noise floor: 1.4%. Identical code measured against itself on this setup can look that different, so smaller differences mean nothing.
Neighbouring measurements are correlated (autocorrelation +0.42), so they were resampled in blocks of 3.

Verdict: RESOLVED. A is slower than B: the difference is real, as its interval excludes zero and it exceeds the noise floor.

Warnings:
  - the program holds 210 MB of live data, more than the caches of many machines; for data that size, where it lies in memory can shift the result by several points in ways the interval does not cover, and differently in the next process; run the comparison in several processes with the multiproc package

== dirs single-value n=65536 valuesBetween: ordered vs baseline
A: 4490 ns per operation (median)
B: 6498 ns per operation (median)
A needs 32.7% less time than B: B takes 1.49 times as long as A.
With 95% confidence the difference lies between 31% and 33.7% less time (B takes between 1.45 and 1.51 times as long as A).
Noise floor: 1.3%. Identical code measured against itself on this setup can look that different, so smaller differences mean nothing.
Neighbouring measurements are nearly independent (autocorrelation +0.02), so they were resampled one by one.

Verdict: RESOLVED. A is faster than B: the difference is real, as its interval excludes zero and it exceeds the noise floor.

Warnings:
  - the program holds 211 MB of live data, more than the caches of many machines; for data that size, where it lies in memory can shift the result by several points in ways the interval does not cover, and differently in the next process; run the comparison in several processes with the multiproc package
  - candidate A drifted during the run: its measurements were 6.09% lower in the second half than in the first, so the machine did not hold still
  - candidate B drifted during the run: its measurements were 7.49% lower in the second half than in the first, so the machine did not hold still
  - the ratio B/A was 4.1% lower in the second half of the run than in the first, so the candidates had not reached a steady state and the difference depends on how long the run was; a common cause is a head start for whichever candidate ran alone last before the comparison or had its data built last, which a longer CollectOptions.WarmupDuration removes

== dirs single-value n=65536 prefix: ordered vs btree-map
A: 7.073e+04 ns per operation (median)
B: 3.749e+04 ns per operation (median)
A needs 75.7% more time than B: B takes only 0.57 times as long as A.
With 95% confidence the difference lies between 72.8% and 84.7% more time (B takes between 0.541 and 0.58 times as long as A).
Noise floor: 7.35%. Identical code measured against itself on this setup can look that different, so smaller differences mean nothing.
Neighbouring measurements are nearly independent (autocorrelation +0.10), so they were resampled one by one.

Verdict: RESOLVED. A is slower than B: the difference is real, as its interval excludes zero and it exceeds the noise floor.

Warnings:
  - the program holds 212 MB of live data, more than the caches of many machines; for data that size, where it lies in memory can shift the result by several points in ways the interval does not cover, and differently in the next process; run the comparison in several processes with the multiproc package

== dirs single-value n=65536 prefix: ordered vs baseline
A: 7.236e+04 ns per operation (median)
B: 1.172e+05 ns per operation (median)
A needs 38.8% less time than B: B takes 1.63 times as long as A.
With 95% confidence the difference lies between 37.1% and 39.6% less time (B takes between 1.59 and 1.66 times as long as A).
Noise floor: 7.54%. Identical code measured against itself on this setup can look that different, so smaller differences mean nothing.
Neighbouring measurements are nearly independent (autocorrelation +0.10), so they were resampled one by one.

Verdict: RESOLVED. A is faster than B: the difference is real, as its interval excludes zero and it exceeds the noise floor.

Warnings:
  - the program holds 211 MB of live data, more than the caches of many machines; for data that size, where it lies in memory can shift the result by several points in ways the interval does not cover, and differently in the next process; run the comparison in several processes with the multiproc package
  - candidate A drifted during the run: its measurements were 17.1% lower in the second half than in the first, so the machine did not hold still
  - candidate B drifted during the run: its measurements were 20% lower in the second half than in the first, so the machine did not hold still
  - in 50% of A/A runs this setup reported a difference between identical code, well above the 10% expected; treat any confidence from it with suspicion

== dirs single-value n=65536 churn and build: ordered vs btree-map
steady state, per insertion or deletion in a structure of 65536 elements (cycle of 171410 operations, first pass untimed):
  A: 471.2 ns per operation (median)
  B: 513.7 ns per operation (median)
  A needs 9.07% less time than B: B takes 1.10 times as long as A.
  With 95% confidence the difference lies between 7.07% and 9.42% less time (B takes between 1.08 and 1.10 times as long as A).
  Noise floor: 0.426%. Identical code measured against itself on this setup can look that different, so smaller differences mean nothing.
  Neighbouring measurements are correlated (autocorrelation +0.58), so they were resampled in blocks of 3.
  
  Verdict: RESOLVED. A is faster than B: the difference is real, as its interval excludes zero and it exceeds the noise floor.
  
  Warnings:
    - the program holds 220 MB of live data, more than the caches of many machines; for data that size, where it lies in memory can shift the result by several points in ways the interval does not cover, and differently in the next process; run the comparison in several processes with the multiproc package
    - candidate A drifted during the run: its measurements were 5.73% higher in the second half than in the first, so the machine did not hold still
    - candidate B drifted during the run: its measurements were 2.79% higher in the second half than in the first, so the machine did not hold still
    - the ratio B/A was 2.87% lower in the second half of the run than in the first, so the candidates had not reached a steady state and the difference depends on how long the run was; a common cause is a head start for whichever candidate ran alone last before the comparison or had its data built last, which a longer CollectOptions.WarmupDuration removes

build from empty to 65536 elements, per whole build (235116 operations):
  A: 9.997e+07 ns per operation (median)
  B: 9.369e+07 ns per operation (median)
  A needs 7.27% more time than B: B takes only 0.93 times as long as A.
  With 95% confidence the difference lies between 5.73% and 8% more time (B takes between 0.926 and 0.95 times as long as A).
  Noise floor: 0.256%. Identical code measured against itself on this setup can look that different, so smaller differences mean nothing.
  Neighbouring measurements are nearly independent (autocorrelation -0.07), so they were resampled one by one.
  
  Verdict: RESOLVED. A is slower than B: the difference is real, as its interval excludes zero and it exceeds the noise floor.
  
  Warnings:
    - the program holds 213 MB of live data, more than the caches of many machines; for data that size, where it lies in memory can shift the result by several points in ways the interval does not cover, and differently in the next process; run the comparison in several processes with the multiproc package
    - candidate B drifted during the run: its measurements were 3.57% lower in the second half than in the first, so the machine did not hold still
    - in 50% of A/A runs this setup reported a difference between identical code, well above the 10% expected; treat any confidence from it with suspicion

== dirs single-value n=65536 churn and build: ordered vs baseline
steady state, per insertion or deletion in a structure of 65536 elements (cycle of 171410 operations, first pass untimed):
  A: 467.2 ns per operation (median)
  B: 528.9 ns per operation (median)
  A needs 14.8% less time than B: B takes 1.17 times as long as A.
  With 95% confidence the difference lies between 7.42% and 19.8% less time (B takes between 1.08 and 1.25 times as long as A).
  Noise floor: 1.97%. Identical code measured against itself on this setup can look that different, so smaller differences mean nothing.
  Neighbouring measurements are correlated (autocorrelation +0.24), so they were resampled in blocks of 3.
  
  Verdict: RESOLVED. A is faster than B: the difference is real, as its interval excludes zero and it exceeds the noise floor.
  
  Warnings:
    - the program holds 226 MB of live data, more than the caches of many machines; for data that size, where it lies in memory can shift the result by several points in ways the interval does not cover, and differently in the next process; run the comparison in several processes with the multiproc package
    - candidate A drifted during the run: its measurements were 13% lower in the second half than in the first, so the machine did not hold still
    - candidate B drifted during the run: its measurements were 9.31% lower in the second half than in the first, so the machine did not hold still

build from empty to 65536 elements, per whole build (235116 operations):
  A: 9.867e+07 ns per operation (median)
  B: 9.395e+07 ns per operation (median)
  A needs 5.08% more time than B: B takes only 0.95 times as long as A.
  With 95% confidence the difference lies between 4.55% and 5.3% more time (B takes between 0.95 and 0.96 times as long as A).
  Noise floor: 0.666%. Identical code measured against itself on this setup can look that different, so smaller differences mean nothing.
  Neighbouring measurements are correlated (autocorrelation +0.22), so they were resampled in blocks of 3.
  
  Verdict: RESOLVED. A is slower than B: the difference is real, as its interval excludes zero and it exceeds the noise floor.
  
  Warnings:
    - the program holds 213 MB of live data, more than the caches of many machines; for data that size, where it lies in memory can shift the result by several points in ways the interval does not cover, and differently in the next process; run the comparison in several processes with the multiproc package
    - in 50% of A/A runs this setup reported a difference between identical code, well above the 10% expected; treat any confidence from it with suspicion

checksum 4732022968990067018
== dirs single-value n=65536 valuesFor: ordered vs btree-map
A: 243.9 ns per operation (median)
B: 314.4 ns per operation (median)
A needs 21.9% less time than B: B takes 1.28 times as long as A.
With 95% confidence the difference lies between 19.9% and 27.3% less time (B takes between 1.25 and 1.38 times as long as A).
Noise floor: 3.32%. Identical code measured against itself on this setup can look that different, so smaller differences mean nothing.
Neighbouring measurements are nearly independent (autocorrelation -0.18), so they were resampled one by one.

Verdict: RESOLVED. A is faster than B: the difference is real, as its interval excludes zero and it exceeds the noise floor.

Warnings:
  - the program holds 210 MB of live data, more than the caches of many machines; for data that size, where it lies in memory can shift the result by several points in ways the interval does not cover, and differently in the next process; run the comparison in several processes with the multiproc package
  - 6.2% of bootstrap replicates tied, so the measurement is coarse relative to the question; lower CollectOptions.MaxQuantizationError to lengthen the batches

== dirs single-value n=65536 valuesFor: ordered vs baseline
A: 227.6 ns per operation (median)
B: 268.9 ns per operation (median)
A needs 16% less time than B: B takes 1.19 times as long as A.
With 95% confidence the difference lies between 14.2% and 18.8% less time (B takes between 1.17 and 1.23 times as long as A).
Noise floor: 1.5%. Identical code measured against itself on this setup can look that different, so smaller differences mean nothing.
Neighbouring measurements are correlated (autocorrelation +0.46), so they were resampled in blocks of 3.

Verdict: RESOLVED. A is faster than B: the difference is real, as its interval excludes zero and it exceeds the noise floor.

Warnings:
  - the program holds 209 MB of live data, more than the caches of many machines; for data that size, where it lies in memory can shift the result by several points in ways the interval does not cover, and differently in the next process; run the comparison in several processes with the multiproc package
  - candidate A drifted during the run: its measurements were 8.13% lower in the second half than in the first, so the machine did not hold still
  - candidate B drifted during the run: its measurements were 16.1% lower in the second half than in the first, so the machine did not hold still
  - the ratio B/A was 8.02% lower in the second half of the run than in the first, so the candidates had not reached a steady state and the difference depends on how long the run was; a common cause is a head start for whichever candidate ran alone last before the comparison or had its data built last, which a longer CollectOptions.WarmupDuration removes

== dirs single-value n=65536 valuesBetween: ordered vs btree-map
A: 4346 ns per operation (median)
B: 2989 ns per operation (median)
A needs 47% more time than B: B takes only 0.68 times as long as A.
With 95% confidence the difference lies between 40.9% and 53.4% more time (B takes between 0.652 and 0.71 times as long as A).
Noise floor: 2.77%. Identical code measured against itself on this setup can look that different, so smaller differences mean nothing.
Neighbouring measurements are nearly independent (autocorrelation -0.30), so they were resampled one by one.

Verdict: RESOLVED. A is slower than B: the difference is real, as its interval excludes zero and it exceeds the noise floor.

Warnings:
  - the program holds 210 MB of live data, more than the caches of many machines; for data that size, where it lies in memory can shift the result by several points in ways the interval does not cover, and differently in the next process; run the comparison in several processes with the multiproc package

== dirs single-value n=65536 valuesBetween: ordered vs baseline
A: 4318 ns per operation (median)
B: 6314 ns per operation (median)
A needs 31.7% less time than B: B takes 1.46 times as long as A.
With 95% confidence the difference lies between 30.9% and 32.5% less time (B takes between 1.45 and 1.48 times as long as A).
Noise floor: 1.01%. Identical code measured against itself on this setup can look that different, so smaller differences mean nothing.
Neighbouring measurements are correlated (autocorrelation +0.32), so they were resampled in blocks of 3.

Verdict: RESOLVED. A is faster than B: the difference is real, as its interval excludes zero and it exceeds the noise floor.

Warnings:
  - the program holds 210 MB of live data, more than the caches of many machines; for data that size, where it lies in memory can shift the result by several points in ways the interval does not cover, and differently in the next process; run the comparison in several processes with the multiproc package
  - in 50% of A/A runs this setup reported a difference between identical code, well above the 10% expected; treat any confidence from it with suspicion

== dirs single-value n=65536 prefix: ordered vs btree-map
A: 6.943e+04 ns per operation (median)
B: 3.971e+04 ns per operation (median)
A needs 72.5% more time than B: B takes only 0.58 times as long as A.
With 95% confidence the difference lies between 67.7% and 78.9% more time (B takes between 0.559 and 0.60 times as long as A).
Noise floor: 9.31%. Identical code measured against itself on this setup can look that different, so smaller differences mean nothing.
Neighbouring measurements are nearly independent (autocorrelation +0.09), so they were resampled one by one.

Verdict: RESOLVED. A is slower than B: the difference is real, as its interval excludes zero and it exceeds the noise floor.

Warnings:
  - the program holds 211 MB of live data, more than the caches of many machines; for data that size, where it lies in memory can shift the result by several points in ways the interval does not cover, and differently in the next process; run the comparison in several processes with the multiproc package

== dirs single-value n=65536 prefix: ordered vs baseline
A: 7.078e+04 ns per operation (median)
B: 1.152e+05 ns per operation (median)
A needs 38.7% less time than B: B takes 1.63 times as long as A.
With 95% confidence the difference lies between 37.3% and 39.4% less time (B takes between 1.59 and 1.65 times as long as A).
Noise floor: 9.16%. Identical code measured against itself on this setup can look that different, so smaller differences mean nothing.
Neighbouring measurements are nearly independent (autocorrelation +0.10), so they were resampled one by one.

Verdict: RESOLVED. A is faster than B: the difference is real, as its interval excludes zero and it exceeds the noise floor.

Warnings:
  - the program holds 211 MB of live data, more than the caches of many machines; for data that size, where it lies in memory can shift the result by several points in ways the interval does not cover, and differently in the next process; run the comparison in several processes with the multiproc package
  - candidate A drifted during the run: its measurements were 12.7% lower in the second half than in the first, so the machine did not hold still

== dirs single-value n=65536 churn and build: ordered vs btree-map
steady state, per insertion or deletion in a structure of 65536 elements (cycle of 171410 operations, first pass untimed):
  A: 483.4 ns per operation (median)
  B: 515 ns per operation (median)
  A needs 7.22% less time than B: B takes 1.08 times as long as A.
  With 95% confidence the difference lies between 5.52% and 8.63% less time (B takes between 1.06 and 1.09 times as long as A).
  Noise floor: 0.385%. Identical code measured against itself on this setup can look that different, so smaller differences mean nothing.
  Neighbouring measurements are correlated (autocorrelation +0.66), so they were resampled in blocks of 3.
  
  Verdict: RESOLVED. A is faster than B: the difference is real, as its interval excludes zero and it exceeds the noise floor.
  
  Warnings:
    - the program holds 220 MB of live data, more than the caches of many machines; for data that size, where it lies in memory can shift the result by several points in ways the interval does not cover, and differently in the next process; run the comparison in several processes with the multiproc package
    - candidate A drifted during the run: its measurements were 2.06% higher in the second half than in the first, so the machine did not hold still
    - the ratio B/A was 2.56% lower in the second half of the run than in the first, so the candidates had not reached a steady state and the difference depends on how long the run was; a common cause is a head start for whichever candidate ran alone last before the comparison or had its data built last, which a longer CollectOptions.WarmupDuration removes

build from empty to 65536 elements, per whole build (235116 operations):
  A: 1.011e+08 ns per operation (median)
  B: 9.465e+07 ns per operation (median)
  A needs 6.78% more time than B: B takes only 0.94 times as long as A.
  With 95% confidence the difference lies between 4.7% and 8.24% more time (B takes between 0.924 and 0.96 times as long as A).
  Noise floor: 0.484%. Identical code measured against itself on this setup can look that different, so smaller differences mean nothing.
  Neighbouring measurements are nearly independent (autocorrelation +0.08), so they were resampled one by one.
  
  Verdict: RESOLVED. A is slower than B: the difference is real, as its interval excludes zero and it exceeds the noise floor.
  
  Warnings:
    - the program holds 213 MB of live data, more than the caches of many machines; for data that size, where it lies in memory can shift the result by several points in ways the interval does not cover, and differently in the next process; run the comparison in several processes with the multiproc package

== dirs single-value n=65536 churn and build: ordered vs baseline
steady state, per insertion or deletion in a structure of 65536 elements (cycle of 171410 operations, first pass untimed):
  A: 456.2 ns per operation (median)
  B: 525.8 ns per operation (median)
  A needs 9.54% less time than B: B takes 1.11 times as long as A.
  With 95% confidence the difference lies between 7.46% and 18.4% less time (B takes between 1.08 and 1.23 times as long as A).
  Noise floor: 0.604%. Identical code measured against itself on this setup can look that different, so smaller differences mean nothing.
  Neighbouring measurements are correlated (autocorrelation +0.22), so they were resampled in blocks of 3.
  
  Verdict: RESOLVED. A is faster than B: the difference is real, as its interval excludes zero and it exceeds the noise floor.
  
  Warnings:
    - the program holds 226 MB of live data, more than the caches of many machines; for data that size, where it lies in memory can shift the result by several points in ways the interval does not cover, and differently in the next process; run the comparison in several processes with the multiproc package
    - candidate B drifted during the run: its measurements were 7.41% lower in the second half than in the first, so the machine did not hold still

build from empty to 65536 elements, per whole build (235116 operations):
  A: 9.861e+07 ns per operation (median)
  B: 9.506e+07 ns per operation (median)
  A needs 3.67% more time than B: B takes only 0.96 times as long as A.
  With 95% confidence the difference lies between 3.23% and 4.01% more time (B takes between 0.961 and 0.97 times as long as A).
  Noise floor: 0.299%. Identical code measured against itself on this setup can look that different, so smaller differences mean nothing.
  Neighbouring measurements are nearly independent (autocorrelation +0.14), so they were resampled one by one.
  
  Verdict: RESOLVED. A is slower than B: the difference is real, as its interval excludes zero and it exceeds the noise floor.
  
  Warnings:
    - the program holds 213 MB of live data, more than the caches of many machines; for data that size, where it lies in memory can shift the result by several points in ways the interval does not cover, and differently in the next process; run the comparison in several processes with the multiproc package
    - in 50% of A/A runs this setup reported a difference between identical code, well above the 10% expected; treat any confidence from it with suspicion

checksum 12716269908805989811
== dirs single-value n=65536 valuesFor: ordered vs btree-map
A: 266.4 ns per operation (median)
B: 360 ns per operation (median)
A needs 24.4% less time than B: B takes 1.32 times as long as A.
With 95% confidence the difference lies between 20.6% and 31.3% less time (B takes between 1.26 and 1.46 times as long as A).
Noise floor: 4.49%. Identical code measured against itself on this setup can look that different, so smaller differences mean nothing.
Neighbouring measurements are correlated (autocorrelation +0.65), so they were resampled in blocks of 3.

Verdict: RESOLVED. A is faster than B: the difference is real, as its interval excludes zero and it exceeds the noise floor.

Warnings:
  - the program holds 209 MB of live data, more than the caches of many machines; for data that size, where it lies in memory can shift the result by several points in ways the interval does not cover, and differently in the next process; run the comparison in several processes with the multiproc package

== dirs single-value n=65536 valuesFor: ordered vs baseline
A: 246.1 ns per operation (median)
B: 310.4 ns per operation (median)
A needs 20.8% less time than B: B takes 1.26 times as long as A.
With 95% confidence the difference lies between 18.4% and 23.1% less time (B takes between 1.23 and 1.30 times as long as A).
Noise floor: 1.07%. Identical code measured against itself on this setup can look that different, so smaller differences mean nothing.
Neighbouring measurements are nearly independent (autocorrelation -0.14), so they were resampled one by one.

Verdict: RESOLVED. A is faster than B: the difference is real, as its interval excludes zero and it exceeds the noise floor.

Warnings:
  - the program holds 209 MB of live data, more than the caches of many machines; for data that size, where it lies in memory can shift the result by several points in ways the interval does not cover, and differently in the next process; run the comparison in several processes with the multiproc package
  - candidate A drifted during the run: its measurements were 6.08% lower in the second half than in the first, so the machine did not hold still
  - candidate B drifted during the run: its measurements were 13% lower in the second half than in the first, so the machine did not hold still
  - the ratio B/A was 5.25% lower in the second half of the run than in the first, so the candidates had not reached a steady state and the difference depends on how long the run was; a common cause is a head start for whichever candidate ran alone last before the comparison or had its data built last, which a longer CollectOptions.WarmupDuration removes

== dirs single-value n=65536 valuesBetween: ordered vs btree-map
A: 4314 ns per operation (median)
B: 2973 ns per operation (median)
A needs 45.7% more time than B: B takes only 0.69 times as long as A.
With 95% confidence the difference lies between 42.9% and 52.9% more time (B takes between 0.654 and 0.70 times as long as A).
Noise floor: 2.7%. Identical code measured against itself on this setup can look that different, so smaller differences mean nothing.
Neighbouring measurements are nearly independent (autocorrelation +0.09), so they were resampled one by one.

Verdict: RESOLVED. A is slower than B: the difference is real, as its interval excludes zero and it exceeds the noise floor.

Warnings:
  - the program holds 210 MB of live data, more than the caches of many machines; for data that size, where it lies in memory can shift the result by several points in ways the interval does not cover, and differently in the next process; run the comparison in several processes with the multiproc package

== dirs single-value n=65536 valuesBetween: ordered vs baseline
A: 4332 ns per operation (median)
B: 6396 ns per operation (median)
A needs 32.4% less time than B: B takes 1.48 times as long as A.
With 95% confidence the difference lies between 30.8% and 33.7% less time (B takes between 1.44 and 1.51 times as long as A).
Noise floor: 2.23%. Identical code measured against itself on this setup can look that different, so smaller differences mean nothing.
Neighbouring measurements are nearly independent (autocorrelation -0.35), so they were resampled one by one.

Verdict: RESOLVED. A is faster than B: the difference is real, as its interval excludes zero and it exceeds the noise floor.

Warnings:
  - the program holds 211 MB of live data, more than the caches of many machines; for data that size, where it lies in memory can shift the result by several points in ways the interval does not cover, and differently in the next process; run the comparison in several processes with the multiproc package

== dirs single-value n=65536 prefix: ordered vs btree-map
A: 7.399e+04 ns per operation (median)
B: 4.073e+04 ns per operation (median)
A needs 74.9% more time than B: B takes only 0.57 times as long as A.
With 95% confidence the difference lies between 71% and 82.8% more time (B takes between 0.547 and 0.58 times as long as A).
Noise floor: 7.98%. Identical code measured against itself on this setup can look that different, so smaller differences mean nothing.
Neighbouring measurements are nearly independent (autocorrelation +0.10), so they were resampled one by one.

Verdict: RESOLVED. A is slower than B: the difference is real, as its interval excludes zero and it exceeds the noise floor.

Warnings:
  - the program holds 212 MB of live data, more than the caches of many machines; for data that size, where it lies in memory can shift the result by several points in ways the interval does not cover, and differently in the next process; run the comparison in several processes with the multiproc package

== dirs single-value n=65536 prefix: ordered vs baseline
A: 7.256e+04 ns per operation (median)
B: 1.208e+05 ns per operation (median)
A needs 39.9% less time than B: B takes 1.67 times as long as A.
With 95% confidence the difference lies between 37.7% and 41.1% less time (B takes between 1.61 and 1.70 times as long as A).
Noise floor: 8.55%. Identical code measured against itself on this setup can look that different, so smaller differences mean nothing.
Neighbouring measurements are nearly independent (autocorrelation +0.15), so they were resampled one by one.

Verdict: RESOLVED. A is faster than B: the difference is real, as its interval excludes zero and it exceeds the noise floor.

Warnings:
  - the program holds 211 MB of live data, more than the caches of many machines; for data that size, where it lies in memory can shift the result by several points in ways the interval does not cover, and differently in the next process; run the comparison in several processes with the multiproc package
  - candidate A drifted during the run: its measurements were 14.3% lower in the second half than in the first, so the machine did not hold still
  - candidate B drifted during the run: its measurements were 15.6% lower in the second half than in the first, so the machine did not hold still
  - in 50% of A/A runs this setup reported a difference between identical code, well above the 10% expected; treat any confidence from it with suspicion

== dirs single-value n=65536 churn and build: ordered vs btree-map
steady state, per insertion or deletion in a structure of 65536 elements (cycle of 171410 operations, first pass untimed):
  A: 456.4 ns per operation (median)
  B: 504.3 ns per operation (median)
  A needs 10.2% less time than B: B takes 1.11 times as long as A.
  With 95% confidence the difference lies between 8.72% and 11.9% less time (B takes between 1.1 and 1.14 times as long as A).
  Noise floor: 0.941%. Identical code measured against itself on this setup can look that different, so smaller differences mean nothing.
  Neighbouring measurements are correlated (autocorrelation +0.53), so they were resampled in blocks of 3.
  
  Verdict: RESOLVED. A is faster than B: the difference is real, as its interval excludes zero and it exceeds the noise floor.
  
  Warnings:
    - the program holds 221 MB of live data, more than the caches of many machines; for data that size, where it lies in memory can shift the result by several points in ways the interval does not cover, and differently in the next process; run the comparison in several processes with the multiproc package
    - candidate A drifted during the run: its measurements were 5.81% higher in the second half than in the first, so the machine did not hold still
    - candidate B drifted during the run: its measurements were 5.52% higher in the second half than in the first, so the machine did not hold still
    - in 50% of A/A runs this setup reported a difference between identical code, well above the 10% expected; treat any confidence from it with suspicion

build from empty to 65536 elements, per whole build (235116 operations):
  A: 9.929e+07 ns per operation (median)
  B: 9.24e+07 ns per operation (median)
  A needs 7.59% more time than B: B takes only 0.93 times as long as A.
  With 95% confidence the difference lies between 7.2% and 7.63% more time (B takes between 0.929 and 0.93 times as long as A).
  Noise floor: 0.362%. Identical code measured against itself on this setup can look that different, so smaller differences mean nothing.
  Neighbouring measurements are correlated (autocorrelation +0.26), so they were resampled in blocks of 3.
  
  Verdict: RESOLVED. A is slower than B: the difference is real, as its interval excludes zero and it exceeds the noise floor.
  
  Warnings:
    - the program holds 213 MB of live data, more than the caches of many machines; for data that size, where it lies in memory can shift the result by several points in ways the interval does not cover, and differently in the next process; run the comparison in several processes with the multiproc package

== dirs single-value n=65536 churn and build: ordered vs baseline
steady state, per insertion or deletion in a structure of 65536 elements (cycle of 171410 operations, first pass untimed):
  A: 496.7 ns per operation (median)
  B: 561.9 ns per operation (median)
  A needs 8.93% less time than B: B takes 1.10 times as long as A.
  With 95% confidence the difference lies between 3.36% and 20.1% less time (B takes between 1.03 and 1.25 times as long as A).
  Noise floor: 0.26%. Identical code measured against itself on this setup can look that different, so smaller differences mean nothing.
  Neighbouring measurements are correlated (autocorrelation +0.27), so they were resampled in blocks of 3.
  
  Verdict: RESOLVED. A is faster than B: the difference is real, as its interval excludes zero and it exceeds the noise floor.
  
  Warnings:
    - the program holds 226 MB of live data, more than the caches of many machines; for data that size, where it lies in memory can shift the result by several points in ways the interval does not cover, and differently in the next process; run the comparison in several processes with the multiproc package
    - candidate B drifted during the run: its measurements were 8.59% lower in the second half than in the first, so the machine did not hold still

build from empty to 65536 elements, per whole build (235116 operations):
  A: 1.194e+08 ns per operation (median)
  B: 1.211e+08 ns per operation (median)
  A needs 1.9% less time than B: B takes 1.02 times as long as A.
  With 95% confidence the difference lies between 1.46% and 4.58% less time (B takes between 1.01 and 1.05 times as long as A).
  Noise floor: 3.52%. Identical code measured against itself on this setup can look that different, so smaller differences mean nothing.
  Neighbouring measurements are correlated (autocorrelation +0.21), so they were resampled in blocks of 3.
  
  Verdict: NOT RESOLVED. This run did not establish which candidate is faster. That is not the same as "equally fast": the warnings below say what is missing.
  
  Warnings:
    - the difference of 1.90% does not clear the 3.52% noise floor, which is what this setup reports between two runs of identical code
    - the program holds 213 MB of live data, more than the caches of many machines; for data that size, where it lies in memory can shift the result by several points in ways the interval does not cover, and differently in the next process; run the comparison in several processes with the multiproc package

checksum 13654825249959852072
== dirs single-value n=65536 valuesFor: ordered vs btree-map
A: 284.2 ns per operation (median)
B: 406.2 ns per operation (median)
A needs 31% less time than B: B takes 1.45 times as long as A.
With 95% confidence the difference lies between 26.1% and 34.7% less time (B takes between 1.35 and 1.53 times as long as A).
Noise floor: 4.49%. Identical code measured against itself on this setup can look that different, so smaller differences mean nothing.
Neighbouring measurements are correlated (autocorrelation +0.31), so they were resampled in blocks of 3.

Verdict: RESOLVED. A is faster than B: the difference is real, as its interval excludes zero and it exceeds the noise floor.

Warnings:
  - the program holds 209 MB of live data, more than the caches of many machines; for data that size, where it lies in memory can shift the result by several points in ways the interval does not cover, and differently in the next process; run the comparison in several processes with the multiproc package

== dirs single-value n=65536 valuesFor: ordered vs baseline
A: 257.4 ns per operation (median)
B: 343.4 ns per operation (median)
A needs 24.2% less time than B: B takes 1.32 times as long as A.
With 95% confidence the difference lies between 21.7% and 29.1% less time (B takes between 1.28 and 1.41 times as long as A).
Noise floor: 3.52%. Identical code measured against itself on this setup can look that different, so smaller differences mean nothing.
Neighbouring measurements are nearly independent (autocorrelation +0.15), so they were resampled one by one.

Verdict: RESOLVED. A is faster than B: the difference is real, as its interval excludes zero and it exceeds the noise floor.

Warnings:
  - the program holds 209 MB of live data, more than the caches of many machines; for data that size, where it lies in memory can shift the result by several points in ways the interval does not cover, and differently in the next process; run the comparison in several processes with the multiproc package

== dirs single-value n=65536 valuesBetween: ordered vs btree-map
A: 4712 ns per operation (median)
B: 3576 ns per operation (median)
A needs 35% more time than B: B takes only 0.74 times as long as A.
With 95% confidence the difference lies between 26.7% and 38.7% more time (B takes between 0.721 and 0.79 times as long as A).
Noise floor: 1.13%. Identical code measured against itself on this setup can look that different, so smaller differences mean nothing.
Neighbouring measurements are nearly independent (autocorrelation +0.10), so they were resampled one by one.

Verdict: RESOLVED. A is slower than B: the difference is real, as its interval excludes zero and it exceeds the noise floor.

Warnings:
  - the program holds 210 MB of live data, more than the caches of many machines; for data that size, where it lies in memory can shift the result by several points in ways the interval does not cover, and differently in the next process; run the comparison in several processes with the multiproc package

== dirs single-value n=65536 valuesBetween: ordered vs baseline
A: 4726 ns per operation (median)
B: 7282 ns per operation (median)
A needs 35.1% less time than B: B takes 1.54 times as long as A.
With 95% confidence the difference lies between 32.3% and 37% less time (B takes between 1.48 and 1.59 times as long as A).
Noise floor: 4.49%. Identical code measured against itself on this setup can look that different, so smaller differences mean nothing.
Neighbouring measurements are correlated (autocorrelation +0.28), so they were resampled in blocks of 3.

Verdict: RESOLVED. A is faster than B: the difference is real, as its interval excludes zero and it exceeds the noise floor.

Warnings:
  - the program holds 210 MB of live data, more than the caches of many machines; for data that size, where it lies in memory can shift the result by several points in ways the interval does not cover, and differently in the next process; run the comparison in several processes with the multiproc package

== dirs single-value n=65536 prefix: ordered vs btree-map
A: 7.201e+04 ns per operation (median)
B: 4.481e+04 ns per operation (median)
A needs 58.7% more time than B: B takes only 0.63 times as long as A.
With 95% confidence the difference lies between 56% and 64.6% more time (B takes between 0.607 and 0.64 times as long as A).
Noise floor: 9.15%. Identical code measured against itself on this setup can look that different, so smaller differences mean nothing.
Neighbouring measurements are nearly independent (autocorrelation +0.01), so they were resampled one by one.

Verdict: RESOLVED. A is slower than B: the difference is real, as its interval excludes zero and it exceeds the noise floor.

Warnings:
  - the program holds 212 MB of live data, more than the caches of many machines; for data that size, where it lies in memory can shift the result by several points in ways the interval does not cover, and differently in the next process; run the comparison in several processes with the multiproc package

== dirs single-value n=65536 prefix: ordered vs baseline
A: 7.628e+04 ns per operation (median)
B: 1.294e+05 ns per operation (median)
A needs 41.4% less time than B: B takes 1.71 times as long as A.
With 95% confidence the difference lies between 38% and 42.2% less time (B takes between 1.61 and 1.73 times as long as A).
Noise floor: 5.56%. Identical code measured against itself on this setup can look that different, so smaller differences mean nothing.
Neighbouring measurements are nearly independent (autocorrelation +0.09), so they were resampled one by one.

Verdict: RESOLVED. A is faster than B: the difference is real, as its interval excludes zero and it exceeds the noise floor.

Warnings:
  - the program holds 212 MB of live data, more than the caches of many machines; for data that size, where it lies in memory can shift the result by several points in ways the interval does not cover, and differently in the next process; run the comparison in several processes with the multiproc package
  - candidate A drifted during the run: its measurements were 10.1% lower in the second half than in the first, so the machine did not hold still
  - candidate B drifted during the run: its measurements were 14.6% lower in the second half than in the first, so the machine did not hold still

== dirs single-value n=65536 churn and build: ordered vs btree-map
steady state, per insertion or deletion in a structure of 65536 elements (cycle of 171410 operations, first pass untimed):
  A: 581.8 ns per operation (median)
  B: 638.4 ns per operation (median)
  A needs 8.31% less time than B: B takes 1.09 times as long as A.
  With 95% confidence the difference lies between 6.51% and 10.1% less time (B takes between 1.07 and 1.11 times as long as A).
  Noise floor: 1.92%. Identical code measured against itself on this setup can look that different, so smaller differences mean nothing.
  Neighbouring measurements are correlated (autocorrelation +0.45), so they were resampled in blocks of 3.
  
  Verdict: RESOLVED. A is faster than B: the difference is real, as its interval excludes zero and it exceeds the noise floor.
  
  Warnings:
    - the program holds 227 MB of live data, more than the caches of many machines; for data that size, where it lies in memory can shift the result by several points in ways the interval does not cover, and differently in the next process; run the comparison in several processes with the multiproc package
    - in 50% of A/A runs this setup reported a difference between identical code, well above the 10% expected; treat any confidence from it with suspicion

build from empty to 65536 elements, per whole build (235116 operations):
  A: 1.208e+08 ns per operation (median)
  B: 1.176e+08 ns per operation (median)
  A needs 2.11% more time than B: B takes only 0.98 times as long as A.
  With 95% confidence the difference lies between 0.915% and 5.26% more time (B takes between 0.95 and 0.99 times as long as A).
  Noise floor: 1.4%. Identical code measured against itself on this setup can look that different, so smaller differences mean nothing.
  Neighbouring measurements are nearly independent (autocorrelation -0.15), so they were resampled one by one.
  
  Verdict: RESOLVED. A is slower than B: the difference is real, as its interval excludes zero and it exceeds the noise floor.
  
  Warnings:
    - the program holds 213 MB of live data, more than the caches of many machines; for data that size, where it lies in memory can shift the result by several points in ways the interval does not cover, and differently in the next process; run the comparison in several processes with the multiproc package
    - in 50% of A/A runs this setup reported a difference between identical code, well above the 10% expected; treat any confidence from it with suspicion

== dirs single-value n=65536 churn and build: ordered vs baseline
steady state, per insertion or deletion in a structure of 65536 elements (cycle of 171410 operations, first pass untimed):
  A: 567.3 ns per operation (median)
  B: 652.6 ns per operation (median)
  A needs 12% less time than B: B takes 1.14 times as long as A.
  With 95% confidence the difference lies between 5.74% and 19.9% less time (B takes between 1.06 and 1.25 times as long as A).
  Noise floor: 3.8%. Identical code measured against itself on this setup can look that different, so smaller differences mean nothing.
  Neighbouring measurements are nearly independent (autocorrelation +0.15), so they were resampled one by one.
  
  Verdict: RESOLVED. A is faster than B: the difference is real, as its interval excludes zero and it exceeds the noise floor.
  
  Warnings:
    - the program holds 213 MB of live data, more than the caches of many machines; for data that size, where it lies in memory can shift the result by several points in ways the interval does not cover, and differently in the next process; run the comparison in several processes with the multiproc package

build from empty to 65536 elements, per whole build (235116 operations):
  A: 1.233e+08 ns per operation (median)
  B: 1.257e+08 ns per operation (median)
  A needs 1.35% less time than B: B takes 1.01 times as long as A.
  With 95% confidence the difference lies between 0.718% and 5.2% less time (B takes between 1.01 and 1.05 times as long as A).
  Noise floor: 1.1%. Identical code measured against itself on this setup can look that different, so smaller differences mean nothing.
  Neighbouring measurements are nearly independent (autocorrelation +0.11), so they were resampled one by one.
  
  Verdict: RESOLVED. A is faster than B: the difference is real, as its interval excludes zero and it exceeds the noise floor.
  
  Warnings:
    - the program holds 213 MB of live data, more than the caches of many machines; for data that size, where it lies in memory can shift the result by several points in ways the interval does not cover, and differently in the next process; run the comparison in several processes with the multiproc package

checksum 13546209280592406413
== dirs single-value n=65536 valuesFor: ordered vs btree-map
A: 250 ns per operation (median)
B: 319.9 ns per operation (median)
A needs 22.9% less time than B: B takes 1.30 times as long as A.
With 95% confidence the difference lies between 17.4% and 26.1% less time (B takes between 1.21 and 1.35 times as long as A).
Noise floor: 4.54%. Identical code measured against itself on this setup can look that different, so smaller differences mean nothing.
Neighbouring measurements are nearly independent (autocorrelation +0.14), so they were resampled one by one.

Verdict: RESOLVED. A is faster than B: the difference is real, as its interval excludes zero and it exceeds the noise floor.

Warnings:
  - the program holds 209 MB of live data, more than the caches of many machines; for data that size, where it lies in memory can shift the result by several points in ways the interval does not cover, and differently in the next process; run the comparison in several processes with the multiproc package

== dirs single-value n=65536 valuesFor: ordered vs baseline
A: 253.3 ns per operation (median)
B: 331.8 ns per operation (median)
A needs 23.5% less time than B: B takes 1.31 times as long as A.
With 95% confidence the difference lies between 20.1% and 25.5% less time (B takes between 1.25 and 1.34 times as long as A).
Noise floor: 2.73%. Identical code measured against itself on this setup can look that different, so smaller differences mean nothing.
Neighbouring measurements are correlated (autocorrelation +0.33), so they were resampled in blocks of 3.

Verdict: RESOLVED. A is faster than B: the difference is real, as its interval excludes zero and it exceeds the noise floor.

Warnings:
  - the program holds 209 MB of live data, more than the caches of many machines; for data that size, where it lies in memory can shift the result by several points in ways the interval does not cover, and differently in the next process; run the comparison in several processes with the multiproc package
  - candidate B drifted during the run: its measurements were 6.58% lower in the second half than in the first, so the machine did not hold still

== dirs single-value n=65536 valuesBetween: ordered vs btree-map
A: 4704 ns per operation (median)
B: 3328 ns per operation (median)
A needs 39.1% more time than B: B takes only 0.72 times as long as A.
With 95% confidence the difference lies between 34% and 44.9% more time (B takes between 0.69 and 0.75 times as long as A).
Noise floor: 2.08%. Identical code measured against itself on this setup can look that different, so smaller differences mean nothing.
Neighbouring measurements are nearly independent (autocorrelation +0.11), so they were resampled one by one.

Verdict: RESOLVED. A is slower than B: the difference is real, as its interval excludes zero and it exceeds the noise floor.

Warnings:
  - the program holds 210 MB of live data, more than the caches of many machines; for data that size, where it lies in memory can shift the result by several points in ways the interval does not cover, and differently in the next process; run the comparison in several processes with the multiproc package

== dirs single-value n=65536 valuesBetween: ordered vs baseline
A: 4782 ns per operation (median)
B: 7383 ns per operation (median)
A needs 34.9% less time than B: B takes 1.54 times as long as A.
With 95% confidence the difference lies between 32.9% and 36.9% less time (B takes between 1.49 and 1.58 times as long as A).
Noise floor: 0.753%. Identical code measured against itself on this setup can look that different, so smaller differences mean nothing.
Neighbouring measurements are correlated (autocorrelation +0.27), so they were resampled in blocks of 3.

Verdict: RESOLVED. A is faster than B: the difference is real, as its interval excludes zero and it exceeds the noise floor.

Warnings:
  - the program holds 210 MB of live data, more than the caches of many machines; for data that size, where it lies in memory can shift the result by several points in ways the interval does not cover, and differently in the next process; run the comparison in several processes with the multiproc package

== dirs single-value n=65536 prefix: ordered vs btree-map
A: 7.464e+04 ns per operation (median)
B: 4.215e+04 ns per operation (median)
A needs 74.9% more time than B: B takes only 0.57 times as long as A.
With 95% confidence the difference lies between 68.7% and 82.7% more time (B takes between 0.547 and 0.59 times as long as A).
Noise floor: 8.71%. Identical code measured against itself on this setup can look that different, so smaller differences mean nothing.
Neighbouring measurements are nearly independent (autocorrelation +0.05), so they were resampled one by one.

Verdict: RESOLVED. A is slower than B: the difference is real, as its interval excludes zero and it exceeds the noise floor.

Warnings:
  - the program holds 212 MB of live data, more than the caches of many machines; for data that size, where it lies in memory can shift the result by several points in ways the interval does not cover, and differently in the next process; run the comparison in several processes with the multiproc package

== dirs single-value n=65536 prefix: ordered vs baseline
A: 7.979e+04 ns per operation (median)
B: 1.34e+05 ns per operation (median)
A needs 39.8% less time than B: B takes 1.66 times as long as A.
With 95% confidence the difference lies between 38.4% and 41.2% less time (B takes between 1.62 and 1.70 times as long as A).
Noise floor: 7.78%. Identical code measured against itself on this setup can look that different, so smaller differences mean nothing.
Neighbouring measurements are nearly independent (autocorrelation +0.14), so they were resampled one by one.

Verdict: RESOLVED. A is faster than B: the difference is real, as its interval excludes zero and it exceeds the noise floor.

Warnings:
  - the program holds 212 MB of live data, more than the caches of many machines; for data that size, where it lies in memory can shift the result by several points in ways the interval does not cover, and differently in the next process; run the comparison in several processes with the multiproc package
  - candidate A drifted during the run: its measurements were 11.5% lower in the second half than in the first, so the machine did not hold still
  - candidate B drifted during the run: its measurements were 16.9% lower in the second half than in the first, so the machine did not hold still
  - in 50% of A/A runs this setup reported a difference between identical code, well above the 10% expected; treat any confidence from it with suspicion

== dirs single-value n=65536 churn and build: ordered vs btree-map
steady state, per insertion or deletion in a structure of 65536 elements (cycle of 171410 operations, first pass untimed):
  A: 664.1 ns per operation (median)
  B: 714.8 ns per operation (median)
  A needs 8% less time than B: B takes 1.09 times as long as A.
  With 95% confidence the difference lies between 4.11% and 10.1% less time (B takes between 1.04 and 1.11 times as long as A).
  Noise floor: 3.64%. Identical code measured against itself on this setup can look that different, so smaller differences mean nothing.
  Neighbouring measurements are correlated (autocorrelation +0.50), so they were resampled in blocks of 3.
  
  Verdict: RESOLVED. A is faster than B: the difference is real, as its interval excludes zero and it exceeds the noise floor.
  
  Warnings:
    - the program holds 227 MB of live data, more than the caches of many machines; for data that size, where it lies in memory can shift the result by several points in ways the interval does not cover, and differently in the next process; run the comparison in several processes with the multiproc package
    - in 100% of A/A runs this setup reported a difference between identical code, well above the 10% expected; treat any confidence from it with suspicion

build from empty to 65536 elements, per whole build (235116 operations):
  A: 1.164e+08 ns per operation (median)
  B: 1.112e+08 ns per operation (median)
  A needs 5.34% more time than B: B takes only 0.95 times as long as A.
  With 95% confidence the difference lies between 1.9% and 6.9% more time (B takes between 0.935 and 0.98 times as long as A).
  Noise floor: 1.23%. Identical code measured against itself on this setup can look that different, so smaller differences mean nothing.
  Neighbouring measurements are nearly independent (autocorrelation +0.15), so they were resampled one by one.
  
  Verdict: RESOLVED. A is slower than B: the difference is real, as its interval excludes zero and it exceeds the noise floor.
  
  Warnings:
    - the program holds 213 MB of live data, more than the caches of many machines; for data that size, where it lies in memory can shift the result by several points in ways the interval does not cover, and differently in the next process; run the comparison in several processes with the multiproc package
    - in 50% of A/A runs this setup reported a difference between identical code, well above the 10% expected; treat any confidence from it with suspicion

== dirs single-value n=65536 churn and build: ordered vs baseline
steady state, per insertion or deletion in a structure of 65536 elements (cycle of 171410 operations, first pass untimed):
  A: 574.3 ns per operation (median)
  B: 684.3 ns per operation (median)
  A needs 18.5% less time than B: B takes 1.23 times as long as A.
  With 95% confidence the difference lies between 12.2% and 22.1% less time (B takes between 1.14 and 1.28 times as long as A).
  Noise floor: 5.74%. Identical code measured against itself on this setup can look that different, so smaller differences mean nothing.
  Neighbouring measurements are correlated (autocorrelation +0.39), so they were resampled in blocks of 3.
  
  Verdict: RESOLVED. A is faster than B: the difference is real, as its interval excludes zero and it exceeds the noise floor.
  
  Warnings:
    - the program holds 226 MB of live data, more than the caches of many machines; for data that size, where it lies in memory can shift the result by several points in ways the interval does not cover, and differently in the next process; run the comparison in several processes with the multiproc package

build from empty to 65536 elements, per whole build (235116 operations):
  A: 1.159e+08 ns per operation (median)
  B: 1.184e+08 ns per operation (median)
  A needs 0.895% less time than B: B takes 1.01 times as long as A.
  With 95% confidence the difference lies between 1.46% more time and 4.96% less time (B takes between 0.986 and 1.05 times as long as A).
  Noise floor: 0.318%. Identical code measured against itself on this setup can look that different, so smaller differences mean nothing.
  Neighbouring measurements are nearly independent (autocorrelation +0.12), so they were resampled one by one.
  
  Verdict: NOT RESOLVED. This run did not establish which candidate is faster. That is not the same as "equally fast": the warnings below say what is missing.
  
  Warnings:
    - the interval [-1.46%, 4.96%] includes zero, so a difference in either direction is consistent with these measurements
    - the program holds 213 MB of live data, more than the caches of many machines; for data that size, where it lies in memory can shift the result by several points in ways the interval does not cover, and differently in the next process; run the comparison in several processes with the multiproc package

checksum 273896877476071434
== dirs single-value n=65536 valuesFor: ordered vs btree-map
A: 287.5 ns per operation (median)
B: 394.2 ns per operation (median)
A needs 27% less time than B: B takes 1.37 times as long as A.
With 95% confidence the difference lies between 20.7% and 34.7% less time (B takes between 1.26 and 1.53 times as long as A).
Noise floor: 2.01%. Identical code measured against itself on this setup can look that different, so smaller differences mean nothing.
Neighbouring measurements are nearly independent (autocorrelation -0.17), so they were resampled one by one.

Verdict: RESOLVED. A is faster than B: the difference is real, as its interval excludes zero and it exceeds the noise floor.

Warnings:
  - the program holds 209 MB of live data, more than the caches of many machines; for data that size, where it lies in memory can shift the result by several points in ways the interval does not cover, and differently in the next process; run the comparison in several processes with the multiproc package

== dirs single-value n=65536 valuesFor: ordered vs baseline
A: 257.5 ns per operation (median)
B: 338.9 ns per operation (median)
A needs 24.3% less time than B: B takes 1.32 times as long as A.
With 95% confidence the difference lies between 20.6% and 27.2% less time (B takes between 1.26 and 1.37 times as long as A).
Noise floor: 1.7%. Identical code measured against itself on this setup can look that different, so smaller differences mean nothing.
Neighbouring measurements are nearly independent (autocorrelation +0.18), so they were resampled one by one.

Verdict: RESOLVED. A is faster than B: the difference is real, as its interval excludes zero and it exceeds the noise floor.

Warnings:
  - the program holds 210 MB of live data, more than the caches of many machines; for data that size, where it lies in memory can shift the result by several points in ways the interval does not cover, and differently in the next process; run the comparison in several processes with the multiproc package

== dirs single-value n=65536 valuesBetween: ordered vs btree-map
A: 4674 ns per operation (median)
B: 3527 ns per operation (median)
A needs 34.6% more time than B: B takes only 0.74 times as long as A.
With 95% confidence the difference lies between 29.7% and 39.3% more time (B takes between 0.718 and 0.77 times as long as A).
Noise floor: 1.54%. Identical code measured against itself on this setup can look that different, so smaller differences mean nothing.
Neighbouring measurements are nearly independent (autocorrelation -0.22), so they were resampled one by one.

Verdict: RESOLVED. A is slower than B: the difference is real, as its interval excludes zero and it exceeds the noise floor.

Warnings:
  - the program holds 210 MB of live data, more than the caches of many machines; for data that size, where it lies in memory can shift the result by several points in ways the interval does not cover, and differently in the next process; run the comparison in several processes with the multiproc package

== dirs single-value n=65536 valuesBetween: ordered vs baseline
A: 4676 ns per operation (median)
B: 7167 ns per operation (median)
A needs 34.1% less time than B: B takes 1.52 times as long as A.
With 95% confidence the difference lies between 32.2% and 35.8% less time (B takes between 1.48 and 1.56 times as long as A).
Noise floor: 1.14%. Identical code measured against itself on this setup can look that different, so smaller differences mean nothing.
Neighbouring measurements are nearly independent (autocorrelation -0.08), so they were resampled one by one.

Verdict: RESOLVED. A is faster than B: the difference is real, as its interval excludes zero and it exceeds the noise floor.

Warnings:
  - the program holds 210 MB of live data, more than the caches of many machines; for data that size, where it lies in memory can shift the result by several points in ways the interval does not cover, and differently in the next process; run the comparison in several processes with the multiproc package
  - candidate A drifted during the run: its measurements were 3.31% lower in the second half than in the first, so the machine did not hold still
  - candidate B drifted during the run: its measurements were 6.29% lower in the second half than in the first, so the machine did not hold still

== dirs single-value n=65536 prefix: ordered vs btree-map
A: 7.307e+04 ns per operation (median)
B: 4.346e+04 ns per operation (median)
A needs 68.8% more time than B: B takes only 0.59 times as long as A.
With 95% confidence the difference lies between 60.2% and 77.4% more time (B takes between 0.564 and 0.62 times as long as A).
Noise floor: 8.39%. Identical code measured against itself on this setup can look that different, so smaller differences mean nothing.
Neighbouring measurements are nearly independent (autocorrelation +0.04), so they were resampled one by one.

Verdict: RESOLVED. A is slower than B: the difference is real, as its interval excludes zero and it exceeds the noise floor.

Warnings:
  - the program holds 211 MB of live data, more than the caches of many machines; for data that size, where it lies in memory can shift the result by several points in ways the interval does not cover, and differently in the next process; run the comparison in several processes with the multiproc package

== dirs single-value n=65536 prefix: ordered vs baseline
A: 7.411e+04 ns per operation (median)
B: 1.251e+05 ns per operation (median)
A needs 40.6% less time than B: B takes 1.68 times as long as A.
With 95% confidence the difference lies between 38.5% and 42.3% less time (B takes between 1.63 and 1.73 times as long as A).
Noise floor: 7.88%. Identical code measured against itself on this setup can look that different, so smaller differences mean nothing.
Neighbouring measurements are nearly independent (autocorrelation +0.11), so they were resampled one by one.

Verdict: RESOLVED. A is faster than B: the difference is real, as its interval excludes zero and it exceeds the noise floor.

Warnings:
  - the program holds 211 MB of live data, more than the caches of many machines; for data that size, where it lies in memory can shift the result by several points in ways the interval does not cover, and differently in the next process; run the comparison in several processes with the multiproc package
  - candidate A drifted during the run: its measurements were 12.4% lower in the second half than in the first, so the machine did not hold still
  - candidate B drifted during the run: its measurements were 12.7% lower in the second half than in the first, so the machine did not hold still
  - in 50% of A/A runs this setup reported a difference between identical code, well above the 10% expected; treat any confidence from it with suspicion

== dirs single-value n=65536 churn and build: ordered vs btree-map
steady state, per insertion or deletion in a structure of 65536 elements (cycle of 171410 operations, first pass untimed):
  A: 583.1 ns per operation (median)
  B: 635.2 ns per operation (median)
  A needs 6.1% less time than B: B takes 1.06 times as long as A.
  With 95% confidence the difference lies between 4.76% and 7.7% less time (B takes between 1.05 and 1.08 times as long as A).
  Noise floor: 1.98%. Identical code measured against itself on this setup can look that different, so smaller differences mean nothing.
  Neighbouring measurements are nearly independent (autocorrelation +0.18), so they were resampled one by one.
  
  Verdict: RESOLVED. A is faster than B: the difference is real, as its interval excludes zero and it exceeds the noise floor.
  
  Warnings:
    - the program holds 221 MB of live data, more than the caches of many machines; for data that size, where it lies in memory can shift the result by several points in ways the interval does not cover, and differently in the next process; run the comparison in several processes with the multiproc package
    - candidate A drifted during the run: its measurements were 5.92% lower in the second half than in the first, so the machine did not hold still
    - candidate B drifted during the run: its measurements were 7.76% lower in the second half than in the first, so the machine did not hold still

build from empty to 65536 elements, per whole build (235116 operations):
  A: 1.209e+08 ns per operation (median)
  B: 1.133e+08 ns per operation (median)
  A needs 5.32% more time than B: B takes only 0.95 times as long as A.
  With 95% confidence the difference lies between 4.36% and 6.93% more time (B takes between 0.935 and 0.96 times as long as A).
  Noise floor: 2.29%. Identical code measured against itself on this setup can look that different, so smaller differences mean nothing.
  Neighbouring measurements are nearly independent (autocorrelation +0.17), so they were resampled one by one.
  
  Verdict: RESOLVED. A is slower than B: the difference is real, as its interval excludes zero and it exceeds the noise floor.
  
  Warnings:
    - the program holds 213 MB of live data, more than the caches of many machines; for data that size, where it lies in memory can shift the result by several points in ways the interval does not cover, and differently in the next process; run the comparison in several processes with the multiproc package
    - candidate B drifted during the run: its measurements were 7.7% lower in the second half than in the first, so the machine did not hold still
    - in 50% of A/A runs this setup reported a difference between identical code, well above the 10% expected; treat any confidence from it with suspicion

== dirs single-value n=65536 churn and build: ordered vs baseline
steady state, per insertion or deletion in a structure of 65536 elements (cycle of 171410 operations, first pass untimed):
  A: 507.6 ns per operation (median)
  B: 584.5 ns per operation (median)
  A needs 10.1% less time than B: B takes 1.11 times as long as A.
  With 95% confidence the difference lies between 8.14% and 16.2% less time (B takes between 1.09 and 1.19 times as long as A).
  Noise floor: 4.78%. Identical code measured against itself on this setup can look that different, so smaller differences mean nothing.
  Neighbouring measurements are nearly independent (autocorrelation +0.10), so they were resampled one by one.
  
  Verdict: RESOLVED. A is faster than B: the difference is real, as its interval excludes zero and it exceeds the noise floor.
  
  Warnings:
    - the program holds 213 MB of live data, more than the caches of many machines; for data that size, where it lies in memory can shift the result by several points in ways the interval does not cover, and differently in the next process; run the comparison in several processes with the multiproc package
    - candidate A drifted during the run: its measurements were 19.5% lower in the second half than in the first, so the machine did not hold still
    - candidate B drifted during the run: its measurements were 20.5% lower in the second half than in the first, so the machine did not hold still

build from empty to 65536 elements, per whole build (235116 operations):
  A: 1.176e+08 ns per operation (median)
  B: 1.161e+08 ns per operation (median)
  A needs 0.916% more time than B: B takes only 0.99 times as long as A.
  With 95% confidence the difference lies between 3.35% more time and 2.03% less time (B takes between 0.968 and 1.02 times as long as A).
  Noise floor: 2.15%. Identical code measured against itself on this setup can look that different, so smaller differences mean nothing.
  Neighbouring measurements are nearly independent (autocorrelation +0.16), so they were resampled one by one.
  
  Verdict: NOT RESOLVED. This run did not establish which candidate is faster. That is not the same as "equally fast": the warnings below say what is missing.
  
  Warnings:
    - the difference of -0.92% does not clear the 2.15% noise floor, which is what this setup reports between two runs of identical code
    - the interval [-3.35%, 2.03%] includes zero, so a difference in either direction is consistent with these measurements
    - the program holds 213 MB of live data, more than the caches of many machines; for data that size, where it lies in memory can shift the result by several points in ways the interval does not cover, and differently in the next process; run the comparison in several processes with the multiproc package
    - in 50% of A/A runs this setup reported a difference between identical code, well above the 10% expected; treat any confidence from it with suspicion

checksum 5634759660262058274
