== u64 n=4096 valuesFor: lib vs art
A 76.35 per op, B 76.68 per op
difference +0.43% [-0.39%, +1.56%] at 95% confidence
noise floor 0.524%, autocorrelation -0.122
not resolved: this run did not establish a difference
  warning: the difference of 0.43% does not clear the 0.52% noise floor, which is what this setup reports between two runs of identical code
  warning: the interval [-0.39%, 1.56%] includes zero, so a difference in either direction is consistent with these measurements

== u64 n=4096 valuesBetween: lib vs art
A 3655 per op, B 3579 per op
difference -2.14% [-3.05%, -1.31%] at 95% confidence
noise floor 0.405%, autocorrelation +0.232, resampled in blocks of 5
resolved: A is slower than B
  warning: candidate A drifted during the run, shifting -0.20% from its first half to its second; the machine did not hold still
  warning: candidate B drifted during the run, shifting -0.54% from its first half to its second; the machine did not hold still

== u64 n=4096 addRemove: lib vs art
A 54.26 per op, B 52.77 per op
difference -2.84% [-3.41%, -1.81%] at 95% confidence
noise floor 0.118%, autocorrelation +0.448, resampled in blocks of 5
resolved: A is slower than B
  warning: candidate A drifted during the run, shifting -2.82% from its first half to its second; the machine did not hold still
  warning: candidate B drifted during the run, shifting -2.82% from its first half to its second; the machine did not hold still

== u64 n=4096 build: lib vs art
A 1.155e+06 per op, B 1.138e+06 per op
difference -1.56% [-2.30%, -1.09%] at 95% confidence
noise floor 0.699%, autocorrelation +0.082
resolved: A is slower than B

