== u64 n=4096 valuesBetween: art vs art-v2
A 3658 per op, B 4204 per op
difference +12.99% [+11.52%, +14.36%] at 95% confidence
noise floor 1.261%, autocorrelation +0.119
resolved: A is faster than B

== u64 n=4096 valuesBetween: art vs lib
A 3597 per op, B 3714 per op
difference +3.14% [+2.16%, +3.71%] at 95% confidence
noise floor 0.437%, autocorrelation +0.271, resampled in blocks of 5
resolved: A is faster than B
  warning: candidate A drifted during the run, shifting -1.89% from its first half to its second; the machine did not hold still
  warning: candidate B drifted during the run, shifting -1.74% from its first half to its second; the machine did not hold still

== u64 n=4096 valuesBetween: art vs art-linear
A 3546 per op, B 3688 per op
difference +3.86% [+3.17%, +4.49%] at 95% confidence
noise floor 0.737%, autocorrelation +0.137
resolved: A is faster than B
  warning: in 42% of A/A runs this setup reported a difference between identical code, well above the 10% expected; treat any confidence from it with suspicion

== u64 n=4096 valuesBetween: art vs art-touch
A 3562 per op, B 3611 per op
difference +1.33% [+0.51%, +1.90%] at 95% confidence
noise floor 0.602%, autocorrelation +0.190
resolved: A is faster than B

== u64 n=4096 valuesBetween: art vs art-touch-copy
A 3606 per op, B 4389 per op
difference +17.84% [+17.01%, +19.00%] at 95% confidence
noise floor 3.881%, autocorrelation +0.175
resolved: A is faster than B
  warning: in 48% of A/A runs this setup reported a difference between identical code, well above the 10% expected; treat any confidence from it with suspicion

== u64 n=4096 valuesBetween: art vs btree-inline
A 3532 per op, B 3263 per op
difference -8.25% [-8.80%, -7.71%] at 95% confidence
noise floor 0.273%, autocorrelation +0.133
resolved: A is slower than B

== u64 n=4096 valuesBetween: art vs btree-ptr
A 3547 per op, B 3320 per op
difference -6.86% [-7.57%, -6.12%] at 95% confidence
noise floor 0.312%, autocorrelation +0.177
resolved: A is slower than B

