== str n=1048576 get: arena-art vs arena-flat
A 293.6 per op, B 279.1 per op
difference -5.23% [-6.32%, -4.36%] at 95% confidence
noise floor 1.030%, autocorrelation +0.576, resampled in blocks of 5
resolved: A is slower than B
  warning: candidate B drifted during the run, shifting -1.13% from its first half to its second; the machine did not hold still

== str n=1048576 get: arena-art vs ptr-art
A 307.5 per op, B 320.3 per op
difference +3.98% [-0.04%, +6.15%] at 95% confidence
noise floor 1.023%, autocorrelation +0.477, resampled in blocks of 5
not resolved: this run did not establish a difference
  warning: the interval [-0.04%, 6.15%] includes zero, so a difference in either direction is consistent with these measurements
  warning: candidate A drifted during the run, shifting +8.91% from its first half to its second; the machine did not hold still
  warning: candidate B drifted during the run, shifting -2.10% from its first half to its second; the machine did not hold still

== str n=1048576 get: arena-art vs tidwall-btree
A 303 per op, B 920.2 per op
difference +67.07% [+66.85%, +67.84%] at 95% confidence
noise floor 1.073%, autocorrelation +0.686, resampled in blocks of 5
resolved: A is faster than B
  warning: candidate B drifted during the run, shifting +0.68% from its first half to its second; the machine did not hold still
  warning: in 28% of A/A runs this setup reported a difference between identical code, well above the 10% expected; treat any confidence from it with suspicion

== str n=1048576 get: arena-art vs plar-art
A 283.8 per op, B 802.2 per op
difference +64.62% [+64.44%, +65.45%] at 95% confidence
noise floor 0.532%, autocorrelation +0.721, resampled in blocks of 5
resolved: A is faster than B

== str n=1048576 get: arena-art vs plar-hot
A 278.6 per op, B 504.8 per op
difference +44.80% [+44.44%, +45.08%] at 95% confidence
noise floor 0.460%, autocorrelation +0.750, resampled in blocks of 5
resolved: A is faster than B

== str n=1048576 get: arena-art vs go-map
A 262.8 per op, B 103.6 per op
difference -153.73% [-155.74%, -151.14%] at 95% confidence
noise floor 0.331%, autocorrelation +0.814, resampled in blocks of 5
resolved: A is slower than B

== str n=1048576 miss: arena-art vs arena-flat
A 169.5 per op, B 156.3 per op
difference -8.49% [-9.38%, -7.59%] at 95% confidence
noise floor 0.460%, autocorrelation +0.706, resampled in blocks of 5
resolved: A is slower than B
  warning: candidate A drifted during the run, shifting -0.88% from its first half to its second; the machine did not hold still
  warning: candidate B drifted during the run, shifting -1.23% from its first half to its second; the machine did not hold still

== str n=1048576 miss: arena-art vs ptr-art
A 213.8 per op, B 222.6 per op
difference +3.95% [+1.01%, +6.95%] at 95% confidence
noise floor 0.482%, autocorrelation +0.671, resampled in blocks of 5
resolved: A is faster than B
  warning: candidate A drifted during the run, shifting -7.76% from its first half to its second; the machine did not hold still
  warning: candidate B drifted during the run, shifting -6.56% from its first half to its second; the machine did not hold still

== str n=1048576 miss: arena-art vs tidwall-btree
A 196.3 per op, B 906.6 per op
difference +78.34% [+78.11%, +79.18%] at 95% confidence
noise floor 0.806%, autocorrelation +0.704, resampled in blocks of 5
resolved: A is faster than B
  warning: candidate B drifted during the run, shifting -0.43% from its first half to its second; the machine did not hold still

== str n=1048576 miss: arena-art vs plar-art
A 179.2 per op, B 464.3 per op
difference +61.40% [+61.05%, +61.81%] at 95% confidence
noise floor 0.380%, autocorrelation +0.705, resampled in blocks of 5
resolved: A is faster than B
  warning: candidate A drifted during the run, shifting -1.69% from its first half to its second; the machine did not hold still
  warning: candidate B drifted during the run, shifting -1.09% from its first half to its second; the machine did not hold still

== str n=1048576 miss: arena-art vs plar-hot
A 182.2 per op, B 412.8 per op
difference +55.86% [+55.39%, +56.49%] at 95% confidence
noise floor 0.345%, autocorrelation +0.778, resampled in blocks of 5
resolved: A is faster than B

== str n=1048576 miss: arena-art vs go-map
A 163.3 per op, B 39.56 per op
difference -312.90% [-316.96%, -310.11%] at 95% confidence
noise floor 0.427%, autocorrelation +0.780, resampled in blocks of 5
resolved: A is slower than B

== str n=1048576 scan: arena-art vs arena-flat
A 6314 per op, B 5803 per op
difference -8.80% [-9.73%, -7.49%] at 95% confidence
noise floor 0.536%, autocorrelation +0.768, resampled in blocks of 5
resolved: A is slower than B
  warning: candidate A drifted during the run, shifting -1.02% from its first half to its second; the machine did not hold still
  warning: candidate B drifted during the run, shifting -1.78% from its first half to its second; the machine did not hold still

== str n=1048576 scan: arena-art vs ptr-art
A 6350 per op, B 5241 per op
difference -21.17% [-21.83%, -20.47%] at 95% confidence
noise floor 0.549%, autocorrelation +0.726, resampled in blocks of 5
resolved: A is slower than B

== str n=1048576 scan: arena-art vs tidwall-btree
A 6241 per op, B 1885 per op
difference -231.13% [-238.76%, -226.86%] at 95% confidence
noise floor 0.501%, autocorrelation +0.795, resampled in blocks of 5
resolved: A is slower than B
  warning: candidate A drifted during the run, shifting +0.90% from its first half to its second; the machine did not hold still
  warning: candidate B drifted during the run, shifting +1.11% from its first half to its second; the machine did not hold still

