11:43:47  start: -suite dev -minprocs 6 -maxprocs 8 -memn 262144 -memrounds 3 -keys street -values single-value -sizes 4096,16384,212449 -vs baseline -out C:\temp\bench-win\m35-y-u64-street-single
11:43:55  street single-value n=4096: 1 processes done; the first stage is at least 6
11:44:02  street single-value n=4096: 2 processes done; the first stage is at least 6
11:44:10  street single-value n=4096: 3 processes done; the first stage is at least 6
11:44:17  street single-value n=4096: 4 processes done; the first stage is at least 6
11:44:24  street single-value n=4096: 5 processes done; the first stage is at least 6
11:44:32  street single-value n=4096: first stage of 6 processes done; no comparison needs 6 processes for its interval, run in whole pairs of processes (at most 8)
11:44:32  street single-value n=4096: 6 processes done; 0 of 5 comparisons not yet within the interval asked for
11:44:41  street single-value n=16384: 1 processes done; the first stage is at least 6
11:44:51  street single-value n=16384: 2 processes done; the first stage is at least 6
11:45:01  street single-value n=16384: 3 processes done; the first stage is at least 6
11:45:11  street single-value n=16384: 4 processes done; the first stage is at least 6
11:45:20  street single-value n=16384: 5 processes done; the first stage is at least 6
11:45:30  street single-value n=16384: first stage of 6 processes done; no comparison needs 6 processes for its interval, run in whole pairs of processes (at most 8)
11:45:30  street single-value n=16384: 6 processes done; 0 of 5 comparisons not yet within the interval asked for
11:45:40  street single-value n=212449: 1 processes done; the first stage is at least 6
11:45:49  street single-value n=212449: 2 processes done; the first stage is at least 6
11:45:59  street single-value n=212449: 3 processes done; the first stage is at least 6
11:46:09  street single-value n=212449: 4 processes done; the first stage is at least 6
11:46:18  street single-value n=212449: 5 processes done; the first stage is at least 6
11:46:28  street single-value n=212449: first stage of 6 processes done; valuesFor ordered baseline needs 12 processes for its interval, run in whole pairs of processes (at most 8)
11:46:28  street single-value n=212449: 6 processes done; 2 of 4 comparisons not yet within the interval asked for; widest ±5.5 pts: valuesFor ordered baseline
11:46:38  street single-value n=212449: 7 processes done; 2 of 4 comparisons not yet within the interval asked for; widest ±5.1 pts: valuesFor ordered baseline
11:46:47  street single-value n=212449: 8 processes done; 1 of 4 comparisons not yet within the interval asked for; widest ±4.8 pts: valuesFor ordered baseline
11:46:47  warning: street single-value n=212449 stopped after 8 processes, before every interval was as precise as asked
11:46:48  memory round 1 of 3 done
11:46:50  memory round 2 of 3 done
11:46:51  memory round 3 of 3 done
11:46:51  done after 3m3s
