== street natural n=16384 valuesFor: ordered vs btree-sets
A: 126.2 ns per operation (median)
B: 273.6 ns per operation (median)
A needs 54.4% less time than B: B takes 2.19 times as long as A.
With 95% confidence the difference lies between 51.8% and 55.8% less time (B takes between 2.08 and 2.26 times as long as A).
Noise floor: 0.834%. Identical code measured against itself on this setup can look that different, so smaller differences mean nothing.
Neighbouring measurements are nearly independent (autocorrelation -0.28), so they were resampled one by one.

Verdict: RESOLVED. A is faster than B: the difference is real, as its interval excludes zero and it exceeds the noise floor.

Warnings:
  - the program holds 66 MB of live data, more than the caches of many machines; for data that size, where it lies in memory can shift the result by several points in ways the interval does not cover, and differently in the next process; run the comparison in several processes with the multiproc package

== street natural n=16384 valuesFor: ordered vs baseline
A: 120.8 ns per operation (median)
B: 112.1 ns per operation (median)
A needs 7.77% more time than B: B takes only 0.93 times as long as A.
With 95% confidence the difference lies between 3.82% and 11.8% more time (B takes between 0.895 and 0.96 times as long as A).
Noise floor: 0.957%. Identical code measured against itself on this setup can look that different, so smaller differences mean nothing.
Neighbouring measurements are nearly independent (autocorrelation +0.20), so they were resampled one by one.

Verdict: RESOLVED. A is slower than B: the difference is real, as its interval excludes zero and it exceeds the noise floor.

Warnings:
  - the program holds 66 MB of live data, more than the caches of many machines; for data that size, where it lies in memory can shift the result by several points in ways the interval does not cover, and differently in the next process; run the comparison in several processes with the multiproc package
  - candidate B drifted during the run: its measurements were 11.5% higher in the second half than in the first, so the machine did not hold still
  - the ratio B/A was 9.72% higher in the second half of the run than in the first, so the candidates had not reached a steady state and the difference depends on how long the run was; a common cause is a head start for whichever candidate ran alone last before the comparison or had its data built last, which a longer CollectOptions.WarmupDuration removes

== street natural n=16384 valuesBetween: ordered vs btree-sets
A: 2915 ns per operation (median)
B: 6398 ns per operation (median)
A needs 53.9% less time than B: B takes 2.17 times as long as A.
With 95% confidence the difference lies between 53% and 56% less time (B takes between 2.13 and 2.27 times as long as A).
Noise floor: 2.03%. Identical code measured against itself on this setup can look that different, so smaller differences mean nothing.
Neighbouring measurements are correlated (autocorrelation +0.66), so they were resampled in blocks of 3.

Verdict: RESOLVED. A is faster than B: the difference is real, as its interval excludes zero and it exceeds the noise floor.

Warnings:
  - the program holds 87 MB of live data, more than the caches of many machines; for data that size, where it lies in memory can shift the result by several points in ways the interval does not cover, and differently in the next process; run the comparison in several processes with the multiproc package
  - candidate B drifted during the run: its measurements were 6.41% higher in the second half than in the first, so the machine did not hold still
  - the ratio B/A was 6.23% higher in the second half of the run than in the first, so the candidates had not reached a steady state and the difference depends on how long the run was; a common cause is a head start for whichever candidate ran alone last before the comparison or had its data built last, which a longer CollectOptions.WarmupDuration removes

== street natural n=16384 valuesBetween: ordered vs baseline
A: 2750 ns per operation (median)
B: 3771 ns per operation (median)
A needs 26.9% less time than B: B takes 1.37 times as long as A.
With 95% confidence the difference lies between 26.8% and 27.9% less time (B takes between 1.37 and 1.39 times as long as A).
Noise floor: 1.11%. Identical code measured against itself on this setup can look that different, so smaller differences mean nothing.
Neighbouring measurements are correlated (autocorrelation +0.51), so they were resampled in blocks of 3.

Verdict: RESOLVED. A is faster than B: the difference is real, as its interval excludes zero and it exceeds the noise floor.

Warnings:
  - the program holds 87 MB of live data, more than the caches of many machines; for data that size, where it lies in memory can shift the result by several points in ways the interval does not cover, and differently in the next process; run the comparison in several processes with the multiproc package

== street natural n=16384 prefix: ordered vs btree-sets
A: 961.1 ns per operation (median)
B: 2252 ns per operation (median)
A needs 58.3% less time than B: B takes 2.40 times as long as A.
With 95% confidence the difference lies between 57.1% and 59.9% less time (B takes between 2.33 and 2.49 times as long as A).
Noise floor: 1.83%. Identical code measured against itself on this setup can look that different, so smaller differences mean nothing.
Neighbouring measurements are nearly independent (autocorrelation -0.23), so they were resampled one by one.

Verdict: RESOLVED. A is faster than B: the difference is real, as its interval excludes zero and it exceeds the noise floor.

Warnings:
  - the program holds 87 MB of live data, more than the caches of many machines; for data that size, where it lies in memory can shift the result by several points in ways the interval does not cover, and differently in the next process; run the comparison in several processes with the multiproc package

== street natural n=16384 prefix: ordered vs baseline
A: 952.3 ns per operation (median)
B: 1238 ns per operation (median)
A needs 24.4% less time than B: B takes 1.32 times as long as A.
With 95% confidence the difference lies between 22.6% and 26.8% less time (B takes between 1.29 and 1.37 times as long as A).
Noise floor: 3.46%. Identical code measured against itself on this setup can look that different, so smaller differences mean nothing.
Neighbouring measurements are nearly independent (autocorrelation +0.00), so they were resampled one by one.

Verdict: RESOLVED. A is faster than B: the difference is real, as its interval excludes zero and it exceeds the noise floor.

Warnings:
  - the program holds 87 MB of live data, more than the caches of many machines; for data that size, where it lies in memory can shift the result by several points in ways the interval does not cover, and differently in the next process; run the comparison in several processes with the multiproc package

== street natural n=16384 churn and build: ordered vs btree-sets
steady state, per insertion or deletion in a structure of 42299 elements (cycle of 111004 operations, first pass untimed):
  A: 212.5 ns per operation (median)
  B: 302.1 ns per operation (median)
  A needs 30% less time than B: B takes 1.43 times as long as A.
  With 95% confidence the difference lies between 27.3% and 30.6% less time (B takes between 1.38 and 1.44 times as long as A).
  Noise floor: 1.18%. Identical code measured against itself on this setup can look that different, so smaller differences mean nothing.
  Neighbouring measurements are nearly independent (autocorrelation -0.13), so they were resampled one by one.
  
  Verdict: RESOLVED. A is faster than B: the difference is real, as its interval excludes zero and it exceeds the noise floor.
  
  Warnings:
    - the program holds 96 MB of live data, more than the caches of many machines; for data that size, where it lies in memory can shift the result by several points in ways the interval does not cover, and differently in the next process; run the comparison in several processes with the multiproc package

build from empty to 42299 elements, per whole build (151987 operations):
  A: 3.26e+07 ns per operation (median)
  B: 4.706e+07 ns per operation (median)
  A needs 30.8% less time than B: B takes 1.44 times as long as A.
  With 95% confidence the difference lies between 30.6% and 31.1% less time (B takes between 1.44 and 1.45 times as long as A).
  Noise floor: 0.233%. Identical code measured against itself on this setup can look that different, so smaller differences mean nothing.
  Neighbouring measurements are nearly independent (autocorrelation -0.01), so they were resampled one by one.
  
  Verdict: RESOLVED. A is faster than B: the difference is real, as its interval excludes zero and it exceeds the noise floor.
  
  Warnings:
    - the program holds 88 MB of live data, more than the caches of many machines; for data that size, where it lies in memory can shift the result by several points in ways the interval does not cover, and differently in the next process; run the comparison in several processes with the multiproc package

== street natural n=16384 churn and build: ordered vs baseline
steady state, per insertion or deletion in a structure of 42299 elements (cycle of 111004 operations, first pass untimed):
  A: 207.2 ns per operation (median)
  B: 169.4 ns per operation (median)
  A needs 22.1% more time than B: B takes only 0.82 times as long as A.
  With 95% confidence the difference lies between 21.2% and 23.1% more time (B takes between 0.812 and 0.82 times as long as A).
  Noise floor: 0.207%. Identical code measured against itself on this setup can look that different, so smaller differences mean nothing.
  Neighbouring measurements are nearly independent (autocorrelation +0.05), so they were resampled one by one.
  
  Verdict: RESOLVED. A is slower than B: the difference is real, as its interval excludes zero and it exceeds the noise floor.
  
  Warnings:
    - the program holds 93 MB of live data, more than the caches of many machines; for data that size, where it lies in memory can shift the result by several points in ways the interval does not cover, and differently in the next process; run the comparison in several processes with the multiproc package

build from empty to 42299 elements, per whole build (151987 operations):
  A: 3.244e+07 ns per operation (median)
  B: 2.563e+07 ns per operation (median)
  A needs 27% more time than B: B takes only 0.79 times as long as A.
  With 95% confidence the difference lies between 26.7% and 27.4% more time (B takes between 0.785 and 0.79 times as long as A).
  Noise floor: 0.177%. Identical code measured against itself on this setup can look that different, so smaller differences mean nothing.
  Neighbouring measurements are nearly independent (autocorrelation +0.18), so they were resampled one by one.
  
  Verdict: RESOLVED. A is slower than B: the difference is real, as its interval excludes zero and it exceeds the noise floor.
  
  Warnings:
    - the program holds 88 MB of live data, more than the caches of many machines; for data that size, where it lies in memory can shift the result by several points in ways the interval does not cover, and differently in the next process; run the comparison in several processes with the multiproc package

checksum 1346718014133
== street natural n=16384 valuesFor: ordered vs btree-sets
A: 113.8 ns per operation (median)
B: 232.2 ns per operation (median)
A needs 51% less time than B: B takes 2.04 times as long as A.
With 95% confidence the difference lies between 50.4% and 51.7% less time (B takes between 2.02 and 2.07 times as long as A).
Noise floor: 0.772%. Identical code measured against itself on this setup can look that different, so smaller differences mean nothing.
Neighbouring measurements are nearly independent (autocorrelation +0.01), so they were resampled one by one.

Verdict: RESOLVED. A is faster than B: the difference is real, as its interval excludes zero and it exceeds the noise floor.

Warnings:
  - the program holds 96 MB of live data, more than the caches of many machines; for data that size, where it lies in memory can shift the result by several points in ways the interval does not cover, and differently in the next process; run the comparison in several processes with the multiproc package

== street natural n=16384 valuesFor: ordered vs baseline
A: 112.6 ns per operation (median)
B: 99.42 ns per operation (median)
A needs 13.8% more time than B: B takes only 0.88 times as long as A.
With 95% confidence the difference lies between 12.7% and 14.6% more time (B takes between 0.873 and 0.89 times as long as A).
Noise floor: 0.557%. Identical code measured against itself on this setup can look that different, so smaller differences mean nothing.
Neighbouring measurements are nearly independent (autocorrelation -0.06), so they were resampled one by one.

Verdict: RESOLVED. A is slower than B: the difference is real, as its interval excludes zero and it exceeds the noise floor.

Warnings:
  - the program holds 96 MB of live data, more than the caches of many machines; for data that size, where it lies in memory can shift the result by several points in ways the interval does not cover, and differently in the next process; run the comparison in several processes with the multiproc package
  - 6.2% of bootstrap replicates tied, so the measurement is coarse relative to the question; lower CollectOptions.MaxQuantizationError to lengthen the batches

== street natural n=16384 valuesBetween: ordered vs btree-sets
A: 2727 ns per operation (median)
B: 5641 ns per operation (median)
A needs 51.9% less time than B: B takes 2.08 times as long as A.
With 95% confidence the difference lies between 51.2% and 52.5% less time (B takes between 2.05 and 2.11 times as long as A).
Noise floor: 0.887%. Identical code measured against itself on this setup can look that different, so smaller differences mean nothing.
Neighbouring measurements are correlated (autocorrelation +0.25), so they were resampled in blocks of 3.

Verdict: RESOLVED. A is faster than B: the difference is real, as its interval excludes zero and it exceeds the noise floor.

Warnings:
  - the program holds 96 MB of live data, more than the caches of many machines; for data that size, where it lies in memory can shift the result by several points in ways the interval does not cover, and differently in the next process; run the comparison in several processes with the multiproc package
  - in 50% of A/A runs this setup reported a difference between identical code, well above the 10% expected; treat any confidence from it with suspicion

== street natural n=16384 valuesBetween: ordered vs baseline
A: 2789 ns per operation (median)
B: 3798 ns per operation (median)
A needs 27% less time than B: B takes 1.37 times as long as A.
With 95% confidence the difference lies between 26.2% and 28.8% less time (B takes between 1.35 and 1.40 times as long as A).
Noise floor: 1.01%. Identical code measured against itself on this setup can look that different, so smaller differences mean nothing.
Neighbouring measurements are nearly independent (autocorrelation +0.02), so they were resampled one by one.

Verdict: RESOLVED. A is faster than B: the difference is real, as its interval excludes zero and it exceeds the noise floor.

Warnings:
  - the program holds 96 MB of live data, more than the caches of many machines; for data that size, where it lies in memory can shift the result by several points in ways the interval does not cover, and differently in the next process; run the comparison in several processes with the multiproc package
  - candidate A drifted during the run: its measurements were 3.1% lower in the second half than in the first, so the machine did not hold still
  - candidate B drifted during the run: its measurements were 4.02% lower in the second half than in the first, so the machine did not hold still

== street natural n=16384 prefix: ordered vs btree-sets
A: 932.4 ns per operation (median)
B: 2233 ns per operation (median)
A needs 58.5% less time than B: B takes 2.41 times as long as A.
With 95% confidence the difference lies between 56.7% and 59.3% less time (B takes between 2.31 and 2.46 times as long as A).
Noise floor: 1.91%. Identical code measured against itself on this setup can look that different, so smaller differences mean nothing.
Neighbouring measurements are nearly independent (autocorrelation -0.18), so they were resampled one by one.

Verdict: RESOLVED. A is faster than B: the difference is real, as its interval excludes zero and it exceeds the noise floor.

Warnings:
  - the program holds 96 MB of live data, more than the caches of many machines; for data that size, where it lies in memory can shift the result by several points in ways the interval does not cover, and differently in the next process; run the comparison in several processes with the multiproc package

== street natural n=16384 prefix: ordered vs baseline
A: 948.4 ns per operation (median)
B: 1234 ns per operation (median)
A needs 26.6% less time than B: B takes 1.36 times as long as A.
With 95% confidence the difference lies between 21.5% and 27.9% less time (B takes between 1.27 and 1.39 times as long as A).
Noise floor: 2.42%. Identical code measured against itself on this setup can look that different, so smaller differences mean nothing.
Neighbouring measurements are nearly independent (autocorrelation -0.35), so they were resampled one by one.

Verdict: RESOLVED. A is faster than B: the difference is real, as its interval excludes zero and it exceeds the noise floor.

Warnings:
  - the program holds 96 MB of live data, more than the caches of many machines; for data that size, where it lies in memory can shift the result by several points in ways the interval does not cover, and differently in the next process; run the comparison in several processes with the multiproc package

== street natural n=16384 churn and build: ordered vs btree-sets
steady state, per insertion or deletion in a structure of 42299 elements (cycle of 111004 operations, first pass untimed):
  A: 215.2 ns per operation (median)
  B: 305.8 ns per operation (median)
  A needs 29.6% less time than B: B takes 1.42 times as long as A.
  With 95% confidence the difference lies between 29% and 30.7% less time (B takes between 1.41 and 1.44 times as long as A).
  Noise floor: 0.829%. Identical code measured against itself on this setup can look that different, so smaller differences mean nothing.
  Neighbouring measurements are correlated (autocorrelation +0.29), so they were resampled in blocks of 3.
  
  Verdict: RESOLVED. A is faster than B: the difference is real, as its interval excludes zero and it exceeds the noise floor.
  
  Warnings:
    - the program holds 95 MB of live data, more than the caches of many machines; for data that size, where it lies in memory can shift the result by several points in ways the interval does not cover, and differently in the next process; run the comparison in several processes with the multiproc package
    - candidate A drifted during the run: its measurements were 2.69% lower in the second half than in the first, so the machine did not hold still
    - the ratio B/A was 2.91% higher in the second half of the run than in the first, so the candidates had not reached a steady state and the difference depends on how long the run was; a common cause is a head start for whichever candidate ran alone last before the comparison or had its data built last, which a longer CollectOptions.WarmupDuration removes

build from empty to 42299 elements, per whole build (151987 operations):
  A: 3.29e+07 ns per operation (median)
  B: 4.817e+07 ns per operation (median)
  A needs 31.7% less time than B: B takes 1.47 times as long as A.
  With 95% confidence the difference lies between 31.1% and 32.7% less time (B takes between 1.45 and 1.49 times as long as A).
  Noise floor: 0.301%. Identical code measured against itself on this setup can look that different, so smaller differences mean nothing.
  Neighbouring measurements are correlated (autocorrelation +0.37), so they were resampled in blocks of 3.
  
  Verdict: RESOLVED. A is faster than B: the difference is real, as its interval excludes zero and it exceeds the noise floor.
  
  Warnings:
    - the program holds 87 MB of live data, more than the caches of many machines; for data that size, where it lies in memory can shift the result by several points in ways the interval does not cover, and differently in the next process; run the comparison in several processes with the multiproc package
    - in 50% of A/A runs this setup reported a difference between identical code, well above the 10% expected; treat any confidence from it with suspicion

== street natural n=16384 churn and build: ordered vs baseline
steady state, per insertion or deletion in a structure of 42299 elements (cycle of 111004 operations, first pass untimed):
  A: 207.8 ns per operation (median)
  B: 169.3 ns per operation (median)
  A needs 23.2% more time than B: B takes only 0.81 times as long as A.
  With 95% confidence the difference lies between 20.4% and 24.1% more time (B takes between 0.806 and 0.83 times as long as A).
  Noise floor: 0.868%. Identical code measured against itself on this setup can look that different, so smaller differences mean nothing.
  Neighbouring measurements are correlated (autocorrelation +0.40), so they were resampled in blocks of 3.
  
  Verdict: RESOLVED. A is slower than B: the difference is real, as its interval excludes zero and it exceeds the noise floor.
  
  Warnings:
    - the program holds 92 MB of live data, more than the caches of many machines; for data that size, where it lies in memory can shift the result by several points in ways the interval does not cover, and differently in the next process; run the comparison in several processes with the multiproc package

build from empty to 42299 elements, per whole build (151987 operations):
  A: 3.257e+07 ns per operation (median)
  B: 2.557e+07 ns per operation (median)
  A needs 27.2% more time than B: B takes only 0.79 times as long as A.
  With 95% confidence the difference lies between 26.8% and 27.7% more time (B takes between 0.783 and 0.79 times as long as A).
  Noise floor: 0.178%. Identical code measured against itself on this setup can look that different, so smaller differences mean nothing.
  Neighbouring measurements are nearly independent (autocorrelation +0.05), so they were resampled one by one.
  
  Verdict: RESOLVED. A is slower than B: the difference is real, as its interval excludes zero and it exceeds the noise floor.
  
  Warnings:
    - the program holds 88 MB of live data, more than the caches of many machines; for data that size, where it lies in memory can shift the result by several points in ways the interval does not cover, and differently in the next process; run the comparison in several processes with the multiproc package

checksum 1379388066841
== street natural n=16384 valuesFor: ordered vs btree-sets
A: 113.4 ns per operation (median)
B: 227.5 ns per operation (median)
A needs 50% less time than B: B takes 2.00 times as long as A.
With 95% confidence the difference lies between 49.4% and 51.1% less time (B takes between 1.98 and 2.05 times as long as A).
Noise floor: 1.15%. Identical code measured against itself on this setup can look that different, so smaller differences mean nothing.
Neighbouring measurements are nearly independent (autocorrelation -0.43), so they were resampled one by one.

Verdict: RESOLVED. A is faster than B: the difference is real, as its interval excludes zero and it exceeds the noise floor.

Warnings:
  - the program holds 72 MB of live data, more than the caches of many machines; for data that size, where it lies in memory can shift the result by several points in ways the interval does not cover, and differently in the next process; run the comparison in several processes with the multiproc package

== street natural n=16384 valuesFor: ordered vs baseline
A: 113.1 ns per operation (median)
B: 98.41 ns per operation (median)
A needs 14.2% more time than B: B takes only 0.88 times as long as A.
With 95% confidence the difference lies between 13.9% and 15.3% more time (B takes between 0.867 and 0.88 times as long as A).
Noise floor: 0.492%. Identical code measured against itself on this setup can look that different, so smaller differences mean nothing.
Neighbouring measurements are nearly independent (autocorrelation -0.07), so they were resampled one by one.

Verdict: RESOLVED. A is slower than B: the difference is real, as its interval excludes zero and it exceeds the noise floor.

Warnings:
  - the program holds 72 MB of live data, more than the caches of many machines; for data that size, where it lies in memory can shift the result by several points in ways the interval does not cover, and differently in the next process; run the comparison in several processes with the multiproc package

== street natural n=16384 valuesBetween: ordered vs btree-sets
A: 2802 ns per operation (median)
B: 5643 ns per operation (median)
A needs 50.4% less time than B: B takes 2.02 times as long as A.
With 95% confidence the difference lies between 49.7% and 51% less time (B takes between 1.99 and 2.04 times as long as A).
Noise floor: 1.22%. Identical code measured against itself on this setup can look that different, so smaller differences mean nothing.
Neighbouring measurements are correlated (autocorrelation +0.31), so they were resampled in blocks of 3.

Verdict: RESOLVED. A is faster than B: the difference is real, as its interval excludes zero and it exceeds the noise floor.

Warnings:
  - the program holds 72 MB of live data, more than the caches of many machines; for data that size, where it lies in memory can shift the result by several points in ways the interval does not cover, and differently in the next process; run the comparison in several processes with the multiproc package
  - in 50% of A/A runs this setup reported a difference between identical code, well above the 10% expected; treat any confidence from it with suspicion

== street natural n=16384 valuesBetween: ordered vs baseline
A: 2751 ns per operation (median)
B: 3727 ns per operation (median)
A needs 25.8% less time than B: B takes 1.35 times as long as A.
With 95% confidence the difference lies between 24.8% and 27.1% less time (B takes between 1.33 and 1.37 times as long as A).
Noise floor: 1.67%. Identical code measured against itself on this setup can look that different, so smaller differences mean nothing.
Neighbouring measurements are nearly independent (autocorrelation -0.06), so they were resampled one by one.

Verdict: RESOLVED. A is faster than B: the difference is real, as its interval excludes zero and it exceeds the noise floor.

Warnings:
  - the program holds 87 MB of live data, more than the caches of many machines; for data that size, where it lies in memory can shift the result by several points in ways the interval does not cover, and differently in the next process; run the comparison in several processes with the multiproc package
  - in 50% of A/A runs this setup reported a difference between identical code, well above the 10% expected; treat any confidence from it with suspicion

== street natural n=16384 prefix: ordered vs btree-sets
A: 947.5 ns per operation (median)
B: 2212 ns per operation (median)
A needs 57.8% less time than B: B takes 2.37 times as long as A.
With 95% confidence the difference lies between 56.5% and 58.9% less time (B takes between 2.3 and 2.43 times as long as A).
Noise floor: 0.772%. Identical code measured against itself on this setup can look that different, so smaller differences mean nothing.
Neighbouring measurements are nearly independent (autocorrelation -0.10), so they were resampled one by one.

Verdict: RESOLVED. A is faster than B: the difference is real, as its interval excludes zero and it exceeds the noise floor.

Warnings:
  - the program holds 87 MB of live data, more than the caches of many machines; for data that size, where it lies in memory can shift the result by several points in ways the interval does not cover, and differently in the next process; run the comparison in several processes with the multiproc package

== street natural n=16384 prefix: ordered vs baseline
A: 940.2 ns per operation (median)
B: 1241 ns per operation (median)
A needs 23.4% less time than B: B takes 1.31 times as long as A.
With 95% confidence the difference lies between 18.6% and 26.7% less time (B takes between 1.23 and 1.36 times as long as A).
Noise floor: 1.85%. Identical code measured against itself on this setup can look that different, so smaller differences mean nothing.
Neighbouring measurements are nearly independent (autocorrelation -0.17), so they were resampled one by one.

Verdict: RESOLVED. A is faster than B: the difference is real, as its interval excludes zero and it exceeds the noise floor.

Warnings:
  - the program holds 87 MB of live data, more than the caches of many machines; for data that size, where it lies in memory can shift the result by several points in ways the interval does not cover, and differently in the next process; run the comparison in several processes with the multiproc package

== street natural n=16384 churn and build: ordered vs btree-sets
steady state, per insertion or deletion in a structure of 42299 elements (cycle of 111004 operations, first pass untimed):
  A: 210.7 ns per operation (median)
  B: 301.7 ns per operation (median)
  A needs 30.1% less time than B: B takes 1.43 times as long as A.
  With 95% confidence the difference lies between 28.8% and 30.9% less time (B takes between 1.4 and 1.45 times as long as A).
  Noise floor: 2.6%. Identical code measured against itself on this setup can look that different, so smaller differences mean nothing.
  Neighbouring measurements are correlated (autocorrelation +0.23), so they were resampled in blocks of 3.
  
  Verdict: RESOLVED. A is faster than B: the difference is real, as its interval excludes zero and it exceeds the noise floor.
  
  Warnings:
    - the program holds 96 MB of live data, more than the caches of many machines; for data that size, where it lies in memory can shift the result by several points in ways the interval does not cover, and differently in the next process; run the comparison in several processes with the multiproc package

build from empty to 42299 elements, per whole build (151987 operations):
  A: 3.265e+07 ns per operation (median)
  B: 4.712e+07 ns per operation (median)
  A needs 31% less time than B: B takes 1.45 times as long as A.
  With 95% confidence the difference lies between 30.6% and 31.5% less time (B takes between 1.44 and 1.46 times as long as A).
  Noise floor: 0.246%. Identical code measured against itself on this setup can look that different, so smaller differences mean nothing.
  Neighbouring measurements are nearly independent (autocorrelation -0.00), so they were resampled one by one.
  
  Verdict: RESOLVED. A is faster than B: the difference is real, as its interval excludes zero and it exceeds the noise floor.
  
  Warnings:
    - the program holds 88 MB of live data, more than the caches of many machines; for data that size, where it lies in memory can shift the result by several points in ways the interval does not cover, and differently in the next process; run the comparison in several processes with the multiproc package

== street natural n=16384 churn and build: ordered vs baseline
steady state, per insertion or deletion in a structure of 42299 elements (cycle of 111004 operations, first pass untimed):
  A: 208.1 ns per operation (median)
  B: 171.4 ns per operation (median)
  A needs 21.1% more time than B: B takes only 0.83 times as long as A.
  With 95% confidence the difference lies between 20.4% and 22.7% more time (B takes between 0.815 and 0.83 times as long as A).
  Noise floor: 0.339%. Identical code measured against itself on this setup can look that different, so smaller differences mean nothing.
  Neighbouring measurements are correlated (autocorrelation +0.28), so they were resampled in blocks of 3.
  
  Verdict: RESOLVED. A is slower than B: the difference is real, as its interval excludes zero and it exceeds the noise floor.
  
  Warnings:
    - the program holds 93 MB of live data, more than the caches of many machines; for data that size, where it lies in memory can shift the result by several points in ways the interval does not cover, and differently in the next process; run the comparison in several processes with the multiproc package

build from empty to 42299 elements, per whole build (151987 operations):
  A: 3.25e+07 ns per operation (median)
  B: 2.556e+07 ns per operation (median)
  A needs 27.2% more time than B: B takes only 0.79 times as long as A.
  With 95% confidence the difference lies between 27% and 27.6% more time (B takes between 0.784 and 0.79 times as long as A).
  Noise floor: 0.353%. Identical code measured against itself on this setup can look that different, so smaller differences mean nothing.
  Neighbouring measurements are nearly independent (autocorrelation -0.05), so they were resampled one by one.
  
  Verdict: RESOLVED. A is slower than B: the difference is real, as its interval excludes zero and it exceeds the noise floor.
  
  Warnings:
    - the program holds 88 MB of live data, more than the caches of many machines; for data that size, where it lies in memory can shift the result by several points in ways the interval does not cover, and differently in the next process; run the comparison in several processes with the multiproc package

checksum 1366433889240
== street natural n=16384 valuesFor: ordered vs btree-sets
A: 114.2 ns per operation (median)
B: 233.3 ns per operation (median)
A needs 51% less time than B: B takes 2.04 times as long as A.
With 95% confidence the difference lies between 50.4% and 51.7% less time (B takes between 2.02 and 2.07 times as long as A).
Noise floor: 0.799%. Identical code measured against itself on this setup can look that different, so smaller differences mean nothing.
Neighbouring measurements are nearly independent (autocorrelation -0.42), so they were resampled one by one.

Verdict: RESOLVED. A is faster than B: the difference is real, as its interval excludes zero and it exceeds the noise floor.

Warnings:
  - the program holds 86 MB of live data, more than the caches of many machines; for data that size, where it lies in memory can shift the result by several points in ways the interval does not cover, and differently in the next process; run the comparison in several processes with the multiproc package

== street natural n=16384 valuesFor: ordered vs baseline
A: 113.5 ns per operation (median)
B: 99.07 ns per operation (median)
A needs 14.7% more time than B: B takes only 0.87 times as long as A.
With 95% confidence the difference lies between 13.4% and 15.8% more time (B takes between 0.864 and 0.88 times as long as A).
Noise floor: 0.396%. Identical code measured against itself on this setup can look that different, so smaller differences mean nothing.
Neighbouring measurements are nearly independent (autocorrelation -0.16), so they were resampled one by one.

Verdict: RESOLVED. A is slower than B: the difference is real, as its interval excludes zero and it exceeds the noise floor.

Warnings:
  - the program holds 86 MB of live data, more than the caches of many machines; for data that size, where it lies in memory can shift the result by several points in ways the interval does not cover, and differently in the next process; run the comparison in several processes with the multiproc package

== street natural n=16384 valuesBetween: ordered vs btree-sets
A: 2760 ns per operation (median)
B: 5744 ns per operation (median)
A needs 51.8% less time than B: B takes 2.08 times as long as A.
With 95% confidence the difference lies between 51.6% and 52.1% less time (B takes between 2.07 and 2.09 times as long as A).
Noise floor: 1.47%. Identical code measured against itself on this setup can look that different, so smaller differences mean nothing.
Neighbouring measurements are nearly independent (autocorrelation +0.01), so they were resampled one by one.

Verdict: RESOLVED. A is faster than B: the difference is real, as its interval excludes zero and it exceeds the noise floor.

Warnings:
  - the program holds 86 MB of live data, more than the caches of many machines; for data that size, where it lies in memory can shift the result by several points in ways the interval does not cover, and differently in the next process; run the comparison in several processes with the multiproc package
  - in 50% of A/A runs this setup reported a difference between identical code, well above the 10% expected; treat any confidence from it with suspicion

== street natural n=16384 valuesBetween: ordered vs baseline
A: 2710 ns per operation (median)
B: 3755 ns per operation (median)
A needs 27.6% less time than B: B takes 1.38 times as long as A.
With 95% confidence the difference lies between 26.4% and 28.7% less time (B takes between 1.36 and 1.40 times as long as A).
Noise floor: 1.7%. Identical code measured against itself on this setup can look that different, so smaller differences mean nothing.
Neighbouring measurements are nearly independent (autocorrelation -0.11), so they were resampled one by one.

Verdict: RESOLVED. A is faster than B: the difference is real, as its interval excludes zero and it exceeds the noise floor.

Warnings:
  - the program holds 86 MB of live data, more than the caches of many machines; for data that size, where it lies in memory can shift the result by several points in ways the interval does not cover, and differently in the next process; run the comparison in several processes with the multiproc package
  - in 50% of A/A runs this setup reported a difference between identical code, well above the 10% expected; treat any confidence from it with suspicion

== street natural n=16384 prefix: ordered vs btree-sets
A: 949.9 ns per operation (median)
B: 2282 ns per operation (median)
A needs 59% less time than B: B takes 2.44 times as long as A.
With 95% confidence the difference lies between 57% and 59.8% less time (B takes between 2.32 and 2.49 times as long as A).
Noise floor: 2.5%. Identical code measured against itself on this setup can look that different, so smaller differences mean nothing.
Neighbouring measurements are nearly independent (autocorrelation -0.19), so they were resampled one by one.

Verdict: RESOLVED. A is faster than B: the difference is real, as its interval excludes zero and it exceeds the noise floor.

Warnings:
  - the program holds 86 MB of live data, more than the caches of many machines; for data that size, where it lies in memory can shift the result by several points in ways the interval does not cover, and differently in the next process; run the comparison in several processes with the multiproc package

== street natural n=16384 prefix: ordered vs baseline
A: 966.7 ns per operation (median)
B: 1259 ns per operation (median)
A needs 25.1% less time than B: B takes 1.34 times as long as A.
With 95% confidence the difference lies between 22.3% and 28.2% less time (B takes between 1.29 and 1.39 times as long as A).
Noise floor: 3%. Identical code measured against itself on this setup can look that different, so smaller differences mean nothing.
Neighbouring measurements are nearly independent (autocorrelation -0.24), so they were resampled one by one.

Verdict: RESOLVED. A is faster than B: the difference is real, as its interval excludes zero and it exceeds the noise floor.

Warnings:
  - the program holds 86 MB of live data, more than the caches of many machines; for data that size, where it lies in memory can shift the result by several points in ways the interval does not cover, and differently in the next process; run the comparison in several processes with the multiproc package

== street natural n=16384 churn and build: ordered vs btree-sets
steady state, per insertion or deletion in a structure of 42299 elements (cycle of 111004 operations, first pass untimed):
  A: 213.2 ns per operation (median)
  B: 307.7 ns per operation (median)
  A needs 29.9% less time than B: B takes 1.43 times as long as A.
  With 95% confidence the difference lies between 28.9% and 32.4% less time (B takes between 1.41 and 1.48 times as long as A).
  Noise floor: 1.62%. Identical code measured against itself on this setup can look that different, so smaller differences mean nothing.
  Neighbouring measurements are nearly independent (autocorrelation -0.04), so they were resampled one by one.
  
  Verdict: RESOLVED. A is faster than B: the difference is real, as its interval excludes zero and it exceeds the noise floor.
  
  Warnings:
    - the program holds 96 MB of live data, more than the caches of many machines; for data that size, where it lies in memory can shift the result by several points in ways the interval does not cover, and differently in the next process; run the comparison in several processes with the multiproc package

build from empty to 42299 elements, per whole build (151987 operations):
  A: 3.258e+07 ns per operation (median)
  B: 4.693e+07 ns per operation (median)
  A needs 30.7% less time than B: B takes 1.44 times as long as A.
  With 95% confidence the difference lies between 29.6% and 31% less time (B takes between 1.42 and 1.45 times as long as A).
  Noise floor: 0.661%. Identical code measured against itself on this setup can look that different, so smaller differences mean nothing.
  Neighbouring measurements are correlated (autocorrelation +0.22), so they were resampled in blocks of 3.
  
  Verdict: RESOLVED. A is faster than B: the difference is real, as its interval excludes zero and it exceeds the noise floor.
  
  Warnings:
    - the program holds 88 MB of live data, more than the caches of many machines; for data that size, where it lies in memory can shift the result by several points in ways the interval does not cover, and differently in the next process; run the comparison in several processes with the multiproc package

== street natural n=16384 churn and build: ordered vs baseline
steady state, per insertion or deletion in a structure of 42299 elements (cycle of 111004 operations, first pass untimed):
  A: 205.3 ns per operation (median)
  B: 168 ns per operation (median)
  A needs 22.1% more time than B: B takes only 0.82 times as long as A.
  With 95% confidence the difference lies between 20.6% and 23.6% more time (B takes between 0.809 and 0.83 times as long as A).
  Noise floor: 0.836%. Identical code measured against itself on this setup can look that different, so smaller differences mean nothing.
  Neighbouring measurements are correlated (autocorrelation +0.56), so they were resampled in blocks of 3.
  
  Verdict: RESOLVED. A is slower than B: the difference is real, as its interval excludes zero and it exceeds the noise floor.
  
  Warnings:
    - the program holds 93 MB of live data, more than the caches of many machines; for data that size, where it lies in memory can shift the result by several points in ways the interval does not cover, and differently in the next process; run the comparison in several processes with the multiproc package

build from empty to 42299 elements, per whole build (151987 operations):
  A: 3.271e+07 ns per operation (median)
  B: 2.559e+07 ns per operation (median)
  A needs 27.2% more time than B: B takes only 0.79 times as long as A.
  With 95% confidence the difference lies between 25.9% and 27.6% more time (B takes between 0.784 and 0.79 times as long as A).
  Noise floor: 0.861%. Identical code measured against itself on this setup can look that different, so smaller differences mean nothing.
  Neighbouring measurements are nearly independent (autocorrelation +0.05), so they were resampled one by one.
  
  Verdict: RESOLVED. A is slower than B: the difference is real, as its interval excludes zero and it exceeds the noise floor.
  
  Warnings:
    - the program holds 88 MB of live data, more than the caches of many machines; for data that size, where it lies in memory can shift the result by several points in ways the interval does not cover, and differently in the next process; run the comparison in several processes with the multiproc package
    - candidate A drifted during the run: its measurements were 1.67% lower in the second half than in the first, so the machine did not hold still

checksum 1353589847147
== street natural n=16384 valuesFor: ordered vs btree-sets
A: 113 ns per operation (median)
B: 227.8 ns per operation (median)
A needs 50.6% less time than B: B takes 2.02 times as long as A.
With 95% confidence the difference lies between 49.7% and 51.1% less time (B takes between 1.99 and 2.05 times as long as A).
Noise floor: 1.35%. Identical code measured against itself on this setup can look that different, so smaller differences mean nothing.
Neighbouring measurements are nearly independent (autocorrelation -0.32), so they were resampled one by one.

Verdict: RESOLVED. A is faster than B: the difference is real, as its interval excludes zero and it exceeds the noise floor.

Warnings:
  - the program holds 73 MB of live data, more than the caches of many machines; for data that size, where it lies in memory can shift the result by several points in ways the interval does not cover, and differently in the next process; run the comparison in several processes with the multiproc package

== street natural n=16384 valuesFor: ordered vs baseline
A: 112.5 ns per operation (median)
B: 97.7 ns per operation (median)
A needs 14.5% more time than B: B takes only 0.87 times as long as A.
With 95% confidence the difference lies between 13.7% and 15% more time (B takes between 0.87 and 0.88 times as long as A).
Noise floor: 0.752%. Identical code measured against itself on this setup can look that different, so smaller differences mean nothing.
Neighbouring measurements are nearly independent (autocorrelation -0.13), so they were resampled one by one.

Verdict: RESOLVED. A is slower than B: the difference is real, as its interval excludes zero and it exceeds the noise floor.

Warnings:
  - the program holds 73 MB of live data, more than the caches of many machines; for data that size, where it lies in memory can shift the result by several points in ways the interval does not cover, and differently in the next process; run the comparison in several processes with the multiproc package

== street natural n=16384 valuesBetween: ordered vs btree-sets
A: 2743 ns per operation (median)
B: 5653 ns per operation (median)
A needs 51.7% less time than B: B takes 2.07 times as long as A.
With 95% confidence the difference lies between 51.3% and 52.4% less time (B takes between 2.05 and 2.10 times as long as A).
Noise floor: 1.26%. Identical code measured against itself on this setup can look that different, so smaller differences mean nothing.
Neighbouring measurements are nearly independent (autocorrelation -0.04), so they were resampled one by one.

Verdict: RESOLVED. A is faster than B: the difference is real, as its interval excludes zero and it exceeds the noise floor.

Warnings:
  - the program holds 73 MB of live data, more than the caches of many machines; for data that size, where it lies in memory can shift the result by several points in ways the interval does not cover, and differently in the next process; run the comparison in several processes with the multiproc package
  - in 50% of A/A runs this setup reported a difference between identical code, well above the 10% expected; treat any confidence from it with suspicion

== street natural n=16384 valuesBetween: ordered vs baseline
A: 2718 ns per operation (median)
B: 3742 ns per operation (median)
A needs 27.1% less time than B: B takes 1.37 times as long as A.
With 95% confidence the difference lies between 26.2% and 27.9% less time (B takes between 1.36 and 1.39 times as long as A).
Noise floor: 0.86%. Identical code measured against itself on this setup can look that different, so smaller differences mean nothing.
Neighbouring measurements are nearly independent (autocorrelation +0.17), so they were resampled one by one.

Verdict: RESOLVED. A is faster than B: the difference is real, as its interval excludes zero and it exceeds the noise floor.

Warnings:
  - the program holds 73 MB of live data, more than the caches of many machines; for data that size, where it lies in memory can shift the result by several points in ways the interval does not cover, and differently in the next process; run the comparison in several processes with the multiproc package

== street natural n=16384 prefix: ordered vs btree-sets
A: 948.3 ns per operation (median)
B: 2267 ns per operation (median)
A needs 58.1% less time than B: B takes 2.39 times as long as A.
With 95% confidence the difference lies between 57.6% and 58.3% less time (B takes between 2.36 and 2.40 times as long as A).
Noise floor: 2.2%. Identical code measured against itself on this setup can look that different, so smaller differences mean nothing.
Neighbouring measurements are correlated (autocorrelation +0.30), so they were resampled in blocks of 3.

Verdict: RESOLVED. A is faster than B: the difference is real, as its interval excludes zero and it exceeds the noise floor.

Warnings:
  - the program holds 73 MB of live data, more than the caches of many machines; for data that size, where it lies in memory can shift the result by several points in ways the interval does not cover, and differently in the next process; run the comparison in several processes with the multiproc package
  - in 50% of A/A runs this setup reported a difference between identical code, well above the 10% expected; treat any confidence from it with suspicion

== street natural n=16384 prefix: ordered vs baseline
A: 934.7 ns per operation (median)
B: 1268 ns per operation (median)
A needs 24% less time than B: B takes 1.32 times as long as A.
With 95% confidence the difference lies between 21.9% and 29.4% less time (B takes between 1.28 and 1.42 times as long as A).
Noise floor: 1.79%. Identical code measured against itself on this setup can look that different, so smaller differences mean nothing.
Neighbouring measurements are nearly independent (autocorrelation -0.15), so they were resampled one by one.

Verdict: RESOLVED. A is faster than B: the difference is real, as its interval excludes zero and it exceeds the noise floor.

Warnings:
  - the program holds 86 MB of live data, more than the caches of many machines; for data that size, where it lies in memory can shift the result by several points in ways the interval does not cover, and differently in the next process; run the comparison in several processes with the multiproc package
  - candidate B drifted during the run: its measurements were 7.3% lower in the second half than in the first, so the machine did not hold still

== street natural n=16384 churn and build: ordered vs btree-sets
steady state, per insertion or deletion in a structure of 42299 elements (cycle of 111004 operations, first pass untimed):
  A: 210.4 ns per operation (median)
  B: 302.2 ns per operation (median)
  A needs 30.1% less time than B: B takes 1.43 times as long as A.
  With 95% confidence the difference lies between 28.7% and 31.4% less time (B takes between 1.4 and 1.46 times as long as A).
  Noise floor: 1.45%. Identical code measured against itself on this setup can look that different, so smaller differences mean nothing.
  Neighbouring measurements are correlated (autocorrelation +0.29), so they were resampled in blocks of 3.
  
  Verdict: RESOLVED. A is faster than B: the difference is real, as its interval excludes zero and it exceeds the noise floor.
  
  Warnings:
    - the program holds 96 MB of live data, more than the caches of many machines; for data that size, where it lies in memory can shift the result by several points in ways the interval does not cover, and differently in the next process; run the comparison in several processes with the multiproc package
    - 6.3% of bootstrap replicates tied, so the measurement is coarse relative to the question; lower CollectOptions.MaxQuantizationError to lengthen the batches

build from empty to 42299 elements, per whole build (151987 operations):
  A: 3.257e+07 ns per operation (median)
  B: 4.705e+07 ns per operation (median)
  A needs 30.8% less time than B: B takes 1.45 times as long as A.
  With 95% confidence the difference lies between 30.6% and 30.9% less time (B takes between 1.44 and 1.45 times as long as A).
  Noise floor: 0.45%. Identical code measured against itself on this setup can look that different, so smaller differences mean nothing.
  Neighbouring measurements are nearly independent (autocorrelation -0.03), so they were resampled one by one.
  
  Verdict: RESOLVED. A is faster than B: the difference is real, as its interval excludes zero and it exceeds the noise floor.
  
  Warnings:
    - the program holds 88 MB of live data, more than the caches of many machines; for data that size, where it lies in memory can shift the result by several points in ways the interval does not cover, and differently in the next process; run the comparison in several processes with the multiproc package

== street natural n=16384 churn and build: ordered vs baseline
steady state, per insertion or deletion in a structure of 42299 elements (cycle of 111004 operations, first pass untimed):
  A: 208.9 ns per operation (median)
  B: 174.5 ns per operation (median)
  A needs 20% more time than B: B takes only 0.83 times as long as A.
  With 95% confidence the difference lies between 18.7% and 21.5% more time (B takes between 0.823 and 0.84 times as long as A).
  Noise floor: 0.596%. Identical code measured against itself on this setup can look that different, so smaller differences mean nothing.
  Neighbouring measurements are nearly independent (autocorrelation -0.13), so they were resampled one by one.
  
  Verdict: RESOLVED. A is slower than B: the difference is real, as its interval excludes zero and it exceeds the noise floor.
  
  Warnings:
    - the program holds 93 MB of live data, more than the caches of many machines; for data that size, where it lies in memory can shift the result by several points in ways the interval does not cover, and differently in the next process; run the comparison in several processes with the multiproc package
    - candidate A drifted during the run: its measurements were 2.13% lower in the second half than in the first, so the machine did not hold still
    - candidate B drifted during the run: its measurements were 3.27% lower in the second half than in the first, so the machine did not hold still
    - the ratio B/A was 1.6% lower in the second half of the run than in the first, so the candidates had not reached a steady state and the difference depends on how long the run was; a common cause is a head start for whichever candidate ran alone last before the comparison or had its data built last, which a longer CollectOptions.WarmupDuration removes
    - 8.2% of bootstrap replicates tied, so the measurement is coarse relative to the question; lower CollectOptions.MaxQuantizationError to lengthen the batches

build from empty to 42299 elements, per whole build (151987 operations):
  A: 3.254e+07 ns per operation (median)
  B: 2.558e+07 ns per operation (median)
  A needs 27.2% more time than B: B takes only 0.79 times as long as A.
  With 95% confidence the difference lies between 26.9% and 27.9% more time (B takes between 0.782 and 0.79 times as long as A).
  Noise floor: 0.253%. Identical code measured against itself on this setup can look that different, so smaller differences mean nothing.
  Neighbouring measurements are nearly independent (autocorrelation +0.05), so they were resampled one by one.
  
  Verdict: RESOLVED. A is slower than B: the difference is real, as its interval excludes zero and it exceeds the noise floor.
  
  Warnings:
    - the program holds 88 MB of live data, more than the caches of many machines; for data that size, where it lies in memory can shift the result by several points in ways the interval does not cover, and differently in the next process; run the comparison in several processes with the multiproc package

checksum 1368101352498
== street natural n=16384 valuesFor: ordered vs btree-sets
A: 114.3 ns per operation (median)
B: 231.7 ns per operation (median)
A needs 50.2% less time than B: B takes 2.01 times as long as A.
With 95% confidence the difference lies between 49.8% and 52.1% less time (B takes between 1.99 and 2.09 times as long as A).
Noise floor: 0.817%. Identical code measured against itself on this setup can look that different, so smaller differences mean nothing.
Neighbouring measurements are nearly independent (autocorrelation +0.16), so they were resampled one by one.

Verdict: RESOLVED. A is faster than B: the difference is real, as its interval excludes zero and it exceeds the noise floor.

Warnings:
  - the program holds 86 MB of live data, more than the caches of many machines; for data that size, where it lies in memory can shift the result by several points in ways the interval does not cover, and differently in the next process; run the comparison in several processes with the multiproc package

== street natural n=16384 valuesFor: ordered vs baseline
A: 113 ns per operation (median)
B: 98.94 ns per operation (median)
A needs 14.3% more time than B: B takes only 0.87 times as long as A.
With 95% confidence the difference lies between 13.5% and 15.1% more time (B takes between 0.869 and 0.88 times as long as A).
Noise floor: 0.577%. Identical code measured against itself on this setup can look that different, so smaller differences mean nothing.
Neighbouring measurements are nearly independent (autocorrelation +0.13), so they were resampled one by one.

Verdict: RESOLVED. A is slower than B: the difference is real, as its interval excludes zero and it exceeds the noise floor.

Warnings:
  - the program holds 86 MB of live data, more than the caches of many machines; for data that size, where it lies in memory can shift the result by several points in ways the interval does not cover, and differently in the next process; run the comparison in several processes with the multiproc package

== street natural n=16384 valuesBetween: ordered vs btree-sets
A: 2751 ns per operation (median)
B: 5679 ns per operation (median)
A needs 51.7% less time than B: B takes 2.07 times as long as A.
With 95% confidence the difference lies between 51.3% and 52.4% less time (B takes between 2.05 and 2.10 times as long as A).
Noise floor: 0.719%. Identical code measured against itself on this setup can look that different, so smaller differences mean nothing.
Neighbouring measurements are nearly independent (autocorrelation +0.04), so they were resampled one by one.

Verdict: RESOLVED. A is faster than B: the difference is real, as its interval excludes zero and it exceeds the noise floor.

Warnings:
  - the program holds 86 MB of live data, more than the caches of many machines; for data that size, where it lies in memory can shift the result by several points in ways the interval does not cover, and differently in the next process; run the comparison in several processes with the multiproc package

== street natural n=16384 valuesBetween: ordered vs baseline
A: 2738 ns per operation (median)
B: 3758 ns per operation (median)
A needs 27.3% less time than B: B takes 1.38 times as long as A.
With 95% confidence the difference lies between 26.5% and 28.2% less time (B takes between 1.36 and 1.39 times as long as A).
Noise floor: 0.906%. Identical code measured against itself on this setup can look that different, so smaller differences mean nothing.
Neighbouring measurements are nearly independent (autocorrelation +0.20), so they were resampled one by one.

Verdict: RESOLVED. A is faster than B: the difference is real, as its interval excludes zero and it exceeds the noise floor.

Warnings:
  - the program holds 86 MB of live data, more than the caches of many machines; for data that size, where it lies in memory can shift the result by several points in ways the interval does not cover, and differently in the next process; run the comparison in several processes with the multiproc package
  - 6.3% of bootstrap replicates tied, so the measurement is coarse relative to the question; lower CollectOptions.MaxQuantizationError to lengthen the batches

== street natural n=16384 prefix: ordered vs btree-sets
A: 948.5 ns per operation (median)
B: 2271 ns per operation (median)
A needs 58.3% less time than B: B takes 2.40 times as long as A.
With 95% confidence the difference lies between 57.1% and 59.2% less time (B takes between 2.33 and 2.45 times as long as A).
Noise floor: 2.4%. Identical code measured against itself on this setup can look that different, so smaller differences mean nothing.
Neighbouring measurements are nearly independent (autocorrelation -0.04), so they were resampled one by one.

Verdict: RESOLVED. A is faster than B: the difference is real, as its interval excludes zero and it exceeds the noise floor.

Warnings:
  - the program holds 86 MB of live data, more than the caches of many machines; for data that size, where it lies in memory can shift the result by several points in ways the interval does not cover, and differently in the next process; run the comparison in several processes with the multiproc package

== street natural n=16384 prefix: ordered vs baseline
A: 949.1 ns per operation (median)
B: 1252 ns per operation (median)
A needs 25.6% less time than B: B takes 1.34 times as long as A.
With 95% confidence the difference lies between 22.3% and 27.8% less time (B takes between 1.29 and 1.39 times as long as A).
Noise floor: 1.95%. Identical code measured against itself on this setup can look that different, so smaller differences mean nothing.
Neighbouring measurements are nearly independent (autocorrelation -0.21), so they were resampled one by one.

Verdict: RESOLVED. A is faster than B: the difference is real, as its interval excludes zero and it exceeds the noise floor.

Warnings:
  - the program holds 86 MB of live data, more than the caches of many machines; for data that size, where it lies in memory can shift the result by several points in ways the interval does not cover, and differently in the next process; run the comparison in several processes with the multiproc package

== street natural n=16384 churn and build: ordered vs btree-sets
steady state, per insertion or deletion in a structure of 42299 elements (cycle of 111004 operations, first pass untimed):
  A: 213.6 ns per operation (median)
  B: 305.5 ns per operation (median)
  A needs 30.9% less time than B: B takes 1.45 times as long as A.
  With 95% confidence the difference lies between 27.8% and 31.6% less time (B takes between 1.38 and 1.46 times as long as A).
  Noise floor: 2.31%. Identical code measured against itself on this setup can look that different, so smaller differences mean nothing.
  Neighbouring measurements are nearly independent (autocorrelation +0.17), so they were resampled one by one.
  
  Verdict: RESOLVED. A is faster than B: the difference is real, as its interval excludes zero and it exceeds the noise floor.
  
  Warnings:
    - the program holds 95 MB of live data, more than the caches of many machines; for data that size, where it lies in memory can shift the result by several points in ways the interval does not cover, and differently in the next process; run the comparison in several processes with the multiproc package

build from empty to 42299 elements, per whole build (151987 operations):
  A: 3.264e+07 ns per operation (median)
  B: 4.708e+07 ns per operation (median)
  A needs 30.8% less time than B: B takes 1.45 times as long as A.
  With 95% confidence the difference lies between 30.5% and 31.1% less time (B takes between 1.44 and 1.45 times as long as A).
  Noise floor: 0.407%. Identical code measured against itself on this setup can look that different, so smaller differences mean nothing.
  Neighbouring measurements are nearly independent (autocorrelation +0.20), so they were resampled one by one.
  
  Verdict: RESOLVED. A is faster than B: the difference is real, as its interval excludes zero and it exceeds the noise floor.
  
  Warnings:
    - the program holds 88 MB of live data, more than the caches of many machines; for data that size, where it lies in memory can shift the result by several points in ways the interval does not cover, and differently in the next process; run the comparison in several processes with the multiproc package
    - candidate A drifted during the run: its measurements were 0.655% higher in the second half than in the first, so the machine did not hold still
    - in 50% of A/A runs this setup reported a difference between identical code, well above the 10% expected; treat any confidence from it with suspicion

== street natural n=16384 churn and build: ordered vs baseline
steady state, per insertion or deletion in a structure of 42299 elements (cycle of 111004 operations, first pass untimed):
  A: 206 ns per operation (median)
  B: 169.2 ns per operation (median)
  A needs 21.5% more time than B: B takes only 0.82 times as long as A.
  With 95% confidence the difference lies between 20.6% and 22.9% more time (B takes between 0.813 and 0.83 times as long as A).
  Noise floor: 0.714%. Identical code measured against itself on this setup can look that different, so smaller differences mean nothing.
  Neighbouring measurements are nearly independent (autocorrelation +0.20), so they were resampled one by one.
  
  Verdict: RESOLVED. A is slower than B: the difference is real, as its interval excludes zero and it exceeds the noise floor.
  
  Warnings:
    - the program holds 92 MB of live data, more than the caches of many machines; for data that size, where it lies in memory can shift the result by several points in ways the interval does not cover, and differently in the next process; run the comparison in several processes with the multiproc package

build from empty to 42299 elements, per whole build (151987 operations):
  A: 3.252e+07 ns per operation (median)
  B: 2.56e+07 ns per operation (median)
  A needs 26.9% more time than B: B takes only 0.79 times as long as A.
  With 95% confidence the difference lies between 26.3% and 27.8% more time (B takes between 0.782 and 0.79 times as long as A).
  Noise floor: 0.378%. Identical code measured against itself on this setup can look that different, so smaller differences mean nothing.
  Neighbouring measurements are nearly independent (autocorrelation +0.08), so they were resampled one by one.
  
  Verdict: RESOLVED. A is slower than B: the difference is real, as its interval excludes zero and it exceeds the noise floor.
  
  Warnings:
    - the program holds 88 MB of live data, more than the caches of many machines; for data that size, where it lies in memory can shift the result by several points in ways the interval does not cover, and differently in the next process; run the comparison in several processes with the multiproc package

checksum 1375812706774
== street natural n=16384 valuesFor: ordered vs btree-sets
A: 114.3 ns per operation (median)
B: 234.2 ns per operation (median)
A needs 51.3% less time than B: B takes 2.05 times as long as A.
With 95% confidence the difference lies between 50.4% and 51.8% less time (B takes between 2.01 and 2.08 times as long as A).
Noise floor: 1.15%. Identical code measured against itself on this setup can look that different, so smaller differences mean nothing.
Neighbouring measurements are nearly independent (autocorrelation +0.01), so they were resampled one by one.

Verdict: RESOLVED. A is faster than B: the difference is real, as its interval excludes zero and it exceeds the noise floor.

Warnings:
  - the program holds 66 MB of live data, more than the caches of many machines; for data that size, where it lies in memory can shift the result by several points in ways the interval does not cover, and differently in the next process; run the comparison in several processes with the multiproc package

== street natural n=16384 valuesFor: ordered vs baseline
A: 113.6 ns per operation (median)
B: 98.31 ns per operation (median)
A needs 15.6% more time than B: B takes only 0.86 times as long as A.
With 95% confidence the difference lies between 14.5% and 16.5% more time (B takes between 0.858 and 0.87 times as long as A).
Noise floor: 0.302%. Identical code measured against itself on this setup can look that different, so smaller differences mean nothing.
Neighbouring measurements are nearly independent (autocorrelation -0.09), so they were resampled one by one.

Verdict: RESOLVED. A is slower than B: the difference is real, as its interval excludes zero and it exceeds the noise floor.

Warnings:
  - the program holds 66 MB of live data, more than the caches of many machines; for data that size, where it lies in memory can shift the result by several points in ways the interval does not cover, and differently in the next process; run the comparison in several processes with the multiproc package

== street natural n=16384 valuesBetween: ordered vs btree-sets
A: 2739 ns per operation (median)
B: 5683 ns per operation (median)
A needs 51.9% less time than B: B takes 2.08 times as long as A.
With 95% confidence the difference lies between 51.4% and 52.4% less time (B takes between 2.06 and 2.10 times as long as A).
Noise floor: 0.472%. Identical code measured against itself on this setup can look that different, so smaller differences mean nothing.
Neighbouring measurements are nearly independent (autocorrelation +0.11), so they were resampled one by one.

Verdict: RESOLVED. A is faster than B: the difference is real, as its interval excludes zero and it exceeds the noise floor.

Warnings:
  - the program holds 86 MB of live data, more than the caches of many machines; for data that size, where it lies in memory can shift the result by several points in ways the interval does not cover, and differently in the next process; run the comparison in several processes with the multiproc package

== street natural n=16384 valuesBetween: ordered vs baseline
A: 2740 ns per operation (median)
B: 3770 ns per operation (median)
A needs 26.6% less time than B: B takes 1.36 times as long as A.
With 95% confidence the difference lies between 25.8% and 27.8% less time (B takes between 1.35 and 1.39 times as long as A).
Noise floor: 1.78%. Identical code measured against itself on this setup can look that different, so smaller differences mean nothing.
Neighbouring measurements are nearly independent (autocorrelation +0.00), so they were resampled one by one.

Verdict: RESOLVED. A is faster than B: the difference is real, as its interval excludes zero and it exceeds the noise floor.

Warnings:
  - the program holds 86 MB of live data, more than the caches of many machines; for data that size, where it lies in memory can shift the result by several points in ways the interval does not cover, and differently in the next process; run the comparison in several processes with the multiproc package
  - in 50% of A/A runs this setup reported a difference between identical code, well above the 10% expected; treat any confidence from it with suspicion

== street natural n=16384 prefix: ordered vs btree-sets
A: 974.5 ns per operation (median)
B: 2404 ns per operation (median)
A needs 60% less time than B: B takes 2.50 times as long as A.
With 95% confidence the difference lies between 58.7% and 61.9% less time (B takes between 2.42 and 2.63 times as long as A).
Noise floor: 2.72%. Identical code measured against itself on this setup can look that different, so smaller differences mean nothing.
Neighbouring measurements are nearly independent (autocorrelation -0.19), so they were resampled one by one.

Verdict: RESOLVED. A is faster than B: the difference is real, as its interval excludes zero and it exceeds the noise floor.

Warnings:
  - the program holds 86 MB of live data, more than the caches of many machines; for data that size, where it lies in memory can shift the result by several points in ways the interval does not cover, and differently in the next process; run the comparison in several processes with the multiproc package

== street natural n=16384 prefix: ordered vs baseline
A: 945.4 ns per operation (median)
B: 1241 ns per operation (median)
A needs 24.9% less time than B: B takes 1.33 times as long as A.
With 95% confidence the difference lies between 22.7% and 26.8% less time (B takes between 1.29 and 1.37 times as long as A).
Noise floor: 2.51%. Identical code measured against itself on this setup can look that different, so smaller differences mean nothing.
Neighbouring measurements are nearly independent (autocorrelation -0.19), so they were resampled one by one.

Verdict: RESOLVED. A is faster than B: the difference is real, as its interval excludes zero and it exceeds the noise floor.

Warnings:
  - the program holds 86 MB of live data, more than the caches of many machines; for data that size, where it lies in memory can shift the result by several points in ways the interval does not cover, and differently in the next process; run the comparison in several processes with the multiproc package

== street natural n=16384 churn and build: ordered vs btree-sets
steady state, per insertion or deletion in a structure of 42299 elements (cycle of 111004 operations, first pass untimed):
  A: 214.7 ns per operation (median)
  B: 302.7 ns per operation (median)
  A needs 29.6% less time than B: B takes 1.42 times as long as A.
  With 95% confidence the difference lies between 28.3% and 30.1% less time (B takes between 1.4 and 1.43 times as long as A).
  Noise floor: 2.09%. Identical code measured against itself on this setup can look that different, so smaller differences mean nothing.
  Neighbouring measurements are correlated (autocorrelation +0.63), so they were resampled in blocks of 3.
  
  Verdict: RESOLVED. A is faster than B: the difference is real, as its interval excludes zero and it exceeds the noise floor.
  
  Warnings:
    - the program holds 95 MB of live data, more than the caches of many machines; for data that size, where it lies in memory can shift the result by several points in ways the interval does not cover, and differently in the next process; run the comparison in several processes with the multiproc package
    - candidate A drifted during the run: its measurements were 2.32% higher in the second half than in the first, so the machine did not hold still
    - candidate B drifted during the run: its measurements were 2.48% higher in the second half than in the first, so the machine did not hold still

build from empty to 42299 elements, per whole build (151987 operations):
  A: 3.263e+07 ns per operation (median)
  B: 4.68e+07 ns per operation (median)
  A needs 30.1% less time than B: B takes 1.43 times as long as A.
  With 95% confidence the difference lies between 29.9% and 30.4% less time (B takes between 1.43 and 1.44 times as long as A).
  Noise floor: 0.295%. Identical code measured against itself on this setup can look that different, so smaller differences mean nothing.
  Neighbouring measurements are nearly independent (autocorrelation -0.02), so they were resampled one by one.
  
  Verdict: RESOLVED. A is faster than B: the difference is real, as its interval excludes zero and it exceeds the noise floor.
  
  Warnings:
    - the program holds 88 MB of live data, more than the caches of many machines; for data that size, where it lies in memory can shift the result by several points in ways the interval does not cover, and differently in the next process; run the comparison in several processes with the multiproc package

== street natural n=16384 churn and build: ordered vs baseline
steady state, per insertion or deletion in a structure of 42299 elements (cycle of 111004 operations, first pass untimed):
  A: 206.8 ns per operation (median)
  B: 168.4 ns per operation (median)
  A needs 22.9% more time than B: B takes only 0.81 times as long as A.
  With 95% confidence the difference lies between 21.9% and 23.8% more time (B takes between 0.808 and 0.82 times as long as A).
  Noise floor: 0.803%. Identical code measured against itself on this setup can look that different, so smaller differences mean nothing.
  Neighbouring measurements are nearly independent (autocorrelation +0.17), so they were resampled one by one.
  
  Verdict: RESOLVED. A is slower than B: the difference is real, as its interval excludes zero and it exceeds the noise floor.
  
  Warnings:
    - the program holds 92 MB of live data, more than the caches of many machines; for data that size, where it lies in memory can shift the result by several points in ways the interval does not cover, and differently in the next process; run the comparison in several processes with the multiproc package
    - candidate A drifted during the run: its measurements were 2.01% higher in the second half than in the first, so the machine did not hold still
    - in 50% of A/A runs this setup reported a difference between identical code, well above the 10% expected; treat any confidence from it with suspicion

build from empty to 42299 elements, per whole build (151987 operations):
  A: 3.271e+07 ns per operation (median)
  B: 2.571e+07 ns per operation (median)
  A needs 27.1% more time than B: B takes only 0.79 times as long as A.
  With 95% confidence the difference lies between 26.8% and 27.5% more time (B takes between 0.784 and 0.79 times as long as A).
  Noise floor: 0.239%. Identical code measured against itself on this setup can look that different, so smaller differences mean nothing.
  Neighbouring measurements are nearly independent (autocorrelation -0.01), so they were resampled one by one.
  
  Verdict: RESOLVED. A is slower than B: the difference is real, as its interval excludes zero and it exceeds the noise floor.
  
  Warnings:
    - the program holds 88 MB of live data, more than the caches of many machines; for data that size, where it lies in memory can shift the result by several points in ways the interval does not cover, and differently in the next process; run the comparison in several processes with the multiproc package

checksum 1357461176592
== street natural n=16384 valuesFor: ordered vs btree-sets
A: 114.2 ns per operation (median)
B: 236.3 ns per operation (median)
A needs 51.8% less time than B: B takes 2.08 times as long as A.
With 95% confidence the difference lies between 50.7% and 52.3% less time (B takes between 2.03 and 2.10 times as long as A).
Noise floor: 1.89%. Identical code measured against itself on this setup can look that different, so smaller differences mean nothing.
Neighbouring measurements are nearly independent (autocorrelation +0.16), so they were resampled one by one.

Verdict: RESOLVED. A is faster than B: the difference is real, as its interval excludes zero and it exceeds the noise floor.

Warnings:
  - the program holds 87 MB of live data, more than the caches of many machines; for data that size, where it lies in memory can shift the result by several points in ways the interval does not cover, and differently in the next process; run the comparison in several processes with the multiproc package

== street natural n=16384 valuesFor: ordered vs baseline
A: 112.9 ns per operation (median)
B: 98.29 ns per operation (median)
A needs 14.6% more time than B: B takes only 0.87 times as long as A.
With 95% confidence the difference lies between 13.4% and 16% more time (B takes between 0.862 and 0.88 times as long as A).
Noise floor: 0.773%. Identical code measured against itself on this setup can look that different, so smaller differences mean nothing.
Neighbouring measurements are nearly independent (autocorrelation +0.01), so they were resampled one by one.

Verdict: RESOLVED. A is slower than B: the difference is real, as its interval excludes zero and it exceeds the noise floor.

Warnings:
  - the program holds 87 MB of live data, more than the caches of many machines; for data that size, where it lies in memory can shift the result by several points in ways the interval does not cover, and differently in the next process; run the comparison in several processes with the multiproc package

== street natural n=16384 valuesBetween: ordered vs btree-sets
A: 2750 ns per operation (median)
B: 5646 ns per operation (median)
A needs 51% less time than B: B takes 2.04 times as long as A.
With 95% confidence the difference lies between 50.6% and 52.2% less time (B takes between 2.02 and 2.09 times as long as A).
Noise floor: 1.85%. Identical code measured against itself on this setup can look that different, so smaller differences mean nothing.
Neighbouring measurements are nearly independent (autocorrelation +0.08), so they were resampled one by one.

Verdict: RESOLVED. A is faster than B: the difference is real, as its interval excludes zero and it exceeds the noise floor.

Warnings:
  - the program holds 87 MB of live data, more than the caches of many machines; for data that size, where it lies in memory can shift the result by several points in ways the interval does not cover, and differently in the next process; run the comparison in several processes with the multiproc package
  - in 50% of A/A runs this setup reported a difference between identical code, well above the 10% expected; treat any confidence from it with suspicion

== street natural n=16384 valuesBetween: ordered vs baseline
A: 2738 ns per operation (median)
B: 3754 ns per operation (median)
A needs 27.6% less time than B: B takes 1.38 times as long as A.
With 95% confidence the difference lies between 26.4% and 28.5% less time (B takes between 1.36 and 1.40 times as long as A).
Noise floor: 0.911%. Identical code measured against itself on this setup can look that different, so smaller differences mean nothing.
Neighbouring measurements are nearly independent (autocorrelation -0.14), so they were resampled one by one.

Verdict: RESOLVED. A is faster than B: the difference is real, as its interval excludes zero and it exceeds the noise floor.

Warnings:
  - the program holds 87 MB of live data, more than the caches of many machines; for data that size, where it lies in memory can shift the result by several points in ways the interval does not cover, and differently in the next process; run the comparison in several processes with the multiproc package
  - in 50% of A/A runs this setup reported a difference between identical code, well above the 10% expected; treat any confidence from it with suspicion

== street natural n=16384 prefix: ordered vs btree-sets
A: 941.4 ns per operation (median)
B: 2231 ns per operation (median)
A needs 58% less time than B: B takes 2.38 times as long as A.
With 95% confidence the difference lies between 56.6% and 58.6% less time (B takes between 2.3 and 2.42 times as long as A).
Noise floor: 2.12%. Identical code measured against itself on this setup can look that different, so smaller differences mean nothing.
Neighbouring measurements are nearly independent (autocorrelation -0.22), so they were resampled one by one.

Verdict: RESOLVED. A is faster than B: the difference is real, as its interval excludes zero and it exceeds the noise floor.

Warnings:
  - the program holds 87 MB of live data, more than the caches of many machines; for data that size, where it lies in memory can shift the result by several points in ways the interval does not cover, and differently in the next process; run the comparison in several processes with the multiproc package

== street natural n=16384 prefix: ordered vs baseline
A: 956.1 ns per operation (median)
B: 1262 ns per operation (median)
A needs 24.4% less time than B: B takes 1.32 times as long as A.
With 95% confidence the difference lies between 21.6% and 26.8% less time (B takes between 1.28 and 1.37 times as long as A).
Noise floor: 2.56%. Identical code measured against itself on this setup can look that different, so smaller differences mean nothing.
Neighbouring measurements are nearly independent (autocorrelation -0.19), so they were resampled one by one.

Verdict: RESOLVED. A is faster than B: the difference is real, as its interval excludes zero and it exceeds the noise floor.

Warnings:
  - the program holds 87 MB of live data, more than the caches of many machines; for data that size, where it lies in memory can shift the result by several points in ways the interval does not cover, and differently in the next process; run the comparison in several processes with the multiproc package

== street natural n=16384 churn and build: ordered vs btree-sets
steady state, per insertion or deletion in a structure of 42299 elements (cycle of 111004 operations, first pass untimed):
  A: 212.7 ns per operation (median)
  B: 306.4 ns per operation (median)
  A needs 30.2% less time than B: B takes 1.43 times as long as A.
  With 95% confidence the difference lies between 28.2% and 31.6% less time (B takes between 1.39 and 1.46 times as long as A).
  Noise floor: 1.01%. Identical code measured against itself on this setup can look that different, so smaller differences mean nothing.
  Neighbouring measurements are nearly independent (autocorrelation +0.20), so they were resampled one by one.
  
  Verdict: RESOLVED. A is faster than B: the difference is real, as its interval excludes zero and it exceeds the noise floor.
  
  Warnings:
    - the program holds 94 MB of live data, more than the caches of many machines; for data that size, where it lies in memory can shift the result by several points in ways the interval does not cover, and differently in the next process; run the comparison in several processes with the multiproc package

build from empty to 42299 elements, per whole build (151987 operations):
  A: 3.265e+07 ns per operation (median)
  B: 4.705e+07 ns per operation (median)
  A needs 30.8% less time than B: B takes 1.45 times as long as A.
  With 95% confidence the difference lies between 30.3% and 31% less time (B takes between 1.43 and 1.45 times as long as A).
  Noise floor: 0.343%. Identical code measured against itself on this setup can look that different, so smaller differences mean nothing.
  Neighbouring measurements are nearly independent (autocorrelation -0.02), so they were resampled one by one.
  
  Verdict: RESOLVED. A is faster than B: the difference is real, as its interval excludes zero and it exceeds the noise floor.
  
  Warnings:
    - the program holds 87 MB of live data, more than the caches of many machines; for data that size, where it lies in memory can shift the result by several points in ways the interval does not cover, and differently in the next process; run the comparison in several processes with the multiproc package

== street natural n=16384 churn and build: ordered vs baseline
steady state, per insertion or deletion in a structure of 42299 elements (cycle of 111004 operations, first pass untimed):
  A: 207.2 ns per operation (median)
  B: 168.9 ns per operation (median)
  A needs 22.5% more time than B: B takes only 0.82 times as long as A.
  With 95% confidence the difference lies between 21.5% and 23.8% more time (B takes between 0.808 and 0.82 times as long as A).
  Noise floor: 0.392%. Identical code measured against itself on this setup can look that different, so smaller differences mean nothing.
  Neighbouring measurements are nearly independent (autocorrelation +0.06), so they were resampled one by one.
  
  Verdict: RESOLVED. A is slower than B: the difference is real, as its interval excludes zero and it exceeds the noise floor.
  
  Warnings:
    - the program holds 92 MB of live data, more than the caches of many machines; for data that size, where it lies in memory can shift the result by several points in ways the interval does not cover, and differently in the next process; run the comparison in several processes with the multiproc package

build from empty to 42299 elements, per whole build (151987 operations):
  A: 3.245e+07 ns per operation (median)
  B: 2.543e+07 ns per operation (median)
  A needs 27.7% more time than B: B takes only 0.78 times as long as A.
  With 95% confidence the difference lies between 27.3% and 27.9% more time (B takes between 0.782 and 0.79 times as long as A).
  Noise floor: 0.171%. Identical code measured against itself on this setup can look that different, so smaller differences mean nothing.
  Neighbouring measurements are nearly independent (autocorrelation -0.06), so they were resampled one by one.
  
  Verdict: RESOLVED. A is slower than B: the difference is real, as its interval excludes zero and it exceeds the noise floor.
  
  Warnings:
    - the program holds 87 MB of live data, more than the caches of many machines; for data that size, where it lies in memory can shift the result by several points in ways the interval does not cover, and differently in the next process; run the comparison in several processes with the multiproc package

checksum 1370224826146
