== dirs single-value n=65536 valuesFor: ordered vs btree-map
A: 198.4 ns per operation (median)
B: 270 ns per operation (median)
A needs 26.3% less time than B: B takes 1.36 times as long as A.
With 95% confidence the difference lies between 24.5% and 30.1% less time (B takes between 1.32 and 1.43 times as long as A).
Noise floor: 2.66%. Identical code measured against itself on this setup can look that different, so smaller differences mean nothing.
Neighbouring measurements are nearly independent (autocorrelation -0.53), so they were resampled one by one.

Verdict: RESOLVED. A is faster than B: the difference is real, as its interval excludes zero and it exceeds the noise floor.

Warnings:
  - the program holds 175 MB of live data, more than the caches of many machines; for data that size, where it lies in memory can shift the result by several points in ways the interval does not cover, and differently in the next process; run the comparison in several processes with the multiproc package

== dirs single-value n=65536 valuesFor: ordered vs baseline
A: 188.9 ns per operation (median)
B: 204 ns per operation (median)
A needs 7.44% less time than B: B takes 1.08 times as long as A.
With 95% confidence the difference lies between 5.92% and 8.35% less time (B takes between 1.06 and 1.09 times as long as A).
Noise floor: 1.32%. Identical code measured against itself on this setup can look that different, so smaller differences mean nothing.
Neighbouring measurements are correlated (autocorrelation +0.50), so they were resampled in blocks of 3.

Verdict: RESOLVED. A is faster than B: the difference is real, as its interval excludes zero and it exceeds the noise floor.

Warnings:
  - the program holds 175 MB of live data, more than the caches of many machines; for data that size, where it lies in memory can shift the result by several points in ways the interval does not cover, and differently in the next process; run the comparison in several processes with the multiproc package

== dirs single-value n=65536 valuesBetween: ordered vs btree-map
A: 2012 ns per operation (median)
B: 1004 ns per operation (median)
A needs 99.5% more time than B: B takes only 0.50 times as long as A.
With 95% confidence the difference lies between 92.3% and 117% more time (B takes between 0.461 and 0.52 times as long as A).
Noise floor: 8.41%. Identical code measured against itself on this setup can look that different, so smaller differences mean nothing.
Neighbouring measurements are nearly independent (autocorrelation -0.19), so they were resampled one by one.

Verdict: RESOLVED. A is slower than B: the difference is real, as its interval excludes zero and it exceeds the noise floor.

Warnings:
  - the program holds 175 MB of live data, more than the caches of many machines; for data that size, where it lies in memory can shift the result by several points in ways the interval does not cover, and differently in the next process; run the comparison in several processes with the multiproc package

== dirs single-value n=65536 valuesBetween: ordered vs baseline
A: 2049 ns per operation (median)
B: 3699 ns per operation (median)
A needs 45.6% less time than B: B takes 1.84 times as long as A.
With 95% confidence the difference lies between 43.3% and 46.2% less time (B takes between 1.76 and 1.86 times as long as A).
Noise floor: 1.91%. Identical code measured against itself on this setup can look that different, so smaller differences mean nothing.
Neighbouring measurements are nearly independent (autocorrelation -0.56), so they were resampled one by one.

Verdict: RESOLVED. A is faster than B: the difference is real, as its interval excludes zero and it exceeds the noise floor.

Warnings:
  - the program holds 175 MB of live data, more than the caches of many machines; for data that size, where it lies in memory can shift the result by several points in ways the interval does not cover, and differently in the next process; run the comparison in several processes with the multiproc package

== dirs single-value n=65536 prefix: ordered vs btree-map
A: 2.805e+04 ns per operation (median)
B: 8498 ns per operation (median)
A needs 239% more time than B: B takes only 0.30 times as long as A.
With 95% confidence the difference lies between 231% and 243% more time (B takes between 0.291 and 0.30 times as long as A).
Noise floor: 4.96%. Identical code measured against itself on this setup can look that different, so smaller differences mean nothing.
Neighbouring measurements are nearly independent (autocorrelation -0.05), so they were resampled one by one.

Verdict: RESOLVED. A is slower than B: the difference is real, as its interval excludes zero and it exceeds the noise floor.

Warnings:
  - the program holds 175 MB of live data, more than the caches of many machines; for data that size, where it lies in memory can shift the result by several points in ways the interval does not cover, and differently in the next process; run the comparison in several processes with the multiproc package

== dirs single-value n=65536 prefix: ordered vs baseline
A: 2.952e+04 ns per operation (median)
B: 6.808e+04 ns per operation (median)
A needs 55.5% less time than B: B takes 2.25 times as long as A.
With 95% confidence the difference lies between 55.1% and 55.9% less time (B takes between 2.23 and 2.27 times as long as A).
Noise floor: 10.8%. Identical code measured against itself on this setup can look that different, so smaller differences mean nothing.
Neighbouring measurements are nearly independent (autocorrelation +0.08), so they were resampled one by one.

Verdict: RESOLVED. A is faster than B: the difference is real, as its interval excludes zero and it exceeds the noise floor.

Warnings:
  - the program holds 175 MB of live data, more than the caches of many machines; for data that size, where it lies in memory can shift the result by several points in ways the interval does not cover, and differently in the next process; run the comparison in several processes with the multiproc package
  - in 50% of A/A runs this setup reported a difference between identical code, well above the 10% expected; treat any confidence from it with suspicion

== dirs single-value n=65536 churn and build: ordered vs btree-map
steady state, per insertion or deletion in a structure of 65536 elements (cycle of 171410 operations, first pass untimed):
  A: 415.4 ns per operation (median)
  B: 478.5 ns per operation (median)
  A needs 13.7% less time than B: B takes 1.16 times as long as A.
  With 95% confidence the difference lies between 12.8% and 14.3% less time (B takes between 1.15 and 1.17 times as long as A).
  Noise floor: 0.929%. Identical code measured against itself on this setup can look that different, so smaller differences mean nothing.
  Neighbouring measurements are correlated (autocorrelation +0.62), so they were resampled in blocks of 3.
  
  Verdict: RESOLVED. A is faster than B: the difference is real, as its interval excludes zero and it exceeds the noise floor.
  
  Warnings:
    - the program holds 205 MB of live data, more than the caches of many machines; for data that size, where it lies in memory can shift the result by several points in ways the interval does not cover, and differently in the next process; run the comparison in several processes with the multiproc package
    - candidate A drifted during the run: its measurements were 6.81% lower in the second half than in the first, so the machine did not hold still
    - candidate B drifted during the run: its measurements were 4.42% lower in the second half than in the first, so the machine did not hold still
    - the ratio B/A was 2.45% higher in the second half of the run than in the first, so the candidates had not reached a steady state and the difference depends on how long the run was; a common cause is a head start for whichever candidate ran alone last before the comparison or had its data built last, which a longer CollectOptions.WarmupDuration removes
    - 5.0% of bootstrap replicates tied, so the measurement is coarse relative to the question; lower CollectOptions.MaxQuantizationError to lengthen the batches
    - in 50% of A/A runs this setup reported a difference between identical code, well above the 10% expected; treat any confidence from it with suspicion

build from empty to 65536 elements, per whole build (235116 operations):
  A: 8.469e+07 ns per operation (median)
  B: 8.485e+07 ns per operation (median)
  A needs 0.273% less time than B: B takes 1.00 times as long as A.
  With 95% confidence the difference lies between 0.0134% and 0.645% less time (B takes between 1 and 1.01 times as long as A).
  Noise floor: 0.197%. Identical code measured against itself on this setup can look that different, so smaller differences mean nothing.
  Neighbouring measurements are nearly independent (autocorrelation -0.05), so they were resampled one by one.
  
  Verdict: RESOLVED. A is faster than B: the difference is real, as its interval excludes zero and it exceeds the noise floor.
  
  Warnings:
    - the program holds 199 MB of live data, more than the caches of many machines; for data that size, where it lies in memory can shift the result by several points in ways the interval does not cover, and differently in the next process; run the comparison in several processes with the multiproc package

== dirs single-value n=65536 churn and build: ordered vs baseline
steady state, per insertion or deletion in a structure of 65536 elements (cycle of 171410 operations, first pass untimed):
  A: 371.1 ns per operation (median)
  B: 453 ns per operation (median)
  A needs 16.1% less time than B: B takes 1.19 times as long as A.
  With 95% confidence the difference lies between 15.2% and 20% less time (B takes between 1.18 and 1.25 times as long as A).
  Noise floor: 1.56%. Identical code measured against itself on this setup can look that different, so smaller differences mean nothing.
  Neighbouring measurements are nearly independent (autocorrelation -0.12), so they were resampled one by one.
  
  Verdict: RESOLVED. A is faster than B: the difference is real, as its interval excludes zero and it exceeds the noise floor.
  
  Warnings:
    - the program holds 199 MB of live data, more than the caches of many machines; for data that size, where it lies in memory can shift the result by several points in ways the interval does not cover, and differently in the next process; run the comparison in several processes with the multiproc package
    - candidate A drifted during the run: its measurements were 5.27% higher in the second half than in the first, so the machine did not hold still
    - candidate B drifted during the run: its measurements were 4.18% higher in the second half than in the first, so the machine did not hold still

build from empty to 65536 elements, per whole build (235116 operations):
  A: 8.467e+07 ns per operation (median)
  B: 8.952e+07 ns per operation (median)
  A needs 5.29% less time than B: B takes 1.06 times as long as A.
  With 95% confidence the difference lies between 5% and 5.83% less time (B takes between 1.05 and 1.06 times as long as A).
  Noise floor: 0.244%. Identical code measured against itself on this setup can look that different, so smaller differences mean nothing.
  Neighbouring measurements are nearly independent (autocorrelation +0.15), so they were resampled one by one.
  
  Verdict: RESOLVED. A is faster than B: the difference is real, as its interval excludes zero and it exceeds the noise floor.
  
  Warnings:
    - the program holds 199 MB of live data, more than the caches of many machines; for data that size, where it lies in memory can shift the result by several points in ways the interval does not cover, and differently in the next process; run the comparison in several processes with the multiproc package

checksum 59142620363432
== dirs single-value n=65536 valuesFor: ordered vs btree-map
A: 202.8 ns per operation (median)
B: 281.8 ns per operation (median)
A needs 27.6% less time than B: B takes 1.38 times as long as A.
With 95% confidence the difference lies between 25.8% and 31.9% less time (B takes between 1.35 and 1.47 times as long as A).
Noise floor: 2.68%. Identical code measured against itself on this setup can look that different, so smaller differences mean nothing.
Neighbouring measurements are nearly independent (autocorrelation -0.25), so they were resampled one by one.

Verdict: RESOLVED. A is faster than B: the difference is real, as its interval excludes zero and it exceeds the noise floor.

Warnings:
  - the program holds 157 MB of live data, more than the caches of many machines; for data that size, where it lies in memory can shift the result by several points in ways the interval does not cover, and differently in the next process; run the comparison in several processes with the multiproc package

== dirs single-value n=65536 valuesFor: ordered vs baseline
A: 189.3 ns per operation (median)
B: 207.3 ns per operation (median)
A needs 8.74% less time than B: B takes 1.10 times as long as A.
With 95% confidence the difference lies between 6.89% and 10.1% less time (B takes between 1.07 and 1.11 times as long as A).
Noise floor: 0.157%. Identical code measured against itself on this setup can look that different, so smaller differences mean nothing.
Neighbouring measurements are nearly independent (autocorrelation +0.18), so they were resampled one by one.

Verdict: RESOLVED. A is faster than B: the difference is real, as its interval excludes zero and it exceeds the noise floor.

Warnings:
  - the program holds 198 MB of live data, more than the caches of many machines; for data that size, where it lies in memory can shift the result by several points in ways the interval does not cover, and differently in the next process; run the comparison in several processes with the multiproc package

== dirs single-value n=65536 valuesBetween: ordered vs btree-map
A: 2043 ns per operation (median)
B: 1113 ns per operation (median)
A needs 81% more time than B: B takes only 0.55 times as long as A.
With 95% confidence the difference lies between 75.6% and 102% more time (B takes between 0.496 and 0.57 times as long as A).
Noise floor: 8.27%. Identical code measured against itself on this setup can look that different, so smaller differences mean nothing.
Neighbouring measurements are nearly independent (autocorrelation -0.84), so they were resampled one by one.

Verdict: RESOLVED. A is slower than B: the difference is real, as its interval excludes zero and it exceeds the noise floor.

Warnings:
  - the program holds 198 MB of live data, more than the caches of many machines; for data that size, where it lies in memory can shift the result by several points in ways the interval does not cover, and differently in the next process; run the comparison in several processes with the multiproc package

== dirs single-value n=65536 valuesBetween: ordered vs baseline
A: 2089 ns per operation (median)
B: 3782 ns per operation (median)
A needs 47% less time than B: B takes 1.89 times as long as A.
With 95% confidence the difference lies between 46% and 48% less time (B takes between 1.85 and 1.92 times as long as A).
Noise floor: 1.7%. Identical code measured against itself on this setup can look that different, so smaller differences mean nothing.
Neighbouring measurements are nearly independent (autocorrelation -0.36), so they were resampled one by one.

Verdict: RESOLVED. A is faster than B: the difference is real, as its interval excludes zero and it exceeds the noise floor.

Warnings:
  - the program holds 198 MB of live data, more than the caches of many machines; for data that size, where it lies in memory can shift the result by several points in ways the interval does not cover, and differently in the next process; run the comparison in several processes with the multiproc package
  - candidate A drifted during the run: its measurements were 9.79% higher in the second half than in the first, so the machine did not hold still
  - candidate B drifted during the run: its measurements were 23.6% higher in the second half than in the first, so the machine did not hold still
  - the ratio B/A was 9.69% higher in the second half of the run than in the first, so the candidates had not reached a steady state and the difference depends on how long the run was; a common cause is a head start for whichever candidate ran alone last before the comparison or had its data built last, which a longer CollectOptions.WarmupDuration removes

== dirs single-value n=65536 prefix: ordered vs btree-map
A: 2.877e+04 ns per operation (median)
B: 1.162e+04 ns per operation (median)
A needs 172% more time than B: B takes only 0.37 times as long as A.
With 95% confidence the difference lies between 156% and 187% more time (B takes between 0.348 and 0.39 times as long as A).
Noise floor: 5.8%. Identical code measured against itself on this setup can look that different, so smaller differences mean nothing.
Neighbouring measurements are nearly independent (autocorrelation -0.05), so they were resampled one by one.

Verdict: RESOLVED. A is slower than B: the difference is real, as its interval excludes zero and it exceeds the noise floor.

Warnings:
  - the program holds 198 MB of live data, more than the caches of many machines; for data that size, where it lies in memory can shift the result by several points in ways the interval does not cover, and differently in the next process; run the comparison in several processes with the multiproc package

== dirs single-value n=65536 prefix: ordered vs baseline
A: 2.954e+04 ns per operation (median)
B: 6.46e+04 ns per operation (median)
A needs 55.8% less time than B: B takes 2.26 times as long as A.
With 95% confidence the difference lies between 55.4% and 56.2% less time (B takes between 2.24 and 2.28 times as long as A).
Noise floor: 11.6%. Identical code measured against itself on this setup can look that different, so smaller differences mean nothing.
Neighbouring measurements are nearly independent (autocorrelation +0.08), so they were resampled one by one.

Verdict: RESOLVED. A is faster than B: the difference is real, as its interval excludes zero and it exceeds the noise floor.

Warnings:
  - the program holds 198 MB of live data, more than the caches of many machines; for data that size, where it lies in memory can shift the result by several points in ways the interval does not cover, and differently in the next process; run the comparison in several processes with the multiproc package
  - in 50% of A/A runs this setup reported a difference between identical code, well above the 10% expected; treat any confidence from it with suspicion

== dirs single-value n=65536 churn and build: ordered vs btree-map
steady state, per insertion or deletion in a structure of 65536 elements (cycle of 171410 operations, first pass untimed):
  A: 402.2 ns per operation (median)
  B: 452.4 ns per operation (median)
  A needs 13% less time than B: B takes 1.15 times as long as A.
  With 95% confidence the difference lies between 12.1% and 14.5% less time (B takes between 1.14 and 1.17 times as long as A).
  Noise floor: 1.12%. Identical code measured against itself on this setup can look that different, so smaller differences mean nothing.
  Neighbouring measurements are correlated (autocorrelation +0.57), so they were resampled in blocks of 3.
  
  Verdict: RESOLVED. A is faster than B: the difference is real, as its interval excludes zero and it exceeds the noise floor.
  
  Warnings:
    - the program holds 212 MB of live data, more than the caches of many machines; for data that size, where it lies in memory can shift the result by several points in ways the interval does not cover, and differently in the next process; run the comparison in several processes with the multiproc package
    - candidate A drifted during the run: its measurements were 8.05% lower in the second half than in the first, so the machine did not hold still
    - candidate B drifted during the run: its measurements were 5.75% lower in the second half than in the first, so the machine did not hold still
    - the ratio B/A was 3.21% higher in the second half of the run than in the first, so the candidates had not reached a steady state and the difference depends on how long the run was; a common cause is a head start for whichever candidate ran alone last before the comparison or had its data built last, which a longer CollectOptions.WarmupDuration removes

build from empty to 65536 elements, per whole build (235116 operations):
  A: 8.53e+07 ns per operation (median)
  B: 8.781e+07 ns per operation (median)
  A needs 2.83% less time than B: B takes 1.03 times as long as A.
  With 95% confidence the difference lies between 2.68% and 3.18% less time (B takes between 1.03 and 1.03 times as long as A).
  Noise floor: 0.213%. Identical code measured against itself on this setup can look that different, so smaller differences mean nothing.
  Neighbouring measurements are nearly independent (autocorrelation -0.13), so they were resampled one by one.
  
  Verdict: RESOLVED. A is faster than B: the difference is real, as its interval excludes zero and it exceeds the noise floor.
  
  Warnings:
    - the program holds 199 MB of live data, more than the caches of many machines; for data that size, where it lies in memory can shift the result by several points in ways the interval does not cover, and differently in the next process; run the comparison in several processes with the multiproc package
    - in 50% of A/A runs this setup reported a difference between identical code, well above the 10% expected; treat any confidence from it with suspicion

== dirs single-value n=65536 churn and build: ordered vs baseline
steady state, per insertion or deletion in a structure of 65536 elements (cycle of 171410 operations, first pass untimed):
  A: 371.5 ns per operation (median)
  B: 452 ns per operation (median)
  A needs 16.7% less time than B: B takes 1.20 times as long as A.
  With 95% confidence the difference lies between 14.6% and 19.9% less time (B takes between 1.17 and 1.25 times as long as A).
  Noise floor: 2.88%. Identical code measured against itself on this setup can look that different, so smaller differences mean nothing.
  Neighbouring measurements are nearly independent (autocorrelation -0.21), so they were resampled one by one.
  
  Verdict: RESOLVED. A is faster than B: the difference is real, as its interval excludes zero and it exceeds the noise floor.
  
  Warnings:
    - the program holds 199 MB of live data, more than the caches of many machines; for data that size, where it lies in memory can shift the result by several points in ways the interval does not cover, and differently in the next process; run the comparison in several processes with the multiproc package
    - candidate A drifted during the run: its measurements were 3.4% higher in the second half than in the first, so the machine did not hold still
    - candidate B drifted during the run: its measurements were 5.67% higher in the second half than in the first, so the machine did not hold still

build from empty to 65536 elements, per whole build (235116 operations):
  A: 8.537e+07 ns per operation (median)
  B: 9.017e+07 ns per operation (median)
  A needs 5.56% less time than B: B takes 1.06 times as long as A.
  With 95% confidence the difference lies between 5.22% and 5.66% less time (B takes between 1.06 and 1.06 times as long as A).
  Noise floor: 0.21%. Identical code measured against itself on this setup can look that different, so smaller differences mean nothing.
  Neighbouring measurements are nearly independent (autocorrelation +0.07), so they were resampled one by one.
  
  Verdict: RESOLVED. A is faster than B: the difference is real, as its interval excludes zero and it exceeds the noise floor.
  
  Warnings:
    - the program holds 199 MB of live data, more than the caches of many machines; for data that size, where it lies in memory can shift the result by several points in ways the interval does not cover, and differently in the next process; run the comparison in several processes with the multiproc package
    - candidate B drifted during the run: its measurements were 1.03% higher in the second half than in the first, so the machine did not hold still
    - the ratio B/A was 0.922% higher in the second half of the run than in the first, so the candidates had not reached a steady state and the difference depends on how long the run was; a common cause is a head start for whichever candidate ran alone last before the comparison or had its data built last, which a longer CollectOptions.WarmupDuration removes
    - in 50% of A/A runs this setup reported a difference between identical code, well above the 10% expected; treat any confidence from it with suspicion

checksum 58249377592537
== dirs single-value n=65536 valuesFor: ordered vs btree-map
A: 193.4 ns per operation (median)
B: 269.4 ns per operation (median)
A needs 28.6% less time than B: B takes 1.40 times as long as A.
With 95% confidence the difference lies between 25.1% and 30.2% less time (B takes between 1.34 and 1.43 times as long as A).
Noise floor: 2.1%. Identical code measured against itself on this setup can look that different, so smaller differences mean nothing.
Neighbouring measurements are nearly independent (autocorrelation -0.52), so they were resampled one by one.

Verdict: RESOLVED. A is faster than B: the difference is real, as its interval excludes zero and it exceeds the noise floor.

Warnings:
  - the program holds 196 MB of live data, more than the caches of many machines; for data that size, where it lies in memory can shift the result by several points in ways the interval does not cover, and differently in the next process; run the comparison in several processes with the multiproc package

== dirs single-value n=65536 valuesFor: ordered vs baseline
A: 186.8 ns per operation (median)
B: 207.3 ns per operation (median)
A needs 9.97% less time than B: B takes 1.11 times as long as A.
With 95% confidence the difference lies between 8.66% and 11.2% less time (B takes between 1.09 and 1.13 times as long as A).
Noise floor: 1.24%. Identical code measured against itself on this setup can look that different, so smaller differences mean nothing.
Neighbouring measurements are nearly independent (autocorrelation -0.13), so they were resampled one by one.

Verdict: RESOLVED. A is faster than B: the difference is real, as its interval excludes zero and it exceeds the noise floor.

Warnings:
  - the program holds 196 MB of live data, more than the caches of many machines; for data that size, where it lies in memory can shift the result by several points in ways the interval does not cover, and differently in the next process; run the comparison in several processes with the multiproc package
  - 6.0% of bootstrap replicates tied, so the measurement is coarse relative to the question; lower CollectOptions.MaxQuantizationError to lengthen the batches

== dirs single-value n=65536 valuesBetween: ordered vs btree-map
A: 2033 ns per operation (median)
B: 976.6 ns per operation (median)
A needs 102% more time than B: B takes only 0.49 times as long as A.
With 95% confidence the difference lies between 99% and 120% more time (B takes between 0.455 and 0.50 times as long as A).
Noise floor: 2.18%. Identical code measured against itself on this setup can look that different, so smaller differences mean nothing.
Neighbouring measurements are nearly independent (autocorrelation -0.73), so they were resampled one by one.

Verdict: RESOLVED. A is slower than B: the difference is real, as its interval excludes zero and it exceeds the noise floor.

Warnings:
  - the program holds 196 MB of live data, more than the caches of many machines; for data that size, where it lies in memory can shift the result by several points in ways the interval does not cover, and differently in the next process; run the comparison in several processes with the multiproc package

== dirs single-value n=65536 valuesBetween: ordered vs baseline
A: 2035 ns per operation (median)
B: 3687 ns per operation (median)
A needs 45.6% less time than B: B takes 1.84 times as long as A.
With 95% confidence the difference lies between 43.6% and 46.2% less time (B takes between 1.77 and 1.86 times as long as A).
Noise floor: 1.37%. Identical code measured against itself on this setup can look that different, so smaller differences mean nothing.
Neighbouring measurements are nearly independent (autocorrelation +0.00), so they were resampled one by one.

Verdict: RESOLVED. A is faster than B: the difference is real, as its interval excludes zero and it exceeds the noise floor.

Warnings:
  - the program holds 196 MB of live data, more than the caches of many machines; for data that size, where it lies in memory can shift the result by several points in ways the interval does not cover, and differently in the next process; run the comparison in several processes with the multiproc package

== dirs single-value n=65536 prefix: ordered vs btree-map
A: 2.894e+04 ns per operation (median)
B: 8390 ns per operation (median)
A needs 242% more time than B: B takes only 0.29 times as long as A.
With 95% confidence the difference lies between 239% and 246% more time (B takes between 0.289 and 0.29 times as long as A).
Noise floor: 4.53%. Identical code measured against itself on this setup can look that different, so smaller differences mean nothing.
Neighbouring measurements are nearly independent (autocorrelation -0.03), so they were resampled one by one.

Verdict: RESOLVED. A is slower than B: the difference is real, as its interval excludes zero and it exceeds the noise floor.

Warnings:
  - the program holds 196 MB of live data, more than the caches of many machines; for data that size, where it lies in memory can shift the result by several points in ways the interval does not cover, and differently in the next process; run the comparison in several processes with the multiproc package

== dirs single-value n=65536 prefix: ordered vs baseline
A: 2.953e+04 ns per operation (median)
B: 6.458e+04 ns per operation (median)
A needs 55.9% less time than B: B takes 2.27 times as long as A.
With 95% confidence the difference lies between 55.4% and 56.3% less time (B takes between 2.24 and 2.29 times as long as A).
Noise floor: 11.2%. Identical code measured against itself on this setup can look that different, so smaller differences mean nothing.
Neighbouring measurements are nearly independent (autocorrelation +0.13), so they were resampled one by one.

Verdict: RESOLVED. A is faster than B: the difference is real, as its interval excludes zero and it exceeds the noise floor.

Warnings:
  - the program holds 196 MB of live data, more than the caches of many machines; for data that size, where it lies in memory can shift the result by several points in ways the interval does not cover, and differently in the next process; run the comparison in several processes with the multiproc package
  - in 50% of A/A runs this setup reported a difference between identical code, well above the 10% expected; treat any confidence from it with suspicion

== dirs single-value n=65536 churn and build: ordered vs btree-map
steady state, per insertion or deletion in a structure of 65536 elements (cycle of 171410 operations, first pass untimed):
  A: 413.7 ns per operation (median)
  B: 461.4 ns per operation (median)
  A needs 12.5% less time than B: B takes 1.14 times as long as A.
  With 95% confidence the difference lies between 10.9% and 14% less time (B takes between 1.12 and 1.16 times as long as A).
  Noise floor: 0.584%. Identical code measured against itself on this setup can look that different, so smaller differences mean nothing.
  Neighbouring measurements are correlated (autocorrelation +0.56), so they were resampled in blocks of 3.
  
  Verdict: RESOLVED. A is faster than B: the difference is real, as its interval excludes zero and it exceeds the noise floor.
  
  Warnings:
    - the program holds 212 MB of live data, more than the caches of many machines; for data that size, where it lies in memory can shift the result by several points in ways the interval does not cover, and differently in the next process; run the comparison in several processes with the multiproc package
    - candidate A drifted during the run: its measurements were 9.07% lower in the second half than in the first, so the machine did not hold still
    - candidate B drifted during the run: its measurements were 6.38% lower in the second half than in the first, so the machine did not hold still
    - the ratio B/A was 3.58% higher in the second half of the run than in the first, so the candidates had not reached a steady state and the difference depends on how long the run was; a common cause is a head start for whichever candidate ran alone last before the comparison or had its data built last, which a longer CollectOptions.WarmupDuration removes

build from empty to 65536 elements, per whole build (235116 operations):
  A: 8.476e+07 ns per operation (median)
  B: 8.525e+07 ns per operation (median)
  A needs 0.59% less time than B: B takes 1.01 times as long as A.
  With 95% confidence the difference lies between 0.26% and 1.09% less time (B takes between 1 and 1.01 times as long as A).
  Noise floor: 0.104%. Identical code measured against itself on this setup can look that different, so smaller differences mean nothing.
  Neighbouring measurements are nearly independent (autocorrelation -0.12), so they were resampled one by one.
  
  Verdict: RESOLVED. A is faster than B: the difference is real, as its interval excludes zero and it exceeds the noise floor.
  
  Warnings:
    - the program holds 199 MB of live data, more than the caches of many machines; for data that size, where it lies in memory can shift the result by several points in ways the interval does not cover, and differently in the next process; run the comparison in several processes with the multiproc package

== dirs single-value n=65536 churn and build: ordered vs baseline
steady state, per insertion or deletion in a structure of 65536 elements (cycle of 171410 operations, first pass untimed):
  A: 373.4 ns per operation (median)
  B: 450.6 ns per operation (median)
  A needs 16.9% less time than B: B takes 1.20 times as long as A.
  With 95% confidence the difference lies between 15.1% and 19.9% less time (B takes between 1.18 and 1.25 times as long as A).
  Noise floor: 2.2%. Identical code measured against itself on this setup can look that different, so smaller differences mean nothing.
  Neighbouring measurements are nearly independent (autocorrelation +0.03), so they were resampled one by one.
  
  Verdict: RESOLVED. A is faster than B: the difference is real, as its interval excludes zero and it exceeds the noise floor.
  
  Warnings:
    - the program holds 199 MB of live data, more than the caches of many machines; for data that size, where it lies in memory can shift the result by several points in ways the interval does not cover, and differently in the next process; run the comparison in several processes with the multiproc package
    - candidate A drifted during the run: its measurements were 4.54% higher in the second half than in the first, so the machine did not hold still

build from empty to 65536 elements, per whole build (235116 operations):
  A: 8.489e+07 ns per operation (median)
  B: 8.944e+07 ns per operation (median)
  A needs 5.42% less time than B: B takes 1.06 times as long as A.
  With 95% confidence the difference lies between 4.99% and 6.04% less time (B takes between 1.05 and 1.06 times as long as A).
  Noise floor: 0.314%. Identical code measured against itself on this setup can look that different, so smaller differences mean nothing.
  Neighbouring measurements are nearly independent (autocorrelation -0.04), so they were resampled one by one.
  
  Verdict: RESOLVED. A is faster than B: the difference is real, as its interval excludes zero and it exceeds the noise floor.
  
  Warnings:
    - the program holds 199 MB of live data, more than the caches of many machines; for data that size, where it lies in memory can shift the result by several points in ways the interval does not cover, and differently in the next process; run the comparison in several processes with the multiproc package

checksum 59499905444111
== dirs single-value n=65536 valuesFor: ordered vs btree-map
A: 194.9 ns per operation (median)
B: 270.9 ns per operation (median)
A needs 28.7% less time than B: B takes 1.40 times as long as A.
With 95% confidence the difference lies between 25.1% and 30.4% less time (B takes between 1.34 and 1.44 times as long as A).
Noise floor: 2.4%. Identical code measured against itself on this setup can look that different, so smaller differences mean nothing.
Neighbouring measurements are nearly independent (autocorrelation -0.61), so they were resampled one by one.

Verdict: RESOLVED. A is faster than B: the difference is real, as its interval excludes zero and it exceeds the noise floor.

Warnings:
  - the program holds 176 MB of live data, more than the caches of many machines; for data that size, where it lies in memory can shift the result by several points in ways the interval does not cover, and differently in the next process; run the comparison in several processes with the multiproc package

== dirs single-value n=65536 valuesFor: ordered vs baseline
A: 185.5 ns per operation (median)
B: 199.9 ns per operation (median)
A needs 6.6% less time than B: B takes 1.07 times as long as A.
With 95% confidence the difference lies between 5.09% and 8.25% less time (B takes between 1.05 and 1.09 times as long as A).
Noise floor: 1.27%. Identical code measured against itself on this setup can look that different, so smaller differences mean nothing.
Neighbouring measurements are nearly independent (autocorrelation -0.05), so they were resampled one by one.

Verdict: RESOLVED. A is faster than B: the difference is real, as its interval excludes zero and it exceeds the noise floor.

Warnings:
  - the program holds 176 MB of live data, more than the caches of many machines; for data that size, where it lies in memory can shift the result by several points in ways the interval does not cover, and differently in the next process; run the comparison in several processes with the multiproc package

== dirs single-value n=65536 valuesBetween: ordered vs btree-map
A: 2011 ns per operation (median)
B: 1007 ns per operation (median)
A needs 101% more time than B: B takes only 0.50 times as long as A.
With 95% confidence the difference lies between 91.8% and 118% more time (B takes between 0.458 and 0.52 times as long as A).
Noise floor: 7.4%. Identical code measured against itself on this setup can look that different, so smaller differences mean nothing.
Neighbouring measurements are nearly independent (autocorrelation -0.71), so they were resampled one by one.

Verdict: RESOLVED. A is slower than B: the difference is real, as its interval excludes zero and it exceeds the noise floor.

Warnings:
  - the program holds 176 MB of live data, more than the caches of many machines; for data that size, where it lies in memory can shift the result by several points in ways the interval does not cover, and differently in the next process; run the comparison in several processes with the multiproc package

== dirs single-value n=65536 valuesBetween: ordered vs baseline
A: 2017 ns per operation (median)
B: 3626 ns per operation (median)
A needs 44.9% less time than B: B takes 1.82 times as long as A.
With 95% confidence the difference lies between 43.9% and 45.6% less time (B takes between 1.78 and 1.84 times as long as A).
Noise floor: 1.27%. Identical code measured against itself on this setup can look that different, so smaller differences mean nothing.
Neighbouring measurements are nearly independent (autocorrelation -0.37), so they were resampled one by one.

Verdict: RESOLVED. A is faster than B: the difference is real, as its interval excludes zero and it exceeds the noise floor.

Warnings:
  - the program holds 176 MB of live data, more than the caches of many machines; for data that size, where it lies in memory can shift the result by several points in ways the interval does not cover, and differently in the next process; run the comparison in several processes with the multiproc package

== dirs single-value n=65536 prefix: ordered vs btree-map
A: 2.742e+04 ns per operation (median)
B: 8468 ns per operation (median)
A needs 236% more time than B: B takes only 0.30 times as long as A.
With 95% confidence the difference lies between 234% and 241% more time (B takes between 0.293 and 0.30 times as long as A).
Noise floor: 3.87%. Identical code measured against itself on this setup can look that different, so smaller differences mean nothing.
Neighbouring measurements are nearly independent (autocorrelation -0.04), so they were resampled one by one.

Verdict: RESOLVED. A is slower than B: the difference is real, as its interval excludes zero and it exceeds the noise floor.

Warnings:
  - the program holds 176 MB of live data, more than the caches of many machines; for data that size, where it lies in memory can shift the result by several points in ways the interval does not cover, and differently in the next process; run the comparison in several processes with the multiproc package

== dirs single-value n=65536 prefix: ordered vs baseline
A: 2.906e+04 ns per operation (median)
B: 6.45e+04 ns per operation (median)
A needs 55.4% less time than B: B takes 2.24 times as long as A.
With 95% confidence the difference lies between 55.1% and 55.8% less time (B takes between 2.23 and 2.26 times as long as A).
Noise floor: 12.1%. Identical code measured against itself on this setup can look that different, so smaller differences mean nothing.
Neighbouring measurements are nearly independent (autocorrelation +0.09), so they were resampled one by one.

Verdict: RESOLVED. A is faster than B: the difference is real, as its interval excludes zero and it exceeds the noise floor.

Warnings:
  - the program holds 176 MB of live data, more than the caches of many machines; for data that size, where it lies in memory can shift the result by several points in ways the interval does not cover, and differently in the next process; run the comparison in several processes with the multiproc package
  - in 50% of A/A runs this setup reported a difference between identical code, well above the 10% expected; treat any confidence from it with suspicion

== dirs single-value n=65536 churn and build: ordered vs btree-map
steady state, per insertion or deletion in a structure of 65536 elements (cycle of 171410 operations, first pass untimed):
  A: 459.1 ns per operation (median)
  B: 528.1 ns per operation (median)
  A needs 12.3% less time than B: B takes 1.14 times as long as A.
  With 95% confidence the difference lies between 10.7% and 13.7% less time (B takes between 1.12 and 1.16 times as long as A).
  Noise floor: 1.32%. Identical code measured against itself on this setup can look that different, so smaller differences mean nothing.
  Neighbouring measurements are correlated (autocorrelation +0.66), so they were resampled in blocks of 3.
  
  Verdict: RESOLVED. A is faster than B: the difference is real, as its interval excludes zero and it exceeds the noise floor.
  
  Warnings:
    - the program holds 202 MB of live data, more than the caches of many machines; for data that size, where it lies in memory can shift the result by several points in ways the interval does not cover, and differently in the next process; run the comparison in several processes with the multiproc package
    - candidate A drifted during the run: its measurements were 10.3% higher in the second half than in the first, so the machine did not hold still
    - candidate B drifted during the run: its measurements were 10.9% higher in the second half than in the first, so the machine did not hold still
    - in 50% of A/A runs this setup reported a difference between identical code, well above the 10% expected; treat any confidence from it with suspicion

build from empty to 65536 elements, per whole build (235116 operations):
  A: 8.476e+07 ns per operation (median)
  B: 8.5e+07 ns per operation (median)
  A needs 0.298% less time than B: B takes 1.00 times as long as A.
  With 95% confidence the difference lies between 0.147% and 0.579% less time (B takes between 1 and 1.01 times as long as A).
  Noise floor: 0.169%. Identical code measured against itself on this setup can look that different, so smaller differences mean nothing.
  Neighbouring measurements are nearly independent (autocorrelation +0.15), so they were resampled one by one.
  
  Verdict: RESOLVED. A is faster than B: the difference is real, as its interval excludes zero and it exceeds the noise floor.
  
  Warnings:
    - the program holds 199 MB of live data, more than the caches of many machines; for data that size, where it lies in memory can shift the result by several points in ways the interval does not cover, and differently in the next process; run the comparison in several processes with the multiproc package

== dirs single-value n=65536 churn and build: ordered vs baseline
steady state, per insertion or deletion in a structure of 65536 elements (cycle of 171410 operations, first pass untimed):
  A: 368.4 ns per operation (median)
  B: 448.1 ns per operation (median)
  A needs 16.5% less time than B: B takes 1.20 times as long as A.
  With 95% confidence the difference lies between 14.9% and 19.2% less time (B takes between 1.18 and 1.24 times as long as A).
  Noise floor: 1.14%. Identical code measured against itself on this setup can look that different, so smaller differences mean nothing.
  Neighbouring measurements are nearly independent (autocorrelation -0.11), so they were resampled one by one.
  
  Verdict: RESOLVED. A is faster than B: the difference is real, as its interval excludes zero and it exceeds the noise floor.
  
  Warnings:
    - the program holds 199 MB of live data, more than the caches of many machines; for data that size, where it lies in memory can shift the result by several points in ways the interval does not cover, and differently in the next process; run the comparison in several processes with the multiproc package
    - candidate A drifted during the run: its measurements were 5.45% higher in the second half than in the first, so the machine did not hold still
    - candidate B drifted during the run: its measurements were 5.44% higher in the second half than in the first, so the machine did not hold still

build from empty to 65536 elements, per whole build (235116 operations):
  A: 8.494e+07 ns per operation (median)
  B: 8.974e+07 ns per operation (median)
  A needs 5.43% less time than B: B takes 1.06 times as long as A.
  With 95% confidence the difference lies between 5.32% and 5.54% less time (B takes between 1.06 and 1.06 times as long as A).
  Noise floor: 0.273%. Identical code measured against itself on this setup can look that different, so smaller differences mean nothing.
  Neighbouring measurements are correlated (autocorrelation +0.25), so they were resampled in blocks of 3.
  
  Verdict: RESOLVED. A is faster than B: the difference is real, as its interval excludes zero and it exceeds the noise floor.
  
  Warnings:
    - the program holds 199 MB of live data, more than the caches of many machines; for data that size, where it lies in memory can shift the result by several points in ways the interval does not cover, and differently in the next process; run the comparison in several processes with the multiproc package

checksum 59545137752256
== dirs single-value n=65536 valuesFor: ordered vs btree-map
A: 194.4 ns per operation (median)
B: 267 ns per operation (median)
A needs 27.1% less time than B: B takes 1.37 times as long as A.
With 95% confidence the difference lies between 25.2% and 29.1% less time (B takes between 1.34 and 1.41 times as long as A).
Noise floor: 1.55%. Identical code measured against itself on this setup can look that different, so smaller differences mean nothing.
Neighbouring measurements are nearly independent (autocorrelation -0.50), so they were resampled one by one.

Verdict: RESOLVED. A is faster than B: the difference is real, as its interval excludes zero and it exceeds the noise floor.

Warnings:
  - the program holds 151 MB of live data, more than the caches of many machines; for data that size, where it lies in memory can shift the result by several points in ways the interval does not cover, and differently in the next process; run the comparison in several processes with the multiproc package

== dirs single-value n=65536 valuesFor: ordered vs baseline
A: 187.6 ns per operation (median)
B: 208.3 ns per operation (median)
A needs 9.79% less time than B: B takes 1.11 times as long as A.
With 95% confidence the difference lies between 8.2% and 11% less time (B takes between 1.09 and 1.12 times as long as A).
Noise floor: 1.43%. Identical code measured against itself on this setup can look that different, so smaller differences mean nothing.
Neighbouring measurements are nearly independent (autocorrelation +0.17), so they were resampled one by one.

Verdict: RESOLVED. A is faster than B: the difference is real, as its interval excludes zero and it exceeds the noise floor.

Warnings:
  - the program holds 198 MB of live data, more than the caches of many machines; for data that size, where it lies in memory can shift the result by several points in ways the interval does not cover, and differently in the next process; run the comparison in several processes with the multiproc package

== dirs single-value n=65536 valuesBetween: ordered vs btree-map
A: 2007 ns per operation (median)
B: 945.4 ns per operation (median)
A needs 111% more time than B: B takes only 0.47 times as long as A.
With 95% confidence the difference lies between 104% and 126% more time (B takes between 0.442 and 0.49 times as long as A).
Noise floor: 6.68%. Identical code measured against itself on this setup can look that different, so smaller differences mean nothing.
Neighbouring measurements are nearly independent (autocorrelation -0.79), so they were resampled one by one.

Verdict: RESOLVED. A is slower than B: the difference is real, as its interval excludes zero and it exceeds the noise floor.

Warnings:
  - the program holds 198 MB of live data, more than the caches of many machines; for data that size, where it lies in memory can shift the result by several points in ways the interval does not cover, and differently in the next process; run the comparison in several processes with the multiproc package

== dirs single-value n=65536 valuesBetween: ordered vs baseline
A: 2024 ns per operation (median)
B: 3725 ns per operation (median)
A needs 46.1% less time than B: B takes 1.86 times as long as A.
With 95% confidence the difference lies between 43.8% and 46.6% less time (B takes between 1.78 and 1.87 times as long as A).
Noise floor: 1.85%. Identical code measured against itself on this setup can look that different, so smaller differences mean nothing.
Neighbouring measurements are nearly independent (autocorrelation +0.03), so they were resampled one by one.

Verdict: RESOLVED. A is faster than B: the difference is real, as its interval excludes zero and it exceeds the noise floor.

Warnings:
  - the program holds 198 MB of live data, more than the caches of many machines; for data that size, where it lies in memory can shift the result by several points in ways the interval does not cover, and differently in the next process; run the comparison in several processes with the multiproc package

== dirs single-value n=65536 prefix: ordered vs btree-map
A: 2.805e+04 ns per operation (median)
B: 8402 ns per operation (median)
A needs 243% more time than B: B takes only 0.29 times as long as A.
With 95% confidence the difference lies between 240% and 246% more time (B takes between 0.289 and 0.29 times as long as A).
Noise floor: 4.89%. Identical code measured against itself on this setup can look that different, so smaller differences mean nothing.
Neighbouring measurements are nearly independent (autocorrelation -0.04), so they were resampled one by one.

Verdict: RESOLVED. A is slower than B: the difference is real, as its interval excludes zero and it exceeds the noise floor.

Warnings:
  - the program holds 198 MB of live data, more than the caches of many machines; for data that size, where it lies in memory can shift the result by several points in ways the interval does not cover, and differently in the next process; run the comparison in several processes with the multiproc package

== dirs single-value n=65536 prefix: ordered vs baseline
A: 2.779e+04 ns per operation (median)
B: 6.4e+04 ns per operation (median)
A needs 55.4% less time than B: B takes 2.24 times as long as A.
With 95% confidence the difference lies between 55.1% and 56% less time (B takes between 2.23 and 2.27 times as long as A).
Noise floor: 11.3%. Identical code measured against itself on this setup can look that different, so smaller differences mean nothing.
Neighbouring measurements are nearly independent (autocorrelation +0.03), so they were resampled one by one.

Verdict: RESOLVED. A is faster than B: the difference is real, as its interval excludes zero and it exceeds the noise floor.

Warnings:
  - the program holds 198 MB of live data, more than the caches of many machines; for data that size, where it lies in memory can shift the result by several points in ways the interval does not cover, and differently in the next process; run the comparison in several processes with the multiproc package
  - in 50% of A/A runs this setup reported a difference between identical code, well above the 10% expected; treat any confidence from it with suspicion

== dirs single-value n=65536 churn and build: ordered vs btree-map
steady state, per insertion or deletion in a structure of 65536 elements (cycle of 171410 operations, first pass untimed):
  A: 401.7 ns per operation (median)
  B: 454.7 ns per operation (median)
  A needs 12.3% less time than B: B takes 1.14 times as long as A.
  With 95% confidence the difference lies between 11.3% and 14.4% less time (B takes between 1.13 and 1.17 times as long as A).
  Noise floor: 0.43%. Identical code measured against itself on this setup can look that different, so smaller differences mean nothing.
  Neighbouring measurements are correlated (autocorrelation +0.54), so they were resampled in blocks of 3.
  
  Verdict: RESOLVED. A is faster than B: the difference is real, as its interval excludes zero and it exceeds the noise floor.
  
  Warnings:
    - the program holds 214 MB of live data, more than the caches of many machines; for data that size, where it lies in memory can shift the result by several points in ways the interval does not cover, and differently in the next process; run the comparison in several processes with the multiproc package
    - candidate A drifted during the run: its measurements were 8.11% lower in the second half than in the first, so the machine did not hold still
    - candidate B drifted during the run: its measurements were 5.47% lower in the second half than in the first, so the machine did not hold still

build from empty to 65536 elements, per whole build (235116 operations):
  A: 8.428e+07 ns per operation (median)
  B: 8.424e+07 ns per operation (median)
  A needs 0.0678% less time than B: B takes 1.00 times as long as A.
  With 95% confidence the difference lies between 0.299% more time and 0.185% less time (B takes between 0.997 and 1.00 times as long as A).
  Noise floor: 0.292%. Identical code measured against itself on this setup can look that different, so smaller differences mean nothing.
  Neighbouring measurements are nearly independent (autocorrelation +0.06), so they were resampled one by one.
  
  Verdict: NOT RESOLVED. This run did not establish which candidate is faster. That is not the same as "equally fast": the warnings below say what is missing.
  
  Warnings:
    - the difference of 0.07% does not clear the 0.29% noise floor, which is what this setup reports between two runs of identical code
    - the interval [-0.30%, 0.19%] includes zero, so a difference in either direction is consistent with these measurements
    - the program holds 199 MB of live data, more than the caches of many machines; for data that size, where it lies in memory can shift the result by several points in ways the interval does not cover, and differently in the next process; run the comparison in several processes with the multiproc package

== dirs single-value n=65536 churn and build: ordered vs baseline
steady state, per insertion or deletion in a structure of 65536 elements (cycle of 171410 operations, first pass untimed):
  A: 385.9 ns per operation (median)
  B: 471.3 ns per operation (median)
  A needs 19.8% less time than B: B takes 1.25 times as long as A.
  With 95% confidence the difference lies between 15.4% and 21.6% less time (B takes between 1.18 and 1.28 times as long as A).
  Noise floor: 2.55%. Identical code measured against itself on this setup can look that different, so smaller differences mean nothing.
  Neighbouring measurements are nearly independent (autocorrelation -0.13), so they were resampled one by one.
  
  Verdict: RESOLVED. A is faster than B: the difference is real, as its interval excludes zero and it exceeds the noise floor.
  
  Warnings:
    - the program holds 199 MB of live data, more than the caches of many machines; for data that size, where it lies in memory can shift the result by several points in ways the interval does not cover, and differently in the next process; run the comparison in several processes with the multiproc package

build from empty to 65536 elements, per whole build (235116 operations):
  A: 8.4e+07 ns per operation (median)
  B: 8.86e+07 ns per operation (median)
  A needs 5.11% less time than B: B takes 1.05 times as long as A.
  With 95% confidence the difference lies between 4.68% and 5.64% less time (B takes between 1.05 and 1.06 times as long as A).
  Noise floor: 0.138%. Identical code measured against itself on this setup can look that different, so smaller differences mean nothing.
  Neighbouring measurements are nearly independent (autocorrelation -0.03), so they were resampled one by one.
  
  Verdict: RESOLVED. A is faster than B: the difference is real, as its interval excludes zero and it exceeds the noise floor.
  
  Warnings:
    - the program holds 199 MB of live data, more than the caches of many machines; for data that size, where it lies in memory can shift the result by several points in ways the interval does not cover, and differently in the next process; run the comparison in several processes with the multiproc package

checksum 59474003237173
== dirs single-value n=65536 valuesFor: ordered vs btree-map
A: 195.3 ns per operation (median)
B: 265.7 ns per operation (median)
A needs 27% less time than B: B takes 1.37 times as long as A.
With 95% confidence the difference lies between 24.1% and 28.4% less time (B takes between 1.32 and 1.40 times as long as A).
Noise floor: 1.51%. Identical code measured against itself on this setup can look that different, so smaller differences mean nothing.
Neighbouring measurements are nearly independent (autocorrelation -0.57), so they were resampled one by one.

Verdict: RESOLVED. A is faster than B: the difference is real, as its interval excludes zero and it exceeds the noise floor.

Warnings:
  - the program holds 171 MB of live data, more than the caches of many machines; for data that size, where it lies in memory can shift the result by several points in ways the interval does not cover, and differently in the next process; run the comparison in several processes with the multiproc package

== dirs single-value n=65536 valuesFor: ordered vs baseline
A: 189.1 ns per operation (median)
B: 204.6 ns per operation (median)
A needs 7.9% less time than B: B takes 1.09 times as long as A.
With 95% confidence the difference lies between 6.32% and 9.18% less time (B takes between 1.07 and 1.10 times as long as A).
Noise floor: 1.62%. Identical code measured against itself on this setup can look that different, so smaller differences mean nothing.
Neighbouring measurements are nearly independent (autocorrelation +0.03), so they were resampled one by one.

Verdict: RESOLVED. A is faster than B: the difference is real, as its interval excludes zero and it exceeds the noise floor.

Warnings:
  - the program holds 171 MB of live data, more than the caches of many machines; for data that size, where it lies in memory can shift the result by several points in ways the interval does not cover, and differently in the next process; run the comparison in several processes with the multiproc package

== dirs single-value n=65536 valuesBetween: ordered vs btree-map
A: 1987 ns per operation (median)
B: 941.9 ns per operation (median)
A needs 108% more time than B: B takes only 0.48 times as long as A.
With 95% confidence the difference lies between 106% and 126% more time (B takes between 0.443 and 0.48 times as long as A).
Noise floor: 1.6%. Identical code measured against itself on this setup can look that different, so smaller differences mean nothing.
Neighbouring measurements are correlated (autocorrelation +0.51), so they were resampled in blocks of 3.

Verdict: RESOLVED. A is slower than B: the difference is real, as its interval excludes zero and it exceeds the noise floor.

Warnings:
  - the program holds 171 MB of live data, more than the caches of many machines; for data that size, where it lies in memory can shift the result by several points in ways the interval does not cover, and differently in the next process; run the comparison in several processes with the multiproc package

== dirs single-value n=65536 valuesBetween: ordered vs baseline
A: 2030 ns per operation (median)
B: 3694 ns per operation (median)
A needs 45.3% less time than B: B takes 1.83 times as long as A.
With 95% confidence the difference lies between 42.9% and 46.2% less time (B takes between 1.75 and 1.86 times as long as A).
Noise floor: 2.15%. Identical code measured against itself on this setup can look that different, so smaller differences mean nothing.
Neighbouring measurements are nearly independent (autocorrelation -0.60), so they were resampled one by one.

Verdict: RESOLVED. A is faster than B: the difference is real, as its interval excludes zero and it exceeds the noise floor.

Warnings:
  - the program holds 171 MB of live data, more than the caches of many machines; for data that size, where it lies in memory can shift the result by several points in ways the interval does not cover, and differently in the next process; run the comparison in several processes with the multiproc package

== dirs single-value n=65536 prefix: ordered vs btree-map
A: 2.772e+04 ns per operation (median)
B: 8255 ns per operation (median)
A needs 243% more time than B: B takes only 0.29 times as long as A.
With 95% confidence the difference lies between 240% and 245% more time (B takes between 0.29 and 0.29 times as long as A).
Noise floor: 4.91%. Identical code measured against itself on this setup can look that different, so smaller differences mean nothing.
Neighbouring measurements are nearly independent (autocorrelation -0.03), so they were resampled one by one.

Verdict: RESOLVED. A is slower than B: the difference is real, as its interval excludes zero and it exceeds the noise floor.

Warnings:
  - the program holds 171 MB of live data, more than the caches of many machines; for data that size, where it lies in memory can shift the result by several points in ways the interval does not cover, and differently in the next process; run the comparison in several processes with the multiproc package

== dirs single-value n=65536 prefix: ordered vs baseline
A: 3.019e+04 ns per operation (median)
B: 6.6e+04 ns per operation (median)
A needs 55.4% less time than B: B takes 2.24 times as long as A.
With 95% confidence the difference lies between 55.1% and 55.9% less time (B takes between 2.23 and 2.27 times as long as A).
Noise floor: 10.9%. Identical code measured against itself on this setup can look that different, so smaller differences mean nothing.
Neighbouring measurements are nearly independent (autocorrelation +0.11), so they were resampled one by one.

Verdict: RESOLVED. A is faster than B: the difference is real, as its interval excludes zero and it exceeds the noise floor.

Warnings:
  - the program holds 171 MB of live data, more than the caches of many machines; for data that size, where it lies in memory can shift the result by several points in ways the interval does not cover, and differently in the next process; run the comparison in several processes with the multiproc package
  - in 50% of A/A runs this setup reported a difference between identical code, well above the 10% expected; treat any confidence from it with suspicion

== dirs single-value n=65536 churn and build: ordered vs btree-map
steady state, per insertion or deletion in a structure of 65536 elements (cycle of 171410 operations, first pass untimed):
  A: 399.2 ns per operation (median)
  B: 465.7 ns per operation (median)
  A needs 15.7% less time than B: B takes 1.19 times as long as A.
  With 95% confidence the difference lies between 14.4% and 16.9% less time (B takes between 1.17 and 1.20 times as long as A).
  Noise floor: 0.58%. Identical code measured against itself on this setup can look that different, so smaller differences mean nothing.
  Neighbouring measurements are correlated (autocorrelation +0.61), so they were resampled in blocks of 3.
  
  Verdict: RESOLVED. A is faster than B: the difference is real, as its interval excludes zero and it exceeds the noise floor.
  
  Warnings:
    - the program holds 204 MB of live data, more than the caches of many machines; for data that size, where it lies in memory can shift the result by several points in ways the interval does not cover, and differently in the next process; run the comparison in several processes with the multiproc package
    - candidate A drifted during the run: its measurements were 5.17% lower in the second half than in the first, so the machine did not hold still

build from empty to 65536 elements, per whole build (235116 operations):
  A: 8.535e+07 ns per operation (median)
  B: 8.442e+07 ns per operation (median)
  A needs 1.17% more time than B: B takes only 0.99 times as long as A.
  With 95% confidence the difference lies between 0.95% and 1.38% more time (B takes between 0.986 and 0.99 times as long as A).
  Noise floor: 0.341%. Identical code measured against itself on this setup can look that different, so smaller differences mean nothing.
  Neighbouring measurements are nearly independent (autocorrelation -0.06), so they were resampled one by one.
  
  Verdict: RESOLVED. A is slower than B: the difference is real, as its interval excludes zero and it exceeds the noise floor.
  
  Warnings:
    - the program holds 199 MB of live data, more than the caches of many machines; for data that size, where it lies in memory can shift the result by several points in ways the interval does not cover, and differently in the next process; run the comparison in several processes with the multiproc package
    - candidate A drifted during the run: its measurements were 0.577% lower in the second half than in the first, so the machine did not hold still
    - the ratio B/A was 0.746% higher in the second half of the run than in the first, so the candidates had not reached a steady state and the difference depends on how long the run was; a common cause is a head start for whichever candidate ran alone last before the comparison or had its data built last, which a longer CollectOptions.WarmupDuration removes

== dirs single-value n=65536 churn and build: ordered vs baseline
steady state, per insertion or deletion in a structure of 65536 elements (cycle of 171410 operations, first pass untimed):
  A: 369.4 ns per operation (median)
  B: 452.5 ns per operation (median)
  A needs 18% less time than B: B takes 1.22 times as long as A.
  With 95% confidence the difference lies between 15.7% and 20.4% less time (B takes between 1.19 and 1.26 times as long as A).
  Noise floor: 1.31%. Identical code measured against itself on this setup can look that different, so smaller differences mean nothing.
  Neighbouring measurements are nearly independent (autocorrelation -0.20), so they were resampled one by one.
  
  Verdict: RESOLVED. A is faster than B: the difference is real, as its interval excludes zero and it exceeds the noise floor.
  
  Warnings:
    - the program holds 199 MB of live data, more than the caches of many machines; for data that size, where it lies in memory can shift the result by several points in ways the interval does not cover, and differently in the next process; run the comparison in several processes with the multiproc package
    - candidate A drifted during the run: its measurements were 5.7% higher in the second half than in the first, so the machine did not hold still
    - candidate B drifted during the run: its measurements were 4.54% higher in the second half than in the first, so the machine did not hold still

build from empty to 65536 elements, per whole build (235116 operations):
  A: 8.508e+07 ns per operation (median)
  B: 8.976e+07 ns per operation (median)
  A needs 5.23% less time than B: B takes 1.06 times as long as A.
  With 95% confidence the difference lies between 5.11% and 5.4% less time (B takes between 1.05 and 1.06 times as long as A).
  Noise floor: 0.155%. Identical code measured against itself on this setup can look that different, so smaller differences mean nothing.
  Neighbouring measurements are nearly independent (autocorrelation +0.04), so they were resampled one by one.
  
  Verdict: RESOLVED. A is faster than B: the difference is real, as its interval excludes zero and it exceeds the noise floor.
  
  Warnings:
    - the program holds 199 MB of live data, more than the caches of many machines; for data that size, where it lies in memory can shift the result by several points in ways the interval does not cover, and differently in the next process; run the comparison in several processes with the multiproc package

checksum 59764667270992
== dirs single-value n=65536 valuesFor: ordered vs btree-map
A: 192.4 ns per operation (median)
B: 264.8 ns per operation (median)
A needs 27.8% less time than B: B takes 1.39 times as long as A.
With 95% confidence the difference lies between 25% and 28.8% less time (B takes between 1.33 and 1.40 times as long as A).
Noise floor: 3%. Identical code measured against itself on this setup can look that different, so smaller differences mean nothing.
Neighbouring measurements are nearly independent (autocorrelation +0.08), so they were resampled one by one.

Verdict: RESOLVED. A is faster than B: the difference is real, as its interval excludes zero and it exceeds the noise floor.

Warnings:
  - the program holds 226 MB of live data, more than the caches of many machines; for data that size, where it lies in memory can shift the result by several points in ways the interval does not cover, and differently in the next process; run the comparison in several processes with the multiproc package

== dirs single-value n=65536 valuesFor: ordered vs baseline
A: 187.5 ns per operation (median)
B: 203.7 ns per operation (median)
A needs 8.03% less time than B: B takes 1.09 times as long as A.
With 95% confidence the difference lies between 6.1% and 9.41% less time (B takes between 1.06 and 1.10 times as long as A).
Noise floor: 1.23%. Identical code measured against itself on this setup can look that different, so smaller differences mean nothing.
Neighbouring measurements are nearly independent (autocorrelation -0.01), so they were resampled one by one.

Verdict: RESOLVED. A is faster than B: the difference is real, as its interval excludes zero and it exceeds the noise floor.

Warnings:
  - the program holds 226 MB of live data, more than the caches of many machines; for data that size, where it lies in memory can shift the result by several points in ways the interval does not cover, and differently in the next process; run the comparison in several processes with the multiproc package
  - 5.8% of bootstrap replicates tied, so the measurement is coarse relative to the question; lower CollectOptions.MaxQuantizationError to lengthen the batches

== dirs single-value n=65536 valuesBetween: ordered vs btree-map
A: 1992 ns per operation (median)
B: 924.4 ns per operation (median)
A needs 118% more time than B: B takes only 0.46 times as long as A.
With 95% confidence the difference lies between 106% and 125% more time (B takes between 0.444 and 0.49 times as long as A).
Noise floor: 5.09%. Identical code measured against itself on this setup can look that different, so smaller differences mean nothing.
Neighbouring measurements are nearly independent (autocorrelation -0.75), so they were resampled one by one.

Verdict: RESOLVED. A is slower than B: the difference is real, as its interval excludes zero and it exceeds the noise floor.

Warnings:
  - the program holds 226 MB of live data, more than the caches of many machines; for data that size, where it lies in memory can shift the result by several points in ways the interval does not cover, and differently in the next process; run the comparison in several processes with the multiproc package

== dirs single-value n=65536 valuesBetween: ordered vs baseline
A: 2017 ns per operation (median)
B: 3685 ns per operation (median)
A needs 45% less time than B: B takes 1.82 times as long as A.
With 95% confidence the difference lies between 43.9% and 46.1% less time (B takes between 1.78 and 1.86 times as long as A).
Noise floor: 0.917%. Identical code measured against itself on this setup can look that different, so smaller differences mean nothing.
Neighbouring measurements are nearly independent (autocorrelation -0.47), so they were resampled one by one.

Verdict: RESOLVED. A is faster than B: the difference is real, as its interval excludes zero and it exceeds the noise floor.

Warnings:
  - the program holds 226 MB of live data, more than the caches of many machines; for data that size, where it lies in memory can shift the result by several points in ways the interval does not cover, and differently in the next process; run the comparison in several processes with the multiproc package

== dirs single-value n=65536 prefix: ordered vs btree-map
A: 2.897e+04 ns per operation (median)
B: 8395 ns per operation (median)
A needs 243% more time than B: B takes only 0.29 times as long as A.
With 95% confidence the difference lies between 240% and 246% more time (B takes between 0.289 and 0.29 times as long as A).
Noise floor: 4.63%. Identical code measured against itself on this setup can look that different, so smaller differences mean nothing.
Neighbouring measurements are nearly independent (autocorrelation +0.02), so they were resampled one by one.

Verdict: RESOLVED. A is slower than B: the difference is real, as its interval excludes zero and it exceeds the noise floor.

Warnings:
  - the program holds 226 MB of live data, more than the caches of many machines; for data that size, where it lies in memory can shift the result by several points in ways the interval does not cover, and differently in the next process; run the comparison in several processes with the multiproc package

== dirs single-value n=65536 prefix: ordered vs baseline
A: 2.927e+04 ns per operation (median)
B: 6.464e+04 ns per operation (median)
A needs 55.6% less time than B: B takes 2.25 times as long as A.
With 95% confidence the difference lies between 55.2% and 56% less time (B takes between 2.23 and 2.27 times as long as A).
Noise floor: 10.7%. Identical code measured against itself on this setup can look that different, so smaller differences mean nothing.
Neighbouring measurements are nearly independent (autocorrelation +0.09), so they were resampled one by one.

Verdict: RESOLVED. A is faster than B: the difference is real, as its interval excludes zero and it exceeds the noise floor.

Warnings:
  - the program holds 226 MB of live data, more than the caches of many machines; for data that size, where it lies in memory can shift the result by several points in ways the interval does not cover, and differently in the next process; run the comparison in several processes with the multiproc package
  - in 50% of A/A runs this setup reported a difference between identical code, well above the 10% expected; treat any confidence from it with suspicion

== dirs single-value n=65536 churn and build: ordered vs btree-map
steady state, per insertion or deletion in a structure of 65536 elements (cycle of 171410 operations, first pass untimed):
  A: 408.1 ns per operation (median)
  B: 467.3 ns per operation (median)
  A needs 14.5% less time than B: B takes 1.17 times as long as A.
  With 95% confidence the difference lies between 13.2% and 15.5% less time (B takes between 1.15 and 1.18 times as long as A).
  Noise floor: 0.386%. Identical code measured against itself on this setup can look that different, so smaller differences mean nothing.
  Neighbouring measurements are correlated (autocorrelation +0.66), so they were resampled in blocks of 3.
  
  Verdict: RESOLVED. A is faster than B: the difference is real, as its interval excludes zero and it exceeds the noise floor.
  
  Warnings:
    - the program holds 212 MB of live data, more than the caches of many machines; for data that size, where it lies in memory can shift the result by several points in ways the interval does not cover, and differently in the next process; run the comparison in several processes with the multiproc package
    - candidate A drifted during the run: its measurements were 9.59% lower in the second half than in the first, so the machine did not hold still
    - candidate B drifted during the run: its measurements were 7.04% lower in the second half than in the first, so the machine did not hold still
    - the ratio B/A was 2.01% higher in the second half of the run than in the first, so the candidates had not reached a steady state and the difference depends on how long the run was; a common cause is a head start for whichever candidate ran alone last before the comparison or had its data built last, which a longer CollectOptions.WarmupDuration removes

build from empty to 65536 elements, per whole build (235116 operations):
  A: 8.462e+07 ns per operation (median)
  B: 8.457e+07 ns per operation (median)
  A needs 0.011% more time than B: B takes only 1.00 times as long as A.
  With 95% confidence the difference lies between 0.358% more time and 0.254% less time (B takes between 0.996 and 1.00 times as long as A).
  Noise floor: 0.0951%. Identical code measured against itself on this setup can look that different, so smaller differences mean nothing.
  Neighbouring measurements are nearly independent (autocorrelation -0.03), so they were resampled one by one.
  
  Verdict: NOT RESOLVED. This run did not establish which candidate is faster. That is not the same as "equally fast": the warnings below say what is missing.
  
  Warnings:
    - the difference of -0.01% does not clear the 0.10% noise floor, which is what this setup reports between two runs of identical code
    - the interval [-0.36%, 0.25%] includes zero, so a difference in either direction is consistent with these measurements
    - the program holds 199 MB of live data, more than the caches of many machines; for data that size, where it lies in memory can shift the result by several points in ways the interval does not cover, and differently in the next process; run the comparison in several processes with the multiproc package

== dirs single-value n=65536 churn and build: ordered vs baseline
steady state, per insertion or deletion in a structure of 65536 elements (cycle of 171410 operations, first pass untimed):
  A: 364.3 ns per operation (median)
  B: 445.4 ns per operation (median)
  A needs 16.6% less time than B: B takes 1.20 times as long as A.
  With 95% confidence the difference lies between 16.2% and 17% less time (B takes between 1.19 and 1.20 times as long as A).
  Noise floor: 2.09%. Identical code measured against itself on this setup can look that different, so smaller differences mean nothing.
  Neighbouring measurements are correlated (autocorrelation +0.28), so they were resampled in blocks of 3.
  
  Verdict: RESOLVED. A is faster than B: the difference is real, as its interval excludes zero and it exceeds the noise floor.
  
  Warnings:
    - the program holds 199 MB of live data, more than the caches of many machines; for data that size, where it lies in memory can shift the result by several points in ways the interval does not cover, and differently in the next process; run the comparison in several processes with the multiproc package
    - candidate A drifted during the run: its measurements were 6.34% higher in the second half than in the first, so the machine did not hold still
    - candidate B drifted during the run: its measurements were 7.34% higher in the second half than in the first, so the machine did not hold still

build from empty to 65536 elements, per whole build (235116 operations):
  A: 8.464e+07 ns per operation (median)
  B: 8.881e+07 ns per operation (median)
  A needs 4.89% less time than B: B takes 1.05 times as long as A.
  With 95% confidence the difference lies between 4.51% and 5.29% less time (B takes between 1.05 and 1.06 times as long as A).
  Noise floor: 0.437%. Identical code measured against itself on this setup can look that different, so smaller differences mean nothing.
  Neighbouring measurements are nearly independent (autocorrelation +0.20), so they were resampled one by one.
  
  Verdict: RESOLVED. A is faster than B: the difference is real, as its interval excludes zero and it exceeds the noise floor.
  
  Warnings:
    - the program holds 199 MB of live data, more than the caches of many machines; for data that size, where it lies in memory can shift the result by several points in ways the interval does not cover, and differently in the next process; run the comparison in several processes with the multiproc package

checksum 59955367050485
== dirs single-value n=65536 valuesFor: ordered vs btree-map
A: 194.1 ns per operation (median)
B: 271.8 ns per operation (median)
A needs 29.4% less time than B: B takes 1.42 times as long as A.
With 95% confidence the difference lies between 25.1% and 30.8% less time (B takes between 1.33 and 1.44 times as long as A).
Noise floor: 2.62%. Identical code measured against itself on this setup can look that different, so smaller differences mean nothing.
Neighbouring measurements are nearly independent (autocorrelation -0.44), so they were resampled one by one.

Verdict: RESOLVED. A is faster than B: the difference is real, as its interval excludes zero and it exceeds the noise floor.

Warnings:
  - the program holds 148 MB of live data, more than the caches of many machines; for data that size, where it lies in memory can shift the result by several points in ways the interval does not cover, and differently in the next process; run the comparison in several processes with the multiproc package

== dirs single-value n=65536 valuesFor: ordered vs baseline
A: 187.2 ns per operation (median)
B: 204.3 ns per operation (median)
A needs 8.76% less time than B: B takes 1.10 times as long as A.
With 95% confidence the difference lies between 5.63% and 9.77% less time (B takes between 1.06 and 1.11 times as long as A).
Noise floor: 2.53%. Identical code measured against itself on this setup can look that different, so smaller differences mean nothing.
Neighbouring measurements are correlated (autocorrelation +0.39), so they were resampled in blocks of 3.

Verdict: RESOLVED. A is faster than B: the difference is real, as its interval excludes zero and it exceeds the noise floor.

Warnings:
  - the program holds 196 MB of live data, more than the caches of many machines; for data that size, where it lies in memory can shift the result by several points in ways the interval does not cover, and differently in the next process; run the comparison in several processes with the multiproc package

== dirs single-value n=65536 valuesBetween: ordered vs btree-map
A: 2026 ns per operation (median)
B: 992.3 ns per operation (median)
A needs 106% more time than B: B takes only 0.48 times as long as A.
With 95% confidence the difference lies between 96.4% and 120% more time (B takes between 0.454 and 0.51 times as long as A).
Noise floor: 1.67%. Identical code measured against itself on this setup can look that different, so smaller differences mean nothing.
Neighbouring measurements are nearly independent (autocorrelation -0.74), so they were resampled one by one.

Verdict: RESOLVED. A is slower than B: the difference is real, as its interval excludes zero and it exceeds the noise floor.

Warnings:
  - the program holds 196 MB of live data, more than the caches of many machines; for data that size, where it lies in memory can shift the result by several points in ways the interval does not cover, and differently in the next process; run the comparison in several processes with the multiproc package

== dirs single-value n=65536 valuesBetween: ordered vs baseline
A: 2033 ns per operation (median)
B: 3636 ns per operation (median)
A needs 44% less time than B: B takes 1.79 times as long as A.
With 95% confidence the difference lies between 43.1% and 45.8% less time (B takes between 1.76 and 1.85 times as long as A).
Noise floor: 1.75%. Identical code measured against itself on this setup can look that different, so smaller differences mean nothing.
Neighbouring measurements are nearly independent (autocorrelation -0.51), so they were resampled one by one.

Verdict: RESOLVED. A is faster than B: the difference is real, as its interval excludes zero and it exceeds the noise floor.

Warnings:
  - the program holds 196 MB of live data, more than the caches of many machines; for data that size, where it lies in memory can shift the result by several points in ways the interval does not cover, and differently in the next process; run the comparison in several processes with the multiproc package

== dirs single-value n=65536 prefix: ordered vs btree-map
A: 2.764e+04 ns per operation (median)
B: 8271 ns per operation (median)
A needs 237% more time than B: B takes only 0.30 times as long as A.
With 95% confidence the difference lies between 233% and 242% more time (B takes between 0.292 and 0.30 times as long as A).
Noise floor: 8.39%. Identical code measured against itself on this setup can look that different, so smaller differences mean nothing.
Neighbouring measurements are nearly independent (autocorrelation -0.01), so they were resampled one by one.

Verdict: RESOLVED. A is slower than B: the difference is real, as its interval excludes zero and it exceeds the noise floor.

Warnings:
  - the program holds 196 MB of live data, more than the caches of many machines; for data that size, where it lies in memory can shift the result by several points in ways the interval does not cover, and differently in the next process; run the comparison in several processes with the multiproc package

== dirs single-value n=65536 prefix: ordered vs baseline
A: 2.924e+04 ns per operation (median)
B: 6.44e+04 ns per operation (median)
A needs 55.5% less time than B: B takes 2.24 times as long as A.
With 95% confidence the difference lies between 55.1% and 55.8% less time (B takes between 2.23 and 2.26 times as long as A).
Noise floor: 10.7%. Identical code measured against itself on this setup can look that different, so smaller differences mean nothing.
Neighbouring measurements are nearly independent (autocorrelation +0.09), so they were resampled one by one.

Verdict: RESOLVED. A is faster than B: the difference is real, as its interval excludes zero and it exceeds the noise floor.

Warnings:
  - the program holds 196 MB of live data, more than the caches of many machines; for data that size, where it lies in memory can shift the result by several points in ways the interval does not cover, and differently in the next process; run the comparison in several processes with the multiproc package
  - in 100% of A/A runs this setup reported a difference between identical code, well above the 10% expected; treat any confidence from it with suspicion

== dirs single-value n=65536 churn and build: ordered vs btree-map
steady state, per insertion or deletion in a structure of 65536 elements (cycle of 171410 operations, first pass untimed):
  A: 400.2 ns per operation (median)
  B: 450.4 ns per operation (median)
  A needs 12% less time than B: B takes 1.14 times as long as A.
  With 95% confidence the difference lies between 10.3% and 13.6% less time (B takes between 1.12 and 1.16 times as long as A).
  Noise floor: 0.997%. Identical code measured against itself on this setup can look that different, so smaller differences mean nothing.
  Neighbouring measurements are correlated (autocorrelation +0.72), so they were resampled in blocks of 3.
  
  Verdict: RESOLVED. A is faster than B: the difference is real, as its interval excludes zero and it exceeds the noise floor.
  
  Warnings:
    - the program holds 212 MB of live data, more than the caches of many machines; for data that size, where it lies in memory can shift the result by several points in ways the interval does not cover, and differently in the next process; run the comparison in several processes with the multiproc package
    - candidate A drifted during the run: its measurements were 7.89% lower in the second half than in the first, so the machine did not hold still
    - candidate B drifted during the run: its measurements were 2.98% lower in the second half than in the first, so the machine did not hold still

build from empty to 65536 elements, per whole build (235116 operations):
  A: 8.457e+07 ns per operation (median)
  B: 8.493e+07 ns per operation (median)
  A needs 0.425% less time than B: B takes 1.00 times as long as A.
  With 95% confidence the difference lies between 0.186% more time and 0.758% less time (B takes between 0.998 and 1.01 times as long as A).
  Noise floor: 0.189%. Identical code measured against itself on this setup can look that different, so smaller differences mean nothing.
  Neighbouring measurements are nearly independent (autocorrelation -0.03), so they were resampled one by one.
  
  Verdict: NOT RESOLVED. This run did not establish which candidate is faster. That is not the same as "equally fast": the warnings below say what is missing.
  
  Warnings:
    - the interval [-0.19%, 0.76%] includes zero, so a difference in either direction is consistent with these measurements
    - the program holds 199 MB of live data, more than the caches of many machines; for data that size, where it lies in memory can shift the result by several points in ways the interval does not cover, and differently in the next process; run the comparison in several processes with the multiproc package

== dirs single-value n=65536 churn and build: ordered vs baseline
steady state, per insertion or deletion in a structure of 65536 elements (cycle of 171410 operations, first pass untimed):
  A: 378 ns per operation (median)
  B: 455 ns per operation (median)
  A needs 18.4% less time than B: B takes 1.22 times as long as A.
  With 95% confidence the difference lies between 14.4% and 20.7% less time (B takes between 1.17 and 1.26 times as long as A).
  Noise floor: 1.53%. Identical code measured against itself on this setup can look that different, so smaller differences mean nothing.
  Neighbouring measurements are correlated (autocorrelation +0.22), so they were resampled in blocks of 3.
  
  Verdict: RESOLVED. A is faster than B: the difference is real, as its interval excludes zero and it exceeds the noise floor.
  
  Warnings:
    - the program holds 199 MB of live data, more than the caches of many machines; for data that size, where it lies in memory can shift the result by several points in ways the interval does not cover, and differently in the next process; run the comparison in several processes with the multiproc package
    - candidate A drifted during the run: its measurements were 7.24% lower in the second half than in the first, so the machine did not hold still
    - candidate B drifted during the run: its measurements were 3.85% lower in the second half than in the first, so the machine did not hold still

build from empty to 65536 elements, per whole build (235116 operations):
  A: 8.469e+07 ns per operation (median)
  B: 8.925e+07 ns per operation (median)
  A needs 4.96% less time than B: B takes 1.05 times as long as A.
  With 95% confidence the difference lies between 4.71% and 5.21% less time (B takes between 1.05 and 1.05 times as long as A).
  Noise floor: 0.128%. Identical code measured against itself on this setup can look that different, so smaller differences mean nothing.
  Neighbouring measurements are nearly independent (autocorrelation -0.10), so they were resampled one by one.
  
  Verdict: RESOLVED. A is faster than B: the difference is real, as its interval excludes zero and it exceeds the noise floor.
  
  Warnings:
    - the program holds 199 MB of live data, more than the caches of many machines; for data that size, where it lies in memory can shift the result by several points in ways the interval does not cover, and differently in the next process; run the comparison in several processes with the multiproc package

checksum 58983746597859
