== dirs natural n=65536 valuesFor: ordered vs btree-sets
A: 251.1 ns per operation (median)
B: 493.6 ns per operation (median)
A needs 49.9% less time than B: B takes 2.00 times as long as A.
With 95% confidence the difference lies between 45.3% and 52.2% less time (B takes between 1.83 and 2.09 times as long as A).
Noise floor: 6.98%. Identical code measured against itself on this setup can look that different, so smaller differences mean nothing.
Neighbouring measurements are nearly independent (autocorrelation -0.65), so they were resampled one by one.

Verdict: RESOLVED. A is faster than B: the difference is real, as its interval excludes zero and it exceeds the noise floor.

Warnings:
  - the program holds 182 MB of live data, more than the caches of many machines; for data that size, where it lies in memory can shift the result by several points in ways the interval does not cover, and differently in the next process; run the comparison in several processes with the multiproc package

== dirs natural n=65536 valuesFor: ordered vs baseline
A: 225.1 ns per operation (median)
B: 251.3 ns per operation (median)
A needs 10.8% less time than B: B takes 1.12 times as long as A.
With 95% confidence the difference lies between 5.61% and 12.2% less time (B takes between 1.06 and 1.14 times as long as A).
Noise floor: 3.76%. Identical code measured against itself on this setup can look that different, so smaller differences mean nothing.
Neighbouring measurements are nearly independent (autocorrelation -0.35), so they were resampled one by one.

Verdict: RESOLVED. A is faster than B: the difference is real, as its interval excludes zero and it exceeds the noise floor.

Warnings:
  - the program holds 182 MB of live data, more than the caches of many machines; for data that size, where it lies in memory can shift the result by several points in ways the interval does not cover, and differently in the next process; run the comparison in several processes with the multiproc package

== dirs natural n=65536 valuesBetween: ordered vs btree-sets
A: 4324 ns per operation (median)
B: 1.117e+04 ns per operation (median)
A needs 61.5% less time than B: B takes 2.60 times as long as A.
With 95% confidence the difference lies between 60.4% and 62.4% less time (B takes between 2.53 and 2.66 times as long as A).
Noise floor: 1.25%. Identical code measured against itself on this setup can look that different, so smaller differences mean nothing.
Neighbouring measurements are nearly independent (autocorrelation +0.19), so they were resampled one by one.

Verdict: RESOLVED. A is faster than B: the difference is real, as its interval excludes zero and it exceeds the noise floor.

Warnings:
  - the program holds 182 MB of live data, more than the caches of many machines; for data that size, where it lies in memory can shift the result by several points in ways the interval does not cover, and differently in the next process; run the comparison in several processes with the multiproc package
  - in 50% of A/A runs this setup reported a difference between identical code, well above the 10% expected; treat any confidence from it with suspicion

== dirs natural n=65536 valuesBetween: ordered vs baseline
A: 4140 ns per operation (median)
B: 5622 ns per operation (median)
A needs 26.4% less time than B: B takes 1.36 times as long as A.
With 95% confidence the difference lies between 24.5% and 27.4% less time (B takes between 1.32 and 1.38 times as long as A).
Noise floor: 1.68%. Identical code measured against itself on this setup can look that different, so smaller differences mean nothing.
Neighbouring measurements are nearly independent (autocorrelation -0.06), so they were resampled one by one.

Verdict: RESOLVED. A is faster than B: the difference is real, as its interval excludes zero and it exceeds the noise floor.

Warnings:
  - the program holds 220 MB of live data, more than the caches of many machines; for data that size, where it lies in memory can shift the result by several points in ways the interval does not cover, and differently in the next process; run the comparison in several processes with the multiproc package

== dirs natural n=65536 prefix: ordered vs btree-sets
A: 6.669e+04 ns per operation (median)
B: 2.02e+05 ns per operation (median)
A needs 67.2% less time than B: B takes 3.05 times as long as A.
With 95% confidence the difference lies between 66.8% and 67.9% less time (B takes between 3.01 and 3.12 times as long as A).
Noise floor: 4.66%. Identical code measured against itself on this setup can look that different, so smaller differences mean nothing.
Neighbouring measurements are nearly independent (autocorrelation +0.10), so they were resampled one by one.

Verdict: RESOLVED. A is faster than B: the difference is real, as its interval excludes zero and it exceeds the noise floor.

Warnings:
  - the program holds 220 MB of live data, more than the caches of many machines; for data that size, where it lies in memory can shift the result by several points in ways the interval does not cover, and differently in the next process; run the comparison in several processes with the multiproc package

== dirs natural n=65536 prefix: ordered vs baseline
A: 6.161e+04 ns per operation (median)
B: 9.18e+04 ns per operation (median)
A needs 31.2% less time than B: B takes 1.45 times as long as A.
With 95% confidence the difference lies between 29.7% and 32.2% less time (B takes between 1.42 and 1.47 times as long as A).
Noise floor: 9.2%. Identical code measured against itself on this setup can look that different, so smaller differences mean nothing.
Neighbouring measurements are nearly independent (autocorrelation +0.05), so they were resampled one by one.

Verdict: RESOLVED. A is faster than B: the difference is real, as its interval excludes zero and it exceeds the noise floor.

Warnings:
  - the program holds 220 MB of live data, more than the caches of many machines; for data that size, where it lies in memory can shift the result by several points in ways the interval does not cover, and differently in the next process; run the comparison in several processes with the multiproc package

== dirs natural n=65536 churn and build: ordered vs btree-sets
steady state, per insertion or deletion in a structure of 226063 elements (cycle of 590682 operations, first pass untimed):
  A: 512.7 ns per operation (median)
  B: 736.2 ns per operation (median)
  A needs 30.7% less time than B: B takes 1.44 times as long as A.
  With 95% confidence the difference lies between 29% and 32.7% less time (B takes between 1.41 and 1.49 times as long as A).
  Noise floor: 3.82%. Identical code measured against itself on this setup can look that different, so smaller differences mean nothing.
  Neighbouring measurements are nearly independent (autocorrelation +0.08), so they were resampled one by one.
  
  Verdict: RESOLVED. A is faster than B: the difference is real, as its interval excludes zero and it exceeds the noise floor.
  
  Warnings:
    - the program holds 271 MB of live data, more than the caches of many machines; for data that size, where it lies in memory can shift the result by several points in ways the interval does not cover, and differently in the next process; run the comparison in several processes with the multiproc package

build from empty to 226063 elements, per whole build (810341 operations):
  A: 3.22e+08 ns per operation (median)
  B: 4.676e+08 ns per operation (median)
  A needs 31.2% less time than B: B takes 1.45 times as long as A.
  With 95% confidence the difference lies between 30.3% and 31.3% less time (B takes between 1.44 and 1.46 times as long as A).
  Noise floor: 0.334%. Identical code measured against itself on this setup can look that different, so smaller differences mean nothing.
  Neighbouring measurements are nearly independent (autocorrelation -0.07), so they were resampled one by one.
  
  Verdict: RESOLVED. A is faster than B: the difference is real, as its interval excludes zero and it exceeds the noise floor.
  
  Warnings:
    - the program holds 230 MB of live data, more than the caches of many machines; for data that size, where it lies in memory can shift the result by several points in ways the interval does not cover, and differently in the next process; run the comparison in several processes with the multiproc package

== dirs natural n=65536 churn and build: ordered vs baseline
steady state, per insertion or deletion in a structure of 226063 elements (cycle of 590682 operations, first pass untimed):
  A: 449.3 ns per operation (median)
  B: 430.8 ns per operation (median)
  A needs 7.88% more time than B: B takes only 0.93 times as long as A.
  With 95% confidence the difference lies between 11.5% more time and 17.2% less time (B takes between 0.897 and 1.21 times as long as A).
  Noise floor: 13.7%. Identical code measured against itself on this setup can look that different, so smaller differences mean nothing.
  Neighbouring measurements are nearly independent (autocorrelation -0.83), so they were resampled one by one.
  
  Verdict: NOT RESOLVED. This run did not establish which candidate is faster. That is not the same as "equally fast": the warnings below say what is missing.
  
  Warnings:
    - the difference of -7.88% does not clear the 13.74% noise floor, which is what this setup reports between two runs of identical code
    - the interval [-11.47%, 17.22%] includes zero, so a difference in either direction is consistent with these measurements
    - the program holds 249 MB of live data, more than the caches of many machines; for data that size, where it lies in memory can shift the result by several points in ways the interval does not cover, and differently in the next process; run the comparison in several processes with the multiproc package

build from empty to 226063 elements, per whole build (810341 operations):
  A: 3.211e+08 ns per operation (median)
  B: 3.064e+08 ns per operation (median)
  A needs 4.9% more time than B: B takes only 0.95 times as long as A.
  With 95% confidence the difference lies between 4.52% and 7.24% more time (B takes between 0.933 and 0.96 times as long as A).
  Noise floor: 0.326%. Identical code measured against itself on this setup can look that different, so smaller differences mean nothing.
  Neighbouring measurements are correlated (autocorrelation +0.34), so they were resampled in blocks of 3.
  
  Verdict: RESOLVED. A is slower than B: the difference is real, as its interval excludes zero and it exceeds the noise floor.
  
  Warnings:
    - the program holds 230 MB of live data, more than the caches of many machines; for data that size, where it lies in memory can shift the result by several points in ways the interval does not cover, and differently in the next process; run the comparison in several processes with the multiproc package

checksum 141203213193833
== dirs natural n=65536 valuesFor: ordered vs btree-sets
A: 253.3 ns per operation (median)
B: 509.7 ns per operation (median)
A needs 49.8% less time than B: B takes 1.99 times as long as A.
With 95% confidence the difference lies between 46.9% and 52.8% less time (B takes between 1.88 and 2.12 times as long as A).
Noise floor: 7.05%. Identical code measured against itself on this setup can look that different, so smaller differences mean nothing.
Neighbouring measurements are nearly independent (autocorrelation -0.61), so they were resampled one by one.

Verdict: RESOLVED. A is faster than B: the difference is real, as its interval excludes zero and it exceeds the noise floor.

Warnings:
  - the program holds 222 MB of live data, more than the caches of many machines; for data that size, where it lies in memory can shift the result by several points in ways the interval does not cover, and differently in the next process; run the comparison in several processes with the multiproc package

== dirs natural n=65536 valuesFor: ordered vs baseline
A: 234.8 ns per operation (median)
B: 265.4 ns per operation (median)
A needs 13.5% less time than B: B takes 1.16 times as long as A.
With 95% confidence the difference lies between 10% and 15.6% less time (B takes between 1.11 and 1.19 times as long as A).
Noise floor: 2.59%. Identical code measured against itself on this setup can look that different, so smaller differences mean nothing.
Neighbouring measurements are nearly independent (autocorrelation -0.47), so they were resampled one by one.

Verdict: RESOLVED. A is faster than B: the difference is real, as its interval excludes zero and it exceeds the noise floor.

Warnings:
  - the program holds 222 MB of live data, more than the caches of many machines; for data that size, where it lies in memory can shift the result by several points in ways the interval does not cover, and differently in the next process; run the comparison in several processes with the multiproc package
  - candidate A drifted during the run: its measurements were 11.7% higher in the second half than in the first, so the machine did not hold still
  - candidate B drifted during the run: its measurements were 20.5% higher in the second half than in the first, so the machine did not hold still
  - the ratio B/A was 7.11% higher in the second half of the run than in the first, so the candidates had not reached a steady state and the difference depends on how long the run was; a common cause is a head start for whichever candidate ran alone last before the comparison or had its data built last, which a longer CollectOptions.WarmupDuration removes

== dirs natural n=65536 valuesBetween: ordered vs btree-sets
A: 4293 ns per operation (median)
B: 1.108e+04 ns per operation (median)
A needs 62% less time than B: B takes 2.63 times as long as A.
With 95% confidence the difference lies between 60.9% and 62.4% less time (B takes between 2.56 and 2.66 times as long as A).
Noise floor: 1.78%. Identical code measured against itself on this setup can look that different, so smaller differences mean nothing.
Neighbouring measurements are nearly independent (autocorrelation +0.00), so they were resampled one by one.

Verdict: RESOLVED. A is faster than B: the difference is real, as its interval excludes zero and it exceeds the noise floor.

Warnings:
  - the program holds 222 MB of live data, more than the caches of many machines; for data that size, where it lies in memory can shift the result by several points in ways the interval does not cover, and differently in the next process; run the comparison in several processes with the multiproc package

== dirs natural n=65536 valuesBetween: ordered vs baseline
A: 4091 ns per operation (median)
B: 5755 ns per operation (median)
A needs 28.5% less time than B: B takes 1.40 times as long as A.
With 95% confidence the difference lies between 27% and 29.6% less time (B takes between 1.37 and 1.42 times as long as A).
Noise floor: 0.861%. Identical code measured against itself on this setup can look that different, so smaller differences mean nothing.
Neighbouring measurements are nearly independent (autocorrelation +0.11), so they were resampled one by one.

Verdict: RESOLVED. A is faster than B: the difference is real, as its interval excludes zero and it exceeds the noise floor.

Warnings:
  - the program holds 222 MB of live data, more than the caches of many machines; for data that size, where it lies in memory can shift the result by several points in ways the interval does not cover, and differently in the next process; run the comparison in several processes with the multiproc package
  - candidate A drifted during the run: its measurements were 2.67% higher in the second half than in the first, so the machine did not hold still

== dirs natural n=65536 prefix: ordered vs btree-sets
A: 6.665e+04 ns per operation (median)
B: 2.012e+05 ns per operation (median)
A needs 67.2% less time than B: B takes 3.05 times as long as A.
With 95% confidence the difference lies between 66.8% and 67.9% less time (B takes between 3.01 and 3.11 times as long as A).
Noise floor: 5.56%. Identical code measured against itself on this setup can look that different, so smaller differences mean nothing.
Neighbouring measurements are nearly independent (autocorrelation +0.11), so they were resampled one by one.

Verdict: RESOLVED. A is faster than B: the difference is real, as its interval excludes zero and it exceeds the noise floor.

Warnings:
  - the program holds 222 MB of live data, more than the caches of many machines; for data that size, where it lies in memory can shift the result by several points in ways the interval does not cover, and differently in the next process; run the comparison in several processes with the multiproc package

== dirs natural n=65536 prefix: ordered vs baseline
A: 6.232e+04 ns per operation (median)
B: 9.169e+04 ns per operation (median)
A needs 31.2% less time than B: B takes 1.45 times as long as A.
With 95% confidence the difference lies between 30.3% and 32.8% less time (B takes between 1.44 and 1.49 times as long as A).
Noise floor: 8.52%. Identical code measured against itself on this setup can look that different, so smaller differences mean nothing.
Neighbouring measurements are nearly independent (autocorrelation +0.06), so they were resampled one by one.

Verdict: RESOLVED. A is faster than B: the difference is real, as its interval excludes zero and it exceeds the noise floor.

Warnings:
  - the program holds 222 MB of live data, more than the caches of many machines; for data that size, where it lies in memory can shift the result by several points in ways the interval does not cover, and differently in the next process; run the comparison in several processes with the multiproc package

== dirs natural n=65536 churn and build: ordered vs btree-sets
steady state, per insertion or deletion in a structure of 226063 elements (cycle of 590682 operations, first pass untimed):
  A: 517.1 ns per operation (median)
  B: 711.8 ns per operation (median)
  A needs 29.6% less time than B: B takes 1.42 times as long as A.
  With 95% confidence the difference lies between 25.8% and 31.2% less time (B takes between 1.35 and 1.45 times as long as A).
  Noise floor: 6.32%. Identical code measured against itself on this setup can look that different, so smaller differences mean nothing.
  Neighbouring measurements are nearly independent (autocorrelation -0.24), so they were resampled one by one.
  
  Verdict: RESOLVED. A is faster than B: the difference is real, as its interval excludes zero and it exceeds the noise floor.
  
  Warnings:
    - the program holds 253 MB of live data, more than the caches of many machines; for data that size, where it lies in memory can shift the result by several points in ways the interval does not cover, and differently in the next process; run the comparison in several processes with the multiproc package

build from empty to 226063 elements, per whole build (810341 operations):
  A: 3.219e+08 ns per operation (median)
  B: 4.722e+08 ns per operation (median)
  A needs 32% less time than B: B takes 1.47 times as long as A.
  With 95% confidence the difference lies between 31.5% and 32.2% less time (B takes between 1.46 and 1.47 times as long as A).
  Noise floor: 0.286%. Identical code measured against itself on this setup can look that different, so smaller differences mean nothing.
  Neighbouring measurements are nearly independent (autocorrelation +0.06), so they were resampled one by one.
  
  Verdict: RESOLVED. A is faster than B: the difference is real, as its interval excludes zero and it exceeds the noise floor.
  
  Warnings:
    - the program holds 230 MB of live data, more than the caches of many machines; for data that size, where it lies in memory can shift the result by several points in ways the interval does not cover, and differently in the next process; run the comparison in several processes with the multiproc package

== dirs natural n=65536 churn and build: ordered vs baseline
steady state, per insertion or deletion in a structure of 226063 elements (cycle of 590682 operations, first pass untimed):
  A: 448.8 ns per operation (median)
  B: 436 ns per operation (median)
  A needs 5.26% more time than B: B takes only 0.95 times as long as A.
  With 95% confidence the difference lies between 11% more time and 15.2% less time (B takes between 0.901 and 1.18 times as long as A).
  Noise floor: 14.1%. Identical code measured against itself on this setup can look that different, so smaller differences mean nothing.
  Neighbouring measurements are nearly independent (autocorrelation -0.21), so they were resampled one by one.
  
  Verdict: NOT RESOLVED. This run did not establish which candidate is faster. That is not the same as "equally fast": the warnings below say what is missing.
  
  Warnings:
    - the difference of -5.26% does not clear the 14.14% noise floor, which is what this setup reports between two runs of identical code
    - the interval [-11.02%, 15.16%] includes zero, so a difference in either direction is consistent with these measurements
    - the program holds 249 MB of live data, more than the caches of many machines; for data that size, where it lies in memory can shift the result by several points in ways the interval does not cover, and differently in the next process; run the comparison in several processes with the multiproc package

build from empty to 226063 elements, per whole build (810341 operations):
  A: 3.205e+08 ns per operation (median)
  B: 3.07e+08 ns per operation (median)
  A needs 4.24% more time than B: B takes only 0.96 times as long as A.
  With 95% confidence the difference lies between 2.75% and 4.94% more time (B takes between 0.953 and 0.97 times as long as A).
  Noise floor: 0.157%. Identical code measured against itself on this setup can look that different, so smaller differences mean nothing.
  Neighbouring measurements are nearly independent (autocorrelation -0.04), so they were resampled one by one.
  
  Verdict: RESOLVED. A is slower than B: the difference is real, as its interval excludes zero and it exceeds the noise floor.
  
  Warnings:
    - the program holds 230 MB of live data, more than the caches of many machines; for data that size, where it lies in memory can shift the result by several points in ways the interval does not cover, and differently in the next process; run the comparison in several processes with the multiproc package
    - in 50% of A/A runs this setup reported a difference between identical code, well above the 10% expected; treat any confidence from it with suspicion

checksum 140227265973116
== dirs natural n=65536 valuesFor: ordered vs btree-sets
A: 249.3 ns per operation (median)
B: 491.3 ns per operation (median)
A needs 49% less time than B: B takes 1.96 times as long as A.
With 95% confidence the difference lies between 46.8% and 51.7% less time (B takes between 1.88 and 2.07 times as long as A).
Noise floor: 2.29%. Identical code measured against itself on this setup can look that different, so smaller differences mean nothing.
Neighbouring measurements are correlated (autocorrelation +0.23), so they were resampled in blocks of 3.

Verdict: RESOLVED. A is faster than B: the difference is real, as its interval excludes zero and it exceeds the noise floor.

Warnings:
  - the program holds 181 MB of live data, more than the caches of many machines; for data that size, where it lies in memory can shift the result by several points in ways the interval does not cover, and differently in the next process; run the comparison in several processes with the multiproc package

== dirs natural n=65536 valuesFor: ordered vs baseline
A: 224.9 ns per operation (median)
B: 251.7 ns per operation (median)
A needs 9.31% less time than B: B takes 1.10 times as long as A.
With 95% confidence the difference lies between 6.77% and 13.4% less time (B takes between 1.07 and 1.15 times as long as A).
Noise floor: 3.47%. Identical code measured against itself on this setup can look that different, so smaller differences mean nothing.
Neighbouring measurements are nearly independent (autocorrelation -0.45), so they were resampled one by one.

Verdict: RESOLVED. A is faster than B: the difference is real, as its interval excludes zero and it exceeds the noise floor.

Warnings:
  - the program holds 181 MB of live data, more than the caches of many machines; for data that size, where it lies in memory can shift the result by several points in ways the interval does not cover, and differently in the next process; run the comparison in several processes with the multiproc package

== dirs natural n=65536 valuesBetween: ordered vs btree-sets
A: 4266 ns per operation (median)
B: 1.119e+04 ns per operation (median)
A needs 61.6% less time than B: B takes 2.61 times as long as A.
With 95% confidence the difference lies between 61.3% and 62.3% less time (B takes between 2.58 and 2.65 times as long as A).
Noise floor: 1.81%. Identical code measured against itself on this setup can look that different, so smaller differences mean nothing.
Neighbouring measurements are nearly independent (autocorrelation -0.16), so they were resampled one by one.

Verdict: RESOLVED. A is faster than B: the difference is real, as its interval excludes zero and it exceeds the noise floor.

Warnings:
  - the program holds 181 MB of live data, more than the caches of many machines; for data that size, where it lies in memory can shift the result by several points in ways the interval does not cover, and differently in the next process; run the comparison in several processes with the multiproc package
  - in 50% of A/A runs this setup reported a difference between identical code, well above the 10% expected; treat any confidence from it with suspicion

== dirs natural n=65536 valuesBetween: ordered vs baseline
A: 4122 ns per operation (median)
B: 5752 ns per operation (median)
A needs 28.3% less time than B: B takes 1.39 times as long as A.
With 95% confidence the difference lies between 27.2% and 30.2% less time (B takes between 1.37 and 1.43 times as long as A).
Noise floor: 2.02%. Identical code measured against itself on this setup can look that different, so smaller differences mean nothing.
Neighbouring measurements are nearly independent (autocorrelation -0.16), so they were resampled one by one.

Verdict: RESOLVED. A is faster than B: the difference is real, as its interval excludes zero and it exceeds the noise floor.

Warnings:
  - the program holds 181 MB of live data, more than the caches of many machines; for data that size, where it lies in memory can shift the result by several points in ways the interval does not cover, and differently in the next process; run the comparison in several processes with the multiproc package
  - candidate B drifted during the run: its measurements were 4.16% lower in the second half than in the first, so the machine did not hold still

== dirs natural n=65536 prefix: ordered vs btree-sets
A: 6.687e+04 ns per operation (median)
B: 1.995e+05 ns per operation (median)
A needs 67.5% less time than B: B takes 3.07 times as long as A.
With 95% confidence the difference lies between 66.7% and 67.8% less time (B takes between 3 and 3.11 times as long as A).
Noise floor: 4.21%. Identical code measured against itself on this setup can look that different, so smaller differences mean nothing.
Neighbouring measurements are nearly independent (autocorrelation +0.10), so they were resampled one by one.

Verdict: RESOLVED. A is faster than B: the difference is real, as its interval excludes zero and it exceeds the noise floor.

Warnings:
  - the program holds 181 MB of live data, more than the caches of many machines; for data that size, where it lies in memory can shift the result by several points in ways the interval does not cover, and differently in the next process; run the comparison in several processes with the multiproc package

== dirs natural n=65536 prefix: ordered vs baseline
A: 6.164e+04 ns per operation (median)
B: 9.068e+04 ns per operation (median)
A needs 30.6% less time than B: B takes 1.44 times as long as A.
With 95% confidence the difference lies between 29.6% and 32.1% less time (B takes between 1.42 and 1.47 times as long as A).
Noise floor: 8.59%. Identical code measured against itself on this setup can look that different, so smaller differences mean nothing.
Neighbouring measurements are nearly independent (autocorrelation +0.04), so they were resampled one by one.

Verdict: RESOLVED. A is faster than B: the difference is real, as its interval excludes zero and it exceeds the noise floor.

Warnings:
  - the program holds 181 MB of live data, more than the caches of many machines; for data that size, where it lies in memory can shift the result by several points in ways the interval does not cover, and differently in the next process; run the comparison in several processes with the multiproc package

== dirs natural n=65536 churn and build: ordered vs btree-sets
steady state, per insertion or deletion in a structure of 226063 elements (cycle of 590682 operations, first pass untimed):
  A: 510.3 ns per operation (median)
  B: 692.8 ns per operation (median)
  A needs 26.7% less time than B: B takes 1.36 times as long as A.
  With 95% confidence the difference lies between 24.6% and 29.3% less time (B takes between 1.33 and 1.41 times as long as A).
  Noise floor: 6.03%. Identical code measured against itself on this setup can look that different, so smaller differences mean nothing.
  Neighbouring measurements are nearly independent (autocorrelation -0.10), so they were resampled one by one.
  
  Verdict: RESOLVED. A is faster than B: the difference is real, as its interval excludes zero and it exceeds the noise floor.
  
  Warnings:
    - the program holds 261 MB of live data, more than the caches of many machines; for data that size, where it lies in memory can shift the result by several points in ways the interval does not cover, and differently in the next process; run the comparison in several processes with the multiproc package

build from empty to 226063 elements, per whole build (810341 operations):
  A: 3.19e+08 ns per operation (median)
  B: 4.685e+08 ns per operation (median)
  A needs 31.8% less time than B: B takes 1.47 times as long as A.
  With 95% confidence the difference lies between 31.6% and 32.6% less time (B takes between 1.46 and 1.48 times as long as A).
  Noise floor: 0.135%. Identical code measured against itself on this setup can look that different, so smaller differences mean nothing.
  Neighbouring measurements are nearly independent (autocorrelation +0.12), so they were resampled one by one.
  
  Verdict: RESOLVED. A is faster than B: the difference is real, as its interval excludes zero and it exceeds the noise floor.
  
  Warnings:
    - the program holds 230 MB of live data, more than the caches of many machines; for data that size, where it lies in memory can shift the result by several points in ways the interval does not cover, and differently in the next process; run the comparison in several processes with the multiproc package

== dirs natural n=65536 churn and build: ordered vs baseline
steady state, per insertion or deletion in a structure of 226063 elements (cycle of 590682 operations, first pass untimed):
  A: 444 ns per operation (median)
  B: 415.7 ns per operation (median)
  A needs 9.3% more time than B: B takes only 0.91 times as long as A.
  With 95% confidence the difference lies between 11.9% more time and 15.5% less time (B takes between 0.894 and 1.18 times as long as A).
  Noise floor: 12.5%. Identical code measured against itself on this setup can look that different, so smaller differences mean nothing.
  Neighbouring measurements are nearly independent (autocorrelation -0.84), so they were resampled one by one.
  
  Verdict: NOT RESOLVED. This run did not establish which candidate is faster. That is not the same as "equally fast": the warnings below say what is missing.
  
  Warnings:
    - the difference of -9.30% does not clear the 12.54% noise floor, which is what this setup reports between two runs of identical code
    - the interval [-11.87%, 15.48%] includes zero, so a difference in either direction is consistent with these measurements
    - the program holds 249 MB of live data, more than the caches of many machines; for data that size, where it lies in memory can shift the result by several points in ways the interval does not cover, and differently in the next process; run the comparison in several processes with the multiproc package

build from empty to 226063 elements, per whole build (810341 operations):
  A: 3.195e+08 ns per operation (median)
  B: 3.03e+08 ns per operation (median)
  A needs 5.69% more time than B: B takes only 0.95 times as long as A.
  With 95% confidence the difference lies between 3.58% and 6.05% more time (B takes between 0.943 and 0.97 times as long as A).
  Noise floor: 0.353%. Identical code measured against itself on this setup can look that different, so smaller differences mean nothing.
  Neighbouring measurements are nearly independent (autocorrelation -0.00), so they were resampled one by one.
  
  Verdict: RESOLVED. A is slower than B: the difference is real, as its interval excludes zero and it exceeds the noise floor.
  
  Warnings:
    - the program holds 230 MB of live data, more than the caches of many machines; for data that size, where it lies in memory can shift the result by several points in ways the interval does not cover, and differently in the next process; run the comparison in several processes with the multiproc package
    - in 50% of A/A runs this setup reported a difference between identical code, well above the 10% expected; treat any confidence from it with suspicion

checksum 140954623196495
== dirs natural n=65536 valuesFor: ordered vs btree-sets
A: 254.1 ns per operation (median)
B: 498.7 ns per operation (median)
A needs 50.1% less time than B: B takes 2.00 times as long as A.
With 95% confidence the difference lies between 46% and 52.7% less time (B takes between 1.85 and 2.11 times as long as A).
Noise floor: 7.67%. Identical code measured against itself on this setup can look that different, so smaller differences mean nothing.
Neighbouring measurements are nearly independent (autocorrelation -0.27), so they were resampled one by one.

Verdict: RESOLVED. A is faster than B: the difference is real, as its interval excludes zero and it exceeds the noise floor.

Warnings:
  - the program holds 183 MB of live data, more than the caches of many machines; for data that size, where it lies in memory can shift the result by several points in ways the interval does not cover, and differently in the next process; run the comparison in several processes with the multiproc package

== dirs natural n=65536 valuesFor: ordered vs baseline
A: 225.3 ns per operation (median)
B: 247.8 ns per operation (median)
A needs 11.2% less time than B: B takes 1.13 times as long as A.
With 95% confidence the difference lies between 5.05% and 11.7% less time (B takes between 1.05 and 1.13 times as long as A).
Noise floor: 2.27%. Identical code measured against itself on this setup can look that different, so smaller differences mean nothing.
Neighbouring measurements are nearly independent (autocorrelation +0.04), so they were resampled one by one.

Verdict: RESOLVED. A is faster than B: the difference is real, as its interval excludes zero and it exceeds the noise floor.

Warnings:
  - the program holds 183 MB of live data, more than the caches of many machines; for data that size, where it lies in memory can shift the result by several points in ways the interval does not cover, and differently in the next process; run the comparison in several processes with the multiproc package

== dirs natural n=65536 valuesBetween: ordered vs btree-sets
A: 4262 ns per operation (median)
B: 1.102e+04 ns per operation (median)
A needs 61.6% less time than B: B takes 2.61 times as long as A.
With 95% confidence the difference lies between 60.4% and 62.5% less time (B takes between 2.52 and 2.66 times as long as A).
Noise floor: 1.86%. Identical code measured against itself on this setup can look that different, so smaller differences mean nothing.
Neighbouring measurements are nearly independent (autocorrelation +0.14), so they were resampled one by one.

Verdict: RESOLVED. A is faster than B: the difference is real, as its interval excludes zero and it exceeds the noise floor.

Warnings:
  - the program holds 183 MB of live data, more than the caches of many machines; for data that size, where it lies in memory can shift the result by several points in ways the interval does not cover, and differently in the next process; run the comparison in several processes with the multiproc package

== dirs natural n=65536 valuesBetween: ordered vs baseline
A: 4113 ns per operation (median)
B: 5609 ns per operation (median)
A needs 27.9% less time than B: B takes 1.39 times as long as A.
With 95% confidence the difference lies between 25.3% and 30.3% less time (B takes between 1.34 and 1.43 times as long as A).
Noise floor: 2.17%. Identical code measured against itself on this setup can look that different, so smaller differences mean nothing.
Neighbouring measurements are nearly independent (autocorrelation -0.09), so they were resampled one by one.

Verdict: RESOLVED. A is faster than B: the difference is real, as its interval excludes zero and it exceeds the noise floor.

Warnings:
  - the program holds 183 MB of live data, more than the caches of many machines; for data that size, where it lies in memory can shift the result by several points in ways the interval does not cover, and differently in the next process; run the comparison in several processes with the multiproc package

== dirs natural n=65536 prefix: ordered vs btree-sets
A: 6.651e+04 ns per operation (median)
B: 2.004e+05 ns per operation (median)
A needs 67.2% less time than B: B takes 3.05 times as long as A.
With 95% confidence the difference lies between 66.9% and 67.8% less time (B takes between 3.02 and 3.10 times as long as A).
Noise floor: 5.85%. Identical code measured against itself on this setup can look that different, so smaller differences mean nothing.
Neighbouring measurements are nearly independent (autocorrelation +0.09), so they were resampled one by one.

Verdict: RESOLVED. A is faster than B: the difference is real, as its interval excludes zero and it exceeds the noise floor.

Warnings:
  - the program holds 183 MB of live data, more than the caches of many machines; for data that size, where it lies in memory can shift the result by several points in ways the interval does not cover, and differently in the next process; run the comparison in several processes with the multiproc package

== dirs natural n=65536 prefix: ordered vs baseline
A: 6.164e+04 ns per operation (median)
B: 9.094e+04 ns per operation (median)
A needs 30.4% less time than B: B takes 1.44 times as long as A.
With 95% confidence the difference lies between 29.3% and 31.9% less time (B takes between 1.41 and 1.47 times as long as A).
Noise floor: 8.06%. Identical code measured against itself on this setup can look that different, so smaller differences mean nothing.
Neighbouring measurements are nearly independent (autocorrelation +0.05), so they were resampled one by one.

Verdict: RESOLVED. A is faster than B: the difference is real, as its interval excludes zero and it exceeds the noise floor.

Warnings:
  - the program holds 183 MB of live data, more than the caches of many machines; for data that size, where it lies in memory can shift the result by several points in ways the interval does not cover, and differently in the next process; run the comparison in several processes with the multiproc package

== dirs natural n=65536 churn and build: ordered vs btree-sets
steady state, per insertion or deletion in a structure of 226063 elements (cycle of 590682 operations, first pass untimed):
  A: 512.2 ns per operation (median)
  B: 697.1 ns per operation (median)
  A needs 27.5% less time than B: B takes 1.38 times as long as A.
  With 95% confidence the difference lies between 24.3% and 30% less time (B takes between 1.32 and 1.43 times as long as A).
  Noise floor: 0.859%. Identical code measured against itself on this setup can look that different, so smaller differences mean nothing.
  Neighbouring measurements are nearly independent (autocorrelation -0.13), so they were resampled one by one.
  
  Verdict: RESOLVED. A is faster than B: the difference is real, as its interval excludes zero and it exceeds the noise floor.
  
  Warnings:
    - the program holds 255 MB of live data, more than the caches of many machines; for data that size, where it lies in memory can shift the result by several points in ways the interval does not cover, and differently in the next process; run the comparison in several processes with the multiproc package

build from empty to 226063 elements, per whole build (810341 operations):
  A: 3.198e+08 ns per operation (median)
  B: 4.712e+08 ns per operation (median)
  A needs 31.8% less time than B: B takes 1.47 times as long as A.
  With 95% confidence the difference lies between 31.7% and 32.2% less time (B takes between 1.46 and 1.47 times as long as A).
  Noise floor: 0.174%. Identical code measured against itself on this setup can look that different, so smaller differences mean nothing.
  Neighbouring measurements are nearly independent (autocorrelation -0.09), so they were resampled one by one.
  
  Verdict: RESOLVED. A is faster than B: the difference is real, as its interval excludes zero and it exceeds the noise floor.
  
  Warnings:
    - the program holds 230 MB of live data, more than the caches of many machines; for data that size, where it lies in memory can shift the result by several points in ways the interval does not cover, and differently in the next process; run the comparison in several processes with the multiproc package

== dirs natural n=65536 churn and build: ordered vs baseline
steady state, per insertion or deletion in a structure of 226063 elements (cycle of 590682 operations, first pass untimed):
  A: 531.5 ns per operation (median)
  B: 576.1 ns per operation (median)
  A needs 9.42% more time than B: B takes only 0.91 times as long as A.
  With 95% confidence the difference lies between 13.4% more time and 24.8% less time (B takes between 0.882 and 1.33 times as long as A).
  Noise floor: 17.9%. Identical code measured against itself on this setup can look that different, so smaller differences mean nothing.
  Neighbouring measurements are nearly independent (autocorrelation -0.57), so they were resampled one by one.
  
  Verdict: NOT RESOLVED. This run did not establish which candidate is faster. That is not the same as "equally fast": the warnings below say what is missing.
  
  Warnings:
    - the difference of -9.42% does not clear the 17.94% noise floor, which is what this setup reports between two runs of identical code
    - the interval [-13.36%, 24.81%] includes zero, so a difference in either direction is consistent with these measurements
    - the program holds 250 MB of live data, more than the caches of many machines; for data that size, where it lies in memory can shift the result by several points in ways the interval does not cover, and differently in the next process; run the comparison in several processes with the multiproc package

build from empty to 226063 elements, per whole build (810341 operations):
  A: 3.196e+08 ns per operation (median)
  B: 3.062e+08 ns per operation (median)
  A needs 4.8% more time than B: B takes only 0.95 times as long as A.
  With 95% confidence the difference lies between 2.73% and 5.47% more time (B takes between 0.948 and 0.97 times as long as A).
  Noise floor: 0.523%. Identical code measured against itself on this setup can look that different, so smaller differences mean nothing.
  Neighbouring measurements are correlated (autocorrelation +0.44), so they were resampled in blocks of 3.
  
  Verdict: RESOLVED. A is slower than B: the difference is real, as its interval excludes zero and it exceeds the noise floor.
  
  Warnings:
    - the program holds 230 MB of live data, more than the caches of many machines; for data that size, where it lies in memory can shift the result by several points in ways the interval does not cover, and differently in the next process; run the comparison in several processes with the multiproc package

checksum 140475146421478
== dirs natural n=65536 valuesFor: ordered vs btree-sets
A: 252.5 ns per operation (median)
B: 511.8 ns per operation (median)
A needs 51% less time than B: B takes 2.04 times as long as A.
With 95% confidence the difference lies between 47.7% and 53.2% less time (B takes between 1.91 and 2.14 times as long as A).
Noise floor: 1.71%. Identical code measured against itself on this setup can look that different, so smaller differences mean nothing.
Neighbouring measurements are nearly independent (autocorrelation -0.63), so they were resampled one by one.

Verdict: RESOLVED. A is faster than B: the difference is real, as its interval excludes zero and it exceeds the noise floor.

Warnings:
  - the program holds 162 MB of live data, more than the caches of many machines; for data that size, where it lies in memory can shift the result by several points in ways the interval does not cover, and differently in the next process; run the comparison in several processes with the multiproc package

== dirs natural n=65536 valuesFor: ordered vs baseline
A: 227 ns per operation (median)
B: 258.3 ns per operation (median)
A needs 13.3% less time than B: B takes 1.15 times as long as A.
With 95% confidence the difference lies between 5.54% and 14.8% less time (B takes between 1.06 and 1.17 times as long as A).
Noise floor: 4.71%. Identical code measured against itself on this setup can look that different, so smaller differences mean nothing.
Neighbouring measurements are nearly independent (autocorrelation -0.00), so they were resampled one by one.

Verdict: RESOLVED. A is faster than B: the difference is real, as its interval excludes zero and it exceeds the noise floor.

Warnings:
  - the program holds 220 MB of live data, more than the caches of many machines; for data that size, where it lies in memory can shift the result by several points in ways the interval does not cover, and differently in the next process; run the comparison in several processes with the multiproc package

== dirs natural n=65536 valuesBetween: ordered vs btree-sets
A: 4305 ns per operation (median)
B: 1.114e+04 ns per operation (median)
A needs 61.6% less time than B: B takes 2.61 times as long as A.
With 95% confidence the difference lies between 60.2% and 62% less time (B takes between 2.51 and 2.63 times as long as A).
Noise floor: 2.92%. Identical code measured against itself on this setup can look that different, so smaller differences mean nothing.
Neighbouring measurements are correlated (autocorrelation +0.23), so they were resampled in blocks of 3.

Verdict: RESOLVED. A is faster than B: the difference is real, as its interval excludes zero and it exceeds the noise floor.

Warnings:
  - the program holds 220 MB of live data, more than the caches of many machines; for data that size, where it lies in memory can shift the result by several points in ways the interval does not cover, and differently in the next process; run the comparison in several processes with the multiproc package

== dirs natural n=65536 valuesBetween: ordered vs baseline
A: 4159 ns per operation (median)
B: 5756 ns per operation (median)
A needs 27.8% less time than B: B takes 1.39 times as long as A.
With 95% confidence the difference lies between 26.4% and 29.6% less time (B takes between 1.36 and 1.42 times as long as A).
Noise floor: 1.28%. Identical code measured against itself on this setup can look that different, so smaller differences mean nothing.
Neighbouring measurements are nearly independent (autocorrelation -0.18), so they were resampled one by one.

Verdict: RESOLVED. A is faster than B: the difference is real, as its interval excludes zero and it exceeds the noise floor.

Warnings:
  - the program holds 220 MB of live data, more than the caches of many machines; for data that size, where it lies in memory can shift the result by several points in ways the interval does not cover, and differently in the next process; run the comparison in several processes with the multiproc package
  - candidate A drifted during the run: its measurements were 3.5% higher in the second half than in the first, so the machine did not hold still

== dirs natural n=65536 prefix: ordered vs btree-sets
A: 6.609e+04 ns per operation (median)
B: 2.082e+05 ns per operation (median)
A needs 67.7% less time than B: B takes 3.09 times as long as A.
With 95% confidence the difference lies between 66.9% and 68.2% less time (B takes between 3.02 and 3.14 times as long as A).
Noise floor: 5.06%. Identical code measured against itself on this setup can look that different, so smaller differences mean nothing.
Neighbouring measurements are nearly independent (autocorrelation +0.12), so they were resampled one by one.

Verdict: RESOLVED. A is faster than B: the difference is real, as its interval excludes zero and it exceeds the noise floor.

Warnings:
  - the program holds 220 MB of live data, more than the caches of many machines; for data that size, where it lies in memory can shift the result by several points in ways the interval does not cover, and differently in the next process; run the comparison in several processes with the multiproc package

== dirs natural n=65536 prefix: ordered vs baseline
A: 6.343e+04 ns per operation (median)
B: 9.333e+04 ns per operation (median)
A needs 32.6% less time than B: B takes 1.48 times as long as A.
With 95% confidence the difference lies between 30.1% and 34% less time (B takes between 1.43 and 1.52 times as long as A).
Noise floor: 7.85%. Identical code measured against itself on this setup can look that different, so smaller differences mean nothing.
Neighbouring measurements are nearly independent (autocorrelation +0.05), so they were resampled one by one.

Verdict: RESOLVED. A is faster than B: the difference is real, as its interval excludes zero and it exceeds the noise floor.

Warnings:
  - the program holds 220 MB of live data, more than the caches of many machines; for data that size, where it lies in memory can shift the result by several points in ways the interval does not cover, and differently in the next process; run the comparison in several processes with the multiproc package

== dirs natural n=65536 churn and build: ordered vs btree-sets
steady state, per insertion or deletion in a structure of 226063 elements (cycle of 590682 operations, first pass untimed):
  A: 510.7 ns per operation (median)
  B: 709.7 ns per operation (median)
  A needs 27.7% less time than B: B takes 1.38 times as long as A.
  With 95% confidence the difference lies between 26.2% and 30.5% less time (B takes between 1.35 and 1.44 times as long as A).
  Noise floor: 3.83%. Identical code measured against itself on this setup can look that different, so smaller differences mean nothing.
  Neighbouring measurements are nearly independent (autocorrelation +0.12), so they were resampled one by one.
  
  Verdict: RESOLVED. A is faster than B: the difference is real, as its interval excludes zero and it exceeds the noise floor.
  
  Warnings:
    - the program holds 256 MB of live data, more than the caches of many machines; for data that size, where it lies in memory can shift the result by several points in ways the interval does not cover, and differently in the next process; run the comparison in several processes with the multiproc package

build from empty to 226063 elements, per whole build (810341 operations):
  A: 3.212e+08 ns per operation (median)
  B: 4.757e+08 ns per operation (median)
  A needs 32.6% less time than B: B takes 1.48 times as long as A.
  With 95% confidence the difference lies between 31.8% and 32.7% less time (B takes between 1.47 and 1.49 times as long as A).
  Noise floor: 0.247%. Identical code measured against itself on this setup can look that different, so smaller differences mean nothing.
  Neighbouring measurements are correlated (autocorrelation +0.33), so they were resampled in blocks of 3.
  
  Verdict: RESOLVED. A is faster than B: the difference is real, as its interval excludes zero and it exceeds the noise floor.
  
  Warnings:
    - the program holds 231 MB of live data, more than the caches of many machines; for data that size, where it lies in memory can shift the result by several points in ways the interval does not cover, and differently in the next process; run the comparison in several processes with the multiproc package

== dirs natural n=65536 churn and build: ordered vs baseline
steady state, per insertion or deletion in a structure of 226063 elements (cycle of 590682 operations, first pass untimed):
  A: 450.5 ns per operation (median)
  B: 423.8 ns per operation (median)
  A needs 7.85% more time than B: B takes only 0.93 times as long as A.
  With 95% confidence the difference lies between 10% more time and 14.8% less time (B takes between 0.909 and 1.17 times as long as A).
  Noise floor: 12.4%. Identical code measured against itself on this setup can look that different, so smaller differences mean nothing.
  Neighbouring measurements are correlated (autocorrelation +0.23), so they were resampled in blocks of 3.
  
  Verdict: NOT RESOLVED. This run did not establish which candidate is faster. That is not the same as "equally fast": the warnings below say what is missing.
  
  Warnings:
    - the difference of -7.85% does not clear the 12.44% noise floor, which is what this setup reports between two runs of identical code
    - the interval [-10.02%, 14.80%] includes zero, so a difference in either direction is consistent with these measurements
    - the program holds 251 MB of live data, more than the caches of many machines; for data that size, where it lies in memory can shift the result by several points in ways the interval does not cover, and differently in the next process; run the comparison in several processes with the multiproc package

build from empty to 226063 elements, per whole build (810341 operations):
  A: 3.208e+08 ns per operation (median)
  B: 3.051e+08 ns per operation (median)
  A needs 5.27% more time than B: B takes only 0.95 times as long as A.
  With 95% confidence the difference lies between 3.77% and 5.49% more time (B takes between 0.948 and 0.96 times as long as A).
  Noise floor: 1.11%. Identical code measured against itself on this setup can look that different, so smaller differences mean nothing.
  Neighbouring measurements are nearly independent (autocorrelation +0.03), so they were resampled one by one.
  
  Verdict: RESOLVED. A is slower than B: the difference is real, as its interval excludes zero and it exceeds the noise floor.
  
  Warnings:
    - the program holds 231 MB of live data, more than the caches of many machines; for data that size, where it lies in memory can shift the result by several points in ways the interval does not cover, and differently in the next process; run the comparison in several processes with the multiproc package
    - in 50% of A/A runs this setup reported a difference between identical code, well above the 10% expected; treat any confidence from it with suspicion

checksum 140736018535657
== dirs natural n=65536 valuesFor: ordered vs btree-sets
A: 259.4 ns per operation (median)
B: 512.3 ns per operation (median)
A needs 50.1% less time than B: B takes 2.00 times as long as A.
With 95% confidence the difference lies between 47% and 52.8% less time (B takes between 1.89 and 2.12 times as long as A).
Noise floor: 5.74%. Identical code measured against itself on this setup can look that different, so smaller differences mean nothing.
Neighbouring measurements are correlated (autocorrelation +0.54), so they were resampled in blocks of 3.

Verdict: RESOLVED. A is faster than B: the difference is real, as its interval excludes zero and it exceeds the noise floor.

Warnings:
  - the program holds 217 MB of live data, more than the caches of many machines; for data that size, where it lies in memory can shift the result by several points in ways the interval does not cover, and differently in the next process; run the comparison in several processes with the multiproc package

== dirs natural n=65536 valuesFor: ordered vs baseline
A: 226.9 ns per operation (median)
B: 254.1 ns per operation (median)
A needs 9.51% less time than B: B takes 1.11 times as long as A.
With 95% confidence the difference lies between 5.38% and 13% less time (B takes between 1.06 and 1.15 times as long as A).
Noise floor: 3.72%. Identical code measured against itself on this setup can look that different, so smaller differences mean nothing.
Neighbouring measurements are nearly independent (autocorrelation -0.07), so they were resampled one by one.

Verdict: RESOLVED. A is faster than B: the difference is real, as its interval excludes zero and it exceeds the noise floor.

Warnings:
  - the program holds 217 MB of live data, more than the caches of many machines; for data that size, where it lies in memory can shift the result by several points in ways the interval does not cover, and differently in the next process; run the comparison in several processes with the multiproc package
  - in 50% of A/A runs this setup reported a difference between identical code, well above the 10% expected; treat any confidence from it with suspicion

== dirs natural n=65536 valuesBetween: ordered vs btree-sets
A: 4323 ns per operation (median)
B: 1.127e+04 ns per operation (median)
A needs 61.4% less time than B: B takes 2.59 times as long as A.
With 95% confidence the difference lies between 61.2% and 62.2% less time (B takes between 2.58 and 2.64 times as long as A).
Noise floor: 1.73%. Identical code measured against itself on this setup can look that different, so smaller differences mean nothing.
Neighbouring measurements are nearly independent (autocorrelation -0.16), so they were resampled one by one.

Verdict: RESOLVED. A is faster than B: the difference is real, as its interval excludes zero and it exceeds the noise floor.

Warnings:
  - the program holds 217 MB of live data, more than the caches of many machines; for data that size, where it lies in memory can shift the result by several points in ways the interval does not cover, and differently in the next process; run the comparison in several processes with the multiproc package

== dirs natural n=65536 valuesBetween: ordered vs baseline
A: 4170 ns per operation (median)
B: 5644 ns per operation (median)
A needs 25.7% less time than B: B takes 1.35 times as long as A.
With 95% confidence the difference lies between 24.8% and 27.6% less time (B takes between 1.33 and 1.38 times as long as A).
Noise floor: 2.25%. Identical code measured against itself on this setup can look that different, so smaller differences mean nothing.
Neighbouring measurements are nearly independent (autocorrelation -0.17), so they were resampled one by one.

Verdict: RESOLVED. A is faster than B: the difference is real, as its interval excludes zero and it exceeds the noise floor.

Warnings:
  - the program holds 217 MB of live data, more than the caches of many machines; for data that size, where it lies in memory can shift the result by several points in ways the interval does not cover, and differently in the next process; run the comparison in several processes with the multiproc package
  - candidate A drifted during the run: its measurements were 2.68% higher in the second half than in the first, so the machine did not hold still

== dirs natural n=65536 prefix: ordered vs btree-sets
A: 6.658e+04 ns per operation (median)
B: 2.037e+05 ns per operation (median)
A needs 67.6% less time than B: B takes 3.09 times as long as A.
With 95% confidence the difference lies between 67.3% and 68.2% less time (B takes between 3.06 and 3.14 times as long as A).
Noise floor: 4.69%. Identical code measured against itself on this setup can look that different, so smaller differences mean nothing.
Neighbouring measurements are nearly independent (autocorrelation +0.11), so they were resampled one by one.

Verdict: RESOLVED. A is faster than B: the difference is real, as its interval excludes zero and it exceeds the noise floor.

Warnings:
  - the program holds 217 MB of live data, more than the caches of many machines; for data that size, where it lies in memory can shift the result by several points in ways the interval does not cover, and differently in the next process; run the comparison in several processes with the multiproc package

== dirs natural n=65536 prefix: ordered vs baseline
A: 6.238e+04 ns per operation (median)
B: 9.066e+04 ns per operation (median)
A needs 30.1% less time than B: B takes 1.43 times as long as A.
With 95% confidence the difference lies between 28.7% and 31.8% less time (B takes between 1.4 and 1.47 times as long as A).
Noise floor: 7.89%. Identical code measured against itself on this setup can look that different, so smaller differences mean nothing.
Neighbouring measurements are nearly independent (autocorrelation +0.05), so they were resampled one by one.

Verdict: RESOLVED. A is faster than B: the difference is real, as its interval excludes zero and it exceeds the noise floor.

Warnings:
  - the program holds 217 MB of live data, more than the caches of many machines; for data that size, where it lies in memory can shift the result by several points in ways the interval does not cover, and differently in the next process; run the comparison in several processes with the multiproc package

== dirs natural n=65536 churn and build: ordered vs btree-sets
steady state, per insertion or deletion in a structure of 226063 elements (cycle of 590682 operations, first pass untimed):
  A: 516.2 ns per operation (median)
  B: 708.1 ns per operation (median)
  A needs 27.7% less time than B: B takes 1.38 times as long as A.
  With 95% confidence the difference lies between 25.4% and 30.5% less time (B takes between 1.34 and 1.44 times as long as A).
  Noise floor: 4.24%. Identical code measured against itself on this setup can look that different, so smaller differences mean nothing.
  Neighbouring measurements are nearly independent (autocorrelation -0.32), so they were resampled one by one.
  
  Verdict: RESOLVED. A is faster than B: the difference is real, as its interval excludes zero and it exceeds the noise floor.
  
  Warnings:
    - the program holds 243 MB of live data, more than the caches of many machines; for data that size, where it lies in memory can shift the result by several points in ways the interval does not cover, and differently in the next process; run the comparison in several processes with the multiproc package

build from empty to 226063 elements, per whole build (810341 operations):
  A: 3.226e+08 ns per operation (median)
  B: 4.738e+08 ns per operation (median)
  A needs 32% less time than B: B takes 1.47 times as long as A.
  With 95% confidence the difference lies between 31.8% and 32.1% less time (B takes between 1.47 and 1.47 times as long as A).
  Noise floor: 0.448%. Identical code measured against itself on this setup can look that different, so smaller differences mean nothing.
  Neighbouring measurements are nearly independent (autocorrelation -0.06), so they were resampled one by one.
  
  Verdict: RESOLVED. A is faster than B: the difference is real, as its interval excludes zero and it exceeds the noise floor.
  
  Warnings:
    - the program holds 230 MB of live data, more than the caches of many machines; for data that size, where it lies in memory can shift the result by several points in ways the interval does not cover, and differently in the next process; run the comparison in several processes with the multiproc package
    - in 50% of A/A runs this setup reported a difference between identical code, well above the 10% expected; treat any confidence from it with suspicion

== dirs natural n=65536 churn and build: ordered vs baseline
steady state, per insertion or deletion in a structure of 226063 elements (cycle of 590682 operations, first pass untimed):
  A: 452.3 ns per operation (median)
  B: 446 ns per operation (median)
  A needs 6.34% more time than B: B takes only 0.94 times as long as A.
  With 95% confidence the difference lies between 9.01% more time and 18.4% less time (B takes between 0.917 and 1.23 times as long as A).
  Noise floor: 14.7%. Identical code measured against itself on this setup can look that different, so smaller differences mean nothing.
  Neighbouring measurements are nearly independent (autocorrelation -0.85), so they were resampled one by one.
  
  Verdict: NOT RESOLVED. This run did not establish which candidate is faster. That is not the same as "equally fast": the warnings below say what is missing.
  
  Warnings:
    - the difference of -6.34% does not clear the 14.66% noise floor, which is what this setup reports between two runs of identical code
    - the interval [-9.01%, 18.40%] includes zero, so a difference in either direction is consistent with these measurements
    - the program holds 250 MB of live data, more than the caches of many machines; for data that size, where it lies in memory can shift the result by several points in ways the interval does not cover, and differently in the next process; run the comparison in several processes with the multiproc package

build from empty to 226063 elements, per whole build (810341 operations):
  A: 3.236e+08 ns per operation (median)
  B: 3.068e+08 ns per operation (median)
  A needs 5.68% more time than B: B takes only 0.95 times as long as A.
  With 95% confidence the difference lies between 5.25% and 5.97% more time (B takes between 0.944 and 0.95 times as long as A).
  Noise floor: 0.796%. Identical code measured against itself on this setup can look that different, so smaller differences mean nothing.
  Neighbouring measurements are nearly independent (autocorrelation +0.18), so they were resampled one by one.
  
  Verdict: RESOLVED. A is slower than B: the difference is real, as its interval excludes zero and it exceeds the noise floor.
  
  Warnings:
    - the program holds 230 MB of live data, more than the caches of many machines; for data that size, where it lies in memory can shift the result by several points in ways the interval does not cover, and differently in the next process; run the comparison in several processes with the multiproc package
    - in 50% of A/A runs this setup reported a difference between identical code, well above the 10% expected; treat any confidence from it with suspicion

checksum 140938970053830
== dirs natural n=65536 valuesFor: ordered vs btree-sets
A: 256.2 ns per operation (median)
B: 501.8 ns per operation (median)
A needs 50.6% less time than B: B takes 2.02 times as long as A.
With 95% confidence the difference lies between 46.8% and 52.5% less time (B takes between 1.88 and 2.10 times as long as A).
Noise floor: 5.78%. Identical code measured against itself on this setup can look that different, so smaller differences mean nothing.
Neighbouring measurements are nearly independent (autocorrelation -0.57), so they were resampled one by one.

Verdict: RESOLVED. A is faster than B: the difference is real, as its interval excludes zero and it exceeds the noise floor.

Warnings:
  - the program holds 208 MB of live data, more than the caches of many machines; for data that size, where it lies in memory can shift the result by several points in ways the interval does not cover, and differently in the next process; run the comparison in several processes with the multiproc package

== dirs natural n=65536 valuesFor: ordered vs baseline
A: 224.9 ns per operation (median)
B: 253.3 ns per operation (median)
A needs 12.3% less time than B: B takes 1.14 times as long as A.
With 95% confidence the difference lies between 6.13% and 14% less time (B takes between 1.07 and 1.16 times as long as A).
Noise floor: 4.72%. Identical code measured against itself on this setup can look that different, so smaller differences mean nothing.
Neighbouring measurements are nearly independent (autocorrelation -0.56), so they were resampled one by one.

Verdict: RESOLVED. A is faster than B: the difference is real, as its interval excludes zero and it exceeds the noise floor.

Warnings:
  - the program holds 208 MB of live data, more than the caches of many machines; for data that size, where it lies in memory can shift the result by several points in ways the interval does not cover, and differently in the next process; run the comparison in several processes with the multiproc package

== dirs natural n=65536 valuesBetween: ordered vs btree-sets
A: 4265 ns per operation (median)
B: 1.103e+04 ns per operation (median)
A needs 61.4% less time than B: B takes 2.59 times as long as A.
With 95% confidence the difference lies between 60.9% and 62.2% less time (B takes between 2.56 and 2.64 times as long as A).
Noise floor: 2.57%. Identical code measured against itself on this setup can look that different, so smaller differences mean nothing.
Neighbouring measurements are nearly independent (autocorrelation +0.05), so they were resampled one by one.

Verdict: RESOLVED. A is faster than B: the difference is real, as its interval excludes zero and it exceeds the noise floor.

Warnings:
  - the program holds 208 MB of live data, more than the caches of many machines; for data that size, where it lies in memory can shift the result by several points in ways the interval does not cover, and differently in the next process; run the comparison in several processes with the multiproc package
  - in 50% of A/A runs this setup reported a difference between identical code, well above the 10% expected; treat any confidence from it with suspicion

== dirs natural n=65536 valuesBetween: ordered vs baseline
A: 4068 ns per operation (median)
B: 5681 ns per operation (median)
A needs 29.2% less time than B: B takes 1.41 times as long as A.
With 95% confidence the difference lies between 27.5% and 30.3% less time (B takes between 1.38 and 1.44 times as long as A).
Noise floor: 1.91%. Identical code measured against itself on this setup can look that different, so smaller differences mean nothing.
Neighbouring measurements are nearly independent (autocorrelation +0.10), so they were resampled one by one.

Verdict: RESOLVED. A is faster than B: the difference is real, as its interval excludes zero and it exceeds the noise floor.

Warnings:
  - the program holds 208 MB of live data, more than the caches of many machines; for data that size, where it lies in memory can shift the result by several points in ways the interval does not cover, and differently in the next process; run the comparison in several processes with the multiproc package

== dirs natural n=65536 prefix: ordered vs btree-sets
A: 6.592e+04 ns per operation (median)
B: 2.012e+05 ns per operation (median)
A needs 67.2% less time than B: B takes 3.05 times as long as A.
With 95% confidence the difference lies between 66.5% and 67.5% less time (B takes between 2.99 and 3.08 times as long as A).
Noise floor: 5.69%. Identical code measured against itself on this setup can look that different, so smaller differences mean nothing.
Neighbouring measurements are nearly independent (autocorrelation +0.11), so they were resampled one by one.

Verdict: RESOLVED. A is faster than B: the difference is real, as its interval excludes zero and it exceeds the noise floor.

Warnings:
  - the program holds 208 MB of live data, more than the caches of many machines; for data that size, where it lies in memory can shift the result by several points in ways the interval does not cover, and differently in the next process; run the comparison in several processes with the multiproc package

== dirs natural n=65536 prefix: ordered vs baseline
A: 6.177e+04 ns per operation (median)
B: 9.243e+04 ns per operation (median)
A needs 31.8% less time than B: B takes 1.47 times as long as A.
With 95% confidence the difference lies between 29.6% and 33.2% less time (B takes between 1.42 and 1.50 times as long as A).
Noise floor: 8.37%. Identical code measured against itself on this setup can look that different, so smaller differences mean nothing.
Neighbouring measurements are nearly independent (autocorrelation +0.04), so they were resampled one by one.

Verdict: RESOLVED. A is faster than B: the difference is real, as its interval excludes zero and it exceeds the noise floor.

Warnings:
  - the program holds 208 MB of live data, more than the caches of many machines; for data that size, where it lies in memory can shift the result by several points in ways the interval does not cover, and differently in the next process; run the comparison in several processes with the multiproc package

== dirs natural n=65536 churn and build: ordered vs btree-sets
steady state, per insertion or deletion in a structure of 226063 elements (cycle of 590682 operations, first pass untimed):
  A: 503.9 ns per operation (median)
  B: 692.9 ns per operation (median)
  A needs 26.2% less time than B: B takes 1.35 times as long as A.
  With 95% confidence the difference lies between 25.4% and 30.3% less time (B takes between 1.34 and 1.43 times as long as A).
  Noise floor: 1.26%. Identical code measured against itself on this setup can look that different, so smaller differences mean nothing.
  Neighbouring measurements are nearly independent (autocorrelation +0.04), so they were resampled one by one.
  
  Verdict: RESOLVED. A is faster than B: the difference is real, as its interval excludes zero and it exceeds the noise floor.
  
  Warnings:
    - the program holds 262 MB of live data, more than the caches of many machines; for data that size, where it lies in memory can shift the result by several points in ways the interval does not cover, and differently in the next process; run the comparison in several processes with the multiproc package

build from empty to 226063 elements, per whole build (810341 operations):
  A: 3.199e+08 ns per operation (median)
  B: 4.667e+08 ns per operation (median)
  A needs 31.3% less time than B: B takes 1.46 times as long as A.
  With 95% confidence the difference lies between 30.6% and 31.6% less time (B takes between 1.44 and 1.46 times as long as A).
  Noise floor: 0.817%. Identical code measured against itself on this setup can look that different, so smaller differences mean nothing.
  Neighbouring measurements are nearly independent (autocorrelation +0.16), so they were resampled one by one.
  
  Verdict: RESOLVED. A is faster than B: the difference is real, as its interval excludes zero and it exceeds the noise floor.
  
  Warnings:
    - the program holds 230 MB of live data, more than the caches of many machines; for data that size, where it lies in memory can shift the result by several points in ways the interval does not cover, and differently in the next process; run the comparison in several processes with the multiproc package

== dirs natural n=65536 churn and build: ordered vs baseline
steady state, per insertion or deletion in a structure of 226063 elements (cycle of 590682 operations, first pass untimed):
  A: 469.4 ns per operation (median)
  B: 493.6 ns per operation (median)
  A needs 0.0407% less time than B: B takes 1.00 times as long as A.
  With 95% confidence the difference lies between 11.8% more time and 20.1% less time (B takes between 0.895 and 1.25 times as long as A).
  Noise floor: 13%. Identical code measured against itself on this setup can look that different, so smaller differences mean nothing.
  Neighbouring measurements are nearly independent (autocorrelation -0.86), so they were resampled one by one.
  
  Verdict: NOT RESOLVED. This run did not establish which candidate is faster. That is not the same as "equally fast": the warnings below say what is missing.
  
  Warnings:
    - the difference of 0.04% does not clear the 13.01% noise floor, which is what this setup reports between two runs of identical code
    - the interval [-11.79%, 20.09%] includes zero, so a difference in either direction is consistent with these measurements
    - the program holds 248 MB of live data, more than the caches of many machines; for data that size, where it lies in memory can shift the result by several points in ways the interval does not cover, and differently in the next process; run the comparison in several processes with the multiproc package

build from empty to 226063 elements, per whole build (810341 operations):
  A: 3.204e+08 ns per operation (median)
  B: 3.042e+08 ns per operation (median)
  A needs 4.93% more time than B: B takes only 0.95 times as long as A.
  With 95% confidence the difference lies between 4.81% and 5.97% more time (B takes between 0.944 and 0.95 times as long as A).
  Noise floor: 1.93%. Identical code measured against itself on this setup can look that different, so smaller differences mean nothing.
  Neighbouring measurements are nearly independent (autocorrelation +0.13), so they were resampled one by one.
  
  Verdict: RESOLVED. A is slower than B: the difference is real, as its interval excludes zero and it exceeds the noise floor.
  
  Warnings:
    - the program holds 230 MB of live data, more than the caches of many machines; for data that size, where it lies in memory can shift the result by several points in ways the interval does not cover, and differently in the next process; run the comparison in several processes with the multiproc package
    - in 50% of A/A runs this setup reported a difference between identical code, well above the 10% expected; treat any confidence from it with suspicion

checksum 141214445299602
== dirs natural n=65536 valuesFor: ordered vs btree-sets
A: 255.5 ns per operation (median)
B: 502.9 ns per operation (median)
A needs 50.2% less time than B: B takes 2.01 times as long as A.
With 95% confidence the difference lies between 47.1% and 53% less time (B takes between 1.89 and 2.13 times as long as A).
Noise floor: 5.37%. Identical code measured against itself on this setup can look that different, so smaller differences mean nothing.
Neighbouring measurements are nearly independent (autocorrelation -0.70), so they were resampled one by one.

Verdict: RESOLVED. A is faster than B: the difference is real, as its interval excludes zero and it exceeds the noise floor.

Warnings:
  - the program holds 218 MB of live data, more than the caches of many machines; for data that size, where it lies in memory can shift the result by several points in ways the interval does not cover, and differently in the next process; run the comparison in several processes with the multiproc package

== dirs natural n=65536 valuesFor: ordered vs baseline
A: 239.5 ns per operation (median)
B: 279 ns per operation (median)
A needs 15% less time than B: B takes 1.18 times as long as A.
With 95% confidence the difference lies between 8.43% and 18.4% less time (B takes between 1.09 and 1.23 times as long as A).
Noise floor: 4.26%. Identical code measured against itself on this setup can look that different, so smaller differences mean nothing.
Neighbouring measurements are nearly independent (autocorrelation -0.37), so they were resampled one by one.

Verdict: RESOLVED. A is faster than B: the difference is real, as its interval excludes zero and it exceeds the noise floor.

Warnings:
  - the program holds 218 MB of live data, more than the caches of many machines; for data that size, where it lies in memory can shift the result by several points in ways the interval does not cover, and differently in the next process; run the comparison in several processes with the multiproc package
  - candidate B drifted during the run: its measurements were 8.87% lower in the second half than in the first, so the machine did not hold still

== dirs natural n=65536 valuesBetween: ordered vs btree-sets
A: 4232 ns per operation (median)
B: 1.106e+04 ns per operation (median)
A needs 61.3% less time than B: B takes 2.58 times as long as A.
With 95% confidence the difference lies between 60.8% and 62.3% less time (B takes between 2.55 and 2.65 times as long as A).
Noise floor: 1.74%. Identical code measured against itself on this setup can look that different, so smaller differences mean nothing.
Neighbouring measurements are correlated (autocorrelation +0.34), so they were resampled in blocks of 3.

Verdict: RESOLVED. A is faster than B: the difference is real, as its interval excludes zero and it exceeds the noise floor.

Warnings:
  - the program holds 218 MB of live data, more than the caches of many machines; for data that size, where it lies in memory can shift the result by several points in ways the interval does not cover, and differently in the next process; run the comparison in several processes with the multiproc package

== dirs natural n=65536 valuesBetween: ordered vs baseline
A: 4108 ns per operation (median)
B: 5668 ns per operation (median)
A needs 27.3% less time than B: B takes 1.38 times as long as A.
With 95% confidence the difference lies between 26.3% and 28% less time (B takes between 1.36 and 1.39 times as long as A).
Noise floor: 1.28%. Identical code measured against itself on this setup can look that different, so smaller differences mean nothing.
Neighbouring measurements are nearly independent (autocorrelation -0.08), so they were resampled one by one.

Verdict: RESOLVED. A is faster than B: the difference is real, as its interval excludes zero and it exceeds the noise floor.

Warnings:
  - the program holds 218 MB of live data, more than the caches of many machines; for data that size, where it lies in memory can shift the result by several points in ways the interval does not cover, and differently in the next process; run the comparison in several processes with the multiproc package
  - candidate A drifted during the run: its measurements were 3.16% higher in the second half than in the first, so the machine did not hold still
  - candidate B drifted during the run: its measurements were 2.4% higher in the second half than in the first, so the machine did not hold still

== dirs natural n=65536 prefix: ordered vs btree-sets
A: 6.653e+04 ns per operation (median)
B: 1.995e+05 ns per operation (median)
A needs 67.2% less time than B: B takes 3.05 times as long as A.
With 95% confidence the difference lies between 66.8% and 67.8% less time (B takes between 3.01 and 3.10 times as long as A).
Noise floor: 4.9%. Identical code measured against itself on this setup can look that different, so smaller differences mean nothing.
Neighbouring measurements are nearly independent (autocorrelation +0.11), so they were resampled one by one.

Verdict: RESOLVED. A is faster than B: the difference is real, as its interval excludes zero and it exceeds the noise floor.

Warnings:
  - the program holds 218 MB of live data, more than the caches of many machines; for data that size, where it lies in memory can shift the result by several points in ways the interval does not cover, and differently in the next process; run the comparison in several processes with the multiproc package

== dirs natural n=65536 prefix: ordered vs baseline
A: 6.182e+04 ns per operation (median)
B: 9.102e+04 ns per operation (median)
A needs 30.5% less time than B: B takes 1.44 times as long as A.
With 95% confidence the difference lies between 29.2% and 32.2% less time (B takes between 1.41 and 1.47 times as long as A).
Noise floor: 7.49%. Identical code measured against itself on this setup can look that different, so smaller differences mean nothing.
Neighbouring measurements are nearly independent (autocorrelation +0.05), so they were resampled one by one.

Verdict: RESOLVED. A is faster than B: the difference is real, as its interval excludes zero and it exceeds the noise floor.

Warnings:
  - the program holds 218 MB of live data, more than the caches of many machines; for data that size, where it lies in memory can shift the result by several points in ways the interval does not cover, and differently in the next process; run the comparison in several processes with the multiproc package

== dirs natural n=65536 churn and build: ordered vs btree-sets
steady state, per insertion or deletion in a structure of 226063 elements (cycle of 590682 operations, first pass untimed):
  A: 512.7 ns per operation (median)
  B: 714.2 ns per operation (median)
  A needs 26.8% less time than B: B takes 1.37 times as long as A.
  With 95% confidence the difference lies between 26.2% and 30.6% less time (B takes between 1.35 and 1.44 times as long as A).
  Noise floor: 2.34%. Identical code measured against itself on this setup can look that different, so smaller differences mean nothing.
  Neighbouring measurements are correlated (autocorrelation +0.39), so they were resampled in blocks of 3.
  
  Verdict: RESOLVED. A is faster than B: the difference is real, as its interval excludes zero and it exceeds the noise floor.
  
  Warnings:
    - the program holds 253 MB of live data, more than the caches of many machines; for data that size, where it lies in memory can shift the result by several points in ways the interval does not cover, and differently in the next process; run the comparison in several processes with the multiproc package

build from empty to 226063 elements, per whole build (810341 operations):
  A: 3.266e+08 ns per operation (median)
  B: 4.737e+08 ns per operation (median)
  A needs 31.8% less time than B: B takes 1.47 times as long as A.
  With 95% confidence the difference lies between 31.1% and 32.3% less time (B takes between 1.45 and 1.48 times as long as A).
  Noise floor: 0.188%. Identical code measured against itself on this setup can look that different, so smaller differences mean nothing.
  Neighbouring measurements are correlated (autocorrelation +0.46), so they were resampled in blocks of 3.
  
  Verdict: RESOLVED. A is faster than B: the difference is real, as its interval excludes zero and it exceeds the noise floor.
  
  Warnings:
    - the program holds 230 MB of live data, more than the caches of many machines; for data that size, where it lies in memory can shift the result by several points in ways the interval does not cover, and differently in the next process; run the comparison in several processes with the multiproc package
    - candidate A drifted during the run: its measurements were 5.84% higher in the second half than in the first, so the machine did not hold still
    - candidate B drifted during the run: its measurements were 4.58% higher in the second half than in the first, so the machine did not hold still

== dirs natural n=65536 churn and build: ordered vs baseline
steady state, per insertion or deletion in a structure of 226063 elements (cycle of 590682 operations, first pass untimed):
  A: 480.2 ns per operation (median)
  B: 529.4 ns per operation (median)
  A needs 5.03% more time than B: B takes only 0.95 times as long as A.
  With 95% confidence the difference lies between 10.4% more time and 21.9% less time (B takes between 0.905 and 1.28 times as long as A).
  Noise floor: 17.5%. Identical code measured against itself on this setup can look that different, so smaller differences mean nothing.
  Neighbouring measurements are nearly independent (autocorrelation +0.04), so they were resampled one by one.
  
  Verdict: NOT RESOLVED. This run did not establish which candidate is faster. That is not the same as "equally fast": the warnings below say what is missing.
  
  Warnings:
    - the difference of -5.03% does not clear the 17.50% noise floor, which is what this setup reports between two runs of identical code
    - the interval [-10.44%, 21.91%] includes zero, so a difference in either direction is consistent with these measurements
    - the program holds 256 MB of live data, more than the caches of many machines; for data that size, where it lies in memory can shift the result by several points in ways the interval does not cover, and differently in the next process; run the comparison in several processes with the multiproc package

build from empty to 226063 elements, per whole build (810341 operations):
  A: 3.207e+08 ns per operation (median)
  B: 3.05e+08 ns per operation (median)
  A needs 5.07% more time than B: B takes only 0.95 times as long as A.
  With 95% confidence the difference lies between 3.96% and 5.33% more time (B takes between 0.949 and 0.96 times as long as A).
  Noise floor: 0.225%. Identical code measured against itself on this setup can look that different, so smaller differences mean nothing.
  Neighbouring measurements are nearly independent (autocorrelation +0.14), so they were resampled one by one.
  
  Verdict: RESOLVED. A is slower than B: the difference is real, as its interval excludes zero and it exceeds the noise floor.
  
  Warnings:
    - the program holds 230 MB of live data, more than the caches of many machines; for data that size, where it lies in memory can shift the result by several points in ways the interval does not cover, and differently in the next process; run the comparison in several processes with the multiproc package

checksum 139902030562960
