== dirs single-value n=16384 valuesFor: ordered vs btree-map
A: 152.4 ns per operation (median)
B: 199.7 ns per operation (median)
A needs 23.5% less time than B: B takes 1.31 times as long as A.
With 95% confidence the difference lies between 21.6% and 25.1% less time (B takes between 1.28 and 1.33 times as long as A).
Noise floor: 2.09%. Identical code measured against itself on this setup can look that different, so smaller differences mean nothing.
Neighbouring measurements are nearly independent (autocorrelation -0.41), so they were resampled one by one.

Verdict: RESOLVED. A is faster than B: the difference is real, as its interval excludes zero and it exceeds the noise floor.

Warnings:
  - the program holds 122 MB of live data, more than the caches of many machines; for data that size, where it lies in memory can shift the result by several points in ways the interval does not cover, and differently in the next process; run the comparison in several processes with the multiproc package

== dirs single-value n=16384 valuesFor: ordered vs baseline
A: 151 ns per operation (median)
B: 149.1 ns per operation (median)
A needs 1.3% more time than B: B takes only 0.99 times as long as A.
With 95% confidence the difference lies between 0.289% and 2.23% more time (B takes between 0.978 and 1.00 times as long as A).
Noise floor: 0.634%. Identical code measured against itself on this setup can look that different, so smaller differences mean nothing.
Neighbouring measurements are nearly independent (autocorrelation -0.30), so they were resampled one by one.

Verdict: RESOLVED. A is slower than B: the difference is real, as its interval excludes zero and it exceeds the noise floor.

Warnings:
  - the program holds 122 MB of live data, more than the caches of many machines; for data that size, where it lies in memory can shift the result by several points in ways the interval does not cover, and differently in the next process; run the comparison in several processes with the multiproc package

== dirs single-value n=16384 valuesBetween: ordered vs btree-map
A: 1863 ns per operation (median)
B: 743.3 ns per operation (median)
A needs 148% more time than B: B takes only 0.40 times as long as A.
With 95% confidence the difference lies between 145% and 156% more time (B takes between 0.391 and 0.41 times as long as A).
Noise floor: 1.11%. Identical code measured against itself on this setup can look that different, so smaller differences mean nothing.
Neighbouring measurements are nearly independent (autocorrelation -0.19), so they were resampled one by one.

Verdict: RESOLVED. A is slower than B: the difference is real, as its interval excludes zero and it exceeds the noise floor.

Warnings:
  - the program holds 122 MB of live data, more than the caches of many machines; for data that size, where it lies in memory can shift the result by several points in ways the interval does not cover, and differently in the next process; run the comparison in several processes with the multiproc package

== dirs single-value n=16384 valuesBetween: ordered vs baseline
A: 1878 ns per operation (median)
B: 3352 ns per operation (median)
A needs 44% less time than B: B takes 1.79 times as long as A.
With 95% confidence the difference lies between 43% and 44.9% less time (B takes between 1.75 and 1.81 times as long as A).
Noise floor: 0.697%. Identical code measured against itself on this setup can look that different, so smaller differences mean nothing.
Neighbouring measurements are nearly independent (autocorrelation -0.40), so they were resampled one by one.

Verdict: RESOLVED. A is faster than B: the difference is real, as its interval excludes zero and it exceeds the noise floor.

Warnings:
  - the program holds 122 MB of live data, more than the caches of many machines; for data that size, where it lies in memory can shift the result by several points in ways the interval does not cover, and differently in the next process; run the comparison in several processes with the multiproc package

== dirs single-value n=16384 prefix: ordered vs btree-map
A: 7896 ns per operation (median)
B: 2306 ns per operation (median)
A needs 232% more time than B: B takes only 0.30 times as long as A.
With 95% confidence the difference lies between 208% and 272% more time (B takes between 0.269 and 0.32 times as long as A).
Noise floor: 8.72%. Identical code measured against itself on this setup can look that different, so smaller differences mean nothing.
Neighbouring measurements are nearly independent (autocorrelation +0.01), so they were resampled one by one.

Verdict: RESOLVED. A is slower than B: the difference is real, as its interval excludes zero and it exceeds the noise floor.

Warnings:
  - the program holds 122 MB of live data, more than the caches of many machines; for data that size, where it lies in memory can shift the result by several points in ways the interval does not cover, and differently in the next process; run the comparison in several processes with the multiproc package
  - in 50% of A/A runs this setup reported a difference between identical code, well above the 10% expected; treat any confidence from it with suspicion

== dirs single-value n=16384 prefix: ordered vs baseline
A: 7882 ns per operation (median)
B: 1.626e+04 ns per operation (median)
A needs 51.8% less time than B: B takes 2.08 times as long as A.
With 95% confidence the difference lies between 51.3% and 52.2% less time (B takes between 2.05 and 2.09 times as long as A).
Noise floor: 19.2%. Identical code measured against itself on this setup can look that different, so smaller differences mean nothing.
Neighbouring measurements are nearly independent (autocorrelation -0.01), so they were resampled one by one.

Verdict: RESOLVED. A is faster than B: the difference is real, as its interval excludes zero and it exceeds the noise floor.

Warnings:
  - the program holds 122 MB of live data, more than the caches of many machines; for data that size, where it lies in memory can shift the result by several points in ways the interval does not cover, and differently in the next process; run the comparison in several processes with the multiproc package
  - in 50% of A/A runs this setup reported a difference between identical code, well above the 10% expected; treat any confidence from it with suspicion

== dirs single-value n=16384 churn and build: ordered vs btree-map
steady state, per insertion or deletion in a structure of 16384 elements (cycle of 42814 operations, first pass untimed):
  A: 289.4 ns per operation (median)
  B: 277.2 ns per operation (median)
  A needs 4.75% more time than B: B takes only 0.95 times as long as A.
  With 95% confidence the difference lies between 3.95% and 5.58% more time (B takes between 0.947 and 0.96 times as long as A).
  Noise floor: 0.526%. Identical code measured against itself on this setup can look that different, so smaller differences mean nothing.
  Neighbouring measurements are correlated (autocorrelation +0.31), so they were resampled in blocks of 3.
  
  Verdict: RESOLVED. A is slower than B: the difference is real, as its interval excludes zero and it exceeds the noise floor.
  
  Warnings:
    - the program holds 125 MB of live data, more than the caches of many machines; for data that size, where it lies in memory can shift the result by several points in ways the interval does not cover, and differently in the next process; run the comparison in several processes with the multiproc package

build from empty to 16384 elements, per whole build (58716 operations):
  A: 1.756e+07 ns per operation (median)
  B: 1.555e+07 ns per operation (median)
  A needs 12.8% more time than B: B takes only 0.89 times as long as A.
  With 95% confidence the difference lies between 11.7% and 13.4% more time (B takes between 0.882 and 0.90 times as long as A).
  Noise floor: 0.542%. Identical code measured against itself on this setup can look that different, so smaller differences mean nothing.
  Neighbouring measurements are nearly independent (autocorrelation +0.10), so they were resampled one by one.
  
  Verdict: RESOLVED. A is slower than B: the difference is real, as its interval excludes zero and it exceeds the noise floor.
  
  Warnings:
    - the program holds 122 MB of live data, more than the caches of many machines; for data that size, where it lies in memory can shift the result by several points in ways the interval does not cover, and differently in the next process; run the comparison in several processes with the multiproc package
    - in 50% of A/A runs this setup reported a difference between identical code, well above the 10% expected; treat any confidence from it with suspicion

== dirs single-value n=16384 churn and build: ordered vs baseline
steady state, per insertion or deletion in a structure of 16384 elements (cycle of 42814 operations, first pass untimed):
  A: 292 ns per operation (median)
  B: 322.9 ns per operation (median)
  A needs 9.09% less time than B: B takes 1.10 times as long as A.
  With 95% confidence the difference lies between 8.78% and 9.88% less time (B takes between 1.1 and 1.11 times as long as A).
  Noise floor: 0.982%. Identical code measured against itself on this setup can look that different, so smaller differences mean nothing.
  Neighbouring measurements are correlated (autocorrelation +0.44), so they were resampled in blocks of 3.
  
  Verdict: RESOLVED. A is faster than B: the difference is real, as its interval excludes zero and it exceeds the noise floor.
  
  Warnings:
    - the program holds 122 MB of live data, more than the caches of many machines; for data that size, where it lies in memory can shift the result by several points in ways the interval does not cover, and differently in the next process; run the comparison in several processes with the multiproc package
    - in 50% of A/A runs this setup reported a difference between identical code, well above the 10% expected; treat any confidence from it with suspicion

build from empty to 16384 elements, per whole build (58716 operations):
  A: 1.76e+07 ns per operation (median)
  B: 1.707e+07 ns per operation (median)
  A needs 2.94% more time than B: B takes only 0.97 times as long as A.
  With 95% confidence the difference lies between 2.17% and 3.47% more time (B takes between 0.966 and 0.98 times as long as A).
  Noise floor: 0.177%. Identical code measured against itself on this setup can look that different, so smaller differences mean nothing.
  Neighbouring measurements are nearly independent (autocorrelation +0.06), so they were resampled one by one.
  
  Verdict: RESOLVED. A is slower than B: the difference is real, as its interval excludes zero and it exceeds the noise floor.
  
  Warnings:
    - the program holds 122 MB of live data, more than the caches of many machines; for data that size, where it lies in memory can shift the result by several points in ways the interval does not cover, and differently in the next process; run the comparison in several processes with the multiproc package

checksum 47141233979753
== dirs single-value n=16384 valuesFor: ordered vs btree-map
A: 154.2 ns per operation (median)
B: 204.4 ns per operation (median)
A needs 24.9% less time than B: B takes 1.33 times as long as A.
With 95% confidence the difference lies between 22.3% and 26% less time (B takes between 1.29 and 1.35 times as long as A).
Noise floor: 2.06%. Identical code measured against itself on this setup can look that different, so smaller differences mean nothing.
Neighbouring measurements are nearly independent (autocorrelation -0.46), so they were resampled one by one.

Verdict: RESOLVED. A is faster than B: the difference is real, as its interval excludes zero and it exceeds the noise floor.

Warnings:
  - the program holds 103 MB of live data, more than the caches of many machines; for data that size, where it lies in memory can shift the result by several points in ways the interval does not cover, and differently in the next process; run the comparison in several processes with the multiproc package

== dirs single-value n=16384 valuesFor: ordered vs baseline
A: 152 ns per operation (median)
B: 150.1 ns per operation (median)
A needs 0.995% more time than B: B takes only 0.99 times as long as A.
With 95% confidence the difference lies between 0.26% and 2.25% more time (B takes between 0.978 and 1.00 times as long as A).
Noise floor: 0.468%. Identical code measured against itself on this setup can look that different, so smaller differences mean nothing.
Neighbouring measurements are nearly independent (autocorrelation -0.11), so they were resampled one by one.

Verdict: RESOLVED. A is slower than B: the difference is real, as its interval excludes zero and it exceeds the noise floor.

Warnings:
  - the program holds 103 MB of live data, more than the caches of many machines; for data that size, where it lies in memory can shift the result by several points in ways the interval does not cover, and differently in the next process; run the comparison in several processes with the multiproc package

== dirs single-value n=16384 valuesBetween: ordered vs btree-map
A: 1885 ns per operation (median)
B: 756.4 ns per operation (median)
A needs 152% more time than B: B takes only 0.40 times as long as A.
With 95% confidence the difference lies between 145% and 155% more time (B takes between 0.393 and 0.41 times as long as A).
Noise floor: 0.9%. Identical code measured against itself on this setup can look that different, so smaller differences mean nothing.
Neighbouring measurements are nearly independent (autocorrelation -0.26), so they were resampled one by one.

Verdict: RESOLVED. A is slower than B: the difference is real, as its interval excludes zero and it exceeds the noise floor.

Warnings:
  - the program holds 103 MB of live data, more than the caches of many machines; for data that size, where it lies in memory can shift the result by several points in ways the interval does not cover, and differently in the next process; run the comparison in several processes with the multiproc package

== dirs single-value n=16384 valuesBetween: ordered vs baseline
A: 1893 ns per operation (median)
B: 3356 ns per operation (median)
A needs 43.9% less time than B: B takes 1.78 times as long as A.
With 95% confidence the difference lies between 42.9% and 44.6% less time (B takes between 1.75 and 1.81 times as long as A).
Noise floor: 1.35%. Identical code measured against itself on this setup can look that different, so smaller differences mean nothing.
Neighbouring measurements are nearly independent (autocorrelation -0.45), so they were resampled one by one.

Verdict: RESOLVED. A is faster than B: the difference is real, as its interval excludes zero and it exceeds the noise floor.

Warnings:
  - the program holds 103 MB of live data, more than the caches of many machines; for data that size, where it lies in memory can shift the result by several points in ways the interval does not cover, and differently in the next process; run the comparison in several processes with the multiproc package

== dirs single-value n=16384 prefix: ordered vs btree-map
A: 7956 ns per operation (median)
B: 2371 ns per operation (median)
A needs 241% more time than B: B takes only 0.29 times as long as A.
With 95% confidence the difference lies between 198% and 264% more time (B takes between 0.275 and 0.34 times as long as A).
Noise floor: 4.72%. Identical code measured against itself on this setup can look that different, so smaller differences mean nothing.
Neighbouring measurements are nearly independent (autocorrelation -0.03), so they were resampled one by one.

Verdict: RESOLVED. A is slower than B: the difference is real, as its interval excludes zero and it exceeds the noise floor.

Warnings:
  - the program holds 103 MB of live data, more than the caches of many machines; for data that size, where it lies in memory can shift the result by several points in ways the interval does not cover, and differently in the next process; run the comparison in several processes with the multiproc package

== dirs single-value n=16384 prefix: ordered vs baseline
A: 7772 ns per operation (median)
B: 1.629e+04 ns per operation (median)
A needs 51.8% less time than B: B takes 2.07 times as long as A.
With 95% confidence the difference lies between 51.2% and 52.1% less time (B takes between 2.05 and 2.09 times as long as A).
Noise floor: 14.6%. Identical code measured against itself on this setup can look that different, so smaller differences mean nothing.
Neighbouring measurements are nearly independent (autocorrelation +0.01), so they were resampled one by one.

Verdict: RESOLVED. A is faster than B: the difference is real, as its interval excludes zero and it exceeds the noise floor.

Warnings:
  - the program holds 122 MB of live data, more than the caches of many machines; for data that size, where it lies in memory can shift the result by several points in ways the interval does not cover, and differently in the next process; run the comparison in several processes with the multiproc package
  - in 50% of A/A runs this setup reported a difference between identical code, well above the 10% expected; treat any confidence from it with suspicion

== dirs single-value n=16384 churn and build: ordered vs btree-map
steady state, per insertion or deletion in a structure of 16384 elements (cycle of 42814 operations, first pass untimed):
  A: 290.5 ns per operation (median)
  B: 279.1 ns per operation (median)
  A needs 4.12% more time than B: B takes only 0.96 times as long as A.
  With 95% confidence the difference lies between 2.72% and 6.03% more time (B takes between 0.943 and 0.97 times as long as A).
  Noise floor: 0.75%. Identical code measured against itself on this setup can look that different, so smaller differences mean nothing.
  Neighbouring measurements are nearly independent (autocorrelation +0.01), so they were resampled one by one.
  
  Verdict: RESOLVED. A is slower than B: the difference is real, as its interval excludes zero and it exceeds the noise floor.
  
  Warnings:
    - the program holds 125 MB of live data, more than the caches of many machines; for data that size, where it lies in memory can shift the result by several points in ways the interval does not cover, and differently in the next process; run the comparison in several processes with the multiproc package

build from empty to 16384 elements, per whole build (58716 operations):
  A: 1.742e+07 ns per operation (median)
  B: 1.55e+07 ns per operation (median)
  A needs 12.3% more time than B: B takes only 0.89 times as long as A.
  With 95% confidence the difference lies between 11.9% and 12.8% more time (B takes between 0.887 and 0.89 times as long as A).
  Noise floor: 0.502%. Identical code measured against itself on this setup can look that different, so smaller differences mean nothing.
  Neighbouring measurements are nearly independent (autocorrelation +0.05), so they were resampled one by one.
  
  Verdict: RESOLVED. A is slower than B: the difference is real, as its interval excludes zero and it exceeds the noise floor.
  
  Warnings:
    - the program holds 122 MB of live data, more than the caches of many machines; for data that size, where it lies in memory can shift the result by several points in ways the interval does not cover, and differently in the next process; run the comparison in several processes with the multiproc package

== dirs single-value n=16384 churn and build: ordered vs baseline
steady state, per insertion or deletion in a structure of 16384 elements (cycle of 42814 operations, first pass untimed):
  A: 288.9 ns per operation (median)
  B: 321.7 ns per operation (median)
  A needs 10.2% less time than B: B takes 1.11 times as long as A.
  With 95% confidence the difference lies between 9.27% and 10.7% less time (B takes between 1.1 and 1.12 times as long as A).
  Noise floor: 0.741%. Identical code measured against itself on this setup can look that different, so smaller differences mean nothing.
  Neighbouring measurements are nearly independent (autocorrelation +0.04), so they were resampled one by one.
  
  Verdict: RESOLVED. A is faster than B: the difference is real, as its interval excludes zero and it exceeds the noise floor.
  
  Warnings:
    - the program holds 122 MB of live data, more than the caches of many machines; for data that size, where it lies in memory can shift the result by several points in ways the interval does not cover, and differently in the next process; run the comparison in several processes with the multiproc package
    - in 50% of A/A runs this setup reported a difference between identical code, well above the 10% expected; treat any confidence from it with suspicion

build from empty to 16384 elements, per whole build (58716 operations):
  A: 1.735e+07 ns per operation (median)
  B: 1.705e+07 ns per operation (median)
  A needs 1.84% more time than B: B takes only 0.98 times as long as A.
  With 95% confidence the difference lies between 1.27% and 2.28% more time (B takes between 0.978 and 0.99 times as long as A).
  Noise floor: 0.233%. Identical code measured against itself on this setup can look that different, so smaller differences mean nothing.
  Neighbouring measurements are nearly independent (autocorrelation +0.11), so they were resampled one by one.
  
  Verdict: RESOLVED. A is slower than B: the difference is real, as its interval excludes zero and it exceeds the noise floor.
  
  Warnings:
    - the program holds 122 MB of live data, more than the caches of many machines; for data that size, where it lies in memory can shift the result by several points in ways the interval does not cover, and differently in the next process; run the comparison in several processes with the multiproc package

checksum 46458251939290
== dirs single-value n=16384 valuesFor: ordered vs btree-map
A: 153.5 ns per operation (median)
B: 202.7 ns per operation (median)
A needs 24.5% less time than B: B takes 1.32 times as long as A.
With 95% confidence the difference lies between 22.4% and 26.2% less time (B takes between 1.29 and 1.36 times as long as A).
Noise floor: 2.46%. Identical code measured against itself on this setup can look that different, so smaller differences mean nothing.
Neighbouring measurements are nearly independent (autocorrelation -0.58), so they were resampled one by one.

Verdict: RESOLVED. A is faster than B: the difference is real, as its interval excludes zero and it exceeds the noise floor.

Warnings:
  - the program holds 98 MB of live data, more than the caches of many machines; for data that size, where it lies in memory can shift the result by several points in ways the interval does not cover, and differently in the next process; run the comparison in several processes with the multiproc package

== dirs single-value n=16384 valuesFor: ordered vs baseline
A: 151.5 ns per operation (median)
B: 151.2 ns per operation (median)
A needs 0.368% less time than B: B takes 1.00 times as long as A.
With 95% confidence the difference lies between 1.14% more time and 1.09% less time (B takes between 0.989 and 1.01 times as long as A).
Noise floor: 0.7%. Identical code measured against itself on this setup can look that different, so smaller differences mean nothing.
Neighbouring measurements are nearly independent (autocorrelation +0.08), so they were resampled one by one.

Verdict: NOT RESOLVED. This run did not establish which candidate is faster. That is not the same as "equally fast": the warnings below say what is missing.

Warnings:
  - the difference of 0.37% does not clear the 0.70% noise floor, which is what this setup reports between two runs of identical code
  - the interval [-1.14%, 1.09%] includes zero, so a difference in either direction is consistent with these measurements
  - the program holds 98 MB of live data, more than the caches of many machines; for data that size, where it lies in memory can shift the result by several points in ways the interval does not cover, and differently in the next process; run the comparison in several processes with the multiproc package

== dirs single-value n=16384 valuesBetween: ordered vs btree-map
A: 1863 ns per operation (median)
B: 738.3 ns per operation (median)
A needs 152% more time than B: B takes only 0.40 times as long as A.
With 95% confidence the difference lies between 148% and 156% more time (B takes between 0.39 and 0.40 times as long as A).
Noise floor: 0.842%. Identical code measured against itself on this setup can look that different, so smaller differences mean nothing.
Neighbouring measurements are nearly independent (autocorrelation -0.39), so they were resampled one by one.

Verdict: RESOLVED. A is slower than B: the difference is real, as its interval excludes zero and it exceeds the noise floor.

Warnings:
  - the program holds 98 MB of live data, more than the caches of many machines; for data that size, where it lies in memory can shift the result by several points in ways the interval does not cover, and differently in the next process; run the comparison in several processes with the multiproc package

== dirs single-value n=16384 valuesBetween: ordered vs baseline
A: 1884 ns per operation (median)
B: 3372 ns per operation (median)
A needs 44% less time than B: B takes 1.79 times as long as A.
With 95% confidence the difference lies between 43.2% and 45.3% less time (B takes between 1.76 and 1.83 times as long as A).
Noise floor: 0.567%. Identical code measured against itself on this setup can look that different, so smaller differences mean nothing.
Neighbouring measurements are nearly independent (autocorrelation -0.51), so they were resampled one by one.

Verdict: RESOLVED. A is faster than B: the difference is real, as its interval excludes zero and it exceeds the noise floor.

Warnings:
  - the program holds 98 MB of live data, more than the caches of many machines; for data that size, where it lies in memory can shift the result by several points in ways the interval does not cover, and differently in the next process; run the comparison in several processes with the multiproc package

== dirs single-value n=16384 prefix: ordered vs btree-map
A: 7860 ns per operation (median)
B: 2299 ns per operation (median)
A needs 242% more time than B: B takes only 0.29 times as long as A.
With 95% confidence the difference lies between 208% and 274% more time (B takes between 0.267 and 0.32 times as long as A).
Noise floor: 11.1%. Identical code measured against itself on this setup can look that different, so smaller differences mean nothing.
Neighbouring measurements are nearly independent (autocorrelation -0.03), so they were resampled one by one.

Verdict: RESOLVED. A is slower than B: the difference is real, as its interval excludes zero and it exceeds the noise floor.

Warnings:
  - the program holds 98 MB of live data, more than the caches of many machines; for data that size, where it lies in memory can shift the result by several points in ways the interval does not cover, and differently in the next process; run the comparison in several processes with the multiproc package
  - in 50% of A/A runs this setup reported a difference between identical code, well above the 10% expected; treat any confidence from it with suspicion

== dirs single-value n=16384 prefix: ordered vs baseline
A: 7759 ns per operation (median)
B: 1.647e+04 ns per operation (median)
A needs 51.9% less time than B: B takes 2.08 times as long as A.
With 95% confidence the difference lies between 51.7% and 52.1% less time (B takes between 2.07 and 2.09 times as long as A).
Noise floor: 15.3%. Identical code measured against itself on this setup can look that different, so smaller differences mean nothing.
Neighbouring measurements are nearly independent (autocorrelation +0.02), so they were resampled one by one.

Verdict: RESOLVED. A is faster than B: the difference is real, as its interval excludes zero and it exceeds the noise floor.

Warnings:
  - the program holds 123 MB of live data, more than the caches of many machines; for data that size, where it lies in memory can shift the result by several points in ways the interval does not cover, and differently in the next process; run the comparison in several processes with the multiproc package
  - in 50% of A/A runs this setup reported a difference between identical code, well above the 10% expected; treat any confidence from it with suspicion

== dirs single-value n=16384 churn and build: ordered vs btree-map
steady state, per insertion or deletion in a structure of 16384 elements (cycle of 42814 operations, first pass untimed):
  A: 290.8 ns per operation (median)
  B: 283.2 ns per operation (median)
  A needs 2.6% more time than B: B takes only 0.97 times as long as A.
  With 95% confidence the difference lies between 0.972% and 4.06% more time (B takes between 0.961 and 0.99 times as long as A).
  Noise floor: 1.24%. Identical code measured against itself on this setup can look that different, so smaller differences mean nothing.
  Neighbouring measurements are correlated (autocorrelation +0.21), so they were resampled in blocks of 3.
  
  Verdict: RESOLVED. A is slower than B: the difference is real, as its interval excludes zero and it exceeds the noise floor.
  
  Warnings:
    - the program holds 123 MB of live data, more than the caches of many machines; for data that size, where it lies in memory can shift the result by several points in ways the interval does not cover, and differently in the next process; run the comparison in several processes with the multiproc package

build from empty to 16384 elements, per whole build (58716 operations):
  A: 1.746e+07 ns per operation (median)
  B: 1.544e+07 ns per operation (median)
  A needs 12.7% more time than B: B takes only 0.89 times as long as A.
  With 95% confidence the difference lies between 12.2% and 13.3% more time (B takes between 0.883 and 0.89 times as long as A).
  Noise floor: 0.327%. Identical code measured against itself on this setup can look that different, so smaller differences mean nothing.
  Neighbouring measurements are nearly independent (autocorrelation +0.02), so they were resampled one by one.
  
  Verdict: RESOLVED. A is slower than B: the difference is real, as its interval excludes zero and it exceeds the noise floor.
  
  Warnings:
    - the program holds 122 MB of live data, more than the caches of many machines; for data that size, where it lies in memory can shift the result by several points in ways the interval does not cover, and differently in the next process; run the comparison in several processes with the multiproc package

== dirs single-value n=16384 churn and build: ordered vs baseline
steady state, per insertion or deletion in a structure of 16384 elements (cycle of 42814 operations, first pass untimed):
  A: 290.1 ns per operation (median)
  B: 323.4 ns per operation (median)
  A needs 9.96% less time than B: B takes 1.11 times as long as A.
  With 95% confidence the difference lies between 8.98% and 10.4% less time (B takes between 1.1 and 1.12 times as long as A).
  Noise floor: 0.613%. Identical code measured against itself on this setup can look that different, so smaller differences mean nothing.
  Neighbouring measurements are nearly independent (autocorrelation +0.06), so they were resampled one by one.
  
  Verdict: RESOLVED. A is faster than B: the difference is real, as its interval excludes zero and it exceeds the noise floor.
  
  Warnings:
    - the program holds 122 MB of live data, more than the caches of many machines; for data that size, where it lies in memory can shift the result by several points in ways the interval does not cover, and differently in the next process; run the comparison in several processes with the multiproc package

build from empty to 16384 elements, per whole build (58716 operations):
  A: 1.754e+07 ns per operation (median)
  B: 1.701e+07 ns per operation (median)
  A needs 2.75% more time than B: B takes only 0.97 times as long as A.
  With 95% confidence the difference lies between 2.17% and 3.27% more time (B takes between 0.968 and 0.98 times as long as A).
  Noise floor: 0.314%. Identical code measured against itself on this setup can look that different, so smaller differences mean nothing.
  Neighbouring measurements are nearly independent (autocorrelation -0.02), so they were resampled one by one.
  
  Verdict: RESOLVED. A is slower than B: the difference is real, as its interval excludes zero and it exceeds the noise floor.
  
  Warnings:
    - the program holds 122 MB of live data, more than the caches of many machines; for data that size, where it lies in memory can shift the result by several points in ways the interval does not cover, and differently in the next process; run the comparison in several processes with the multiproc package

checksum 46735861197578
== dirs single-value n=16384 valuesFor: ordered vs btree-map
A: 153 ns per operation (median)
B: 206.1 ns per operation (median)
A needs 26.3% less time than B: B takes 1.36 times as long as A.
With 95% confidence the difference lies between 23.5% and 27.3% less time (B takes between 1.31 and 1.38 times as long as A).
Noise floor: 1.76%. Identical code measured against itself on this setup can look that different, so smaller differences mean nothing.
Neighbouring measurements are nearly independent (autocorrelation -0.55), so they were resampled one by one.

Verdict: RESOLVED. A is faster than B: the difference is real, as its interval excludes zero and it exceeds the noise floor.

Warnings:
  - the program holds 122 MB of live data, more than the caches of many machines; for data that size, where it lies in memory can shift the result by several points in ways the interval does not cover, and differently in the next process; run the comparison in several processes with the multiproc package

== dirs single-value n=16384 valuesFor: ordered vs baseline
A: 151.7 ns per operation (median)
B: 149.9 ns per operation (median)
A needs 1.09% more time than B: B takes only 0.99 times as long as A.
With 95% confidence the difference lies between 0.407% and 2.36% more time (B takes between 0.977 and 1.00 times as long as A).
Noise floor: 0.521%. Identical code measured against itself on this setup can look that different, so smaller differences mean nothing.
Neighbouring measurements are nearly independent (autocorrelation -0.21), so they were resampled one by one.

Verdict: RESOLVED. A is slower than B: the difference is real, as its interval excludes zero and it exceeds the noise floor.

Warnings:
  - the program holds 122 MB of live data, more than the caches of many machines; for data that size, where it lies in memory can shift the result by several points in ways the interval does not cover, and differently in the next process; run the comparison in several processes with the multiproc package

== dirs single-value n=16384 valuesBetween: ordered vs btree-map
A: 1841 ns per operation (median)
B: 742.9 ns per operation (median)
A needs 148% more time than B: B takes only 0.40 times as long as A.
With 95% confidence the difference lies between 145% and 154% more time (B takes between 0.394 and 0.41 times as long as A).
Noise floor: 0.782%. Identical code measured against itself on this setup can look that different, so smaller differences mean nothing.
Neighbouring measurements are nearly independent (autocorrelation -0.52), so they were resampled one by one.

Verdict: RESOLVED. A is slower than B: the difference is real, as its interval excludes zero and it exceeds the noise floor.

Warnings:
  - the program holds 122 MB of live data, more than the caches of many machines; for data that size, where it lies in memory can shift the result by several points in ways the interval does not cover, and differently in the next process; run the comparison in several processes with the multiproc package

== dirs single-value n=16384 valuesBetween: ordered vs baseline
A: 1887 ns per operation (median)
B: 3360 ns per operation (median)
A needs 44.3% less time than B: B takes 1.80 times as long as A.
With 95% confidence the difference lies between 43.2% and 45% less time (B takes between 1.76 and 1.82 times as long as A).
Noise floor: 0.439%. Identical code measured against itself on this setup can look that different, so smaller differences mean nothing.
Neighbouring measurements are nearly independent (autocorrelation -0.52), so they were resampled one by one.

Verdict: RESOLVED. A is faster than B: the difference is real, as its interval excludes zero and it exceeds the noise floor.

Warnings:
  - the program holds 122 MB of live data, more than the caches of many machines; for data that size, where it lies in memory can shift the result by several points in ways the interval does not cover, and differently in the next process; run the comparison in several processes with the multiproc package

== dirs single-value n=16384 prefix: ordered vs btree-map
A: 7718 ns per operation (median)
B: 2270 ns per operation (median)
A needs 232% more time than B: B takes only 0.30 times as long as A.
With 95% confidence the difference lies between 205% and 266% more time (B takes between 0.273 and 0.33 times as long as A).
Noise floor: 6.39%. Identical code measured against itself on this setup can look that different, so smaller differences mean nothing.
Neighbouring measurements are nearly independent (autocorrelation +0.06), so they were resampled one by one.

Verdict: RESOLVED. A is slower than B: the difference is real, as its interval excludes zero and it exceeds the noise floor.

Warnings:
  - the program holds 122 MB of live data, more than the caches of many machines; for data that size, where it lies in memory can shift the result by several points in ways the interval does not cover, and differently in the next process; run the comparison in several processes with the multiproc package
  - in 50% of A/A runs this setup reported a difference between identical code, well above the 10% expected; treat any confidence from it with suspicion

== dirs single-value n=16384 prefix: ordered vs baseline
A: 7380 ns per operation (median)
B: 1.529e+04 ns per operation (median)
A needs 51.7% less time than B: B takes 2.07 times as long as A.
With 95% confidence the difference lies between 51% and 52.2% less time (B takes between 2.04 and 2.09 times as long as A).
Noise floor: 16.6%. Identical code measured against itself on this setup can look that different, so smaller differences mean nothing.
Neighbouring measurements are nearly independent (autocorrelation -0.01), so they were resampled one by one.

Verdict: RESOLVED. A is faster than B: the difference is real, as its interval excludes zero and it exceeds the noise floor.

Warnings:
  - the program holds 122 MB of live data, more than the caches of many machines; for data that size, where it lies in memory can shift the result by several points in ways the interval does not cover, and differently in the next process; run the comparison in several processes with the multiproc package
  - in 50% of A/A runs this setup reported a difference between identical code, well above the 10% expected; treat any confidence from it with suspicion

== dirs single-value n=16384 churn and build: ordered vs btree-map
steady state, per insertion or deletion in a structure of 16384 elements (cycle of 42814 operations, first pass untimed):
  A: 289.4 ns per operation (median)
  B: 277.9 ns per operation (median)
  A needs 4.02% more time than B: B takes only 0.96 times as long as A.
  With 95% confidence the difference lies between 1.89% and 5.21% more time (B takes between 0.95 and 0.98 times as long as A).
  Noise floor: 0.687%. Identical code measured against itself on this setup can look that different, so smaller differences mean nothing.
  Neighbouring measurements are nearly independent (autocorrelation -0.05), so they were resampled one by one.
  
  Verdict: RESOLVED. A is slower than B: the difference is real, as its interval excludes zero and it exceeds the noise floor.
  
  Warnings:
    - the program holds 125 MB of live data, more than the caches of many machines; for data that size, where it lies in memory can shift the result by several points in ways the interval does not cover, and differently in the next process; run the comparison in several processes with the multiproc package

build from empty to 16384 elements, per whole build (58716 operations):
  A: 1.76e+07 ns per operation (median)
  B: 1.554e+07 ns per operation (median)
  A needs 13.7% more time than B: B takes only 0.88 times as long as A.
  With 95% confidence the difference lies between 12.6% and 14% more time (B takes between 0.877 and 0.89 times as long as A).
  Noise floor: 0.778%. Identical code measured against itself on this setup can look that different, so smaller differences mean nothing.
  Neighbouring measurements are nearly independent (autocorrelation +0.19), so they were resampled one by one.
  
  Verdict: RESOLVED. A is slower than B: the difference is real, as its interval excludes zero and it exceeds the noise floor.
  
  Warnings:
    - the program holds 122 MB of live data, more than the caches of many machines; for data that size, where it lies in memory can shift the result by several points in ways the interval does not cover, and differently in the next process; run the comparison in several processes with the multiproc package

== dirs single-value n=16384 churn and build: ordered vs baseline
steady state, per insertion or deletion in a structure of 16384 elements (cycle of 42814 operations, first pass untimed):
  A: 292 ns per operation (median)
  B: 323.9 ns per operation (median)
  A needs 9.69% less time than B: B takes 1.11 times as long as A.
  With 95% confidence the difference lies between 9.37% and 10% less time (B takes between 1.1 and 1.11 times as long as A).
  Noise floor: 0.967%. Identical code measured against itself on this setup can look that different, so smaller differences mean nothing.
  Neighbouring measurements are nearly independent (autocorrelation +0.06), so they were resampled one by one.
  
  Verdict: RESOLVED. A is faster than B: the difference is real, as its interval excludes zero and it exceeds the noise floor.
  
  Warnings:
    - the program holds 122 MB of live data, more than the caches of many machines; for data that size, where it lies in memory can shift the result by several points in ways the interval does not cover, and differently in the next process; run the comparison in several processes with the multiproc package

build from empty to 16384 elements, per whole build (58716 operations):
  A: 1.763e+07 ns per operation (median)
  B: 1.708e+07 ns per operation (median)
  A needs 2.88% more time than B: B takes only 0.97 times as long as A.
  With 95% confidence the difference lies between 2.61% and 4.5% more time (B takes between 0.957 and 0.97 times as long as A).
  Noise floor: 0.164%. Identical code measured against itself on this setup can look that different, so smaller differences mean nothing.
  Neighbouring measurements are nearly independent (autocorrelation -0.05), so they were resampled one by one.
  
  Verdict: RESOLVED. A is slower than B: the difference is real, as its interval excludes zero and it exceeds the noise floor.
  
  Warnings:
    - the program holds 122 MB of live data, more than the caches of many machines; for data that size, where it lies in memory can shift the result by several points in ways the interval does not cover, and differently in the next process; run the comparison in several processes with the multiproc package

checksum 46322729965386
