== street single-value n=4096 valuesFor: ordered vs btree-map
A: 80.21 ns per operation (median)
B: 125.5 ns per operation (median)
A needs 36.1% less time than B: B takes 1.57 times as long as A.
With 95% confidence the difference lies between 34.9% and 38.6% less time (B takes between 1.53 and 1.63 times as long as A).
Noise floor: 4%. Identical code measured against itself on this setup can look that different, so smaller differences mean nothing.
Neighbouring measurements are nearly independent (autocorrelation -0.74), so they were resampled one by one.

Verdict: RESOLVED. A is faster than B: the difference is real, as its interval excludes zero and it exceeds the noise floor.

Warnings:
  - the program holds 71 MB of live data, more than the caches of many machines; for data that size, where it lies in memory can shift the result by several points in ways the interval does not cover, and differently in the next process; run the comparison in several processes with the multiproc package

== street single-value n=4096 valuesFor: ordered vs baseline
A: 79.9 ns per operation (median)
B: 68.75 ns per operation (median)
A needs 16.4% more time than B: B takes only 0.86 times as long as A.
With 95% confidence the difference lies between 15.3% and 17.1% more time (B takes between 0.854 and 0.87 times as long as A).
Noise floor: 0.507%. Identical code measured against itself on this setup can look that different, so smaller differences mean nothing.
Neighbouring measurements are nearly independent (autocorrelation -0.54), so they were resampled one by one.

Verdict: RESOLVED. A is slower than B: the difference is real, as its interval excludes zero and it exceeds the noise floor.

Warnings:
  - the program holds 71 MB of live data, more than the caches of many machines; for data that size, where it lies in memory can shift the result by several points in ways the interval does not cover, and differently in the next process; run the comparison in several processes with the multiproc package

== street single-value n=4096 valuesBetween: ordered vs btree-map
A: 1362 ns per operation (median)
B: 589 ns per operation (median)
A needs 131% more time than B: B takes only 0.43 times as long as A.
With 95% confidence the difference lies between 129% and 135% more time (B takes between 0.425 and 0.44 times as long as A).
Noise floor: 0.309%. Identical code measured against itself on this setup can look that different, so smaller differences mean nothing.
Neighbouring measurements are nearly independent (autocorrelation -0.67), so they were resampled one by one.

Verdict: RESOLVED. A is slower than B: the difference is real, as its interval excludes zero and it exceeds the noise floor.

Warnings:
  - the program holds 71 MB of live data, more than the caches of many machines; for data that size, where it lies in memory can shift the result by several points in ways the interval does not cover, and differently in the next process; run the comparison in several processes with the multiproc package

== street single-value n=4096 valuesBetween: ordered vs baseline
A: 1396 ns per operation (median)
B: 2724 ns per operation (median)
A needs 48.8% less time than B: B takes 1.95 times as long as A.
With 95% confidence the difference lies between 47.9% and 50.1% less time (B takes between 1.92 and 2.00 times as long as A).
Noise floor: 1.76%. Identical code measured against itself on this setup can look that different, so smaller differences mean nothing.
Neighbouring measurements are nearly independent (autocorrelation -0.76), so they were resampled one by one.

Verdict: RESOLVED. A is faster than B: the difference is real, as its interval excludes zero and it exceeds the noise floor.

Warnings:
  - the program holds 71 MB of live data, more than the caches of many machines; for data that size, where it lies in memory can shift the result by several points in ways the interval does not cover, and differently in the next process; run the comparison in several processes with the multiproc package

== street single-value n=4096 prefix: ordered vs btree-map
A: 264.3 ns per operation (median)
B: 174.6 ns per operation (median)
A needs 50.6% more time than B: B takes only 0.66 times as long as A.
With 95% confidence the difference lies between 48.3% and 55% more time (B takes between 0.645 and 0.67 times as long as A).
Noise floor: 3.33%. Identical code measured against itself on this setup can look that different, so smaller differences mean nothing.
Neighbouring measurements are nearly independent (autocorrelation -0.46), so they were resampled one by one.

Verdict: RESOLVED. A is slower than B: the difference is real, as its interval excludes zero and it exceeds the noise floor.

Warnings:
  - the program holds 71 MB of live data, more than the caches of many machines; for data that size, where it lies in memory can shift the result by several points in ways the interval does not cover, and differently in the next process; run the comparison in several processes with the multiproc package

== street single-value n=4096 prefix: ordered vs baseline
A: 265.2 ns per operation (median)
B: 307.4 ns per operation (median)
A needs 13.4% less time than B: B takes 1.15 times as long as A.
With 95% confidence the difference lies between 13.2% and 14.1% less time (B takes between 1.15 and 1.16 times as long as A).
Noise floor: 1.56%. Identical code measured against itself on this setup can look that different, so smaller differences mean nothing.
Neighbouring measurements are nearly independent (autocorrelation +0.06), so they were resampled one by one.

Verdict: RESOLVED. A is faster than B: the difference is real, as its interval excludes zero and it exceeds the noise floor.

Warnings:
  - the program holds 71 MB of live data, more than the caches of many machines; for data that size, where it lies in memory can shift the result by several points in ways the interval does not cover, and differently in the next process; run the comparison in several processes with the multiproc package

== street single-value n=4096 churn and build: ordered vs btree-map
steady state, per insertion or deletion in a structure of 4096 elements (cycle of 10684 operations, first pass untimed):
  A: 162.5 ns per operation (median)
  B: 180.1 ns per operation (median)
  A needs 9.06% less time than B: B takes 1.10 times as long as A.
  With 95% confidence the difference lies between 8.45% and 10.3% less time (B takes between 1.09 and 1.12 times as long as A).
  Noise floor: 1.28%. Identical code measured against itself on this setup can look that different, so smaller differences mean nothing.
  Neighbouring measurements are nearly independent (autocorrelation -0.08), so they were resampled one by one.
  
  Verdict: RESOLVED. A is faster than B: the difference is real, as its interval excludes zero and it exceeds the noise floor.
  
  Warnings:
    - the program holds 67 MB of live data, more than the caches of many machines; for data that size, where it lies in memory can shift the result by several points in ways the interval does not cover, and differently in the next process; run the comparison in several processes with the multiproc package

build from empty to 4096 elements, per whole build (14748 operations):
  A: 2.559e+06 ns per operation (median)
  B: 2.67e+06 ns per operation (median)
  A needs 3.77% less time than B: B takes 1.04 times as long as A.
  With 95% confidence the difference lies between 2.96% and 5.06% less time (B takes between 1.03 and 1.05 times as long as A).
  Noise floor: 0.655%. Identical code measured against itself on this setup can look that different, so smaller differences mean nothing.
  Neighbouring measurements are nearly independent (autocorrelation -0.10), so they were resampled one by one.
  
  Verdict: RESOLVED. A is faster than B: the difference is real, as its interval excludes zero and it exceeds the noise floor.
  
  Warnings:
    - the program holds 67 MB of live data, more than the caches of many machines; for data that size, where it lies in memory can shift the result by several points in ways the interval does not cover, and differently in the next process; run the comparison in several processes with the multiproc package

== street single-value n=4096 churn and build: ordered vs baseline
steady state, per insertion or deletion in a structure of 4096 elements (cycle of 10684 operations, first pass untimed):
  A: 161.9 ns per operation (median)
  B: 163.4 ns per operation (median)
  A needs 0.586% less time than B: B takes 1.01 times as long as A.
  With 95% confidence the difference lies between 0.278% more time and 1.28% less time (B takes between 0.997 and 1.01 times as long as A).
  Noise floor: 1.03%. Identical code measured against itself on this setup can look that different, so smaller differences mean nothing.
  Neighbouring measurements are nearly independent (autocorrelation +0.10), so they were resampled one by one.
  
  Verdict: NOT RESOLVED. This run did not establish which candidate is faster. That is not the same as "equally fast": the warnings below say what is missing.
  
  Warnings:
    - the difference of 0.59% does not clear the 1.03% noise floor, which is what this setup reports between two runs of identical code
    - the interval [-0.28%, 1.28%] includes zero, so a difference in either direction is consistent with these measurements
    - the program holds 69 MB of live data, more than the caches of many machines; for data that size, where it lies in memory can shift the result by several points in ways the interval does not cover, and differently in the next process; run the comparison in several processes with the multiproc package

build from empty to 4096 elements, per whole build (14748 operations):
  A: 2.557e+06 ns per operation (median)
  B: 2.349e+06 ns per operation (median)
  A needs 8.79% more time than B: B takes only 0.92 times as long as A.
  With 95% confidence the difference lies between 8.21% and 9.46% more time (B takes between 0.914 and 0.92 times as long as A).
  Noise floor: 0.637%. Identical code measured against itself on this setup can look that different, so smaller differences mean nothing.
  Neighbouring measurements are nearly independent (autocorrelation +0.01), so they were resampled one by one.
  
  Verdict: RESOLVED. A is slower than B: the difference is real, as its interval excludes zero and it exceeds the noise floor.
  
  Warnings:
    - the program holds 67 MB of live data, more than the caches of many machines; for data that size, where it lies in memory can shift the result by several points in ways the interval does not cover, and differently in the next process; run the comparison in several processes with the multiproc package

checksum 1002692597061
== street single-value n=4096 valuesFor: ordered vs btree-map
A: 80.81 ns per operation (median)
B: 129.2 ns per operation (median)
A needs 38.1% less time than B: B takes 1.62 times as long as A.
With 95% confidence the difference lies between 34.9% and 38.4% less time (B takes between 1.54 and 1.62 times as long as A).
Noise floor: 2.36%. Identical code measured against itself on this setup can look that different, so smaller differences mean nothing.
Neighbouring measurements are nearly independent (autocorrelation -0.58), so they were resampled one by one.

Verdict: RESOLVED. A is faster than B: the difference is real, as its interval excludes zero and it exceeds the noise floor.

Warnings:
  - the program holds 55 MB of live data, more than the caches of many machines; for data that size, where it lies in memory can shift the result by several points in ways the interval does not cover, and differently in the next process; run the comparison in several processes with the multiproc package

== street single-value n=4096 valuesFor: ordered vs baseline
A: 79.76 ns per operation (median)
B: 68.94 ns per operation (median)
A needs 16.8% more time than B: B takes only 0.86 times as long as A.
With 95% confidence the difference lies between 14.4% and 17.3% more time (B takes between 0.852 and 0.87 times as long as A).
Noise floor: 0.308%. Identical code measured against itself on this setup can look that different, so smaller differences mean nothing.
Neighbouring measurements are nearly independent (autocorrelation -0.31), so they were resampled one by one.

Verdict: RESOLVED. A is slower than B: the difference is real, as its interval excludes zero and it exceeds the noise floor.

Warnings:
  - the program holds 55 MB of live data, more than the caches of many machines; for data that size, where it lies in memory can shift the result by several points in ways the interval does not cover, and differently in the next process; run the comparison in several processes with the multiproc package

== street single-value n=4096 valuesBetween: ordered vs btree-map
A: 1364 ns per operation (median)
B: 590.6 ns per operation (median)
A needs 129% more time than B: B takes only 0.44 times as long as A.
With 95% confidence the difference lies between 127% and 135% more time (B takes between 0.426 and 0.44 times as long as A).
Noise floor: 1.13%. Identical code measured against itself on this setup can look that different, so smaller differences mean nothing.
Neighbouring measurements are nearly independent (autocorrelation -0.07), so they were resampled one by one.

Verdict: RESOLVED. A is slower than B: the difference is real, as its interval excludes zero and it exceeds the noise floor.

Warnings:
  - the program holds 55 MB of live data, more than the caches of many machines; for data that size, where it lies in memory can shift the result by several points in ways the interval does not cover, and differently in the next process; run the comparison in several processes with the multiproc package

== street single-value n=4096 valuesBetween: ordered vs baseline
A: 1379 ns per operation (median)
B: 2737 ns per operation (median)
A needs 49.8% less time than B: B takes 1.99 times as long as A.
With 95% confidence the difference lies between 48.1% and 50.2% less time (B takes between 1.93 and 2.01 times as long as A).
Noise floor: 1.27%. Identical code measured against itself on this setup can look that different, so smaller differences mean nothing.
Neighbouring measurements are nearly independent (autocorrelation -0.73), so they were resampled one by one.

Verdict: RESOLVED. A is faster than B: the difference is real, as its interval excludes zero and it exceeds the noise floor.

Warnings:
  - the program holds 67 MB of live data, more than the caches of many machines; for data that size, where it lies in memory can shift the result by several points in ways the interval does not cover, and differently in the next process; run the comparison in several processes with the multiproc package

== street single-value n=4096 prefix: ordered vs btree-map
A: 265 ns per operation (median)
B: 174.7 ns per operation (median)
A needs 52% more time than B: B takes only 0.66 times as long as A.
With 95% confidence the difference lies between 48.9% and 56.3% more time (B takes between 0.64 and 0.67 times as long as A).
Noise floor: 2.9%. Identical code measured against itself on this setup can look that different, so smaller differences mean nothing.
Neighbouring measurements are nearly independent (autocorrelation -0.21), so they were resampled one by one.

Verdict: RESOLVED. A is slower than B: the difference is real, as its interval excludes zero and it exceeds the noise floor.

Warnings:
  - the program holds 67 MB of live data, more than the caches of many machines; for data that size, where it lies in memory can shift the result by several points in ways the interval does not cover, and differently in the next process; run the comparison in several processes with the multiproc package

== street single-value n=4096 prefix: ordered vs baseline
A: 266 ns per operation (median)
B: 306.8 ns per operation (median)
A needs 13.2% less time than B: B takes 1.15 times as long as A.
With 95% confidence the difference lies between 12.6% and 14.1% less time (B takes between 1.14 and 1.16 times as long as A).
Noise floor: 0.699%. Identical code measured against itself on this setup can look that different, so smaller differences mean nothing.
Neighbouring measurements are nearly independent (autocorrelation -0.58), so they were resampled one by one.

Verdict: RESOLVED. A is faster than B: the difference is real, as its interval excludes zero and it exceeds the noise floor.

Warnings:
  - the program holds 67 MB of live data, more than the caches of many machines; for data that size, where it lies in memory can shift the result by several points in ways the interval does not cover, and differently in the next process; run the comparison in several processes with the multiproc package

== street single-value n=4096 churn and build: ordered vs btree-map
steady state, per insertion or deletion in a structure of 4096 elements (cycle of 10684 operations, first pass untimed):
  A: 162.5 ns per operation (median)
  B: 178.2 ns per operation (median)
  A needs 9.23% less time than B: B takes 1.10 times as long as A.
  With 95% confidence the difference lies between 8.11% and 10.3% less time (B takes between 1.09 and 1.11 times as long as A).
  Noise floor: 1.82%. Identical code measured against itself on this setup can look that different, so smaller differences mean nothing.
  Neighbouring measurements are nearly independent (autocorrelation -0.21), so they were resampled one by one.
  
  Verdict: RESOLVED. A is faster than B: the difference is real, as its interval excludes zero and it exceeds the noise floor.
  
  Warnings:
    - the program holds 67 MB of live data, more than the caches of many machines; for data that size, where it lies in memory can shift the result by several points in ways the interval does not cover, and differently in the next process; run the comparison in several processes with the multiproc package

build from empty to 4096 elements, per whole build (14748 operations):
  A: 2.603e+06 ns per operation (median)
  B: 2.716e+06 ns per operation (median)
  A needs 4.56% less time than B: B takes 1.05 times as long as A.
  With 95% confidence the difference lies between 3.93% and 6.45% less time (B takes between 1.04 and 1.07 times as long as A).
  Noise floor: 0.782%. Identical code measured against itself on this setup can look that different, so smaller differences mean nothing.
  Neighbouring measurements are nearly independent (autocorrelation +0.01), so they were resampled one by one.
  
  Verdict: RESOLVED. A is faster than B: the difference is real, as its interval excludes zero and it exceeds the noise floor.
  
  Warnings:
    - the program holds 67 MB of live data, more than the caches of many machines; for data that size, where it lies in memory can shift the result by several points in ways the interval does not cover, and differently in the next process; run the comparison in several processes with the multiproc package
    - candidate A drifted during the run: its measurements were 3.05% lower in the second half than in the first, so the machine did not hold still

== street single-value n=4096 churn and build: ordered vs baseline
steady state, per insertion or deletion in a structure of 4096 elements (cycle of 10684 operations, first pass untimed):
  A: 162.5 ns per operation (median)
  B: 163.4 ns per operation (median)
  A needs 0.611% less time than B: B takes 1.01 times as long as A.
  With 95% confidence the difference lies between 0.00017% more time and 1.85% less time (B takes between 1 and 1.02 times as long as A).
  Noise floor: 0.894%. Identical code measured against itself on this setup can look that different, so smaller differences mean nothing.
  Neighbouring measurements are correlated (autocorrelation +0.30), so they were resampled in blocks of 3.
  
  Verdict: NOT RESOLVED. This run did not establish which candidate is faster. That is not the same as "equally fast": the warnings below say what is missing.
  
  Warnings:
    - the difference of 0.61% does not clear the 0.89% noise floor, which is what this setup reports between two runs of identical code
    - the interval [-0.00%, 1.85%] includes zero, so a difference in either direction is consistent with these measurements
    - the program holds 67 MB of live data, more than the caches of many machines; for data that size, where it lies in memory can shift the result by several points in ways the interval does not cover, and differently in the next process; run the comparison in several processes with the multiproc package

build from empty to 4096 elements, per whole build (14748 operations):
  A: 2.554e+06 ns per operation (median)
  B: 2.354e+06 ns per operation (median)
  A needs 8.5% more time than B: B takes only 0.92 times as long as A.
  With 95% confidence the difference lies between 8.08% and 9.19% more time (B takes between 0.916 and 0.93 times as long as A).
  Noise floor: 0.485%. Identical code measured against itself on this setup can look that different, so smaller differences mean nothing.
  Neighbouring measurements are nearly independent (autocorrelation -0.21), so they were resampled one by one.
  
  Verdict: RESOLVED. A is slower than B: the difference is real, as its interval excludes zero and it exceeds the noise floor.
  
  Warnings:
    - the program holds 66 MB of live data, more than the caches of many machines; for data that size, where it lies in memory can shift the result by several points in ways the interval does not cover, and differently in the next process; run the comparison in several processes with the multiproc package

checksum 1001825914732
== street single-value n=4096 valuesFor: ordered vs btree-map
A: 79.64 ns per operation (median)
B: 124.2 ns per operation (median)
A needs 36.5% less time than B: B takes 1.57 times as long as A.
With 95% confidence the difference lies between 34.4% and 38.2% less time (B takes between 1.52 and 1.62 times as long as A).
Noise floor: 4.53%. Identical code measured against itself on this setup can look that different, so smaller differences mean nothing.
Neighbouring measurements are nearly independent (autocorrelation -0.75), so they were resampled one by one.

Verdict: RESOLVED. A is faster than B: the difference is real, as its interval excludes zero and it exceeds the noise floor.

Warnings:
  - the program holds 66 MB of live data, more than the caches of many machines; for data that size, where it lies in memory can shift the result by several points in ways the interval does not cover, and differently in the next process; run the comparison in several processes with the multiproc package

== street single-value n=4096 valuesFor: ordered vs baseline
A: 80.08 ns per operation (median)
B: 68.5 ns per operation (median)
A needs 16.8% more time than B: B takes only 0.86 times as long as A.
With 95% confidence the difference lies between 15.9% and 18% more time (B takes between 0.848 and 0.86 times as long as A).
Noise floor: 0.852%. Identical code measured against itself on this setup can look that different, so smaller differences mean nothing.
Neighbouring measurements are nearly independent (autocorrelation -0.32), so they were resampled one by one.

Verdict: RESOLVED. A is slower than B: the difference is real, as its interval excludes zero and it exceeds the noise floor.

Warnings:
  - the program holds 66 MB of live data, more than the caches of many machines; for data that size, where it lies in memory can shift the result by several points in ways the interval does not cover, and differently in the next process; run the comparison in several processes with the multiproc package

== street single-value n=4096 valuesBetween: ordered vs btree-map
A: 1360 ns per operation (median)
B: 586.8 ns per operation (median)
A needs 131% more time than B: B takes only 0.43 times as long as A.
With 95% confidence the difference lies between 130% and 136% more time (B takes between 0.423 and 0.44 times as long as A).
Noise floor: 1.61%. Identical code measured against itself on this setup can look that different, so smaller differences mean nothing.
Neighbouring measurements are nearly independent (autocorrelation -0.54), so they were resampled one by one.

Verdict: RESOLVED. A is slower than B: the difference is real, as its interval excludes zero and it exceeds the noise floor.

Warnings:
  - the program holds 66 MB of live data, more than the caches of many machines; for data that size, where it lies in memory can shift the result by several points in ways the interval does not cover, and differently in the next process; run the comparison in several processes with the multiproc package

== street single-value n=4096 valuesBetween: ordered vs baseline
A: 1400 ns per operation (median)
B: 2749 ns per operation (median)
A needs 48.8% less time than B: B takes 1.95 times as long as A.
With 95% confidence the difference lies between 48.2% and 50.1% less time (B takes between 1.93 and 2.00 times as long as A).
Noise floor: 1.26%. Identical code measured against itself on this setup can look that different, so smaller differences mean nothing.
Neighbouring measurements are nearly independent (autocorrelation -0.70), so they were resampled one by one.

Verdict: RESOLVED. A is faster than B: the difference is real, as its interval excludes zero and it exceeds the noise floor.

Warnings:
  - the program holds 66 MB of live data, more than the caches of many machines; for data that size, where it lies in memory can shift the result by several points in ways the interval does not cover, and differently in the next process; run the comparison in several processes with the multiproc package
  - candidate A drifted during the run: its measurements were 3.05% higher in the second half than in the first, so the machine did not hold still
  - candidate B drifted during the run: its measurements were 2.67% higher in the second half than in the first, so the machine did not hold still

== street single-value n=4096 prefix: ordered vs btree-map
A: 264.5 ns per operation (median)
B: 174.5 ns per operation (median)
A needs 51.3% more time than B: B takes only 0.66 times as long as A.
With 95% confidence the difference lies between 49.9% and 56.9% more time (B takes between 0.637 and 0.67 times as long as A).
Noise floor: 3.58%. Identical code measured against itself on this setup can look that different, so smaller differences mean nothing.
Neighbouring measurements are nearly independent (autocorrelation -0.14), so they were resampled one by one.

Verdict: RESOLVED. A is slower than B: the difference is real, as its interval excludes zero and it exceeds the noise floor.

Warnings:
  - the program holds 66 MB of live data, more than the caches of many machines; for data that size, where it lies in memory can shift the result by several points in ways the interval does not cover, and differently in the next process; run the comparison in several processes with the multiproc package

== street single-value n=4096 prefix: ordered vs baseline
A: 266 ns per operation (median)
B: 309.2 ns per operation (median)
A needs 13.8% less time than B: B takes 1.16 times as long as A.
With 95% confidence the difference lies between 12.7% and 14.7% less time (B takes between 1.15 and 1.17 times as long as A).
Noise floor: 0.649%. Identical code measured against itself on this setup can look that different, so smaller differences mean nothing.
Neighbouring measurements are nearly independent (autocorrelation -0.55), so they were resampled one by one.

Verdict: RESOLVED. A is faster than B: the difference is real, as its interval excludes zero and it exceeds the noise floor.

Warnings:
  - the program holds 66 MB of live data, more than the caches of many machines; for data that size, where it lies in memory can shift the result by several points in ways the interval does not cover, and differently in the next process; run the comparison in several processes with the multiproc package

== street single-value n=4096 churn and build: ordered vs btree-map
steady state, per insertion or deletion in a structure of 4096 elements (cycle of 10684 operations, first pass untimed):
  A: 163.2 ns per operation (median)
  B: 180 ns per operation (median)
  A needs 9.05% less time than B: B takes 1.10 times as long as A.
  With 95% confidence the difference lies between 8.14% and 10.1% less time (B takes between 1.09 and 1.11 times as long as A).
  Noise floor: 1.8%. Identical code measured against itself on this setup can look that different, so smaller differences mean nothing.
  Neighbouring measurements are nearly independent (autocorrelation +0.18), so they were resampled one by one.
  
  Verdict: RESOLVED. A is faster than B: the difference is real, as its interval excludes zero and it exceeds the noise floor.
  
  Warnings:
    - the program holds 67 MB of live data, more than the caches of many machines; for data that size, where it lies in memory can shift the result by several points in ways the interval does not cover, and differently in the next process; run the comparison in several processes with the multiproc package

build from empty to 4096 elements, per whole build (14748 operations):
  A: 2.534e+06 ns per operation (median)
  B: 2.691e+06 ns per operation (median)
  A needs 6% less time than B: B takes 1.06 times as long as A.
  With 95% confidence the difference lies between 4.78% and 6.23% less time (B takes between 1.05 and 1.07 times as long as A).
  Noise floor: 0.3%. Identical code measured against itself on this setup can look that different, so smaller differences mean nothing.
  Neighbouring measurements are nearly independent (autocorrelation -0.09), so they were resampled one by one.
  
  Verdict: RESOLVED. A is faster than B: the difference is real, as its interval excludes zero and it exceeds the noise floor.
  
  Warnings:
    - the program holds 67 MB of live data, more than the caches of many machines; for data that size, where it lies in memory can shift the result by several points in ways the interval does not cover, and differently in the next process; run the comparison in several processes with the multiproc package

== street single-value n=4096 churn and build: ordered vs baseline
steady state, per insertion or deletion in a structure of 4096 elements (cycle of 10684 operations, first pass untimed):
  A: 163 ns per operation (median)
  B: 164.1 ns per operation (median)
  A needs 0.921% less time than B: B takes 1.01 times as long as A.
  With 95% confidence the difference lies between 0.304% and 1.42% less time (B takes between 1 and 1.01 times as long as A).
  Noise floor: 0.548%. Identical code measured against itself on this setup can look that different, so smaller differences mean nothing.
  Neighbouring measurements are nearly independent (autocorrelation +0.06), so they were resampled one by one.
  
  Verdict: RESOLVED. A is faster than B: the difference is real, as its interval excludes zero and it exceeds the noise floor.
  
  Warnings:
    - the program holds 68 MB of live data, more than the caches of many machines; for data that size, where it lies in memory can shift the result by several points in ways the interval does not cover, and differently in the next process; run the comparison in several processes with the multiproc package

build from empty to 4096 elements, per whole build (14748 operations):
  A: 2.562e+06 ns per operation (median)
  B: 2.343e+06 ns per operation (median)
  A needs 9.68% more time than B: B takes only 0.91 times as long as A.
  With 95% confidence the difference lies between 8.86% and 10.2% more time (B takes between 0.907 and 0.92 times as long as A).
  Noise floor: 0.296%. Identical code measured against itself on this setup can look that different, so smaller differences mean nothing.
  Neighbouring measurements are nearly independent (autocorrelation -0.08), so they were resampled one by one.
  
  Verdict: RESOLVED. A is slower than B: the difference is real, as its interval excludes zero and it exceeds the noise floor.
  
  Warnings:
    - the program holds 67 MB of live data, more than the caches of many machines; for data that size, where it lies in memory can shift the result by several points in ways the interval does not cover, and differently in the next process; run the comparison in several processes with the multiproc package

checksum 999324307290
== street single-value n=4096 valuesFor: ordered vs btree-map
A: 80.84 ns per operation (median)
B: 128.3 ns per operation (median)
A needs 35.8% less time than B: B takes 1.56 times as long as A.
With 95% confidence the difference lies between 34.8% and 38.8% less time (B takes between 1.53 and 1.63 times as long as A).
Noise floor: 3.8%. Identical code measured against itself on this setup can look that different, so smaller differences mean nothing.
Neighbouring measurements are nearly independent (autocorrelation -0.55), so they were resampled one by one.

Verdict: RESOLVED. A is faster than B: the difference is real, as its interval excludes zero and it exceeds the noise floor.

Warnings:
  - the program holds 64 MB of live data, more than the caches of many machines; for data that size, where it lies in memory can shift the result by several points in ways the interval does not cover, and differently in the next process; run the comparison in several processes with the multiproc package
  - in 50% of A/A runs this setup reported a difference between identical code, well above the 10% expected; treat any confidence from it with suspicion

== street single-value n=4096 valuesFor: ordered vs baseline
A: 79.89 ns per operation (median)
B: 68.83 ns per operation (median)
A needs 16.3% more time than B: B takes only 0.86 times as long as A.
With 95% confidence the difference lies between 15% and 17.2% more time (B takes between 0.853 and 0.87 times as long as A).
Noise floor: 0.537%. Identical code measured against itself on this setup can look that different, so smaller differences mean nothing.
Neighbouring measurements are nearly independent (autocorrelation -0.47), so they were resampled one by one.

Verdict: RESOLVED. A is slower than B: the difference is real, as its interval excludes zero and it exceeds the noise floor.

Warnings:
  - the program holds 64 MB of live data, more than the caches of many machines; for data that size, where it lies in memory can shift the result by several points in ways the interval does not cover, and differently in the next process; run the comparison in several processes with the multiproc package

== street single-value n=4096 valuesBetween: ordered vs btree-map
A: 1378 ns per operation (median)
B: 595.4 ns per operation (median)
A needs 132% more time than B: B takes only 0.43 times as long as A.
With 95% confidence the difference lies between 129% and 137% more time (B takes between 0.421 and 0.44 times as long as A).
Noise floor: 1.57%. Identical code measured against itself on this setup can look that different, so smaller differences mean nothing.
Neighbouring measurements are nearly independent (autocorrelation -0.01), so they were resampled one by one.

Verdict: RESOLVED. A is slower than B: the difference is real, as its interval excludes zero and it exceeds the noise floor.

Warnings:
  - the program holds 64 MB of live data, more than the caches of many machines; for data that size, where it lies in memory can shift the result by several points in ways the interval does not cover, and differently in the next process; run the comparison in several processes with the multiproc package

== street single-value n=4096 valuesBetween: ordered vs baseline
A: 1391 ns per operation (median)
B: 2732 ns per operation (median)
A needs 49.5% less time than B: B takes 1.98 times as long as A.
With 95% confidence the difference lies between 48.3% and 50% less time (B takes between 1.93 and 2.00 times as long as A).
Noise floor: 1.94%. Identical code measured against itself on this setup can look that different, so smaller differences mean nothing.
Neighbouring measurements are nearly independent (autocorrelation -0.12), so they were resampled one by one.

Verdict: RESOLVED. A is faster than B: the difference is real, as its interval excludes zero and it exceeds the noise floor.

Warnings:
  - the program holds 64 MB of live data, more than the caches of many machines; for data that size, where it lies in memory can shift the result by several points in ways the interval does not cover, and differently in the next process; run the comparison in several processes with the multiproc package

== street single-value n=4096 prefix: ordered vs btree-map
A: 264.3 ns per operation (median)
B: 173 ns per operation (median)
A needs 53.9% more time than B: B takes only 0.65 times as long as A.
With 95% confidence the difference lies between 50.3% and 57.5% more time (B takes between 0.635 and 0.67 times as long as A).
Noise floor: 2.86%. Identical code measured against itself on this setup can look that different, so smaller differences mean nothing.
Neighbouring measurements are nearly independent (autocorrelation -0.47), so they were resampled one by one.

Verdict: RESOLVED. A is slower than B: the difference is real, as its interval excludes zero and it exceeds the noise floor.

Warnings:
  - the program holds 64 MB of live data, more than the caches of many machines; for data that size, where it lies in memory can shift the result by several points in ways the interval does not cover, and differently in the next process; run the comparison in several processes with the multiproc package

== street single-value n=4096 prefix: ordered vs baseline
A: 266 ns per operation (median)
B: 306.8 ns per operation (median)
A needs 13.6% less time than B: B takes 1.16 times as long as A.
With 95% confidence the difference lies between 12.3% and 14.3% less time (B takes between 1.14 and 1.17 times as long as A).
Noise floor: 0.938%. Identical code measured against itself on this setup can look that different, so smaller differences mean nothing.
Neighbouring measurements are nearly independent (autocorrelation -0.58), so they were resampled one by one.

Verdict: RESOLVED. A is faster than B: the difference is real, as its interval excludes zero and it exceeds the noise floor.

Warnings:
  - the program holds 64 MB of live data, more than the caches of many machines; for data that size, where it lies in memory can shift the result by several points in ways the interval does not cover, and differently in the next process; run the comparison in several processes with the multiproc package
  - in 50% of A/A runs this setup reported a difference between identical code, well above the 10% expected; treat any confidence from it with suspicion

== street single-value n=4096 churn and build: ordered vs btree-map
steady state, per insertion or deletion in a structure of 4096 elements (cycle of 10684 operations, first pass untimed):
  A: 165.4 ns per operation (median)
  B: 184.8 ns per operation (median)
  A needs 10.3% less time than B: B takes 1.11 times as long as A.
  With 95% confidence the difference lies between 8.49% and 11.4% less time (B takes between 1.09 and 1.13 times as long as A).
  Noise floor: 1.78%. Identical code measured against itself on this setup can look that different, so smaller differences mean nothing.
  Neighbouring measurements are nearly independent (autocorrelation -0.06), so they were resampled one by one.
  
  Verdict: RESOLVED. A is faster than B: the difference is real, as its interval excludes zero and it exceeds the noise floor.
  
  Warnings:
    - the program holds 68 MB of live data, more than the caches of many machines; for data that size, where it lies in memory can shift the result by several points in ways the interval does not cover, and differently in the next process; run the comparison in several processes with the multiproc package
    - candidate A drifted during the run: its measurements were 3.51% lower in the second half than in the first, so the machine did not hold still
    - candidate B drifted during the run: its measurements were 4.61% lower in the second half than in the first, so the machine did not hold still

build from empty to 4096 elements, per whole build (14748 operations):
  A: 2.572e+06 ns per operation (median)
  B: 2.699e+06 ns per operation (median)
  A needs 4.96% less time than B: B takes 1.05 times as long as A.
  With 95% confidence the difference lies between 4.35% and 6.42% less time (B takes between 1.05 and 1.07 times as long as A).
  Noise floor: 0.858%. Identical code measured against itself on this setup can look that different, so smaller differences mean nothing.
  Neighbouring measurements are nearly independent (autocorrelation -0.14), so they were resampled one by one.
  
  Verdict: RESOLVED. A is faster than B: the difference is real, as its interval excludes zero and it exceeds the noise floor.
  
  Warnings:
    - the program holds 67 MB of live data, more than the caches of many machines; for data that size, where it lies in memory can shift the result by several points in ways the interval does not cover, and differently in the next process; run the comparison in several processes with the multiproc package

== street single-value n=4096 churn and build: ordered vs baseline
steady state, per insertion or deletion in a structure of 4096 elements (cycle of 10684 operations, first pass untimed):
  A: 161.4 ns per operation (median)
  B: 163.3 ns per operation (median)
  A needs 1.35% less time than B: B takes 1.01 times as long as A.
  With 95% confidence the difference lies between 0.817% and 1.83% less time (B takes between 1.01 and 1.02 times as long as A).
  Noise floor: 1.64%. Identical code measured against itself on this setup can look that different, so smaller differences mean nothing.
  Neighbouring measurements are nearly independent (autocorrelation +0.10), so they were resampled one by one.
  
  Verdict: NOT RESOLVED. This run did not establish which candidate is faster. That is not the same as "equally fast": the warnings below say what is missing.
  
  Warnings:
    - the difference of 1.35% does not clear the 1.64% noise floor, which is what this setup reports between two runs of identical code
    - the program holds 68 MB of live data, more than the caches of many machines; for data that size, where it lies in memory can shift the result by several points in ways the interval does not cover, and differently in the next process; run the comparison in several processes with the multiproc package

build from empty to 4096 elements, per whole build (14748 operations):
  A: 2.572e+06 ns per operation (median)
  B: 2.367e+06 ns per operation (median)
  A needs 8.82% more time than B: B takes only 0.92 times as long as A.
  With 95% confidence the difference lies between 8.03% and 9.93% more time (B takes between 0.91 and 0.93 times as long as A).
  Noise floor: 0.583%. Identical code measured against itself on this setup can look that different, so smaller differences mean nothing.
  Neighbouring measurements are nearly independent (autocorrelation -0.15), so they were resampled one by one.
  
  Verdict: RESOLVED. A is slower than B: the difference is real, as its interval excludes zero and it exceeds the noise floor.
  
  Warnings:
    - the program holds 67 MB of live data, more than the caches of many machines; for data that size, where it lies in memory can shift the result by several points in ways the interval does not cover, and differently in the next process; run the comparison in several processes with the multiproc package

checksum 997741963651
