15:58:20  start: -suite dev -minprocs 6 -maxprocs 8 -memn 262144 -memrounds 3 -keys dirs -values natural -sizes 4096,16384,86215 -vs baseline,btree-sets -out C:\temp\bench-win\m42-u64-dirs-real
15:58:38  dirs natural n=4096: 1 processes done; the first stage is at least 6
15:58:57  dirs natural n=4096: 2 processes done; the first stage is at least 6
15:59:15  dirs natural n=4096: 3 processes done; the first stage is at least 6
15:59:34  dirs natural n=4096: 4 processes done; the first stage is at least 6
15:59:52  dirs natural n=4096: 5 processes done; the first stage is at least 6
16:00:10  dirs natural n=4096: first stage of 6 processes done; valuesBetween ordered baseline needs 11 processes for its interval, run in whole pairs of processes (at most 8)
16:00:10  dirs natural n=4096: 6 processes done; 2 of 10 comparisons not yet within the interval asked for; widest ±2.7 pts: valuesBetween ordered baseline
16:00:29  dirs natural n=4096: 7 processes done; 2 of 10 comparisons not yet within the interval asked for; widest ±2.5 pts: valuesBetween ordered baseline
16:00:47  dirs natural n=4096: 8 processes done; 1 of 10 comparisons not yet within the interval asked for; widest ±2.3 pts: valuesBetween ordered baseline
16:00:47  warning: dirs natural n=4096 stopped after 8 processes, before every interval was as precise as asked
16:01:27  dirs natural n=16384: 1 processes done; the first stage is at least 6
16:02:07  dirs natural n=16384: 2 processes done; the first stage is at least 6
16:02:47  dirs natural n=16384: 3 processes done; the first stage is at least 6
16:03:26  dirs natural n=16384: 4 processes done; the first stage is at least 6
16:04:06  dirs natural n=16384: 5 processes done; the first stage is at least 6
16:04:46  dirs natural n=16384: first stage of 6 processes done; prefix ordered baseline needs 14 processes for its interval, run in whole pairs of processes (at most 8)
16:04:46  dirs natural n=16384: 6 processes done; 1 of 10 comparisons not yet within the interval asked for; widest ±3.1 pts: prefix ordered baseline
16:05:25  dirs natural n=16384: 7 processes done; 1 of 10 comparisons not yet within the interval asked for; widest ±2.9 pts: prefix ordered baseline
16:06:05  dirs natural n=16384: 8 processes done; 1 of 10 comparisons not yet within the interval asked for; widest ±2.7 pts: prefix ordered baseline
16:06:05  warning: dirs natural n=16384 stopped after 8 processes, before every interval was as precise as asked
16:06:34  dirs natural n=86215: 1 processes done; the first stage is at least 6
16:07:03  dirs natural n=86215: 2 processes done; the first stage is at least 6
16:07:32  dirs natural n=86215: 3 processes done; the first stage is at least 6
16:08:00  dirs natural n=86215: 4 processes done; the first stage is at least 6
16:08:29  dirs natural n=86215: 5 processes done; the first stage is at least 6
16:08:58  dirs natural n=86215: first stage of 6 processes done; churn ordered baseline needs 48 processes for its interval, run in whole pairs of processes (at most 8)
16:08:58  dirs natural n=86215: 6 processes done; 3 of 8 comparisons not yet within the interval asked for; widest ±5.6 pts: churn ordered baseline
16:09:27  dirs natural n=86215: 7 processes done; 3 of 8 comparisons not yet within the interval asked for; widest ±5.2 pts: churn ordered baseline
16:09:56  dirs natural n=86215: 8 processes done; 3 of 8 comparisons not yet within the interval asked for; widest ±4.9 pts: churn ordered baseline
16:09:56  warning: dirs natural n=86215 stopped after 8 processes, before every interval was as precise as asked
16:09:58  memory round 1 of 3 done
16:10:00  memory round 2 of 3 done
16:10:03  memory round 3 of 3 done
16:10:03  done after 11m43s
