== dirs multi n=4096 valuesFor: ordered vs hashed
A: 86.26 ns per operation (median)
B: 32.18 ns per operation (median)
A needs 167% more time than B: B takes only 0.37 times as long as A.
With 95% confidence the difference lies between 164% and 172% more time (B takes between 0.368 and 0.38 times as long as A).
Noise floor: 1.57%. Identical code measured against itself on this setup can look that different, so smaller differences mean nothing.
Neighbouring measurements are nearly independent (autocorrelation -0.05), so they were resampled one by one.

Verdict: RESOLVED. A is slower than B: the difference is real, as its interval excludes zero and it exceeds the noise floor.

Warnings:
  - the program holds 93 MB of live data, more than the caches of many machines; for data that size, where it lies in memory can shift the result by several points in ways the interval does not cover, and differently in the next process; run the comparison in several processes with the multiproc package
  - in 50% of A/A runs this setup reported a difference between identical code, well above the 10% expected; treat any confidence from it with suspicion

== dirs multi n=4096 valuesFor: ordered vs btree-sets
A: 87.04 ns per operation (median)
B: 160.6 ns per operation (median)
A needs 46.1% less time than B: B takes 1.86 times as long as A.
With 95% confidence the difference lies between 44.5% and 47.9% less time (B takes between 1.8 and 1.92 times as long as A).
Noise floor: 2.3%. Identical code measured against itself on this setup can look that different, so smaller differences mean nothing.
Neighbouring measurements are nearly independent (autocorrelation +0.00), so they were resampled one by one.

Verdict: RESOLVED. A is faster than B: the difference is real, as its interval excludes zero and it exceeds the noise floor.

Warnings:
  - the program holds 93 MB of live data, more than the caches of many machines; for data that size, where it lies in memory can shift the result by several points in ways the interval does not cover, and differently in the next process; run the comparison in several processes with the multiproc package
  - the ratio B/A was 5.76% lower in the second half of the run than in the first, so the candidates had not reached a steady state and the difference depends on how long the run was; a common cause is a head start for whichever candidate ran alone last before the comparison or had its data built last, which a longer CollectOptions.WarmupDuration removes

== dirs multi n=4096 valuesFor: ordered vs map-sets
A: 84.66 ns per operation (median)
B: 73.23 ns per operation (median)
A needs 14.4% more time than B: B takes only 0.87 times as long as A.
With 95% confidence the difference lies between 13.7% and 16.1% more time (B takes between 0.861 and 0.88 times as long as A).
Noise floor: 1.49%. Identical code measured against itself on this setup can look that different, so smaller differences mean nothing.
Neighbouring measurements are nearly independent (autocorrelation +0.11), so they were resampled one by one.

Verdict: RESOLVED. A is slower than B: the difference is real, as its interval excludes zero and it exceeds the noise floor.

Warnings:
  - the program holds 116 MB of live data, more than the caches of many machines; for data that size, where it lies in memory can shift the result by several points in ways the interval does not cover, and differently in the next process; run the comparison in several processes with the multiproc package

== dirs multi n=4096 valuesBetween: ordered vs hashed
A: 2841 ns per operation (median)
B: 5.643e+04 ns per operation (median)
A needs 95% less time than B: B takes 19.89 times as long as A.
With 95% confidence the difference lies between 94.9% and 95.1% less time (B takes between 19.6 and 20.28 times as long as A).
Noise floor: 4.1%. Identical code measured against itself on this setup can look that different, so smaller differences mean nothing.
Neighbouring measurements are nearly independent (autocorrelation -0.06), so they were resampled one by one.

Verdict: RESOLVED. A is faster than B: the difference is real, as its interval excludes zero and it exceeds the noise floor.

Warnings:
  - the program holds 116 MB of live data, more than the caches of many machines; for data that size, where it lies in memory can shift the result by several points in ways the interval does not cover, and differently in the next process; run the comparison in several processes with the multiproc package

== dirs multi n=4096 valuesBetween: ordered vs btree-sets
A: 2718 ns per operation (median)
B: 5502 ns per operation (median)
A needs 50.2% less time than B: B takes 2.01 times as long as A.
With 95% confidence the difference lies between 49.6% and 52.2% less time (B takes between 1.98 and 2.09 times as long as A).
Noise floor: 1.96%. Identical code measured against itself on this setup can look that different, so smaller differences mean nothing.
Neighbouring measurements are nearly independent (autocorrelation -0.09), so they were resampled one by one.

Verdict: RESOLVED. A is faster than B: the difference is real, as its interval excludes zero and it exceeds the noise floor.

Warnings:
  - the program holds 116 MB of live data, more than the caches of many machines; for data that size, where it lies in memory can shift the result by several points in ways the interval does not cover, and differently in the next process; run the comparison in several processes with the multiproc package

== dirs multi n=4096 valuesBetween: ordered vs map-sets
A: 2781 ns per operation (median)
B: 5.69e+04 ns per operation (median)
A needs 95.2% less time than B: B takes 20.63 times as long as A.
With 95% confidence the difference lies between 95% and 95.2% less time (B takes between 20 and 20.87 times as long as A).
Noise floor: 4.26%. Identical code measured against itself on this setup can look that different, so smaller differences mean nothing.
Neighbouring measurements are nearly independent (autocorrelation +0.01), so they were resampled one by one.

Verdict: RESOLVED. A is faster than B: the difference is real, as its interval excludes zero and it exceeds the noise floor.

Warnings:
  - the program holds 116 MB of live data, more than the caches of many machines; for data that size, where it lies in memory can shift the result by several points in ways the interval does not cover, and differently in the next process; run the comparison in several processes with the multiproc package
  - in 50% of A/A runs this setup reported a difference between identical code, well above the 10% expected; treat any confidence from it with suspicion

== dirs multi n=4096 prefix: ordered vs hashed
A: 2912 ns per operation (median)
B: 5.608e+04 ns per operation (median)
A needs 94.9% less time than B: B takes 19.49 times as long as A.
With 95% confidence the difference lies between 94.6% and 95% less time (B takes between 18.4 and 19.91 times as long as A).
Noise floor: 2.87%. Identical code measured against itself on this setup can look that different, so smaller differences mean nothing.
Neighbouring measurements are nearly independent (autocorrelation -0.20), so they were resampled one by one.

Verdict: RESOLVED. A is faster than B: the difference is real, as its interval excludes zero and it exceeds the noise floor.

Warnings:
  - the program holds 116 MB of live data, more than the caches of many machines; for data that size, where it lies in memory can shift the result by several points in ways the interval does not cover, and differently in the next process; run the comparison in several processes with the multiproc package

== dirs multi n=4096 prefix: ordered vs btree-sets
A: 2837 ns per operation (median)
B: 7529 ns per operation (median)
A needs 62% less time than B: B takes 2.63 times as long as A.
With 95% confidence the difference lies between 59.5% and 65.4% less time (B takes between 2.47 and 2.89 times as long as A).
Noise floor: 8.18%. Identical code measured against itself on this setup can look that different, so smaller differences mean nothing.
Neighbouring measurements are nearly independent (autocorrelation +0.06), so they were resampled one by one.

Verdict: RESOLVED. A is faster than B: the difference is real, as its interval excludes zero and it exceeds the noise floor.

Warnings:
  - the program holds 116 MB of live data, more than the caches of many machines; for data that size, where it lies in memory can shift the result by several points in ways the interval does not cover, and differently in the next process; run the comparison in several processes with the multiproc package
  - in 100% of A/A runs this setup reported a difference between identical code, well above the 10% expected; treat any confidence from it with suspicion

== dirs multi n=4096 prefix: ordered vs map-sets
A: 2964 ns per operation (median)
B: 5.87e+04 ns per operation (median)
A needs 94.9% less time than B: B takes 19.54 times as long as A.
With 95% confidence the difference lies between 94.6% and 95.2% less time (B takes between 18.6 and 20.95 times as long as A).
Noise floor: 3.4%. Identical code measured against itself on this setup can look that different, so smaller differences mean nothing.
Neighbouring measurements are nearly independent (autocorrelation -0.01), so they were resampled one by one.

Verdict: RESOLVED. A is faster than B: the difference is real, as its interval excludes zero and it exceeds the noise floor.

Warnings:
  - the program holds 116 MB of live data, more than the caches of many machines; for data that size, where it lies in memory can shift the result by several points in ways the interval does not cover, and differently in the next process; run the comparison in several processes with the multiproc package
  - in 50% of A/A runs this setup reported a difference between identical code, well above the 10% expected; treat any confidence from it with suspicion

== dirs multi n=4096 churn and build: ordered vs hashed
steady state, per insertion or deletion in a structure of 12775 elements (cycle of 33454 operations, first pass untimed):
  A: 165.4 ns per operation (median)
  B: 74.06 ns per operation (median)
  A needs 123% more time than B: B takes only 0.45 times as long as A.
  With 95% confidence the difference lies between 122% and 128% more time (B takes between 0.438 and 0.45 times as long as A).
  Noise floor: 1.35%. Identical code measured against itself on this setup can look that different, so smaller differences mean nothing.
  Neighbouring measurements are nearly independent (autocorrelation -0.03), so they were resampled one by one.
  
  Verdict: RESOLVED. A is slower than B: the difference is real, as its interval excludes zero and it exceeds the noise floor.
  
  Warnings:
    - the program holds 119 MB of live data, more than the caches of many machines; for data that size, where it lies in memory can shift the result by several points in ways the interval does not cover, and differently in the next process; run the comparison in several processes with the multiproc package
    - in 50% of A/A runs this setup reported a difference between identical code, well above the 10% expected; treat any confidence from it with suspicion

build from empty to 12775 elements, per whole build (45983 operations):
  A: 7.986e+06 ns per operation (median)
  B: 3.801e+06 ns per operation (median)
  A needs 110% more time than B: B takes only 0.48 times as long as A.
  With 95% confidence the difference lies between 104% and 113% more time (B takes between 0.47 and 0.49 times as long as A).
  Noise floor: 2.04%. Identical code measured against itself on this setup can look that different, so smaller differences mean nothing.
  Neighbouring measurements are nearly independent (autocorrelation -0.14), so they were resampled one by one.
  
  Verdict: RESOLVED. A is slower than B: the difference is real, as its interval excludes zero and it exceeds the noise floor.
  
  Warnings:
    - the program holds 116 MB of live data, more than the caches of many machines; for data that size, where it lies in memory can shift the result by several points in ways the interval does not cover, and differently in the next process; run the comparison in several processes with the multiproc package
    - in 50% of A/A runs this setup reported a difference between identical code, well above the 10% expected; treat any confidence from it with suspicion

== dirs multi n=4096 churn and build: ordered vs btree-sets
steady state, per insertion or deletion in a structure of 12775 elements (cycle of 33454 operations, first pass untimed):
  A: 170.9 ns per operation (median)
  B: 245.2 ns per operation (median)
  A needs 30.6% less time than B: B takes 1.44 times as long as A.
  With 95% confidence the difference lies between 27.5% and 32.5% less time (B takes between 1.38 and 1.48 times as long as A).
  Noise floor: 1.91%. Identical code measured against itself on this setup can look that different, so smaller differences mean nothing.
  Neighbouring measurements are nearly independent (autocorrelation -0.03), so they were resampled one by one.
  
  Verdict: RESOLVED. A is faster than B: the difference is real, as its interval excludes zero and it exceeds the noise floor.
  
  Warnings:
    - the program holds 120 MB of live data, more than the caches of many machines; for data that size, where it lies in memory can shift the result by several points in ways the interval does not cover, and differently in the next process; run the comparison in several processes with the multiproc package
    - candidate B drifted during the run: its measurements were 4.31% higher in the second half than in the first, so the machine did not hold still

build from empty to 12775 elements, per whole build (45983 operations):
  A: 7.827e+06 ns per operation (median)
  B: 1.192e+07 ns per operation (median)
  A needs 33.1% less time than B: B takes 1.49 times as long as A.
  With 95% confidence the difference lies between 31.7% and 34.9% less time (B takes between 1.46 and 1.54 times as long as A).
  Noise floor: 1.78%. Identical code measured against itself on this setup can look that different, so smaller differences mean nothing.
  Neighbouring measurements are nearly independent (autocorrelation -0.40), so they were resampled one by one.
  
  Verdict: RESOLVED. A is faster than B: the difference is real, as its interval excludes zero and it exceeds the noise floor.
  
  Warnings:
    - the program holds 116 MB of live data, more than the caches of many machines; for data that size, where it lies in memory can shift the result by several points in ways the interval does not cover, and differently in the next process; run the comparison in several processes with the multiproc package

== dirs multi n=4096 churn and build: ordered vs map-sets
steady state, per insertion or deletion in a structure of 12775 elements (cycle of 33454 operations, first pass untimed):
  A: 161.7 ns per operation (median)
  B: 79.23 ns per operation (median)
  A needs 104% more time than B: B takes only 0.49 times as long as A.
  With 95% confidence the difference lies between 99.6% and 107% more time (B takes between 0.484 and 0.50 times as long as A).
  Noise floor: 0.599%. Identical code measured against itself on this setup can look that different, so smaller differences mean nothing.
  Neighbouring measurements are nearly independent (autocorrelation +0.19), so they were resampled one by one.
  
  Verdict: RESOLVED. A is slower than B: the difference is real, as its interval excludes zero and it exceeds the noise floor.
  
  Warnings:
    - the program holds 120 MB of live data, more than the caches of many machines; for data that size, where it lies in memory can shift the result by several points in ways the interval does not cover, and differently in the next process; run the comparison in several processes with the multiproc package

build from empty to 12775 elements, per whole build (45983 operations):
  A: 8.069e+06 ns per operation (median)
  B: 4.694e+06 ns per operation (median)
  A needs 71.7% more time than B: B takes only 0.58 times as long as A.
  With 95% confidence the difference lies between 67.1% and 82.2% more time (B takes between 0.549 and 0.60 times as long as A).
  Noise floor: 4.8%. Identical code measured against itself on this setup can look that different, so smaller differences mean nothing.
  Neighbouring measurements are nearly independent (autocorrelation -0.21), so they were resampled one by one.
  
  Verdict: RESOLVED. A is slower than B: the difference is real, as its interval excludes zero and it exceeds the noise floor.
  
  Warnings:
    - the program holds 116 MB of live data, more than the caches of many machines; for data that size, where it lies in memory can shift the result by several points in ways the interval does not cover, and differently in the next process; run the comparison in several processes with the multiproc package

checksum 7362680894391817320
== dirs multi n=4096 valuesFor: ordered vs hashed
A: 83.72 ns per operation (median)
B: 31.99 ns per operation (median)
A needs 163% more time than B: B takes only 0.38 times as long as A.
With 95% confidence the difference lies between 160% and 167% more time (B takes between 0.375 and 0.38 times as long as A).
Noise floor: 0.723%. Identical code measured against itself on this setup can look that different, so smaller differences mean nothing.
Neighbouring measurements are nearly independent (autocorrelation +0.01), so they were resampled one by one.

Verdict: RESOLVED. A is slower than B: the difference is real, as its interval excludes zero and it exceeds the noise floor.

Warnings:
  - the program holds 116 MB of live data, more than the caches of many machines; for data that size, where it lies in memory can shift the result by several points in ways the interval does not cover, and differently in the next process; run the comparison in several processes with the multiproc package

== dirs multi n=4096 valuesFor: ordered vs btree-sets
A: 86.04 ns per operation (median)
B: 161.4 ns per operation (median)
A needs 46.9% less time than B: B takes 1.88 times as long as A.
With 95% confidence the difference lies between 45.5% and 48.4% less time (B takes between 1.84 and 1.94 times as long as A).
Noise floor: 1.77%. Identical code measured against itself on this setup can look that different, so smaller differences mean nothing.
Neighbouring measurements are nearly independent (autocorrelation -0.02), so they were resampled one by one.

Verdict: RESOLVED. A is faster than B: the difference is real, as its interval excludes zero and it exceeds the noise floor.

Warnings:
  - the program holds 116 MB of live data, more than the caches of many machines; for data that size, where it lies in memory can shift the result by several points in ways the interval does not cover, and differently in the next process; run the comparison in several processes with the multiproc package

== dirs multi n=4096 valuesFor: ordered vs map-sets
A: 83.52 ns per operation (median)
B: 71.52 ns per operation (median)
A needs 16.6% more time than B: B takes only 0.86 times as long as A.
With 95% confidence the difference lies between 15.4% and 17.9% more time (B takes between 0.848 and 0.87 times as long as A).
Noise floor: 2.19%. Identical code measured against itself on this setup can look that different, so smaller differences mean nothing.
Neighbouring measurements are nearly independent (autocorrelation -0.03), so they were resampled one by one.

Verdict: RESOLVED. A is slower than B: the difference is real, as its interval excludes zero and it exceeds the noise floor.

Warnings:
  - the program holds 116 MB of live data, more than the caches of many machines; for data that size, where it lies in memory can shift the result by several points in ways the interval does not cover, and differently in the next process; run the comparison in several processes with the multiproc package
  - in 50% of A/A runs this setup reported a difference between identical code, well above the 10% expected; treat any confidence from it with suspicion

== dirs multi n=4096 valuesBetween: ordered vs hashed
A: 2902 ns per operation (median)
B: 5.589e+04 ns per operation (median)
A needs 94.8% less time than B: B takes 19.38 times as long as A.
With 95% confidence the difference lies between 94.7% and 95.1% less time (B takes between 18.9 and 20.24 times as long as A).
Noise floor: 2.98%. Identical code measured against itself on this setup can look that different, so smaller differences mean nothing.
Neighbouring measurements are nearly independent (autocorrelation -0.07), so they were resampled one by one.

Verdict: RESOLVED. A is faster than B: the difference is real, as its interval excludes zero and it exceeds the noise floor.

Warnings:
  - the program holds 116 MB of live data, more than the caches of many machines; for data that size, where it lies in memory can shift the result by several points in ways the interval does not cover, and differently in the next process; run the comparison in several processes with the multiproc package

== dirs multi n=4096 valuesBetween: ordered vs btree-sets
A: 2737 ns per operation (median)
B: 5524 ns per operation (median)
A needs 50.2% less time than B: B takes 2.01 times as long as A.
With 95% confidence the difference lies between 48.8% and 51.1% less time (B takes between 1.95 and 2.05 times as long as A).
Noise floor: 5.65%. Identical code measured against itself on this setup can look that different, so smaller differences mean nothing.
Neighbouring measurements are nearly independent (autocorrelation -0.11), so they were resampled one by one.

Verdict: RESOLVED. A is faster than B: the difference is real, as its interval excludes zero and it exceeds the noise floor.

Warnings:
  - the program holds 116 MB of live data, more than the caches of many machines; for data that size, where it lies in memory can shift the result by several points in ways the interval does not cover, and differently in the next process; run the comparison in several processes with the multiproc package
  - in 50% of A/A runs this setup reported a difference between identical code, well above the 10% expected; treat any confidence from it with suspicion

== dirs multi n=4096 valuesBetween: ordered vs map-sets
A: 2896 ns per operation (median)
B: 5.621e+04 ns per operation (median)
A needs 94.8% less time than B: B takes 19.36 times as long as A.
With 95% confidence the difference lies between 94.7% and 95.1% less time (B takes between 19 and 20.27 times as long as A).
Noise floor: 4.44%. Identical code measured against itself on this setup can look that different, so smaller differences mean nothing.
Neighbouring measurements are nearly independent (autocorrelation -0.17), so they were resampled one by one.

Verdict: RESOLVED. A is faster than B: the difference is real, as its interval excludes zero and it exceeds the noise floor.

Warnings:
  - the program holds 116 MB of live data, more than the caches of many machines; for data that size, where it lies in memory can shift the result by several points in ways the interval does not cover, and differently in the next process; run the comparison in several processes with the multiproc package

== dirs multi n=4096 prefix: ordered vs hashed
A: 3022 ns per operation (median)
B: 5.574e+04 ns per operation (median)
A needs 94.7% less time than B: B takes 18.81 times as long as A.
With 95% confidence the difference lies between 94.4% and 94.9% less time (B takes between 17.7 and 19.48 times as long as A).
Noise floor: 1.29%. Identical code measured against itself on this setup can look that different, so smaller differences mean nothing.
Neighbouring measurements are nearly independent (autocorrelation -0.01), so they were resampled one by one.

Verdict: RESOLVED. A is faster than B: the difference is real, as its interval excludes zero and it exceeds the noise floor.

Warnings:
  - the program holds 116 MB of live data, more than the caches of many machines; for data that size, where it lies in memory can shift the result by several points in ways the interval does not cover, and differently in the next process; run the comparison in several processes with the multiproc package

== dirs multi n=4096 prefix: ordered vs btree-sets
A: 2823 ns per operation (median)
B: 7705 ns per operation (median)
A needs 62.2% less time than B: B takes 2.64 times as long as A.
With 95% confidence the difference lies between 59.4% and 64.4% less time (B takes between 2.46 and 2.81 times as long as A).
Noise floor: 8.4%. Identical code measured against itself on this setup can look that different, so smaller differences mean nothing.
Neighbouring measurements are nearly independent (autocorrelation -0.03), so they were resampled one by one.

Verdict: RESOLVED. A is faster than B: the difference is real, as its interval excludes zero and it exceeds the noise floor.

Warnings:
  - the program holds 116 MB of live data, more than the caches of many machines; for data that size, where it lies in memory can shift the result by several points in ways the interval does not cover, and differently in the next process; run the comparison in several processes with the multiproc package
  - in 50% of A/A runs this setup reported a difference between identical code, well above the 10% expected; treat any confidence from it with suspicion

== dirs multi n=4096 prefix: ordered vs map-sets
A: 2958 ns per operation (median)
B: 5.794e+04 ns per operation (median)
A needs 94.9% less time than B: B takes 19.68 times as long as A.
With 95% confidence the difference lies between 94.6% and 95.2% less time (B takes between 18.5 and 20.71 times as long as A).
Noise floor: 2.42%. Identical code measured against itself on this setup can look that different, so smaller differences mean nothing.
Neighbouring measurements are nearly independent (autocorrelation +0.01), so they were resampled one by one.

Verdict: RESOLVED. A is faster than B: the difference is real, as its interval excludes zero and it exceeds the noise floor.

Warnings:
  - the program holds 116 MB of live data, more than the caches of many machines; for data that size, where it lies in memory can shift the result by several points in ways the interval does not cover, and differently in the next process; run the comparison in several processes with the multiproc package

== dirs multi n=4096 churn and build: ordered vs hashed
steady state, per insertion or deletion in a structure of 12775 elements (cycle of 33454 operations, first pass untimed):
  A: 169.9 ns per operation (median)
  B: 75.8 ns per operation (median)
  A needs 123% more time than B: B takes only 0.45 times as long as A.
  With 95% confidence the difference lies between 119% and 127% more time (B takes between 0.44 and 0.46 times as long as A).
  Noise floor: 0.459%. Identical code measured against itself on this setup can look that different, so smaller differences mean nothing.
  Neighbouring measurements are nearly independent (autocorrelation +0.09), so they were resampled one by one.
  
  Verdict: RESOLVED. A is slower than B: the difference is real, as its interval excludes zero and it exceeds the noise floor.
  
  Warnings:
    - the program holds 119 MB of live data, more than the caches of many machines; for data that size, where it lies in memory can shift the result by several points in ways the interval does not cover, and differently in the next process; run the comparison in several processes with the multiproc package

build from empty to 12775 elements, per whole build (45983 operations):
  A: 7.848e+06 ns per operation (median)
  B: 3.816e+06 ns per operation (median)
  A needs 107% more time than B: B takes only 0.48 times as long as A.
  With 95% confidence the difference lies between 104% and 116% more time (B takes between 0.463 and 0.49 times as long as A).
  Noise floor: 1.62%. Identical code measured against itself on this setup can look that different, so smaller differences mean nothing.
  Neighbouring measurements are nearly independent (autocorrelation -0.13), so they were resampled one by one.
  
  Verdict: RESOLVED. A is slower than B: the difference is real, as its interval excludes zero and it exceeds the noise floor.
  
  Warnings:
    - the program holds 116 MB of live data, more than the caches of many machines; for data that size, where it lies in memory can shift the result by several points in ways the interval does not cover, and differently in the next process; run the comparison in several processes with the multiproc package

== dirs multi n=4096 churn and build: ordered vs btree-sets
steady state, per insertion or deletion in a structure of 12775 elements (cycle of 33454 operations, first pass untimed):
  A: 165.5 ns per operation (median)
  B: 238.7 ns per operation (median)
  A needs 29.8% less time than B: B takes 1.43 times as long as A.
  With 95% confidence the difference lies between 27.6% and 31.8% less time (B takes between 1.38 and 1.47 times as long as A).
  Noise floor: 2.06%. Identical code measured against itself on this setup can look that different, so smaller differences mean nothing.
  Neighbouring measurements are nearly independent (autocorrelation +0.14), so they were resampled one by one.
  
  Verdict: RESOLVED. A is faster than B: the difference is real, as its interval excludes zero and it exceeds the noise floor.
  
  Warnings:
    - the program holds 119 MB of live data, more than the caches of many machines; for data that size, where it lies in memory can shift the result by several points in ways the interval does not cover, and differently in the next process; run the comparison in several processes with the multiproc package

build from empty to 12775 elements, per whole build (45983 operations):
  A: 7.838e+06 ns per operation (median)
  B: 1.175e+07 ns per operation (median)
  A needs 32% less time than B: B takes 1.47 times as long as A.
  With 95% confidence the difference lies between 30.5% and 34.8% less time (B takes between 1.44 and 1.53 times as long as A).
  Noise floor: 2.6%. Identical code measured against itself on this setup can look that different, so smaller differences mean nothing.
  Neighbouring measurements are nearly independent (autocorrelation -0.06), so they were resampled one by one.
  
  Verdict: RESOLVED. A is faster than B: the difference is real, as its interval excludes zero and it exceeds the noise floor.
  
  Warnings:
    - the program holds 116 MB of live data, more than the caches of many machines; for data that size, where it lies in memory can shift the result by several points in ways the interval does not cover, and differently in the next process; run the comparison in several processes with the multiproc package

== dirs multi n=4096 churn and build: ordered vs map-sets
steady state, per insertion or deletion in a structure of 12775 elements (cycle of 33454 operations, first pass untimed):
  A: 164.4 ns per operation (median)
  B: 82.77 ns per operation (median)
  A needs 102% more time than B: B takes only 0.49 times as long as A.
  With 95% confidence the difference lies between 98.5% and 106% more time (B takes between 0.485 and 0.50 times as long as A).
  Noise floor: 1.19%. Identical code measured against itself on this setup can look that different, so smaller differences mean nothing.
  Neighbouring measurements are nearly independent (autocorrelation +0.17), so they were resampled one by one.
  
  Verdict: RESOLVED. A is slower than B: the difference is real, as its interval excludes zero and it exceeds the noise floor.
  
  Warnings:
    - the program holds 119 MB of live data, more than the caches of many machines; for data that size, where it lies in memory can shift the result by several points in ways the interval does not cover, and differently in the next process; run the comparison in several processes with the multiproc package

build from empty to 12775 elements, per whole build (45983 operations):
  A: 7.893e+06 ns per operation (median)
  B: 4.59e+06 ns per operation (median)
  A needs 71% more time than B: B takes only 0.58 times as long as A.
  With 95% confidence the difference lies between 65.6% and 83.2% more time (B takes between 0.546 and 0.60 times as long as A).
  Noise floor: 6.14%. Identical code measured against itself on this setup can look that different, so smaller differences mean nothing.
  Neighbouring measurements are nearly independent (autocorrelation -0.38), so they were resampled one by one.
  
  Verdict: RESOLVED. A is slower than B: the difference is real, as its interval excludes zero and it exceeds the noise floor.
  
  Warnings:
    - the program holds 116 MB of live data, more than the caches of many machines; for data that size, where it lies in memory can shift the result by several points in ways the interval does not cover, and differently in the next process; run the comparison in several processes with the multiproc package

checksum 12977340175328600755
== dirs multi n=4096 valuesFor: ordered vs hashed
A: 82.65 ns per operation (median)
B: 31.25 ns per operation (median)
A needs 162% more time than B: B takes only 0.38 times as long as A.
With 95% confidence the difference lies between 159% and 167% more time (B takes between 0.374 and 0.39 times as long as A).
Noise floor: 1.19%. Identical code measured against itself on this setup can look that different, so smaller differences mean nothing.
Neighbouring measurements are nearly independent (autocorrelation -0.11), so they were resampled one by one.

Verdict: RESOLVED. A is slower than B: the difference is real, as its interval excludes zero and it exceeds the noise floor.

Warnings:
  - the program holds 102 MB of live data, more than the caches of many machines; for data that size, where it lies in memory can shift the result by several points in ways the interval does not cover, and differently in the next process; run the comparison in several processes with the multiproc package

== dirs multi n=4096 valuesFor: ordered vs btree-sets
A: 84.11 ns per operation (median)
B: 160.2 ns per operation (median)
A needs 48.3% less time than B: B takes 1.93 times as long as A.
With 95% confidence the difference lies between 46.8% and 49% less time (B takes between 1.88 and 1.96 times as long as A).
Noise floor: 1.51%. Identical code measured against itself on this setup can look that different, so smaller differences mean nothing.
Neighbouring measurements are nearly independent (autocorrelation +0.06), so they were resampled one by one.

Verdict: RESOLVED. A is faster than B: the difference is real, as its interval excludes zero and it exceeds the noise floor.

Warnings:
  - the program holds 102 MB of live data, more than the caches of many machines; for data that size, where it lies in memory can shift the result by several points in ways the interval does not cover, and differently in the next process; run the comparison in several processes with the multiproc package

== dirs multi n=4096 valuesFor: ordered vs map-sets
A: 82.52 ns per operation (median)
B: 72.23 ns per operation (median)
A needs 14.1% more time than B: B takes only 0.88 times as long as A.
With 95% confidence the difference lies between 12.4% and 16.3% more time (B takes between 0.86 and 0.89 times as long as A).
Noise floor: 0.711%. Identical code measured against itself on this setup can look that different, so smaller differences mean nothing.
Neighbouring measurements are nearly independent (autocorrelation +0.02), so they were resampled one by one.

Verdict: RESOLVED. A is slower than B: the difference is real, as its interval excludes zero and it exceeds the noise floor.

Warnings:
  - the program holds 102 MB of live data, more than the caches of many machines; for data that size, where it lies in memory can shift the result by several points in ways the interval does not cover, and differently in the next process; run the comparison in several processes with the multiproc package

== dirs multi n=4096 valuesBetween: ordered vs hashed
A: 2785 ns per operation (median)
B: 5.591e+04 ns per operation (median)
A needs 95% less time than B: B takes 20.15 times as long as A.
With 95% confidence the difference lies between 94.9% and 95.2% less time (B takes between 19.7 and 20.68 times as long as A).
Noise floor: 6.38%. Identical code measured against itself on this setup can look that different, so smaller differences mean nothing.
Neighbouring measurements are nearly independent (autocorrelation -0.13), so they were resampled one by one.

Verdict: RESOLVED. A is faster than B: the difference is real, as its interval excludes zero and it exceeds the noise floor.

Warnings:
  - the program holds 102 MB of live data, more than the caches of many machines; for data that size, where it lies in memory can shift the result by several points in ways the interval does not cover, and differently in the next process; run the comparison in several processes with the multiproc package

== dirs multi n=4096 valuesBetween: ordered vs btree-sets
A: 2704 ns per operation (median)
B: 5468 ns per operation (median)
A needs 50.7% less time than B: B takes 2.03 times as long as A.
With 95% confidence the difference lies between 49.7% and 51.1% less time (B takes between 1.99 and 2.05 times as long as A).
Noise floor: 5.98%. Identical code measured against itself on this setup can look that different, so smaller differences mean nothing.
Neighbouring measurements are nearly independent (autocorrelation -0.12), so they were resampled one by one.

Verdict: RESOLVED. A is faster than B: the difference is real, as its interval excludes zero and it exceeds the noise floor.

Warnings:
  - the program holds 102 MB of live data, more than the caches of many machines; for data that size, where it lies in memory can shift the result by several points in ways the interval does not cover, and differently in the next process; run the comparison in several processes with the multiproc package
  - in 50% of A/A runs this setup reported a difference between identical code, well above the 10% expected; treat any confidence from it with suspicion

== dirs multi n=4096 valuesBetween: ordered vs map-sets
A: 2809 ns per operation (median)
B: 5.712e+04 ns per operation (median)
A needs 95.1% less time than B: B takes 20.36 times as long as A.
With 95% confidence the difference lies between 95% and 95.3% less time (B takes between 20 and 21.15 times as long as A).
Noise floor: 3.92%. Identical code measured against itself on this setup can look that different, so smaller differences mean nothing.
Neighbouring measurements are nearly independent (autocorrelation -0.05), so they were resampled one by one.

Verdict: RESOLVED. A is faster than B: the difference is real, as its interval excludes zero and it exceeds the noise floor.

Warnings:
  - the program holds 102 MB of live data, more than the caches of many machines; for data that size, where it lies in memory can shift the result by several points in ways the interval does not cover, and differently in the next process; run the comparison in several processes with the multiproc package

== dirs multi n=4096 prefix: ordered vs hashed
A: 2939 ns per operation (median)
B: 5.565e+04 ns per operation (median)
A needs 94.8% less time than B: B takes 19.13 times as long as A.
With 95% confidence the difference lies between 94.6% and 94.9% less time (B takes between 18.5 and 19.54 times as long as A).
Noise floor: 1.14%. Identical code measured against itself on this setup can look that different, so smaller differences mean nothing.
Neighbouring measurements are nearly independent (autocorrelation -0.05), so they were resampled one by one.

Verdict: RESOLVED. A is faster than B: the difference is real, as its interval excludes zero and it exceeds the noise floor.

Warnings:
  - the program holds 102 MB of live data, more than the caches of many machines; for data that size, where it lies in memory can shift the result by several points in ways the interval does not cover, and differently in the next process; run the comparison in several processes with the multiproc package
  - in 50% of A/A runs this setup reported a difference between identical code, well above the 10% expected; treat any confidence from it with suspicion

== dirs multi n=4096 prefix: ordered vs btree-sets
A: 2784 ns per operation (median)
B: 7599 ns per operation (median)
A needs 62.7% less time than B: B takes 2.68 times as long as A.
With 95% confidence the difference lies between 60.8% and 64.5% less time (B takes between 2.55 and 2.81 times as long as A).
Noise floor: 3.76%. Identical code measured against itself on this setup can look that different, so smaller differences mean nothing.
Neighbouring measurements are nearly independent (autocorrelation -0.07), so they were resampled one by one.

Verdict: RESOLVED. A is faster than B: the difference is real, as its interval excludes zero and it exceeds the noise floor.

Warnings:
  - the program holds 102 MB of live data, more than the caches of many machines; for data that size, where it lies in memory can shift the result by several points in ways the interval does not cover, and differently in the next process; run the comparison in several processes with the multiproc package

== dirs multi n=4096 prefix: ordered vs map-sets
A: 2877 ns per operation (median)
B: 5.889e+04 ns per operation (median)
A needs 95% less time than B: B takes 20.17 times as long as A.
With 95% confidence the difference lies between 94.8% and 95.4% less time (B takes between 19.4 and 21.57 times as long as A).
Noise floor: 0.822%. Identical code measured against itself on this setup can look that different, so smaller differences mean nothing.
Neighbouring measurements are nearly independent (autocorrelation +0.02), so they were resampled one by one.

Verdict: RESOLVED. A is faster than B: the difference is real, as its interval excludes zero and it exceeds the noise floor.

Warnings:
  - the program holds 102 MB of live data, more than the caches of many machines; for data that size, where it lies in memory can shift the result by several points in ways the interval does not cover, and differently in the next process; run the comparison in several processes with the multiproc package
  - in 50% of A/A runs this setup reported a difference between identical code, well above the 10% expected; treat any confidence from it with suspicion

== dirs multi n=4096 churn and build: ordered vs hashed
steady state, per insertion or deletion in a structure of 12775 elements (cycle of 33454 operations, first pass untimed):
  A: 163.7 ns per operation (median)
  B: 71.91 ns per operation (median)
  A needs 129% more time than B: B takes only 0.44 times as long as A.
  With 95% confidence the difference lies between 123% and 131% more time (B takes between 0.434 and 0.45 times as long as A).
  Noise floor: 0.672%. Identical code measured against itself on this setup can look that different, so smaller differences mean nothing.
  Neighbouring measurements are nearly independent (autocorrelation +0.11), so they were resampled one by one.
  
  Verdict: RESOLVED. A is slower than B: the difference is real, as its interval excludes zero and it exceeds the noise floor.
  
  Warnings:
    - the program holds 119 MB of live data, more than the caches of many machines; for data that size, where it lies in memory can shift the result by several points in ways the interval does not cover, and differently in the next process; run the comparison in several processes with the multiproc package

build from empty to 12775 elements, per whole build (45983 operations):
  A: 7.758e+06 ns per operation (median)
  B: 3.651e+06 ns per operation (median)
  A needs 116% more time than B: B takes only 0.46 times as long as A.
  With 95% confidence the difference lies between 108% and 119% more time (B takes between 0.456 and 0.48 times as long as A).
  Noise floor: 2.48%. Identical code measured against itself on this setup can look that different, so smaller differences mean nothing.
  Neighbouring measurements are nearly independent (autocorrelation +0.11), so they were resampled one by one.
  
  Verdict: RESOLVED. A is slower than B: the difference is real, as its interval excludes zero and it exceeds the noise floor.
  
  Warnings:
    - the program holds 116 MB of live data, more than the caches of many machines; for data that size, where it lies in memory can shift the result by several points in ways the interval does not cover, and differently in the next process; run the comparison in several processes with the multiproc package

== dirs multi n=4096 churn and build: ordered vs btree-sets
steady state, per insertion or deletion in a structure of 12775 elements (cycle of 33454 operations, first pass untimed):
  A: 164.5 ns per operation (median)
  B: 231.7 ns per operation (median)
  A needs 29.3% less time than B: B takes 1.41 times as long as A.
  With 95% confidence the difference lies between 28.1% and 30.6% less time (B takes between 1.39 and 1.44 times as long as A).
  Noise floor: 1.25%. Identical code measured against itself on this setup can look that different, so smaller differences mean nothing.
  Neighbouring measurements are nearly independent (autocorrelation +0.15), so they were resampled one by one.
  
  Verdict: RESOLVED. A is faster than B: the difference is real, as its interval excludes zero and it exceeds the noise floor.
  
  Warnings:
    - the program holds 120 MB of live data, more than the caches of many machines; for data that size, where it lies in memory can shift the result by several points in ways the interval does not cover, and differently in the next process; run the comparison in several processes with the multiproc package

build from empty to 12775 elements, per whole build (45983 operations):
  A: 7.792e+06 ns per operation (median)
  B: 1.154e+07 ns per operation (median)
  A needs 32.8% less time than B: B takes 1.49 times as long as A.
  With 95% confidence the difference lies between 30.3% and 33.7% less time (B takes between 1.43 and 1.51 times as long as A).
  Noise floor: 1.89%. Identical code measured against itself on this setup can look that different, so smaller differences mean nothing.
  Neighbouring measurements are nearly independent (autocorrelation -0.08), so they were resampled one by one.
  
  Verdict: RESOLVED. A is faster than B: the difference is real, as its interval excludes zero and it exceeds the noise floor.
  
  Warnings:
    - the program holds 116 MB of live data, more than the caches of many machines; for data that size, where it lies in memory can shift the result by several points in ways the interval does not cover, and differently in the next process; run the comparison in several processes with the multiproc package

== dirs multi n=4096 churn and build: ordered vs map-sets
steady state, per insertion or deletion in a structure of 12775 elements (cycle of 33454 operations, first pass untimed):
  A: 167.3 ns per operation (median)
  B: 86.15 ns per operation (median)
  A needs 93.3% more time than B: B takes only 0.52 times as long as A.
  With 95% confidence the difference lies between 89.2% and 97.5% more time (B takes between 0.506 and 0.53 times as long as A).
  Noise floor: 2.14%. Identical code measured against itself on this setup can look that different, so smaller differences mean nothing.
  Neighbouring measurements are nearly independent (autocorrelation +0.09), so they were resampled one by one.
  
  Verdict: RESOLVED. A is slower than B: the difference is real, as its interval excludes zero and it exceeds the noise floor.
  
  Warnings:
    - the program holds 120 MB of live data, more than the caches of many machines; for data that size, where it lies in memory can shift the result by several points in ways the interval does not cover, and differently in the next process; run the comparison in several processes with the multiproc package

build from empty to 12775 elements, per whole build (45983 operations):
  A: 7.792e+06 ns per operation (median)
  B: 4.551e+06 ns per operation (median)
  A needs 73.1% more time than B: B takes only 0.58 times as long as A.
  With 95% confidence the difference lies between 66.8% and 77.4% more time (B takes between 0.564 and 0.60 times as long as A).
  Noise floor: 4.35%. Identical code measured against itself on this setup can look that different, so smaller differences mean nothing.
  Neighbouring measurements are nearly independent (autocorrelation -0.15), so they were resampled one by one.
  
  Verdict: RESOLVED. A is slower than B: the difference is real, as its interval excludes zero and it exceeds the noise floor.
  
  Warnings:
    - the program holds 116 MB of live data, more than the caches of many machines; for data that size, where it lies in memory can shift the result by several points in ways the interval does not cover, and differently in the next process; run the comparison in several processes with the multiproc package

checksum 18094138657550657407
== dirs multi n=4096 valuesFor: ordered vs hashed
A: 84.55 ns per operation (median)
B: 31.21 ns per operation (median)
A needs 171% more time than B: B takes only 0.37 times as long as A.
With 95% confidence the difference lies between 167% and 174% more time (B takes between 0.365 and 0.37 times as long as A).
Noise floor: 0.766%. Identical code measured against itself on this setup can look that different, so smaller differences mean nothing.
Neighbouring measurements are nearly independent (autocorrelation +0.06), so they were resampled one by one.

Verdict: RESOLVED. A is slower than B: the difference is real, as its interval excludes zero and it exceeds the noise floor.

Warnings:
  - the program holds 91 MB of live data, more than the caches of many machines; for data that size, where it lies in memory can shift the result by several points in ways the interval does not cover, and differently in the next process; run the comparison in several processes with the multiproc package

== dirs multi n=4096 valuesFor: ordered vs btree-sets
A: 86.07 ns per operation (median)
B: 159.3 ns per operation (median)
A needs 45.9% less time than B: B takes 1.85 times as long as A.
With 95% confidence the difference lies between 45.1% and 46.8% less time (B takes between 1.82 and 1.88 times as long as A).
Noise floor: 1.78%. Identical code measured against itself on this setup can look that different, so smaller differences mean nothing.
Neighbouring measurements are nearly independent (autocorrelation +0.06), so they were resampled one by one.

Verdict: RESOLVED. A is faster than B: the difference is real, as its interval excludes zero and it exceeds the noise floor.

Warnings:
  - the program holds 91 MB of live data, more than the caches of many machines; for data that size, where it lies in memory can shift the result by several points in ways the interval does not cover, and differently in the next process; run the comparison in several processes with the multiproc package

== dirs multi n=4096 valuesFor: ordered vs map-sets
A: 85 ns per operation (median)
B: 71.87 ns per operation (median)
A needs 18.1% more time than B: B takes only 0.85 times as long as A.
With 95% confidence the difference lies between 16.5% and 19.9% more time (B takes between 0.834 and 0.86 times as long as A).
Noise floor: 0.878%. Identical code measured against itself on this setup can look that different, so smaller differences mean nothing.
Neighbouring measurements are nearly independent (autocorrelation +0.16), so they were resampled one by one.

Verdict: RESOLVED. A is slower than B: the difference is real, as its interval excludes zero and it exceeds the noise floor.

Warnings:
  - the program holds 116 MB of live data, more than the caches of many machines; for data that size, where it lies in memory can shift the result by several points in ways the interval does not cover, and differently in the next process; run the comparison in several processes with the multiproc package

== dirs multi n=4096 valuesBetween: ordered vs hashed
A: 2844 ns per operation (median)
B: 5.623e+04 ns per operation (median)
A needs 94.9% less time than B: B takes 19.76 times as long as A.
With 95% confidence the difference lies between 94.8% and 95.2% less time (B takes between 19.3 and 20.63 times as long as A).
Noise floor: 1.8%. Identical code measured against itself on this setup can look that different, so smaller differences mean nothing.
Neighbouring measurements are nearly independent (autocorrelation -0.06), so they were resampled one by one.

Verdict: RESOLVED. A is faster than B: the difference is real, as its interval excludes zero and it exceeds the noise floor.

Warnings:
  - the program holds 116 MB of live data, more than the caches of many machines; for data that size, where it lies in memory can shift the result by several points in ways the interval does not cover, and differently in the next process; run the comparison in several processes with the multiproc package

== dirs multi n=4096 valuesBetween: ordered vs btree-sets
A: 2760 ns per operation (median)
B: 5557 ns per operation (median)
A needs 50.6% less time than B: B takes 2.02 times as long as A.
With 95% confidence the difference lies between 49.4% and 52.1% less time (B takes between 1.98 and 2.09 times as long as A).
Noise floor: 2.13%. Identical code measured against itself on this setup can look that different, so smaller differences mean nothing.
Neighbouring measurements are nearly independent (autocorrelation -0.15), so they were resampled one by one.

Verdict: RESOLVED. A is faster than B: the difference is real, as its interval excludes zero and it exceeds the noise floor.

Warnings:
  - the program holds 116 MB of live data, more than the caches of many machines; for data that size, where it lies in memory can shift the result by several points in ways the interval does not cover, and differently in the next process; run the comparison in several processes with the multiproc package

== dirs multi n=4096 valuesBetween: ordered vs map-sets
A: 2858 ns per operation (median)
B: 5.638e+04 ns per operation (median)
A needs 94.9% less time than B: B takes 19.77 times as long as A.
With 95% confidence the difference lies between 94.8% and 95.2% less time (B takes between 19.3 and 20.86 times as long as A).
Noise floor: 1.65%. Identical code measured against itself on this setup can look that different, so smaller differences mean nothing.
Neighbouring measurements are nearly independent (autocorrelation -0.01), so they were resampled one by one.

Verdict: RESOLVED. A is faster than B: the difference is real, as its interval excludes zero and it exceeds the noise floor.

Warnings:
  - the program holds 116 MB of live data, more than the caches of many machines; for data that size, where it lies in memory can shift the result by several points in ways the interval does not cover, and differently in the next process; run the comparison in several processes with the multiproc package

== dirs multi n=4096 prefix: ordered vs hashed
A: 3026 ns per operation (median)
B: 5.582e+04 ns per operation (median)
A needs 94.6% less time than B: B takes 18.47 times as long as A.
With 95% confidence the difference lies between 94.3% and 94.9% less time (B takes between 17.6 and 19.69 times as long as A).
Noise floor: 3.55%. Identical code measured against itself on this setup can look that different, so smaller differences mean nothing.
Neighbouring measurements are nearly independent (autocorrelation -0.07), so they were resampled one by one.

Verdict: RESOLVED. A is faster than B: the difference is real, as its interval excludes zero and it exceeds the noise floor.

Warnings:
  - the program holds 116 MB of live data, more than the caches of many machines; for data that size, where it lies in memory can shift the result by several points in ways the interval does not cover, and differently in the next process; run the comparison in several processes with the multiproc package
  - in 50% of A/A runs this setup reported a difference between identical code, well above the 10% expected; treat any confidence from it with suspicion

== dirs multi n=4096 prefix: ordered vs btree-sets
A: 2881 ns per operation (median)
B: 7512 ns per operation (median)
A needs 62.8% less time than B: B takes 2.69 times as long as A.
With 95% confidence the difference lies between 60.2% and 65.8% less time (B takes between 2.51 and 2.92 times as long as A).
Noise floor: 1.89%. Identical code measured against itself on this setup can look that different, so smaller differences mean nothing.
Neighbouring measurements are nearly independent (autocorrelation -0.06), so they were resampled one by one.

Verdict: RESOLVED. A is faster than B: the difference is real, as its interval excludes zero and it exceeds the noise floor.

Warnings:
  - the program holds 116 MB of live data, more than the caches of many machines; for data that size, where it lies in memory can shift the result by several points in ways the interval does not cover, and differently in the next process; run the comparison in several processes with the multiproc package

== dirs multi n=4096 prefix: ordered vs map-sets
A: 2944 ns per operation (median)
B: 5.876e+04 ns per operation (median)
A needs 95% less time than B: B takes 20.20 times as long as A.
With 95% confidence the difference lies between 94.7% and 95.2% less time (B takes between 18.7 and 20.92 times as long as A).
Noise floor: 4.02%. Identical code measured against itself on this setup can look that different, so smaller differences mean nothing.
Neighbouring measurements are nearly independent (autocorrelation -0.02), so they were resampled one by one.

Verdict: RESOLVED. A is faster than B: the difference is real, as its interval excludes zero and it exceeds the noise floor.

Warnings:
  - the program holds 116 MB of live data, more than the caches of many machines; for data that size, where it lies in memory can shift the result by several points in ways the interval does not cover, and differently in the next process; run the comparison in several processes with the multiproc package

== dirs multi n=4096 churn and build: ordered vs hashed
steady state, per insertion or deletion in a structure of 12775 elements (cycle of 33454 operations, first pass untimed):
  A: 162.5 ns per operation (median)
  B: 71.73 ns per operation (median)
  A needs 131% more time than B: B takes only 0.43 times as long as A.
  With 95% confidence the difference lies between 126% and 133% more time (B takes between 0.429 and 0.44 times as long as A).
  Noise floor: 2.29%. Identical code measured against itself on this setup can look that different, so smaller differences mean nothing.
  Neighbouring measurements are nearly independent (autocorrelation +0.05), so they were resampled one by one.
  
  Verdict: RESOLVED. A is slower than B: the difference is real, as its interval excludes zero and it exceeds the noise floor.
  
  Warnings:
    - the program holds 119 MB of live data, more than the caches of many machines; for data that size, where it lies in memory can shift the result by several points in ways the interval does not cover, and differently in the next process; run the comparison in several processes with the multiproc package
    - in 100% of A/A runs this setup reported a difference between identical code, well above the 10% expected; treat any confidence from it with suspicion

build from empty to 12775 elements, per whole build (45983 operations):
  A: 8.022e+06 ns per operation (median)
  B: 3.747e+06 ns per operation (median)
  A needs 112% more time than B: B takes only 0.47 times as long as A.
  With 95% confidence the difference lies between 105% and 119% more time (B takes between 0.458 and 0.49 times as long as A).
  Noise floor: 1.13%. Identical code measured against itself on this setup can look that different, so smaller differences mean nothing.
  Neighbouring measurements are nearly independent (autocorrelation -0.02), so they were resampled one by one.
  
  Verdict: RESOLVED. A is slower than B: the difference is real, as its interval excludes zero and it exceeds the noise floor.
  
  Warnings:
    - the program holds 116 MB of live data, more than the caches of many machines; for data that size, where it lies in memory can shift the result by several points in ways the interval does not cover, and differently in the next process; run the comparison in several processes with the multiproc package

== dirs multi n=4096 churn and build: ordered vs btree-sets
steady state, per insertion or deletion in a structure of 12775 elements (cycle of 33454 operations, first pass untimed):
  A: 167.4 ns per operation (median)
  B: 237.1 ns per operation (median)
  A needs 30% less time than B: B takes 1.43 times as long as A.
  With 95% confidence the difference lies between 28.1% and 30.9% less time (B takes between 1.39 and 1.45 times as long as A).
  Noise floor: 1.37%. Identical code measured against itself on this setup can look that different, so smaller differences mean nothing.
  Neighbouring measurements are nearly independent (autocorrelation +0.07), so they were resampled one by one.
  
  Verdict: RESOLVED. A is faster than B: the difference is real, as its interval excludes zero and it exceeds the noise floor.
  
  Warnings:
    - the program holds 120 MB of live data, more than the caches of many machines; for data that size, where it lies in memory can shift the result by several points in ways the interval does not cover, and differently in the next process; run the comparison in several processes with the multiproc package

build from empty to 12775 elements, per whole build (45983 operations):
  A: 7.951e+06 ns per operation (median)
  B: 1.163e+07 ns per operation (median)
  A needs 31.8% less time than B: B takes 1.47 times as long as A.
  With 95% confidence the difference lies between 29.5% and 33% less time (B takes between 1.42 and 1.49 times as long as A).
  Noise floor: 1.55%. Identical code measured against itself on this setup can look that different, so smaller differences mean nothing.
  Neighbouring measurements are nearly independent (autocorrelation -0.01), so they were resampled one by one.
  
  Verdict: RESOLVED. A is faster than B: the difference is real, as its interval excludes zero and it exceeds the noise floor.
  
  Warnings:
    - the program holds 116 MB of live data, more than the caches of many machines; for data that size, where it lies in memory can shift the result by several points in ways the interval does not cover, and differently in the next process; run the comparison in several processes with the multiproc package

== dirs multi n=4096 churn and build: ordered vs map-sets
steady state, per insertion or deletion in a structure of 12775 elements (cycle of 33454 operations, first pass untimed):
  A: 165.3 ns per operation (median)
  B: 80.01 ns per operation (median)
  A needs 106% more time than B: B takes only 0.48 times as long as A.
  With 95% confidence the difference lies between 103% and 109% more time (B takes between 0.479 and 0.49 times as long as A).
  Noise floor: 0.533%. Identical code measured against itself on this setup can look that different, so smaller differences mean nothing.
  Neighbouring measurements are correlated (autocorrelation +0.26), so they were resampled in blocks of 3.
  
  Verdict: RESOLVED. A is slower than B: the difference is real, as its interval excludes zero and it exceeds the noise floor.
  
  Warnings:
    - the program holds 120 MB of live data, more than the caches of many machines; for data that size, where it lies in memory can shift the result by several points in ways the interval does not cover, and differently in the next process; run the comparison in several processes with the multiproc package

build from empty to 12775 elements, per whole build (45983 operations):
  A: 7.965e+06 ns per operation (median)
  B: 4.586e+06 ns per operation (median)
  A needs 73.4% more time than B: B takes only 0.58 times as long as A.
  With 95% confidence the difference lies between 65.9% and 85.1% more time (B takes between 0.54 and 0.60 times as long as A).
  Noise floor: 3.64%. Identical code measured against itself on this setup can look that different, so smaller differences mean nothing.
  Neighbouring measurements are nearly independent (autocorrelation +0.14), so they were resampled one by one.
  
  Verdict: RESOLVED. A is slower than B: the difference is real, as its interval excludes zero and it exceeds the noise floor.
  
  Warnings:
    - the program holds 116 MB of live data, more than the caches of many machines; for data that size, where it lies in memory can shift the result by several points in ways the interval does not cover, and differently in the next process; run the comparison in several processes with the multiproc package

checksum 11467507951369027917
== dirs multi n=4096 valuesFor: ordered vs hashed
A: 83.23 ns per operation (median)
B: 31.85 ns per operation (median)
A needs 164% more time than B: B takes only 0.38 times as long as A.
With 95% confidence the difference lies between 158% and 167% more time (B takes between 0.375 and 0.39 times as long as A).
Noise floor: 0.434%. Identical code measured against itself on this setup can look that different, so smaller differences mean nothing.
Neighbouring measurements are nearly independent (autocorrelation -0.07), so they were resampled one by one.

Verdict: RESOLVED. A is slower than B: the difference is real, as its interval excludes zero and it exceeds the noise floor.

Warnings:
  - the program holds 110 MB of live data, more than the caches of many machines; for data that size, where it lies in memory can shift the result by several points in ways the interval does not cover, and differently in the next process; run the comparison in several processes with the multiproc package

== dirs multi n=4096 valuesFor: ordered vs btree-sets
A: 84.24 ns per operation (median)
B: 159.7 ns per operation (median)
A needs 47.2% less time than B: B takes 1.89 times as long as A.
With 95% confidence the difference lies between 46.8% and 48.5% less time (B takes between 1.88 and 1.94 times as long as A).
Noise floor: 2.3%. Identical code measured against itself on this setup can look that different, so smaller differences mean nothing.
Neighbouring measurements are nearly independent (autocorrelation -0.03), so they were resampled one by one.

Verdict: RESOLVED. A is faster than B: the difference is real, as its interval excludes zero and it exceeds the noise floor.

Warnings:
  - the program holds 110 MB of live data, more than the caches of many machines; for data that size, where it lies in memory can shift the result by several points in ways the interval does not cover, and differently in the next process; run the comparison in several processes with the multiproc package
  - in 50% of A/A runs this setup reported a difference between identical code, well above the 10% expected; treat any confidence from it with suspicion

== dirs multi n=4096 valuesFor: ordered vs map-sets
A: 82.51 ns per operation (median)
B: 72.15 ns per operation (median)
A needs 14.2% more time than B: B takes only 0.88 times as long as A.
With 95% confidence the difference lies between 12.5% and 15.4% more time (B takes between 0.866 and 0.89 times as long as A).
Noise floor: 0.995%. Identical code measured against itself on this setup can look that different, so smaller differences mean nothing.
Neighbouring measurements are nearly independent (autocorrelation -0.08), so they were resampled one by one.

Verdict: RESOLVED. A is slower than B: the difference is real, as its interval excludes zero and it exceeds the noise floor.

Warnings:
  - the program holds 110 MB of live data, more than the caches of many machines; for data that size, where it lies in memory can shift the result by several points in ways the interval does not cover, and differently in the next process; run the comparison in several processes with the multiproc package

== dirs multi n=4096 valuesBetween: ordered vs hashed
A: 2831 ns per operation (median)
B: 5.623e+04 ns per operation (median)
A needs 95% less time than B: B takes 19.87 times as long as A.
With 95% confidence the difference lies between 94.9% and 95.1% less time (B takes between 19.6 and 20.44 times as long as A).
Noise floor: 3.85%. Identical code measured against itself on this setup can look that different, so smaller differences mean nothing.
Neighbouring measurements are nearly independent (autocorrelation -0.10), so they were resampled one by one.

Verdict: RESOLVED. A is faster than B: the difference is real, as its interval excludes zero and it exceeds the noise floor.

Warnings:
  - the program holds 110 MB of live data, more than the caches of many machines; for data that size, where it lies in memory can shift the result by several points in ways the interval does not cover, and differently in the next process; run the comparison in several processes with the multiproc package
  - in 50% of A/A runs this setup reported a difference between identical code, well above the 10% expected; treat any confidence from it with suspicion

== dirs multi n=4096 valuesBetween: ordered vs btree-sets
A: 2693 ns per operation (median)
B: 5457 ns per operation (median)
A needs 50.6% less time than B: B takes 2.02 times as long as A.
With 95% confidence the difference lies between 49.3% and 53.2% less time (B takes between 1.97 and 2.14 times as long as A).
Noise floor: 2.41%. Identical code measured against itself on this setup can look that different, so smaller differences mean nothing.
Neighbouring measurements are nearly independent (autocorrelation -0.12), so they were resampled one by one.

Verdict: RESOLVED. A is faster than B: the difference is real, as its interval excludes zero and it exceeds the noise floor.

Warnings:
  - the program holds 110 MB of live data, more than the caches of many machines; for data that size, where it lies in memory can shift the result by several points in ways the interval does not cover, and differently in the next process; run the comparison in several processes with the multiproc package

== dirs multi n=4096 valuesBetween: ordered vs map-sets
A: 2807 ns per operation (median)
B: 5.657e+04 ns per operation (median)
A needs 95.1% less time than B: B takes 20.26 times as long as A.
With 95% confidence the difference lies between 94.9% and 95.3% less time (B takes between 19.6 and 21.11 times as long as A).
Noise floor: 3.99%. Identical code measured against itself on this setup can look that different, so smaller differences mean nothing.
Neighbouring measurements are nearly independent (autocorrelation -0.08), so they were resampled one by one.

Verdict: RESOLVED. A is faster than B: the difference is real, as its interval excludes zero and it exceeds the noise floor.

Warnings:
  - the program holds 110 MB of live data, more than the caches of many machines; for data that size, where it lies in memory can shift the result by several points in ways the interval does not cover, and differently in the next process; run the comparison in several processes with the multiproc package

== dirs multi n=4096 prefix: ordered vs hashed
A: 3009 ns per operation (median)
B: 5.589e+04 ns per operation (median)
A needs 94.6% less time than B: B takes 18.53 times as long as A.
With 95% confidence the difference lies between 94.4% and 94.8% less time (B takes between 17.8 and 19.40 times as long as A).
Noise floor: 2.36%. Identical code measured against itself on this setup can look that different, so smaller differences mean nothing.
Neighbouring measurements are nearly independent (autocorrelation +0.01), so they were resampled one by one.

Verdict: RESOLVED. A is faster than B: the difference is real, as its interval excludes zero and it exceeds the noise floor.

Warnings:
  - the program holds 110 MB of live data, more than the caches of many machines; for data that size, where it lies in memory can shift the result by several points in ways the interval does not cover, and differently in the next process; run the comparison in several processes with the multiproc package
  - in 50% of A/A runs this setup reported a difference between identical code, well above the 10% expected; treat any confidence from it with suspicion

== dirs multi n=4096 prefix: ordered vs btree-sets
A: 2898 ns per operation (median)
B: 7525 ns per operation (median)
A needs 61.7% less time than B: B takes 2.61 times as long as A.
With 95% confidence the difference lies between 58.2% and 65.1% less time (B takes between 2.39 and 2.86 times as long as A).
Noise floor: 4.28%. Identical code measured against itself on this setup can look that different, so smaller differences mean nothing.
Neighbouring measurements are nearly independent (autocorrelation -0.05), so they were resampled one by one.

Verdict: RESOLVED. A is faster than B: the difference is real, as its interval excludes zero and it exceeds the noise floor.

Warnings:
  - the program holds 110 MB of live data, more than the caches of many machines; for data that size, where it lies in memory can shift the result by several points in ways the interval does not cover, and differently in the next process; run the comparison in several processes with the multiproc package

== dirs multi n=4096 prefix: ordered vs map-sets
A: 2956 ns per operation (median)
B: 5.885e+04 ns per operation (median)
A needs 94.9% less time than B: B takes 19.77 times as long as A.
With 95% confidence the difference lies between 94.7% and 95.2% less time (B takes between 18.7 and 20.97 times as long as A).
Noise floor: 4.98%. Identical code measured against itself on this setup can look that different, so smaller differences mean nothing.
Neighbouring measurements are nearly independent (autocorrelation +0.06), so they were resampled one by one.

Verdict: RESOLVED. A is faster than B: the difference is real, as its interval excludes zero and it exceeds the noise floor.

Warnings:
  - the program holds 110 MB of live data, more than the caches of many machines; for data that size, where it lies in memory can shift the result by several points in ways the interval does not cover, and differently in the next process; run the comparison in several processes with the multiproc package
  - in 50% of A/A runs this setup reported a difference between identical code, well above the 10% expected; treat any confidence from it with suspicion

== dirs multi n=4096 churn and build: ordered vs hashed
steady state, per insertion or deletion in a structure of 12775 elements (cycle of 33454 operations, first pass untimed):
  A: 164.6 ns per operation (median)
  B: 72.1 ns per operation (median)
  A needs 129% more time than B: B takes only 0.44 times as long as A.
  With 95% confidence the difference lies between 125% and 134% more time (B takes between 0.426 and 0.44 times as long as A).
  Noise floor: 0.902%. Identical code measured against itself on this setup can look that different, so smaller differences mean nothing.
  Neighbouring measurements are nearly independent (autocorrelation +0.18), so they were resampled one by one.
  
  Verdict: RESOLVED. A is slower than B: the difference is real, as its interval excludes zero and it exceeds the noise floor.
  
  Warnings:
    - the program holds 119 MB of live data, more than the caches of many machines; for data that size, where it lies in memory can shift the result by several points in ways the interval does not cover, and differently in the next process; run the comparison in several processes with the multiproc package

build from empty to 12775 elements, per whole build (45983 operations):
  A: 7.742e+06 ns per operation (median)
  B: 3.621e+06 ns per operation (median)
  A needs 117% more time than B: B takes only 0.46 times as long as A.
  With 95% confidence the difference lies between 110% and 120% more time (B takes between 0.455 and 0.48 times as long as A).
  Noise floor: 2.46%. Identical code measured against itself on this setup can look that different, so smaller differences mean nothing.
  Neighbouring measurements are nearly independent (autocorrelation -0.06), so they were resampled one by one.
  
  Verdict: RESOLVED. A is slower than B: the difference is real, as its interval excludes zero and it exceeds the noise floor.
  
  Warnings:
    - the program holds 116 MB of live data, more than the caches of many machines; for data that size, where it lies in memory can shift the result by several points in ways the interval does not cover, and differently in the next process; run the comparison in several processes with the multiproc package

== dirs multi n=4096 churn and build: ordered vs btree-sets
steady state, per insertion or deletion in a structure of 12775 elements (cycle of 33454 operations, first pass untimed):
  A: 174.1 ns per operation (median)
  B: 241.2 ns per operation (median)
  A needs 29.1% less time than B: B takes 1.41 times as long as A.
  With 95% confidence the difference lies between 25.1% and 31.2% less time (B takes between 1.33 and 1.45 times as long as A).
  Noise floor: 1.28%. Identical code measured against itself on this setup can look that different, so smaller differences mean nothing.
  Neighbouring measurements are nearly independent (autocorrelation +0.10), so they were resampled one by one.
  
  Verdict: RESOLVED. A is faster than B: the difference is real, as its interval excludes zero and it exceeds the noise floor.
  
  Warnings:
    - the program holds 120 MB of live data, more than the caches of many machines; for data that size, where it lies in memory can shift the result by several points in ways the interval does not cover, and differently in the next process; run the comparison in several processes with the multiproc package

build from empty to 12775 elements, per whole build (45983 operations):
  A: 7.908e+06 ns per operation (median)
  B: 1.176e+07 ns per operation (median)
  A needs 33.1% less time than B: B takes 1.49 times as long as A.
  With 95% confidence the difference lies between 32.2% and 34.3% less time (B takes between 1.47 and 1.52 times as long as A).
  Noise floor: 1.61%. Identical code measured against itself on this setup can look that different, so smaller differences mean nothing.
  Neighbouring measurements are nearly independent (autocorrelation +0.19), so they were resampled one by one.
  
  Verdict: RESOLVED. A is faster than B: the difference is real, as its interval excludes zero and it exceeds the noise floor.
  
  Warnings:
    - the program holds 116 MB of live data, more than the caches of many machines; for data that size, where it lies in memory can shift the result by several points in ways the interval does not cover, and differently in the next process; run the comparison in several processes with the multiproc package

== dirs multi n=4096 churn and build: ordered vs map-sets
steady state, per insertion or deletion in a structure of 12775 elements (cycle of 33454 operations, first pass untimed):
  A: 168.9 ns per operation (median)
  B: 88.65 ns per operation (median)
  A needs 95.7% more time than B: B takes only 0.51 times as long as A.
  With 95% confidence the difference lies between 88.3% and 103% more time (B takes between 0.494 and 0.53 times as long as A).
  Noise floor: 1.84%. Identical code measured against itself on this setup can look that different, so smaller differences mean nothing.
  Neighbouring measurements are correlated (autocorrelation +0.23), so they were resampled in blocks of 3.
  
  Verdict: RESOLVED. A is slower than B: the difference is real, as its interval excludes zero and it exceeds the noise floor.
  
  Warnings:
    - the program holds 120 MB of live data, more than the caches of many machines; for data that size, where it lies in memory can shift the result by several points in ways the interval does not cover, and differently in the next process; run the comparison in several processes with the multiproc package

build from empty to 12775 elements, per whole build (45983 operations):
  A: 7.825e+06 ns per operation (median)
  B: 4.386e+06 ns per operation (median)
  A needs 81.9% more time than B: B takes only 0.55 times as long as A.
  With 95% confidence the difference lies between 73.1% and 89% more time (B takes between 0.529 and 0.58 times as long as A).
  Noise floor: 3.94%. Identical code measured against itself on this setup can look that different, so smaller differences mean nothing.
  Neighbouring measurements are correlated (autocorrelation +0.31), so they were resampled in blocks of 3.
  
  Verdict: RESOLVED. A is slower than B: the difference is real, as its interval excludes zero and it exceeds the noise floor.
  
  Warnings:
    - the program holds 116 MB of live data, more than the caches of many machines; for data that size, where it lies in memory can shift the result by several points in ways the interval does not cover, and differently in the next process; run the comparison in several processes with the multiproc package
    - in 100% of A/A runs this setup reported a difference between identical code, well above the 10% expected; treat any confidence from it with suspicion

checksum 15740653899886479008
== dirs multi n=4096 valuesFor: ordered vs hashed
A: 82.22 ns per operation (median)
B: 30.95 ns per operation (median)
A needs 166% more time than B: B takes only 0.38 times as long as A.
With 95% confidence the difference lies between 162% and 169% more time (B takes between 0.372 and 0.38 times as long as A).
Noise floor: 0.694%. Identical code measured against itself on this setup can look that different, so smaller differences mean nothing.
Neighbouring measurements are nearly independent (autocorrelation -0.08), so they were resampled one by one.

Verdict: RESOLVED. A is slower than B: the difference is real, as its interval excludes zero and it exceeds the noise floor.

Warnings:
  - the program holds 90 MB of live data, more than the caches of many machines; for data that size, where it lies in memory can shift the result by several points in ways the interval does not cover, and differently in the next process; run the comparison in several processes with the multiproc package

== dirs multi n=4096 valuesFor: ordered vs btree-sets
A: 83.65 ns per operation (median)
B: 158.9 ns per operation (median)
A needs 47.9% less time than B: B takes 1.92 times as long as A.
With 95% confidence the difference lies between 46.5% and 48.7% less time (B takes between 1.87 and 1.95 times as long as A).
Noise floor: 1.85%. Identical code measured against itself on this setup can look that different, so smaller differences mean nothing.
Neighbouring measurements are nearly independent (autocorrelation +0.09), so they were resampled one by one.

Verdict: RESOLVED. A is faster than B: the difference is real, as its interval excludes zero and it exceeds the noise floor.

Warnings:
  - the program holds 90 MB of live data, more than the caches of many machines; for data that size, where it lies in memory can shift the result by several points in ways the interval does not cover, and differently in the next process; run the comparison in several processes with the multiproc package

== dirs multi n=4096 valuesFor: ordered vs map-sets
A: 82.55 ns per operation (median)
B: 72.13 ns per operation (median)
A needs 14% more time than B: B takes only 0.88 times as long as A.
With 95% confidence the difference lies between 12% and 15.1% more time (B takes between 0.869 and 0.89 times as long as A).
Noise floor: 2.33%. Identical code measured against itself on this setup can look that different, so smaller differences mean nothing.
Neighbouring measurements are nearly independent (autocorrelation -0.06), so they were resampled one by one.

Verdict: RESOLVED. A is slower than B: the difference is real, as its interval excludes zero and it exceeds the noise floor.

Warnings:
  - the program holds 116 MB of live data, more than the caches of many machines; for data that size, where it lies in memory can shift the result by several points in ways the interval does not cover, and differently in the next process; run the comparison in several processes with the multiproc package
  - in 50% of A/A runs this setup reported a difference between identical code, well above the 10% expected; treat any confidence from it with suspicion

== dirs multi n=4096 valuesBetween: ordered vs hashed
A: 2829 ns per operation (median)
B: 5.637e+04 ns per operation (median)
A needs 95% less time than B: B takes 20.01 times as long as A.
With 95% confidence the difference lies between 94.9% and 95.1% less time (B takes between 19.4 and 20.31 times as long as A).
Noise floor: 5.29%. Identical code measured against itself on this setup can look that different, so smaller differences mean nothing.
Neighbouring measurements are nearly independent (autocorrelation -0.16), so they were resampled one by one.

Verdict: RESOLVED. A is faster than B: the difference is real, as its interval excludes zero and it exceeds the noise floor.

Warnings:
  - the program holds 116 MB of live data, more than the caches of many machines; for data that size, where it lies in memory can shift the result by several points in ways the interval does not cover, and differently in the next process; run the comparison in several processes with the multiproc package
  - in 50% of A/A runs this setup reported a difference between identical code, well above the 10% expected; treat any confidence from it with suspicion

== dirs multi n=4096 valuesBetween: ordered vs btree-sets
A: 2741 ns per operation (median)
B: 5447 ns per operation (median)
A needs 50.2% less time than B: B takes 2.01 times as long as A.
With 95% confidence the difference lies between 49.3% and 51.5% less time (B takes between 1.97 and 2.06 times as long as A).
Noise floor: 1.42%. Identical code measured against itself on this setup can look that different, so smaller differences mean nothing.
Neighbouring measurements are nearly independent (autocorrelation -0.06), so they were resampled one by one.

Verdict: RESOLVED. A is faster than B: the difference is real, as its interval excludes zero and it exceeds the noise floor.

Warnings:
  - the program holds 116 MB of live data, more than the caches of many machines; for data that size, where it lies in memory can shift the result by several points in ways the interval does not cover, and differently in the next process; run the comparison in several processes with the multiproc package
  - in 100% of A/A runs this setup reported a difference between identical code, well above the 10% expected; treat any confidence from it with suspicion

== dirs multi n=4096 valuesBetween: ordered vs map-sets
A: 2828 ns per operation (median)
B: 5.65e+04 ns per operation (median)
A needs 95% less time than B: B takes 19.95 times as long as A.
With 95% confidence the difference lies between 94.9% and 95.1% less time (B takes between 19.6 and 20.60 times as long as A).
Noise floor: 3.32%. Identical code measured against itself on this setup can look that different, so smaller differences mean nothing.
Neighbouring measurements are nearly independent (autocorrelation +0.15), so they were resampled one by one.

Verdict: RESOLVED. A is faster than B: the difference is real, as its interval excludes zero and it exceeds the noise floor.

Warnings:
  - the program holds 116 MB of live data, more than the caches of many machines; for data that size, where it lies in memory can shift the result by several points in ways the interval does not cover, and differently in the next process; run the comparison in several processes with the multiproc package

== dirs multi n=4096 prefix: ordered vs hashed
A: 3184 ns per operation (median)
B: 5.637e+04 ns per operation (median)
A needs 94.4% less time than B: B takes 17.89 times as long as A.
With 95% confidence the difference lies between 94.1% and 94.8% less time (B takes between 16.9 and 19.15 times as long as A).
Noise floor: 7.02%. Identical code measured against itself on this setup can look that different, so smaller differences mean nothing.
Neighbouring measurements are nearly independent (autocorrelation -0.03), so they were resampled one by one.

Verdict: RESOLVED. A is faster than B: the difference is real, as its interval excludes zero and it exceeds the noise floor.

Warnings:
  - the program holds 116 MB of live data, more than the caches of many machines; for data that size, where it lies in memory can shift the result by several points in ways the interval does not cover, and differently in the next process; run the comparison in several processes with the multiproc package
  - in 50% of A/A runs this setup reported a difference between identical code, well above the 10% expected; treat any confidence from it with suspicion

== dirs multi n=4096 prefix: ordered vs btree-sets
A: 2833 ns per operation (median)
B: 7516 ns per operation (median)
A needs 62.3% less time than B: B takes 2.65 times as long as A.
With 95% confidence the difference lies between 60.3% and 63.4% less time (B takes between 2.52 and 2.73 times as long as A).
Noise floor: 3.71%. Identical code measured against itself on this setup can look that different, so smaller differences mean nothing.
Neighbouring measurements are nearly independent (autocorrelation -0.01), so they were resampled one by one.

Verdict: RESOLVED. A is faster than B: the difference is real, as its interval excludes zero and it exceeds the noise floor.

Warnings:
  - the program holds 116 MB of live data, more than the caches of many machines; for data that size, where it lies in memory can shift the result by several points in ways the interval does not cover, and differently in the next process; run the comparison in several processes with the multiproc package

== dirs multi n=4096 prefix: ordered vs map-sets
A: 2963 ns per operation (median)
B: 5.826e+04 ns per operation (median)
A needs 95% less time than B: B takes 19.83 times as long as A.
With 95% confidence the difference lies between 94.7% and 95.2% less time (B takes between 18.7 and 20.86 times as long as A).
Noise floor: 6.67%. Identical code measured against itself on this setup can look that different, so smaller differences mean nothing.
Neighbouring measurements are nearly independent (autocorrelation -0.05), so they were resampled one by one.

Verdict: RESOLVED. A is faster than B: the difference is real, as its interval excludes zero and it exceeds the noise floor.

Warnings:
  - the program holds 116 MB of live data, more than the caches of many machines; for data that size, where it lies in memory can shift the result by several points in ways the interval does not cover, and differently in the next process; run the comparison in several processes with the multiproc package
  - in 50% of A/A runs this setup reported a difference between identical code, well above the 10% expected; treat any confidence from it with suspicion

== dirs multi n=4096 churn and build: ordered vs hashed
steady state, per insertion or deletion in a structure of 12775 elements (cycle of 33454 operations, first pass untimed):
  A: 164.3 ns per operation (median)
  B: 72.72 ns per operation (median)
  A needs 127% more time than B: B takes only 0.44 times as long as A.
  With 95% confidence the difference lies between 123% and 131% more time (B takes between 0.433 and 0.45 times as long as A).
  Noise floor: 0.791%. Identical code measured against itself on this setup can look that different, so smaller differences mean nothing.
  Neighbouring measurements are nearly independent (autocorrelation -0.01), so they were resampled one by one.
  
  Verdict: RESOLVED. A is slower than B: the difference is real, as its interval excludes zero and it exceeds the noise floor.
  
  Warnings:
    - the program holds 119 MB of live data, more than the caches of many machines; for data that size, where it lies in memory can shift the result by several points in ways the interval does not cover, and differently in the next process; run the comparison in several processes with the multiproc package

build from empty to 12775 elements, per whole build (45983 operations):
  A: 8.015e+06 ns per operation (median)
  B: 3.77e+06 ns per operation (median)
  A needs 113% more time than B: B takes only 0.47 times as long as A.
  With 95% confidence the difference lies between 108% and 118% more time (B takes between 0.458 and 0.48 times as long as A).
  Noise floor: 1.67%. Identical code measured against itself on this setup can look that different, so smaller differences mean nothing.
  Neighbouring measurements are nearly independent (autocorrelation +0.03), so they were resampled one by one.
  
  Verdict: RESOLVED. A is slower than B: the difference is real, as its interval excludes zero and it exceeds the noise floor.
  
  Warnings:
    - the program holds 116 MB of live data, more than the caches of many machines; for data that size, where it lies in memory can shift the result by several points in ways the interval does not cover, and differently in the next process; run the comparison in several processes with the multiproc package
    - in 50% of A/A runs this setup reported a difference between identical code, well above the 10% expected; treat any confidence from it with suspicion

== dirs multi n=4096 churn and build: ordered vs btree-sets
steady state, per insertion or deletion in a structure of 12775 elements (cycle of 33454 operations, first pass untimed):
  A: 164.9 ns per operation (median)
  B: 233.3 ns per operation (median)
  A needs 29.9% less time than B: B takes 1.43 times as long as A.
  With 95% confidence the difference lies between 28.9% and 31.2% less time (B takes between 1.41 and 1.45 times as long as A).
  Noise floor: 1.86%. Identical code measured against itself on this setup can look that different, so smaller differences mean nothing.
  Neighbouring measurements are correlated (autocorrelation +0.27), so they were resampled in blocks of 3.
  
  Verdict: RESOLVED. A is faster than B: the difference is real, as its interval excludes zero and it exceeds the noise floor.
  
  Warnings:
    - the program holds 119 MB of live data, more than the caches of many machines; for data that size, where it lies in memory can shift the result by several points in ways the interval does not cover, and differently in the next process; run the comparison in several processes with the multiproc package

build from empty to 12775 elements, per whole build (45983 operations):
  A: 7.915e+06 ns per operation (median)
  B: 1.181e+07 ns per operation (median)
  A needs 31.9% less time than B: B takes 1.47 times as long as A.
  With 95% confidence the difference lies between 31.6% and 33% less time (B takes between 1.46 and 1.49 times as long as A).
  Noise floor: 2.9%. Identical code measured against itself on this setup can look that different, so smaller differences mean nothing.
  Neighbouring measurements are nearly independent (autocorrelation -0.20), so they were resampled one by one.
  
  Verdict: RESOLVED. A is faster than B: the difference is real, as its interval excludes zero and it exceeds the noise floor.
  
  Warnings:
    - the program holds 116 MB of live data, more than the caches of many machines; for data that size, where it lies in memory can shift the result by several points in ways the interval does not cover, and differently in the next process; run the comparison in several processes with the multiproc package

== dirs multi n=4096 churn and build: ordered vs map-sets
steady state, per insertion or deletion in a structure of 12775 elements (cycle of 33454 operations, first pass untimed):
  A: 162.9 ns per operation (median)
  B: 78.95 ns per operation (median)
  A needs 106% more time than B: B takes only 0.49 times as long as A.
  With 95% confidence the difference lies between 102% and 108% more time (B takes between 0.48 and 0.49 times as long as A).
  Noise floor: 2.22%. Identical code measured against itself on this setup can look that different, so smaller differences mean nothing.
  Neighbouring measurements are nearly independent (autocorrelation +0.14), so they were resampled one by one.
  
  Verdict: RESOLVED. A is slower than B: the difference is real, as its interval excludes zero and it exceeds the noise floor.
  
  Warnings:
    - the program holds 120 MB of live data, more than the caches of many machines; for data that size, where it lies in memory can shift the result by several points in ways the interval does not cover, and differently in the next process; run the comparison in several processes with the multiproc package

build from empty to 12775 elements, per whole build (45983 operations):
  A: 7.921e+06 ns per operation (median)
  B: 4.602e+06 ns per operation (median)
  A needs 72.1% more time than B: B takes only 0.58 times as long as A.
  With 95% confidence the difference lies between 66.2% and 86.3% more time (B takes between 0.537 and 0.60 times as long as A).
  Noise floor: 7.4%. Identical code measured against itself on this setup can look that different, so smaller differences mean nothing.
  Neighbouring measurements are nearly independent (autocorrelation -0.12), so they were resampled one by one.
  
  Verdict: RESOLVED. A is slower than B: the difference is real, as its interval excludes zero and it exceeds the noise floor.
  
  Warnings:
    - the program holds 116 MB of live data, more than the caches of many machines; for data that size, where it lies in memory can shift the result by several points in ways the interval does not cover, and differently in the next process; run the comparison in several processes with the multiproc package
    - in 50% of A/A runs this setup reported a difference between identical code, well above the 10% expected; treat any confidence from it with suspicion

checksum 6471486104123102870
