16:31:11  start: -suite dev -minprocs 6 -maxprocs 8 -memn 262144 -memrounds 3 -keys street -values natural -sizes 4096,16384,212449 -vs baseline,btree-sets -out C:\temp\bench-win\m42-str-street-real
16:31:27  street natural n=4096: 1 processes done; the first stage is at least 6
16:31:43  street natural n=4096: 2 processes done; the first stage is at least 6
16:31:59  street natural n=4096: 3 processes done; the first stage is at least 6
16:32:15  street natural n=4096: 4 processes done; the first stage is at least 6
16:32:31  street natural n=4096: 5 processes done; the first stage is at least 6
16:32:46  street natural n=4096: first stage of 6 processes done; no comparison needs 6 processes for its interval, run in whole pairs of processes (at most 8)
16:32:46  street natural n=4096: 6 processes done; 0 of 10 comparisons not yet within the interval asked for
16:33:18  street natural n=16384: 1 processes done; the first stage is at least 6
16:33:50  street natural n=16384: 2 processes done; the first stage is at least 6
16:34:21  street natural n=16384: 3 processes done; the first stage is at least 6
16:34:52  street natural n=16384: 4 processes done; the first stage is at least 6
16:35:24  street natural n=16384: 5 processes done; the first stage is at least 6
16:35:55  street natural n=16384: first stage of 6 processes done; prefix ordered baseline needs 14 processes for its interval, run in whole pairs of processes (at most 8)
16:35:55  street natural n=16384: 6 processes done; 1 of 10 comparisons not yet within the interval asked for; widest ±3.0 pts: prefix ordered baseline
16:36:26  street natural n=16384: 7 processes done; 1 of 10 comparisons not yet within the interval asked for; widest ±2.7 pts: prefix ordered baseline
16:36:57  street natural n=16384: 8 processes done; 1 of 10 comparisons not yet within the interval asked for; widest ±2.6 pts: prefix ordered baseline
16:36:57  warning: street natural n=16384 stopped after 8 processes, before every interval was as precise as asked
16:37:24  street natural n=212449: 1 processes done; the first stage is at least 6
16:37:51  street natural n=212449: 2 processes done; the first stage is at least 6
16:38:18  street natural n=212449: 3 processes done; the first stage is at least 6
16:38:45  street natural n=212449: 4 processes done; the first stage is at least 6
16:39:12  street natural n=212449: 5 processes done; the first stage is at least 6
16:39:39  street natural n=212449: first stage of 6 processes done; churn ordered baseline needs 48 processes for its interval, run in whole pairs of processes (at most 8)
16:39:39  street natural n=212449: 6 processes done; 4 of 8 comparisons not yet within the interval asked for; widest ±5.6 pts: churn ordered baseline
16:40:06  street natural n=212449: 7 processes done; 3 of 8 comparisons not yet within the interval asked for; widest ±5.2 pts: churn ordered baseline
16:40:33  street natural n=212449: 8 processes done; 3 of 8 comparisons not yet within the interval asked for; widest ±4.9 pts: churn ordered baseline
16:40:33  warning: street natural n=212449 stopped after 8 processes, before every interval was as precise as asked
16:40:36  memory round 1 of 3 done
16:40:39  memory round 2 of 3 done
16:40:41  memory round 3 of 3 done
16:40:41  done after 9m31s
