11:54:05  start: -suite dev -minprocs 6 -maxprocs 8 -memn 262144 -memrounds 3 -keys dirs -values natural -sizes 4096,16384,86215 -vs baseline -out C:\temp\bench-win\m35-y-ptr-dirs-real
11:54:13  dirs natural n=4096: 1 processes done; the first stage is at least 6
11:54:21  dirs natural n=4096: 2 processes done; the first stage is at least 6
11:54:29  dirs natural n=4096: 3 processes done; the first stage is at least 6
11:54:37  dirs natural n=4096: 4 processes done; the first stage is at least 6
11:54:45  dirs natural n=4096: 5 processes done; the first stage is at least 6
11:54:53  dirs natural n=4096: first stage of 6 processes done; valuesBetween ordered baseline needs 12 processes for its interval, run in whole pairs of processes (at most 8)
11:54:53  dirs natural n=4096: 6 processes done; 1 of 5 comparisons not yet within the interval asked for; widest ±2.8 pts: valuesBetween ordered baseline
11:55:01  dirs natural n=4096: 7 processes done; 1 of 5 comparisons not yet within the interval asked for; widest ±2.6 pts: valuesBetween ordered baseline
11:55:09  dirs natural n=4096: 8 processes done; 1 of 5 comparisons not yet within the interval asked for; widest ±2.4 pts: valuesBetween ordered baseline
11:55:09  warning: dirs natural n=4096 stopped after 8 processes, before every interval was as precise as asked
11:55:25  dirs natural n=16384: 1 processes done; the first stage is at least 6
11:55:41  dirs natural n=16384: 2 processes done; the first stage is at least 6
11:55:57  dirs natural n=16384: 3 processes done; the first stage is at least 6
11:56:13  dirs natural n=16384: 4 processes done; the first stage is at least 6
11:56:29  dirs natural n=16384: 5 processes done; the first stage is at least 6
11:56:45  dirs natural n=16384: first stage of 6 processes done; no comparison needs 6 processes for its interval, run in whole pairs of processes (at most 8)
11:56:45  dirs natural n=16384: 6 processes done; 0 of 5 comparisons not yet within the interval asked for
11:56:58  dirs natural n=86215: 1 processes done; the first stage is at least 6
11:57:10  dirs natural n=86215: 2 processes done; the first stage is at least 6
11:57:23  dirs natural n=86215: 3 processes done; the first stage is at least 6
11:57:35  dirs natural n=86215: 4 processes done; the first stage is at least 6
11:57:47  dirs natural n=86215: 5 processes done; the first stage is at least 6
11:57:59  dirs natural n=86215: first stage of 6 processes done; valuesBetween ordered baseline needs 13 processes for its interval, run in whole pairs of processes (at most 8)
11:57:59  dirs natural n=86215: 6 processes done; 3 of 4 comparisons not yet within the interval asked for; widest ±2.9 pts: valuesBetween ordered baseline
11:58:12  dirs natural n=86215: 7 processes done; 2 of 4 comparisons not yet within the interval asked for; widest ±2.7 pts: valuesBetween ordered baseline
11:58:24  dirs natural n=86215: 8 processes done; 2 of 4 comparisons not yet within the interval asked for; widest ±2.5 pts: valuesBetween ordered baseline
11:58:24  warning: dirs natural n=86215 stopped after 8 processes, before every interval was as precise as asked
11:58:26  memory round 1 of 3 done
11:58:27  memory round 2 of 3 done
11:58:29  memory round 3 of 3 done
11:58:29  done after 4m24s
