11:38:57  start: -suite dev -minprocs 6 -maxprocs 8 -memn 262144 -memrounds 3 -keys dirs -values natural -sizes 4096,16384,86215 -vs baseline -out C:\temp\bench-win\m35-y-u64-dirs-real
11:39:05  dirs natural n=4096: 1 processes done; the first stage is at least 6
11:39:13  dirs natural n=4096: 2 processes done; the first stage is at least 6
11:39:21  dirs natural n=4096: 3 processes done; the first stage is at least 6
11:39:29  dirs natural n=4096: 4 processes done; the first stage is at least 6
11:39:37  dirs natural n=4096: 5 processes done; the first stage is at least 6
11:39:45  dirs natural n=4096: first stage of 6 processes done; valuesBetween ordered baseline needs 11 processes for its interval, run in whole pairs of processes (at most 8)
11:39:45  dirs natural n=4096: 6 processes done; 1 of 5 comparisons not yet within the interval asked for; widest ±2.7 pts: valuesBetween ordered baseline
11:39:54  dirs natural n=4096: 7 processes done; 1 of 5 comparisons not yet within the interval asked for; widest ±2.5 pts: valuesBetween ordered baseline
11:40:02  dirs natural n=4096: 8 processes done; 1 of 5 comparisons not yet within the interval asked for; widest ±2.3 pts: valuesBetween ordered baseline
11:40:02  warning: dirs natural n=4096 stopped after 8 processes, before every interval was as precise as asked
11:40:18  dirs natural n=16384: 1 processes done; the first stage is at least 6
11:40:34  dirs natural n=16384: 2 processes done; the first stage is at least 6
11:40:49  dirs natural n=16384: 3 processes done; the first stage is at least 6
11:41:05  dirs natural n=16384: 4 processes done; the first stage is at least 6
11:41:21  dirs natural n=16384: 5 processes done; the first stage is at least 6
11:41:37  dirs natural n=16384: first stage of 6 processes done; prefix ordered baseline needs 13 processes for its interval, run in whole pairs of processes (at most 8)
11:41:37  dirs natural n=16384: 6 processes done; 1 of 5 comparisons not yet within the interval asked for; widest ±2.9 pts: prefix ordered baseline
11:41:53  dirs natural n=16384: 7 processes done; 1 of 5 comparisons not yet within the interval asked for; widest ±2.6 pts: prefix ordered baseline
11:42:08  dirs natural n=16384: 8 processes done; 1 of 5 comparisons not yet within the interval asked for; widest ±2.5 pts: prefix ordered baseline
11:42:08  warning: dirs natural n=16384 stopped after 8 processes, before every interval was as precise as asked
11:42:20  dirs natural n=86215: 1 processes done; the first stage is at least 6
11:42:32  dirs natural n=86215: 2 processes done; the first stage is at least 6
11:42:44  dirs natural n=86215: 3 processes done; the first stage is at least 6
11:42:55  dirs natural n=86215: 4 processes done; the first stage is at least 6
11:43:07  dirs natural n=86215: 5 processes done; the first stage is at least 6
11:43:19  dirs natural n=86215: first stage of 6 processes done; churn ordered baseline needs 26 processes for its interval, run in whole pairs of processes (at most 8)
11:43:19  dirs natural n=86215: 6 processes done; 1 of 4 comparisons not yet within the interval asked for; widest ±4.2 pts: churn ordered baseline
11:43:31  dirs natural n=86215: 7 processes done; 1 of 4 comparisons not yet within the interval asked for; widest ±3.9 pts: churn ordered baseline
11:43:43  dirs natural n=86215: 8 processes done; 1 of 4 comparisons not yet within the interval asked for; widest ±3.6 pts: churn ordered baseline
11:43:43  warning: dirs natural n=86215 stopped after 8 processes, before every interval was as precise as asked
11:43:44  memory round 1 of 3 done
11:43:46  memory round 2 of 3 done
11:43:47  memory round 3 of 3 done
11:43:47  done after 4m50s
