10:17:29  start: -suite dev -minprocs 6 -maxprocs 8 -memn 262144 -memrounds 3 -keys street -values natural -sizes 4096,16384,212449 -vs baseline,btree-sets -out C:\temp\bench-win\m35-x-u64-street-real
10:17:44  street natural n=4096: 1 processes done; the first stage is at least 6
10:17:59  street natural n=4096: 2 processes done; the first stage is at least 6
10:18:14  street natural n=4096: 3 processes done; the first stage is at least 6
10:18:29  street natural n=4096: 4 processes done; the first stage is at least 6
10:18:44  street natural n=4096: 5 processes done; the first stage is at least 6
10:18:59  street natural n=4096: first stage of 6 processes done; no comparison needs 6 processes for its interval, run in whole pairs of processes (at most 8)
10:18:59  street natural n=4096: 6 processes done; 0 of 10 comparisons not yet within the interval asked for
10:19:25  street natural n=16384: 1 processes done; the first stage is at least 6
10:19:51  street natural n=16384: 2 processes done; the first stage is at least 6
10:20:17  street natural n=16384: 3 processes done; the first stage is at least 6
10:20:43  street natural n=16384: 4 processes done; the first stage is at least 6
10:21:09  street natural n=16384: 5 processes done; the first stage is at least 6
10:21:34  street natural n=16384: first stage of 6 processes done; valuesFor ordered baseline needs 11 processes for its interval, run in whole pairs of processes (at most 8)
10:21:34  street natural n=16384: 6 processes done; 1 of 10 comparisons not yet within the interval asked for; widest ±2.7 pts: valuesFor ordered baseline
10:22:00  street natural n=16384: 7 processes done; 1 of 10 comparisons not yet within the interval asked for; widest ±2.5 pts: valuesFor ordered baseline
10:22:26  street natural n=16384: 8 processes done; 1 of 10 comparisons not yet within the interval asked for; widest ±2.3 pts: valuesFor ordered baseline
10:22:26  warning: street natural n=16384 stopped after 8 processes, before every interval was as precise as asked
10:22:48  street natural n=212449: 1 processes done; the first stage is at least 6
10:23:10  street natural n=212449: 2 processes done; the first stage is at least 6
10:23:33  street natural n=212449: 3 processes done; the first stage is at least 6
10:23:55  street natural n=212449: 4 processes done; the first stage is at least 6
10:24:17  street natural n=212449: 5 processes done; the first stage is at least 6
10:24:40  street natural n=212449: first stage of 6 processes done; churn ordered baseline needs 60 processes for its interval, run in whole pairs of processes (at most 8)
10:24:40  street natural n=212449: 6 processes done; 4 of 8 comparisons not yet within the interval asked for; widest ±6.3 pts: churn ordered baseline
10:25:02  street natural n=212449: 7 processes done; 2 of 8 comparisons not yet within the interval asked for; widest ±5.8 pts: churn ordered baseline
10:25:25  street natural n=212449: 8 processes done; 2 of 8 comparisons not yet within the interval asked for; widest ±5.5 pts: churn ordered baseline
10:25:25  warning: street natural n=212449 stopped after 8 processes, before every interval was as precise as asked
10:25:27  memory round 1 of 3 done
10:25:29  memory round 2 of 3 done
10:25:31  memory round 3 of 3 done
10:25:31  done after 8m3s
